[exp8066] phase=start_preconditions elapsed_s=0.000 completed=0 pending=0
[exp8040] phase=native_library_load_before elapsed_s=0.110 completed=0 pending=0
[exp8040] phase=native_library_load_after elapsed_s=0.113 completed=0 pending=0
[exp8066] phase=benchmark_before elapsed_s=0.028 completed=0 pending=2520
[exp8066] phase=benchmark_pair_after elapsed_s=4.645 completed=4 pending=2516
[exp8066] phase=benchmark_pair_after elapsed_s=9.412 completed=8 pending=2512
[exp8066] phase=benchmark_pair_after elapsed_s=14.335 completed=12 pending=2508
[exp8066] phase=benchmark_pair_after elapsed_s=19.548 completed=16 pending=2504
[exp8066] phase=benchmark_pair_after elapsed_s=26.156 completed=20 pending=2500
[exp8066] phase=benchmark_pair_after elapsed_s=30.932 completed=24 pending=2496
[exp8066] phase=benchmark_pair_after elapsed_s=35.816 completed=28 pending=2492
[exp8066] phase=benchmark_pair_after elapsed_s=40.879 completed=32 pending=2488
[exp8066] phase=benchmark_pair_after elapsed_s=46.190 completed=36 pending=2484
[exp8066] phase=benchmark_pair_after elapsed_s=52.936 completed=40 pending=2480
[exp8066] phase=benchmark_pair_after elapsed_s=57.816 completed=44 pending=2476
[exp8066] phase=benchmark_pair_after elapsed_s=62.812 completed=48 pending=2472
[exp8066] phase=benchmark_pair_after elapsed_s=67.962 completed=52 pending=2468
[exp8066] phase=benchmark_pair_after elapsed_s=73.383 completed=56 pending=2464
[exp8066] phase=benchmark_pair_after elapsed_s=80.241 completed=60 pending=2460
[exp8066] phase=benchmark_pair_after elapsed_s=85.142 completed=64 pending=2456
[exp8066] phase=benchmark_pair_after elapsed_s=90.173 completed=68 pending=2452
[exp8066] phase=benchmark_pair_after elapsed_s=95.369 completed=72 pending=2448
[exp8066] phase=benchmark_pair_after elapsed_s=100.822 completed=76 pending=2444
[exp8066] phase=benchmark_pair_after elapsed_s=107.683 completed=80 pending=2440
[exp8066] phase=benchmark_pair_after elapsed_s=112.609 completed=84 pending=2436
[exp8066] phase=benchmark_pair_after elapsed_s=117.662 completed=88 pending=2432
[exp8066] phase=benchmark_pair_after elapsed_s=122.876 completed=92 pending=2428
[exp8066] phase=benchmark_pair_after elapsed_s=128.346 completed=96 pending=2424
[exp8066] phase=benchmark_pair_after elapsed_s=135.242 completed=100 pending=2420
[exp8066] phase=benchmark_pair_after elapsed_s=140.201 completed=104 pending=2416
[exp8066] phase=benchmark_pair_after elapsed_s=145.302 completed=108 pending=2412
[exp8066] phase=benchmark_pair_after elapsed_s=150.555 completed=112 pending=2408
[exp8066] phase=benchmark_pair_after elapsed_s=156.058 completed=116 pending=2404
[exp8066] phase=benchmark_pair_after elapsed_s=162.943 completed=120 pending=2400
[exp8066] phase=benchmark_pair_after elapsed_s=167.897 completed=124 pending=2396
[exp8066] phase=benchmark_pair_after elapsed_s=172.967 completed=128 pending=2392
[exp8066] phase=benchmark_pair_after elapsed_s=178.203 completed=132 pending=2388
[exp8066] phase=benchmark_pair_after elapsed_s=183.698 completed=136 pending=2384
[exp8066] phase=benchmark_pair_after elapsed_s=190.611 completed=140 pending=2380
[exp8066] phase=benchmark_pair_after elapsed_s=190.754 completed=144 pending=2376
[exp8066] phase=benchmark_pair_after elapsed_s=191.033 completed=148 pending=2372
[exp8066] phase=benchmark_pair_after elapsed_s=191.920 completed=152 pending=2368
[exp8066] phase=benchmark_pair_after elapsed_s=193.275 completed=156 pending=2364
[exp8066] phase=benchmark_pair_after elapsed_s=195.011 completed=160 pending=2360
[exp8066] phase=benchmark_pair_after elapsed_s=195.155 completed=164 pending=2356
[exp8066] phase=benchmark_pair_after elapsed_s=195.432 completed=168 pending=2352
[exp8066] phase=benchmark_pair_after elapsed_s=196.320 completed=172 pending=2348
[exp8066] phase=benchmark_pair_after elapsed_s=197.670 completed=176 pending=2344
[exp8066] phase=benchmark_pair_after elapsed_s=199.428 completed=180 pending=2340
[exp8066] phase=benchmark_pair_after elapsed_s=199.570 completed=184 pending=2336
[exp8066] phase=benchmark_pair_after elapsed_s=199.851 completed=188 pending=2332
[exp8066] phase=benchmark_pair_after elapsed_s=200.751 completed=192 pending=2328
[exp8066] phase=benchmark_pair_after elapsed_s=202.104 completed=196 pending=2324
[exp8066] phase=benchmark_pair_after elapsed_s=203.866 completed=200 pending=2320
[exp8066] phase=benchmark_pair_after elapsed_s=204.009 completed=204 pending=2316
[exp8066] phase=benchmark_pair_after elapsed_s=204.288 completed=208 pending=2312
[exp8066] phase=benchmark_pair_after elapsed_s=205.180 completed=212 pending=2308
[exp8066] phase=benchmark_pair_after elapsed_s=206.522 completed=216 pending=2304
[exp8066] phase=benchmark_pair_after elapsed_s=208.270 completed=220 pending=2300
[exp8066] phase=benchmark_pair_after elapsed_s=208.412 completed=224 pending=2296
[exp8066] phase=benchmark_pair_after elapsed_s=208.692 completed=228 pending=2292
[exp8066] phase=benchmark_pair_after elapsed_s=209.578 completed=232 pending=2288
[exp8066] phase=benchmark_pair_after elapsed_s=210.919 completed=236 pending=2284
[exp8066] phase=benchmark_pair_after elapsed_s=212.666 completed=240 pending=2280
[exp8066] phase=benchmark_pair_after elapsed_s=212.805 completed=244 pending=2276
[exp8066] phase=benchmark_pair_after elapsed_s=213.083 completed=248 pending=2272
[exp8066] phase=benchmark_pair_after elapsed_s=213.973 completed=252 pending=2268
[exp8066] phase=benchmark_pair_after elapsed_s=215.313 completed=256 pending=2264
[exp8066] phase=benchmark_pair_after elapsed_s=217.051 completed=260 pending=2260
[exp8066] phase=benchmark_pair_after elapsed_s=217.195 completed=264 pending=2256
[exp8066] phase=benchmark_pair_after elapsed_s=217.474 completed=268 pending=2252
[exp8066] phase=benchmark_pair_after elapsed_s=218.381 completed=272 pending=2248
[exp8066] phase=benchmark_pair_after elapsed_s=219.721 completed=276 pending=2244
[exp8066] phase=benchmark_pair_after elapsed_s=221.461 completed=280 pending=2240
[exp8066] phase=benchmark_pair_after elapsed_s=221.605 completed=284 pending=2236
[exp8066] phase=benchmark_pair_after elapsed_s=221.883 completed=288 pending=2232
[exp8066] phase=benchmark_pair_after elapsed_s=222.778 completed=292 pending=2228
[exp8066] phase=benchmark_pair_after elapsed_s=224.116 completed=296 pending=2224
[exp8066] phase=benchmark_pair_after elapsed_s=225.867 completed=300 pending=2220
[exp8066] phase=benchmark_pair_after elapsed_s=226.008 completed=304 pending=2216
[exp8066] phase=benchmark_pair_after elapsed_s=226.289 completed=308 pending=2212
[exp8066] phase=benchmark_pair_after elapsed_s=227.173 completed=312 pending=2208
[exp8066] phase=benchmark_pair_after elapsed_s=228.516 completed=316 pending=2204
[exp8066] phase=benchmark_pair_after elapsed_s=230.260 completed=320 pending=2200
[exp8066] phase=benchmark_pair_after elapsed_s=230.402 completed=324 pending=2196
[exp8066] phase=benchmark_pair_after elapsed_s=230.680 completed=328 pending=2192
[exp8066] phase=benchmark_pair_after elapsed_s=231.569 completed=332 pending=2188
[exp8066] phase=benchmark_pair_after elapsed_s=232.915 completed=336 pending=2184
[exp8066] phase=benchmark_pair_after elapsed_s=234.653 completed=340 pending=2180
[exp8066] phase=benchmark_pair_after elapsed_s=234.795 completed=344 pending=2176
[exp8066] phase=benchmark_pair_after elapsed_s=235.074 completed=348 pending=2172
[exp8066] phase=benchmark_pair_after elapsed_s=235.962 completed=352 pending=2168
[exp8066] phase=benchmark_pair_after elapsed_s=237.307 completed=356 pending=2164
[exp8066] phase=benchmark_pair_after elapsed_s=239.049 completed=360 pending=2160
[exp8066] phase=benchmark_pair_after elapsed_s=239.192 completed=364 pending=2156
[exp8066] phase=benchmark_pair_after elapsed_s=239.472 completed=368 pending=2152
[exp8066] phase=benchmark_pair_after elapsed_s=240.358 completed=372 pending=2148
[exp8066] phase=benchmark_pair_after elapsed_s=241.705 completed=376 pending=2144
[exp8066] phase=benchmark_pair_after elapsed_s=243.445 completed=380 pending=2140
[exp8066] phase=benchmark_pair_after elapsed_s=243.589 completed=384 pending=2136
[exp8066] phase=benchmark_pair_after elapsed_s=243.867 completed=388 pending=2132
[exp8066] phase=benchmark_pair_after elapsed_s=244.758 completed=392 pending=2128
[exp8066] phase=benchmark_pair_after elapsed_s=246.112 completed=396 pending=2124
[exp8066] phase=benchmark_pair_after elapsed_s=247.869 completed=400 pending=2120
[exp8066] phase=benchmark_pair_after elapsed_s=248.011 completed=404 pending=2116
[exp8066] phase=benchmark_pair_after elapsed_s=248.289 completed=408 pending=2112
[exp8066] phase=benchmark_pair_after elapsed_s=249.363 completed=412 pending=2108
[exp8066] phase=benchmark_pair_after elapsed_s=250.708 completed=416 pending=2104
[exp8066] phase=benchmark_pair_after elapsed_s=252.446 completed=420 pending=2100
[exp8066] phase=cache_population_before elapsed_s=252.447 completed=0 pending=32
[exp8066] phase=cache_population elapsed_s=252.479 completed=1 pending=31
[exp8066] phase=cache_population elapsed_s=253.474 completed=17 pending=15
[exp8066] phase=cache_population_after elapsed_s=254.183 completed=32 pending=0
[exp8066] phase=cache_population_before elapsed_s=254.185 completed=0 pending=32
[exp8066] phase=cache_population elapsed_s=254.216 completed=1 pending=31
[exp8066] phase=cache_population elapsed_s=255.200 completed=17 pending=15
[exp8066] phase=cache_population_after elapsed_s=255.906 completed=32 pending=0
[exp8066] phase=benchmark_pair_after elapsed_s=258.512 completed=424 pending=2096
[exp8066] phase=benchmark_pair_after elapsed_s=261.066 completed=428 pending=2092
[exp8066] phase=benchmark_pair_after elapsed_s=263.669 completed=432 pending=2088
[exp8066] phase=benchmark_pair_after elapsed_s=266.413 completed=436 pending=2084
[exp8066] phase=benchmark_pair_after elapsed_s=269.861 completed=440 pending=2080
[exp8066] phase=benchmark_pair_after elapsed_s=272.347 completed=444 pending=2076
[exp8066] phase=benchmark_pair_after elapsed_s=274.906 completed=448 pending=2072
[exp8066] phase=benchmark_pair_after elapsed_s=277.540 completed=452 pending=2068
[exp8066] phase=benchmark_pair_after elapsed_s=280.290 completed=456 pending=2064
[exp8066] phase=benchmark_pair_after elapsed_s=283.767 completed=460 pending=2060
[exp8066] phase=benchmark_pair_after elapsed_s=286.262 completed=464 pending=2056
[exp8066] phase=benchmark_pair_after elapsed_s=288.807 completed=468 pending=2052
[exp8066] phase=benchmark_pair_after elapsed_s=291.455 completed=472 pending=2048
[exp8066] phase=benchmark_pair_after elapsed_s=294.366 completed=476 pending=2044
[exp8066] phase=benchmark_pair_after elapsed_s=297.850 completed=480 pending=2040
[exp8066] phase=benchmark_pair_after elapsed_s=300.354 completed=484 pending=2036
[exp8066] phase=benchmark_pair_after elapsed_s=303.117 completed=488 pending=2032
[exp8066] phase=benchmark_pair_after elapsed_s=305.749 completed=492 pending=2028
[exp8066] phase=benchmark_pair_after elapsed_s=308.512 completed=496 pending=2024
[exp8066] phase=benchmark_pair_after elapsed_s=311.944 completed=500 pending=2020
[exp8066] phase=benchmark_pair_after elapsed_s=314.424 completed=504 pending=2016
[exp8066] phase=benchmark_pair_after elapsed_s=316.975 completed=508 pending=2012
[exp8066] phase=benchmark_pair_after elapsed_s=319.585 completed=512 pending=2008
[exp8066] phase=benchmark_pair_after elapsed_s=322.335 completed=516 pending=2004
[exp8066] phase=benchmark_pair_after elapsed_s=325.882 completed=520 pending=2000
[exp8066] phase=benchmark_pair_after elapsed_s=328.597 completed=524 pending=1996
[exp8066] phase=benchmark_pair_after elapsed_s=331.405 completed=528 pending=1992
[exp8066] phase=benchmark_pair_after elapsed_s=334.293 completed=532 pending=1988
[exp8066] phase=benchmark_pair_after elapsed_s=337.223 completed=536 pending=1984
[exp8066] phase=benchmark_pair_after elapsed_s=341.119 completed=540 pending=1980
[exp8066] phase=benchmark_pair_after elapsed_s=343.650 completed=544 pending=1976
[exp8066] phase=benchmark_pair_after elapsed_s=346.245 completed=548 pending=1972
[exp8066] phase=benchmark_pair_after elapsed_s=348.926 completed=552 pending=1968
[exp8066] phase=benchmark_pair_after elapsed_s=351.721 completed=556 pending=1964
[exp8066] phase=benchmark_pair_after elapsed_s=355.241 completed=560 pending=1960
[exp8066] phase=cache_population_before elapsed_s=355.242 completed=0 pending=8
[exp8066] phase=cache_population elapsed_s=355.274 completed=1 pending=7
[exp8066] phase=cache_population_after elapsed_s=355.684 completed=8 pending=0
[exp8066] phase=cache_population_before elapsed_s=355.685 completed=0 pending=8
[exp8066] phase=cache_population elapsed_s=355.717 completed=1 pending=7
[exp8066] phase=cache_population_after elapsed_s=356.122 completed=8 pending=0
[exp8066] phase=benchmark_pair_after elapsed_s=356.199 completed=564 pending=1956
[exp8066] phase=benchmark_pair_after elapsed_s=356.342 completed=568 pending=1952
[exp8066] phase=benchmark_pair_after elapsed_s=356.795 completed=572 pending=1948
[exp8066] phase=benchmark_pair_after elapsed_s=357.480 completed=576 pending=1944
[exp8066] phase=benchmark_pair_after elapsed_s=358.363 completed=580 pending=1940
[exp8066] phase=benchmark_pair_after elapsed_s=358.439 completed=584 pending=1936
[exp8066] phase=benchmark_pair_after elapsed_s=358.585 completed=588 pending=1932
[exp8066] phase=benchmark_pair_after elapsed_s=359.038 completed=592 pending=1928
[exp8066] phase=benchmark_pair_after elapsed_s=359.719 completed=596 pending=1924
[exp8066] phase=benchmark_pair_after elapsed_s=360.711 completed=600 pending=1920
[exp8066] phase=benchmark_pair_after elapsed_s=360.787 completed=604 pending=1916
[exp8066] phase=benchmark_pair_after elapsed_s=360.932 completed=608 pending=1912
[exp8066] phase=benchmark_pair_after elapsed_s=361.384 completed=612 pending=1908
[exp8066] phase=benchmark_pair_after elapsed_s=362.066 completed=616 pending=1904
[exp8066] phase=benchmark_pair_after elapsed_s=362.944 completed=620 pending=1900
[exp8066] phase=benchmark_pair_after elapsed_s=363.018 completed=624 pending=1896
[exp8066] phase=benchmark_pair_after elapsed_s=363.328 completed=628 pending=1892
[exp8066] phase=benchmark_pair_after elapsed_s=363.789 completed=632 pending=1888
[exp8066] phase=benchmark_pair_after elapsed_s=364.487 completed=636 pending=1884
[exp8066] phase=benchmark_pair_after elapsed_s=365.389 completed=640 pending=1880
[exp8066] phase=benchmark_pair_after elapsed_s=365.476 completed=644 pending=1876
[exp8066] phase=benchmark_pair_after elapsed_s=365.633 completed=648 pending=1872
[exp8066] phase=benchmark_pair_after elapsed_s=366.094 completed=652 pending=1868
[exp8066] phase=benchmark_pair_after elapsed_s=366.797 completed=656 pending=1864
[exp8066] phase=benchmark_pair_after elapsed_s=367.694 completed=660 pending=1860
[exp8066] phase=benchmark_pair_after elapsed_s=367.782 completed=664 pending=1856
[exp8066] phase=benchmark_pair_after elapsed_s=367.939 completed=668 pending=1852
[exp8066] phase=benchmark_pair_after elapsed_s=368.407 completed=672 pending=1848
[exp8066] phase=benchmark_pair_after elapsed_s=369.107 completed=676 pending=1844
[exp8066] phase=benchmark_pair_after elapsed_s=370.009 completed=680 pending=1840
[exp8066] phase=benchmark_pair_after elapsed_s=370.095 completed=684 pending=1836
[exp8066] phase=benchmark_pair_after elapsed_s=370.255 completed=688 pending=1832
[exp8066] phase=benchmark_pair_after elapsed_s=370.721 completed=692 pending=1828
[exp8066] phase=benchmark_pair_after elapsed_s=371.414 completed=696 pending=1824
[exp8066] phase=benchmark_pair_after elapsed_s=372.314 completed=700 pending=1820
[exp8066] phase=cache_population_before elapsed_s=372.316 completed=0 pending=8
[exp8066] phase=cache_population elapsed_s=372.350 completed=1 pending=7
[exp8066] phase=cache_population_after elapsed_s=372.775 completed=8 pending=0
[exp8066] phase=cache_population_before elapsed_s=372.777 completed=0 pending=8
[exp8066] phase=cache_population elapsed_s=372.811 completed=1 pending=7
[exp8066] phase=cache_population_after elapsed_s=373.231 completed=8 pending=0
[exp8066] phase=benchmark_pair_after elapsed_s=373.320 completed=704 pending=1816
[exp8066] phase=benchmark_pair_after elapsed_s=373.476 completed=708 pending=1812
[exp8066] phase=benchmark_pair_after elapsed_s=373.937 completed=712 pending=1808
[exp8066] phase=benchmark_pair_after elapsed_s=374.632 completed=716 pending=1804
[exp8066] phase=benchmark_pair_after elapsed_s=375.525 completed=720 pending=1800
[exp8066] phase=benchmark_pair_after elapsed_s=375.611 completed=724 pending=1796
[exp8066] phase=benchmark_pair_after elapsed_s=375.767 completed=728 pending=1792
[exp8066] phase=benchmark_pair_after elapsed_s=376.233 completed=732 pending=1788
[exp8066] phase=benchmark_pair_after elapsed_s=376.931 completed=736 pending=1784
[exp8066] phase=benchmark_pair_after elapsed_s=377.825 completed=740 pending=1780
[exp8066] phase=benchmark_pair_after elapsed_s=378.097 completed=744 pending=1776
[exp8066] phase=benchmark_pair_after elapsed_s=378.239 completed=748 pending=1772
[exp8066] phase=benchmark_pair_after elapsed_s=378.689 completed=752 pending=1768
[exp8066] phase=benchmark_pair_after elapsed_s=379.363 completed=756 pending=1764
[exp8066] phase=benchmark_pair_after elapsed_s=380.242 completed=760 pending=1760
[exp8066] phase=benchmark_pair_after elapsed_s=380.318 completed=764 pending=1756
[exp8066] phase=benchmark_pair_after elapsed_s=380.462 completed=768 pending=1752
[exp8066] phase=benchmark_pair_after elapsed_s=380.914 completed=772 pending=1748
[exp8066] phase=benchmark_pair_after elapsed_s=381.599 completed=776 pending=1744
[exp8066] phase=benchmark_pair_after elapsed_s=382.480 completed=780 pending=1740
[exp8066] phase=benchmark_pair_after elapsed_s=382.555 completed=784 pending=1736
[exp8066] phase=benchmark_pair_after elapsed_s=382.699 completed=788 pending=1732
[exp8066] phase=benchmark_pair_after elapsed_s=383.148 completed=792 pending=1728
[exp8066] phase=benchmark_pair_after elapsed_s=383.831 completed=796 pending=1724
[exp8066] phase=benchmark_pair_after elapsed_s=384.711 completed=800 pending=1720
[exp8066] phase=benchmark_pair_after elapsed_s=384.786 completed=804 pending=1716
[exp8066] phase=benchmark_pair_after elapsed_s=384.930 completed=808 pending=1712
[exp8066] phase=benchmark_pair_after elapsed_s=385.376 completed=812 pending=1708
[exp8066] phase=benchmark_pair_after elapsed_s=386.050 completed=816 pending=1704
[exp8066] phase=benchmark_pair_after elapsed_s=386.921 completed=820 pending=1700
[exp8066] phase=benchmark_pair_after elapsed_s=386.998 completed=824 pending=1696
[exp8066] phase=benchmark_pair_after elapsed_s=387.141 completed=828 pending=1692
[exp8066] phase=benchmark_pair_after elapsed_s=387.590 completed=832 pending=1688
[exp8066] phase=benchmark_pair_after elapsed_s=388.451 completed=836 pending=1684
[exp8066] phase=benchmark_pair_after elapsed_s=389.329 completed=840 pending=1680
[exp8066] phase=benchmark_pair_after elapsed_s=394.323 completed=844 pending=1676
[exp8066] phase=benchmark_pair_after elapsed_s=399.444 completed=848 pending=1672
[exp8066] phase=benchmark_pair_after elapsed_s=404.715 completed=852 pending=1668
[exp8066] phase=benchmark_pair_after elapsed_s=410.262 completed=856 pending=1664
[exp8066] phase=benchmark_pair_after elapsed_s=417.222 completed=860 pending=1660
[exp8066] phase=benchmark_pair_after elapsed_s=422.421 completed=864 pending=1656
[exp8066] phase=benchmark_pair_after elapsed_s=427.547 completed=868 pending=1652
[exp8066] phase=benchmark_pair_after elapsed_s=432.836 completed=872 pending=1648
[exp8066] phase=benchmark_pair_after elapsed_s=438.377 completed=876 pending=1644
[exp8066] phase=benchmark_pair_after elapsed_s=445.331 completed=880 pending=1640
[exp8066] phase=benchmark_pair_after elapsed_s=450.337 completed=884 pending=1636
[exp8066] phase=benchmark_pair_after elapsed_s=455.462 completed=888 pending=1632
[exp8066] phase=benchmark_pair_after elapsed_s=460.731 completed=892 pending=1628
[exp8066] phase=benchmark_pair_after elapsed_s=466.258 completed=896 pending=1624
[exp8066] phase=benchmark_pair_after elapsed_s=473.250 completed=900 pending=1620
[exp8066] phase=benchmark_pair_after elapsed_s=478.249 completed=904 pending=1616
[exp8066] phase=benchmark_pair_after elapsed_s=483.390 completed=908 pending=1612
[exp8066] phase=benchmark_pair_after elapsed_s=488.652 completed=912 pending=1608
[exp8066] phase=benchmark_pair_after elapsed_s=494.215 completed=916 pending=1604
[exp8066] phase=benchmark_pair_after elapsed_s=501.174 completed=920 pending=1600
[exp8066] phase=benchmark_pair_after elapsed_s=506.163 completed=924 pending=1596
[exp8066] phase=benchmark_pair_after elapsed_s=511.264 completed=928 pending=1592
[exp8066] phase=benchmark_pair_after elapsed_s=516.537 completed=932 pending=1588
[exp8066] phase=benchmark_pair_after elapsed_s=522.039 completed=936 pending=1584
[exp8066] phase=benchmark_pair_after elapsed_s=528.964 completed=940 pending=1580
[exp8066] phase=benchmark_pair_after elapsed_s=533.944 completed=944 pending=1576
[exp8066] phase=benchmark_pair_after elapsed_s=539.089 completed=948 pending=1572
[exp8066] phase=benchmark_pair_after elapsed_s=544.348 completed=952 pending=1568
[exp8066] phase=benchmark_pair_after elapsed_s=549.843 completed=956 pending=1564
[exp8066] phase=benchmark_pair_after elapsed_s=556.736 completed=960 pending=1560
[exp8066] phase=benchmark_pair_after elapsed_s=561.698 completed=964 pending=1556
[exp8066] phase=benchmark_pair_after elapsed_s=566.807 completed=968 pending=1552
[exp8066] phase=benchmark_pair_after elapsed_s=572.093 completed=972 pending=1548
[exp8066] phase=benchmark_pair_after elapsed_s=577.582 completed=976 pending=1544
[exp8066] phase=benchmark_pair_after elapsed_s=584.537 completed=980 pending=1540
[exp8066] phase=benchmark_pair_after elapsed_s=584.683 completed=984 pending=1536
[exp8066] phase=benchmark_pair_after elapsed_s=584.966 completed=988 pending=1532
[exp8066] phase=benchmark_pair_after elapsed_s=586.021 completed=992 pending=1528
[exp8066] phase=benchmark_pair_after elapsed_s=587.372 completed=996 pending=1524
[exp8066] phase=benchmark_pair_after elapsed_s=589.114 completed=1000 pending=1520
[exp8066] phase=benchmark_pair_after elapsed_s=589.257 completed=1004 pending=1516
[exp8066] phase=benchmark_pair_after elapsed_s=589.708 completed=1008 pending=1512
[exp8066] phase=benchmark_pair_after elapsed_s=590.634 completed=1012 pending=1508
[exp8066] phase=benchmark_pair_after elapsed_s=592.115 completed=1016 pending=1504
[exp8066] phase=benchmark_pair_after elapsed_s=593.865 completed=1020 pending=1500
[exp8066] phase=benchmark_pair_after elapsed_s=594.193 completed=1024 pending=1496
[exp8066] phase=benchmark_pair_after elapsed_s=594.664 completed=1028 pending=1492
[exp8066] phase=benchmark_pair_after elapsed_s=595.688 completed=1032 pending=1488
[exp8066] phase=benchmark_pair_after elapsed_s=597.376 completed=1036 pending=1484
[exp8066] phase=benchmark_pair_after elapsed_s=599.110 completed=1040 pending=1480
[exp8066] phase=benchmark_pair_after elapsed_s=599.652 completed=1044 pending=1476
[exp8066] phase=benchmark_pair_after elapsed_s=599.929 completed=1048 pending=1472
[exp8066] phase=benchmark_pair_after elapsed_s=600.821 completed=1052 pending=1468
[exp8066] phase=benchmark_pair_after elapsed_s=602.306 completed=1056 pending=1464
[exp8066] phase=benchmark_pair_after elapsed_s=604.043 completed=1060 pending=1460
[exp8066] phase=benchmark_pair_after elapsed_s=604.188 completed=1064 pending=1456
[exp8066] phase=benchmark_pair_after elapsed_s=604.468 completed=1068 pending=1452
[exp8066] phase=benchmark_pair_after elapsed_s=605.358 completed=1072 pending=1448
[exp8066] phase=benchmark_pair_after elapsed_s=606.698 completed=1076 pending=1444
[exp8066] phase=benchmark_pair_after elapsed_s=608.607 completed=1080 pending=1440
[exp8066] phase=benchmark_pair_after elapsed_s=608.750 completed=1084 pending=1436
[exp8066] phase=benchmark_pair_after elapsed_s=609.206 completed=1088 pending=1432
[exp8066] phase=benchmark_pair_after elapsed_s=610.093 completed=1092 pending=1428
[exp8066] phase=benchmark_pair_after elapsed_s=611.615 completed=1096 pending=1424
[exp8066] phase=benchmark_pair_after elapsed_s=613.343 completed=1100 pending=1420
[exp8066] phase=benchmark_pair_after elapsed_s=613.661 completed=1104 pending=1416
[exp8066] phase=benchmark_pair_after elapsed_s=614.096 completed=1108 pending=1412
[exp8066] phase=benchmark_pair_after elapsed_s=615.268 completed=1112 pending=1408
[exp8066] phase=benchmark_pair_after elapsed_s=616.611 completed=1116 pending=1404
[exp8066] phase=benchmark_pair_after elapsed_s=618.485 completed=1120 pending=1400
[exp8066] phase=benchmark_pair_after elapsed_s=618.822 completed=1124 pending=1396
[exp8066] phase=benchmark_pair_after elapsed_s=619.101 completed=1128 pending=1392
[exp8066] phase=benchmark_pair_after elapsed_s=620.018 completed=1132 pending=1388
[exp8066] phase=benchmark_pair_after elapsed_s=621.969 completed=1136 pending=1384
[exp8066] phase=benchmark_pair_after elapsed_s=623.882 completed=1140 pending=1380
[exp8066] phase=benchmark_pair_after elapsed_s=624.386 completed=1144 pending=1376
[exp8066] phase=benchmark_pair_after elapsed_s=624.917 completed=1148 pending=1372
[exp8066] phase=benchmark_pair_after elapsed_s=625.990 completed=1152 pending=1368
[exp8066] phase=benchmark_pair_after elapsed_s=627.700 completed=1156 pending=1364
[exp8066] phase=benchmark_pair_after elapsed_s=629.911 completed=1160 pending=1360
[exp8066] phase=benchmark_pair_after elapsed_s=630.218 completed=1164 pending=1356
[exp8066] phase=benchmark_pair_after elapsed_s=630.494 completed=1168 pending=1352
[exp8066] phase=benchmark_pair_after elapsed_s=631.739 completed=1172 pending=1348
[exp8066] phase=benchmark_pair_after elapsed_s=633.380 completed=1176 pending=1344
[exp8066] phase=benchmark_pair_after elapsed_s=635.360 completed=1180 pending=1340
[exp8066] phase=benchmark_pair_after elapsed_s=635.741 completed=1184 pending=1336
[exp8066] phase=benchmark_pair_after elapsed_s=636.123 completed=1188 pending=1332
[exp8066] phase=benchmark_pair_after elapsed_s=637.265 completed=1192 pending=1328
[exp8066] phase=benchmark_pair_after elapsed_s=639.461 completed=1196 pending=1324
[exp8066] phase=benchmark_pair_after elapsed_s=641.618 completed=1200 pending=1320
[exp8066] phase=benchmark_pair_after elapsed_s=642.050 completed=1204 pending=1316
[exp8066] phase=benchmark_pair_after elapsed_s=642.446 completed=1208 pending=1312
[exp8066] phase=benchmark_pair_after elapsed_s=643.683 completed=1212 pending=1308
[exp8066] phase=benchmark_pair_after elapsed_s=645.525 completed=1216 pending=1304
[exp8066] phase=benchmark_pair_after elapsed_s=647.702 completed=1220 pending=1300
[exp8066] phase=benchmark_pair_after elapsed_s=648.010 completed=1224 pending=1296
[exp8066] phase=benchmark_pair_after elapsed_s=648.610 completed=1228 pending=1292
[exp8066] phase=benchmark_pair_after elapsed_s=649.853 completed=1232 pending=1288
[exp8066] phase=benchmark_pair_after elapsed_s=651.624 completed=1236 pending=1284
[exp8066] phase=benchmark_pair_after elapsed_s=653.867 completed=1240 pending=1280
[exp8066] phase=benchmark_pair_after elapsed_s=654.172 completed=1244 pending=1276
[exp8066] phase=benchmark_pair_after elapsed_s=654.739 completed=1248 pending=1272
[exp8066] phase=benchmark_pair_after elapsed_s=656.080 completed=1252 pending=1268
[exp8066] phase=benchmark_pair_after elapsed_s=657.957 completed=1256 pending=1264
[exp8066] phase=benchmark_pair_after elapsed_s=660.223 completed=1260 pending=1260
[exp8066] phase=cache_population_before elapsed_s=660.365 completed=0 pending=32
[exp8066] phase=cache_population elapsed_s=660.397 completed=1 pending=31
[exp8066] phase=cache_population elapsed_s=661.370 completed=17 pending=15
[exp8066] phase=cache_population_after elapsed_s=662.067 completed=32 pending=0
[exp8066] phase=cache_population_before elapsed_s=662.069 completed=0 pending=32
[exp8066] phase=cache_population elapsed_s=662.100 completed=1 pending=31
[exp8066] phase=cache_population elapsed_s=663.071 completed=17 pending=15
[exp8066] phase=cache_population_after elapsed_s=663.764 completed=32 pending=0
[exp8066] phase=benchmark_pair_after elapsed_s=666.649 completed=1264 pending=1256
[exp8066] phase=benchmark_pair_after elapsed_s=669.256 completed=1268 pending=1252
[exp8066] phase=benchmark_pair_after elapsed_s=672.437 completed=1272 pending=1248
[exp8066] phase=benchmark_pair_after elapsed_s=676.478 completed=1276 pending=1244
[exp8066] phase=benchmark_pair_after elapsed_s=680.444 completed=1280 pending=1240
[exp8066] phase=benchmark_pair_after elapsed_s=683.502 completed=1284 pending=1236
[exp8066] phase=benchmark_pair_after elapsed_s=686.092 completed=1288 pending=1232
[exp8066] phase=benchmark_pair_after elapsed_s=689.280 completed=1292 pending=1228
[exp8066] phase=benchmark_pair_after elapsed_s=692.504 completed=1296 pending=1224
[exp8066] phase=benchmark_pair_after elapsed_s=696.530 completed=1300 pending=1220
[exp8066] phase=benchmark_pair_after elapsed_s=699.582 completed=1304 pending=1216
[exp8066] phase=benchmark_pair_after elapsed_s=702.392 completed=1308 pending=1212
[exp8066] phase=benchmark_pair_after elapsed_s=705.597 completed=1312 pending=1208
[exp8066] phase=benchmark_pair_after elapsed_s=709.429 completed=1316 pending=1204
[exp8066] phase=benchmark_pair_after elapsed_s=713.630 completed=1320 pending=1200
[exp8066] phase=benchmark_pair_after elapsed_s=716.361 completed=1324 pending=1196
[exp8066] phase=benchmark_pair_after elapsed_s=719.053 completed=1328 pending=1192
[exp8066] phase=benchmark_pair_after elapsed_s=722.397 completed=1332 pending=1188
[exp8066] phase=benchmark_pair_after elapsed_s=725.815 completed=1336 pending=1184
[exp8066] phase=benchmark_pair_after elapsed_s=730.004 completed=1340 pending=1180
[exp8066] phase=benchmark_pair_after elapsed_s=733.123 completed=1344 pending=1176
[exp8066] phase=benchmark_pair_after elapsed_s=735.906 completed=1348 pending=1172
[exp8066] phase=benchmark_pair_after elapsed_s=739.184 completed=1352 pending=1168
[exp8066] phase=benchmark_pair_after elapsed_s=743.176 completed=1356 pending=1164
[exp8066] phase=benchmark_pair_after elapsed_s=747.326 completed=1360 pending=1160
[exp8066] phase=benchmark_pair_after elapsed_s=750.166 completed=1364 pending=1156
[exp8066] phase=benchmark_pair_after elapsed_s=752.956 completed=1368 pending=1152
[exp8066] phase=benchmark_pair_after elapsed_s=756.173 completed=1372 pending=1148
[exp8066] phase=benchmark_pair_after elapsed_s=759.238 completed=1376 pending=1144
[exp8066] phase=benchmark_pair_after elapsed_s=763.403 completed=1380 pending=1140
[exp8066] phase=benchmark_pair_after elapsed_s=766.526 completed=1384 pending=1136
[exp8066] phase=benchmark_pair_after elapsed_s=769.443 completed=1388 pending=1132
[exp8066] phase=benchmark_pair_after elapsed_s=772.425 completed=1392 pending=1128
[exp8066] phase=benchmark_pair_after elapsed_s=776.524 completed=1396 pending=1124
[exp8066] phase=benchmark_pair_after elapsed_s=780.659 completed=1400 pending=1120
[exp8066] phase=cache_population_before elapsed_s=780.794 completed=0 pending=8
[exp8066] phase=cache_population elapsed_s=780.826 completed=1 pending=7
[exp8066] phase=cache_population_after elapsed_s=781.236 completed=8 pending=0
[exp8066] phase=cache_population_before elapsed_s=781.238 completed=0 pending=8
[exp8066] phase=cache_population elapsed_s=781.270 completed=1 pending=7
[exp8066] phase=cache_population_after elapsed_s=781.683 completed=8 pending=0
[exp8066] phase=benchmark_pair_after elapsed_s=781.770 completed=1404 pending=1116
[exp8066] phase=benchmark_pair_after elapsed_s=782.035 completed=1408 pending=1112
[exp8066] phase=benchmark_pair_after elapsed_s=782.478 completed=1412 pending=1108
[exp8066] phase=benchmark_pair_after elapsed_s=783.601 completed=1416 pending=1104
[exp8066] phase=benchmark_pair_after elapsed_s=785.020 completed=1420 pending=1100
[exp8066] phase=benchmark_pair_after elapsed_s=785.191 completed=1424 pending=1096
[exp8066] phase=benchmark_pair_after elapsed_s=785.522 completed=1428 pending=1092
[exp8066] phase=benchmark_pair_after elapsed_s=786.532 completed=1432 pending=1088
[exp8066] phase=benchmark_pair_after elapsed_s=787.193 completed=1436 pending=1084
[exp8066] phase=benchmark_pair_after elapsed_s=788.262 completed=1440 pending=1080
[exp8066] phase=benchmark_pair_after elapsed_s=788.476 completed=1444 pending=1076
[exp8066] phase=benchmark_pair_after elapsed_s=788.941 completed=1448 pending=1072
[exp8066] phase=benchmark_pair_after elapsed_s=789.753 completed=1452 pending=1068
[exp8066] phase=benchmark_pair_after elapsed_s=791.180 completed=1456 pending=1064
[exp8066] phase=benchmark_pair_after elapsed_s=792.142 completed=1460 pending=1060
[exp8066] phase=benchmark_pair_after elapsed_s=792.312 completed=1464 pending=1056
[exp8066] phase=benchmark_pair_after elapsed_s=792.595 completed=1468 pending=1052
[exp8066] phase=benchmark_pair_after elapsed_s=793.194 completed=1472 pending=1048
[exp8066] phase=benchmark_pair_after elapsed_s=793.858 completed=1476 pending=1044
[exp8066] phase=benchmark_pair_after elapsed_s=795.274 completed=1480 pending=1040
[exp8066] phase=benchmark_pair_after elapsed_s=795.347 completed=1484 pending=1036
[exp8066] phase=benchmark_pair_after elapsed_s=795.644 completed=1488 pending=1032
[exp8066] phase=benchmark_pair_after elapsed_s=796.782 completed=1492 pending=1028
[exp8066] phase=benchmark_pair_after elapsed_s=798.190 completed=1496 pending=1024
[exp8066] phase=benchmark_pair_after elapsed_s=799.433 completed=1500 pending=1020
[exp8066] phase=benchmark_pair_after elapsed_s=799.798 completed=1504 pending=1016
[exp8066] phase=benchmark_pair_after elapsed_s=799.938 completed=1508 pending=1012
[exp8066] phase=benchmark_pair_after elapsed_s=800.714 completed=1512 pending=1008
[exp8066] phase=benchmark_pair_after elapsed_s=801.929 completed=1516 pending=1004
[exp8066] phase=benchmark_pair_after elapsed_s=802.850 completed=1520 pending=1000
[exp8066] phase=benchmark_pair_after elapsed_s=802.925 completed=1524 pending=996
[exp8066] phase=benchmark_pair_after elapsed_s=803.066 completed=1528 pending=992
[exp8066] phase=benchmark_pair_after elapsed_s=803.509 completed=1532 pending=988
[exp8066] phase=benchmark_pair_after elapsed_s=804.623 completed=1536 pending=984
[exp8066] phase=benchmark_pair_after elapsed_s=805.596 completed=1540 pending=980
[exp8066] phase=cache_population_before elapsed_s=805.598 completed=0 pending=8
[exp8066] phase=cache_population elapsed_s=805.630 completed=1 pending=7
[exp8066] phase=cache_population_after elapsed_s=806.037 completed=8 pending=0
[exp8066] phase=cache_population_before elapsed_s=806.039 completed=0 pending=8
[exp8066] phase=cache_population elapsed_s=806.072 completed=1 pending=7
[exp8066] phase=cache_population_after elapsed_s=806.475 completed=8 pending=0
[exp8066] phase=benchmark_pair_after elapsed_s=806.716 completed=1544 pending=976
[exp8066] phase=benchmark_pair_after elapsed_s=806.861 completed=1548 pending=972
[exp8066] phase=benchmark_pair_after elapsed_s=807.308 completed=1552 pending=968
[exp8066] phase=benchmark_pair_after elapsed_s=808.626 completed=1556 pending=964
[exp8066] phase=benchmark_pair_after elapsed_s=809.594 completed=1560 pending=960
[exp8066] phase=benchmark_pair_after elapsed_s=809.764 completed=1564 pending=956
[exp8066] phase=benchmark_pair_after elapsed_s=810.088 completed=1568 pending=952
[exp8066] phase=benchmark_pair_after elapsed_s=810.534 completed=1572 pending=948
[exp8066] phase=benchmark_pair_after elapsed_s=811.207 completed=1576 pending=944
[exp8066] phase=benchmark_pair_after elapsed_s=812.329 completed=1580 pending=940
[exp8066] phase=benchmark_pair_after elapsed_s=812.731 completed=1584 pending=936
[exp8066] phase=benchmark_pair_after elapsed_s=812.870 completed=1588 pending=932
[exp8066] phase=benchmark_pair_after elapsed_s=813.309 completed=1592 pending=928
[exp8066] phase=benchmark_pair_after elapsed_s=814.423 completed=1596 pending=924
[exp8066] phase=benchmark_pair_after elapsed_s=815.496 completed=1600 pending=920
[exp8066] phase=benchmark_pair_after elapsed_s=815.666 completed=1604 pending=916
[exp8066] phase=benchmark_pair_after elapsed_s=815.947 completed=1608 pending=912
[exp8066] phase=benchmark_pair_after elapsed_s=816.516 completed=1612 pending=908
[exp8066] phase=benchmark_pair_after elapsed_s=817.176 completed=1616 pending=904
[exp8066] phase=benchmark_pair_after elapsed_s=818.095 completed=1620 pending=900
[exp8066] phase=benchmark_pair_after elapsed_s=818.168 completed=1624 pending=896
[exp8066] phase=benchmark_pair_after elapsed_s=818.310 completed=1628 pending=892
[exp8066] phase=benchmark_pair_after elapsed_s=818.748 completed=1632 pending=888
[exp8066] phase=benchmark_pair_after elapsed_s=820.002 completed=1636 pending=884
[exp8066] phase=benchmark_pair_after elapsed_s=820.960 completed=1640 pending=880
[exp8066] phase=benchmark_pair_after elapsed_s=821.129 completed=1644 pending=876
[exp8066] phase=benchmark_pair_after elapsed_s=821.270 completed=1648 pending=872
[exp8066] phase=benchmark_pair_after elapsed_s=821.709 completed=1652 pending=868
[exp8066] phase=benchmark_pair_after elapsed_s=822.371 completed=1656 pending=864
[exp8066] phase=benchmark_pair_after elapsed_s=823.293 completed=1660 pending=860
[exp8066] phase=benchmark_pair_after elapsed_s=823.755 completed=1664 pending=856
[exp8066] phase=benchmark_pair_after elapsed_s=823.894 completed=1668 pending=852
[exp8066] phase=benchmark_pair_after elapsed_s=824.332 completed=1672 pending=848
[exp8066] phase=benchmark_pair_after elapsed_s=825.449 completed=1676 pending=844
[exp8066] phase=benchmark_pair_after elapsed_s=826.407 completed=1680 pending=840
[exp8066] phase=benchmark_pair_after elapsed_s=831.807 completed=1684 pending=836
[exp8066] phase=benchmark_pair_after elapsed_s=837.196 completed=1688 pending=832
[exp8066] phase=benchmark_pair_after elapsed_s=842.824 completed=1692 pending=828
[exp8066] phase=benchmark_pair_after elapsed_s=848.245 completed=1696 pending=824
[exp8066] phase=benchmark_pair_after elapsed_s=855.083 completed=1700 pending=820
[exp8066] phase=benchmark_pair_after elapsed_s=860.013 completed=1704 pending=816
[exp8066] phase=benchmark_pair_after elapsed_s=865.085 completed=1708 pending=812
[exp8066] phase=benchmark_pair_after elapsed_s=870.293 completed=1712 pending=808
[exp8066] phase=benchmark_pair_after elapsed_s=875.758 completed=1716 pending=804
[exp8066] phase=benchmark_pair_after elapsed_s=882.640 completed=1720 pending=800
[exp8066] phase=benchmark_pair_after elapsed_s=887.585 completed=1724 pending=796
[exp8066] phase=benchmark_pair_after elapsed_s=892.676 completed=1728 pending=792
[exp8066] phase=benchmark_pair_after elapsed_s=897.929 completed=1732 pending=788
[exp8066] phase=benchmark_pair_after elapsed_s=903.409 completed=1736 pending=784
[exp8066] phase=benchmark_pair_after elapsed_s=903.410 completed=1736 pending=780
[exp8066] phase=benchmark_pair_after elapsed_s=903.411 completed=1736 pending=776
[exp8066] phase=benchmark_pair_after elapsed_s=903.412 completed=1736 pending=772
[exp8066] phase=benchmark_pair_after elapsed_s=903.413 completed=1736 pending=768
[exp8066] phase=benchmark_pair_after elapsed_s=903.414 completed=1736 pending=764
[exp8066] phase=benchmark_pair_after elapsed_s=903.415 completed=1736 pending=760
[exp8066] phase=benchmark_pair_after elapsed_s=903.416 completed=1736 pending=756
[exp8066] phase=benchmark_pair_after elapsed_s=903.417 completed=1736 pending=752
[exp8066] phase=benchmark_pair_after elapsed_s=903.418 completed=1736 pending=748
[exp8066] phase=benchmark_pair_after elapsed_s=903.419 completed=1736 pending=744
[exp8066] phase=benchmark_pair_after elapsed_s=903.420 completed=1736 pending=740
[exp8066] phase=benchmark_pair_after elapsed_s=903.421 completed=1736 pending=736
[exp8066] phase=benchmark_pair_after elapsed_s=903.422 completed=1736 pending=732
[exp8066] phase=benchmark_pair_after elapsed_s=903.423 completed=1736 pending=728
[exp8066] phase=benchmark_pair_after elapsed_s=903.424 completed=1736 pending=724
[exp8066] phase=benchmark_pair_after elapsed_s=903.425 completed=1736 pending=720
[exp8066] phase=benchmark_pair_after elapsed_s=903.426 completed=1736 pending=716
[exp8066] phase=benchmark_pair_after elapsed_s=903.427 completed=1736 pending=712
[exp8066] phase=benchmark_pair_after elapsed_s=903.428 completed=1736 pending=708
[exp8066] phase=benchmark_pair_after elapsed_s=903.429 completed=1736 pending=704
[exp8066] phase=benchmark_pair_after elapsed_s=903.430 completed=1736 pending=700
[exp8066] phase=benchmark_pair_after elapsed_s=903.433 completed=1736 pending=696
[exp8066] phase=benchmark_pair_after elapsed_s=903.434 completed=1736 pending=692
[exp8066] phase=benchmark_pair_after elapsed_s=903.434 completed=1736 pending=688
[exp8066] phase=benchmark_pair_after elapsed_s=903.434 completed=1736 pending=684
[exp8066] phase=benchmark_pair_after elapsed_s=903.435 completed=1736 pending=680
[exp8066] phase=benchmark_pair_after elapsed_s=903.435 completed=1736 pending=676
[exp8066] phase=benchmark_pair_after elapsed_s=903.435 completed=1736 pending=672
[exp8066] phase=benchmark_pair_after elapsed_s=903.436 completed=1736 pending=668
[exp8066] phase=benchmark_pair_after elapsed_s=903.436 completed=1736 pending=664
[exp8066] phase=benchmark_pair_after elapsed_s=903.437 completed=1736 pending=660
[exp8066] phase=benchmark_pair_after elapsed_s=903.437 completed=1736 pending=656
[exp8066] phase=benchmark_pair_after elapsed_s=903.437 completed=1736 pending=652
[exp8066] phase=benchmark_pair_after elapsed_s=903.438 completed=1736 pending=648
[exp8066] phase=benchmark_pair_after elapsed_s=903.438 completed=1736 pending=644
[exp8066] phase=benchmark_pair_after elapsed_s=903.438 completed=1736 pending=640
[exp8066] phase=benchmark_pair_after elapsed_s=903.439 completed=1736 pending=636
[exp8066] phase=benchmark_pair_after elapsed_s=903.439 completed=1736 pending=632
[exp8066] phase=benchmark_pair_after elapsed_s=903.439 completed=1736 pending=628
[exp8066] phase=benchmark_pair_after elapsed_s=903.440 completed=1736 pending=624
[exp8066] phase=benchmark_pair_after elapsed_s=903.440 completed=1736 pending=620
[exp8066] phase=benchmark_pair_after elapsed_s=903.440 completed=1736 pending=616
[exp8066] phase=benchmark_pair_after elapsed_s=903.441 completed=1736 pending=612
[exp8066] phase=benchmark_pair_after elapsed_s=903.441 completed=1736 pending=608
[exp8066] phase=benchmark_pair_after elapsed_s=903.441 completed=1736 pending=604
[exp8066] phase=benchmark_pair_after elapsed_s=903.442 completed=1736 pending=600
[exp8066] phase=benchmark_pair_after elapsed_s=903.442 completed=1736 pending=596
[exp8066] phase=benchmark_pair_after elapsed_s=903.443 completed=1736 pending=592
[exp8066] phase=benchmark_pair_after elapsed_s=903.443 completed=1736 pending=588
[exp8066] phase=benchmark_pair_after elapsed_s=903.443 completed=1736 pending=584
[exp8066] phase=benchmark_pair_after elapsed_s=903.444 completed=1736 pending=580
[exp8066] phase=benchmark_pair_after elapsed_s=903.444 completed=1736 pending=576
[exp8066] phase=benchmark_pair_after elapsed_s=903.444 completed=1736 pending=572
[exp8066] phase=benchmark_pair_after elapsed_s=903.445 completed=1736 pending=568
[exp8066] phase=benchmark_pair_after elapsed_s=903.445 completed=1736 pending=564
[exp8066] phase=benchmark_pair_after elapsed_s=903.446 completed=1736 pending=560
[exp8066] phase=benchmark_pair_after elapsed_s=903.449 completed=1736 pending=556
[exp8066] phase=benchmark_pair_after elapsed_s=903.449 completed=1736 pending=552
[exp8066] phase=benchmark_pair_after elapsed_s=903.449 completed=1736 pending=548
[exp8066] phase=benchmark_pair_after elapsed_s=903.450 completed=1736 pending=544
[exp8066] phase=benchmark_pair_after elapsed_s=903.450 completed=1736 pending=540
[exp8066] phase=benchmark_pair_after elapsed_s=903.450 completed=1736 pending=536
[exp8066] phase=benchmark_pair_after elapsed_s=903.451 completed=1736 pending=532
[exp8066] phase=benchmark_pair_after elapsed_s=903.451 completed=1736 pending=528
[exp8066] phase=benchmark_pair_after elapsed_s=903.451 completed=1736 pending=524
[exp8066] phase=benchmark_pair_after elapsed_s=903.452 completed=1736 pending=520
[exp8066] phase=benchmark_pair_after elapsed_s=903.452 completed=1736 pending=516
[exp8066] phase=benchmark_pair_after elapsed_s=903.453 completed=1736 pending=512
[exp8066] phase=benchmark_pair_after elapsed_s=903.453 completed=1736 pending=508
[exp8066] phase=benchmark_pair_after elapsed_s=903.453 completed=1736 pending=504
[exp8066] phase=benchmark_pair_after elapsed_s=903.454 completed=1736 pending=500
[exp8066] phase=benchmark_pair_after elapsed_s=903.454 completed=1736 pending=496
[exp8066] phase=benchmark_pair_after elapsed_s=903.454 completed=1736 pending=492
[exp8066] phase=benchmark_pair_after elapsed_s=903.455 completed=1736 pending=488
[exp8066] phase=benchmark_pair_after elapsed_s=903.455 completed=1736 pending=484
[exp8066] phase=benchmark_pair_after elapsed_s=903.456 completed=1736 pending=480
[exp8066] phase=benchmark_pair_after elapsed_s=903.456 completed=1736 pending=476
[exp8066] phase=benchmark_pair_after elapsed_s=903.456 completed=1736 pending=472
[exp8066] phase=benchmark_pair_after elapsed_s=903.456 completed=1736 pending=468
[exp8066] phase=benchmark_pair_after elapsed_s=903.457 completed=1736 pending=464
[exp8066] phase=benchmark_pair_after elapsed_s=903.457 completed=1736 pending=460
[exp8066] phase=benchmark_pair_after elapsed_s=903.458 completed=1736 pending=456
[exp8066] phase=benchmark_pair_after elapsed_s=903.458 completed=1736 pending=452
[exp8066] phase=benchmark_pair_after elapsed_s=903.458 completed=1736 pending=448
[exp8066] phase=benchmark_pair_after elapsed_s=903.458 completed=1736 pending=444
[exp8066] phase=benchmark_pair_after elapsed_s=903.459 completed=1736 pending=440
[exp8066] phase=benchmark_pair_after elapsed_s=903.459 completed=1736 pending=436
[exp8066] phase=benchmark_pair_after elapsed_s=903.460 completed=1736 pending=432
[exp8066] phase=benchmark_pair_after elapsed_s=903.460 completed=1736 pending=428
[exp8066] phase=benchmark_pair_after elapsed_s=903.460 completed=1736 pending=424
[exp8066] phase=benchmark_pair_after elapsed_s=903.461 completed=1736 pending=420
[exp8066] phase=cache_population_before elapsed_s=903.462 completed=0 pending=32
[exp8066] phase=cache_population elapsed_s=903.494 completed=1 pending=31
[exp8066] phase=cache_population elapsed_s=904.481 completed=17 pending=15
[exp8066] phase=cache_population_after elapsed_s=905.189 completed=32 pending=0
[exp8066] phase=cache_population_before elapsed_s=905.190 completed=0 pending=32
[exp8066] phase=cache_population elapsed_s=905.222 completed=1 pending=31
[exp8066] phase=cache_population elapsed_s=906.214 completed=17 pending=15
[exp8066] phase=cache_population_after elapsed_s=906.922 completed=32 pending=0
[exp8066] phase=benchmark_pair_after elapsed_s=906.924 completed=1736 pending=416
[exp8066] phase=benchmark_pair_after elapsed_s=906.925 completed=1736 pending=412
[exp8066] phase=benchmark_pair_after elapsed_s=906.926 completed=1736 pending=408
[exp8066] phase=benchmark_pair_after elapsed_s=906.927 completed=1736 pending=404
[exp8066] phase=benchmark_pair_after elapsed_s=906.928 completed=1736 pending=400
[exp8066] phase=benchmark_pair_after elapsed_s=906.929 completed=1736 pending=396
[exp8066] phase=benchmark_pair_after elapsed_s=906.930 completed=1736 pending=392
[exp8066] phase=benchmark_pair_after elapsed_s=906.931 completed=1736 pending=388
[exp8066] phase=benchmark_pair_after elapsed_s=906.931 completed=1736 pending=384
[exp8066] phase=benchmark_pair_after elapsed_s=906.933 completed=1736 pending=380
[exp8066] phase=benchmark_pair_after elapsed_s=906.933 completed=1736 pending=376
[exp8066] phase=benchmark_pair_after elapsed_s=906.934 completed=1736 pending=372
[exp8066] phase=benchmark_pair_after elapsed_s=906.935 completed=1736 pending=368
[exp8066] phase=benchmark_pair_after elapsed_s=906.936 completed=1736 pending=364
[exp8066] phase=benchmark_pair_after elapsed_s=906.937 completed=1736 pending=360
[exp8066] phase=benchmark_pair_after elapsed_s=906.938 completed=1736 pending=356
[exp8066] phase=benchmark_pair_after elapsed_s=906.939 completed=1736 pending=352
[exp8066] phase=benchmark_pair_after elapsed_s=906.940 completed=1736 pending=348
[exp8066] phase=benchmark_pair_after elapsed_s=906.941 completed=1736 pending=344
[exp8066] phase=benchmark_pair_after elapsed_s=906.942 completed=1736 pending=340
[exp8066] phase=benchmark_pair_after elapsed_s=906.943 completed=1736 pending=336
[exp8066] phase=benchmark_pair_after elapsed_s=906.944 completed=1736 pending=332
[exp8066] phase=benchmark_pair_after elapsed_s=906.945 completed=1736 pending=328
[exp8066] phase=benchmark_pair_after elapsed_s=906.946 completed=1736 pending=324
[exp8066] phase=benchmark_pair_after elapsed_s=906.947 completed=1736 pending=320
[exp8066] phase=benchmark_pair_after elapsed_s=906.948 completed=1736 pending=316
[exp8066] phase=benchmark_pair_after elapsed_s=906.949 completed=1736 pending=312
[exp8066] phase=benchmark_pair_after elapsed_s=906.950 completed=1736 pending=308
[exp8066] phase=benchmark_pair_after elapsed_s=906.951 completed=1736 pending=304
[exp8066] phase=benchmark_pair_after elapsed_s=906.952 completed=1736 pending=300
[exp8066] phase=benchmark_pair_after elapsed_s=906.953 completed=1736 pending=296
[exp8066] phase=benchmark_pair_after elapsed_s=906.954 completed=1736 pending=292
[exp8066] phase=benchmark_pair_after elapsed_s=906.955 completed=1736 pending=288
[exp8066] phase=benchmark_pair_after elapsed_s=906.956 completed=1736 pending=284
[exp8066] phase=benchmark_pair_after elapsed_s=906.957 completed=1736 pending=280
[exp8066] phase=cache_population_before elapsed_s=906.959 completed=0 pending=8
[exp8066] phase=cache_population elapsed_s=906.990 completed=1 pending=7
[exp8066] phase=cache_population_after elapsed_s=907.387 completed=8 pending=0
[exp8066] phase=cache_population_before elapsed_s=907.388 completed=0 pending=8
[exp8066] phase=cache_population elapsed_s=907.420 completed=1 pending=7
[exp8066] phase=cache_population_after elapsed_s=907.823 completed=8 pending=0
[exp8066] phase=benchmark_pair_after elapsed_s=907.824 completed=1736 pending=276
[exp8066] phase=benchmark_pair_after elapsed_s=907.824 completed=1736 pending=272
[exp8066] phase=benchmark_pair_after elapsed_s=907.825 completed=1736 pending=268
[exp8066] phase=benchmark_pair_after elapsed_s=907.825 completed=1736 pending=264
[exp8066] phase=benchmark_pair_after elapsed_s=907.826 completed=1736 pending=260
[exp8066] phase=benchmark_pair_after elapsed_s=907.826 completed=1736 pending=256
[exp8066] phase=benchmark_pair_after elapsed_s=907.826 completed=1736 pending=252
[exp8066] phase=benchmark_pair_after elapsed_s=907.827 completed=1736 pending=248
[exp8066] phase=benchmark_pair_after elapsed_s=907.827 completed=1736 pending=244
[exp8066] phase=benchmark_pair_after elapsed_s=907.827 completed=1736 pending=240
[exp8066] phase=benchmark_pair_after elapsed_s=907.828 completed=1736 pending=236
[exp8066] phase=benchmark_pair_after elapsed_s=907.828 completed=1736 pending=232
[exp8066] phase=benchmark_pair_after elapsed_s=907.828 completed=1736 pending=228
[exp8066] phase=benchmark_pair_after elapsed_s=907.829 completed=1736 pending=224
[exp8066] phase=benchmark_pair_after elapsed_s=907.829 completed=1736 pending=220
[exp8066] phase=benchmark_pair_after elapsed_s=907.830 completed=1736 pending=216
[exp8066] phase=benchmark_pair_after elapsed_s=907.830 completed=1736 pending=212
[exp8066] phase=benchmark_pair_after elapsed_s=907.830 completed=1736 pending=208
[exp8066] phase=benchmark_pair_after elapsed_s=907.831 completed=1736 pending=204
[exp8066] phase=benchmark_pair_after elapsed_s=907.831 completed=1736 pending=200
[exp8066] phase=benchmark_pair_after elapsed_s=907.832 completed=1736 pending=196
[exp8066] phase=benchmark_pair_after elapsed_s=907.832 completed=1736 pending=192
[exp8066] phase=benchmark_pair_after elapsed_s=907.832 completed=1736 pending=188
[exp8066] phase=benchmark_pair_after elapsed_s=907.833 completed=1736 pending=184
[exp8066] phase=benchmark_pair_after elapsed_s=907.833 completed=1736 pending=180
[exp8066] phase=benchmark_pair_after elapsed_s=907.833 completed=1736 pending=176
[exp8066] phase=benchmark_pair_after elapsed_s=907.834 completed=1736 pending=172
[exp8066] phase=benchmark_pair_after elapsed_s=907.834 completed=1736 pending=168
[exp8066] phase=benchmark_pair_after elapsed_s=907.835 completed=1736 pending=164
[exp8066] phase=benchmark_pair_after elapsed_s=907.835 completed=1736 pending=160
[exp8066] phase=benchmark_pair_after elapsed_s=907.835 completed=1736 pending=156
[exp8066] phase=benchmark_pair_after elapsed_s=907.836 completed=1736 pending=152
[exp8066] phase=benchmark_pair_after elapsed_s=907.836 completed=1736 pending=148
[exp8066] phase=benchmark_pair_after elapsed_s=907.836 completed=1736 pending=144
[exp8066] phase=benchmark_pair_after elapsed_s=907.837 completed=1736 pending=140
[exp8066] phase=cache_population_before elapsed_s=907.838 completed=0 pending=8
[exp8066] phase=cache_population elapsed_s=907.871 completed=1 pending=7
[exp8066] phase=cache_population_after elapsed_s=908.276 completed=8 pending=0
[exp8066] phase=cache_population_before elapsed_s=908.278 completed=0 pending=8
[exp8066] phase=cache_population elapsed_s=908.309 completed=1 pending=7
[exp8066] phase=cache_population_after elapsed_s=908.715 completed=8 pending=0
[exp8066] phase=benchmark_pair_after elapsed_s=908.716 completed=1736 pending=136
[exp8066] phase=benchmark_pair_after elapsed_s=908.716 completed=1736 pending=132
[exp8066] phase=benchmark_pair_after elapsed_s=908.717 completed=1736 pending=128
[exp8066] phase=benchmark_pair_after elapsed_s=908.717 completed=1736 pending=124
[exp8066] phase=benchmark_pair_after elapsed_s=908.718 completed=1736 pending=120
[exp8066] phase=benchmark_pair_after elapsed_s=908.718 completed=1736 pending=116
[exp8066] phase=benchmark_pair_after elapsed_s=908.718 completed=1736 pending=112
[exp8066] phase=benchmark_pair_after elapsed_s=908.719 completed=1736 pending=108
[exp8066] phase=benchmark_pair_after elapsed_s=908.719 completed=1736 pending=104
[exp8066] phase=benchmark_pair_after elapsed_s=908.720 completed=1736 pending=100
[exp8066] phase=benchmark_pair_after elapsed_s=908.720 completed=1736 pending=96
[exp8066] phase=benchmark_pair_after elapsed_s=908.720 completed=1736 pending=92
[exp8066] phase=benchmark_pair_after elapsed_s=908.721 completed=1736 pending=88
[exp8066] phase=benchmark_pair_after elapsed_s=908.721 completed=1736 pending=84
[exp8066] phase=benchmark_pair_after elapsed_s=908.722 completed=1736 pending=80
[exp8066] phase=benchmark_pair_after elapsed_s=908.722 completed=1736 pending=76
[exp8066] phase=benchmark_pair_after elapsed_s=908.722 completed=1736 pending=72
[exp8066] phase=benchmark_pair_after elapsed_s=908.723 completed=1736 pending=68
[exp8066] phase=benchmark_pair_after elapsed_s=908.723 completed=1736 pending=64
[exp8066] phase=benchmark_pair_after elapsed_s=908.723 completed=1736 pending=60
[exp8066] phase=benchmark_pair_after elapsed_s=908.724 completed=1736 pending=56
[exp8066] phase=benchmark_pair_after elapsed_s=908.724 completed=1736 pending=52
[exp8066] phase=benchmark_pair_after elapsed_s=908.724 completed=1736 pending=48
[exp8066] phase=benchmark_pair_after elapsed_s=908.725 completed=1736 pending=44
[exp8066] phase=benchmark_pair_after elapsed_s=908.725 completed=1736 pending=40
[exp8066] phase=benchmark_pair_after elapsed_s=908.726 completed=1736 pending=36
[exp8066] phase=benchmark_pair_after elapsed_s=908.726 completed=1736 pending=32
[exp8066] phase=benchmark_pair_after elapsed_s=908.726 completed=1736 pending=28
[exp8066] phase=benchmark_pair_after elapsed_s=908.727 completed=1736 pending=24
[exp8066] phase=benchmark_pair_after elapsed_s=908.727 completed=1736 pending=20
[exp8066] phase=benchmark_pair_after elapsed_s=908.728 completed=1736 pending=16
[exp8066] phase=benchmark_pair_after elapsed_s=908.728 completed=1736 pending=12
[exp8066] phase=benchmark_pair_after elapsed_s=908.728 completed=1736 pending=8
[exp8066] phase=benchmark_pair_after elapsed_s=908.729 completed=1736 pending=4
[exp8066] phase=benchmark_pair_after elapsed_s=908.729 completed=1736 pending=0
[exp8066] phase=benchmark_after elapsed_s=909.008 completed=1736 pending=0
[exp8066] phase=measurement_worker_exit elapsed_s=909.269 completed=1 pending=0
