[exp8362] phase=start_exp8381 completed=0 pending=0
[exp8362] phase=start completed=0 pending=0
[exp8362] phase=before_authentication completed=0 pending=0
[exp8362] phase=after_authentication completed=1 pending=0
[exp8362] phase=preconditions_checked completed=1 pending=0
[exp8362] phase=before_benchmark_dyadic completed=0 pending=0
[exp8362] phase=dyadic_vectors completed=256 pending=3910
[exp8362] phase=dyadic_vectors completed=512 pending=3654
[exp8362] phase=dyadic_vectors completed=768 pending=3398
[exp8362] phase=dyadic_vectors completed=1024 pending=3142
[exp8362] phase=dyadic_vectors completed=1280 pending=2886
[exp8362] phase=dyadic_vectors completed=1536 pending=2630
[exp8362] phase=dyadic_vectors completed=1792 pending=2374
[exp8362] phase=dyadic_vectors completed=2048 pending=2118
[exp8362] phase=dyadic_vectors completed=2304 pending=1862
[exp8362] phase=dyadic_vectors completed=2560 pending=1606
[exp8362] phase=dyadic_vectors completed=2816 pending=1350
[exp8362] phase=dyadic_vectors completed=3072 pending=1094
[exp8362] phase=dyadic_vectors completed=3328 pending=838
[exp8362] phase=dyadic_vectors completed=3584 pending=582
[exp8362] phase=dyadic_vectors completed=3840 pending=326
[exp8362] phase=dyadic_vectors completed=4096 pending=70
[exp8362] phase=dyadic_vectors completed=4166 pending=0
[exp8362] phase=after_benchmark_dyadic completed=4166 pending=0
[exp8362] phase=before_benchmark_delayed_refresh completed=0 pending=0
[exp8362] phase=delayed_refresh completed=8 pending=80
[exp8362] phase=delayed_refresh completed=16 pending=72
[exp8362] phase=delayed_refresh completed=24 pending=64
[exp8362] phase=delayed_refresh completed=32 pending=56
[exp8362] phase=delayed_refresh completed=40 pending=48
[exp8362] phase=delayed_refresh completed=48 pending=40
[exp8362] phase=delayed_refresh completed=56 pending=32
[exp8362] phase=delayed_refresh completed=64 pending=24
[exp8362] phase=delayed_refresh completed=72 pending=16
[exp8362] phase=delayed_refresh completed=80 pending=8
[exp8362] phase=delayed_refresh completed=88 pending=0
[exp8362] phase=after_benchmark_delayed_refresh completed=88 pending=0
[exp8362] phase=preconditions_checked completed=1 pending=0
[exp8205] phase=validation completed=0 pending=10
[exp8205] phase=before_subprocess_owned_tests completed=0 pending=1
[exp8205] phase=waiting_owned_tests completed=0 pending=1
[exp8205] phase=waiting_owned_tests completed=0 pending=1
[exp8205] phase=waiting_owned_tests completed=0 pending=1
[exp8205] phase=waiting_owned_tests completed=0 pending=1
[exp8205] phase=waiting_owned_tests completed=0 pending=1
[exp8205] phase=waiting_owned_tests completed=0 pending=1
[exp8205] phase=waiting_owned_tests completed=0 pending=1
[exp8205] phase=waiting_owned_tests completed=0 pending=1
[exp8205] phase=after_subprocess_owned_tests completed=1 pending=0
[exp8205] phase=validation completed=1 pending=9
[exp8205] phase=before_subprocess_private_E2E018_consumers completed=0 pending=1
[exp8205] phase=waiting_private_E2E018_consumers completed=0 pending=1
[exp8205] phase=waiting_private_E2E018_consumers completed=0 pending=1
[exp8205] phase=waiting_private_E2E018_consumers completed=0 pending=1
[exp8205] phase=after_subprocess_private_E2E018_consumers completed=1 pending=0
[exp8205] phase=validation completed=2 pending=8
[exp8205] phase=before_subprocess_coverage_combine completed=0 pending=1
[exp8205] phase=after_subprocess_coverage_combine completed=1 pending=0
[exp8205] phase=validation completed=3 pending=7
[exp8205] phase=before_subprocess_coverage_report completed=0 pending=1
[exp8205] phase=after_subprocess_coverage_report completed=1 pending=0
[exp8205] phase=validation completed=4 pending=6
[exp8205] phase=before_subprocess_coverage_json completed=0 pending=1
[exp8205] phase=after_subprocess_coverage_json completed=1 pending=0
[exp8205] phase=validation completed=5 pending=5
[exp8205] phase=before_subprocess_ruff_check completed=0 pending=1
[exp8205] phase=after_subprocess_ruff_check completed=1 pending=0
[exp8205] phase=validation completed=6 pending=4
[exp8205] phase=before_subprocess_ruff_format completed=0 pending=1
[exp8205] phase=after_subprocess_ruff_format completed=1 pending=0
[exp8205] phase=validation completed=7 pending=3
[exp8205] phase=before_subprocess_strict_mypy completed=0 pending=1
[exp8205] phase=after_subprocess_strict_mypy completed=1 pending=0
[exp8205] phase=validation completed=8 pending=2
[exp8205] phase=before_subprocess_spec_coverage completed=0 pending=1
[exp8205] phase=after_subprocess_spec_coverage completed=1 pending=0
[exp8205] phase=validation completed=9 pending=1
[exp8205] phase=before_subprocess_threshold_consumers completed=0 pending=1
[exp8205] phase=waiting_threshold_consumers completed=0 pending=1
[exp8205] phase=waiting_threshold_consumers completed=0 pending=1
[exp8205] phase=waiting_threshold_consumers completed=0 pending=1
[exp8205] phase=after_subprocess_threshold_consumers completed=1 pending=0
[exp8205] phase=validation_complete completed=10 pending=0
[exp8205] phase=before_subprocess_cold_valid completed=0 pending=1
[exp8205] phase=after_subprocess_cold_valid completed=1 pending=0
[exp8205] phase=before_subprocess_cold_negative completed=0 pending=1
[exp8205] phase=after_subprocess_cold_negative completed=1 pending=0
[exp8205] phase=before_subprocess_cold_rehashed_tamper completed=0 pending=1
[exp8205] phase=after_subprocess_cold_rehashed_tamper completed=1 pending=0
[exp8205] phase=before_subprocess_cold_primitive_tamper completed=0 pending=1
[exp8205] phase=after_subprocess_cold_primitive_tamper completed=1 pending=0
[exp8205] phase=before_subprocess_cold_missing_input completed=0 pending=1
[exp8205] phase=after_subprocess_cold_missing_input completed=1 pending=0
[exp8205] phase=before_subprocess_deliberate_error completed=0 pending=1
[exp8205] phase=after_subprocess_deliberate_error completed=1 pending=0
[exp8205] phase=before_subprocess_terminal_cold completed=0 pending=1
[exp8205] phase=after_subprocess_terminal_cold completed=1 pending=0
[exp8205] phase=before_subprocess_adversarial completed=0 pending=1
[exp8205] phase=after_subprocess_adversarial completed=1 pending=0
[exp8205] phase=before_subprocess_strict_rows completed=0 pending=1
[exp8205] phase=after_subprocess_strict_rows completed=1 pending=0
[exp8205] phase=before_subprocess_terminal_cold completed=0 pending=1
[exp8205] phase=after_subprocess_terminal_cold completed=1 pending=0
[exp8205] phase=before_subprocess_adversarial completed=0 pending=1
[exp8205] phase=after_subprocess_adversarial completed=1 pending=0
[exp8205] phase=before_subprocess_strict_rows completed=0 pending=1
[exp8205] phase=after_subprocess_strict_rows completed=1 pending=0
[exp8362] phase=published completed=1 pending=0
