[exp7943] phase=start event=flushed completed=0 elapsed_s=0.000
[exp7943] phase=replay event=passed completed=16308 elapsed_s=0.388
[exp7943] phase=public_custody event=recompute exclusions completed=0 elapsed_s=0.458
[exp7943] phase=public_custody event=recompute exclusions completed=32 elapsed_s=2.871
[exp7943] phase=public_custody event=recompute exclusions completed=64 elapsed_s=6.082
[exp7943] phase=public_custody event=recompute exclusions completed=96 elapsed_s=8.605
[exp7943] phase=public_custody event=recompute exclusions completed=128 elapsed_s=11.296
[exp7943] phase=public_custody event=recompute exclusions completed=160 elapsed_s=13.767
[exp7943] phase=public_custody event=recompute exclusions completed=192 elapsed_s=15.912
[exp7943] phase=public_custody event=recompute exclusions completed=224 elapsed_s=18.293
[exp7943] phase=public_custody event=recompute exclusions completed=256 elapsed_s=21.003
[exp7943] phase=public_custody event=recompute exclusions completed=288 elapsed_s=23.407
[exp7943] phase=public_custody event=recompute exclusions completed=320 elapsed_s=26.379
[exp7943] phase=public_custody event=recompute exclusions completed=352 elapsed_s=28.617
[exp7943] phase=public_custody event=recompute exclusions completed=384 elapsed_s=30.207
[exp7943] phase=public_custody event=recompute exclusions completed=416 elapsed_s=32.479
[exp7943] phase=public_custody event=recompute exclusions completed=448 elapsed_s=34.616
[exp7943] phase=public_custody event=recompute exclusions completed=480 elapsed_s=36.727
[exp7943] phase=public_custody event=recompute exclusions completed=512 elapsed_s=39.468
[exp7943] phase=public_custody event=recompute exclusions completed=544 elapsed_s=41.824
[exp7943] phase=public_custody event=recompute exclusions completed=576 elapsed_s=44.579
[exp7943] phase=public_custody event=recompute exclusions completed=608 elapsed_s=48.189
[exp7943] phase=replay event=before arm=response_set seed=67801 role=fit completed=0 elapsed_s=96.487
[exp7943] phase=replay event=after arm=response_set seed=67801 role=fit completed=239 elapsed_s=97.561
[exp7943] phase=replay event=before arm=response_set seed=67801 role=tune completed=0 elapsed_s=109.902
[exp7943] phase=replay event=after arm=response_set seed=67801 role=tune completed=62 elapsed_s=110.832
[exp7943] phase=replay event=before arm=response_set seed=67801 role=policy_design completed=0 elapsed_s=115.580
[exp7943] phase=replay event=after arm=response_set seed=67801 role=policy_design completed=29 elapsed_s=116.437
[exp7943] phase=replay event=before arm=response_set seed=67801 role=calibration_replay completed=0 elapsed_s=120.457
[exp7943] phase=replay event=after arm=response_set seed=67801 role=calibration_replay completed=29 elapsed_s=121.270
[exp7943] phase=replay event=before arm=response_set seed=67801 role=online_update completed=0 elapsed_s=136.181
[exp7943] phase=replay event=after arm=response_set seed=67801 role=online_update completed=91 elapsed_s=137.083
[exp7943] phase=replay event=before arm=response_set seed=67801 role=online_admission completed=0 elapsed_s=148.578
[exp7943] phase=replay event=after arm=response_set seed=67801 role=online_admission completed=61 elapsed_s=149.449
[exp7943] phase=replay event=before arm=response_set seed=67801 role=evaluation completed=0 elapsed_s=163.947
[exp7943] phase=replay event=after arm=response_set seed=67801 role=evaluation completed=62 elapsed_s=164.824
[exp7943] phase=replay event=before arm=response_set seed=67801 role=retention completed=0 elapsed_s=169.520
[exp7943] phase=replay event=after arm=response_set seed=67801 role=retention completed=31 elapsed_s=170.394
[exp7943] phase=replay event=before arm=response_set seed=67802 role=fit completed=0 elapsed_s=170.398
[exp7943] phase=replay event=after arm=response_set seed=67802 role=fit completed=239 elapsed_s=170.414
[exp7943] phase=replay event=before arm=response_set seed=67802 role=tune completed=0 elapsed_s=170.417
[exp7943] phase=replay event=after arm=response_set seed=67802 role=tune completed=62 elapsed_s=170.422
[exp7943] phase=replay event=before arm=response_set seed=67802 role=policy_design completed=0 elapsed_s=170.425
[exp7943] phase=replay event=after arm=response_set seed=67802 role=policy_design completed=29 elapsed_s=170.428
[exp7943] phase=replay event=before arm=response_set seed=67802 role=calibration_replay completed=0 elapsed_s=170.431
[exp7943] phase=replay event=after arm=response_set seed=67802 role=calibration_replay completed=29 elapsed_s=170.433
[exp7943] phase=replay event=before arm=response_set seed=67802 role=online_update completed=0 elapsed_s=170.436
[exp7943] phase=replay event=after arm=response_set seed=67802 role=online_update completed=91 elapsed_s=170.441
[exp7943] phase=replay event=before arm=response_set seed=67802 role=online_admission completed=0 elapsed_s=170.444
[exp7943] phase=replay event=after arm=response_set seed=67802 role=online_admission completed=61 elapsed_s=170.448
[exp7943] phase=replay event=before arm=response_set seed=67802 role=evaluation completed=0 elapsed_s=170.450
[exp7943] phase=replay event=after arm=response_set seed=67802 role=evaluation completed=62 elapsed_s=170.455
[exp7943] phase=replay event=before arm=response_set seed=67802 role=retention completed=0 elapsed_s=170.458
[exp7943] phase=replay event=after arm=response_set seed=67802 role=retention completed=31 elapsed_s=170.461
[exp7943] phase=replay event=before arm=response_set seed=67803 role=fit completed=0 elapsed_s=170.464
[exp7943] phase=replay event=after arm=response_set seed=67803 role=fit completed=239 elapsed_s=170.480
[exp7943] phase=replay event=before arm=response_set seed=67803 role=tune completed=0 elapsed_s=170.483
[exp7943] phase=replay event=after arm=response_set seed=67803 role=tune completed=62 elapsed_s=170.488
[exp7943] phase=replay event=before arm=response_set seed=67803 role=policy_design completed=0 elapsed_s=170.491
[exp7943] phase=replay event=after arm=response_set seed=67803 role=policy_design completed=29 elapsed_s=170.494
[exp7943] phase=replay event=before arm=response_set seed=67803 role=calibration_replay completed=0 elapsed_s=170.497
[exp7943] phase=replay event=after arm=response_set seed=67803 role=calibration_replay completed=29 elapsed_s=170.499
[exp7943] phase=replay event=before arm=response_set seed=67803 role=online_update completed=0 elapsed_s=170.502
[exp7943] phase=replay event=after arm=response_set seed=67803 role=online_update completed=91 elapsed_s=170.507
[exp7943] phase=replay event=before arm=response_set seed=67803 role=online_admission completed=0 elapsed_s=170.510
[exp7943] phase=replay event=after arm=response_set seed=67803 role=online_admission completed=61 elapsed_s=170.514
[exp7943] phase=replay event=before arm=response_set seed=67803 role=evaluation completed=0 elapsed_s=170.517
[exp7943] phase=replay event=after arm=response_set seed=67803 role=evaluation completed=62 elapsed_s=170.521
[exp7943] phase=replay event=before arm=response_set seed=67803 role=retention completed=0 elapsed_s=170.524
[exp7943] phase=replay event=after arm=response_set seed=67803 role=retention completed=31 elapsed_s=170.527
[exp7943] phase=replay event=before arm=local_set seed=67801 role=fit completed=0 elapsed_s=170.531
[exp7943] phase=replay event=after arm=local_set seed=67801 role=fit completed=239 elapsed_s=170.548
[exp7943] phase=replay event=before arm=local_set seed=67801 role=tune completed=0 elapsed_s=170.551
[exp7943] phase=replay event=after arm=local_set seed=67801 role=tune completed=62 elapsed_s=170.556
[exp7943] phase=replay event=before arm=local_set seed=67801 role=policy_design completed=0 elapsed_s=170.559
[exp7943] phase=replay event=after arm=local_set seed=67801 role=policy_design completed=29 elapsed_s=170.562
[exp7943] phase=replay event=before arm=local_set seed=67801 role=calibration_replay completed=0 elapsed_s=170.565
[exp7943] phase=replay event=after arm=local_set seed=67801 role=calibration_replay completed=29 elapsed_s=170.567
[exp7943] phase=replay event=before arm=local_set seed=67801 role=online_update completed=0 elapsed_s=170.570
[exp7943] phase=replay event=after arm=local_set seed=67801 role=online_update completed=91 elapsed_s=170.575
[exp7943] phase=replay event=before arm=local_set seed=67801 role=online_admission completed=0 elapsed_s=170.578
[exp7943] phase=replay event=after arm=local_set seed=67801 role=online_admission completed=61 elapsed_s=170.582
[exp7943] phase=replay event=before arm=local_set seed=67801 role=evaluation completed=0 elapsed_s=170.585
[exp7943] phase=replay event=after arm=local_set seed=67801 role=evaluation completed=62 elapsed_s=170.590
[exp7943] phase=replay event=before arm=local_set seed=67801 role=retention completed=0 elapsed_s=170.592
[exp7943] phase=replay event=after arm=local_set seed=67801 role=retention completed=31 elapsed_s=170.595
[exp7943] phase=replay event=before arm=local_set seed=67802 role=fit completed=0 elapsed_s=170.599
[exp7943] phase=replay event=after arm=local_set seed=67802 role=fit completed=239 elapsed_s=170.615
[exp7943] phase=replay event=before arm=local_set seed=67802 role=tune completed=0 elapsed_s=170.618
[exp7943] phase=replay event=after arm=local_set seed=67802 role=tune completed=62 elapsed_s=170.623
[exp7943] phase=replay event=before arm=local_set seed=67802 role=policy_design completed=0 elapsed_s=170.626
[exp7943] phase=replay event=after arm=local_set seed=67802 role=policy_design completed=29 elapsed_s=170.629
[exp7943] phase=replay event=before arm=local_set seed=67802 role=calibration_replay completed=0 elapsed_s=170.632
[exp7943] phase=replay event=after arm=local_set seed=67802 role=calibration_replay completed=29 elapsed_s=170.634
[exp7943] phase=replay event=before arm=local_set seed=67802 role=online_update completed=0 elapsed_s=170.637
[exp7943] phase=replay event=after arm=local_set seed=67802 role=online_update completed=91 elapsed_s=170.643
[exp7943] phase=replay event=before arm=local_set seed=67802 role=online_admission completed=0 elapsed_s=170.645
[exp7943] phase=replay event=after arm=local_set seed=67802 role=online_admission completed=61 elapsed_s=170.649
[exp7943] phase=replay event=before arm=local_set seed=67802 role=evaluation completed=0 elapsed_s=170.652
[exp7943] phase=replay event=after arm=local_set seed=67802 role=evaluation completed=62 elapsed_s=170.657
[exp7943] phase=replay event=before arm=local_set seed=67802 role=retention completed=0 elapsed_s=170.660
[exp7943] phase=replay event=after arm=local_set seed=67802 role=retention completed=31 elapsed_s=170.662
[exp7943] phase=replay event=before arm=local_set seed=67803 role=fit completed=0 elapsed_s=170.666
[exp7943] phase=replay event=after arm=local_set seed=67803 role=fit completed=239 elapsed_s=170.682
[exp7943] phase=replay event=before arm=local_set seed=67803 role=tune completed=0 elapsed_s=170.685
[exp7943] phase=replay event=after arm=local_set seed=67803 role=tune completed=62 elapsed_s=170.691
[exp7943] phase=replay event=before arm=local_set seed=67803 role=policy_design completed=0 elapsed_s=170.693
[exp7943] phase=replay event=after arm=local_set seed=67803 role=policy_design completed=29 elapsed_s=170.696
[exp7943] phase=replay event=before arm=local_set seed=67803 role=calibration_replay completed=0 elapsed_s=170.700
[exp7943] phase=replay event=after arm=local_set seed=67803 role=calibration_replay completed=29 elapsed_s=170.702
[exp7943] phase=replay event=before arm=local_set seed=67803 role=online_update completed=0 elapsed_s=170.705
[exp7943] phase=replay event=after arm=local_set seed=67803 role=online_update completed=91 elapsed_s=170.709
[exp7943] phase=replay event=before arm=local_set seed=67803 role=online_admission completed=0 elapsed_s=170.712
[exp7943] phase=replay event=after arm=local_set seed=67803 role=online_admission completed=61 elapsed_s=170.716
[exp7943] phase=replay event=before arm=local_set seed=67803 role=evaluation completed=0 elapsed_s=170.719
[exp7943] phase=replay event=after arm=local_set seed=67803 role=evaluation completed=62 elapsed_s=170.723
[exp7943] phase=replay event=before arm=local_set seed=67803 role=retention completed=0 elapsed_s=170.726
[exp7943] phase=replay event=after arm=local_set seed=67803 role=retention completed=31 elapsed_s=170.729
[exp7943] phase=replay event=before arm=augmented_set seed=67801 role=fit completed=0 elapsed_s=170.733
[exp7943] phase=replay event=after arm=augmented_set seed=67801 role=fit completed=239 elapsed_s=171.350
[exp7943] phase=replay event=before arm=augmented_set seed=67801 role=tune completed=0 elapsed_s=171.352
[exp7943] phase=replay event=after arm=augmented_set seed=67801 role=tune completed=62 elapsed_s=171.945
[exp7943] phase=replay event=before arm=augmented_set seed=67801 role=policy_design completed=0 elapsed_s=171.948
[exp7943] phase=replay event=after arm=augmented_set seed=67801 role=policy_design completed=29 elapsed_s=172.646
[exp7943] phase=replay event=before arm=augmented_set seed=67801 role=calibration_replay completed=0 elapsed_s=172.648
[exp7943] phase=replay event=after arm=augmented_set seed=67801 role=calibration_replay completed=29 elapsed_s=173.121
[exp7943] phase=replay event=before arm=augmented_set seed=67801 role=online_update completed=0 elapsed_s=173.124
[exp7943] phase=replay event=after arm=augmented_set seed=67801 role=online_update completed=91 elapsed_s=173.722
[exp7943] phase=replay event=before arm=augmented_set seed=67801 role=online_admission completed=0 elapsed_s=173.725
[exp7943] phase=replay event=after arm=augmented_set seed=67801 role=online_admission completed=61 elapsed_s=174.297
[exp7943] phase=replay event=before arm=augmented_set seed=67801 role=evaluation completed=0 elapsed_s=174.300
[exp7943] phase=replay event=after arm=augmented_set seed=67801 role=evaluation completed=62 elapsed_s=174.839
[exp7943] phase=replay event=before arm=augmented_set seed=67801 role=retention completed=0 elapsed_s=174.842
[exp7943] phase=replay event=after arm=augmented_set seed=67801 role=retention completed=31 elapsed_s=175.390
[exp7943] phase=replay event=before arm=augmented_set seed=67802 role=fit completed=0 elapsed_s=175.394
[exp7943] phase=replay event=after arm=augmented_set seed=67802 role=fit completed=239 elapsed_s=175.422
[exp7943] phase=replay event=before arm=augmented_set seed=67802 role=tune completed=0 elapsed_s=175.425
[exp7943] phase=replay event=after arm=augmented_set seed=67802 role=tune completed=62 elapsed_s=175.433
[exp7943] phase=replay event=before arm=augmented_set seed=67802 role=policy_design completed=0 elapsed_s=175.436
[exp7943] phase=replay event=after arm=augmented_set seed=67802 role=policy_design completed=29 elapsed_s=175.441
[exp7943] phase=replay event=before arm=augmented_set seed=67802 role=calibration_replay completed=0 elapsed_s=175.443
[exp7943] phase=replay event=after arm=augmented_set seed=67802 role=calibration_replay completed=29 elapsed_s=175.447
[exp7943] phase=replay event=before arm=augmented_set seed=67802 role=online_update completed=0 elapsed_s=175.450
[exp7943] phase=replay event=after arm=augmented_set seed=67802 role=online_update completed=91 elapsed_s=175.459
[exp7943] phase=replay event=before arm=augmented_set seed=67802 role=online_admission completed=0 elapsed_s=175.462
[exp7943] phase=replay event=after arm=augmented_set seed=67802 role=online_admission completed=61 elapsed_s=175.468
[exp7943] phase=replay event=before arm=augmented_set seed=67802 role=evaluation completed=0 elapsed_s=175.471
[exp7943] phase=replay event=after arm=augmented_set seed=67802 role=evaluation completed=62 elapsed_s=175.479
[exp7943] phase=replay event=before arm=augmented_set seed=67802 role=retention completed=0 elapsed_s=175.482
[exp7943] phase=replay event=after arm=augmented_set seed=67802 role=retention completed=31 elapsed_s=175.486
[exp7943] phase=replay event=before arm=augmented_set seed=67803 role=fit completed=0 elapsed_s=175.490
[exp7943] phase=replay event=after arm=augmented_set seed=67803 role=fit completed=239 elapsed_s=175.516
[exp7943] phase=replay event=before arm=augmented_set seed=67803 role=tune completed=0 elapsed_s=175.519
[exp7943] phase=replay event=after arm=augmented_set seed=67803 role=tune completed=62 elapsed_s=175.527
[exp7943] phase=replay event=before arm=augmented_set seed=67803 role=policy_design completed=0 elapsed_s=175.530
[exp7943] phase=replay event=after arm=augmented_set seed=67803 role=policy_design completed=29 elapsed_s=175.534
[exp7943] phase=replay event=before arm=augmented_set seed=67803 role=calibration_replay completed=0 elapsed_s=175.537
[exp7943] phase=replay event=after arm=augmented_set seed=67803 role=calibration_replay completed=29 elapsed_s=175.541
[exp7943] phase=replay event=before arm=augmented_set seed=67803 role=online_update completed=0 elapsed_s=175.544
[exp7943] phase=replay event=after arm=augmented_set seed=67803 role=online_update completed=91 elapsed_s=175.553
[exp7943] phase=replay event=before arm=augmented_set seed=67803 role=online_admission completed=0 elapsed_s=175.556
[exp7943] phase=replay event=after arm=augmented_set seed=67803 role=online_admission completed=61 elapsed_s=175.562
[exp7943] phase=replay event=before arm=augmented_set seed=67803 role=evaluation completed=0 elapsed_s=175.565
[exp7943] phase=replay event=after arm=augmented_set seed=67803 role=evaluation completed=62 elapsed_s=175.573
[exp7943] phase=replay event=before arm=augmented_set seed=67803 role=retention completed=0 elapsed_s=175.575
[exp7943] phase=replay event=after arm=augmented_set seed=67803 role=retention completed=31 elapsed_s=175.580
[exp7943] phase=replay event=before arm=constrained_set seed=67801 role=fit completed=0 elapsed_s=175.584
[exp7943] phase=replay event=after arm=constrained_set seed=67801 role=fit completed=239 elapsed_s=175.611
[exp7943] phase=replay event=before arm=constrained_set seed=67801 role=tune completed=0 elapsed_s=175.614
[exp7943] phase=replay event=after arm=constrained_set seed=67801 role=tune completed=62 elapsed_s=175.623
[exp7943] phase=replay event=before arm=constrained_set seed=67801 role=policy_design completed=0 elapsed_s=175.626
[exp7943] phase=replay event=after arm=constrained_set seed=67801 role=policy_design completed=29 elapsed_s=175.630
[exp7943] phase=replay event=before arm=constrained_set seed=67801 role=calibration_replay completed=0 elapsed_s=175.633
[exp7943] phase=replay event=after arm=constrained_set seed=67801 role=calibration_replay completed=29 elapsed_s=175.637
[exp7943] phase=replay event=before arm=constrained_set seed=67801 role=online_update completed=0 elapsed_s=175.639
[exp7943] phase=replay event=after arm=constrained_set seed=67801 role=online_update completed=91 elapsed_s=175.648
[exp7943] phase=replay event=before arm=constrained_set seed=67801 role=online_admission completed=0 elapsed_s=175.651
[exp7943] phase=replay event=after arm=constrained_set seed=67801 role=online_admission completed=61 elapsed_s=175.661
[exp7943] phase=replay event=before arm=constrained_set seed=67801 role=evaluation completed=0 elapsed_s=175.665
[exp7943] phase=replay event=after arm=constrained_set seed=67801 role=evaluation completed=62 elapsed_s=175.674
[exp7943] phase=replay event=before arm=constrained_set seed=67801 role=retention completed=0 elapsed_s=175.677
[exp7943] phase=replay event=after arm=constrained_set seed=67801 role=retention completed=31 elapsed_s=175.681
[exp7943] phase=replay event=before arm=constrained_set seed=67802 role=fit completed=0 elapsed_s=175.685
[exp7943] phase=replay event=after arm=constrained_set seed=67802 role=fit completed=239 elapsed_s=175.711
[exp7943] phase=replay event=before arm=constrained_set seed=67802 role=tune completed=0 elapsed_s=175.714
[exp7943] phase=replay event=after arm=constrained_set seed=67802 role=tune completed=62 elapsed_s=175.723
[exp7943] phase=replay event=before arm=constrained_set seed=67802 role=policy_design completed=0 elapsed_s=175.726
[exp7943] phase=replay event=after arm=constrained_set seed=67802 role=policy_design completed=29 elapsed_s=175.731
[exp7943] phase=replay event=before arm=constrained_set seed=67802 role=calibration_replay completed=0 elapsed_s=175.733
[exp7943] phase=replay event=after arm=constrained_set seed=67802 role=calibration_replay completed=29 elapsed_s=175.738
[exp7943] phase=replay event=before arm=constrained_set seed=67802 role=online_update completed=0 elapsed_s=175.741
[exp7943] phase=replay event=after arm=constrained_set seed=67802 role=online_update completed=91 elapsed_s=175.750
[exp7943] phase=replay event=before arm=constrained_set seed=67802 role=online_admission completed=0 elapsed_s=175.753
[exp7943] phase=replay event=after arm=constrained_set seed=67802 role=online_admission completed=61 elapsed_s=175.759
[exp7943] phase=replay event=before arm=constrained_set seed=67802 role=evaluation completed=0 elapsed_s=175.762
[exp7943] phase=replay event=after arm=constrained_set seed=67802 role=evaluation completed=62 elapsed_s=175.770
[exp7943] phase=replay event=before arm=constrained_set seed=67802 role=retention completed=0 elapsed_s=175.773
[exp7943] phase=replay event=after arm=constrained_set seed=67802 role=retention completed=31 elapsed_s=175.778
[exp7943] phase=replay event=before arm=constrained_set seed=67803 role=fit completed=0 elapsed_s=175.782
[exp7943] phase=replay event=after arm=constrained_set seed=67803 role=fit completed=239 elapsed_s=175.808
[exp7943] phase=replay event=before arm=constrained_set seed=67803 role=tune completed=0 elapsed_s=175.811
[exp7943] phase=replay event=after arm=constrained_set seed=67803 role=tune completed=62 elapsed_s=175.820
[exp7943] phase=replay event=before arm=constrained_set seed=67803 role=policy_design completed=0 elapsed_s=175.823
[exp7943] phase=replay event=after arm=constrained_set seed=67803 role=policy_design completed=29 elapsed_s=175.827
[exp7943] phase=replay event=before arm=constrained_set seed=67803 role=calibration_replay completed=0 elapsed_s=175.830
[exp7943] phase=replay event=after arm=constrained_set seed=67803 role=calibration_replay completed=29 elapsed_s=175.834
[exp7943] phase=replay event=before arm=constrained_set seed=67803 role=online_update completed=0 elapsed_s=175.837
[exp7943] phase=replay event=after arm=constrained_set seed=67803 role=online_update completed=91 elapsed_s=175.846
[exp7943] phase=replay event=before arm=constrained_set seed=67803 role=online_admission completed=0 elapsed_s=175.849
[exp7943] phase=replay event=after arm=constrained_set seed=67803 role=online_admission completed=61 elapsed_s=175.855
[exp7943] phase=replay event=before arm=constrained_set seed=67803 role=evaluation completed=0 elapsed_s=175.858
[exp7943] phase=replay event=after arm=constrained_set seed=67803 role=evaluation completed=62 elapsed_s=175.866
[exp7943] phase=replay event=before arm=constrained_set seed=67803 role=retention completed=0 elapsed_s=175.869
[exp7943] phase=replay event=after arm=constrained_set seed=67803 role=retention completed=31 elapsed_s=175.873
[exp7943] phase=replay event=before arm=augmented_mlp seed=67801 role=fit completed=0 elapsed_s=175.910
[exp7943] phase=replay event=after arm=augmented_mlp seed=67801 role=fit completed=239 elapsed_s=176.318
[exp7943] phase=replay event=before arm=augmented_mlp seed=67801 role=tune completed=0 elapsed_s=176.321
[exp7943] phase=replay event=after arm=augmented_mlp seed=67801 role=tune completed=62 elapsed_s=176.676
[exp7943] phase=replay event=before arm=augmented_mlp seed=67801 role=policy_design completed=0 elapsed_s=176.678
[exp7943] phase=replay event=after arm=augmented_mlp seed=67801 role=policy_design completed=29 elapsed_s=177.030
[exp7943] phase=replay event=before arm=augmented_mlp seed=67801 role=calibration_replay completed=0 elapsed_s=177.033
[exp7943] phase=replay event=after arm=augmented_mlp seed=67801 role=calibration_replay completed=29 elapsed_s=177.377
[exp7943] phase=replay event=before arm=augmented_mlp seed=67801 role=online_update completed=0 elapsed_s=177.380
[exp7943] phase=replay event=after arm=augmented_mlp seed=67801 role=online_update completed=91 elapsed_s=177.754
[exp7943] phase=replay event=before arm=augmented_mlp seed=67801 role=online_admission completed=0 elapsed_s=177.756
[exp7943] phase=replay event=after arm=augmented_mlp seed=67801 role=online_admission completed=61 elapsed_s=178.117
[exp7943] phase=replay event=before arm=augmented_mlp seed=67801 role=evaluation completed=0 elapsed_s=178.120
[exp7943] phase=replay event=after arm=augmented_mlp seed=67801 role=evaluation completed=62 elapsed_s=178.478
[exp7943] phase=replay event=before arm=augmented_mlp seed=67801 role=retention completed=0 elapsed_s=178.482
[exp7943] phase=replay event=after arm=augmented_mlp seed=67801 role=retention completed=31 elapsed_s=178.833
[exp7943] phase=replay event=before arm=augmented_mlp seed=67802 role=fit completed=0 elapsed_s=178.842
[exp7943] phase=replay event=after arm=augmented_mlp seed=67802 role=fit completed=239 elapsed_s=178.921
[exp7943] phase=replay event=before arm=augmented_mlp seed=67802 role=tune completed=0 elapsed_s=178.924
[exp7943] phase=replay event=after arm=augmented_mlp seed=67802 role=tune completed=62 elapsed_s=178.946
[exp7943] phase=replay event=before arm=augmented_mlp seed=67802 role=policy_design completed=0 elapsed_s=178.949
[exp7943] phase=replay event=after arm=augmented_mlp seed=67802 role=policy_design completed=29 elapsed_s=178.958
[exp7943] phase=replay event=before arm=augmented_mlp seed=67802 role=calibration_replay completed=0 elapsed_s=178.961
[exp7943] phase=replay event=after arm=augmented_mlp seed=67802 role=calibration_replay completed=29 elapsed_s=178.967
[exp7943] phase=replay event=before arm=augmented_mlp seed=67802 role=online_update completed=0 elapsed_s=178.970
[exp7943] phase=replay event=after arm=augmented_mlp seed=67802 role=online_update completed=91 elapsed_s=178.994
[exp7943] phase=replay event=before arm=augmented_mlp seed=67802 role=online_admission completed=0 elapsed_s=178.997
[exp7943] phase=replay event=after arm=augmented_mlp seed=67802 role=online_admission completed=61 elapsed_s=179.013
[exp7943] phase=replay event=before arm=augmented_mlp seed=67802 role=evaluation completed=0 elapsed_s=179.016
[exp7943] phase=replay event=after arm=augmented_mlp seed=67802 role=evaluation completed=62 elapsed_s=179.037
[exp7943] phase=replay event=before arm=augmented_mlp seed=67802 role=retention completed=0 elapsed_s=179.040
[exp7943] phase=replay event=after arm=augmented_mlp seed=67802 role=retention completed=31 elapsed_s=179.048
[exp7943] phase=replay event=before arm=augmented_mlp seed=67803 role=fit completed=0 elapsed_s=179.056
[exp7943] phase=replay event=after arm=augmented_mlp seed=67803 role=fit completed=239 elapsed_s=179.134
[exp7943] phase=replay event=before arm=augmented_mlp seed=67803 role=tune completed=0 elapsed_s=179.137
[exp7943] phase=replay event=after arm=augmented_mlp seed=67803 role=tune completed=62 elapsed_s=179.159
[exp7943] phase=replay event=before arm=augmented_mlp seed=67803 role=policy_design completed=0 elapsed_s=179.162
[exp7943] phase=replay event=after arm=augmented_mlp seed=67803 role=policy_design completed=29 elapsed_s=179.171
[exp7943] phase=replay event=before arm=augmented_mlp seed=67803 role=calibration_replay completed=0 elapsed_s=179.173
[exp7943] phase=replay event=after arm=augmented_mlp seed=67803 role=calibration_replay completed=29 elapsed_s=179.179
[exp7943] phase=replay event=before arm=augmented_mlp seed=67803 role=online_update completed=0 elapsed_s=179.182
[exp7943] phase=replay event=after arm=augmented_mlp seed=67803 role=online_update completed=91 elapsed_s=179.207
[exp7943] phase=replay event=before arm=augmented_mlp seed=67803 role=online_admission completed=0 elapsed_s=179.210
[exp7943] phase=replay event=after arm=augmented_mlp seed=67803 role=online_admission completed=61 elapsed_s=179.226
[exp7943] phase=replay event=before arm=augmented_mlp seed=67803 role=evaluation completed=0 elapsed_s=179.228
[exp7943] phase=replay event=after arm=augmented_mlp seed=67803 role=evaluation completed=62 elapsed_s=179.248
[exp7943] phase=replay event=before arm=augmented_mlp seed=67803 role=retention completed=0 elapsed_s=179.251
[exp7943] phase=replay event=after arm=augmented_mlp seed=67803 role=retention completed=31 elapsed_s=179.259
[exp7943] phase=replay event=before arm=constrained_mlp seed=67801 role=fit completed=0 elapsed_s=179.268
[exp7943] phase=replay event=after arm=constrained_mlp seed=67801 role=fit completed=239 elapsed_s=179.347
[exp7943] phase=replay event=before arm=constrained_mlp seed=67801 role=tune completed=0 elapsed_s=179.350
[exp7943] phase=replay event=after arm=constrained_mlp seed=67801 role=tune completed=62 elapsed_s=179.372
[exp7943] phase=replay event=before arm=constrained_mlp seed=67801 role=policy_design completed=0 elapsed_s=179.375
[exp7943] phase=replay event=after arm=constrained_mlp seed=67801 role=policy_design completed=29 elapsed_s=179.383
[exp7943] phase=replay event=before arm=constrained_mlp seed=67801 role=calibration_replay completed=0 elapsed_s=179.386
[exp7943] phase=replay event=after arm=constrained_mlp seed=67801 role=calibration_replay completed=29 elapsed_s=179.392
[exp7943] phase=replay event=before arm=constrained_mlp seed=67801 role=online_update completed=0 elapsed_s=179.395
[exp7943] phase=replay event=after arm=constrained_mlp seed=67801 role=online_update completed=91 elapsed_s=179.420
[exp7943] phase=replay event=before arm=constrained_mlp seed=67801 role=online_admission completed=0 elapsed_s=179.423
[exp7943] phase=replay event=after arm=constrained_mlp seed=67801 role=online_admission completed=61 elapsed_s=179.438
[exp7943] phase=replay event=before arm=constrained_mlp seed=67801 role=evaluation completed=0 elapsed_s=179.441
[exp7943] phase=replay event=after arm=constrained_mlp seed=67801 role=evaluation completed=62 elapsed_s=179.461
[exp7943] phase=replay event=before arm=constrained_mlp seed=67801 role=retention completed=0 elapsed_s=179.464
[exp7943] phase=replay event=after arm=constrained_mlp seed=67801 role=retention completed=31 elapsed_s=179.473
[exp7943] phase=replay event=before arm=constrained_mlp seed=67802 role=fit completed=0 elapsed_s=179.481
[exp7943] phase=replay event=after arm=constrained_mlp seed=67802 role=fit completed=239 elapsed_s=179.568
[exp7943] phase=replay event=before arm=constrained_mlp seed=67802 role=tune completed=0 elapsed_s=179.571
[exp7943] phase=replay event=after arm=constrained_mlp seed=67802 role=tune completed=62 elapsed_s=179.595
[exp7943] phase=replay event=before arm=constrained_mlp seed=67802 role=policy_design completed=0 elapsed_s=179.598
[exp7943] phase=replay event=after arm=constrained_mlp seed=67802 role=policy_design completed=29 elapsed_s=179.608
[exp7943] phase=replay event=before arm=constrained_mlp seed=67802 role=calibration_replay completed=0 elapsed_s=179.611
[exp7943] phase=replay event=after arm=constrained_mlp seed=67802 role=calibration_replay completed=29 elapsed_s=179.618
[exp7943] phase=replay event=before arm=constrained_mlp seed=67802 role=online_update completed=0 elapsed_s=179.621
[exp7943] phase=replay event=after arm=constrained_mlp seed=67802 role=online_update completed=91 elapsed_s=179.646
[exp7943] phase=replay event=before arm=constrained_mlp seed=67802 role=online_admission completed=0 elapsed_s=179.649
[exp7943] phase=replay event=after arm=constrained_mlp seed=67802 role=online_admission completed=61 elapsed_s=179.666
[exp7943] phase=replay event=before arm=constrained_mlp seed=67802 role=evaluation completed=0 elapsed_s=179.670
[exp7943] phase=replay event=after arm=constrained_mlp seed=67802 role=evaluation completed=62 elapsed_s=179.691
[exp7943] phase=replay event=before arm=constrained_mlp seed=67802 role=retention completed=0 elapsed_s=179.693
[exp7943] phase=replay event=after arm=constrained_mlp seed=67802 role=retention completed=31 elapsed_s=179.702
[exp7943] phase=replay event=before arm=constrained_mlp seed=67803 role=fit completed=0 elapsed_s=179.710
[exp7943] phase=replay event=after arm=constrained_mlp seed=67803 role=fit completed=239 elapsed_s=179.792
[exp7943] phase=replay event=before arm=constrained_mlp seed=67803 role=tune completed=0 elapsed_s=179.795
[exp7943] phase=replay event=after arm=constrained_mlp seed=67803 role=tune completed=62 elapsed_s=179.818
[exp7943] phase=replay event=before arm=constrained_mlp seed=67803 role=policy_design completed=0 elapsed_s=179.821
[exp7943] phase=replay event=after arm=constrained_mlp seed=67803 role=policy_design completed=29 elapsed_s=179.829
[exp7943] phase=replay event=before arm=constrained_mlp seed=67803 role=calibration_replay completed=0 elapsed_s=179.832
[exp7943] phase=replay event=after arm=constrained_mlp seed=67803 role=calibration_replay completed=29 elapsed_s=179.838
[exp7943] phase=replay event=before arm=constrained_mlp seed=67803 role=online_update completed=0 elapsed_s=179.842
[exp7943] phase=replay event=after arm=constrained_mlp seed=67803 role=online_update completed=91 elapsed_s=179.869
[exp7943] phase=replay event=before arm=constrained_mlp seed=67803 role=online_admission completed=0 elapsed_s=179.872
[exp7943] phase=replay event=after arm=constrained_mlp seed=67803 role=online_admission completed=61 elapsed_s=179.888
[exp7943] phase=replay event=before arm=constrained_mlp seed=67803 role=evaluation completed=0 elapsed_s=179.892
[exp7943] phase=replay event=after arm=constrained_mlp seed=67803 role=evaluation completed=62 elapsed_s=179.912
[exp7943] phase=replay event=before arm=constrained_mlp seed=67803 role=retention completed=0 elapsed_s=179.915
[exp7943] phase=replay event=after arm=constrained_mlp seed=67803 role=retention completed=31 elapsed_s=179.924
[exp7943] phase=replay event=before arm=local_logistic seed=67801 role=fit completed=0 elapsed_s=179.928
[exp7943] phase=replay event=after arm=local_logistic seed=67801 role=fit completed=239 elapsed_s=179.973
[exp7943] phase=replay event=before arm=local_logistic seed=67801 role=tune completed=0 elapsed_s=179.976
[exp7943] phase=replay event=after arm=local_logistic seed=67801 role=tune completed=62 elapsed_s=179.994
[exp7943] phase=replay event=before arm=local_logistic seed=67801 role=policy_design completed=0 elapsed_s=179.997
[exp7943] phase=replay event=after arm=local_logistic seed=67801 role=policy_design completed=29 elapsed_s=180.011
[exp7943] phase=replay event=before arm=local_logistic seed=67801 role=calibration_replay completed=0 elapsed_s=180.014
[exp7943] phase=replay event=after arm=local_logistic seed=67801 role=calibration_replay completed=29 elapsed_s=180.028
[exp7943] phase=replay event=before arm=local_logistic seed=67801 role=online_update completed=0 elapsed_s=180.030
[exp7943] phase=replay event=after arm=local_logistic seed=67801 role=online_update completed=91 elapsed_s=180.050
[exp7943] phase=replay event=before arm=local_logistic seed=67801 role=online_admission completed=0 elapsed_s=180.053
[exp7943] phase=replay event=after arm=local_logistic seed=67801 role=online_admission completed=61 elapsed_s=180.073
[exp7943] phase=replay event=before arm=local_logistic seed=67801 role=evaluation completed=0 elapsed_s=180.076
[exp7943] phase=replay event=after arm=local_logistic seed=67801 role=evaluation completed=62 elapsed_s=180.096
[exp7943] phase=replay event=before arm=local_logistic seed=67801 role=retention completed=0 elapsed_s=180.099
[exp7943] phase=replay event=after arm=local_logistic seed=67801 role=retention completed=31 elapsed_s=180.114
[exp7943] phase=replay event=before arm=local_logistic seed=67802 role=fit completed=0 elapsed_s=180.117
[exp7943] phase=replay event=after arm=local_logistic seed=67802 role=fit completed=239 elapsed_s=180.161
[exp7943] phase=replay event=before arm=local_logistic seed=67802 role=tune completed=0 elapsed_s=180.163
[exp7943] phase=replay event=after arm=local_logistic seed=67802 role=tune completed=62 elapsed_s=180.178
[exp7943] phase=replay event=before arm=local_logistic seed=67802 role=policy_design completed=0 elapsed_s=180.181
[exp7943] phase=replay event=after arm=local_logistic seed=67802 role=policy_design completed=29 elapsed_s=180.185
[exp7943] phase=replay event=before arm=local_logistic seed=67802 role=calibration_replay completed=0 elapsed_s=180.188
[exp7943] phase=replay event=after arm=local_logistic seed=67802 role=calibration_replay completed=29 elapsed_s=180.192
[exp7943] phase=replay event=before arm=local_logistic seed=67802 role=online_update completed=0 elapsed_s=180.195
[exp7943] phase=replay event=after arm=local_logistic seed=67802 role=online_update completed=91 elapsed_s=180.209
[exp7943] phase=replay event=before arm=local_logistic seed=67802 role=online_admission completed=0 elapsed_s=180.212
[exp7943] phase=replay event=after arm=local_logistic seed=67802 role=online_admission completed=61 elapsed_s=180.221
[exp7943] phase=replay event=before arm=local_logistic seed=67802 role=evaluation completed=0 elapsed_s=180.224
[exp7943] phase=replay event=after arm=local_logistic seed=67802 role=evaluation completed=62 elapsed_s=180.236
[exp7943] phase=replay event=before arm=local_logistic seed=67802 role=retention completed=0 elapsed_s=180.239
[exp7943] phase=replay event=after arm=local_logistic seed=67802 role=retention completed=31 elapsed_s=180.244
[exp7943] phase=replay event=before arm=local_logistic seed=67803 role=fit completed=0 elapsed_s=180.248
[exp7943] phase=replay event=after arm=local_logistic seed=67803 role=fit completed=239 elapsed_s=180.290
[exp7943] phase=replay event=before arm=local_logistic seed=67803 role=tune completed=0 elapsed_s=180.293
[exp7943] phase=replay event=after arm=local_logistic seed=67803 role=tune completed=62 elapsed_s=180.306
[exp7943] phase=replay event=before arm=local_logistic seed=67803 role=policy_design completed=0 elapsed_s=180.309
[exp7943] phase=replay event=after arm=local_logistic seed=67803 role=policy_design completed=29 elapsed_s=180.314
[exp7943] phase=replay event=before arm=local_logistic seed=67803 role=calibration_replay completed=0 elapsed_s=180.317
[exp7943] phase=replay event=after arm=local_logistic seed=67803 role=calibration_replay completed=29 elapsed_s=180.321
[exp7943] phase=replay event=before arm=local_logistic seed=67803 role=online_update completed=0 elapsed_s=180.324
[exp7943] phase=replay event=after arm=local_logistic seed=67803 role=online_update completed=91 elapsed_s=180.338
[exp7943] phase=replay event=before arm=local_logistic seed=67803 role=online_admission completed=0 elapsed_s=180.342
[exp7943] phase=replay event=after arm=local_logistic seed=67803 role=online_admission completed=61 elapsed_s=180.351
[exp7943] phase=replay event=before arm=local_logistic seed=67803 role=evaluation completed=0 elapsed_s=180.354
[exp7943] phase=replay event=after arm=local_logistic seed=67803 role=evaluation completed=62 elapsed_s=180.365
[exp7943] phase=replay event=before arm=local_logistic seed=67803 role=retention completed=0 elapsed_s=180.368
[exp7943] phase=replay event=after arm=local_logistic seed=67803 role=retention completed=31 elapsed_s=180.374
[exp7943] phase=replay event=before arm=source_erased_constrained_set seed=67801 role=fit completed=0 elapsed_s=180.894
[exp7943] phase=replay event=after arm=source_erased_constrained_set seed=67801 role=fit completed=239 elapsed_s=181.339
[exp7943] phase=replay event=before arm=source_erased_constrained_set seed=67801 role=tune completed=0 elapsed_s=181.481
[exp7943] phase=replay event=after arm=source_erased_constrained_set seed=67801 role=tune completed=62 elapsed_s=181.916
[exp7943] phase=replay event=before arm=source_erased_constrained_set seed=67801 role=policy_design completed=0 elapsed_s=181.988
[exp7943] phase=replay event=after arm=source_erased_constrained_set seed=67801 role=policy_design completed=29 elapsed_s=182.426
[exp7943] phase=replay event=before arm=source_erased_constrained_set seed=67801 role=calibration_replay completed=0 elapsed_s=182.494
[exp7943] phase=replay event=after arm=source_erased_constrained_set seed=67801 role=calibration_replay completed=29 elapsed_s=182.851
[exp7943] phase=replay event=before arm=source_erased_constrained_set seed=67801 role=online_update completed=0 elapsed_s=183.041
[exp7943] phase=replay event=after arm=source_erased_constrained_set seed=67801 role=online_update completed=91 elapsed_s=183.477
[exp7943] phase=replay event=before arm=source_erased_constrained_set seed=67801 role=online_admission completed=0 elapsed_s=183.624
[exp7943] phase=replay event=after arm=source_erased_constrained_set seed=67801 role=online_admission completed=61 elapsed_s=184.056
[exp7943] phase=replay event=before arm=source_erased_constrained_set seed=67801 role=evaluation completed=0 elapsed_s=184.183
[exp7943] phase=replay event=after arm=source_erased_constrained_set seed=67801 role=evaluation completed=62 elapsed_s=184.538
[exp7943] phase=replay event=before arm=source_erased_constrained_set seed=67801 role=retention completed=0 elapsed_s=184.616
[exp7943] phase=replay event=after arm=source_erased_constrained_set seed=67801 role=retention completed=31 elapsed_s=185.051
[exp7943] phase=replay event=before arm=source_erased_constrained_set seed=67802 role=fit completed=0 elapsed_s=185.055
[exp7943] phase=replay event=after arm=source_erased_constrained_set seed=67802 role=fit completed=239 elapsed_s=185.060
[exp7943] phase=replay event=before arm=source_erased_constrained_set seed=67802 role=tune completed=0 elapsed_s=185.063
[exp7943] phase=replay event=after arm=source_erased_constrained_set seed=67802 role=tune completed=62 elapsed_s=185.066
[exp7943] phase=replay event=before arm=source_erased_constrained_set seed=67802 role=policy_design completed=0 elapsed_s=185.069
[exp7943] phase=replay event=after arm=source_erased_constrained_set seed=67802 role=policy_design completed=29 elapsed_s=185.072
[exp7943] phase=replay event=before arm=source_erased_constrained_set seed=67802 role=calibration_replay completed=0 elapsed_s=185.074
[exp7943] phase=replay event=after arm=source_erased_constrained_set seed=67802 role=calibration_replay completed=29 elapsed_s=185.077
[exp7943] phase=replay event=before arm=source_erased_constrained_set seed=67802 role=online_update completed=0 elapsed_s=185.079
[exp7943] phase=replay event=after arm=source_erased_constrained_set seed=67802 role=online_update completed=91 elapsed_s=185.083
[exp7943] phase=replay event=before arm=source_erased_constrained_set seed=67802 role=online_admission completed=0 elapsed_s=185.085
[exp7943] phase=replay event=after arm=source_erased_constrained_set seed=67802 role=online_admission completed=61 elapsed_s=185.088
[exp7943] phase=replay event=before arm=source_erased_constrained_set seed=67802 role=evaluation completed=0 elapsed_s=185.091
[exp7943] phase=replay event=after arm=source_erased_constrained_set seed=67802 role=evaluation completed=62 elapsed_s=185.094
[exp7943] phase=replay event=before arm=source_erased_constrained_set seed=67802 role=retention completed=0 elapsed_s=185.096
[exp7943] phase=replay event=after arm=source_erased_constrained_set seed=67802 role=retention completed=31 elapsed_s=185.099
[exp7943] phase=replay event=before arm=source_erased_constrained_set seed=67803 role=fit completed=0 elapsed_s=185.102
[exp7943] phase=replay event=after arm=source_erased_constrained_set seed=67803 role=fit completed=239 elapsed_s=185.108
[exp7943] phase=replay event=before arm=source_erased_constrained_set seed=67803 role=tune completed=0 elapsed_s=185.110
[exp7943] phase=replay event=after arm=source_erased_constrained_set seed=67803 role=tune completed=62 elapsed_s=185.114
[exp7943] phase=replay event=before arm=source_erased_constrained_set seed=67803 role=policy_design completed=0 elapsed_s=185.116
[exp7943] phase=replay event=after arm=source_erased_constrained_set seed=67803 role=policy_design completed=29 elapsed_s=185.119
[exp7943] phase=replay event=before arm=source_erased_constrained_set seed=67803 role=calibration_replay completed=0 elapsed_s=185.121
[exp7943] phase=replay event=after arm=source_erased_constrained_set seed=67803 role=calibration_replay completed=29 elapsed_s=185.124
[exp7943] phase=replay event=before arm=source_erased_constrained_set seed=67803 role=online_update completed=0 elapsed_s=185.126
[exp7943] phase=replay event=after arm=source_erased_constrained_set seed=67803 role=online_update completed=91 elapsed_s=185.130
[exp7943] phase=replay event=before arm=source_erased_constrained_set seed=67803 role=online_admission completed=0 elapsed_s=185.132
[exp7943] phase=replay event=after arm=source_erased_constrained_set seed=67803 role=online_admission completed=61 elapsed_s=185.135
[exp7943] phase=replay event=before arm=source_erased_constrained_set seed=67803 role=evaluation completed=0 elapsed_s=185.137
[exp7943] phase=replay event=after arm=source_erased_constrained_set seed=67803 role=evaluation completed=62 elapsed_s=185.141
[exp7943] phase=replay event=before arm=source_erased_constrained_set seed=67803 role=retention completed=0 elapsed_s=185.143
[exp7943] phase=replay event=after arm=source_erased_constrained_set seed=67803 role=retention completed=31 elapsed_s=185.146
[exp7943] phase=replay event=before arm=complete_static_constrained_set seed=67801 role=fit completed=0 elapsed_s=232.072
[exp7943] phase=replay event=after arm=complete_static_constrained_set seed=67801 role=fit completed=239 elapsed_s=232.154
[exp7943] phase=replay event=before arm=complete_static_constrained_set seed=67801 role=tune completed=0 elapsed_s=244.597
[exp7943] phase=replay event=after arm=complete_static_constrained_set seed=67801 role=tune completed=62 elapsed_s=244.636
[exp7943] phase=replay event=before arm=complete_static_constrained_set seed=67801 role=policy_design completed=0 elapsed_s=249.336
[exp7943] phase=replay event=after arm=complete_static_constrained_set seed=67801 role=policy_design completed=29 elapsed_s=249.363
[exp7943] phase=replay event=before arm=complete_static_constrained_set seed=67801 role=calibration_replay completed=0 elapsed_s=253.372
[exp7943] phase=replay event=after arm=complete_static_constrained_set seed=67801 role=calibration_replay completed=29 elapsed_s=253.397
[exp7943] phase=replay event=before arm=complete_static_constrained_set seed=67801 role=online_update completed=0 elapsed_s=268.321
[exp7943] phase=replay event=after arm=complete_static_constrained_set seed=67801 role=online_update completed=91 elapsed_s=268.360
[exp7943] phase=replay event=before arm=complete_static_constrained_set seed=67801 role=online_admission completed=0 elapsed_s=279.920
[exp7943] phase=replay event=after arm=complete_static_constrained_set seed=67801 role=online_admission completed=61 elapsed_s=279.951
[exp7943] phase=replay event=before arm=complete_static_constrained_set seed=67801 role=evaluation completed=0 elapsed_s=294.433
[exp7943] phase=replay event=after arm=complete_static_constrained_set seed=67801 role=evaluation completed=62 elapsed_s=294.467
[exp7943] phase=replay event=before arm=complete_static_constrained_set seed=67801 role=retention completed=0 elapsed_s=299.053
[exp7943] phase=replay event=after arm=complete_static_constrained_set seed=67801 role=retention completed=31 elapsed_s=299.081
[exp7943] phase=replay event=before arm=complete_static_constrained_set seed=67802 role=fit completed=0 elapsed_s=299.085
[exp7943] phase=replay event=after arm=complete_static_constrained_set seed=67802 role=fit completed=239 elapsed_s=299.112
[exp7943] phase=replay event=before arm=complete_static_constrained_set seed=67802 role=tune completed=0 elapsed_s=299.115
[exp7943] phase=replay event=after arm=complete_static_constrained_set seed=67802 role=tune completed=62 elapsed_s=299.124
[exp7943] phase=replay event=before arm=complete_static_constrained_set seed=67802 role=policy_design completed=0 elapsed_s=299.127
[exp7943] phase=replay event=after arm=complete_static_constrained_set seed=67802 role=policy_design completed=29 elapsed_s=299.132
[exp7943] phase=replay event=before arm=complete_static_constrained_set seed=67802 role=calibration_replay completed=0 elapsed_s=299.134
[exp7943] phase=replay event=after arm=complete_static_constrained_set seed=67802 role=calibration_replay completed=29 elapsed_s=299.138
[exp7943] phase=replay event=before arm=complete_static_constrained_set seed=67802 role=online_update completed=0 elapsed_s=299.141
[exp7943] phase=replay event=after arm=complete_static_constrained_set seed=67802 role=online_update completed=91 elapsed_s=299.150
[exp7943] phase=replay event=before arm=complete_static_constrained_set seed=67802 role=online_admission completed=0 elapsed_s=299.153
[exp7943] phase=replay event=after arm=complete_static_constrained_set seed=67802 role=online_admission completed=61 elapsed_s=299.160
[exp7943] phase=replay event=before arm=complete_static_constrained_set seed=67802 role=evaluation completed=0 elapsed_s=299.162
[exp7943] phase=replay event=after arm=complete_static_constrained_set seed=67802 role=evaluation completed=62 elapsed_s=299.171
[exp7943] phase=replay event=before arm=complete_static_constrained_set seed=67802 role=retention completed=0 elapsed_s=299.174
[exp7943] phase=replay event=after arm=complete_static_constrained_set seed=67802 role=retention completed=31 elapsed_s=299.179
[exp7943] phase=replay event=before arm=complete_static_constrained_set seed=67803 role=fit completed=0 elapsed_s=299.183
[exp7943] phase=replay event=after arm=complete_static_constrained_set seed=67803 role=fit completed=239 elapsed_s=299.210
[exp7943] phase=replay event=before arm=complete_static_constrained_set seed=67803 role=tune completed=0 elapsed_s=299.213
[exp7943] phase=replay event=after arm=complete_static_constrained_set seed=67803 role=tune completed=62 elapsed_s=299.222
[exp7943] phase=replay event=before arm=complete_static_constrained_set seed=67803 role=policy_design completed=0 elapsed_s=299.225
[exp7943] phase=replay event=after arm=complete_static_constrained_set seed=67803 role=policy_design completed=29 elapsed_s=299.229
[exp7943] phase=replay event=before arm=complete_static_constrained_set seed=67803 role=calibration_replay completed=0 elapsed_s=299.232
[exp7943] phase=replay event=after arm=complete_static_constrained_set seed=67803 role=calibration_replay completed=29 elapsed_s=299.237
[exp7943] phase=replay event=before arm=complete_static_constrained_set seed=67803 role=online_update completed=0 elapsed_s=299.240
[exp7943] phase=replay event=after arm=complete_static_constrained_set seed=67803 role=online_update completed=91 elapsed_s=299.249
[exp7943] phase=replay event=before arm=complete_static_constrained_set seed=67803 role=online_admission completed=0 elapsed_s=299.252
[exp7943] phase=replay event=after arm=complete_static_constrained_set seed=67803 role=online_admission completed=61 elapsed_s=299.259
[exp7943] phase=replay event=before arm=complete_static_constrained_set seed=67803 role=evaluation completed=0 elapsed_s=299.263
[exp7943] phase=replay event=after arm=complete_static_constrained_set seed=67803 role=evaluation completed=62 elapsed_s=299.273
[exp7943] phase=replay event=before arm=complete_static_constrained_set seed=67803 role=retention completed=0 elapsed_s=299.276
[exp7943] phase=replay event=after arm=complete_static_constrained_set seed=67803 role=retention completed=31 elapsed_s=299.280
[exp7943] phase=replay event=public-byte reconstruction passed completed=16308 elapsed_s=299.281
[exp7943] phase=replay event=passed completed=16308 elapsed_s=299.295
