[exp7943] phase=start event=flushed completed=0 elapsed_s=0.000
[exp7943] phase=fixture_fit event=before completed=0 elapsed_s=0.085
[exp7943] phase=resolve_inputs event=fixture completed=0 elapsed_s=0.085
[exp7943] phase=before_head_fit event=fixture completed=0 elapsed_s=0.089
[exp7943] phase=after_head_fit event=fixture completed=1 elapsed_s=3.198
[exp7943] phase=fixture_fit event=after completed=3 elapsed_s=4.011
[exp7303-validation] before_subprocess adversarial elapsed_s=0.000 unit=1/2
[exp7303-validation:adversarial] {
[exp7303-validation:adversarial]   "reports": [
[exp7303-validation:adversarial]     {
[exp7303-validation:adversarial]       "artifact": "/home/ianblenke/github.com/ianblenke/carnot/results/raw/experiment_7943_v689_energy_fit/routes/success/raw/experiment_7943_fixture/candidate.json",
[exp7303-validation:adversarial]       "loaded": true,
[exp7303-validation:adversarial]       "exp_id": 7943,
[exp7303-validation:adversarial]       "title": "",
[exp7303-validation:adversarial]       "honest_verdict": "complete_circular_positive_publication_fixture",
[exp7303-validation:adversarial]       "flag_count": 0,
[exp7303-validation:adversarial]       "max_severity": -1,
[exp7303-validation:adversarial]       "flags": [],
[exp7303-validation:adversarial]       "gate_version": "197e0a5eacacb09ce6607ae8bdfd507498082857f0d02ec2003a62c251b69a24"
[exp7303-validation:adversarial]     }
[exp7303-validation:adversarial]   ],
[exp7303-validation:adversarial]   "flagged_count": 0
[exp7303-validation:adversarial] }
[exp7303-validation] after_subprocess adversarial elapsed_s=0.529 exit=0 unit=1/2
[exp7303-validation] before_subprocess row_consistency elapsed_s=0.000 unit=2/2
[exp7303-validation:row_consistency] 
[exp7303-validation:row_consistency] verdict-row-consistency: checked 1, skipped 0 (no per-unit rows), unreadable 0.
[exp7303-validation:row_consistency]   No row/verdict contradictions among the artifacts that could be checked.
[exp7303-validation] after_subprocess row_consistency elapsed_s=0.027 exit=0 unit=2/2
[exp7303-validation] before_subprocess adversarial elapsed_s=0.000 unit=1/2
[exp7303-validation:adversarial] {
[exp7303-validation:adversarial]   "reports": [
[exp7303-validation:adversarial]     {
[exp7303-validation:adversarial]       "artifact": "/home/ianblenke/github.com/ianblenke/carnot/results/raw/experiment_7943_v689_energy_fit/routes/success/raw/experiment_7943_fixture/terminal_candidate.json",
[exp7303-validation:adversarial]       "loaded": true,
[exp7303-validation:adversarial]       "exp_id": 7943,
[exp7303-validation:adversarial]       "title": "",
[exp7303-validation:adversarial]       "honest_verdict": "complete_circular_positive_publication_fixture",
[exp7303-validation:adversarial]       "flag_count": 0,
[exp7303-validation:adversarial]       "max_severity": -1,
[exp7303-validation:adversarial]       "flags": [],
[exp7303-validation:adversarial]       "gate_version": "197e0a5eacacb09ce6607ae8bdfd507498082857f0d02ec2003a62c251b69a24"
[exp7303-validation:adversarial]     }
[exp7303-validation:adversarial]   ],
[exp7303-validation:adversarial]   "flagged_count": 0
[exp7303-validation:adversarial] }
[exp7303-validation] after_subprocess adversarial elapsed_s=0.528 exit=0 unit=1/2
[exp7303-validation] before_subprocess row_consistency elapsed_s=0.000 unit=2/2
[exp7303-validation:row_consistency] 
[exp7303-validation:row_consistency] verdict-row-consistency: checked 1, skipped 0 (no per-unit rows), unreadable 0.
[exp7303-validation:row_consistency]   No row/verdict contradictions among the artifacts that could be checked.
[exp7303-validation] after_subprocess row_consistency elapsed_s=0.047 exit=0 unit=2/2
[exp7943] phase=published event=sha256:781237acb9e2e83878c7b862755c3a52b38558655f1cfac4a0d54e65427ae07c completed=3 elapsed_s=5.156
