[exp8040] phase=freeze_before elapsed_s=0.001 completed=0 pending=0
[exp8040] phase=qualified_small_head_load_before elapsed_s=1.345 completed=0 pending=0
[exp8040] phase=qualified_small_head_load_after elapsed_s=1.794 completed=560 pending=0
[exp8040] phase=freeze_after elapsed_s=1.816 completed=0 pending=0
[exp7303-validation] before_subprocess mapped_inode_regression elapsed_s=0.000 unit=1/1
[exp7303-validation:mapped_inode_regression] ..                                                                       [100%]
[exp7303-validation:mapped_inode_regression] 2 passed in 2.95s
[exp7303-validation] after_subprocess mapped_inode_regression elapsed_s=6.095 exit=0 unit=1/1
[exp8040] phase=native_library_load_before elapsed_s=7.918 completed=0 pending=0
[exp8040] phase=native_library_load_after elapsed_s=7.921 completed=0 pending=0
[exp8040] phase=validation_before elapsed_s=7.938 completed=0 pending=0
[exp7303-validation] before_subprocess unit_consumers_e2e015_019 elapsed_s=0.000 unit=1/9
[exp7303-validation] subprocess_outstanding unit_consumers_e2e015_019 elapsed_s=10.001
[exp7303-validation] subprocess_outstanding unit_consumers_e2e015_019 elapsed_s=20.001
[exp7303-validation:unit_consumers_e2e015_019] ..................                                                       [100%]
[exp7303-validation:unit_consumers_e2e015_019] 18 passed in 19.93s
[exp7303-validation] after_subprocess unit_consumers_e2e015_019 elapsed_s=24.923 exit=0 unit=1/9
[exp7303-validation] before_subprocess coverage_combine elapsed_s=0.000 unit=2/9
[exp7303-validation:coverage_combine] Combined 1 file
[exp7303-validation] after_subprocess coverage_combine elapsed_s=0.050 exit=0 unit=2/9
[exp7303-validation] before_subprocess coverage_report elapsed_s=0.000 unit=3/9
[exp7303-validation:coverage_report] Name                                                                  Stmts   Miss  Cover   Missing
[exp7303-validation:coverage_report] ---------------------------------------------------------------------------------------------------
[exp7303-validation:coverage_report] python/carnot/experiment_8040_v696_native_transaction_cost.py           381      0   100%
[exp7303-validation:coverage_report] scripts/experiments/experiment_8040_v696_native_transaction_cost.py       7      0   100%
[exp7303-validation:coverage_report] ---------------------------------------------------------------------------------------------------
[exp7303-validation:coverage_report] TOTAL                                                                   388      0   100%
[exp7303-validation] after_subprocess coverage_report elapsed_s=0.070 exit=0 unit=3/9
[exp7303-validation] before_subprocess coverage_json elapsed_s=0.000 unit=4/9
[exp7303-validation:coverage_json] Wrote JSON report to /tmp/carnot-8040-s3693a1w/coverage.json
[exp7303-validation] after_subprocess coverage_json elapsed_s=0.076 exit=0 unit=4/9
[exp7303-validation] before_subprocess ruff_check elapsed_s=0.000 unit=5/9
[exp7303-validation:ruff_check] All checks passed!
[exp7303-validation] after_subprocess ruff_check elapsed_s=0.011 exit=0 unit=5/9
[exp7303-validation] before_subprocess ruff_format elapsed_s=0.000 unit=6/9
[exp7303-validation:ruff_format] 3 files already formatted
[exp7303-validation] after_subprocess ruff_format elapsed_s=0.012 exit=0 unit=6/9
[exp7303-validation] before_subprocess strict_mypy elapsed_s=0.000 unit=7/9
[exp7303-validation:strict_mypy] pyproject.toml: note: unused section(s): module = ['carnot.autoresearch.*', 'carnot.benchmarks.*', 'carnot.embeddings.*', 'carnot.embeddings.fast_embedding', 'carnot.embeddings.jepa_energy', 'carnot.extraction.*', 'carnot.hardware.*', 'carnot.inference.*', 'carnot.pipeline.*', 'carnot.pipeline.agentic', 'carnot.pipeline.gemma_loader', 'carnot.pipeline.grammar_constrained_decoder', 'carnot.pipeline.verify_repair', 'carnot.probes.*', 'carnot.probes.drift_probe', 'carnot.samplers.parallel_ising', 'carnot.sampling._vendored_thrml.*', 'carnot.training.capo_loss', 'carnot.training.nce', 'carnot.training.score_matching', 'carnot.training.snl']
[exp7303-validation:strict_mypy] Success: no issues found in 2 source files
[exp7303-validation] after_subprocess strict_mypy elapsed_s=0.096 exit=0 unit=7/9
[exp7303-validation] before_subprocess spec_coverage elapsed_s=0.000 unit=8/9
[exp7303-validation:spec_coverage] OK: All tests reference specification requirements.
[exp7303-validation] after_subprocess spec_coverage elapsed_s=0.023 exit=0 unit=8/9
[exp7303-validation] before_subprocess repository_health elapsed_s=0.000 unit=9/9
[exp7303-validation:repository_health] ============================= test session starts ==============================
[exp7303-validation:repository_health] platform linux -- Python 3.12.13, pytest-9.0.3, pluggy-1.6.0
[exp7303-validation:repository_health] rootdir: /home/ianblenke/github.com/ianblenke/carnot
[exp7303-validation:repository_health] configfile: pyproject.toml
[exp7303-validation:repository_health] plugins: xdist-3.8.0, jaxtyping-0.3.10, cov-7.1.0, hydra-core-1.3.3, anyio-4.13.0, hypothesis-6.155.2
[exp7303-validation:repository_health] created: 4/4 workers
[exp7303-validation] subprocess_outstanding repository_health elapsed_s=10.001
[exp7303-validation] subprocess_outstanding repository_health elapsed_s=20.001
[exp7303-validation] subprocess_outstanding repository_health elapsed_s=30.001
[exp7303-validation] subprocess_outstanding repository_health elapsed_s=40.001
[exp7303-validation] subprocess_outstanding repository_health elapsed_s=50.001
[exp7303-validation] subprocess_outstanding repository_health elapsed_s=60.001
[exp7303-validation] subprocess_outstanding repository_health elapsed_s=70.001
[exp7303-validation] subprocess_outstanding repository_health elapsed_s=80.002
[exp7303-validation:repository_health] 4 workers [74930 items]
[exp7303-validation:repository_health] 
[exp7303-validation:repository_health] ........................................................................ [  0%]
[exp7303-validation:repository_health] ........................................................................ [  0%]
[exp7303-validation:repository_health] ........................................................................ [  0%]
[exp7303-validation:repository_health] ........................................................................ [  0%]
[exp7303-validation:repository_health] ........................................................................ [  0%]
[exp7303-validation:repository_health] ........................................................................ [  0%]
[exp7303-validation:repository_health] ........................................................................ [  0%]
[exp7303-validation:repository_health] ........................................................................ [  0%]
[exp7303-validation:repository_health] ......................F................................................. [  0%]
[exp7303-validation:repository_health] .........................................F.............................. [  0%]
[exp7303-validation:repository_health] ........................................................................ [  1%]
[exp7303-validation:repository_health] ........................................................................ [  1%]
[exp7303-validation:repository_health] ........................................................................ [  1%]
[exp7303-validation:repository_health] ..........................F....F..F..................................... [  1%]
[exp7303-validation:repository_health] ........................................................................ [  1%]
[exp7303-validation] subprocess_outstanding repository_health elapsed_s=90.002
[exp7303-validation:repository_health] .......................................................................F [  1%]
[exp7303-validation:repository_health] ........................................................................ [  1%]
[exp7303-validation:repository_health] ........................................................................ [  1%]
[exp7303-validation:repository_health] ...............F..........s........s....s......s.....s.........s........ [  1%]
[exp7303-validation:repository_health] ...........s........................................................F.FF [  1%]
[exp7303-validation:repository_health] .F.............FF.F..................................................... [  2%]
[exp7303-validation:repository_health] ........................................................................ [  2%]
[exp7303-validation:repository_health] ...................................ssssssssssssssss..................... [  2%]
[exp7303-validation:repository_health] .......................................F...F............................ [  2%]
[exp7303-validation:repository_health] ....................................................F................... [  2%]
[exp7303-validation] subprocess_outstanding repository_health elapsed_s=100.002
[exp7303-validation:repository_health] ........................................................................ [  2%]
[exp7303-validation:repository_health] ............................................................F........... [  2%]
[exp7303-validation:repository_health] ...........................F............................................ [  2%]
[exp7303-validation:repository_health] ..............................FF........................................ [  2%]
[exp7303-validation] subprocess_outstanding repository_health elapsed_s=110.002
[exp7303-validation:repository_health] ........................................................................ [  2%]
[exp7303-validation:repository_health] ........................................................................ [  2%]
[exp7303-validation:repository_health] ........................................................................ [  3%]
[exp7303-validation] subprocess_outstanding repository_health elapsed_s=120.002
[exp7303-validation:repository_health] ............/home/ianblenke/github.com/ianblenke/carnot/.venv/lib/python3.12/site-packages/_pytest/main.py:353: PluggyTeardownRaisedWarning: A plugin raised an exception during an old-style hookwrapper teardown.
[exp7303-validation:repository_health] Plugin: 139675003963440, Hook: pytest_sessionfinish
[exp7303-validation:repository_health] OSError: cannot send (already closed?)
[exp7303-validation:repository_health] For more information see https://pluggy.readthedocs.io/en/stable/api_reference.html#pluggy.PluggyTeardownRaisedWarning
[exp7303-validation:repository_health]   config.hook.pytest_sessionfinish(
[exp7303-validation:repository_health] /home/ianblenke/github.com/ianblenke/carnot/.venv/lib/python3.12/site-packages/_pytest/main.py:353: PluggyTeardownRaisedWarning: A plugin raised an exception during an old-style hookwrapper teardown.
[exp7303-validation:repository_health] Plugin: 140300342893296, Hook: pytest_sessionfinish
[exp7303-validation:repository_health] OSError: cannot send (already closed?)
[exp7303-validation:repository_health] For more information see https://pluggy.readthedocs.io/en/stable/api_reference.html#pluggy.PluggyTeardownRaisedWarning
[exp7303-validation:repository_health]   config.hook.pytest_sessionfinish(
[exp7303-validation:repository_health] /home/ianblenke/github.com/ianblenke/carnot/.venv/lib/python3.12/site-packages/_pytest/main.py:353: PluggyTeardownRaisedWarning: A plugin raised an exception during an old-style hookwrapper teardown.
[exp7303-validation:repository_health] Plugin: 140534420961088, Hook: pytest_sessionfinish
[exp7303-validation:repository_health] OSError: cannot send (already closed?)
[exp7303-validation:repository_health] For more information see https://pluggy.readthedocs.io/en/stable/api_reference.html#pluggy.PluggyTeardownRaisedWarning
[exp7303-validation:repository_health]   config.hook.pytest_sessionfinish(
[exp7303-validation:repository_health] /home/ianblenke/github.com/ianblenke/carnot/.venv/lib/python3.12/site-packages/_pytest/main.py:353: PluggyTeardownRaisedWarning: A plugin raised an exception during an old-style hookwrapper teardown.
[exp7303-validation:repository_health] Plugin: 139687723807472, Hook: pytest_sessionfinish
[exp7303-validation:repository_health] OSError: cannot send (already closed?)
[exp7303-validation:repository_health] For more information see https://pluggy.readthedocs.io/en/stable/api_reference.html#pluggy.PluggyTeardownRaisedWarning
[exp7303-validation:repository_health]   config.hook.pytest_sessionfinish(
[exp7303-validation] after_subprocess repository_health elapsed_s=143.276 exit=-15 unit=9/9
[exp8040] phase=validation_after elapsed_s=176.478 completed=9 pending=0
[exp8040] phase=measurement_before elapsed_s=177.072 completed=0 pending=0
[exp8040] phase=parity_before elapsed_s=177.072 completed=0 pending=560
[exp8040] phase=parity_commits elapsed_s=177.131 completed=40 pending=520
[exp8040] phase=parity_commits elapsed_s=177.190 completed=80 pending=480
[exp8040] phase=parity_commits elapsed_s=177.254 completed=120 pending=440
[exp8040] phase=parity_commits elapsed_s=177.313 completed=160 pending=400
[exp8040] phase=parity_commits elapsed_s=177.376 completed=200 pending=360
[exp8040] phase=parity_commits elapsed_s=177.436 completed=240 pending=320
[exp8040] phase=parity_commits elapsed_s=177.602 completed=280 pending=280
[exp8040] phase=parity_commits elapsed_s=177.661 completed=320 pending=240
[exp8040] phase=parity_commits elapsed_s=177.721 completed=360 pending=200
[exp8040] phase=parity_commits elapsed_s=177.783 completed=400 pending=160
[exp8040] phase=parity_commits elapsed_s=179.234 completed=440 pending=120
[exp8040] phase=parity_commits elapsed_s=179.312 completed=480 pending=80
[exp8040] phase=parity_commits elapsed_s=179.930 completed=520 pending=40
[exp8040] phase=parity_commits elapsed_s=180.135 completed=560 pending=0
[exp8040] phase=parity_after elapsed_s=180.145 completed=560 pending=0
[exp8027] phase=parity_before elapsed_s=180.147 completed=0 pending=256
[exp8027] phase=parity_after elapsed_s=180.180 completed=256 pending=0
[exp8040] phase=benchmark_before elapsed_s=180.179 completed=0 pending=140
[exp8040] phase=transaction_before elapsed_s=180.179 completed=0 pending=0
[exp8040] phase=transaction_after elapsed_s=180.427 completed=1 pending=0
[exp8040] phase=transaction_before elapsed_s=180.427 completed=0 pending=0
[exp8040] phase=transaction_after elapsed_s=180.651 completed=1 pending=0
[exp8040] phase=benchmark_pair_after elapsed_s=180.652 completed=2 pending=138
[exp8040] phase=transaction_before elapsed_s=180.652 completed=0 pending=0
[exp8040] phase=transaction_after elapsed_s=180.871 completed=1 pending=0
[exp8040] phase=transaction_before elapsed_s=180.871 completed=0 pending=0
[exp8040] phase=transaction_after elapsed_s=181.090 completed=1 pending=0
[exp8040] phase=benchmark_pair_after elapsed_s=181.091 completed=4 pending=136
[exp8040] phase=transaction_before elapsed_s=181.091 completed=0 pending=0
[exp8040] phase=transaction_after elapsed_s=181.187 completed=1 pending=0
[exp8040] phase=transaction_before elapsed_s=181.187 completed=0 pending=0
[exp8040] phase=transaction_after elapsed_s=181.283 completed=1 pending=0
[exp8040] phase=benchmark_pair_after elapsed_s=181.284 completed=6 pending=134
[exp8040] phase=transaction_before elapsed_s=181.284 completed=0 pending=0
[exp8040] phase=transaction_after elapsed_s=181.396 completed=1 pending=0
[exp8040] phase=transaction_before elapsed_s=181.397 completed=0 pending=0
[exp8040] phase=transaction_after elapsed_s=181.509 completed=1 pending=0
[exp8040] phase=benchmark_pair_after elapsed_s=181.510 completed=8 pending=132
[exp8040] phase=transaction_before elapsed_s=181.510 completed=0 pending=0
[exp8040] phase=transaction_after elapsed_s=181.688 completed=1 pending=0
[exp8040] phase=transaction_before elapsed_s=181.689 completed=0 pending=0
[exp8040] phase=transaction_after elapsed_s=181.867 completed=1 pending=0
[exp8040] phase=benchmark_pair_after elapsed_s=181.867 completed=10 pending=130
[exp8040] phase=transaction_before elapsed_s=181.867 completed=0 pending=0
[exp8040] phase=transaction_after elapsed_s=182.125 completed=1 pending=0
[exp8040] phase=transaction_before elapsed_s=182.125 completed=0 pending=0
[exp8040] phase=transaction_after elapsed_s=182.509 completed=1 pending=0
[exp8040] phase=benchmark_pair_after elapsed_s=182.510 completed=12 pending=128
[exp8040] phase=transaction_before elapsed_s=182.510 completed=0 pending=0
[exp8040] phase=transaction_after elapsed_s=182.685 completed=1 pending=0
[exp8040] phase=transaction_before elapsed_s=182.686 completed=0 pending=0
[exp8040] phase=transaction_after elapsed_s=182.860 completed=1 pending=0
[exp8040] phase=benchmark_pair_after elapsed_s=182.860 completed=14 pending=126
[exp8040] phase=transaction_before elapsed_s=182.860 completed=0 pending=0
[exp8040] phase=transaction_after elapsed_s=183.313 completed=1 pending=0
[exp8040] phase=transaction_before elapsed_s=183.314 completed=0 pending=0
[exp8040] phase=transaction_after elapsed_s=183.611 completed=1 pending=0
[exp8040] phase=benchmark_pair_after elapsed_s=183.612 completed=16 pending=124
[exp8040] phase=transaction_before elapsed_s=183.612 completed=0 pending=0
[exp8040] phase=transaction_after elapsed_s=183.859 completed=1 pending=0
[exp8040] phase=transaction_before elapsed_s=183.860 completed=0 pending=0
[exp8040] phase=transaction_after elapsed_s=184.107 completed=1 pending=0
[exp8040] phase=benchmark_pair_after elapsed_s=184.108 completed=18 pending=122
[exp8040] phase=transaction_before elapsed_s=184.108 completed=0 pending=0
[exp8040] phase=transaction_after elapsed_s=184.252 completed=1 pending=0
[exp8040] phase=transaction_before elapsed_s=184.253 completed=0 pending=0
[exp8040] phase=transaction_after elapsed_s=184.397 completed=1 pending=0
[exp8040] phase=benchmark_pair_after elapsed_s=184.398 completed=20 pending=120
[exp8040] phase=transaction_before elapsed_s=184.398 completed=0 pending=0
[exp8040] phase=transaction_after elapsed_s=184.567 completed=1 pending=0
[exp8040] phase=transaction_before elapsed_s=184.568 completed=0 pending=0
[exp8040] phase=transaction_after elapsed_s=184.736 completed=1 pending=0
[exp8040] phase=benchmark_pair_after elapsed_s=184.736 completed=22 pending=118
[exp8040] phase=transaction_before elapsed_s=184.736 completed=0 pending=0
[exp8040] phase=transaction_after elapsed_s=184.802 completed=1 pending=0
[exp8040] phase=transaction_before elapsed_s=184.803 completed=0 pending=0
[exp8040] phase=transaction_after elapsed_s=184.868 completed=1 pending=0
[exp8040] phase=benchmark_pair_after elapsed_s=184.868 completed=24 pending=116
[exp8040] phase=transaction_before elapsed_s=184.868 completed=0 pending=0
[exp8040] phase=transaction_after elapsed_s=185.068 completed=1 pending=0
[exp8040] phase=transaction_before elapsed_s=185.069 completed=0 pending=0
[exp8040] phase=transaction_after elapsed_s=185.265 completed=1 pending=0
[exp8040] phase=benchmark_pair_after elapsed_s=185.266 completed=26 pending=114
[exp8040] phase=transaction_before elapsed_s=185.266 completed=0 pending=0
[exp8040] phase=transaction_after elapsed_s=185.427 completed=1 pending=0
[exp8040] phase=transaction_before elapsed_s=185.428 completed=0 pending=0
[exp8040] phase=transaction_after elapsed_s=185.590 completed=1 pending=0
[exp8040] phase=benchmark_pair_after elapsed_s=185.590 completed=28 pending=112
[exp8040] phase=transaction_before elapsed_s=185.590 completed=0 pending=0
[exp8040] phase=transaction_after elapsed_s=185.816 completed=1 pending=0
[exp8040] phase=transaction_before elapsed_s=185.816 completed=0 pending=0
[exp8040] phase=transaction_after elapsed_s=186.042 completed=1 pending=0
[exp8040] phase=benchmark_pair_after elapsed_s=186.042 completed=30 pending=110
[exp8040] phase=transaction_before elapsed_s=186.042 completed=0 pending=0
[exp8040] phase=transaction_after elapsed_s=186.329 completed=1 pending=0
[exp8040] phase=transaction_before elapsed_s=186.330 completed=0 pending=0
[exp8040] phase=transaction_after elapsed_s=186.479 completed=1 pending=0
[exp8040] phase=benchmark_pair_after elapsed_s=186.480 completed=32 pending=108
[exp8040] phase=transaction_before elapsed_s=186.480 completed=0 pending=0
[exp8040] phase=transaction_after elapsed_s=186.602 completed=1 pending=0
[exp8040] phase=transaction_before elapsed_s=186.603 completed=0 pending=0
[exp8040] phase=transaction_after elapsed_s=186.726 completed=1 pending=0
[exp8040] phase=benchmark_pair_after elapsed_s=186.726 completed=34 pending=106
[exp8040] phase=transaction_before elapsed_s=186.726 completed=0 pending=0
[exp8040] phase=transaction_after elapsed_s=186.989 completed=1 pending=0
[exp8040] phase=transaction_before elapsed_s=186.989 completed=0 pending=0
[exp8040] phase=transaction_after elapsed_s=187.249 completed=1 pending=0
[exp8040] phase=benchmark_pair_after elapsed_s=187.249 completed=36 pending=104
[exp8040] phase=transaction_before elapsed_s=187.249 completed=0 pending=0
[exp8040] phase=transaction_after elapsed_s=187.457 completed=1 pending=0
[exp8040] phase=transaction_before elapsed_s=187.457 completed=0 pending=0
[exp8040] phase=transaction_after elapsed_s=187.665 completed=1 pending=0
[exp8040] phase=benchmark_pair_after elapsed_s=187.666 completed=38 pending=102
[exp8040] phase=transaction_before elapsed_s=187.666 completed=0 pending=0
[exp8040] phase=transaction_after elapsed_s=187.826 completed=1 pending=0
[exp8040] phase=transaction_before elapsed_s=187.826 completed=0 pending=0
[exp8040] phase=transaction_after elapsed_s=187.986 completed=1 pending=0
[exp8040] phase=benchmark_pair_after elapsed_s=187.986 completed=40 pending=100
[exp8040] phase=transaction_before elapsed_s=187.986 completed=0 pending=0
[exp8040] phase=transaction_after elapsed_s=188.263 completed=1 pending=0
[exp8040] phase=transaction_before elapsed_s=188.263 completed=0 pending=0
[exp8040] phase=transaction_after elapsed_s=188.541 completed=1 pending=0
[exp8040] phase=benchmark_pair_after elapsed_s=188.541 completed=42 pending=98
[exp8040] phase=transaction_before elapsed_s=188.541 completed=0 pending=0
[exp8040] phase=transaction_after elapsed_s=188.725 completed=1 pending=0
[exp8040] phase=transaction_before elapsed_s=188.726 completed=0 pending=0
[exp8040] phase=transaction_after elapsed_s=188.910 completed=1 pending=0
[exp8040] phase=benchmark_pair_after elapsed_s=188.911 completed=44 pending=96
[exp8040] phase=transaction_before elapsed_s=188.911 completed=0 pending=0
[exp8040] phase=transaction_after elapsed_s=189.068 completed=1 pending=0
[exp8040] phase=transaction_before elapsed_s=189.068 completed=0 pending=0
[exp8040] phase=transaction_after elapsed_s=189.222 completed=1 pending=0
[exp8040] phase=benchmark_pair_after elapsed_s=189.223 completed=46 pending=94
[exp8040] phase=transaction_before elapsed_s=189.223 completed=0 pending=0
[exp8040] phase=transaction_after elapsed_s=189.401 completed=1 pending=0
[exp8040] phase=transaction_before elapsed_s=189.401 completed=0 pending=0
[exp8040] phase=transaction_after elapsed_s=189.578 completed=1 pending=0
[exp8040] phase=benchmark_pair_after elapsed_s=189.579 completed=48 pending=92
[exp8040] phase=transaction_before elapsed_s=189.579 completed=0 pending=0
[exp8040] phase=transaction_after elapsed_s=189.742 completed=1 pending=0
[exp8040] phase=transaction_before elapsed_s=189.743 completed=0 pending=0
[exp8040] phase=transaction_after elapsed_s=189.906 completed=1 pending=0
[exp8040] phase=benchmark_pair_after elapsed_s=189.907 completed=50 pending=90
[exp8040] phase=transaction_before elapsed_s=189.907 completed=0 pending=0
[exp8040] phase=transaction_after elapsed_s=190.149 completed=1 pending=0
[exp8040] phase=transaction_before elapsed_s=190.150 completed=0 pending=0
[exp8040] phase=transaction_after elapsed_s=190.282 completed=1 pending=0
[exp8040] phase=benchmark_pair_after elapsed_s=190.282 completed=52 pending=88
[exp8040] phase=transaction_before elapsed_s=190.282 completed=0 pending=0
[exp8040] phase=transaction_after elapsed_s=190.424 completed=1 pending=0
[exp8040] phase=transaction_before elapsed_s=190.424 completed=0 pending=0
[exp8040] phase=transaction_after elapsed_s=190.567 completed=1 pending=0
[exp8040] phase=benchmark_pair_after elapsed_s=190.567 completed=54 pending=86
[exp8040] phase=transaction_before elapsed_s=190.567 completed=0 pending=0
[exp8040] phase=transaction_after elapsed_s=190.831 completed=1 pending=0
[exp8040] phase=transaction_before elapsed_s=190.832 completed=0 pending=0
[exp8040] phase=transaction_after elapsed_s=191.095 completed=1 pending=0
[exp8040] phase=benchmark_pair_after elapsed_s=191.096 completed=56 pending=84
[exp8040] phase=transaction_before elapsed_s=191.096 completed=0 pending=0
[exp8040] phase=transaction_after elapsed_s=191.218 completed=1 pending=0
[exp8040] phase=transaction_before elapsed_s=191.218 completed=0 pending=0
[exp8040] phase=transaction_after elapsed_s=191.340 completed=1 pending=0
[exp8040] phase=benchmark_pair_after elapsed_s=191.340 completed=58 pending=82
[exp8040] phase=transaction_before elapsed_s=191.340 completed=0 pending=0
[exp8040] phase=transaction_after elapsed_s=191.427 completed=1 pending=0
[exp8040] phase=transaction_before elapsed_s=191.428 completed=0 pending=0
[exp8040] phase=transaction_after elapsed_s=191.514 completed=1 pending=0
[exp8040] phase=benchmark_pair_after elapsed_s=191.515 completed=60 pending=80
[exp8040] phase=transaction_before elapsed_s=191.515 completed=0 pending=0
[exp8040] phase=transaction_after elapsed_s=191.749 completed=1 pending=0
[exp8040] phase=transaction_before elapsed_s=191.750 completed=0 pending=0
[exp8040] phase=transaction_after elapsed_s=191.985 completed=1 pending=0
[exp8040] phase=benchmark_pair_after elapsed_s=191.985 completed=62 pending=78
[exp8040] phase=transaction_before elapsed_s=191.985 completed=0 pending=0
[exp8040] phase=transaction_after elapsed_s=192.078 completed=1 pending=0
[exp8040] phase=transaction_before elapsed_s=192.079 completed=0 pending=0
[exp8040] phase=transaction_after elapsed_s=192.172 completed=1 pending=0
[exp8040] phase=benchmark_pair_after elapsed_s=192.173 completed=64 pending=76
[exp8040] phase=transaction_before elapsed_s=192.173 completed=0 pending=0
[exp8040] phase=transaction_after elapsed_s=192.330 completed=1 pending=0
[exp8040] phase=transaction_before elapsed_s=192.330 completed=0 pending=0
[exp8040] phase=transaction_after elapsed_s=192.487 completed=1 pending=0
[exp8040] phase=benchmark_pair_after elapsed_s=192.488 completed=66 pending=74
[exp8040] phase=transaction_before elapsed_s=192.488 completed=0 pending=0
[exp8040] phase=transaction_after elapsed_s=192.591 completed=1 pending=0
[exp8040] phase=transaction_before elapsed_s=192.591 completed=0 pending=0
[exp8040] phase=transaction_after elapsed_s=192.694 completed=1 pending=0
[exp8040] phase=benchmark_pair_after elapsed_s=192.695 completed=68 pending=72
[exp8040] phase=transaction_before elapsed_s=192.695 completed=0 pending=0
[exp8040] phase=transaction_after elapsed_s=192.852 completed=1 pending=0
[exp8040] phase=transaction_before elapsed_s=192.853 completed=0 pending=0
[exp8040] phase=transaction_after elapsed_s=193.010 completed=1 pending=0
[exp8040] phase=benchmark_pair_after elapsed_s=193.011 completed=70 pending=70
[exp8040] phase=transaction_before elapsed_s=193.011 completed=0 pending=0
[exp8040] phase=transaction_after elapsed_s=193.231 completed=1 pending=0
[exp8040] phase=transaction_before elapsed_s=193.231 completed=0 pending=0
[exp8040] phase=transaction_after elapsed_s=193.451 completed=1 pending=0
[exp8040] phase=benchmark_pair_after elapsed_s=193.452 completed=72 pending=68
[exp8040] phase=transaction_before elapsed_s=193.452 completed=0 pending=0
[exp8040] phase=transaction_after elapsed_s=193.669 completed=1 pending=0
[exp8040] phase=transaction_before elapsed_s=193.670 completed=0 pending=0
[exp8040] phase=transaction_after elapsed_s=193.883 completed=1 pending=0
[exp8040] phase=benchmark_pair_after elapsed_s=193.884 completed=74 pending=66
[exp8040] phase=transaction_before elapsed_s=193.884 completed=0 pending=0
[exp8040] phase=transaction_after elapsed_s=193.979 completed=1 pending=0
[exp8040] phase=transaction_before elapsed_s=193.979 completed=0 pending=0
[exp8040] phase=transaction_after elapsed_s=194.075 completed=1 pending=0
[exp8040] phase=benchmark_pair_after elapsed_s=194.075 completed=76 pending=64
[exp8040] phase=transaction_before elapsed_s=194.076 completed=0 pending=0
[exp8040] phase=transaction_after elapsed_s=194.187 completed=1 pending=0
[exp8040] phase=transaction_before elapsed_s=194.188 completed=0 pending=0
[exp8040] phase=transaction_after elapsed_s=194.472 completed=1 pending=0
[exp8040] phase=benchmark_pair_after elapsed_s=194.472 completed=78 pending=62
[exp8040] phase=transaction_before elapsed_s=194.472 completed=0 pending=0
[exp8040] phase=transaction_after elapsed_s=194.652 completed=1 pending=0
[exp8040] phase=transaction_before elapsed_s=194.653 completed=0 pending=0
[exp8040] phase=transaction_after elapsed_s=194.835 completed=1 pending=0
[exp8040] phase=benchmark_pair_after elapsed_s=194.835 completed=80 pending=60
[exp8040] phase=transaction_before elapsed_s=194.835 completed=0 pending=0
[exp8040] phase=transaction_after elapsed_s=195.071 completed=1 pending=0
[exp8040] phase=transaction_before elapsed_s=195.072 completed=0 pending=0
[exp8040] phase=transaction_after elapsed_s=195.477 completed=1 pending=0
[exp8040] phase=benchmark_pair_after elapsed_s=195.477 completed=82 pending=58
[exp8040] phase=transaction_before elapsed_s=195.477 completed=0 pending=0
[exp8040] phase=transaction_after elapsed_s=195.758 completed=1 pending=0
[exp8040] phase=transaction_before elapsed_s=195.758 completed=0 pending=0
[exp8040] phase=transaction_after elapsed_s=196.120 completed=1 pending=0
[exp8040] phase=benchmark_pair_after elapsed_s=196.121 completed=84 pending=56
[exp8040] phase=transaction_before elapsed_s=196.121 completed=0 pending=0
[exp8040] phase=transaction_after elapsed_s=196.391 completed=1 pending=0
[exp8040] phase=transaction_before elapsed_s=196.391 completed=0 pending=0
[exp8040] phase=transaction_after elapsed_s=196.665 completed=1 pending=0
[exp8040] phase=benchmark_pair_after elapsed_s=196.665 completed=86 pending=54
[exp8040] phase=transaction_before elapsed_s=196.665 completed=0 pending=0
[exp8040] phase=transaction_after elapsed_s=196.885 completed=1 pending=0
[exp8040] phase=transaction_before elapsed_s=196.885 completed=0 pending=0
[exp8040] phase=transaction_after elapsed_s=197.106 completed=1 pending=0
[exp8040] phase=benchmark_pair_after elapsed_s=197.107 completed=88 pending=52
[exp8040] phase=transaction_before elapsed_s=197.107 completed=0 pending=0
[exp8040] phase=transaction_after elapsed_s=197.334 completed=1 pending=0
[exp8040] phase=transaction_before elapsed_s=197.335 completed=0 pending=0
[exp8040] phase=transaction_after elapsed_s=197.563 completed=1 pending=0
[exp8040] phase=benchmark_pair_after elapsed_s=197.563 completed=90 pending=50
[exp8040] phase=transaction_before elapsed_s=197.563 completed=0 pending=0
[exp8040] phase=transaction_after elapsed_s=197.990 completed=1 pending=0
[exp8040] phase=transaction_before elapsed_s=197.991 completed=0 pending=0
[exp8040] phase=transaction_after elapsed_s=198.214 completed=1 pending=0
[exp8040] phase=benchmark_pair_after elapsed_s=198.215 completed=92 pending=48
[exp8040] phase=transaction_before elapsed_s=198.215 completed=0 pending=0
[exp8040] phase=transaction_after elapsed_s=198.484 completed=1 pending=0
[exp8040] phase=transaction_before elapsed_s=198.485 completed=0 pending=0
[exp8040] phase=transaction_after elapsed_s=198.756 completed=1 pending=0
[exp8040] phase=benchmark_pair_after elapsed_s=198.757 completed=94 pending=46
[exp8040] phase=transaction_before elapsed_s=198.757 completed=0 pending=0
[exp8040] phase=transaction_after elapsed_s=198.887 completed=1 pending=0
[exp8040] phase=transaction_before elapsed_s=198.888 completed=0 pending=0
[exp8040] phase=transaction_after elapsed_s=199.018 completed=1 pending=0
[exp8040] phase=benchmark_pair_after elapsed_s=199.019 completed=96 pending=44
[exp8040] phase=transaction_before elapsed_s=199.019 completed=0 pending=0
[exp8040] phase=transaction_after elapsed_s=199.397 completed=1 pending=0
[exp8040] phase=transaction_before elapsed_s=199.398 completed=0 pending=0
[exp8040] phase=transaction_after elapsed_s=199.603 completed=1 pending=0
[exp8040] phase=benchmark_pair_after elapsed_s=199.603 completed=98 pending=42
[exp8040] phase=transaction_before elapsed_s=199.603 completed=0 pending=0
[exp8040] phase=transaction_after elapsed_s=199.826 completed=1 pending=0
[exp8040] phase=transaction_before elapsed_s=199.826 completed=0 pending=0
[exp8040] phase=transaction_after elapsed_s=200.050 completed=1 pending=0
[exp8040] phase=benchmark_pair_after elapsed_s=200.050 completed=100 pending=40
[exp8040] phase=transaction_before elapsed_s=200.050 completed=0 pending=0
[exp8040] phase=transaction_after elapsed_s=200.201 completed=1 pending=0
[exp8040] phase=transaction_before elapsed_s=200.202 completed=0 pending=0
[exp8040] phase=transaction_after elapsed_s=200.352 completed=1 pending=0
[exp8040] phase=benchmark_pair_after elapsed_s=200.353 completed=102 pending=38
[exp8040] phase=transaction_before elapsed_s=200.353 completed=0 pending=0
[exp8040] phase=transaction_after elapsed_s=200.475 completed=1 pending=0
[exp8040] phase=transaction_before elapsed_s=200.475 completed=0 pending=0
[exp8040] phase=transaction_after elapsed_s=200.597 completed=1 pending=0
[exp8040] phase=benchmark_pair_after elapsed_s=200.598 completed=104 pending=36
[exp8040] phase=transaction_before elapsed_s=200.598 completed=0 pending=0
[exp8040] phase=transaction_after elapsed_s=201.006 completed=1 pending=0
[exp8040] phase=transaction_before elapsed_s=201.006 completed=0 pending=0
[exp8040] phase=transaction_after elapsed_s=201.265 completed=1 pending=0
[exp8040] phase=benchmark_pair_after elapsed_s=201.265 completed=106 pending=34
[exp8040] phase=transaction_before elapsed_s=201.265 completed=0 pending=0
[exp8040] phase=transaction_after elapsed_s=201.608 completed=1 pending=0
[exp8040] phase=transaction_before elapsed_s=201.609 completed=0 pending=0
[exp8040] phase=transaction_after elapsed_s=201.795 completed=1 pending=0
[exp8040] phase=benchmark_pair_after elapsed_s=201.795 completed=108 pending=32
[exp8040] phase=transaction_before elapsed_s=201.795 completed=0 pending=0
[exp8040] phase=transaction_after elapsed_s=202.111 completed=1 pending=0
[exp8040] phase=transaction_before elapsed_s=202.112 completed=0 pending=0
[exp8040] phase=transaction_after elapsed_s=202.263 completed=1 pending=0
[exp8040] phase=benchmark_pair_after elapsed_s=202.264 completed=110 pending=30
[exp8040] phase=transaction_before elapsed_s=202.264 completed=0 pending=0
[exp8040] phase=transaction_after elapsed_s=202.409 completed=1 pending=0
[exp8040] phase=transaction_before elapsed_s=202.409 completed=0 pending=0
[exp8040] phase=transaction_after elapsed_s=202.555 completed=1 pending=0
[exp8040] phase=benchmark_pair_after elapsed_s=202.555 completed=112 pending=28
[exp8040] phase=transaction_before elapsed_s=202.555 completed=0 pending=0
[exp8040] phase=transaction_after elapsed_s=202.815 completed=1 pending=0
[exp8040] phase=transaction_before elapsed_s=202.816 completed=0 pending=0
[exp8040] phase=transaction_after elapsed_s=202.947 completed=1 pending=0
[exp8040] phase=benchmark_pair_after elapsed_s=202.948 completed=114 pending=26
[exp8040] phase=transaction_before elapsed_s=202.948 completed=0 pending=0
[exp8040] phase=transaction_after elapsed_s=203.247 completed=1 pending=0
[exp8040] phase=transaction_before elapsed_s=203.247 completed=0 pending=0
[exp8040] phase=transaction_after elapsed_s=203.541 completed=1 pending=0
[exp8040] phase=benchmark_pair_after elapsed_s=203.541 completed=116 pending=24
[exp8040] phase=transaction_before elapsed_s=203.541 completed=0 pending=0
[exp8040] phase=transaction_after elapsed_s=203.728 completed=1 pending=0
[exp8040] phase=transaction_before elapsed_s=203.729 completed=0 pending=0
[exp8040] phase=transaction_after elapsed_s=203.916 completed=1 pending=0
[exp8040] phase=benchmark_pair_after elapsed_s=203.917 completed=118 pending=22
[exp8040] phase=transaction_before elapsed_s=203.917 completed=0 pending=0
[exp8040] phase=transaction_after elapsed_s=204.177 completed=1 pending=0
[exp8040] phase=transaction_before elapsed_s=204.178 completed=0 pending=0
[exp8040] phase=transaction_after elapsed_s=204.437 completed=1 pending=0
[exp8040] phase=benchmark_pair_after elapsed_s=204.438 completed=120 pending=20
[exp8040] phase=transaction_before elapsed_s=204.438 completed=0 pending=0
[exp8040] phase=transaction_after elapsed_s=204.539 completed=1 pending=0
[exp8040] phase=transaction_before elapsed_s=204.540 completed=0 pending=0
[exp8040] phase=transaction_after elapsed_s=204.642 completed=1 pending=0
[exp8040] phase=benchmark_pair_after elapsed_s=204.642 completed=122 pending=18
[exp8040] phase=transaction_before elapsed_s=204.642 completed=0 pending=0
[exp8040] phase=transaction_after elapsed_s=204.819 completed=1 pending=0
[exp8040] phase=transaction_before elapsed_s=204.820 completed=0 pending=0
[exp8040] phase=transaction_after elapsed_s=204.997 completed=1 pending=0
[exp8040] phase=benchmark_pair_after elapsed_s=204.997 completed=124 pending=16
[exp8040] phase=transaction_before elapsed_s=204.997 completed=0 pending=0
[exp8040] phase=transaction_after elapsed_s=205.329 completed=1 pending=0
[exp8040] phase=transaction_before elapsed_s=205.329 completed=0 pending=0
[exp8040] phase=transaction_after elapsed_s=205.530 completed=1 pending=0
[exp8040] phase=benchmark_pair_after elapsed_s=205.530 completed=126 pending=14
[exp8040] phase=transaction_before elapsed_s=205.530 completed=0 pending=0
[exp8040] phase=transaction_after elapsed_s=205.651 completed=1 pending=0
[exp8040] phase=transaction_before elapsed_s=205.651 completed=0 pending=0
[exp8040] phase=transaction_after elapsed_s=205.930 completed=1 pending=0
[exp8040] phase=benchmark_pair_after elapsed_s=205.930 completed=128 pending=12
[exp8040] phase=transaction_before elapsed_s=205.930 completed=0 pending=0
[exp8040] phase=transaction_after elapsed_s=206.015 completed=1 pending=0
[exp8040] phase=transaction_before elapsed_s=206.015 completed=0 pending=0
[exp8040] phase=transaction_after elapsed_s=206.101 completed=1 pending=0
[exp8040] phase=benchmark_pair_after elapsed_s=206.102 completed=130 pending=10
[exp8040] phase=transaction_before elapsed_s=206.102 completed=0 pending=0
[exp8040] phase=transaction_after elapsed_s=206.335 completed=1 pending=0
[exp8040] phase=transaction_before elapsed_s=206.335 completed=0 pending=0
[exp8040] phase=transaction_after elapsed_s=206.570 completed=1 pending=0
[exp8040] phase=benchmark_pair_after elapsed_s=206.570 completed=132 pending=8
[exp8040] phase=transaction_before elapsed_s=206.570 completed=0 pending=0
[exp8040] phase=transaction_after elapsed_s=206.662 completed=1 pending=0
[exp8040] phase=transaction_before elapsed_s=206.662 completed=0 pending=0
[exp8040] phase=transaction_after elapsed_s=206.754 completed=1 pending=0
[exp8040] phase=benchmark_pair_after elapsed_s=206.755 completed=134 pending=6
[exp8040] phase=transaction_before elapsed_s=206.755 completed=0 pending=0
[exp8040] phase=transaction_after elapsed_s=206.872 completed=1 pending=0
[exp8040] phase=transaction_before elapsed_s=206.872 completed=0 pending=0
[exp8040] phase=transaction_after elapsed_s=206.989 completed=1 pending=0
[exp8040] phase=benchmark_pair_after elapsed_s=206.990 completed=136 pending=4
[exp8040] phase=transaction_before elapsed_s=206.990 completed=0 pending=0
[exp8040] phase=transaction_after elapsed_s=207.257 completed=1 pending=0
[exp8040] phase=transaction_before elapsed_s=207.257 completed=0 pending=0
[exp8040] phase=transaction_after elapsed_s=207.524 completed=1 pending=0
[exp8040] phase=benchmark_pair_after elapsed_s=207.524 completed=138 pending=2
[exp8040] phase=transaction_before elapsed_s=207.524 completed=0 pending=0
[exp8040] phase=transaction_after elapsed_s=207.694 completed=1 pending=0
[exp8040] phase=transaction_before elapsed_s=207.695 completed=0 pending=0
[exp8040] phase=transaction_after elapsed_s=207.865 completed=1 pending=0
[exp8040] phase=benchmark_pair_after elapsed_s=207.865 completed=140 pending=0
[exp8040] phase=benchmark_after elapsed_s=207.879 completed=140 pending=0
[exp8040] phase=measurement_after elapsed_s=207.886 completed=120 pending=0
[exp8040] phase=publication_before elapsed_s=208.018 completed=0 pending=0
[exp7303-validation] before_subprocess cold_reduction elapsed_s=0.000 unit=1/3
[exp7303-validation:cold_reduction] [exp8040] phase=parity_before elapsed_s=0.300 completed=0 pending=560
[exp7303-validation:cold_reduction] [exp8040] phase=parity_commits elapsed_s=0.342 completed=40 pending=520
[exp7303-validation:cold_reduction] [exp8040] phase=parity_commits elapsed_s=0.390 completed=80 pending=480
[exp7303-validation:cold_reduction] [exp8040] phase=parity_commits elapsed_s=0.432 completed=120 pending=440
[exp7303-validation:cold_reduction] [exp8040] phase=parity_commits elapsed_s=0.473 completed=160 pending=400
[exp7303-validation:cold_reduction] [exp8040] phase=parity_commits elapsed_s=0.516 completed=200 pending=360
[exp7303-validation:cold_reduction] [exp8040] phase=parity_commits elapsed_s=0.557 completed=240 pending=320
[exp7303-validation:cold_reduction] [exp8040] phase=parity_commits elapsed_s=0.600 completed=280 pending=280
[exp7303-validation:cold_reduction] [exp8040] phase=parity_commits elapsed_s=0.641 completed=320 pending=240
[exp7303-validation:cold_reduction] [exp8040] phase=parity_commits elapsed_s=0.683 completed=360 pending=200
[exp7303-validation:cold_reduction] [exp8040] phase=parity_commits elapsed_s=0.726 completed=400 pending=160
[exp7303-validation:cold_reduction] [exp8040] phase=parity_commits elapsed_s=0.767 completed=440 pending=120
[exp7303-validation:cold_reduction] [exp8040] phase=parity_commits elapsed_s=0.810 completed=480 pending=80
[exp7303-validation:cold_reduction] [exp8040] phase=parity_commits elapsed_s=0.851 completed=520 pending=40
[exp7303-validation:cold_reduction] [exp8040] phase=parity_commits elapsed_s=0.895 completed=560 pending=0
[exp7303-validation:cold_reduction] [exp8040] phase=parity_after elapsed_s=0.902 completed=560 pending=0
[exp7303-validation:cold_reduction] {"passed": true}
[exp7303-validation] after_subprocess cold_reduction elapsed_s=2.491 exit=0 unit=1/3
[exp7303-validation] before_subprocess adversarial elapsed_s=0.000 unit=2/3
[exp7303-validation:adversarial] {
[exp7303-validation:adversarial]   "reports": [
[exp7303-validation:adversarial]     {
[exp7303-validation:adversarial]       "artifact": "/home/ianblenke/github.com/ianblenke/carnot/results/raw/experiment_8040_v696_native_transaction_cost/terminal_candidate.json",
[exp7303-validation:adversarial]       "loaded": true,
[exp7303-validation:adversarial]       "exp_id": 8040,
[exp7303-validation:adversarial]       "title": "",
[exp7303-validation:adversarial]       "honest_verdict": "complete_null_native_transaction_cost",
[exp7303-validation:adversarial]       "flag_count": 0,
[exp7303-validation:adversarial]       "max_severity": -1,
[exp7303-validation:adversarial]       "flags": [],
[exp7303-validation:adversarial]       "gate_version": "197e0a5eacacb09ce6607ae8bdfd507498082857f0d02ec2003a62c251b69a24"
[exp7303-validation:adversarial]     }
[exp7303-validation:adversarial]   ],
[exp7303-validation:adversarial]   "flagged_count": 0
[exp7303-validation:adversarial] }
[exp7303-validation] after_subprocess adversarial elapsed_s=1.221 exit=0 unit=2/3
[exp7303-validation] before_subprocess strict_rows elapsed_s=0.000 unit=3/3
[exp7303-validation:strict_rows] 
[exp7303-validation:strict_rows] verdict-row-consistency: checked 1, skipped 0 (no per-unit rows), unreadable 0.
[exp7303-validation:strict_rows]   No row/verdict contradictions among the artifacts that could be checked.
[exp7303-validation] after_subprocess strict_rows elapsed_s=0.051 exit=0 unit=3/3
[exp7303-validation] before_subprocess cold_reduction elapsed_s=0.000 unit=1/3
[exp7303-validation:cold_reduction] [exp8040] phase=parity_before elapsed_s=0.301 completed=0 pending=560
[exp7303-validation:cold_reduction] [exp8040] phase=parity_commits elapsed_s=0.344 completed=40 pending=520
[exp7303-validation:cold_reduction] [exp8040] phase=parity_commits elapsed_s=0.392 completed=80 pending=480
[exp7303-validation:cold_reduction] [exp8040] phase=parity_commits elapsed_s=0.435 completed=120 pending=440
[exp7303-validation:cold_reduction] [exp8040] phase=parity_commits elapsed_s=0.478 completed=160 pending=400
[exp7303-validation:cold_reduction] [exp8040] phase=parity_commits elapsed_s=0.521 completed=200 pending=360
[exp7303-validation:cold_reduction] [exp8040] phase=parity_commits elapsed_s=0.563 completed=240 pending=320
[exp7303-validation:cold_reduction] [exp8040] phase=parity_commits elapsed_s=0.607 completed=280 pending=280
[exp7303-validation:cold_reduction] [exp8040] phase=parity_commits elapsed_s=0.649 completed=320 pending=240
[exp7303-validation:cold_reduction] [exp8040] phase=parity_commits elapsed_s=0.692 completed=360 pending=200
[exp7303-validation:cold_reduction] [exp8040] phase=parity_commits elapsed_s=0.735 completed=400 pending=160
[exp7303-validation:cold_reduction] [exp8040] phase=parity_commits elapsed_s=0.777 completed=440 pending=120
[exp7303-validation:cold_reduction] [exp8040] phase=parity_commits elapsed_s=0.821 completed=480 pending=80
[exp7303-validation:cold_reduction] [exp8040] phase=parity_commits elapsed_s=0.863 completed=520 pending=40
[exp7303-validation:cold_reduction] [exp8040] phase=parity_commits elapsed_s=0.908 completed=560 pending=0
[exp7303-validation:cold_reduction] [exp8040] phase=parity_after elapsed_s=0.915 completed=560 pending=0
[exp7303-validation:cold_reduction] {"passed": true}
[exp7303-validation] after_subprocess cold_reduction elapsed_s=2.529 exit=0 unit=1/3
[exp7303-validation] before_subprocess adversarial elapsed_s=0.000 unit=2/3
[exp7303-validation:adversarial] {
[exp7303-validation:adversarial]   "reports": [
[exp7303-validation:adversarial]     {
[exp7303-validation:adversarial]       "artifact": "/home/ianblenke/github.com/ianblenke/carnot/results/experiment_8040_v696_native_transaction_cost.json",
[exp7303-validation:adversarial]       "loaded": true,
[exp7303-validation:adversarial]       "exp_id": 8040,
[exp7303-validation:adversarial]       "title": "",
[exp7303-validation:adversarial]       "honest_verdict": "complete_null_native_transaction_cost",
[exp7303-validation:adversarial]       "flag_count": 0,
[exp7303-validation:adversarial]       "max_severity": -1,
[exp7303-validation:adversarial]       "flags": [],
[exp7303-validation:adversarial]       "gate_version": "197e0a5eacacb09ce6607ae8bdfd507498082857f0d02ec2003a62c251b69a24"
[exp7303-validation:adversarial]     }
[exp7303-validation:adversarial]   ],
[exp7303-validation:adversarial]   "flagged_count": 0
[exp7303-validation:adversarial] }
[exp7303-validation] after_subprocess adversarial elapsed_s=1.231 exit=0 unit=2/3
[exp7303-validation] before_subprocess strict_rows elapsed_s=0.000 unit=3/3
[exp7303-validation:strict_rows] 
[exp7303-validation:strict_rows] verdict-row-consistency: checked 1, skipped 0 (no per-unit rows), unreadable 0.
[exp7303-validation:strict_rows]   No row/verdict contradictions among the artifacts that could be checked.
[exp7303-validation] after_subprocess strict_rows elapsed_s=0.045 exit=0 unit=3/3
[exp8040] phase=publication_after elapsed_s=215.769 completed=1 pending=0
