[exp7978] start current capstone CLI
[exp7978] phase=start completed_units=0 elapsed_s=0.000
[exp7978] phase=inputs_hashes_invocations_frozen completed_units=12 elapsed_s=24.068
[exp7978] phase=independent_reduction completed_units=1 elapsed_s=24.140
[exp7978] phase=independent_reduction completed_units=2 elapsed_s=24.388
[exp7978] phase=independent_reduction completed_units=3 elapsed_s=25.375
[exp7978] phase=independent_reduction completed_units=4 elapsed_s=25.485
[exp7978] phase=independent_reduction completed_units=5 elapsed_s=25.759
[exp7978] phase=independent_reduction completed_units=6 elapsed_s=25.807
[exp7972] uncertainty completed_units=1/6 elapsed_s=0.015
[exp7972] uncertainty completed_units=2/6 elapsed_s=0.019
[exp7972] uncertainty completed_units=3/6 elapsed_s=0.023
[exp7972] uncertainty completed_units=4/6 elapsed_s=0.028
[exp7972] uncertainty completed_units=5/6 elapsed_s=0.032
[exp7972] uncertainty completed_units=6/6 elapsed_s=0.036
[exp7972] uncertainty completed_units=1/6 elapsed_s=0.016
[exp7972] uncertainty completed_units=2/6 elapsed_s=0.020
[exp7972] uncertainty completed_units=3/6 elapsed_s=0.025
[exp7972] uncertainty completed_units=4/6 elapsed_s=0.029
[exp7972] uncertainty completed_units=5/6 elapsed_s=0.033
[exp7972] uncertainty completed_units=6/6 elapsed_s=0.038
[exp7978] phase=independent_reduction completed_units=7 elapsed_s=25.978
[exp7978] phase=independent_reduction completed_units=8 elapsed_s=26.023
[exp7978] phase=independent_reduction completed_units=9 elapsed_s=26.067
[exp7978] phase=independent_reduction completed_units=10 elapsed_s=26.487
[exp7978] phase=independent_reduction completed_units=11 elapsed_s=26.559
[exp7978] phase=independent_reduction completed_units=12 elapsed_s=26.745
[exp7978] phase=independent_reduction completed_units=13 elapsed_s=26.904
{"errors": []}
