   Compiling libc v0.2.184
   Compiling once_cell v1.21.4
   Compiling target-lexicon v0.13.5
   Compiling serde_core v1.0.228
   Compiling memchr v2.8.0
   Compiling bytes v1.11.1
   Compiling pin-project-lite v0.2.17
   Compiling serde_json v1.0.149
   Compiling parking_lot_core v0.9.12
   Compiling num-traits v0.2.19
   Compiling futures-core v0.3.32
   Compiling smallvec v1.15.1
   Compiling scopeguard v1.2.0
   Compiling log v0.4.29
   Compiling httparse v1.10.1
   Compiling futures-sink v0.3.32
   Compiling syn v2.0.117
   Compiling getrandom v0.3.4
   Compiling futures-task v0.3.32
   Compiling slab v0.4.12
   Compiling utf-8 v0.7.6
   Compiling data-encoding v2.10.0
   Compiling sha1 v0.10.6
   Compiling thiserror v1.0.69
   Compiling tower-service v0.3.3
   Compiling lock_api v0.4.14
   Compiling tower-layer v0.3.3
   Compiling mime v0.3.17
   Compiling percent-encoding v2.3.2
   Compiling rustversion v1.0.22
   Compiling unicase v2.9.0
   Compiling httpdate v1.0.3
   Compiling futures-channel v0.3.32
   Compiling memoffset v0.9.1
   Compiling tracing-core v0.1.36
   Compiling byteorder v1.5.0
   Compiling atomic-waker v1.1.2
   Compiling sync_wrapper v1.0.2
   Compiling heck v0.5.0
   Compiling form_urlencoded v1.2.2
   Compiling ryu v1.0.23
   Compiling regex-syntax v0.8.10
   Compiling lazy_static v1.5.0
   Compiling thread_local v1.1.9
   Compiling sharded-slab v0.1.7
   Compiling mime_guess v2.0.5
   Compiling base64 v0.22.1
   Compiling nu-ansi-term v0.50.3
   Compiling indoc v2.0.7
   Compiling http-range-header v0.4.2
   Compiling matchit v0.7.3
   Compiling unindent v0.2.4
   Compiling rustc-hash v2.1.2
   Compiling http v1.4.0
   Compiling tracing-log v0.2.0
   Compiling aho-corasick v1.1.4
   Compiling pyo3-build-config v0.24.2
   Compiling num-integer v0.1.46
   Compiling num-complex v0.4.6
   Compiling approx v0.5.1
   Compiling tracing-subscriber v0.3.23
   Compiling getrandom v0.2.17
   Compiling errno v0.3.14
   Compiling mio v1.2.0
   Compiling socket2 v0.6.3
   Compiling getrandom v0.4.2
   Compiling memmap2 v0.9.10
   Compiling signal-hook-registry v1.4.8
   Compiling ndarray v0.16.1
   Compiling rand_core v0.6.4
   Compiling rand_core v0.9.5
   Compiling http-body v1.0.1
   Compiling tempfile v3.27.0
   Compiling uuid v1.23.0
   Compiling http-body-util v0.1.3
   Compiling parking_lot v0.12.5
   Compiling rand_chacha v0.3.1
   Compiling rand_chacha v0.9.0
   Compiling rand v0.8.5
   Compiling rand v0.9.2
   Compiling pyo3-ffi v0.24.2
   Compiling pyo3-macros-backend v0.24.2
   Compiling pyo3 v0.24.2
   Compiling numpy v0.24.0
   Compiling serde_path_to_error v0.1.20
   Compiling regex-automata v0.4.14
   Compiling rand_distr v0.4.3
   Compiling ndarray-rand v0.15.0
   Compiling regex v1.12.3
   Compiling serde_derive v1.0.228
   Compiling thiserror-impl v2.0.18
   Compiling tokio-macros v2.7.0
   Compiling futures-macro v0.3.32
   Compiling tracing-attributes v0.1.31
   Compiling thiserror-impl v1.0.69
   Compiling async-trait v0.1.89
   Compiling tokio v1.51.0
   Compiling tracing v0.1.44
   Compiling futures-util v0.3.32
   Compiling thiserror v2.0.18
   Compiling tungstenite v0.24.0
   Compiling tungstenite v0.26.2
   Compiling axum-core v0.4.5
   Compiling serde v1.0.228
   Compiling pyo3-macros v0.24.2
   Compiling safetensors v0.4.5
   Compiling serde_urlencoded v0.7.1
   Compiling carnot-core v0.1.0 (/home/ianblenke/github.com/ianblenke/carnot/crates/carnot-core)
   Compiling hyper v1.9.0
   Compiling tower v0.5.3
   Compiling tokio-tungstenite v0.24.0
   Compiling tokio-util v0.7.18
   Compiling tokio-tungstenite v0.26.2
   Compiling tower-http v0.5.2
warning: unused variable: `repaired`
   --> crates/carnot-core/src/verify/sudoku.rs:305:14
    |
305 |         let (repaired, history) = repair(&energy_fn, &x, 0.01, 500);
    |              ^^^^^^^^ help: if this is intentional, prefix it with an underscore: `_repaired`
    |
    = note: `#[warn(unused_variables)]` (part of `#[warn(unused)]`) on by default

warning: unused variable: `grad_all`
   --> crates/carnot-core/src/verify/mod.rs:859:13
    |
859 |         let grad_all = composed.grad_energy(&x.view());
    |             ^^^^^^^^ help: if this is intentional, prefix it with an underscore: `_grad_all`

   Compiling hyper-util v0.1.20
   Compiling axum v0.7.9
   Compiling carnot-ising v0.1.0 (/home/ianblenke/github.com/ianblenke/carnot/crates/carnot-ising)
   Compiling carnot-samplers v0.1.0 (/home/ianblenke/github.com/ianblenke/carnot/crates/carnot-samplers)
   Compiling carnot-gibbs v0.1.0 (/home/ianblenke/github.com/ianblenke/carnot/crates/carnot-gibbs)
   Compiling carnot-kan v0.1.0 (/home/ianblenke/github.com/ianblenke/carnot/crates/carnot-kan)
   Compiling carnot-boltzmann v0.1.0 (/home/ianblenke/github.com/ianblenke/carnot/crates/carnot-boltzmann)
   Compiling carnot-constraints v0.1.0 (/home/ianblenke/github.com/ianblenke/carnot/crates/carnot-constraints)
warning: `carnot-core` (lib test) generated 2 warnings (run `cargo fix --lib -p carnot-core --tests` to apply 2 suggestions)
   Compiling carnot-webgpu-gateway v0.1.0 (/home/ianblenke/github.com/ianblenke/carnot/crates/carnot-webgpu-gateway)
   Compiling carnot-python v0.1.0 (/home/ianblenke/github.com/ianblenke/carnot/crates/carnot-python)
warning: unused import: `ndarray::Array2`
 --> crates/carnot-python/src/s2kan.rs:3:5
  |
3 | use ndarray::Array2;
  |     ^^^^^^^^^^^^^^^
  |
  = note: `#[warn(unused_imports)]` (part of `#[warn(unused)]`) on by default

warning: unused import: `std::sync::Arc`
 --> crates/carnot-python/src/s2kan.rs:6:5
  |
6 | use std::sync::Arc;
  |     ^^^^^^^^^^^^^^

warning: use of deprecated method `numpy::IntoPyArray::into_pyarray_bound`: renamed to `IntoPyArray::into_pyarray`
  --> crates/carnot-python/src/s2kan.rs:40:16
   |
40 |         result.into_pyarray_bound(py)
   |                ^^^^^^^^^^^^^^^^^^
   |
   = note: `#[warn(deprecated)]` on by default

error: linking with `x86_64-linux-gnu-gcc` failed: exit status: 1
  |
  = note:  "x86_64-linux-gnu-gcc" "-m64" "/tmp/carnot-8027-rust-coverage/debug/deps/rustcnDNj2n/symbols.o" "<247 object files omitted>" "-Wl,--as-needed" "-Wl,-Bstatic" "<sysroot>/lib/rustlib/x86_64-unknown-linux-gnu/lib/{libtest-*,libgetopts-*,librustc_std_workspace_std-*}.rlib" "/tmp/carnot-8027-rust-coverage/debug/deps/{libcarnot_gibbs-b9a592183e57a7ef,libcarnot_boltzmann-2fb8d839cd7c14ea,libcarnot_kan-09ab086bbc21a1eb,libcarnot_constraints-08224be7fd1d9bd1,libregex-9dfd830061297fc6,libregex_automata-22e7137d8a211e7f,libaho_corasick-ecaa4dee88e98904,libregex_syntax-65330e0b2015fb24,libcarnot_ising-7b783810dc8e6671,libcarnot_webgpu_gateway-0d184a4f2a38cbe9,libuuid-34793c027fd4173d,libgetrandom-44cfa01490332483,libmemmap2-ac45a4b426c05dad,libtower_http-a310cbf03c1e6d89,libmime_guess-279327bcf4a54e3c,libunicase-897f5fda2662b9cf,libhttp_range_header-c1e90bb5ec098a4a,libtokio_util-bd6ee46b411f19bf,libbitflags-597f67f80b53b2df,libaxum-1a7582b475b02e6c,libserde_path_to_error-1489c3ac9568062e,libserde_urlencoded-91a8078cbb9309d4,libryu-46eb5ecb9089dbaa,libform_urlencoded-0e661a9e93923b43,libpercent_encoding-533114cf53389370,libmatchit-b7d9a38e7705a68f,libbase64-e10e37f31329a275,libtokio_tungstenite-6a093695a3db1499,libtungstenite-04dc66d414612863,libdata_encoding-bd4af14843552301,libutf8-b60973c9c4fdb600,libbyteorder-94f497ba106da2d4,libthiserror-455ec88faf0966cc,libsha1-15302e160e446cf2,libhyper_util-78d4e14132834503,libhyper-eaa43f01a65329ce,libhttparse-8381a1da46495523,libatomic_waker-7f3200388eabfcb9,libhttpdate-7411593405305244,libfutures_channel-ee785e4ca82ba143,libaxum_core-0f56103988ffc5ac,libmime-bdeffa6cc1aad560,libhttp_body_util-d7dce3c2e83a26c2,libhttp_body-2878b7b91d55dfc0,libhttp-9c37b2152d475274,libtracing-dede2aa3c2113efd,liblog-a7681337a3aa7168,libtracing_core-7b05c135784cdfb3,libtower-7ac07ada75100a61,libsync_wrapper-4bb4855b9f400b74,libtower_layer-c1fe3e8d268a9a1f,libfutures_util-b61c699b3f34b989,libslab-8b21316b35730d79,libfutures_sink-70ea37518a496640,libfutures_task-59014b269f3e7138,libfutures_core-c0b1aec2b8d698f7,libtower_service-5a9b288d43415a1a,libtokio-44501dd6533b9863,libsignal_hook_registry-6b7366b9bc3e24cc,liberrno-b634c5eb44b32b36,libsocket2-b824334db4b79ed8,libbytes-bc9a7c611ded762f,libmio-063a87db899bdaf2,libparking_lot-77b7e7ae18c8034e,libparking_lot_core-67457002035da43b,libsmallvec-65fa9d3a724a590d,liblock_api-bdffc372621e99f2,libscopeguard-6914a14950852f06,libpin_project_lite-b6533636f8afeb35,libcarnot_samplers-fe50410a6f5a9453,liblibm-7b309b59f9131439,libcarnot_core-ecc70e2fec0a9c13,libbytemuck-42107fb3d6b213e0,libthiserror-46b7a7248a4b5f8f,libsafetensors-367b88f26bcfd53d,libserde_json-f55b3b46880b40db,libmemchr-2444a1f386601e9e,libitoa-d170fe8fe8f7c27b,libzmij-ced57781f6a96052,libndarray_rand-089c0924f33ba1d9,librand_distr-f026f65eac068d07,librand-9b68103904484e2a,librand_chacha-ddfed430fe5449b6,libppv_lite86-597658b3a0a9d91a,libzerocopy-a388de85b1889784,librand_core-3fd329410b3c86d8,libgetrandom-6b00d937d55ad479,libsha2-bfddae178c1275d6,libcpufeatures-a0ef7ba81792fcdf,libdigest-46897aff26153ae4,libblock_buffer-30e01e9d556b30fb,libcrypto_common-b9e9bc0d030d5a68,libgeneric_array-36b8b06a4f61c08e,libtypenum-10f3518df7574d16,libserde-92d6fb7313c6f10a,libserde_core-3555f651d210f199,libnumpy-709f7b81e2a60367,librustc_hash-79d504667987dc09,libpyo3-868539825ac24a26,libcfg_if-258bb4d5097c963b,libmemoffset-eaf8cde1d757880a,libonce_cell-014b5836e93b69c3,libpyo3_ffi-2ea388f77073d3d5,liblibc-7e2856d14b43f3ca,libunindent-bf8e740b060fee3c,libndarray-73c499a9c9cbd6b9,libmatrixmultiply-8239d6ced6bb3efe,libnum_complex-46a5fc2227be5201,libnum_integer-eddabfa75186cc88,libnum_traits-541e1042304033ca,librawpointer-0433cb082a6a1e70}.rlib" "<sysroot>/lib/rustlib/x86_64-unknown-linux-gnu/lib/{libprofiler_builtins-*,libstd-*,libpanic_unwind-*,libobject-*,libmemchr-*,libaddr2line-*,libgimli-*,libcfg_if-*,librustc_demangle-*,libstd_detect-*,libhashbrown-*,librustc_std_workspace_alloc-*,libminiz_oxide-*,libadler2-*,libunwind-*,liblibc-*,librustc_std_workspace_core-*,liballoc-*,libcore-*,libcompiler_builtins-*}.rlib" "-Wl,-Bdynamic" "-lgcc_s" "-lutil" "-lrt" "-lpthread" "-lm" "-ldl" "-lc" "-L" "/tmp/carnot-8027-rust-coverage/debug/deps/rustcnDNj2n/raw-dylibs" "-fuse-ld=lld" "-Wl,--eh-frame-hdr" "-Wl,-z,noexecstack" "-L" "<sysroot>/lib/rustlib/x86_64-unknown-linux-gnu/lib" "-o" "/tmp/carnot-8027-rust-coverage/debug/deps/carnot_python-af33e709ccc7b9b1" "-Wl,--gc-sections" "-pie" "-Wl,-z,relro,-z,now" "-nodefaultlibs" "-u" "__llvm_profile_runtime"
  = note: some arguments are omitted. use `--verbose` to show all linker arguments
  = note: ld.lld: error: undefined symbol: PyGILState_Ensure
          >>> referenced by pystate.rs:141 (src/pystate.rs:141)
          >>>               pyo3_ffi-2ea388f77073d3d5.pyo3_ffi.60f77ff611df6974-cgu.0.rcgu.o:(pyo3_ffi::pystate::PyGILState_Ensure) in archive /tmp/carnot-8027-rust-coverage/debug/deps/libpyo3_ffi-2ea388f77073d3d5.rlib
          
          ld.lld: error: undefined symbol: Py_IsInitialized
          >>> referenced by gil.rs:182 (src/gil.rs:182)
          >>>               pyo3-868539825ac24a26.pyo3.d55e74b2537441e8-cgu.11.rcgu.o:(<pyo3::gil::GILGuard>::acquire::{closure#0}) in archive /tmp/carnot-8027-rust-coverage/debug/deps/libpyo3-868539825ac24a26.rlib
          >>> referenced by gil.rs:68 (src/gil.rs:68)
          >>>               pyo3-868539825ac24a26.pyo3.d55e74b2537441e8-cgu.11.rcgu.o:(pyo3::gil::prepare_freethreaded_python::{closure#0}) in archive /tmp/carnot-8027-rust-coverage/debug/deps/libpyo3-868539825ac24a26.rlib
          
          ld.lld: error: undefined symbol: Py_InitializeEx
          >>> referenced by gil.rs:69 (src/gil.rs:69)
          >>>               pyo3-868539825ac24a26.pyo3.d55e74b2537441e8-cgu.11.rcgu.o:(pyo3::gil::prepare_freethreaded_python::{closure#0}) in archive /tmp/carnot-8027-rust-coverage/debug/deps/libpyo3-868539825ac24a26.rlib
          
          ld.lld: error: undefined symbol: PyEval_SaveThread
          >>> referenced by gil.rs:72 (src/gil.rs:72)
          >>>               pyo3-868539825ac24a26.pyo3.d55e74b2537441e8-cgu.11.rcgu.o:(pyo3::gil::prepare_freethreaded_python::{closure#0}) in archive /tmp/carnot-8027-rust-coverage/debug/deps/libpyo3-868539825ac24a26.rlib
          >>> referenced by gil.rs:303 (src/gil.rs:303)
          >>>               pyo3-868539825ac24a26.pyo3.d55e74b2537441e8-cgu.11.rcgu.o:(<pyo3::gil::SuspendGIL>::new) in archive /tmp/carnot-8027-rust-coverage/debug/deps/libpyo3-868539825ac24a26.rlib
          
          ld.lld: error: undefined symbol: PyImport_Import
          >>> referenced by module.rs:96 (src/types/module.rs:96)
          >>>               pyo3-868539825ac24a26.pyo3.d55e74b2537441e8-cgu.05.rcgu.o:(<pyo3::types::module::PyModule>::import::<&pyo3::instance::Bound<pyo3::types::string::PyString>>) in archive /tmp/carnot-8027-rust-coverage/debug/deps/libpyo3-868539825ac24a26.rlib
          
          ld.lld: error: undefined symbol: PyExc_BaseException
          >>> referenced by exceptions.rs:282 (src/exceptions.rs:282)
          >>>               pyo3-868539825ac24a26.pyo3.d55e74b2537441e8-cgu.04.rcgu.o:(<pyo3::exceptions::PyBaseException as pyo3::type_object::PyTypeInfo>::type_object_raw::{closure#0}) in archive /tmp/carnot-8027-rust-coverage/debug/deps/libpyo3-868539825ac24a26.rlib
          >>> referenced by exceptions.rs:282 (src/exceptions.rs:282)
          >>>               pyo3-868539825ac24a26.pyo3.d55e74b2537441e8-cgu.04.rcgu.o:(<pyo3::exceptions::PyBaseException as pyo3::type_object::PyTypeInfo>::type_object_raw::{closure#0}) in archive /tmp/carnot-8027-rust-coverage/debug/deps/libpyo3-868539825ac24a26.rlib
          
          ld.lld: error: undefined symbol: _Py_Dealloc
          >>> referenced by object.rs:739 (/home/ianblenke/.cargo/registry/src/index.crates.io-1949cf8c6b5b557f/pyo3-ffi-0.24.2/src/object.rs:739)
          >>>               pyo3-868539825ac24a26.pyo3.d55e74b2537441e8-cgu.11.rcgu.o:(<pyo3::gil::ReferencePool>::update_counts) in archive /tmp/carnot-8027-rust-coverage/debug/deps/libpyo3-868539825ac24a26.rlib
          >>> referenced by object.rs:739 (/home/ianblenke/.cargo/registry/src/index.crates.io-1949cf8c6b5b557f/pyo3-ffi-0.24.2/src/object.rs:739)
          >>>               pyo3-868539825ac24a26.pyo3.d55e74b2537441e8-cgu.11.rcgu.o:(pyo3::gil::register_decref) in archive /tmp/carnot-8027-rust-coverage/debug/deps/libpyo3-868539825ac24a26.rlib
          >>> referenced by object.rs:739 (/home/ianblenke/.cargo/registry/src/index.crates.io-1949cf8c6b5b557f/pyo3-ffi-0.24.2/src/object.rs:739)
          >>>               pyo3-868539825ac24a26.pyo3.d55e74b2537441e8-cgu.00.rcgu.o:(<pyo3::instance::Bound<pyo3::exceptions::PyBaseException> as core::ops::drop::Drop>::drop) in archive /tmp/carnot-8027-rust-coverage/debug/deps/libpyo3-868539825ac24a26.rlib
          >>> referenced 6 more times
          
          ld.lld: error: undefined symbol: PyExc_TypeError
          >>> referenced by exceptions.rs:282 (src/exceptions.rs:282)
          >>>               pyo3-868539825ac24a26.pyo3.d55e74b2537441e8-cgu.04.rcgu.o:(<pyo3::exceptions::PyTypeError as pyo3::type_object::PyTypeInfo>::type_object_raw::{closure#0}) in archive /tmp/carnot-8027-rust-coverage/debug/deps/libpyo3-868539825ac24a26.rlib
          >>> referenced by exceptions.rs:282 (src/exceptions.rs:282)
          >>>               pyo3-868539825ac24a26.pyo3.d55e74b2537441e8-cgu.04.rcgu.o:(<pyo3::exceptions::PyTypeError as pyo3::type_object::PyTypeInfo>::type_object_raw::{closure#0}) in archive /tmp/carnot-8027-rust-coverage/debug/deps/libpyo3-868539825ac24a26.rlib
          
          ld.lld: error: undefined symbol: PyExc_ValueError
          >>> referenced by exceptions.rs:282 (src/exceptions.rs:282)
          >>>               pyo3-868539825ac24a26.pyo3.d55e74b2537441e8-cgu.04.rcgu.o:(<pyo3::exceptions::PyValueError as pyo3::type_object::PyTypeInfo>::type_object_raw::{closure#0}) in archive /tmp/carnot-8027-rust-coverage/debug/deps/libpyo3-868539825ac24a26.rlib
          >>> referenced by exceptions.rs:282 (src/exceptions.rs:282)
          >>>               pyo3-868539825ac24a26.pyo3.d55e74b2537441e8-cgu.04.rcgu.o:(<pyo3::exceptions::PyValueError as pyo3::type_object::PyTypeInfo>::type_object_raw::{closure#0}) in archive /tmp/carnot-8027-rust-coverage/debug/deps/libpyo3-868539825ac24a26.rlib
          
          ld.lld: error: undefined symbol: PyObject_GetAttr
          >>> referenced by any.rs:997 (src/types/any.rs:997)
          >>>               pyo3-868539825ac24a26.pyo3.d55e74b2537441e8-cgu.08.rcgu.o:(<pyo3::instance::Bound<pyo3::types::any::PyAny> as pyo3::types::any::PyAnyMethods>::getattr::inner) in archive /tmp/carnot-8027-rust-coverage/debug/deps/libpyo3-868539825ac24a26.rlib
          
          ld.lld: error: undefined symbol: PyUnicode_FromStringAndSize
          >>> referenced by string.rs:172 (src/types/string.rs:172)
          >>>               pyo3-868539825ac24a26.pyo3.d55e74b2537441e8-cgu.04.rcgu.o:(<pyo3::types::string::PyString>::new) in archive /tmp/carnot-8027-rust-coverage/debug/deps/libpyo3-868539825ac24a26.rlib
          >>> referenced by string.rs:197 (src/types/string.rs:197)
          >>>               pyo3-868539825ac24a26.pyo3.d55e74b2537441e8-cgu.04.rcgu.o:(<pyo3::types::string::PyString>::intern) in archive /tmp/carnot-8027-rust-coverage/debug/deps/libpyo3-868539825ac24a26.rlib
          
          ld.lld: error: undefined symbol: PyUnicode_InternInPlace
          >>> referenced by string.rs:199 (src/types/string.rs:199)
          >>>               pyo3-868539825ac24a26.pyo3.d55e74b2537441e8-cgu.04.rcgu.o:(<pyo3::types::string::PyString>::intern) in archive /tmp/carnot-8027-rust-coverage/debug/deps/libpyo3-868539825ac24a26.rlib
          
          ld.lld: error: undefined symbol: PyErr_WriteUnraisable
          >>> referenced by mod.rs:590 (src/err/mod.rs:590)
          >>>               pyo3-868539825ac24a26.pyo3.d55e74b2537441e8-cgu.10.rcgu.o:(<pyo3::err::PyErr>::write_unraisable) in archive /tmp/carnot-8027-rust-coverage/debug/deps/libpyo3-868539825ac24a26.rlib
          
          ld.lld: error: undefined symbol: PyErr_PrintEx
          >>> referenced by mod.rs:389 (src/err/mod.rs:389)
          >>>               pyo3-868539825ac24a26.pyo3.d55e74b2537441e8-cgu.10.rcgu.o:(<pyo3::err::PyErr>::print_panic_and_unwind) in archive /tmp/carnot-8027-rust-coverage/debug/deps/libpyo3-868539825ac24a26.rlib
          
          ld.lld: error: undefined symbol: PyException_GetTraceback
          >>> referenced by err_state.rs:179 (src/err/err_state.rs:179)
          >>>               pyo3-868539825ac24a26.pyo3.d55e74b2537441e8-cgu.14.rcgu.o:(<pyo3::err::err_state::PyErrStateNormalized>::ptraceback) in archive /tmp/carnot-8027-rust-coverage/debug/deps/libpyo3-868539825ac24a26.rlib
          
          ld.lld: error: undefined symbol: PyEval_RestoreThread
          >>> referenced by gil.rs:313 (src/gil.rs:313)
          >>>               pyo3-868539825ac24a26.pyo3.d55e74b2537441e8-cgu.11.rcgu.o:(<pyo3::gil::SuspendGIL as core::ops::drop::Drop>::drop) in archive /tmp/carnot-8027-rust-coverage/debug/deps/libpyo3-868539825ac24a26.rlib
          
          ld.lld: error: undefined symbol: PyErr_GetRaisedException
          >>> referenced by err_state.rs:190 (src/err/err_state.rs:190)
          >>>               pyo3-868539825ac24a26.pyo3.d55e74b2537441e8-cgu.14.rcgu.o:(<pyo3::err::err_state::PyErrStateNormalized>::take) in archive /tmp/carnot-8027-rust-coverage/debug/deps/libpyo3-868539825ac24a26.rlib
          
          ld.lld: error: undefined symbol: PyErr_SetRaisedException
          >>> referenced by err_state.rs:322 (src/err/err_state.rs:322)
          >>>               pyo3-868539825ac24a26.pyo3.d55e74b2537441e8-cgu.14.rcgu.o:(<pyo3::err::err_state::PyErrStateInner>::restore) in archive /tmp/carnot-8027-rust-coverage/debug/deps/libpyo3-868539825ac24a26.rlib
          
          ld.lld: error: undefined symbol: PyGILState_Release
          >>> referenced by gil.rs:242 (src/gil.rs:242)
          >>>               pyo3-868539825ac24a26.pyo3.d55e74b2537441e8-cgu.11.rcgu.o:(<pyo3::gil::GILGuard as core::ops::drop::Drop>::drop) in archive /tmp/carnot-8027-rust-coverage/debug/deps/libpyo3-868539825ac24a26.rlib
          
          ld.lld: error: undefined symbol: PyErr_SetObject
          >>> referenced by err_state.rs:362 (src/err/err_state.rs:362)
          >>>               pyo3-868539825ac24a26.pyo3.d55e74b2537441e8-cgu.14.rcgu.o:(pyo3::err::err_state::raise_lazy) in archive /tmp/carnot-8027-rust-coverage/debug/deps/libpyo3-868539825ac24a26.rlib
          
          ld.lld: error: too many errors emitted, stopping now (use --error-limit=0 to see all errors)
          collect2: error: ld returned 1 exit status
          

warning: `carnot-python` (lib test) generated 3 warnings
error: could not compile `carnot-python` (lib test) due to 1 previous error; 3 warnings emitted
