[exp8027] phase=freeze_before elapsed_s=0.001 completed=0 pending=0
[exp8027] phase=small_head_load_before elapsed_s=1.794 completed=0 pending=0
[exp8027] phase=small_head_load_after elapsed_s=4.782 completed=4480 pending=0
[exp8027] phase=freeze_after elapsed_s=4.880 completed=0 pending=0
[exp8027] phase=build_before elapsed_s=4.880 completed=0 pending=0
[phase 3 before] interpreter-bound carnot-python subprocess
   Compiling carnot-core v0.1.0 (/home/ianblenke/github.com/ianblenke/carnot/crates/carnot-core)
   Compiling carnot-ising v0.1.0 (/home/ianblenke/github.com/ianblenke/carnot/crates/carnot-ising)
   Compiling carnot-webgpu-gateway v0.1.0 (/home/ianblenke/github.com/ianblenke/carnot/crates/carnot-webgpu-gateway)
   Compiling carnot-constraints v0.1.0 (/home/ianblenke/github.com/ianblenke/carnot/crates/carnot-constraints)
   Compiling carnot-gibbs v0.1.0 (/home/ianblenke/github.com/ianblenke/carnot/crates/carnot-gibbs)
   Compiling carnot-boltzmann v0.1.0 (/home/ianblenke/github.com/ianblenke/carnot/crates/carnot-boltzmann)
   Compiling carnot-kan v0.1.0 (/home/ianblenke/github.com/ianblenke/carnot/crates/carnot-kan)
   Compiling carnot-samplers v0.1.0 (/home/ianblenke/github.com/ianblenke/carnot/crates/carnot-samplers)
   Compiling carnot-python v0.1.0 (/home/ianblenke/github.com/ianblenke/carnot/crates/carnot-python)
warning: unused import: `ndarray::Array2`
 --> crates/carnot-python/src/s2kan.rs:3:5
  |
3 | use ndarray::Array2;
  |     ^^^^^^^^^^^^^^^
  |
  = note: `#[warn(unused_imports)]` (part of `#[warn(unused)]`) on by default

warning: unused import: `std::sync::Arc`
 --> crates/carnot-python/src/s2kan.rs:6:5
  |
6 | use std::sync::Arc;
  |     ^^^^^^^^^^^^^^

warning: use of deprecated method `numpy::IntoPyArray::into_pyarray_bound`: renamed to `IntoPyArray::into_pyarray`
  --> crates/carnot-python/src/s2kan.rs:40:16
   |
40 |         result.into_pyarray_bound(py)
   |                ^^^^^^^^^^^^^^^^^^
   |
   = note: `#[warn(deprecated)]` on by default

[heartbeat] operation=Exp7230 interpreter-bound carnot-python build state=process_running elapsed_s=30.225
warning: `carnot-python` (lib) generated 3 warnings (run `cargo fix --lib -p carnot-python` to apply 2 suggestions)
    Finished `release` profile [optimized] target(s) in 32.31s
[phase 3 after] native build selected=/home/ianblenke/github.com/ianblenke/carnot/target/experiment-7230-load/_rust.cpython-312-x86_64-linux-gnu.so
[exp8027] phase=build_after elapsed_s=38.220 completed=0 pending=0
[exp8027] phase=extension_load_before elapsed_s=38.220 completed=0 pending=0
[exp8027] phase=extension_load_after elapsed_s=38.226 completed=0 pending=0
[exp8027] phase=extension_load_before elapsed_s=38.226 completed=0 pending=0
[exp8027] phase=extension_load_after elapsed_s=38.231 completed=0 pending=0
[exp8027] phase=parity_before elapsed_s=40.613 completed=0 pending=4736
[exp8027] phase=parity_natural elapsed_s=40.638 completed=1 pending=4479
[exp8027] phase=parity_natural elapsed_s=40.749 completed=513 pending=3967
[exp8027] phase=parity_natural elapsed_s=40.858 completed=1025 pending=3455
[exp8027] phase=parity_natural elapsed_s=40.968 completed=1537 pending=2943
[exp8027] phase=parity_natural elapsed_s=41.078 completed=2049 pending=2431
[exp8027] phase=parity_natural elapsed_s=41.187 completed=2561 pending=1919
[exp8027] phase=parity_natural elapsed_s=41.297 completed=3073 pending=1407
[exp8027] phase=parity_natural elapsed_s=41.407 completed=3585 pending=895
[exp8027] phase=parity_natural elapsed_s=41.517 completed=4097 pending=383
Traceback (most recent call last):
  File "/home/ianblenke/github.com/ianblenke/carnot/scripts/experiments/experiment_8027_v695_native_update_cost.py", line 16, in <module>
    raise SystemExit(main())
                     ^^^^^^
  File "/home/ianblenke/github.com/ianblenke/carnot/python/carnot/experiment_8027_v695_native_update_cost.py", line 910, in main
    value.update(parity(data, native, raw))
                 ^^^^^^^^^^^^^^^^^^^^^^^^^
  File "/home/ianblenke/github.com/ianblenke/carnot/python/carnot/experiment_8027_v695_native_update_cost.py", line 319, in parity
    raise ValueError("restart_coefficients")
ValueError: restart_coefficients
