bringing up nodes...
bringing up nodes...

........................................................................ [  0%]
........................................................................ [  0%]
........................................................................ [  0%]
........................................................................ [  0%]
........................................................................ [  0%]
........................................................................ [  0%]
........................................................................ [  0%]
........................................................................ [  0%]
........................................................................ [  0%]
........................................................................ [  0%]
........................................................................ [  1%]
........................................................................ [  1%]
........................................................................ [  1%]
........................................................................ [  1%]
........................................................................ [  1%]
........................................................................ [  1%]
......................................................F................. [  1%]
..F.F......F............................................................ [  1%]
........................................................................ [  1%]
........................................................................ [  1%]
........................................................................ [  1%]
........................................................................ [  2%]
........................................................................ [  2%]
........................................................................ [  2%]
........................................................................ [  2%]
........................................................................ [  2%]
........................................................................ [  2%]
........................................................................ [  2%]
........................................................................ [  2%]
........................................................................ [  2%]
........................................................................ [  2%]
........................................................................ [  3%]
........................................................................ [  3%]
..............................s......................................... [  3%]
........................................................................ [  3%]
........................................................................ [  3%]
........................................................................ [  3%]
........................................................................ [  3%]
........................................................................ [  3%]
........................................................................ [  3%]
..............F......................................................... [  3%]
........................................................................ [  3%]
........................................................................ [  4%]
........................................................................ [  4%]
........................................................................ [  4%]
........................................................................ [  4%]
...................................................F.................... [  4%]
..F..F.F................................................................ [  4%]
........................................................................ [  4%]
..FF.................................................................... [  4%]
........................................................................ [  4%]
........................................................................ [  4%]
........................................................................ [  4%]
........................................................................ [  5%]
........................................................................ [  5%]
........................................................................ [  5%]
.....F...............F..FF.............................................. [  5%]
........................................................................ [  5%]
........................................................................ [  5%]
........................................................................ [  5%]
........................................................................ [  5%]
........................................................................ [  5%]
..............................................F...F..................... [  5%]
........................................................................ [  6%]
........................................................................ [  6%]
........................................................................ [  6%]
........................................................................ [  6%]
........................................................................ [  6%]
..........FFFFFFFFFFFFFFFFFFFFFFFFFFFFFFFF..........F........F.......... [  6%]
.....FF................................................................. [  6%]
..............................................................FF........ [  6%]
........................................................................ [  6%]
........................................................................ [  6%]
........................................................................ [  6%]
........F.......F..............................................F....F.F. [  7%]
...........F............................................................ [  7%]
..........Fssssss........s..........................................FFFF [  7%]
FFF..................................................................... [  7%]
........................................................................ [  7%]
........ssssssssssssssss...F............................................ [  7%]
..................F..................................................... [  7%]
........................................................................ [  7%]
........................................................................ [  7%]
........................................................................ [  7%]
...................................F.................................... [  8%]
........................................................................ [  8%]
.FF..................................................................... [  8%]
.......................................................................E [  8%]
........................................................................ [  8%]
........................................................................ [  8%]
........................................................................ [  8%]
........................................................................ [  8%]
........................................................................ [  8%]
........................................................................ [  8%]
........................................................................ [  8%]
........................................................................ [  9%]
..............F......................................................... [  9%]
....................................................s................... [  9%]
...............................................sssss.....ssssss......... [  9%]
........................................................................ [  9%]
........................................................................ [  9%]
........................................................................ [  9%]
........................................................................ [  9%]
........................................................................ [  9%]
........................................................................ [  9%]
........................................................................ [  9%]
........................................................................ [ 10%]
..........................................................s............. [ 10%]
........................................................................ [ 10%]
..............................F......................................... [ 10%]
........................................................................ [ 10%]
........................................................................ [ 10%]
...............................ssssssssssssss.....................FF.... [ 10%]
........................................FFFFFFFF.....s.................. [ 10%]
..................F.F..F.F.............................................. [ 10%]
...........F.F.F........................................................ [ 10%]
....F...................................................F............... [ 11%]
...............................FssF....FFFFFFFFFFFFF.................... [ 11%]
......................FF.F..F..FF....................................... [ 11%]
.................FFF.................................................... [ 11%]
.......FF............................................................... [ 11%]
........................................................................ [ 11%]
........................................................................ [ 11%]
F..................................................sss.................. [ 11%]
..........................................................ssssssssssssss [ 11%]
s....................................................................... [ 11%]
........................................................................ [ 11%]
........................................................................ [ 12%]
...................................................s.................... [ 12%]
........................................................................ [ 12%]
........................................................................ [ 12%]
........................................................................ [ 12%]
..............................F......................................... [ 12%]
........................................................................ [ 12%]
........................................................................ [ 12%]
........................................................................ [ 12%]
........................................................................ [ 12%]
........................................................................ [ 13%]
........................................................................ [ 13%]
........................................................................ [ 13%]
........................................................................ [ 13%]
............................s.............F...........................FF [ 13%]
FF............................FFF....................................... [ 13%]
..F....FF....................................................sssssssssss [ 13%]
F...FF........FF....FF...FF....FFFFFFFFFFFFFFFFFFFFFFFFFFFFFFFFFFF...... [ 13%]
...................................F.................................... [ 13%]
...............F...............F........................................ [ 13%]
........................................................................ [ 13%]
........................................................FF............F. [ 14%]
........................................................................ [ 14%]
........................................................................ [ 14%]
...................F.................................................... [ 14%]
.....................................F.................................. [ 14%]
........................................................................ [ 14%]
........................................................................ [ 14%]
..............................................................F......... [ 14%]
........................................................................ [ 14%]
....................F................................................... [ 14%]
....................................................................F... [ 14%]
........................................................................ [ 15%]
........................................................................ [ 15%]
........................................................................ [ 15%]
......F..........FFFFFFFFFFFFFFFFFF..................................... [ 15%]
.....................................................................FFF [ 15%]
FFFFFFFFFFFFFFFFF....................................................... [ 15%]
........................................................................ [ 15%]
........................................................................ [ 15%]
.....................................s.............FF.F................. [ 15%]
........................................................................ [ 15%]
...........F............................................................ [ 16%]
........................................................................ [ 16%]
........................................................................ [ 16%]
........................................................................ [ 16%]
........................................................................ [ 16%]
........................................................................ [ 16%]
........................................................................ [ 16%]
.................................F...................................... [ 16%]
.............................................F.......................... [ 16%]
........................................................................ [ 16%]
........................................................................ [ 16%]
........................................................................ [ 17%]
........................................................................ [ 17%]
........................................................................ [ 17%]
........................................................................ [ 17%]
........................................................................ [ 17%]
.............................................................F.......... [ 17%]
....FFF.........................FFF..................................... [ 17%]
........................................................................ [ 17%]
........................................................................ [ 17%]
........................................................................ [ 17%]
........................................................................ [ 17%]
........................................................................ [ 18%]
........................................................................ [ 18%]
........................................................................ [ 18%]
........................................................................ [ 18%]
........................................................................ [ 18%]
........................................................................ [ 18%]
........................................................................ [ 18%]
........................................................................ [ 18%]
...................................................................FF... [ 18%]
................................................................FFFF.... [ 18%]
........................................................................ [ 19%]
........................................................................ [ 19%]
........................................................................ [ 19%]
........................................................................ [ 19%]
........................................................................ [ 19%]
........................................................................ [ 19%]
........................................................................ [ 19%]
........................................................................ [ 19%]
........................................................................ [ 19%]
...............s........................................................ [ 19%]
........................................................................ [ 19%]
........................................................................ [ 20%]
........................................................................ [ 20%]
.....................................................................FFF [ 20%]
........................................................................ [ 20%]
..............................................F........F................ [ 20%]
........................................................................ [ 20%]
...........s..............................................FF............ [ 20%]
........................................................................ [ 20%]
........................................................................ [ 20%]
........................................................................ [ 20%]
........................................................................ [ 21%]
........................F.FFFF.F........................................ [ 21%]
........................................................................ [ 21%]
...........................MemoryError
INTERNALERROR> def worker_internal_error(
INTERNALERROR>         self, node: WorkerController, formatted_error: str
INTERNALERROR>     ) -> None:
INTERNALERROR>         """
INTERNALERROR>         pytest_internalerror() was called on the worker.
INTERNALERROR>     
INTERNALERROR>         pytest_internalerror() arguments are an excinfo and an excrepr, which can't
INTERNALERROR>         be serialized, so we go with a poor man's solution of raising an exception
INTERNALERROR>         here ourselves using the formatted message.
INTERNALERROR>         """
INTERNALERROR>         self._active_nodes.remove(node)
INTERNALERROR>         try:
INTERNALERROR> >           assert False, formatted_error
INTERNALERROR> E           AssertionError: Traceback (most recent call last):
INTERNALERROR> E               File "/home/ianblenke/github.com/ianblenke/carnot/.venv/lib/python3.12/site-packages/_pytest/main.py", line 318, in wrap_session
INTERNALERROR> E               File "/home/ianblenke/github.com/ianblenke/carnot/.venv/lib/python3.12/site-packages/_pytest/main.py", line 372, in _main
INTERNALERROR> E               File "/home/ianblenke/github.com/ianblenke/carnot/.venv/lib/python3.12/site-packages/pluggy/_hooks.py", line 512, in __call__
INTERNALERROR> E                 return self._hookexec(self.name, self._hookimpls.copy(), kwargs, firstresult)
INTERNALERROR> E                        ^^^^^^^^^^^^^^^^^^^^^^^^^^^^^^^^^^^^^^^^^^^^^^^^^^^^^^^^^^^^^^^^^^^^^^
INTERNALERROR> E               File "/home/ianblenke/github.com/ianblenke/carnot/.venv/lib/python3.12/site-packages/pluggy/_manager.py", line 120, in _hookexec
INTERNALERROR> E               File "/home/ianblenke/github.com/ianblenke/carnot/.venv/lib/python3.12/site-packages/pluggy/_callers.py", line 167, in _multicall
INTERNALERROR> E                 raise exception
INTERNALERROR> E               File "/home/ianblenke/github.com/ianblenke/carnot/.venv/lib/python3.12/site-packages/pluggy/_callers.py", line 139, in _multicall
INTERNALERROR> E                 teardown.throw(exception)
INTERNALERROR> E               File "/home/ianblenke/github.com/ianblenke/carnot/.venv/lib/python3.12/site-packages/_pytest/logging.py", line 801, in pytest_runtestloop
INTERNALERROR> E               File "/home/ianblenke/github.com/ianblenke/carnot/.venv/lib/python3.12/site-packages/pluggy/_callers.py", line 139, in _multicall
INTERNALERROR> E                 teardown.throw(exception)
INTERNALERROR> E               File "/home/ianblenke/github.com/ianblenke/carnot/.venv/lib/python3.12/site-packages/_pytest/terminal.py", line 707, in pytest_runtestloop
INTERNALERROR> E               File "/home/ianblenke/github.com/ianblenke/carnot/.venv/lib/python3.12/site-packages/pluggy/_callers.py", line 121, in _multicall
INTERNALERROR> E                 res = hook_impl.function(*args)
INTERNALERROR> E                       ^^^^^^^^^^^^^^^^^^^^^^^^^
INTERNALERROR> E               File "/home/ianblenke/github.com/ianblenke/carnot/.venv/lib/python3.12/site-packages/xdist/remote.py", line 206, in pytest_runtestloop
INTERNALERROR> E                 self.run_one_test()
INTERNALERROR> E               File "/home/ianblenke/github.com/ianblenke/carnot/.venv/lib/python3.12/site-packages/xdist/remote.py", line 227, in run_one_test
INTERNALERROR> E                 self.config.hook.pytest_runtest_protocol(item=item, nextitem=nextitem)
INTERNALERROR> E               File "/home/ianblenke/github.com/ianblenke/carnot/.venv/lib/python3.12/site-packages/pluggy/_hooks.py", line 512, in __call__
INTERNALERROR> E               File "/home/ianblenke/github.com/ianblenke/carnot/.venv/lib/python3.12/site-packages/pluggy/_manager.py", line 120, in _hookexec
INTERNALERROR> E                 return self._inner_hookexec(hook_name, methods, kwargs, firstresult)
INTERNALERROR> E                        ^^^^^^^^^^^^^^^^^^^^^^^^^^^^^^^^^^^^^^^^^^^^^^^^^^^^^^^^^^^^^
INTERNALERROR> E               File "/home/ianblenke/github.com/ianblenke/carnot/.venv/lib/python3.12/site-packages/pluggy/_callers.py", line 167, in _multicall
INTERNALERROR> E                 raise exception
INTERNALERROR> E               File "/home/ianblenke/github.com/ianblenke/carnot/.venv/lib/python3.12/site-packages/pluggy/_callers.py", line 139, in _multicall
INTERNALERROR> E                 teardown.throw(exception)
INTERNALERROR> E               File "/home/ianblenke/github.com/ianblenke/carnot/.venv/lib/python3.12/site-packages/_pytest/warnings.py", line 89, in pytest_runtest_protocol
INTERNALERROR> E                 return (yield)
INTERNALERROR> E                         ^^^^^
INTERNALERROR> E               File "/home/ianblenke/github.com/ianblenke/carnot/.venv/lib/python3.12/site-packages/pluggy/_callers.py", line 139, in _multicall
INTERNALERROR> E                 teardown.throw(exception)
INTERNALERROR> E               File "/home/ianblenke/github.com/ianblenke/carnot/.venv/lib/python3.12/site-packages/_pytest/assertion/__init__.py", line 192, in pytest_runtest_protocol
INTERNALERROR> E                 return (yield)
INTERNALERROR> E                         ^^^^^
INTERNALERROR> E               File "/home/ianblenke/github.com/ianblenke/carnot/.venv/lib/python3.12/site-packages/pluggy/_callers.py", line 139, in _multicall
INTERNALERROR> E                 teardown.throw(exception)
INTERNALERROR> E               File "/home/ianblenke/github.com/ianblenke/carnot/.venv/lib/python3.12/site-packages/_pytest/unittest.py", line 591, in pytest_runtest_protocol
INTERNALERROR> E               File "/home/ianblenke/github.com/ianblenke/carnot/.venv/lib/python3.12/site-packages/pluggy/_callers.py", line 139, in _multicall
INTERNALERROR> E                 teardown.throw(exception)
INTERNALERROR> E               File "/home/ianblenke/github.com/ianblenke/carnot/.venv/lib/python3.12/site-packages/_pytest/faulthandler.py", line 102, in pytest_runtest_protocol
INTERNALERROR> E                 return (yield)
INTERNALERROR> E                         ^^^^^
INTERNALERROR> E               File "/home/ianblenke/github.com/ianblenke/carnot/.venv/lib/python3.12/site-packages/pluggy/_callers.py", line 121, in _multicall
INTERNALERROR> E                 res = hook_impl.function(*args)
INTERNALERROR> E                       ^^^^^^^^^^^^^^^^^^^^^^^^^
INTERNALERROR> E               File "/home/ianblenke/github.com/ianblenke/carnot/.venv/lib/python3.12/site-packages/_pytest/runner.py", line 118, in pytest_runtest_protocol
INTERNALERROR> E                 runtestprotocol(item, nextitem=nextitem)
INTERNALERROR> E               File "/home/ianblenke/github.com/ianblenke/carnot/.venv/lib/python3.12/site-packages/_pytest/runner.py", line 137, in runtestprotocol
INTERNALERROR> E                 reports.append(call_and_report(item, "call", log))
INTERNALERROR> E                                ^^^^^^^^^^^^^^^^^^^^^^^^^^^^^^^^^^
INTERNALERROR> E               File "/home/ianblenke/github.com/ianblenke/carnot/.venv/lib/python3.12/site-packages/_pytest/runner.py", line 249, in call_and_report
INTERNALERROR> E                 report: TestReport = ihook.pytest_runtest_makereport(item=item, call=call)
INTERNALERROR> E                                      ^^^^^^^^^^^^^^^^^^^^^^^^^^^^^^^^^^^^^^^^^^^^^^^^^^^^^
INTERNALERROR> E               File "/home/ianblenke/github.com/ianblenke/carnot/.venv/lib/python3.12/site-packages/pluggy/_hooks.py", line 512, in __call__
INTERNALERROR> E               File "/home/ianblenke/github.com/ianblenke/carnot/.venv/lib/python3.12/site-packages/pluggy/_manager.py", line 120, in _hookexec
INTERNALERROR> E                 return self._inner_hookexec(hook_name, methods, kwargs, firstresult)
INTERNALERROR> E                        ^^^^^^^^^^^^^^^^^^^^^^^^^^^^^^^^^^^^^^^^^^^^^^^^^^^^^^^^^^^^^
INTERNALERROR> E               File "/home/ianblenke/github.com/ianblenke/carnot/.venv/lib/python3.12/site-packages/pluggy/_callers.py", line 167, in _multicall
INTERNALERROR> E                 raise exception
INTERNALERROR> E               File "/home/ianblenke/github.com/ianblenke/carnot/.venv/lib/python3.12/site-packages/pluggy/_callers.py", line 139, in _multicall
INTERNALERROR> E                 teardown.throw(exception)
INTERNALERROR> E               File "/home/ianblenke/github.com/ianblenke/carnot/.venv/lib/python3.12/site-packages/_pytest/tmpdir.py", line 333, in pytest_runtest_makereport
INTERNALERROR> E                 rep = yield
INTERNALERROR> E                       ^^^^^
INTERNALERROR> E               File "/home/ianblenke/github.com/ianblenke/carnot/.venv/lib/python3.12/site-packages/pluggy/_callers.py", line 139, in _multicall
INTERNALERROR> E                 teardown.throw(exception)
INTERNALERROR> E               File "/home/ianblenke/github.com/ianblenke/carnot/.venv/lib/python3.12/site-packages/pluggy/_callers.py", line 43, in run_old_style_hookwrapper
INTERNALERROR> E                 teardown.send(result)
INTERNALERROR> E               File "/home/ianblenke/github.com/ianblenke/carnot/.venv/lib/python3.12/site-packages/_hypothesis_pytestplugin.py", line 337, in pytest_runtest_makereport
INTERNALERROR> E               File "/home/ianblenke/github.com/ianblenke/carnot/.venv/lib/python3.12/site-packages/pluggy/_result.py", line 103, in get_result
INTERNALERROR> E                 raise exc.with_traceback(tb)
INTERNALERROR> E               File "/home/ianblenke/github.com/ianblenke/carnot/.venv/lib/python3.12/site-packages/pluggy/_callers.py", line 38, in run_old_style_hookwrapper
INTERNALERROR> E                 res = yield
INTERNALERROR> E                       ^^^^^
INTERNALERROR> E               File "/home/ianblenke/github.com/ianblenke/carnot/.venv/lib/python3.12/site-packages/pluggy/_callers.py", line 139, in _multicall
INTERNALERROR> E                 teardown.throw(exception)
INTERNALERROR> E               File "/home/ianblenke/github.com/ianblenke/carnot/.venv/lib/python3.12/site-packages/_pytest/skipping.py", line 280, in pytest_runtest_makereport
INTERNALERROR> E                 rep = yield
INTERNALERROR> E                       ^^^^^
INTERNALERROR> E               File "/home/ianblenke/github.com/ianblenke/carnot/.venv/lib/python3.12/site-packages/pluggy/_callers.py", line 121, in _multicall
INTERNALERROR> E                 res = hook_impl.function(*args)
INTERNALERROR> E                       ^^^^^^^^^^^^^^^^^^^^^^^^^
INTERNALERROR> E               File "/home/ianblenke/github.com/ianblenke/carnot/.venv/lib/python3.12/site-packages/_pytest/runner.py", line 377, in pytest_runtest_makereport
INTERNALERROR> E               File "/home/ianblenke/github.com/ianblenke/carnot/.venv/lib/python3.12/site-packages/_pytest/reports.py", line 438, in from_item_and_call
INTERNALERROR> E                 longrepr = _format_failed_longrepr(item, call, excinfo)
INTERNALERROR> E                            ^^^^^^^^^^^^^^^^^^^^^^^^^^^^^^^^^^^^^^^^^^^^
INTERNALERROR> E               File "/home/ianblenke/github.com/ianblenke/carnot/.venv/lib/python3.12/site-packages/_pytest/reports.py", line 263, in _format_failed_longrepr
INTERNALERROR> E                 longrepr = item.repr_failure(excinfo)
INTERNALERROR> E                            ^^^^^^^^^^^^^^^^^^^^^^^^^^
INTERNALERROR> E               File "/home/ianblenke/github.com/ianblenke/carnot/.venv/lib/python3.12/site-packages/_pytest/python.py", line 1762, in repr_failure
INTERNALERROR> E               File "/home/ianblenke/github.com/ianblenke/carnot/.venv/lib/python3.12/site-packages/_pytest/nodes.py", line 456, in _repr_failure_py
INTERNALERROR> E                 return excinfo.getrepr(
INTERNALERROR> E                        ^^^^^^^^^^^^^^^^
INTERNALERROR> E               File "/home/ianblenke/github.com/ianblenke/carnot/.venv/lib/python3.12/site-packages/_pytest/_code/code.py", line 765, in getrepr
INTERNALERROR> E               File "/home/ianblenke/github.com/ianblenke/carnot/.venv/lib/python3.12/site-packages/_pytest/_code/code.py", line 1206, in repr_excinfo
INTERNALERROR> E               File "/home/ianblenke/github.com/ianblenke/carnot/.venv/lib/python3.12/site-packages/_pytest/_code/code.py", line 1133, in repr_traceback
INTERNALERROR> E               File "/home/ianblenke/github.com/ianblenke/carnot/.venv/lib/python3.12/site-packages/_pytest/_code/code.py", line 1063, in repr_traceback_entry
INTERNALERROR> E               File "/home/ianblenke/github.com/ianblenke/carnot/.venv/lib/python3.12/site-packages/_pytest/_code/code.py", line 901, in _getentrysource
INTERNALERROR> E               File "/home/ianblenke/github.com/ianblenke/carnot/.venv/lib/python3.12/site-packages/_pytest/_code/code.py", line 299, in getsource
INTERNALERROR> E               File "/home/ianblenke/github.com/ianblenke/carnot/.venv/lib/python3.12/site-packages/_pytest/_code/source.py", line 191, in getstatementrange_ast
INTERNALERROR> E                 astnode = ast.parse(content, "source", "exec")
INTERNALERROR> E                           ^^^^^^^^^^^^^^^^^^^^^^^^^^^^^^^^^^^^
INTERNALERROR> E               File "/home/ianblenke/.local/share/uv/python/cpython-3.12.13-linux-x86_64-gnu/lib/python3.12/ast.py", line 52, in parse
INTERNALERROR> E             MemoryError
INTERNALERROR> E           assert False
INTERNALERROR> 
INTERNALERROR> .venv/lib/python3.12/site-packages/xdist/dsession.py:232: AssertionError
.......INTERNALERROR> Traceback (most recent call last):
INTERNALERROR>   File "/home/ianblenke/github.com/ianblenke/carnot/.venv/lib/python3.12/site-packages/_pytest/main.py", line 318, in wrap_session
INTERNALERROR>     session.exitstatus = doit(config, session) or 0
INTERNALERROR>                          ^^^^^^^^^^^^^^^^^^^^^
INTERNALERROR>   File "/home/ianblenke/github.com/ianblenke/carnot/.venv/lib/python3.12/site-packages/_pytest/main.py", line 372, in _main
INTERNALERROR>     config.hook.pytest_runtestloop(session=session)
INTERNALERROR>   File "/home/ianblenke/github.com/ianblenke/carnot/.venv/lib/python3.12/site-packages/pluggy/_hooks.py", line 512, in __call__
INTERNALERROR>     return self._hookexec(self.name, self._hookimpls.copy(), kwargs, firstresult)
INTERNALERROR>            ^^^^^^^^^^^^^^^^^^^^^^^^^^^^^^^^^^^^^^^^^^^^^^^^^^^^^^^^^^^^^^^^^^^^^^
INTERNALERROR>   File "/home/ianblenke/github.com/ianblenke/carnot/.venv/lib/python3.12/site-packages/pluggy/_manager.py", line 120, in _hookexec
INTERNALERROR>     return self._inner_hookexec(hook_name, methods, kwargs, firstresult)
INTERNALERROR>            ^^^^^^^^^^^^^^^^^^^^^^^^^^^^^^^^^^^^^^^^^^^^^^^^^^^^^^^^^^^^^
INTERNALERROR>   File "/home/ianblenke/github.com/ianblenke/carnot/.venv/lib/python3.12/site-packages/pluggy/_callers.py", line 167, in _multicall
INTERNALERROR>     raise exception
INTERNALERROR>   File "/home/ianblenke/github.com/ianblenke/carnot/.venv/lib/python3.12/site-packages/pluggy/_callers.py", line 139, in _multicall
INTERNALERROR>     teardown.throw(exception)
INTERNALERROR>   File "/home/ianblenke/github.com/ianblenke/carnot/.venv/lib/python3.12/site-packages/_pytest/logging.py", line 801, in pytest_runtestloop
INTERNALERROR>     return (yield)  # Run all the tests.
INTERNALERROR>             ^^^^^
INTERNALERROR>   File "/home/ianblenke/github.com/ianblenke/carnot/.venv/lib/python3.12/site-packages/pluggy/_callers.py", line 139, in _multicall
INTERNALERROR>     teardown.throw(exception)
INTERNALERROR>   File "/home/ianblenke/github.com/ianblenke/carnot/.venv/lib/python3.12/site-packages/_pytest/terminal.py", line 707, in pytest_runtestloop
INTERNALERROR>     result = yield
INTERNALERROR>              ^^^^^
INTERNALERROR>   File "/home/ianblenke/github.com/ianblenke/carnot/.venv/lib/python3.12/site-packages/pluggy/_callers.py", line 121, in _multicall
INTERNALERROR>     res = hook_impl.function(*args)
INTERNALERROR>           ^^^^^^^^^^^^^^^^^^^^^^^^^
INTERNALERROR>   File "/home/ianblenke/github.com/ianblenke/carnot/.venv/lib/python3.12/site-packages/xdist/dsession.py", line 138, in pytest_runtestloop
INTERNALERROR>     self.loop_once()
INTERNALERROR>   File "/home/ianblenke/github.com/ianblenke/carnot/.venv/lib/python3.12/site-packages/xdist/dsession.py", line 163, in loop_once
INTERNALERROR>     call(**kwargs)
INTERNALERROR>   File "/home/ianblenke/github.com/ianblenke/carnot/.venv/lib/python3.12/site-packages/xdist/dsession.py", line 217, in worker_workerfinished
INTERNALERROR>     assert not crashitem, (crashitem, node)
INTERNALERROR> AssertionError: ('tests/python/test_experiment_1747_diagnostic.py::test_main', <WorkerController gw2>)
INTERNALERROR> assert not 'tests/python/test_experiment_1747_diagnostic.py::test_main'

260 failed, 15885 passed, 93 skipped, 128 warnings, 1 error in 1358.35s (0:22:38)
