[exp8071] phase=start elapsed_s=0.000 completed=0 pending=0
[exp8071] phase=before_model_load elapsed_s=0.042 completed=0 pending=0
[exp8071] phase=after_model_load elapsed_s=7.464 completed=0 pending=0
[exp8059] phase=token_view_seal elapsed_s=7.455 completed=1 pending=7
[exp8059] phase=token_view_seal elapsed_s=7.464 completed=2 pending=6
[exp8059] phase=token_view_seal elapsed_s=7.474 completed=3 pending=5
[exp8059] phase=token_view_seal elapsed_s=7.486 completed=4 pending=4
[exp8059] phase=token_view_seal elapsed_s=7.517 completed=5 pending=3
[exp8059] phase=token_view_seal elapsed_s=7.526 completed=6 pending=2
[exp8059] phase=token_view_seal elapsed_s=7.532 completed=7 pending=1
[exp8059] phase=token_view_seal elapsed_s=7.557 completed=8 pending=0
[exp8071] phase=before_native_forward elapsed_s=7.629 completed=0 pending=0
[exp8022] phase=8033_before_context_create elapsed_s=0.000 completed=0 pending=0
[exp8022] phase=8033_after_context_create elapsed_s=0.034 completed=0 pending=0
[exp8022] phase=8033_before_eval elapsed_s=0.045 completed=0 pending=160
[exp8022] phase=8033_after_eval elapsed_s=0.575 completed=160 pending=0
[exp8022] phase=8033_before_context_close elapsed_s=0.842 completed=0 pending=0
[exp8022] phase=8033_after_context_close elapsed_s=1.142 completed=0 pending=0
[exp8071] phase=after_native_forward elapsed_s=8.784 completed=0 pending=0
[exp8071] phase=before_model_cleanup elapsed_s=8.786 completed=0 pending=0
[exp8071] phase=after_model_cleanup elapsed_s=8.966 completed=0 pending=0
