Exp8045 start: resolving local code; model invocations=0
[exp8022] phase=8045_start_preconditions elapsed_s=0.000 completed=0 pending=0
[exp8022] phase=8033_before_context_create elapsed_s=0.000 completed=0 pending=0
[exp8022] phase=8033_after_context_create elapsed_s=0.001 completed=0 pending=0
[exp8022] phase=8033_before_eval elapsed_s=0.001 completed=0 pending=4
[exp8022] phase=8033_after_eval elapsed_s=0.001 completed=4 pending=0
[exp8022] phase=8033_before_context_close elapsed_s=0.001 completed=0 pending=0
[exp8022] phase=8033_after_context_close elapsed_s=0.001 completed=0 pending=0
[exp8022] phase=8033_before_context_create elapsed_s=0.000 completed=0 pending=0
[exp8022] phase=8033_after_context_create elapsed_s=0.000 completed=0 pending=0
[exp8022] phase=8033_before_eval elapsed_s=0.000 completed=0 pending=4
[exp8022] phase=8033_after_eval elapsed_s=0.000 completed=4 pending=0
[exp8022] phase=8033_before_context_close elapsed_s=0.000 completed=0 pending=0
[exp8022] phase=8033_after_context_close elapsed_s=0.000 completed=0 pending=0
[exp8022] phase=8033_before_context_create elapsed_s=0.000 completed=0 pending=0
[exp8022] phase=8033_after_context_create elapsed_s=0.000 completed=0 pending=0
[exp8022] phase=8033_before_eval elapsed_s=0.000 completed=0 pending=4
[exp8022] phase=8033_after_eval elapsed_s=0.000 completed=4 pending=0
[exp8022] phase=8033_before_context_close elapsed_s=0.000 completed=0 pending=0
[exp8022] phase=8033_after_context_close elapsed_s=0.000 completed=0 pending=0
[exp8022] phase=8033_before_context_create elapsed_s=0.000 completed=0 pending=0
[exp8022] phase=8033_after_context_create elapsed_s=0.000 completed=0 pending=0
[exp8022] phase=8033_before_eval elapsed_s=0.000 completed=0 pending=4
[exp8022] phase=8033_after_eval elapsed_s=0.000 completed=4 pending=0
[exp8022] phase=8033_before_context_close elapsed_s=0.000 completed=0 pending=0
[exp8022] phase=8033_after_context_close elapsed_s=0.000 completed=0 pending=0
