[exp7991] phase=cli_start completed_units=0
[exp7991] phase=cold_replay_start completed_units=0
[exp7991] phase=freeze_authority completed_units=0
[exp7991] primitive_rows=0/13
[exp7991] phase=reduce_disposition completed_units=1
[exp7991] primitive_rows=0/640
[exp7991] primitive_rows=512/640
[exp7980-cold] completed=1/640
[exp7980-cold] completed=33/640
[exp7980-cold] completed=65/640
[exp7980-cold] completed=97/640
[exp7980-cold] completed=129/640
[exp7980-cold] completed=161/640
[exp7980-cold] completed=193/640
[exp7980-cold] completed=225/640
[exp7980-cold] completed=257/640
[exp7980-cold] completed=289/640
[exp7980-cold] completed=321/640
[exp7980-cold] completed=353/640
[exp7980-cold] completed=385/640
[exp7980-cold] completed=417/640
[exp7980-cold] completed=449/640
[exp7980-cold] completed=481/640
[exp7980-cold] completed=513/640
[exp7980-cold] completed=545/640
[exp7980-cold] completed=577/640
[exp7980-cold] completed=609/640
[exp7991] phase=reduce_disposition completed_units=2
[exp7991] primitive_rows=0/224
[exp7991] phase=reduce_disposition completed_units=3
[exp7991] primitive_rows=0/8448
[exp7991] primitive_rows=512/8448
[exp7991] primitive_rows=1024/8448
[exp7991] primitive_rows=1536/8448
[exp7991] primitive_rows=2048/8448
[exp7991] primitive_rows=2560/8448
[exp7991] primitive_rows=3072/8448
[exp7991] primitive_rows=3584/8448
[exp7991] primitive_rows=4096/8448
[exp7991] primitive_rows=4608/8448
[exp7991] primitive_rows=5120/8448
[exp7991] primitive_rows=5632/8448
[exp7991] primitive_rows=6144/8448
[exp7991] primitive_rows=6656/8448
[exp7991] primitive_rows=7168/8448
[exp7991] primitive_rows=7680/8448
[exp7991] primitive_rows=8192/8448
[exp7991] phase=reduce_disposition completed_units=4
[exp7991] phase=reduce_disposition completed_units=5
[exp7991] primitive_rows=0/3072
[exp7991] primitive_rows=512/3072
[exp7991] primitive_rows=1024/3072
[exp7991] primitive_rows=1536/3072
[exp7991] primitive_rows=2048/3072
[exp7991] primitive_rows=2560/3072
[exp7991] primitive_rows=0/3072
[exp7991] primitive_rows=512/3072
[exp7991] primitive_rows=1024/3072
[exp7991] primitive_rows=1536/3072
[exp7991] primitive_rows=2048/3072
[exp7991] primitive_rows=2560/3072
[exp7991] phase=reduce_disposition completed_units=6
[exp7991] phase=reduce_disposition completed_units=7
[exp7991] phase=reduce_disposition completed_units=8
[exp7991] phase=reduce_disposition completed_units=9
[exp7991] primitive_rows=0/3
[exp7991] phase=reduce_disposition completed_units=10
[exp7991] primitive_rows=0/3840
[exp7991] primitive_rows=512/3840
[exp7991] primitive_rows=1024/3840
[exp7991] primitive_rows=1536/3840
[exp7991] primitive_rows=2048/3840
[exp7991] primitive_rows=2560/3840
[exp7991] primitive_rows=3072/3840
[exp7991] primitive_rows=3584/3840
[exp7991] phase=reduce_disposition completed_units=11
[exp7991] primitive_rows=0/3
[exp7990] phase=custody before_source_authentication
[exp7990] authenticated_source=7977 receipt=0/53
[exp7990] authenticated_source=7989 receipt=0/433
[exp7990] authenticated_source=7989 receipt=100/433
[exp7990] authenticated_source=7989 receipt=200/433
[exp7990] authenticated_source=7989 receipt=300/433
[exp7990] authenticated_source=7989 receipt=400/433
[exp7990] phase=mapping custody_valid=True service_valid=False
[exp7990] phase=mapping after_source_reduction
[exp7991] phase=reduce_disposition completed_units=12
[exp7991] phase=reduce_disposition completed_units=13
{"errors": []}
