................                                                         [100%]
16 passed in 61.90s (0:01:01)
self._collectors:
  <Collector at 0x7f7210a45a00: CTracer>
           _run_module_as_main : <frozen runpy>:198
                     _run_code : <frozen runpy>:88
                      <module> : /home/ianblenke/github.com/ianblenke/carnot/.venv/lib/python3.12/site-packages/coverage/__main__.py:12
                          main : /home/ianblenke/github.com/ianblenke/carnot/.venv/lib/python3.12/site-packages/coverage/cmdline.py:1164
                  command_line : /home/ianblenke/github.com/ianblenke/carnot/.venv/lib/python3.12/site-packages/coverage/cmdline.py:853
                        do_run : /home/ianblenke/github.com/ianblenke/carnot/.venv/lib/python3.12/site-packages/coverage/cmdline.py:1040
                         start : /home/ianblenke/github.com/ianblenke/carnot/.venv/lib/python3.12/site-packages/coverage/control.py:702
               _init_for_start : /home/ianblenke/github.com/ianblenke/carnot/.venv/lib/python3.12/site-packages/coverage/control.py:601
                      __init__ : /home/ianblenke/github.com/ianblenke/carnot/.venv/lib/python3.12/site-packages/coverage/collector.py:119
  <Collector at 0x7f70fc702630: CTracer>
           _run_module_as_main : <frozen runpy>:198
                     _run_code : <frozen runpy>:88
                      <module> : /home/ianblenke/github.com/ianblenke/carnot/.venv/lib/python3.12/site-packages/coverage/__main__.py:12
                          main : /home/ianblenke/github.com/ianblenke/carnot/.venv/lib/python3.12/site-packages/coverage/cmdline.py:1164
                  command_line : /home/ianblenke/github.com/ianblenke/carnot/.venv/lib/python3.12/site-packages/coverage/cmdline.py:853
                        do_run : /home/ianblenke/github.com/ianblenke/carnot/.venv/lib/python3.12/site-packages/coverage/cmdline.py:1043
                           run : /home/ianblenke/github.com/ianblenke/carnot/.venv/lib/python3.12/site-packages/coverage/execfile.py:213
                      <module> : /home/ianblenke/github.com/ianblenke/carnot/.venv/lib/python3.12/site-packages/pytest/__main__.py:9
                  console_main : /home/ianblenke/github.com/ianblenke/carnot/.venv/lib/python3.12/site-packages/_pytest/config/__init__.py:223
                          main : /home/ianblenke/github.com/ianblenke/carnot/.venv/lib/python3.12/site-packages/_pytest/config/__init__.py:199
                      __call__ : /home/ianblenke/github.com/ianblenke/carnot/.venv/lib/python3.12/site-packages/pluggy/_hooks.py:512
                     _hookexec : /home/ianblenke/github.com/ianblenke/carnot/.venv/lib/python3.12/site-packages/pluggy/_manager.py:120
                    _multicall : /home/ianblenke/github.com/ianblenke/carnot/.venv/lib/python3.12/site-packages/pluggy/_callers.py:121
           pytest_cmdline_main : /home/ianblenke/github.com/ianblenke/carnot/.venv/lib/python3.12/site-packages/_pytest/main.py:365
                  wrap_session : /home/ianblenke/github.com/ianblenke/carnot/.venv/lib/python3.12/site-packages/_pytest/main.py:318
                         _main : /home/ianblenke/github.com/ianblenke/carnot/.venv/lib/python3.12/site-packages/_pytest/main.py:372
                      __call__ : /home/ianblenke/github.com/ianblenke/carnot/.venv/lib/python3.12/site-packages/pluggy/_hooks.py:512
                     _hookexec : /home/ianblenke/github.com/ianblenke/carnot/.venv/lib/python3.12/site-packages/pluggy/_manager.py:120
                    _multicall : /home/ianblenke/github.com/ianblenke/carnot/.venv/lib/python3.12/site-packages/pluggy/_callers.py:121
            pytest_runtestloop : /home/ianblenke/github.com/ianblenke/carnot/.venv/lib/python3.12/site-packages/_pytest/main.py:396
                      __call__ : /home/ianblenke/github.com/ianblenke/carnot/.venv/lib/python3.12/site-packages/pluggy/_hooks.py:512
                     _hookexec : /home/ianblenke/github.com/ianblenke/carnot/.venv/lib/python3.12/site-packages/pluggy/_manager.py:120
                    _multicall : /home/ianblenke/github.com/ianblenke/carnot/.venv/lib/python3.12/site-packages/pluggy/_callers.py:121
       pytest_runtest_protocol : /home/ianblenke/github.com/ianblenke/carnot/.venv/lib/python3.12/site-packages/_pytest/runner.py:118
               runtestprotocol : /home/ianblenke/github.com/ianblenke/carnot/.venv/lib/python3.12/site-packages/_pytest/runner.py:137
               call_and_report : /home/ianblenke/github.com/ianblenke/carnot/.venv/lib/python3.12/site-packages/_pytest/runner.py:244
                     from_call : /home/ianblenke/github.com/ianblenke/carnot/.venv/lib/python3.12/site-packages/_pytest/runner.py:353
                      <lambda> : /home/ianblenke/github.com/ianblenke/carnot/.venv/lib/python3.12/site-packages/_pytest/runner.py:245
                      __call__ : /home/ianblenke/github.com/ianblenke/carnot/.venv/lib/python3.12/site-packages/pluggy/_hooks.py:512
                     _hookexec : /home/ianblenke/github.com/ianblenke/carnot/.venv/lib/python3.12/site-packages/pluggy/_manager.py:120
                    _multicall : /home/ianblenke/github.com/ianblenke/carnot/.venv/lib/python3.12/site-packages/pluggy/_callers.py:121
           pytest_runtest_call : /home/ianblenke/github.com/ianblenke/carnot/.venv/lib/python3.12/site-packages/_pytest/runner.py:179
                       runtest : /home/ianblenke/github.com/ianblenke/carnot/.venv/lib/python3.12/site-packages/_pytest/python.py:1720
                      __call__ : /home/ianblenke/github.com/ianblenke/carnot/.venv/lib/python3.12/site-packages/pluggy/_hooks.py:512
                     _hookexec : /home/ianblenke/github.com/ianblenke/carnot/.venv/lib/python3.12/site-packages/pluggy/_manager.py:120
                    _multicall : /home/ianblenke/github.com/ianblenke/carnot/.venv/lib/python3.12/site-packages/pluggy/_callers.py:121
            pytest_pyfunc_call : /home/ianblenke/github.com/ianblenke/carnot/.venv/lib/python3.12/site-packages/_pytest/python.py:166
test_req_report_8105_worker_replay_rejection : /home/ianblenke/github.com/ianblenke/carnot/tests/python/test_native_radial_8105.py:219
                      run_path : <frozen runpy>:287
              _run_module_code : <frozen runpy>:98
                     _run_code : <frozen runpy>:88
                      <module> : /home/ianblenke/github.com/ianblenke/carnot/scripts/experiments/experiment_8105_v701_native_radial_kernel.py:19
               process_startup : /home/ianblenke/github.com/ianblenke/carnot/.venv/lib/python3.12/site-packages/coverage/control.py:1498
                         start : /home/ianblenke/github.com/ianblenke/carnot/.venv/lib/python3.12/site-packages/coverage/control.py:702
               _init_for_start : /home/ianblenke/github.com/ianblenke/carnot/.venv/lib/python3.12/site-packages/coverage/control.py:601
                      __init__ : /home/ianblenke/github.com/ianblenke/carnot/.venv/lib/python3.12/site-packages/coverage/collector.py:119
Traceback (most recent call last):
  File "/home/ianblenke/github.com/ianblenke/carnot/.venv/lib/python3.12/site-packages/coverage/cmdline.py", line 1043, in do_run
    runner.run()
  File "/home/ianblenke/github.com/ianblenke/carnot/.venv/lib/python3.12/site-packages/coverage/execfile.py", line 213, in run
    exec(code, main_mod.__dict__)
  File "/home/ianblenke/github.com/ianblenke/carnot/.venv/lib/python3.12/site-packages/pytest/__main__.py", line 9, in <module>
    raise SystemExit(pytest.console_main())
SystemExit: 0

During handling of the above exception, another exception occurred:

Traceback (most recent call last):
  File "<frozen runpy>", line 198, in _run_module_as_main
  File "<frozen runpy>", line 88, in _run_code
  File "/home/ianblenke/github.com/ianblenke/carnot/.venv/lib/python3.12/site-packages/coverage/__main__.py", line 12, in <module>
    sys.exit(main())
             ^^^^^^
  File "/home/ianblenke/github.com/ianblenke/carnot/.venv/lib/python3.12/site-packages/coverage/cmdline.py", line 1164, in main
    status = CoverageScript().command_line(argv)
             ^^^^^^^^^^^^^^^^^^^^^^^^^^^^^^^^^^^
  File "/home/ianblenke/github.com/ianblenke/carnot/.venv/lib/python3.12/site-packages/coverage/cmdline.py", line 853, in command_line
    return self.do_run(options, args)
           ^^^^^^^^^^^^^^^^^^^^^^^^^^
  File "/home/ianblenke/github.com/ianblenke/carnot/.venv/lib/python3.12/site-packages/coverage/cmdline.py", line 1048, in do_run
    self.coverage.stop()
  File "/home/ianblenke/github.com/ianblenke/carnot/.venv/lib/python3.12/site-packages/coverage/control.py", line 732, in stop
    self._collector.stop()
  File "/home/ianblenke/github.com/ianblenke/carnot/.venv/lib/python3.12/site-packages/coverage/collector.py", line 344, in stop
    assert self._collectors[-1] is self, (
           ^^^^^^^^^^^^^^^^^^^^^^^^^^^^
AssertionError: Expected current collector to be <Collector at 0x7f7210a45a00: CTracer>, but it's <Collector at 0x7f70fc702630: CTracer>
