[exp7976] start flushed=true
[exp7976] phase=authenticate
[exp7972] uncertainty completed_units=1/6 elapsed_s=0.016
[exp7972] uncertainty completed_units=2/6 elapsed_s=0.020
[exp7972] uncertainty completed_units=3/6 elapsed_s=0.024
[exp7972] uncertainty completed_units=4/6 elapsed_s=0.028
[exp7972] uncertainty completed_units=5/6 elapsed_s=0.032
[exp7972] uncertainty completed_units=6/6 elapsed_s=0.036
[exp7972] uncertainty completed_units=1/6 elapsed_s=0.015
[exp7972] uncertainty completed_units=2/6 elapsed_s=0.020
[exp7972] uncertainty completed_units=3/6 elapsed_s=0.024
[exp7972] uncertainty completed_units=4/6 elapsed_s=0.029
[exp7972] uncertainty completed_units=5/6 elapsed_s=0.033
[exp7972] uncertainty completed_units=6/6 elapsed_s=0.038
[exp7976] phase=measure_private_cpu
[exp7976] before_benchmark named_warmup=complete_request_once
[exp7976] after_benchmark named_warmup=complete_request_once
[exp7976] before_benchmark repetition=0 elapsed_s=0.018
[exp7976] after_benchmark completed_units=128 elapsed_s=0.036
[exp7976] before_benchmark repetition=1 elapsed_s=0.036
[exp7976] after_benchmark completed_units=256 elapsed_s=0.054
[exp7976] before_benchmark repetition=2 elapsed_s=0.054
[exp7976] after_benchmark completed_units=384 elapsed_s=0.071
[exp7976] before_benchmark repetition=3 elapsed_s=0.071
[exp7976] after_benchmark completed_units=512 elapsed_s=0.089
[exp7976] before_benchmark repetition=4 elapsed_s=0.089
[exp7976] after_benchmark completed_units=640 elapsed_s=0.106
[exp7976] before_benchmark repetition=5 elapsed_s=0.106
[exp7976] after_benchmark completed_units=768 elapsed_s=0.123
[exp7976] before_benchmark repetition=6 elapsed_s=0.123
[exp7976] after_benchmark completed_units=896 elapsed_s=0.141
[exp7976] before_benchmark repetition=7 elapsed_s=0.141
[exp7976] after_benchmark completed_units=1024 elapsed_s=0.158
[exp7976] before_benchmark repetition=8 elapsed_s=0.158
[exp7976] after_benchmark completed_units=1152 elapsed_s=0.176
[exp7976] before_benchmark repetition=9 elapsed_s=0.176
[exp7976] after_benchmark completed_units=1280 elapsed_s=0.193
[exp7976] phase=owned_validation
[exp7303-validation] before_subprocess unit_consumers_e2e015 elapsed_s=0.000 unit=1/1
[exp7303-validation] subprocess_outstanding unit_consumers_e2e015 elapsed_s=10.002
[exp7303-validation:unit_consumers_e2e015] .......................................                                  [100%]
[exp7303-validation:unit_consumers_e2e015] 39 passed in 16.72s
[exp7303-validation] subprocess_outstanding unit_consumers_e2e015 elapsed_s=20.002
[exp7303-validation] after_subprocess unit_consumers_e2e015 elapsed_s=20.725 exit=0 unit=1/1
[exp7303-validation] before_subprocess fixture_cli elapsed_s=0.000 unit=1/1
[exp7303-validation:fixture_cli] [exp7976] start flushed=true
[exp7303-validation:fixture_cli] [exp7976] phase=authenticate
[exp7303-validation:fixture_cli] [exp7976] phase=measure_private_cpu
[exp7303-validation:fixture_cli] [exp7976] before_benchmark named_warmup=complete_request_once
[exp7303-validation:fixture_cli] [exp7976] after_benchmark named_warmup=complete_request_once
[exp7303-validation:fixture_cli] [exp7976] before_benchmark repetition=0 elapsed_s=0.001
[exp7303-validation:fixture_cli] [exp7976] after_benchmark completed_units=8 elapsed_s=0.001
[exp7303-validation:fixture_cli] [exp7976] before_benchmark repetition=1 elapsed_s=0.001
[exp7303-validation:fixture_cli] [exp7976] after_benchmark completed_units=16 elapsed_s=0.002
[exp7303-validation:fixture_cli] [exp7976] before_benchmark repetition=2 elapsed_s=0.002
[exp7303-validation:fixture_cli] [exp7976] after_benchmark completed_units=24 elapsed_s=0.002
[exp7303-validation:fixture_cli] [exp7976] before_benchmark repetition=3 elapsed_s=0.002
[exp7303-validation:fixture_cli] [exp7976] after_benchmark completed_units=32 elapsed_s=0.003
[exp7303-validation:fixture_cli] [exp7976] before_benchmark repetition=4 elapsed_s=0.003
[exp7303-validation:fixture_cli] [exp7976] after_benchmark completed_units=40 elapsed_s=0.003
[exp7303-validation:fixture_cli] [exp7976] before_benchmark repetition=5 elapsed_s=0.003
[exp7303-validation:fixture_cli] [exp7976] after_benchmark completed_units=48 elapsed_s=0.004
[exp7303-validation:fixture_cli] [exp7976] before_benchmark repetition=6 elapsed_s=0.004
[exp7303-validation:fixture_cli] [exp7976] after_benchmark completed_units=56 elapsed_s=0.004
[exp7303-validation:fixture_cli] [exp7976] before_benchmark repetition=7 elapsed_s=0.004
[exp7303-validation:fixture_cli] [exp7976] after_benchmark completed_units=64 elapsed_s=0.005
[exp7303-validation:fixture_cli] [exp7976] before_benchmark repetition=8 elapsed_s=0.005
[exp7303-validation:fixture_cli] [exp7976] after_benchmark completed_units=72 elapsed_s=0.005
[exp7303-validation:fixture_cli] [exp7976] before_benchmark repetition=9 elapsed_s=0.005
[exp7303-validation:fixture_cli] [exp7976] after_benchmark completed_units=80 elapsed_s=0.006
[exp7303-validation:fixture_cli] [exp7976] phase=terminal_publication
[exp7303-validation:fixture_cli] [exp7303-validation] before_subprocess adversarial elapsed_s=0.000 unit=1/2
[exp7303-validation:fixture_cli] [exp7303-validation:adversarial] {
[exp7303-validation:fixture_cli] [exp7303-validation:adversarial]   "reports": [
[exp7303-validation:fixture_cli] [exp7303-validation:adversarial]     {
[exp7303-validation:fixture_cli] [exp7303-validation:adversarial]       "artifact": "/tmp/carnot-7976-lm4m0vbw/success/raw/experiment_7976_v691_service_cost/terminal_candidate.json",
[exp7303-validation:fixture_cli] [exp7303-validation:adversarial]       "loaded": true,
[exp7303-validation:fixture_cli] [exp7303-validation:adversarial]       "exp_id": 7976,
[exp7303-validation:fixture_cli] [exp7303-validation:adversarial]       "title": "",
[exp7303-validation:fixture_cli] [exp7303-validation:adversarial]       "honest_verdict": "complete_circular_positive_service_fixture",
[exp7303-validation:fixture_cli] [exp7303-validation:adversarial]       "flag_count": 0,
[exp7303-validation:fixture_cli] [exp7303-validation:adversarial]       "max_severity": -1,
[exp7303-validation:fixture_cli] [exp7303-validation:adversarial]       "flags": [],
[exp7303-validation:fixture_cli] [exp7303-validation:adversarial]       "gate_version": "197e0a5eacacb09ce6607ae8bdfd507498082857f0d02ec2003a62c251b69a24"
[exp7303-validation:fixture_cli] [exp7303-validation:adversarial]     }
[exp7303-validation:fixture_cli] [exp7303-validation:adversarial]   ],
[exp7303-validation:fixture_cli] [exp7303-validation:adversarial]   "flagged_count": 0
[exp7303-validation:fixture_cli] [exp7303-validation:adversarial] }
[exp7303-validation:fixture_cli] [exp7303-validation] after_subprocess adversarial elapsed_s=0.601 exit=0 unit=1/2
[exp7303-validation:fixture_cli] [exp7303-validation] before_subprocess strict_rows elapsed_s=0.000 unit=2/2
[exp7303-validation:fixture_cli] [exp7303-validation:strict_rows]
[exp7303-validation:fixture_cli] [exp7303-validation:strict_rows] verdict-row-consistency: checked 1, skipped 0 (no per-unit rows), unreadable 0.
[exp7303-validation:fixture_cli] [exp7303-validation:strict_rows]   No row/verdict contradictions among the artifacts that could be checked.
[exp7303-validation:fixture_cli] [exp7303-validation] after_subprocess strict_rows elapsed_s=0.024 exit=0 unit=2/2
[exp7303-validation:fixture_cli] [exp7976] published path=/tmp/carnot-7976-lm4m0vbw/success/experiment_7976_v691_service_cost.json elapsed_s=0.663
[exp7303-validation] after_subprocess fixture_cli elapsed_s=2.838 exit=0 unit=1/1
[exp7303-validation] before_subprocess cold_replay_cli elapsed_s=0.000 unit=1/1
[exp7303-validation:cold_replay_cli] [exp7976] start flushed=true
[exp7303-validation:cold_replay_cli] [exp7976] replay_passed
[exp7303-validation] after_subprocess cold_replay_cli elapsed_s=2.159 exit=0 unit=1/1
[exp7303-validation] before_subprocess terminal_recheck_cli elapsed_s=0.000 unit=1/1
[exp7303-validation:terminal_recheck_cli] [exp7976] start flushed=true
[exp7303-validation:terminal_recheck_cli] [exp7303-validation] before_subprocess adversarial elapsed_s=0.000 unit=1/2
[exp7303-validation:terminal_recheck_cli] [exp7303-validation:adversarial] {
[exp7303-validation:terminal_recheck_cli] [exp7303-validation:adversarial]   "reports": [
[exp7303-validation:terminal_recheck_cli] [exp7303-validation:adversarial]     {
[exp7303-validation:terminal_recheck_cli] [exp7303-validation:adversarial]       "artifact": "/tmp/carnot-7976-lm4m0vbw/success/experiment_7976_v691_service_cost.json",
[exp7303-validation:terminal_recheck_cli] [exp7303-validation:adversarial]       "loaded": true,
[exp7303-validation:terminal_recheck_cli] [exp7303-validation:adversarial]       "exp_id": 7976,
[exp7303-validation:terminal_recheck_cli] [exp7303-validation:adversarial]       "title": "",
[exp7303-validation:terminal_recheck_cli] [exp7303-validation:adversarial]       "honest_verdict": "complete_circular_positive_service_fixture",
[exp7303-validation:terminal_recheck_cli] [exp7303-validation:adversarial]       "flag_count": 0,
[exp7303-validation:terminal_recheck_cli] [exp7303-validation:adversarial]       "max_severity": -1,
[exp7303-validation:terminal_recheck_cli] [exp7303-validation:adversarial]       "flags": [],
[exp7303-validation:terminal_recheck_cli] [exp7303-validation:adversarial]       "gate_version": "197e0a5eacacb09ce6607ae8bdfd507498082857f0d02ec2003a62c251b69a24"
[exp7303-validation:terminal_recheck_cli] [exp7303-validation:adversarial]     }
[exp7303-validation:terminal_recheck_cli] [exp7303-validation:adversarial]   ],
[exp7303-validation:terminal_recheck_cli] [exp7303-validation:adversarial]   "flagged_count": 0
[exp7303-validation:terminal_recheck_cli] [exp7303-validation:adversarial] }
[exp7303-validation:terminal_recheck_cli] [exp7303-validation] after_subprocess adversarial elapsed_s=0.590 exit=0 unit=1/2
[exp7303-validation:terminal_recheck_cli] [exp7303-validation] before_subprocess strict_rows elapsed_s=0.000 unit=2/2
[exp7303-validation:terminal_recheck_cli] [exp7303-validation:strict_rows]
[exp7303-validation:terminal_recheck_cli] [exp7303-validation:strict_rows] verdict-row-consistency: checked 1, skipped 0 (no per-unit rows), unreadable 0.
[exp7303-validation:terminal_recheck_cli] [exp7303-validation:strict_rows]   No row/verdict contradictions among the artifacts that could be checked.
[exp7303-validation:terminal_recheck_cli] [exp7303-validation] after_subprocess strict_rows elapsed_s=0.024 exit=0 unit=2/2
[exp7303-validation:terminal_recheck_cli] [exp7976] replay_passed
[exp7303-validation] after_subprocess terminal_recheck_cli elapsed_s=2.778 exit=0 unit=1/1
[exp7303-validation] before_subprocess private_request_cli elapsed_s=0.000 unit=1/1
[exp7303-validation:private_request_cli] [exp7976] start flushed=true
[exp7303-validation:private_request_cli] [exp7976] before_benchmark private_request
[exp7303-validation:private_request_cli] [exp7976] after_benchmark private_request
[exp7303-validation] after_subprocess private_request_cli elapsed_s=2.182 exit=0 unit=1/1
[exp7303-validation] before_subprocess blocked_cli elapsed_s=0.000 unit=1/1
[exp7303-validation:blocked_cli] [exp7976] start flushed=true
[exp7303-validation:blocked_cli] [exp7976] phase=authenticate
[exp7303-validation:blocked_cli] [exp7976] phase=terminal_publication
[exp7303-validation:blocked_cli] [exp7303-validation] before_subprocess adversarial elapsed_s=0.000 unit=1/2
[exp7303-validation:blocked_cli] [exp7303-validation:adversarial] {
[exp7303-validation:blocked_cli] [exp7303-validation:adversarial]   "reports": [
[exp7303-validation:blocked_cli] [exp7303-validation:adversarial]     {
[exp7303-validation:blocked_cli] [exp7303-validation:adversarial]       "artifact": "/tmp/carnot-7976-lm4m0vbw/blocked/raw/experiment_7976_v691_service_cost/terminal_candidate.json",
[exp7303-validation:blocked_cli] [exp7303-validation:adversarial]       "loaded": true,
[exp7303-validation:blocked_cli] [exp7303-validation:adversarial]       "exp_id": 7976,
[exp7303-validation:blocked_cli] [exp7303-validation:adversarial]       "title": "",
[exp7303-validation:blocked_cli] [exp7303-validation:adversarial]       "honest_verdict": "complete_blocked_no_qualified_service",
[exp7303-validation:blocked_cli] [exp7303-validation:adversarial]       "flag_count": 0,
[exp7303-validation:blocked_cli] [exp7303-validation:adversarial]       "max_severity": -1,
[exp7303-validation:blocked_cli] [exp7303-validation:adversarial]       "flags": [],
[exp7303-validation:blocked_cli] [exp7303-validation:adversarial]       "gate_version": "197e0a5eacacb09ce6607ae8bdfd507498082857f0d02ec2003a62c251b69a24"
[exp7303-validation:blocked_cli] [exp7303-validation:adversarial]     }
[exp7303-validation:blocked_cli] [exp7303-validation:adversarial]   ],
[exp7303-validation:blocked_cli] [exp7303-validation:adversarial]   "flagged_count": 0
[exp7303-validation:blocked_cli] [exp7303-validation:adversarial] }
[exp7303-validation:blocked_cli] [exp7303-validation] after_subprocess adversarial elapsed_s=0.578 exit=0 unit=1/2
[exp7303-validation:blocked_cli] [exp7303-validation] before_subprocess strict_rows elapsed_s=0.000 unit=2/2
[exp7303-validation:blocked_cli] [exp7303-validation:strict_rows]
[exp7303-validation:blocked_cli] [exp7303-validation:strict_rows] verdict-row-consistency: checked 0, skipped 1 (no per-unit rows), unreadable 0.
[exp7303-validation:blocked_cli] [exp7303-validation:strict_rows]   NOTE: most artifacts carry no per-unit row container, so their headline claims are not falsifiable from the artifact alone. That is a reporting-shape gap in those experiments, not a clean bill of health from this tool.
[exp7303-validation:blocked_cli] [exp7303-validation] after_subprocess strict_rows elapsed_s=0.025 exit=0 unit=2/2
[exp7303-validation:blocked_cli] [exp7976] published path=/tmp/carnot-7976-lm4m0vbw/blocked/experiment_7976_v691_service_cost.json elapsed_s=0.618
[exp7303-validation] after_subprocess blocked_cli elapsed_s=2.808 exit=0 unit=1/1
[exp7303-validation] before_subprocess invalid_date_cli elapsed_s=0.000 unit=1/1
[exp7303-validation:invalid_date_cli] [exp7976] start flushed=true
[exp7303-validation:invalid_date_cli] [exp7976] rejected=ValueError:run_date
[exp7303-validation] after_subprocess invalid_date_cli elapsed_s=2.174 exit=1 unit=1/1
[exp7303-validation] before_subprocess invalid_input_cli elapsed_s=0.000 unit=1/1
[exp7303-validation:invalid_input_cli] [exp7976] start flushed=true
[exp7303-validation:invalid_input_cli] [exp7976] phase=authenticate
[exp7303-validation:invalid_input_cli] [exp7976] rejected=FileNotFoundError:[Errno 2] No such file or directory: '/tmp/carnot-7976-lm4m0vbw/missing'
[exp7303-validation] after_subprocess invalid_input_cli elapsed_s=2.213 exit=1 unit=1/1
[exp7303-validation] before_subprocess private_live_cli elapsed_s=0.000 unit=1/1
[exp7303-validation:private_live_cli] [exp7976] start flushed=true
[exp7303-validation:private_live_cli] [exp7976] phase=authenticate
[exp7303-validation:private_live_cli] [exp7972] uncertainty completed_units=1/6 elapsed_s=0.020
[exp7303-validation:private_live_cli] [exp7972] uncertainty completed_units=2/6 elapsed_s=0.025
[exp7303-validation:private_live_cli] [exp7972] uncertainty completed_units=3/6 elapsed_s=0.032
[exp7303-validation:private_live_cli] [exp7972] uncertainty completed_units=4/6 elapsed_s=0.036
[exp7303-validation:private_live_cli] [exp7972] uncertainty completed_units=5/6 elapsed_s=0.042
[exp7303-validation:private_live_cli] [exp7972] uncertainty completed_units=6/6 elapsed_s=0.047
[exp7303-validation:private_live_cli] [exp7972] uncertainty completed_units=1/6 elapsed_s=0.021
[exp7303-validation:private_live_cli] [exp7972] uncertainty completed_units=2/6 elapsed_s=0.026
[exp7303-validation:private_live_cli] [exp7972] uncertainty completed_units=3/6 elapsed_s=0.031
[exp7303-validation:private_live_cli] [exp7972] uncertainty completed_units=4/6 elapsed_s=0.036
[exp7303-validation:private_live_cli] [exp7972] uncertainty completed_units=5/6 elapsed_s=0.040
[exp7303-validation:private_live_cli] [exp7972] uncertainty completed_units=6/6 elapsed_s=0.046
[exp7303-validation:private_live_cli] [exp7976] phase=measure_private_cpu
[exp7303-validation:private_live_cli] [exp7976] before_benchmark named_warmup=complete_request_once
[exp7303-validation:private_live_cli] [exp7976] after_benchmark named_warmup=complete_request_once
[exp7303-validation:private_live_cli] [exp7976] before_benchmark repetition=0 elapsed_s=0.020
[exp7303-validation:private_live_cli] [exp7976] after_benchmark completed_units=128 elapsed_s=0.042
[exp7303-validation:private_live_cli] [exp7976] before_benchmark repetition=1 elapsed_s=0.042
[exp7303-validation:private_live_cli] [exp7976] after_benchmark completed_units=256 elapsed_s=0.065
[exp7303-validation:private_live_cli] [exp7976] before_benchmark repetition=2 elapsed_s=0.065
[exp7303-validation:private_live_cli] [exp7976] after_benchmark completed_units=384 elapsed_s=0.087
[exp7303-validation:private_live_cli] [exp7976] before_benchmark repetition=3 elapsed_s=0.087
[exp7303-validation:private_live_cli] [exp7976] after_benchmark completed_units=512 elapsed_s=0.110
[exp7303-validation:private_live_cli] [exp7976] before_benchmark repetition=4 elapsed_s=0.110
[exp7303-validation:private_live_cli] [exp7976] after_benchmark completed_units=640 elapsed_s=0.132
[exp7303-validation:private_live_cli] [exp7976] before_benchmark repetition=5 elapsed_s=0.132
[exp7303-validation:private_live_cli] [exp7976] after_benchmark completed_units=768 elapsed_s=0.154
[exp7303-validation:private_live_cli] [exp7976] before_benchmark repetition=6 elapsed_s=0.154
[exp7303-validation:private_live_cli] [exp7976] after_benchmark completed_units=896 elapsed_s=0.176
[exp7303-validation:private_live_cli] [exp7976] before_benchmark repetition=7 elapsed_s=0.176
[exp7303-validation:private_live_cli] [exp7976] after_benchmark completed_units=1024 elapsed_s=0.198
[exp7303-validation:private_live_cli] [exp7976] before_benchmark repetition=8 elapsed_s=0.198
[exp7303-validation:private_live_cli] [exp7976] after_benchmark completed_units=1152 elapsed_s=0.220
[exp7303-validation:private_live_cli] [exp7976] before_benchmark repetition=9 elapsed_s=0.220
[exp7303-validation:private_live_cli] [exp7976] after_benchmark completed_units=1280 elapsed_s=0.242
[exp7303-validation:private_live_cli] [exp7976] phase=terminal_publication
[exp7303-validation:private_live_cli] [exp7303-validation] before_subprocess adversarial elapsed_s=0.000 unit=1/2
[exp7303-validation:private_live_cli] [exp7303-validation:adversarial] {
[exp7303-validation:private_live_cli] [exp7303-validation:adversarial]   "reports": [
[exp7303-validation:private_live_cli] [exp7303-validation:adversarial]     {
[exp7303-validation:private_live_cli] [exp7303-validation:adversarial]       "artifact": "/tmp/carnot-7976-lm4m0vbw/live/raw/experiment_7976_v691_service_cost/terminal_candidate.json",
[exp7303-validation:private_live_cli] [exp7303-validation:adversarial]       "loaded": true,
[exp7303-validation:private_live_cli] [exp7303-validation:adversarial]       "exp_id": 7976,
[exp7303-validation:private_live_cli] [exp7303-validation:adversarial]       "title": "",
[exp7303-validation:private_live_cli] [exp7303-validation:adversarial]       "honest_verdict": "complete_null_service_cost",
[exp7303-validation:private_live_cli] [exp7303-validation:adversarial]       "flag_count": 0,
[exp7303-validation:private_live_cli] [exp7303-validation:adversarial]       "max_severity": -1,
[exp7303-validation:private_live_cli] [exp7303-validation:adversarial]       "flags": [],
[exp7303-validation:private_live_cli] [exp7303-validation:adversarial]       "gate_version": "197e0a5eacacb09ce6607ae8bdfd507498082857f0d02ec2003a62c251b69a24"
[exp7303-validation:private_live_cli] [exp7303-validation:adversarial]     }
[exp7303-validation:private_live_cli] [exp7303-validation:adversarial]   ],
[exp7303-validation:private_live_cli] [exp7303-validation:adversarial]   "flagged_count": 0
[exp7303-validation:private_live_cli] [exp7303-validation:adversarial] }
[exp7303-validation:private_live_cli] [exp7303-validation] after_subprocess adversarial elapsed_s=1.207 exit=0 unit=1/2
[exp7303-validation:private_live_cli] [exp7303-validation] before_subprocess strict_rows elapsed_s=0.000 unit=2/2
[exp7303-validation:private_live_cli] [exp7303-validation:strict_rows]
[exp7303-validation:private_live_cli] [exp7303-validation:strict_rows] verdict-row-consistency: checked 1, skipped 0 (no per-unit rows), unreadable 0.
[exp7303-validation:private_live_cli] [exp7303-validation:strict_rows]   No row/verdict contradictions among the artifacts that could be checked.
[exp7303-validation:private_live_cli] [exp7303-validation] after_subprocess strict_rows elapsed_s=0.051 exit=0 unit=2/2
[exp7303-validation:private_live_cli] [exp7976] published path=/tmp/carnot-7976-lm4m0vbw/live/experiment_7976_v691_service_cost.json elapsed_s=2.127
[exp7303-validation] after_subprocess private_live_cli elapsed_s=4.336 exit=0 unit=1/1
[exp7303-validation] before_subprocess coverage_combine elapsed_s=0.000 unit=1/1
[exp7303-validation:coverage_combine] Combined 9 files
[exp7303-validation] after_subprocess coverage_combine elapsed_s=0.072 exit=0 unit=1/1
[exp7303-validation] before_subprocess coverage_json elapsed_s=0.000 unit=1/1
[exp7303-validation:coverage_json] Wrote JSON report to /tmp/carnot-7976-lm4m0vbw/coverage.json
[exp7303-validation] after_subprocess coverage_json elapsed_s=0.090 exit=0 unit=1/1
[exp7303-validation] before_subprocess coverage_report elapsed_s=0.000 unit=1/1
[exp7303-validation:coverage_report] Name                                                       Stmts   Miss  Cover   Missing
[exp7303-validation:coverage_report] ----------------------------------------------------------------------------------------
[exp7303-validation:coverage_report] python/carnot/experiment_7976_v691_service_cost.py           170      0   100%
[exp7303-validation:coverage_report] python/carnot/reporting/service_cost_7976.py                 179      0   100%
[exp7303-validation:coverage_report] scripts/experiments/experiment_7976_v691_service_cost.py       7      0   100%
[exp7303-validation:coverage_report] ----------------------------------------------------------------------------------------
[exp7303-validation:coverage_report] TOTAL                                                        356      0   100%
[exp7303-validation] after_subprocess coverage_report elapsed_s=0.074 exit=0 unit=1/1
[exp7303-validation] before_subprocess ruff_check elapsed_s=0.000 unit=1/1
[exp7303-validation:ruff_check] All checks passed!
[exp7303-validation] after_subprocess ruff_check elapsed_s=0.015 exit=0 unit=1/1
[exp7303-validation] before_subprocess ruff_format elapsed_s=0.000 unit=1/1
[exp7303-validation:ruff_format] 5 files already formatted
[exp7303-validation] after_subprocess ruff_format elapsed_s=0.011 exit=0 unit=1/1
[exp7303-validation] before_subprocess strict_mypy elapsed_s=0.000 unit=1/1
[exp7303-validation:strict_mypy] pyproject.toml: note: unused section(s): module = ['carnot.autoresearch.*', 'carnot.benchmarks.*', 'carnot.embeddings.*', 'carnot.embeddings.fast_embedding', 'carnot.embeddings.jepa_energy', 'carnot.extraction.*', 'carnot.hardware.*', 'carnot.inference.*', 'carnot.pipeline.*', 'carnot.pipeline.agentic', 'carnot.pipeline.gemma_loader', 'carnot.pipeline.grammar_constrained_decoder', 'carnot.pipeline.verify_repair', 'carnot.probes.*', 'carnot.probes.drift_probe', 'carnot.samplers.parallel_ising', 'carnot.sampling._vendored_thrml.*', 'carnot.training.capo_loss', 'carnot.training.nce', 'carnot.training.score_matching', 'carnot.training.snl']
[exp7303-validation:strict_mypy] Success: no issues found in 2 source files
[exp7303-validation] after_subprocess strict_mypy elapsed_s=0.186 exit=0 unit=1/1
[exp7303-validation] before_subprocess spec_coverage elapsed_s=0.000 unit=1/1
[exp7303-validation:spec_coverage] OK: All tests reference specification requirements.
[exp7303-validation] after_subprocess spec_coverage elapsed_s=0.020 exit=0 unit=1/1
[exp7303-validation] before_subprocess repository_health_full_suite elapsed_s=0.000 unit=1/1
[exp7303-validation] subprocess_outstanding repository_health_full_suite elapsed_s=10.001
[exp7303-validation] subprocess_outstanding repository_health_full_suite elapsed_s=20.001
[exp7303-validation:repository_health_full_suite] ........................................................................ [  0%]
[exp7303-validation:repository_health_full_suite] ........................................................................ [  0%]
[exp7303-validation:repository_health_full_suite] ........................................................................ [  0%]
[exp7303-validation] subprocess_outstanding repository_health_full_suite elapsed_s=30.002
[exp7303-validation:repository_health_full_suite] ........................................................................ [  0%]
[exp7303-validation:repository_health_full_suite] ........................................................................ [  0%]
[exp7303-validation:repository_health_full_suite] ........................................................................ [  0%]
[exp7303-validation:repository_health_full_suite] ........................................................................ [  0%]
[exp7303-validation:repository_health_full_suite] ........................................................................ [  0%]
[exp7303-validation:repository_health_full_suite] ........................................................................ [  0%]
[exp7303-validation] subprocess_outstanding repository_health_full_suite elapsed_s=40.002
[exp7303-validation] subprocess_outstanding repository_health_full_suite elapsed_s=50.002
[exp7303-validation:repository_health_full_suite] ........................................................................ [  0%]
[exp7303-validation:repository_health_full_suite] ........................................................................ [  1%]
[exp7303-validation:repository_health_full_suite] ........................................................................ [  1%]
[exp7303-validation:repository_health_full_suite] ........................................................................ [  1%]
[exp7303-validation:repository_health_full_suite] ........................................................................ [  1%]
[exp7303-validation:repository_health_full_suite] ........................................................................ [  1%]
[exp7303-validation:repository_health_full_suite] ........................................................................ [  1%]
[exp7303-validation:repository_health_full_suite] ........................................................................ [  1%]
[exp7303-validation:repository_health_full_suite] ........................................................................ [  1%]
[exp7303-validation:repository_health_full_suite] ........................................................................ [  1%]
[exp7303-validation:repository_health_full_suite] ....................................s................................... [  1%]
[exp7303-validation:repository_health_full_suite] ........................................................................ [  2%]
[exp7303-validation:repository_health_full_suite] ........................................................................ [  2%]
[exp7303-validation:repository_health_full_suite] ........................................................................ [  2%]
[exp7303-validation] subprocess_outstanding repository_health_full_suite elapsed_s=60.002
[exp7303-validation:repository_health_full_suite] ........................................................................ [  2%]
[exp7303-validation] subprocess_outstanding repository_health_full_suite elapsed_s=70.002
[exp7303-validation:repository_health_full_suite] ........................................................................ [  2%]
[exp7303-validation:repository_health_full_suite] ........................................................................ [  2%]
[exp7303-validation:repository_health_full_suite] ........................................................................ [  2%]
[exp7303-validation:repository_health_full_suite] ........................................................................ [  2%]
[exp7303-validation:repository_health_full_suite] ........................................................................ [  2%]
[exp7303-validation:repository_health_full_suite] ........................................................................ [  2%]
[exp7303-validation] subprocess_outstanding repository_health_full_suite elapsed_s=80.002
[exp7303-validation] subprocess_outstanding repository_health_full_suite elapsed_s=90.002
[exp7303-validation] subprocess_outstanding repository_health_full_suite elapsed_s=100.003
[exp7303-validation] subprocess_outstanding repository_health_full_suite elapsed_s=110.003
[exp7303-validation:repository_health_full_suite] ........................................................................ [  3%]
[exp7303-validation:repository_health_full_suite] ........................................................................ [  3%]
[exp7303-validation:repository_health_full_suite] .............F.......................................................... [  3%]
[exp7303-validation:repository_health_full_suite] ........................................................................ [  3%]
[exp7303-validation:repository_health_full_suite] ........................................................................ [  3%]
[exp7303-validation:repository_health_full_suite] ........................................................................ [  3%]
[exp7303-validation:repository_health_full_suite] ........................................................................ [  3%]
[exp7303-validation:repository_health_full_suite] ........................................................................ [  3%]
[exp7303-validation:repository_health_full_suite] ........................................................................ [  3%]
[exp7303-validation] subprocess_outstanding repository_health_full_suite elapsed_s=120.003
[exp7303-validation:repository_health_full_suite] ........................................................................ [  3%]
[exp7303-validation] subprocess_outstanding repository_health_full_suite elapsed_s=130.003
[exp7303-validation] subprocess_outstanding repository_health_full_suite elapsed_s=140.003
[exp7303-validation] subprocess_outstanding repository_health_full_suite elapsed_s=150.003
[exp7303-validation] subprocess_outstanding repository_health_full_suite elapsed_s=160.003
[exp7303-validation] subprocess_outstanding repository_health_full_suite elapsed_s=170.004
[exp7303-validation] subprocess_outstanding repository_health_full_suite elapsed_s=180.004
[exp7303-validation] subprocess_outstanding repository_health_full_suite elapsed_s=190.004
[exp7303-validation] subprocess_outstanding repository_health_full_suite elapsed_s=200.004
[exp7303-validation] subprocess_outstanding repository_health_full_suite elapsed_s=210.004
[exp7303-validation] subprocess_outstanding repository_health_full_suite elapsed_s=220.004
[exp7303-validation] subprocess_outstanding repository_health_full_suite elapsed_s=230.005
[exp7303-validation] subprocess_outstanding repository_health_full_suite elapsed_s=240.005
[exp7303-validation] subprocess_outstanding repository_health_full_suite elapsed_s=250.005
[exp7303-validation] subprocess_outstanding repository_health_full_suite elapsed_s=260.005
[exp7303-validation] subprocess_outstanding repository_health_full_suite elapsed_s=270.005
[exp7303-validation] subprocess_outstanding repository_health_full_suite elapsed_s=280.006
[exp7303-validation] subprocess_outstanding repository_health_full_suite elapsed_s=290.006
[exp7303-validation] subprocess_outstanding repository_health_full_suite elapsed_s=300.006
[exp7303-validation:repository_health_full_suite] ...
[exp7303-validation] after_subprocess repository_health_full_suite elapsed_s=300.130 exit=-15 unit=1/1
[exp7976] phase=terminal_publication
[exp7303-validation] before_subprocess adversarial elapsed_s=0.000 unit=1/2
[exp7303-validation:adversarial] {
[exp7303-validation:adversarial]   "reports": [
[exp7303-validation:adversarial]     {
[exp7303-validation:adversarial]       "artifact": "/home/ianblenke/github.com/ianblenke/carnot/results/raw/experiment_7976_v691_service_cost/terminal_candidate.json",
[exp7303-validation:adversarial]       "loaded": true,
[exp7303-validation:adversarial]       "exp_id": 7976,
[exp7303-validation:adversarial]       "title": "",
[exp7303-validation:adversarial]       "honest_verdict": "complete_null_service_cost",
[exp7303-validation:adversarial]       "flag_count": 0,
[exp7303-validation:adversarial]       "max_severity": -1,
[exp7303-validation:adversarial]       "flags": [],
[exp7303-validation:adversarial]       "gate_version": "197e0a5eacacb09ce6607ae8bdfd507498082857f0d02ec2003a62c251b69a24"
[exp7303-validation:adversarial]     }
[exp7303-validation:adversarial]   ],
[exp7303-validation:adversarial]   "flagged_count": 0
[exp7303-validation:adversarial] }
[exp7303-validation] after_subprocess adversarial elapsed_s=1.187 exit=0 unit=1/2
[exp7303-validation] before_subprocess strict_rows elapsed_s=0.000 unit=2/2
[exp7303-validation:strict_rows] 
[exp7303-validation:strict_rows] verdict-row-consistency: checked 1, skipped 0 (no per-unit rows), unreadable 0.
[exp7303-validation:strict_rows]   No row/verdict contradictions among the artifacts that could be checked.
[exp7303-validation] after_subprocess strict_rows elapsed_s=0.039 exit=0 unit=2/2
[exp7976] published path=/home/ianblenke/github.com/ianblenke/carnot/results/experiment_7976_v691_service_cost.json elapsed_s=344.509
