E.....EE.EE....EEE                                                       [100%]
==================================== ERRORS ====================================
_ ERROR at setup of test_authenticated_receipts_are_deduplicated_by_logical_episode _

self = PosixPath('/tmp/carnot-exp7625-v665-fn9w7xin/validation/pytest/coverage')
mode = 448, parents = False, exist_ok = False

    def mkdir(self, mode=0o777, parents=False, exist_ok=False):
        """
        Create a new directory at this given path.
        """
        try:
>           os.mkdir(self, mode)
E           FileNotFoundError: [Errno 2] No such file or directory: '/tmp/carnot-exp7625-v665-fn9w7xin/validation/pytest/coverage'

../../../.local/share/uv/python/cpython-3.12.13-linux-x86_64-gnu/lib/python3.12/pathlib.py:1311: FileNotFoundError
_ ERROR at setup of test_authentication_mismatch_is_reported_before_reduction __

self = PosixPath('/tmp/carnot-exp7625-v665-fn9w7xin/validation/pytest/coverage')
mode = 448, parents = False, exist_ok = False

    def mkdir(self, mode=0o777, parents=False, exist_ok=False):
        """
        Create a new directory at this given path.
        """
        try:
>           os.mkdir(self, mode)
E           FileNotFoundError: [Errno 2] No such file or directory: '/tmp/carnot-exp7625-v665-fn9w7xin/validation/pytest/coverage'

../../../.local/share/uv/python/cpython-3.12.13-linux-x86_64-gnu/lib/python3.12/pathlib.py:1311: FileNotFoundError
_ ERROR at setup of test_zero_firing_artifact_is_complete_null_and_self_validating _

self = PosixPath('/tmp/carnot-exp7625-v665-fn9w7xin/validation/pytest/coverage')
mode = 448, parents = False, exist_ok = False

    def mkdir(self, mode=0o777, parents=False, exist_ok=False):
        """
        Create a new directory at this given path.
        """
        try:
>           os.mkdir(self, mode)
E           FileNotFoundError: [Errno 2] No such file or directory: '/tmp/carnot-exp7625-v665-fn9w7xin/validation/pytest/coverage'

../../../.local/share/uv/python/cpython-3.12.13-linux-x86_64-gnu/lib/python3.12/pathlib.py:1311: FileNotFoundError
____ ERROR at setup of test_validator_rejects_mutated_metrics_and_checksum _____

self = PosixPath('/tmp/carnot-exp7625-v665-fn9w7xin/validation/pytest/coverage')
mode = 448, parents = False, exist_ok = False

    def mkdir(self, mode=0o777, parents=False, exist_ok=False):
        """
        Create a new directory at this given path.
        """
        try:
>           os.mkdir(self, mode)
E           FileNotFoundError: [Errno 2] No such file or directory: '/tmp/carnot-exp7625-v665-fn9w7xin/validation/pytest/coverage'

../../../.local/share/uv/python/cpython-3.12.13-linux-x86_64-gnu/lib/python3.12/pathlib.py:1311: FileNotFoundError
_ ERROR at setup of test_source_selector_rejects_missing_flagged_and_non_live_inputs _

self = PosixPath('/tmp/carnot-exp7625-v665-fn9w7xin/validation/pytest/coverage')
mode = 448, parents = False, exist_ok = False

    def mkdir(self, mode=0o777, parents=False, exist_ok=False):
        """
        Create a new directory at this given path.
        """
        try:
>           os.mkdir(self, mode)
E           FileNotFoundError: [Errno 2] No such file or directory: '/tmp/carnot-exp7625-v665-fn9w7xin/validation/pytest/coverage'

../../../.local/share/uv/python/cpython-3.12.13-linux-x86_64-gnu/lib/python3.12/pathlib.py:1311: FileNotFoundError
____ ERROR at setup of test_validator_rejects_bad_rows_redirects_and_counts ____

self = PosixPath('/tmp/carnot-exp7625-v665-fn9w7xin/validation/pytest/coverage')
mode = 448, parents = False, exist_ok = False

    def mkdir(self, mode=0o777, parents=False, exist_ok=False):
        """
        Create a new directory at this given path.
        """
        try:
>           os.mkdir(self, mode)
E           FileNotFoundError: [Errno 2] No such file or directory: '/tmp/carnot-exp7625-v665-fn9w7xin/validation/pytest/coverage'

../../../.local/share/uv/python/cpython-3.12.13-linux-x86_64-gnu/lib/python3.12/pathlib.py:1311: FileNotFoundError
______ ERROR at setup of test_command_manifests_preconditions_and_helpers ______

self = PosixPath('/tmp/carnot-exp7625-v665-fn9w7xin/validation/pytest/coverage')
mode = 448, parents = False, exist_ok = False

    def mkdir(self, mode=0o777, parents=False, exist_ok=False):
        """
        Create a new directory at this given path.
        """
        try:
>           os.mkdir(self, mode)
E           FileNotFoundError: [Errno 2] No such file or directory: '/tmp/carnot-exp7625-v665-fn9w7xin/validation/pytest/coverage'

../../../.local/share/uv/python/cpython-3.12.13-linux-x86_64-gnu/lib/python3.12/pathlib.py:1311: FileNotFoundError
_______ ERROR at setup of test_cli_reader_modes_and_argument_validation ________

self = PosixPath('/tmp/carnot-exp7625-v665-fn9w7xin/validation/pytest/coverage')
mode = 448, parents = False, exist_ok = False

    def mkdir(self, mode=0o777, parents=False, exist_ok=False):
        """
        Create a new directory at this given path.
        """
        try:
>           os.mkdir(self, mode)
E           FileNotFoundError: [Errno 2] No such file or directory: '/tmp/carnot-exp7625-v665-fn9w7xin/validation/pytest/coverage'

../../../.local/share/uv/python/cpython-3.12.13-linux-x86_64-gnu/lib/python3.12/pathlib.py:1311: FileNotFoundError
=========================== short test summary info ============================
ERROR tests/python/test_experiment_7625_v665_arc_supervisor_transfer.py::test_authenticated_receipts_are_deduplicated_by_logical_episode
ERROR tests/python/test_experiment_7625_v665_arc_supervisor_transfer.py::test_authentication_mismatch_is_reported_before_reduction
ERROR tests/python/test_experiment_7625_v665_arc_supervisor_transfer.py::test_zero_firing_artifact_is_complete_null_and_self_validating
ERROR tests/python/test_experiment_7625_v665_arc_supervisor_transfer.py::test_validator_rejects_mutated_metrics_and_checksum
ERROR tests/python/test_experiment_7625_v665_arc_supervisor_transfer.py::test_source_selector_rejects_missing_flagged_and_non_live_inputs
ERROR tests/python/test_experiment_7625_v665_arc_supervisor_transfer.py::test_validator_rejects_bad_rows_redirects_and_counts
ERROR tests/python/test_experiment_7625_v665_arc_supervisor_transfer.py::test_command_manifests_preconditions_and_helpers
ERROR tests/python/test_experiment_7625_v665_arc_supervisor_transfer.py::test_cli_reader_modes_and_argument_validation
10 passed, 8 errors in 1.80s
