[exp8241] phase=start completed=0 pending=0
[exp8241] phase=preconditions_start completed=0 pending=0
[exp8241] phase=preconditions_complete completed=825 pending=0
[exp8241] phase=cold_issue_seed completed=1 pending=19
[exp8241] phase=cold_issue_seed completed=2 pending=18
[exp8241] phase=cold_issue_seed completed=3 pending=17
[exp8241] phase=cold_issue_seed completed=4 pending=16
[exp8241] phase=cold_issue_seed completed=5 pending=15
[exp8241] phase=cold_issue_seed completed=6 pending=14
[exp8241] phase=cold_issue_seed completed=7 pending=13
[exp8241] phase=cold_issue_seed completed=8 pending=12
[exp8241] phase=cold_issue_seed completed=9 pending=11
[exp8241] phase=cold_issue_seed completed=10 pending=10
[exp8241] phase=cold_issue_seed completed=11 pending=9
[exp8241] phase=cold_issue_seed completed=12 pending=8
[exp8241] phase=cold_issue_seed completed=13 pending=7
[exp8241] phase=cold_issue_seed completed=14 pending=6
[exp8241] phase=cold_issue_seed completed=15 pending=5
[exp8241] phase=cold_issue_seed completed=16 pending=4
[exp8241] phase=cold_issue_seed completed=17 pending=3
[exp8241] phase=cold_issue_seed completed=18 pending=2
[exp8241] phase=cold_issue_seed completed=19 pending=1
[exp8241] phase=cold_issue_seed completed=20 pending=0
[exp8241] phase=retention_predictions_authenticated_and_sealed completed=6400 pending=0
[exp8241] phase=retention_labels_opened completed=64 pending=0
[exp8241] phase=measurement_complete completed=25600 pending=0
