[exp8221] phase=fixture_slots completed=32 pending=224
[exp8221] phase=fixture_slots completed=64 pending=192
[exp8221] phase=fixture_slots completed=96 pending=160
[exp8221] phase=fixture_slots completed=128 pending=128
[exp8221] phase=fixture_slots completed=160 pending=96
[exp8221] phase=fixture_slots completed=192 pending=64
[exp8221] phase=fixture_slots completed=224 pending=32
[exp8221] phase=fixture_slots completed=256 pending=0
[exp8225] phase=arm_complete arm=frozen completed=1 pending=4
[exp8221] phase=fixture_slots completed=32 pending=224
[exp8221] phase=fixture_slots completed=64 pending=192
[exp8221] phase=fixture_slots completed=96 pending=160
[exp8221] phase=fixture_slots completed=128 pending=128
[exp8221] phase=fixture_slots completed=160 pending=96
[exp8221] phase=fixture_slots completed=192 pending=64
[exp8221] phase=fixture_slots completed=224 pending=32
[exp8221] phase=fixture_slots completed=256 pending=0
[exp8225] phase=arm_complete arm=global_only completed=2 pending=3
[exp8221] phase=fixture_slots completed=32 pending=224
[exp8221] phase=fixture_slots completed=64 pending=192
[exp8221] phase=fixture_slots completed=96 pending=160
[exp8221] phase=fixture_slots completed=128 pending=128
[exp8221] phase=fixture_slots completed=160 pending=96
[exp8221] phase=fixture_slots completed=192 pending=64
[exp8221] phase=fixture_slots completed=224 pending=32
[exp8221] phase=fixture_slots completed=256 pending=0
[exp8225] phase=arm_complete arm=global_plus_group completed=3 pending=2
[exp8221] phase=fixture_slots completed=32 pending=224
[exp8221] phase=fixture_slots completed=64 pending=192
[exp8221] phase=fixture_slots completed=96 pending=160
[exp8221] phase=fixture_slots completed=128 pending=128
[exp8221] phase=fixture_slots completed=160 pending=96
[exp8221] phase=fixture_slots completed=192 pending=64
[exp8221] phase=fixture_slots completed=224 pending=32
[exp8221] phase=fixture_slots completed=256 pending=0
[exp8225] phase=arm_complete arm=local_only completed=4 pending=1
[exp8221] phase=fixture_slots completed=32 pending=224
[exp8221] phase=fixture_slots completed=64 pending=192
[exp8221] phase=fixture_slots completed=96 pending=160
[exp8221] phase=fixture_slots completed=128 pending=128
[exp8221] phase=fixture_slots completed=160 pending=96
[exp8221] phase=fixture_slots completed=192 pending=64
[exp8221] phase=fixture_slots completed=224 pending=32
[exp8221] phase=fixture_slots completed=256 pending=0
[exp8225] phase=arm_complete arm=global_plus_random completed=5 pending=0
[exp8241] phase=cold_issue_seed completed=1 pending=0
[exp8241] phase=retention_predictions_authenticated_and_sealed completed=320 pending=0
[exp8241] phase=retention_labels_opened completed=64 pending=0
[exp8241] phase=before_moving_slot_bootstrap completed=0 pending=3
[exp8241] phase=after_moving_slot_bootstrap completed=3 pending=0
[exp8241] phase=before_moving_slot_bootstrap completed=0 pending=3
[exp8241] phase=after_moving_slot_bootstrap completed=3 pending=0
.[exp8221] phase=fixture_slots completed=32 pending=224
[exp8221] phase=fixture_slots completed=64 pending=192
[exp8221] phase=fixture_slots completed=96 pending=160
[exp8221] phase=fixture_slots completed=128 pending=128
[exp8221] phase=fixture_slots completed=160 pending=96
[exp8221] phase=fixture_slots completed=192 pending=64
[exp8221] phase=fixture_slots completed=224 pending=32
[exp8221] phase=fixture_slots completed=256 pending=0
[exp8225] phase=arm_complete arm=frozen completed=1 pending=4
[exp8221] phase=fixture_slots completed=32 pending=224
[exp8221] phase=fixture_slots completed=64 pending=192
[exp8221] phase=fixture_slots completed=96 pending=160
[exp8221] phase=fixture_slots completed=128 pending=128
[exp8221] phase=fixture_slots completed=160 pending=96
[exp8221] phase=fixture_slots completed=192 pending=64
[exp8221] phase=fixture_slots completed=224 pending=32
[exp8221] phase=fixture_slots completed=256 pending=0
[exp8225] phase=arm_complete arm=global_only completed=2 pending=3
[exp8221] phase=fixture_slots completed=32 pending=224
[exp8221] phase=fixture_slots completed=64 pending=192
[exp8221] phase=fixture_slots completed=96 pending=160
[exp8221] phase=fixture_slots completed=128 pending=128
[exp8221] phase=fixture_slots completed=160 pending=96
[exp8221] phase=fixture_slots completed=192 pending=64
[exp8221] phase=fixture_slots completed=224 pending=32
[exp8221] phase=fixture_slots completed=256 pending=0
[exp8225] phase=arm_complete arm=global_plus_group completed=3 pending=2
[exp8221] phase=fixture_slots completed=32 pending=224
[exp8221] phase=fixture_slots completed=64 pending=192
[exp8221] phase=fixture_slots completed=96 pending=160
[exp8221] phase=fixture_slots completed=128 pending=128
[exp8221] phase=fixture_slots completed=160 pending=96
[exp8221] phase=fixture_slots completed=192 pending=64
[exp8221] phase=fixture_slots completed=224 pending=32
[exp8221] phase=fixture_slots completed=256 pending=0
[exp8225] phase=arm_complete arm=local_only completed=4 pending=1
[exp8221] phase=fixture_slots completed=32 pending=224
[exp8221] phase=fixture_slots completed=64 pending=192
[exp8221] phase=fixture_slots completed=96 pending=160
[exp8221] phase=fixture_slots completed=128 pending=128
[exp8221] phase=fixture_slots completed=160 pending=96
[exp8221] phase=fixture_slots completed=192 pending=64
[exp8221] phase=fixture_slots completed=224 pending=32
[exp8221] phase=fixture_slots completed=256 pending=0
[exp8225] phase=arm_complete arm=global_plus_random completed=5 pending=0
before private8241 CLI
after private8241 CLI 0
before private8241 CLI
after private8241 CLI 0
before private8241 CLI
after private8241 CLI 1
.before private8241 CLI
after private8241 CLI 0
before private8241 CLI
after private8241 CLI 0
before private8241 CLI
after private8241 CLI 2
before private8241 CLI
after private8241 CLI 2
before private8241 CLI
after private8241 CLI 0
[exp8241] phase=before_moving_slot_bootstrap completed=0 pending=3
[exp8241] phase=after_moving_slot_bootstrap completed=3 pending=0
.[exp8241] phase=before_moving_slot_bootstrap completed=0 pending=3
[exp8241] phase=after_moving_slot_bootstrap completed=3 pending=0
[exp8241] phase=before_moving_slot_bootstrap completed=0 pending=3
[exp8241] phase=after_moving_slot_bootstrap completed=3 pending=0
[exp8241] phase=before_moving_slot_bootstrap completed=0 pending=3
[exp8241] phase=after_moving_slot_bootstrap completed=3 pending=0
..[exp8221] phase=fixture_slots completed=32 pending=224
[exp8221] phase=fixture_slots completed=64 pending=192
[exp8221] phase=fixture_slots completed=96 pending=160
[exp8221] phase=fixture_slots completed=128 pending=128
[exp8221] phase=fixture_slots completed=160 pending=96
[exp8221] phase=fixture_slots completed=192 pending=64
[exp8221] phase=fixture_slots completed=224 pending=32
[exp8221] phase=fixture_slots completed=256 pending=0
[exp8225] phase=arm_complete arm=frozen completed=1 pending=4
[exp8221] phase=fixture_slots completed=32 pending=224
[exp8221] phase=fixture_slots completed=64 pending=192
[exp8221] phase=fixture_slots completed=96 pending=160
[exp8221] phase=fixture_slots completed=128 pending=128
[exp8221] phase=fixture_slots completed=160 pending=96
[exp8221] phase=fixture_slots completed=192 pending=64
[exp8221] phase=fixture_slots completed=224 pending=32
[exp8221] phase=fixture_slots completed=256 pending=0
[exp8225] phase=arm_complete arm=global_only completed=2 pending=3
[exp8221] phase=fixture_slots completed=32 pending=224
[exp8221] phase=fixture_slots completed=64 pending=192
[exp8221] phase=fixture_slots completed=96 pending=160
[exp8221] phase=fixture_slots completed=128 pending=128
[exp8221] phase=fixture_slots completed=160 pending=96
[exp8221] phase=fixture_slots completed=192 pending=64
[exp8221] phase=fixture_slots completed=224 pending=32
[exp8221] phase=fixture_slots completed=256 pending=0
[exp8225] phase=arm_complete arm=global_plus_group completed=3 pending=2
[exp8221] phase=fixture_slots completed=32 pending=224
[exp8221] phase=fixture_slots completed=64 pending=192
[exp8221] phase=fixture_slots completed=96 pending=160
[exp8221] phase=fixture_slots completed=128 pending=128
[exp8221] phase=fixture_slots completed=160 pending=96
[exp8221] phase=fixture_slots completed=192 pending=64
[exp8221] phase=fixture_slots completed=224 pending=32
[exp8221] phase=fixture_slots completed=256 pending=0
[exp8225] phase=arm_complete arm=local_only completed=4 pending=1
[exp8221] phase=fixture_slots completed=32 pending=224
[exp8221] phase=fixture_slots completed=64 pending=192
[exp8221] phase=fixture_slots completed=96 pending=160
[exp8221] phase=fixture_slots completed=128 pending=128
[exp8221] phase=fixture_slots completed=160 pending=96
[exp8221] phase=fixture_slots completed=192 pending=64
[exp8221] phase=fixture_slots completed=224 pending=32
[exp8221] phase=fixture_slots completed=256 pending=0
[exp8225] phase=arm_complete arm=global_plus_random completed=5 pending=0
[exp8241] phase=preconditions_start completed=0 pending=0
[exp8241] phase=preconditions_complete completed=14 pending=0
[exp8241] phase=owned_reconstruction_failed completed=0 pending=0
[exp8241] phase=measurement_complete completed=0 pending=0
[exp8241] phase=before_moving_slot_bootstrap completed=0 pending=3
[exp8241] phase=after_moving_slot_bootstrap completed=3 pending=0
[exp8241] phase=preconditions_start completed=0 pending=0
[exp8241] phase=preconditions_complete completed=13 pending=0
[exp8241] phase=measurement_complete completed=0 pending=0
[exp8241] phase=preconditions_start completed=0 pending=0
[exp8241] phase=preconditions_complete completed=14 pending=0
[exp8241] phase=cold_issue_seed completed=1 pending=0
[exp8241] phase=retention_predictions_authenticated_and_sealed completed=320 pending=0
[exp8241] phase=retention_labels_opened completed=64 pending=0
[exp8241] phase=measurement_complete completed=1280 pending=0
[exp8241] phase=before_moving_slot_bootstrap completed=0 pending=3
[exp8241] phase=after_moving_slot_bootstrap completed=3 pending=0
[exp8241] phase=cold_issue_seed completed=1 pending=0
[exp8241] phase=retention_predictions_authenticated_and_sealed completed=320 pending=0
[exp8241] phase=retention_labels_opened completed=64 pending=0
[exp8241] phase=before_moving_slot_bootstrap completed=0 pending=3
[exp8241] phase=after_moving_slot_bootstrap completed=3 pending=0
[exp8241] phase=before_moving_slot_bootstrap completed=0 pending=3
[exp8241] phase=after_moving_slot_bootstrap completed=3 pending=0
[exp8241] phase=cold_issue_seed completed=1 pending=0
[exp8241] phase=retention_predictions_authenticated_and_sealed completed=320 pending=0
[exp8241] phase=retention_labels_opened completed=64 pending=0
.
=============================== warnings summary ===============================
python/carnot/extraction/coace_extractor.py:122
  /home/ianblenke/github.com/ianblenke/carnot/python/carnot/extraction/coace_extractor.py:122: DeprecationWarning: ast.Num is deprecated and will be removed in Python 3.14; use ast.Constant instead
    if hasattr(ast, "Num"):

-- Docs: https://docs.pytest.org/en/stable/how-to/capture-warnings.html
6 passed, 1 warning in 55.32s
