.[exp8263] phase=typed_control completed=64 pending=64
[exp8263] phase=typed_control completed=128 pending=0
[exp8263] phase=typed_control completed=64 pending=64
[exp8263] phase=typed_control completed=128 pending=0
[exp8263] phase=typed_control completed=64 pending=64
[exp8263] phase=typed_control completed=128 pending=0
[exp8263] phase=typed_control completed=64 pending=352
[exp8263] phase=typed_control completed=128 pending=288
[exp8263] phase=typed_control completed=192 pending=224
[exp8263] phase=typed_control completed=256 pending=160
[exp8263] phase=typed_control completed=320 pending=96
[exp8263] phase=typed_control completed=384 pending=32
[exp8263] phase=typed_control completed=64 pending=352
[exp8263] phase=typed_control completed=128 pending=288
[exp8263] phase=typed_control completed=192 pending=224
[exp8263] phase=typed_control completed=256 pending=160
[exp8263] phase=typed_control completed=320 pending=96
[exp8263] phase=typed_control completed=384 pending=32
[exp8263] phase=typed_control completed=64 pending=64
[exp8263] phase=typed_control completed=128 pending=0
.[exp8263] phase=typed_control completed=64 pending=64
[exp8263] phase=typed_control completed=128 pending=0
before private8263 subprocess
after private8263 subprocess 73
before private8263 subprocess
after private8263 subprocess 0
before private8263 subprocess
after private8263 subprocess 73
before private8263 subprocess
after private8263 subprocess 0
.[exp8263] phase=before_generation completed=0 pending=12
[exp8263] phase=after_generation completed=1 pending=11
[exp8263] phase=before_generation completed=1 pending=11
[exp8263] phase=after_generation completed=2 pending=10
[exp8263] phase=before_generation completed=2 pending=10
[exp8263] phase=after_generation completed=3 pending=9
[exp8263] phase=before_generation completed=3 pending=9
[exp8263] phase=after_generation completed=4 pending=8
[exp8263] phase=before_generation completed=4 pending=8
[exp8263] phase=after_generation completed=5 pending=7
[exp8263] phase=before_generation completed=5 pending=7
[exp8263] phase=after_generation completed=6 pending=6
[exp8263] phase=before_generation completed=6 pending=6
[exp8263] phase=after_generation completed=7 pending=5
[exp8263] phase=before_generation completed=7 pending=5
[exp8263] phase=after_generation completed=8 pending=4
[exp8263] phase=before_generation completed=8 pending=4
[exp8263] phase=after_generation completed=9 pending=3
[exp8263] phase=before_generation completed=9 pending=3
[exp8263] phase=after_generation completed=10 pending=2
[exp8263] phase=before_generation completed=10 pending=2
[exp8263] phase=after_generation completed=11 pending=1
[exp8263] phase=before_generation completed=11 pending=1
[exp8263] phase=after_generation completed=12 pending=0
[exp8263] phase=before_generation completed=0 pending=2
[exp8263] phase=after_generation completed=1 pending=1
[exp8263] phase=before_generation completed=1 pending=1
[exp8263] phase=after_generation completed=2 pending=0
.before private8263 subprocess
after private8263 subprocess 0
before private8263 subprocess
after private8263 subprocess 0
before private8263 subprocess
after private8263 subprocess 1
before private8263 subprocess
after private8263 subprocess 1
before private8263 subprocess
after private8263 subprocess 2
before private8263 subprocess
after private8263 subprocess 2
[exp8263] phase=before_preconditions completed=0 pending=0
[exp8263] phase=after_preconditions completed=16 pending=0
.[exp8263] phase=before_preconditions completed=0 pending=0
[exp8263] phase=before_tokenizer_vocabulary_read completed=0 pending=0
[exp8263] phase=after_tokenizer_vocabulary_read completed=1 pending=0
[exp8263] phase=after_preconditions completed=68 pending=0
[exp8263] phase=before_private_benchmark completed=0 pending=0
[exp8263] phase=before_capture_subprocess completed=0 pending=0
[exp8263] phase=before_generation completed=0 pending=12
[exp8263] phase=after_generation completed=1 pending=11
[exp8263] phase=before_generation completed=1 pending=11
[exp8263] phase=after_generation completed=2 pending=10
[exp8263] phase=before_generation completed=2 pending=10
[exp8263] phase=after_generation completed=3 pending=9
[exp8263] phase=before_generation completed=3 pending=9
[exp8263] phase=after_generation completed=4 pending=8
[exp8263] phase=before_generation completed=4 pending=8
[exp8263] phase=after_generation completed=5 pending=7
[exp8263] phase=before_generation completed=5 pending=7
[exp8263] phase=after_generation completed=6 pending=6
[exp8263] phase=before_generation completed=6 pending=6
[exp8263] phase=after_generation completed=7 pending=5
[exp8263] phase=before_generation completed=7 pending=5
[exp8263] phase=after_generation completed=8 pending=4
[exp8263] phase=before_generation completed=8 pending=4
[exp8263] phase=after_generation completed=9 pending=3
[exp8263] phase=before_generation completed=9 pending=3
[exp8263] phase=after_generation completed=10 pending=2
[exp8263] phase=before_generation completed=10 pending=2
[exp8263] phase=after_generation completed=11 pending=1
[exp8263] phase=before_generation completed=11 pending=1
[exp8263] phase=after_generation completed=12 pending=0
[exp8263] phase=after_capture_subprocess completed=12 pending=0
[exp8263] phase=typed_control completed=64 pending=64
[exp8263] phase=typed_control completed=128 pending=0
[exp8263] phase=typed_control completed=64 pending=352
[exp8263] phase=typed_control completed=128 pending=288
[exp8263] phase=typed_control completed=192 pending=224
[exp8263] phase=typed_control completed=256 pending=160
[exp8263] phase=typed_control completed=320 pending=96
[exp8263] phase=typed_control completed=384 pending=32
[exp8263] phase=typed_control completed=64 pending=352
[exp8263] phase=typed_control completed=128 pending=288
[exp8263] phase=typed_control completed=192 pending=224
[exp8263] phase=typed_control completed=256 pending=160
[exp8263] phase=typed_control completed=320 pending=96
[exp8263] phase=typed_control completed=384 pending=32
[exp8263] phase=typed_control completed=64 pending=64
[exp8263] phase=typed_control completed=128 pending=0
[exp8263] phase=before_hard_exit_subprocess completed=0 pending=0
[exp8205] phase=before_subprocess_hard_exit_40 completed=0 pending=1
[exp8205] phase=after_subprocess_hard_exit_40 completed=1 pending=0
[exp8263] phase=after_hard_exit_subprocess completed=0 pending=0
[exp8263] phase=before_resume_subprocess completed=0 pending=0
[exp8205] phase=before_subprocess_resume_40 completed=0 pending=1
[exp8205] phase=after_subprocess_resume_40 completed=1 pending=0
[exp8263] phase=after_resume_subprocess completed=0 pending=0
[exp8263] phase=before_hard_exit_subprocess completed=0 pending=0
[exp8205] phase=before_subprocess_hard_exit_72 completed=0 pending=1
[exp8205] phase=after_subprocess_hard_exit_72 completed=1 pending=0
[exp8263] phase=after_hard_exit_subprocess completed=0 pending=0
[exp8263] phase=before_resume_subprocess completed=0 pending=0
[exp8205] phase=before_subprocess_resume_72 completed=0 pending=1
[exp8205] phase=after_subprocess_resume_72 completed=1 pending=0
[exp8263] phase=after_resume_subprocess completed=0 pending=0
[exp8263] phase=after_private_benchmark completed=480 pending=0
[exp8263] phase=typed_control completed=64 pending=64
[exp8263] phase=typed_control completed=128 pending=0
[exp8263] phase=typed_control completed=64 pending=352
[exp8263] phase=typed_control completed=128 pending=288
[exp8263] phase=typed_control completed=192 pending=224
[exp8263] phase=typed_control completed=256 pending=160
[exp8263] phase=typed_control completed=320 pending=96
[exp8263] phase=typed_control completed=384 pending=32
[exp8263] phase=typed_control completed=64 pending=352
[exp8263] phase=typed_control completed=128 pending=288
[exp8263] phase=typed_control completed=192 pending=224
[exp8263] phase=typed_control completed=256 pending=160
[exp8263] phase=typed_control completed=320 pending=96
[exp8263] phase=typed_control completed=384 pending=32
[exp8263] phase=typed_control completed=64 pending=64
[exp8263] phase=typed_control completed=128 pending=0
[exp8263] phase=before_tokenizer_vocabulary_read completed=0 pending=0
[exp8263] phase=after_tokenizer_vocabulary_read completed=1 pending=0
[exp8263] phase=before_preconditions completed=0 pending=0
[exp8263] phase=after_preconditions completed=7 pending=0
[exp8263] phase=before_tokenizer_vocabulary_read completed=0 pending=0
[exp8263] phase=after_tokenizer_vocabulary_read_blocked completed=0 pending=0
[exp8263] phase=before_tokenizer_vocabulary_read completed=0 pending=0
[exp8263] phase=after_tokenizer_vocabulary_read_blocked completed=0 pending=0
.[exp8263] phase=typed_control completed=64 pending=64
[exp8263] phase=typed_control completed=128 pending=0
.[exp8263] phase=before_preconditions completed=0 pending=0
[exp8263] phase=after_preconditions completed=6 pending=0
[exp8263] phase=before_private_benchmark completed=0 pending=0
[exp8263] phase=before_capture_subprocess completed=0 pending=0
[exp8263] phase=before_generation completed=0 pending=12
[exp8263] phase=after_generation completed=1 pending=11
[exp8263] phase=before_generation completed=1 pending=11
[exp8263] phase=after_generation completed=2 pending=10
[exp8263] phase=before_generation completed=2 pending=10
[exp8263] phase=after_generation completed=3 pending=9
[exp8263] phase=before_generation completed=3 pending=9
[exp8263] phase=after_generation completed=4 pending=8
[exp8263] phase=before_generation completed=4 pending=8
[exp8263] phase=after_generation completed=5 pending=7
[exp8263] phase=before_generation completed=5 pending=7
[exp8263] phase=after_generation completed=6 pending=6
[exp8263] phase=before_generation completed=6 pending=6
[exp8263] phase=after_generation completed=7 pending=5
[exp8263] phase=before_generation completed=7 pending=5
[exp8263] phase=after_generation completed=8 pending=4
[exp8263] phase=before_generation completed=8 pending=4
[exp8263] phase=after_generation completed=9 pending=3
[exp8263] phase=before_generation completed=9 pending=3
[exp8263] phase=after_generation completed=10 pending=2
[exp8263] phase=before_generation completed=10 pending=2
[exp8263] phase=after_generation completed=11 pending=1
[exp8263] phase=before_generation completed=11 pending=1
[exp8263] phase=after_generation completed=12 pending=0
[exp8263] phase=after_capture_subprocess completed=12 pending=0
[exp8263] phase=typed_control completed=64 pending=64
[exp8263] phase=typed_control completed=128 pending=0
[exp8263] phase=typed_control completed=64 pending=352
[exp8263] phase=typed_control completed=128 pending=288
[exp8263] phase=typed_control completed=192 pending=224
[exp8263] phase=typed_control completed=256 pending=160
[exp8263] phase=typed_control completed=320 pending=96
[exp8263] phase=typed_control completed=384 pending=32
[exp8263] phase=typed_control completed=64 pending=352
[exp8263] phase=typed_control completed=128 pending=288
[exp8263] phase=typed_control completed=192 pending=224
[exp8263] phase=typed_control completed=256 pending=160
[exp8263] phase=typed_control completed=320 pending=96
[exp8263] phase=typed_control completed=384 pending=32
[exp8263] phase=typed_control completed=64 pending=64
[exp8263] phase=typed_control completed=128 pending=0
[exp8263] phase=before_hard_exit_subprocess completed=0 pending=0
[exp8205] phase=before_subprocess_hard_exit_40 completed=0 pending=1
[exp8205] phase=after_subprocess_hard_exit_40 completed=1 pending=0
[exp8263] phase=after_hard_exit_subprocess completed=0 pending=0
[exp8263] phase=before_resume_subprocess completed=0 pending=0
[exp8205] phase=before_subprocess_resume_40 completed=0 pending=1
[exp8205] phase=after_subprocess_resume_40 completed=1 pending=0
[exp8263] phase=after_resume_subprocess completed=0 pending=0
[exp8263] phase=before_hard_exit_subprocess completed=0 pending=0
[exp8205] phase=before_subprocess_hard_exit_72 completed=0 pending=1
[exp8205] phase=after_subprocess_hard_exit_72 completed=1 pending=0
[exp8263] phase=after_hard_exit_subprocess completed=0 pending=0
[exp8263] phase=before_resume_subprocess completed=0 pending=0
[exp8205] phase=before_subprocess_resume_72 completed=0 pending=1
[exp8205] phase=after_subprocess_resume_72 completed=1 pending=0
[exp8263] phase=after_resume_subprocess completed=0 pending=0
[exp8263] phase=after_private_benchmark completed=480 pending=0
[exp8263] phase=typed_control completed=64 pending=64
[exp8263] phase=typed_control completed=128 pending=0
[exp8263] phase=typed_control completed=64 pending=352
[exp8263] phase=typed_control completed=128 pending=288
[exp8263] phase=typed_control completed=192 pending=224
[exp8263] phase=typed_control completed=256 pending=160
[exp8263] phase=typed_control completed=320 pending=96
[exp8263] phase=typed_control completed=384 pending=32
[exp8263] phase=typed_control completed=64 pending=352
[exp8263] phase=typed_control completed=128 pending=288
[exp8263] phase=typed_control completed=192 pending=224
[exp8263] phase=typed_control completed=256 pending=160
[exp8263] phase=typed_control completed=320 pending=96
[exp8263] phase=typed_control completed=384 pending=32
[exp8263] phase=typed_control completed=64 pending=64
[exp8263] phase=typed_control completed=128 pending=0
[exp8205] phase=before_subprocess_coverage_json completed=0 pending=1
[exp8205] phase=after_subprocess_coverage_json completed=1 pending=0
.{"resume_key": "k", "role": "fit", "text": "9|B|0.50|[]"}
{"resume_key": "k", "role": "fit", "text": "9|B|"}
{"resume_key": "k", "role": "fit", "text": "9|B|0.50|[]\n9|B|0.50|[]"}
{"resume_key": "k", "role": "drift", "text": "9|B|0.50|[]"}
{"resume_key": "k", "role": "fit", "text": "9|B|0.50|[]"}
.[exp8263] phase=before_preconditions completed=0 pending=0
[exp8263] phase=after_preconditions completed=6 pending=0
[exp8263] phase=before_private_benchmark completed=0 pending=0
[exp8263] phase=before_capture_subprocess completed=0 pending=0
[exp8263] phase=before_generation completed=0 pending=12
[exp8263] phase=after_generation completed=1 pending=11
[exp8263] phase=before_generation completed=1 pending=11
[exp8263] phase=after_generation completed=2 pending=10
[exp8263] phase=before_generation completed=2 pending=10
[exp8263] phase=after_generation completed=3 pending=9
[exp8263] phase=before_generation completed=3 pending=9
[exp8263] phase=after_generation completed=4 pending=8
[exp8263] phase=before_generation completed=4 pending=8
[exp8263] phase=after_generation completed=5 pending=7
[exp8263] phase=before_generation completed=5 pending=7
[exp8263] phase=after_generation completed=6 pending=6
[exp8263] phase=before_generation completed=6 pending=6
[exp8263] phase=after_generation completed=7 pending=5
[exp8263] phase=before_generation completed=7 pending=5
[exp8263] phase=after_generation completed=8 pending=4
[exp8263] phase=before_generation completed=8 pending=4
[exp8263] phase=after_generation completed=9 pending=3
[exp8263] phase=before_generation completed=9 pending=3
[exp8263] phase=after_generation completed=10 pending=2
[exp8263] phase=before_generation completed=10 pending=2
[exp8263] phase=after_generation completed=11 pending=1
[exp8263] phase=before_generation completed=11 pending=1
[exp8263] phase=after_generation completed=12 pending=0
[exp8263] phase=after_capture_subprocess completed=12 pending=0
[exp8263] phase=typed_control completed=64 pending=64
[exp8263] phase=typed_control completed=128 pending=0
[exp8263] phase=typed_control completed=64 pending=352
[exp8263] phase=typed_control completed=128 pending=288
[exp8263] phase=typed_control completed=192 pending=224
[exp8263] phase=typed_control completed=256 pending=160
[exp8263] phase=typed_control completed=320 pending=96
[exp8263] phase=typed_control completed=384 pending=32
[exp8263] phase=typed_control completed=64 pending=352
[exp8263] phase=typed_control completed=128 pending=288
[exp8263] phase=typed_control completed=192 pending=224
[exp8263] phase=typed_control completed=256 pending=160
[exp8263] phase=typed_control completed=320 pending=96
[exp8263] phase=typed_control completed=384 pending=32
[exp8263] phase=typed_control completed=64 pending=64
[exp8263] phase=typed_control completed=128 pending=0
[exp8263] phase=before_hard_exit_subprocess completed=0 pending=0
[exp8205] phase=before_subprocess_hard_exit_40 completed=0 pending=1
[exp8205] phase=after_subprocess_hard_exit_40 completed=1 pending=0
[exp8263] phase=after_hard_exit_subprocess completed=0 pending=0
[exp8263] phase=before_resume_subprocess completed=0 pending=0
[exp8205] phase=before_subprocess_resume_40 completed=0 pending=1
[exp8205] phase=after_subprocess_resume_40 completed=1 pending=0
[exp8263] phase=after_resume_subprocess completed=0 pending=0
[exp8263] phase=before_hard_exit_subprocess completed=0 pending=0
[exp8205] phase=before_subprocess_hard_exit_72 completed=0 pending=1
[exp8205] phase=after_subprocess_hard_exit_72 completed=1 pending=0
[exp8263] phase=after_hard_exit_subprocess completed=0 pending=0
[exp8263] phase=before_resume_subprocess completed=0 pending=0
[exp8205] phase=before_subprocess_resume_72 completed=0 pending=1
[exp8205] phase=after_subprocess_resume_72 completed=1 pending=0
[exp8263] phase=after_resume_subprocess completed=0 pending=0
[exp8263] phase=after_private_benchmark completed=480 pending=0
[exp8263] phase=typed_control completed=64 pending=64
[exp8263] phase=typed_control completed=128 pending=0
[exp8263] phase=typed_control completed=64 pending=352
[exp8263] phase=typed_control completed=128 pending=288
[exp8263] phase=typed_control completed=192 pending=224
[exp8263] phase=typed_control completed=256 pending=160
[exp8263] phase=typed_control completed=320 pending=96
[exp8263] phase=typed_control completed=384 pending=32
[exp8263] phase=typed_control completed=64 pending=352
[exp8263] phase=typed_control completed=128 pending=288
[exp8263] phase=typed_control completed=192 pending=224
[exp8263] phase=typed_control completed=256 pending=160
[exp8263] phase=typed_control completed=320 pending=96
[exp8263] phase=typed_control completed=384 pending=32
[exp8263] phase=typed_control completed=64 pending=64
[exp8263] phase=typed_control completed=128 pending=0
