[exp8216] phase=start_no_model_load completed=0 pending=1
[exp8216] phase=benchmark_before_energy completed=0 pending=192
[exp8216] phase=precision_energy completed=1 pending=191
[exp8216] phase=precision_energy completed=33 pending=159
[exp8216] phase=precision_energy completed=65 pending=127
[exp8216] phase=precision_energy completed=97 pending=95
[exp8216] phase=precision_energy completed=129 pending=63
[exp8216] phase=precision_energy completed=161 pending=31
[exp8216] phase=precision_energy completed=192 pending=0
[exp8216] phase=benchmark_after_energy completed=192 pending=0
[exp8216] phase=benchmark_before_additive completed=0 pending=192
[exp8216] phase=precision_additive completed=1 pending=191
[exp8216] phase=precision_additive completed=33 pending=159
[exp8216] phase=precision_additive completed=65 pending=127
[exp8216] phase=precision_additive completed=97 pending=95
[exp8216] phase=precision_additive completed=129 pending=63
[exp8216] phase=precision_additive completed=161 pending=31
[exp8216] phase=precision_additive completed=192 pending=0
[exp8216] phase=benchmark_after_additive completed=192 pending=0
[exp8216] phase=benchmark_before_logistic completed=0 pending=192
[exp8216] phase=precision_logistic completed=1 pending=191
[exp8216] phase=precision_logistic completed=33 pending=159
[exp8216] phase=precision_logistic completed=65 pending=127
[exp8216] phase=precision_logistic completed=97 pending=95
[exp8216] phase=precision_logistic completed=129 pending=63
[exp8216] phase=precision_logistic completed=161 pending=31
[exp8216] phase=precision_logistic completed=192 pending=0
[exp8216] phase=benchmark_after_logistic completed=192 pending=0
{"passed": true, "rows_checksum": "sha256:a93992e6afb4270ef6c7cd0ba7100de7e2b11de1dbd0864440a41276425c960a"}
