[exp8051] phase=start_preconditions elapsed_s=0.000 completed=0 pending=0
[exp8051] phase=inputs_before elapsed_s=0.002 completed=0 pending=0
[exp8051] phase=qualified_small_head_load_before elapsed_s=0.107 completed=0 pending=0
[exp8051] phase=qualified_small_head_load_after elapsed_s=0.262 completed=256 pending=0
[exp8051] phase=configuration_frozen elapsed_s=0.277 completed=0 pending=0
[exp8051] phase=benchmark_before elapsed_s=0.378 completed=0 pending=15360
[exp8051] phase=small_head_load_before elapsed_s=0.378 completed=0 pending=15360
[exp8051] phase=small_head_load_after elapsed_s=0.378 completed=0 pending=15360
[exp8051] phase=arm_complete elapsed_s=1.048 completed=256 pending=15104
[exp8051] phase=small_head_load_before elapsed_s=1.048 completed=256 pending=15104
[exp8051] phase=small_head_load_after elapsed_s=1.048 completed=256 pending=15104
[exp8051] phase=arm_complete elapsed_s=1.717 completed=512 pending=14848
[exp8051] phase=small_head_load_before elapsed_s=1.717 completed=512 pending=14848
[exp8051] phase=small_head_load_after elapsed_s=1.717 completed=512 pending=14848
[exp8051] phase=arm_complete elapsed_s=2.324 completed=768 pending=14592
[exp8051] phase=small_head_load_before elapsed_s=2.324 completed=768 pending=14592
[exp8051] phase=small_head_load_after elapsed_s=2.324 completed=768 pending=14592
[exp8051] phase=arm_complete elapsed_s=2.991 completed=1024 pending=14336
[exp8051] phase=small_head_load_before elapsed_s=2.991 completed=1024 pending=14336
[exp8051] phase=small_head_load_after elapsed_s=2.991 completed=1024 pending=14336
[exp8051] phase=arm_complete elapsed_s=3.660 completed=1280 pending=14080
[exp8051] phase=small_head_load_before elapsed_s=3.660 completed=1280 pending=14080
[exp8051] phase=small_head_load_after elapsed_s=3.660 completed=1280 pending=14080
[exp8051] phase=arm_complete elapsed_s=4.146 completed=1536 pending=13824
[exp8051] phase=small_head_load_before elapsed_s=4.146 completed=1536 pending=13824
[exp8051] phase=small_head_load_after elapsed_s=4.146 completed=1536 pending=13824
[exp8051] phase=arm_complete elapsed_s=4.814 completed=1792 pending=13568
[exp8051] phase=small_head_load_before elapsed_s=4.814 completed=1792 pending=13568
[exp8051] phase=small_head_load_after elapsed_s=4.814 completed=1792 pending=13568
[exp8051] phase=arm_complete elapsed_s=5.479 completed=2048 pending=13312
[exp8051] phase=small_head_load_before elapsed_s=5.479 completed=2048 pending=13312
[exp8051] phase=small_head_load_after elapsed_s=5.479 completed=2048 pending=13312
[exp8051] phase=arm_complete elapsed_s=5.956 completed=2304 pending=13056
[exp8051] phase=small_head_load_before elapsed_s=5.956 completed=2304 pending=13056
[exp8051] phase=small_head_load_after elapsed_s=5.956 completed=2304 pending=13056
[exp8051] phase=arm_complete elapsed_s=6.624 completed=2560 pending=12800
[exp8051] phase=small_head_load_before elapsed_s=6.624 completed=2560 pending=12800
[exp8051] phase=small_head_load_after elapsed_s=6.624 completed=2560 pending=12800
[exp8051] phase=arm_complete elapsed_s=7.293 completed=2816 pending=12544
[exp8051] phase=small_head_load_before elapsed_s=7.293 completed=2816 pending=12544
[exp8051] phase=small_head_load_after elapsed_s=7.293 completed=2816 pending=12544
[exp8051] phase=arm_complete elapsed_s=7.776 completed=3072 pending=12288
[exp8051] phase=small_head_load_before elapsed_s=7.776 completed=3072 pending=12288
[exp8051] phase=small_head_load_after elapsed_s=7.776 completed=3072 pending=12288
[exp8051] phase=arm_complete elapsed_s=8.442 completed=3328 pending=12032
[exp8051] phase=small_head_load_before elapsed_s=8.442 completed=3328 pending=12032
[exp8051] phase=small_head_load_after elapsed_s=8.442 completed=3328 pending=12032
[exp8051] phase=arm_complete elapsed_s=9.115 completed=3584 pending=11776
[exp8051] phase=small_head_load_before elapsed_s=9.115 completed=3584 pending=11776
[exp8051] phase=small_head_load_after elapsed_s=9.115 completed=3584 pending=11776
[exp8051] phase=arm_complete elapsed_s=9.595 completed=3840 pending=11520
[exp8051] phase=small_head_load_before elapsed_s=9.595 completed=3840 pending=11520
[exp8051] phase=small_head_load_after elapsed_s=9.595 completed=3840 pending=11520
[exp8051] phase=arm_complete elapsed_s=10.280 completed=4096 pending=11264
[exp8051] phase=small_head_load_before elapsed_s=10.280 completed=4096 pending=11264
[exp8051] phase=small_head_load_after elapsed_s=10.280 completed=4096 pending=11264
[exp8051] phase=arm_complete elapsed_s=10.952 completed=4352 pending=11008
[exp8051] phase=small_head_load_before elapsed_s=10.952 completed=4352 pending=11008
[exp8051] phase=small_head_load_after elapsed_s=10.952 completed=4352 pending=11008
[exp8051] phase=arm_complete elapsed_s=11.425 completed=4608 pending=10752
[exp8051] phase=small_head_load_before elapsed_s=11.426 completed=4608 pending=10752
[exp8051] phase=small_head_load_after elapsed_s=11.426 completed=4608 pending=10752
[exp8051] phase=arm_complete elapsed_s=12.099 completed=4864 pending=10496
[exp8051] phase=small_head_load_before elapsed_s=12.099 completed=4864 pending=10496
[exp8051] phase=small_head_load_after elapsed_s=12.099 completed=4864 pending=10496
[exp8051] phase=arm_complete elapsed_s=12.767 completed=5120 pending=10240
[exp8051] phase=small_head_load_before elapsed_s=12.767 completed=5120 pending=10240
[exp8051] phase=small_head_load_after elapsed_s=12.768 completed=5120 pending=10240
[exp8051] phase=arm_complete elapsed_s=13.245 completed=5376 pending=9984
[exp8051] phase=small_head_load_before elapsed_s=13.245 completed=5376 pending=9984
[exp8051] phase=small_head_load_after elapsed_s=13.245 completed=5376 pending=9984
[exp8051] phase=arm_complete elapsed_s=14.127 completed=5632 pending=9728
[exp8051] phase=small_head_load_before elapsed_s=14.127 completed=5632 pending=9728
[exp8051] phase=small_head_load_after elapsed_s=14.128 completed=5632 pending=9728
[exp8051] phase=arm_complete elapsed_s=14.800 completed=5888 pending=9472
[exp8051] phase=small_head_load_before elapsed_s=14.800 completed=5888 pending=9472
[exp8051] phase=small_head_load_after elapsed_s=14.800 completed=5888 pending=9472
[exp8051] phase=arm_complete elapsed_s=15.288 completed=6144 pending=9216
[exp8051] phase=small_head_load_before elapsed_s=15.288 completed=6144 pending=9216
[exp8051] phase=small_head_load_after elapsed_s=15.288 completed=6144 pending=9216
[exp8051] phase=arm_complete elapsed_s=15.960 completed=6400 pending=8960
[exp8051] phase=small_head_load_before elapsed_s=15.960 completed=6400 pending=8960
[exp8051] phase=small_head_load_after elapsed_s=15.960 completed=6400 pending=8960
[exp8051] phase=arm_complete elapsed_s=16.637 completed=6656 pending=8704
[exp8051] phase=small_head_load_before elapsed_s=16.637 completed=6656 pending=8704
[exp8051] phase=small_head_load_after elapsed_s=16.637 completed=6656 pending=8704
[exp8051] phase=arm_complete elapsed_s=17.113 completed=6912 pending=8448
[exp8051] phase=small_head_load_before elapsed_s=17.113 completed=6912 pending=8448
[exp8051] phase=small_head_load_after elapsed_s=17.113 completed=6912 pending=8448
[exp8051] phase=arm_complete elapsed_s=17.793 completed=7168 pending=8192
[exp8051] phase=small_head_load_before elapsed_s=17.793 completed=7168 pending=8192
[exp8051] phase=small_head_load_after elapsed_s=17.793 completed=7168 pending=8192
[exp8051] phase=arm_complete elapsed_s=18.578 completed=7424 pending=7936
[exp8051] phase=small_head_load_before elapsed_s=18.578 completed=7424 pending=7936
[exp8051] phase=small_head_load_after elapsed_s=18.578 completed=7424 pending=7936
[exp8051] phase=arm_complete elapsed_s=19.049 completed=7680 pending=7680
[exp8051] phase=small_head_load_before elapsed_s=19.049 completed=7680 pending=7680
[exp8051] phase=small_head_load_after elapsed_s=19.049 completed=7680 pending=7680
[exp8051] phase=arm_complete elapsed_s=19.835 completed=7936 pending=7424
[exp8051] phase=small_head_load_before elapsed_s=19.835 completed=7936 pending=7424
[exp8051] phase=small_head_load_after elapsed_s=19.835 completed=7936 pending=7424
[exp8051] phase=arm_complete elapsed_s=20.509 completed=8192 pending=7168
[exp8051] phase=small_head_load_before elapsed_s=20.509 completed=8192 pending=7168
[exp8051] phase=small_head_load_after elapsed_s=20.509 completed=8192 pending=7168
[exp8051] phase=arm_complete elapsed_s=20.992 completed=8448 pending=6912
[exp8051] phase=small_head_load_before elapsed_s=20.992 completed=8448 pending=6912
[exp8051] phase=small_head_load_after elapsed_s=20.992 completed=8448 pending=6912
[exp8051] phase=arm_complete elapsed_s=22.227 completed=8704 pending=6656
[exp8051] phase=small_head_load_before elapsed_s=22.227 completed=8704 pending=6656
[exp8051] phase=small_head_load_after elapsed_s=22.228 completed=8704 pending=6656
[exp8051] phase=arm_complete elapsed_s=22.899 completed=8960 pending=6400
[exp8051] phase=small_head_load_before elapsed_s=22.899 completed=8960 pending=6400
[exp8051] phase=small_head_load_after elapsed_s=22.899 completed=8960 pending=6400
[exp8051] phase=arm_complete elapsed_s=23.376 completed=9216 pending=6144
[exp8051] phase=small_head_load_before elapsed_s=23.376 completed=9216 pending=6144
[exp8051] phase=small_head_load_after elapsed_s=23.376 completed=9216 pending=6144
[exp8051] phase=arm_complete elapsed_s=24.049 completed=9472 pending=5888
[exp8051] phase=small_head_load_before elapsed_s=24.049 completed=9472 pending=5888
[exp8051] phase=small_head_load_after elapsed_s=24.049 completed=9472 pending=5888
[exp8051] phase=arm_complete elapsed_s=24.729 completed=9728 pending=5632
[exp8051] phase=small_head_load_before elapsed_s=24.729 completed=9728 pending=5632
[exp8051] phase=small_head_load_after elapsed_s=24.729 completed=9728 pending=5632
[exp8051] phase=arm_complete elapsed_s=25.202 completed=9984 pending=5376
[exp8051] phase=small_head_load_before elapsed_s=25.202 completed=9984 pending=5376
[exp8051] phase=small_head_load_after elapsed_s=25.202 completed=9984 pending=5376
[exp8051] phase=arm_complete elapsed_s=26.234 completed=10240 pending=5120
[exp8051] phase=small_head_load_before elapsed_s=26.234 completed=10240 pending=5120
[exp8051] phase=small_head_load_after elapsed_s=26.234 completed=10240 pending=5120
[exp8051] phase=arm_complete elapsed_s=27.360 completed=10496 pending=4864
[exp8051] phase=small_head_load_before elapsed_s=27.360 completed=10496 pending=4864
[exp8051] phase=small_head_load_after elapsed_s=27.360 completed=10496 pending=4864
[exp8051] phase=arm_complete elapsed_s=27.835 completed=10752 pending=4608
[exp8051] phase=small_head_load_before elapsed_s=27.835 completed=10752 pending=4608
[exp8051] phase=small_head_load_after elapsed_s=27.835 completed=10752 pending=4608
[exp8051] phase=arm_complete elapsed_s=28.654 completed=11008 pending=4352
[exp8051] phase=small_head_load_before elapsed_s=28.654 completed=11008 pending=4352
[exp8051] phase=small_head_load_after elapsed_s=28.654 completed=11008 pending=4352
[exp8051] phase=arm_complete elapsed_s=29.331 completed=11264 pending=4096
[exp8051] phase=small_head_load_before elapsed_s=29.331 completed=11264 pending=4096
[exp8051] phase=small_head_load_after elapsed_s=29.331 completed=11264 pending=4096
[exp8051] phase=arm_complete elapsed_s=29.810 completed=11520 pending=3840
[exp8051] phase=small_head_load_before elapsed_s=29.810 completed=11520 pending=3840
[exp8051] phase=small_head_load_after elapsed_s=29.810 completed=11520 pending=3840
[exp8051] phase=arm_complete elapsed_s=30.660 completed=11776 pending=3584
[exp8051] phase=small_head_load_before elapsed_s=30.660 completed=11776 pending=3584
[exp8051] phase=small_head_load_after elapsed_s=30.660 completed=11776 pending=3584
[exp8051] phase=arm_complete elapsed_s=31.540 completed=12032 pending=3328
[exp8051] phase=small_head_load_before elapsed_s=31.540 completed=12032 pending=3328
[exp8051] phase=small_head_load_after elapsed_s=31.541 completed=12032 pending=3328
[exp8051] phase=arm_complete elapsed_s=32.024 completed=12288 pending=3072
[exp8051] phase=small_head_load_before elapsed_s=32.024 completed=12288 pending=3072
[exp8051] phase=small_head_load_after elapsed_s=32.024 completed=12288 pending=3072
[exp8051] phase=arm_complete elapsed_s=32.830 completed=12544 pending=2816
[exp8051] phase=small_head_load_before elapsed_s=32.830 completed=12544 pending=2816
[exp8051] phase=small_head_load_after elapsed_s=32.830 completed=12544 pending=2816
[exp8051] phase=arm_complete elapsed_s=33.511 completed=12800 pending=2560
[exp8051] phase=small_head_load_before elapsed_s=33.511 completed=12800 pending=2560
[exp8051] phase=small_head_load_after elapsed_s=33.511 completed=12800 pending=2560
[exp8051] phase=arm_complete elapsed_s=34.127 completed=13056 pending=2304
[exp8051] phase=small_head_load_before elapsed_s=34.127 completed=13056 pending=2304
[exp8051] phase=small_head_load_after elapsed_s=34.127 completed=13056 pending=2304
[exp8051] phase=arm_complete elapsed_s=34.957 completed=13312 pending=2048
[exp8051] phase=small_head_load_before elapsed_s=34.958 completed=13312 pending=2048
[exp8051] phase=small_head_load_after elapsed_s=34.958 completed=13312 pending=2048
[exp8051] phase=arm_complete elapsed_s=35.787 completed=13568 pending=1792
[exp8051] phase=small_head_load_before elapsed_s=35.787 completed=13568 pending=1792
[exp8051] phase=small_head_load_after elapsed_s=35.787 completed=13568 pending=1792
[exp8051] phase=arm_complete elapsed_s=36.285 completed=13824 pending=1536
[exp8051] phase=small_head_load_before elapsed_s=36.285 completed=13824 pending=1536
[exp8051] phase=small_head_load_after elapsed_s=36.285 completed=13824 pending=1536
[exp8051] phase=arm_complete elapsed_s=37.469 completed=14080 pending=1280
[exp8051] phase=small_head_load_before elapsed_s=37.469 completed=14080 pending=1280
[exp8051] phase=small_head_load_after elapsed_s=37.469 completed=14080 pending=1280
[exp8051] phase=arm_complete elapsed_s=38.768 completed=14336 pending=1024
[exp8051] phase=small_head_load_before elapsed_s=38.768 completed=14336 pending=1024
[exp8051] phase=small_head_load_after elapsed_s=38.768 completed=14336 pending=1024
[exp8051] phase=arm_complete elapsed_s=39.265 completed=14592 pending=768
[exp8051] phase=small_head_load_before elapsed_s=39.265 completed=14592 pending=768
[exp8051] phase=small_head_load_after elapsed_s=39.265 completed=14592 pending=768
[exp8051] phase=arm_complete elapsed_s=40.224 completed=14848 pending=512
[exp8051] phase=small_head_load_before elapsed_s=40.224 completed=14848 pending=512
[exp8051] phase=small_head_load_after elapsed_s=40.224 completed=14848 pending=512
[exp8051] phase=arm_complete elapsed_s=41.080 completed=15104 pending=256
[exp8051] phase=small_head_load_before elapsed_s=41.080 completed=15104 pending=256
[exp8051] phase=small_head_load_after elapsed_s=41.080 completed=15104 pending=256
[exp8051] phase=arm_complete elapsed_s=41.588 completed=15360 pending=0
[exp8051] phase=benchmark_after elapsed_s=41.588 completed=15360 pending=0
[exp8051] phase=validation_before elapsed_s=44.557 completed=0 pending=0
[exp7303-validation] before_subprocess unit_consumers_e2e015_019 elapsed_s=0.000 unit=1/9
[exp7303-validation] subprocess_outstanding unit_consumers_e2e015_019 elapsed_s=30.001
[exp7303-validation] subprocess_outstanding unit_consumers_e2e015_019 elapsed_s=60.002
[exp7303-validation] subprocess_outstanding unit_consumers_e2e015_019 elapsed_s=90.002
[exp7303-validation:unit_consumers_e2e015_019] .................................................                        [100%]
[exp7303-validation:unit_consumers_e2e015_019] 49 passed in 102.58s (0:01:42)
[exp7303-validation] after_subprocess unit_consumers_e2e015_019 elapsed_s=109.168 exit=0 unit=1/9
[exp7303-validation] before_subprocess coverage_combine elapsed_s=0.000 unit=2/9
[exp7303-validation:coverage_combine] Combined 1 file
[exp7303-validation] after_subprocess coverage_combine elapsed_s=0.052 exit=0 unit=2/9
[exp7303-validation] before_subprocess coverage_report elapsed_s=0.000 unit=3/9
[exp7303-validation:coverage_report] Name                                                                  Stmts   Miss  Cover   Missing
[exp7303-validation:coverage_report] ---------------------------------------------------------------------------------------------------
[exp7303-validation:coverage_report] python/carnot/experiment_8051_v697_feedback_constrained_learning.py     191      6    97%   300-301, 365, 480-482
[exp7303-validation:coverage_report] python/carnot/verify/feedback_constrained_8051.py                       232      1    99%   178
[exp7303-validation:coverage_report] ---------------------------------------------------------------------------------------------------
[exp7303-validation:coverage_report] TOTAL                                                                   423      7    98%
[exp7303-validation:coverage_report] Coverage failure: total of 98 is less than fail-under=100
[exp7303-validation] after_subprocess coverage_report elapsed_s=0.078 exit=2 unit=3/9
[exp7303-validation] before_subprocess coverage_json elapsed_s=0.000 unit=4/9
[exp7303-validation:coverage_json] Wrote JSON report to /tmp/carnot-8051-zzof7c_6/coverage.json
[exp7303-validation] after_subprocess coverage_json elapsed_s=0.084 exit=0 unit=4/9
[exp7303-validation] before_subprocess ruff_check elapsed_s=0.000 unit=5/9
[exp7303-validation:ruff_check] All checks passed!
[exp7303-validation] after_subprocess ruff_check elapsed_s=0.013 exit=0 unit=5/9
[exp7303-validation] before_subprocess ruff_format elapsed_s=0.000 unit=6/9
[exp7303-validation:ruff_format] 4 files already formatted
[exp7303-validation] after_subprocess ruff_format elapsed_s=0.011 exit=0 unit=6/9
[exp7303-validation] before_subprocess strict_mypy elapsed_s=0.000 unit=7/9
[exp7303-validation:strict_mypy] pyproject.toml: note: unused section(s): module = ['carnot.autoresearch.*', 'carnot.benchmarks.*', 'carnot.embeddings.*', 'carnot.embeddings.fast_embedding', 'carnot.embeddings.jepa_energy', 'carnot.extraction.*', 'carnot.hardware.*', 'carnot.inference.*', 'carnot.pipeline.*', 'carnot.pipeline.agentic', 'carnot.pipeline.gemma_loader', 'carnot.pipeline.grammar_constrained_decoder', 'carnot.pipeline.verify_repair', 'carnot.probes.*', 'carnot.probes.drift_probe', 'carnot.samplers.parallel_ising', 'carnot.sampling._vendored_thrml.*', 'carnot.training.capo_loss', 'carnot.training.nce', 'carnot.training.score_matching', 'carnot.training.snl']
[exp7303-validation:strict_mypy] Success: no issues found in 3 source files
[exp7303-validation] after_subprocess strict_mypy elapsed_s=0.098 exit=0 unit=7/9
[exp7303-validation] before_subprocess spec_coverage elapsed_s=0.000 unit=8/9
[exp7303-validation:spec_coverage] OK: All tests reference specification requirements.
[exp7303-validation] after_subprocess spec_coverage elapsed_s=0.016 exit=0 unit=8/9
[exp7303-validation] before_subprocess repository_health elapsed_s=0.000 unit=9/9
[exp7303-validation:repository_health] ============================= test session starts ==============================
[exp7303-validation:repository_health] platform linux -- Python 3.12.13, pytest-9.0.3, pluggy-1.6.0
[exp7303-validation:repository_health] rootdir: /home/ianblenke/github.com/ianblenke/carnot
[exp7303-validation:repository_health] configfile: pyproject.toml
[exp7303-validation:repository_health] plugins: xdist-3.8.0, jaxtyping-0.3.10, cov-7.1.0, hydra-core-1.3.3, anyio-4.13.0, hypothesis-6.155.2
[exp7303-validation:repository_health] created: 4/4 workers
[exp7303-validation] subprocess_outstanding repository_health elapsed_s=30.001
[exp7303-validation] subprocess_outstanding repository_health elapsed_s=60.001
[exp7303-validation] subprocess_outstanding repository_health elapsed_s=90.001
[exp7303-validation:repository_health] 4 workers [75008 items]
[exp7303-validation:repository_health] 
[exp7303-validation:repository_health] ........................................................................ [  0%]
[exp7303-validation:repository_health] ........................................................................ [  0%]
[exp7303-validation:repository_health] ........................................................................ [  0%]
[exp7303-validation:repository_health] ........................................................................ [  0%]
[exp7303-validation:repository_health] ........................................................................ [  0%]
[exp7303-validation:repository_health] ........................................................................ [  0%]
[exp7303-validation:repository_health] ........................................................................ [  0%]
[exp7303-validation:repository_health] .......................................................F................ [  0%]
[exp7303-validation:repository_health] ...........................F............................................ [  0%]
[exp7303-validation:repository_health] ........................................................................ [  0%]
[exp7303-validation:repository_health] ........................................................................ [  1%]
[exp7303-validation:repository_health] ........................................................................ [  1%]
[exp7303-validation:repository_health] ..................................F...............F..................... [  1%]
[exp7303-validation:repository_health] .....F.................................................................. [  1%]
[exp7303-validation:repository_health] ........................................................................ [  1%]
[exp7303-validation:repository_health] ........................................................................ [  1%]
[exp7303-validation:repository_health] ..F..................................................................... [  1%]
[exp7303-validation:repository_health] ........................................F...........s............s...... [  1%]
[exp7303-validation:repository_health] ..ssss........s......................................................... [  1%]
[exp7303-validation:repository_health] .......................................F..................F..........F.F [  1%]
[exp7303-validation:repository_health] .................F.F..F................................................. [  2%]
[exp7303-validation:repository_health] ........................................................................ [  2%]
[exp7303-validation:repository_health] ........................................ssssssssssssssss................ [  2%]
[exp7303-validation:repository_health] .........................................F...F.......................... [  2%]
[exp7303-validation:repository_health] ..............................................F......................... [  2%]
[exp7303-validation:repository_health] ........................................................................ [  2%]
[exp7303-validation] subprocess_outstanding repository_health elapsed_s=120.001
[exp7303-validation:repository_health] ...............................................................F........ [  2%]
[exp7303-validation:repository_health] ............................F........................................... [  2%]
[exp7303-validation:repository_health] ................................FF...................................... [  2%]
[exp7303-validation:repository_health] ........................................................................ [  2%]
[exp7303-validation:repository_health] ........................................................................ [  2%]
[exp7303-validation:repository_health] ........................................................................ [  3%]
[exp7303-validation:repository_health] ........................................................................ [  3%]
[exp7303-validation:repository_health] ........................................................................ [  3%]
[exp7303-validation:repository_health] ........................F..F.................F.......................... [  3%]
[exp7303-validation:repository_health] .........................F.............................................. [  3%]
[exp7303-validation:repository_health] ........................................................................ [  3%]
[exp7303-validation] subprocess_outstanding repository_health elapsed_s=150.001
[exp7303-validation:repository_health] ........................................................................ [  3%]
[exp7303-validation:repository_health] ........................................................................ [  3%]
[exp7303-validation:repository_health] ........................................................................ [  3%]
[exp7303-validation:repository_health] ........................................................................ [  3%]
[exp7303-validation:repository_health] ........................................................................ [  4%]
[exp7303-validation:repository_health] ........................................................................ [  4%]
[exp7303-validation:repository_health] ........................................................................ [  4%]
[exp7303-validation:repository_health] ..................................................F..................... [  4%]
[exp7303-validation:repository_health] ........................................................................ [  4%]
[exp7303-validation:repository_health] ........................................................................ [  4%]
[exp7303-validation:repository_health] ........................................................................ [  4%]
[exp7303-validation:repository_health] ......................................................................s. [  4%]
[exp7303-validation:repository_health] ........................................................................ [  4%]
[exp7303-validation:repository_health] ........................................................................ [  4%]
[exp7303-validation:repository_health] ........................................................................ [  4%]
[exp7303-validation:repository_health] ........................................................................ [  5%]
[exp7303-validation:repository_health] ........................................................................ [  5%]
[exp7303-validation:repository_health] ........................................................................ [  5%]
[exp7303-validation:repository_health] ........................................................................ [  5%]
[exp7303-validation:repository_health] ............................................F......................F..F. [  5%]
[exp7303-validation] subprocess_outstanding repository_health elapsed_s=180.002
[exp7303-validation:repository_health] F............................/home/ianblenke/github.com/ianblenke/carnot/.venv/lib/python3.12/site-packages/_pytest/main.py:353: PluggyTeardownRaisedWarning: A plugin raised an exception during an old-style hookwrapper teardown.
[exp7303-validation:repository_health] Plugin: 140128361283120, Hook: pytest_sessionfinish
[exp7303-validation:repository_health] OSError: cannot send (already closed?)
[exp7303-validation:repository_health] For more information see https://pluggy.readthedocs.io/en/stable/api_reference.html#pluggy.PluggyTeardownRaisedWarning
[exp7303-validation:repository_health]   config.hook.pytest_sessionfinish(
[exp7303-validation:repository_health] /home/ianblenke/github.com/ianblenke/carnot/.venv/lib/python3.12/site-packages/_pytest/main.py:353: PluggyTeardownRaisedWarning: A plugin raised an exception during an old-style hookwrapper teardown.
[exp7303-validation:repository_health] Plugin: 140270628949024, Hook: pytest_sessionfinish
[exp7303-validation:repository_health] OSError: cannot send (already closed?)
[exp7303-validation:repository_health] For more information see https://pluggy.readthedocs.io/en/stable/api_reference.html#pluggy.PluggyTeardownRaisedWarning
[exp7303-validation:repository_health]   config.hook.pytest_sessionfinish(
[exp7303-validation:repository_health] /home/ianblenke/github.com/ianblenke/carnot/.venv/lib/python3.12/site-packages/_pytest/main.py:353: PluggyTeardownRaisedWarning: A plugin raised an exception during an old-style hookwrapper teardown.
[exp7303-validation:repository_health] Plugin: 139918234626544, Hook: pytest_sessionfinish
[exp7303-validation:repository_health] OSError: cannot send (already closed?)
[exp7303-validation:repository_health] For more information see https://pluggy.readthedocs.io/en/stable/api_reference.html#pluggy.PluggyTeardownRaisedWarning
[exp7303-validation:repository_health]   config.hook.pytest_sessionfinish(
[exp7303-validation:repository_health] /home/ianblenke/github.com/ianblenke/carnot/.venv/lib/python3.12/site-packages/_pytest/main.py:353: PluggyTeardownRaisedWarning: A plugin raised an exception during an old-style hookwrapper teardown.
[exp7303-validation:repository_health] Plugin: 139799253207856, Hook: pytest_sessionfinish
[exp7303-validation:repository_health] OSError: cannot send (already closed?)
[exp7303-validation:repository_health] For more information see https://pluggy.readthedocs.io/en/stable/api_reference.html#pluggy.PluggyTeardownRaisedWarning
[exp7303-validation:repository_health]   config.hook.pytest_sessionfinish(
[exp7303-validation] after_subprocess repository_health elapsed_s=207.831 exit=-15 unit=9/9
[exp8051] phase=validation_after elapsed_s=361.909 completed=0 pending=0
[exp8051] phase=publication_before elapsed_s=362.100 completed=0 pending=0
[exp7303-validation] before_subprocess cold_reduction elapsed_s=0.000 unit=1/3
[exp7303-validation:cold_reduction] [exp8051] phase=start_preconditions elapsed_s=0.000 completed=0 pending=0
[exp7303-validation:cold_reduction] [exp8051] owned_failure ValueError: scheduled_arms
[exp7303-validation] after_subprocess cold_reduction elapsed_s=1.812 exit=1 unit=1/3
[exp7303-validation] before_subprocess adversarial elapsed_s=0.000 unit=2/3
[exp7303-validation:adversarial] {
[exp7303-validation:adversarial]   "reports": [
[exp7303-validation:adversarial]     {
[exp7303-validation:adversarial]       "artifact": "/home/ianblenke/github.com/ianblenke/carnot/results/raw/experiment_8051_v697_feedback_constrained_learning/terminal_candidate.json",
[exp7303-validation:adversarial]       "loaded": true,
[exp7303-validation:adversarial]       "exp_id": 8051,
[exp7303-validation:adversarial]       "title": "",
[exp7303-validation:adversarial]       "honest_verdict": "complete_disqualified_feedback_checks",
[exp7303-validation:adversarial]       "flag_count": 0,
[exp7303-validation:adversarial]       "max_severity": -1,
[exp7303-validation:adversarial]       "flags": [],
[exp7303-validation:adversarial]       "gate_version": "07ddacadae8c3b8d3250ad0977bda6f747d5bcb02bb7af3119b80db2547b62c7"
[exp7303-validation:adversarial]     }
[exp7303-validation:adversarial]   ],
[exp7303-validation:adversarial]   "flagged_count": 0
[exp7303-validation:adversarial] }
[exp7303-validation] after_subprocess adversarial elapsed_s=10.287 exit=0 unit=2/3
[exp7303-validation] before_subprocess strict_rows elapsed_s=0.000 unit=3/3
[exp7303-validation:strict_rows] 
[exp7303-validation:strict_rows] verdict-row-consistency: checked 1, skipped 0 (no per-unit rows), unreadable 0.
[exp7303-validation:strict_rows]   No row/verdict contradictions among the artifacts that could be checked.
[exp7303-validation] after_subprocess strict_rows elapsed_s=0.140 exit=0 unit=3/3
[exp8051] owned_failure ValueError: candidate_rejected
