Exp8057 start: fixture consumers and complete authority; model invocations=0
[exp8057] phase=start elapsed_s=0.000 completed=0 pending=0
[exp8057] phase=preconditions elapsed_s=0.361 completed=0 pending=0
[exp8057] phase=authority elapsed_s=0.446 completed=0 pending=0
[exp8057] phase=consumer_matrix elapsed_s=0.568 completed=0 pending=0
[exp8057] phase=before_workspace_subprocess elapsed_s=0.578 completed=0 pending=0
[exp7303-validation] before_subprocess missing_parent elapsed_s=0.000 unit=1/1
[exp7303-validation:missing_parent] E                                                                        [100%]
[exp7303-validation:missing_parent] ==================================== ERRORS ====================================
[exp7303-validation:missing_parent] _______________________ ERROR at setup of test_workspace _______________________
[exp7303-validation:missing_parent] 
[exp7303-validation:missing_parent] self = PosixPath('/tmp/carnot-8057-y7_8mh9f/workspace/pytest/focused')
[exp7303-validation:missing_parent] mode = 448, parents = False, exist_ok = False
[exp7303-validation:missing_parent] 
[exp7303-validation:missing_parent]     def mkdir(self, mode=0o777, parents=False, exist_ok=False):
[exp7303-validation:missing_parent]         """
[exp7303-validation:missing_parent]         Create a new directory at this given path.
[exp7303-validation:missing_parent]         """
[exp7303-validation:missing_parent]         try:
[exp7303-validation:missing_parent] >           os.mkdir(self, mode)
[exp7303-validation:missing_parent] E           FileNotFoundError: [Errno 2] No such file or directory: '/tmp/carnot-8057-y7_8mh9f/workspace/pytest/focused'
[exp7303-validation:missing_parent] 
[exp7303-validation:missing_parent] ../../../.local/share/uv/python/cpython-3.12.13-linux-x86_64-gnu/lib/python3.12/pathlib.py:1311: FileNotFoundError
[exp7303-validation:missing_parent] =========================== short test summary info ============================
[exp7303-validation:missing_parent] ERROR ../../../../../tmp/carnot-8057-y7_8mh9f/workspace/test_private_workspace.py::test_workspace
[exp7303-validation:missing_parent] 1 error in 0.07s
[exp7303-validation] after_subprocess missing_parent elapsed_s=0.883 exit=1 unit=1/1
[exp7303-validation] before_subprocess repaired_parent elapsed_s=0.000 unit=1/1
[exp7303-validation:repaired_parent] .                                                                        [100%]
[exp7303-validation:repaired_parent] 1 passed in 0.05s
[exp7303-validation] after_subprocess repaired_parent elapsed_s=0.910 exit=0 unit=1/1
[exp8057] phase=after_workspace_subprocess elapsed_s=2.461 completed=0 pending=0
[exp8057] phase=before_scorer_fixture elapsed_s=2.461 completed=0 pending=0
[exp8022] phase=8033_before_context_create elapsed_s=0.000 completed=0 pending=0
[exp8022] phase=8033_after_context_create elapsed_s=0.001 completed=0 pending=0
[exp8022] phase=8033_before_eval elapsed_s=0.001 completed=0 pending=4
[exp8022] phase=8033_after_eval elapsed_s=0.001 completed=4 pending=0
[exp8022] phase=8033_before_context_close elapsed_s=0.001 completed=0 pending=0
[exp8022] phase=8033_after_context_close elapsed_s=0.001 completed=0 pending=0
[exp8022] phase=8033_before_context_create elapsed_s=0.000 completed=0 pending=0
[exp8022] phase=8033_after_context_create elapsed_s=0.000 completed=0 pending=0
[exp8022] phase=8033_before_eval elapsed_s=0.000 completed=0 pending=4
[exp8022] phase=8033_after_eval elapsed_s=0.000 completed=4 pending=0
[exp8022] phase=8033_before_context_close elapsed_s=0.000 completed=0 pending=0
[exp8022] phase=8033_after_context_close elapsed_s=0.000 completed=0 pending=0
[exp8022] phase=8033_before_context_create elapsed_s=0.000 completed=0 pending=0
[exp8022] phase=8033_after_context_create elapsed_s=0.000 completed=0 pending=0
[exp8022] phase=8033_before_eval elapsed_s=0.000 completed=0 pending=4
[exp8022] phase=8033_after_eval elapsed_s=0.000 completed=4 pending=0
[exp8022] phase=8033_before_context_close elapsed_s=0.001 completed=0 pending=0
[exp8022] phase=8033_after_context_close elapsed_s=0.001 completed=0 pending=0
[exp8022] phase=8033_before_context_create elapsed_s=0.000 completed=0 pending=0
[exp8022] phase=8033_after_context_create elapsed_s=0.000 completed=0 pending=0
[exp8022] phase=8033_before_eval elapsed_s=0.000 completed=0 pending=4
[exp8022] phase=8033_after_eval elapsed_s=0.000 completed=4 pending=0
[exp8022] phase=8033_before_context_close elapsed_s=0.000 completed=0 pending=0
[exp8022] phase=8033_after_context_close elapsed_s=0.000 completed=0 pending=0
[exp8057] phase=after_scorer_fixture elapsed_s=2.500 completed=4 pending=0
[exp8057] phase=before_focused_unit_scorer_E2E-018 elapsed_s=2.503 completed=0 pending=9
[exp7303-validation] before_subprocess focused_unit_scorer_E2E-018 elapsed_s=0.000 unit=1/1
[exp7303-validation] subprocess_outstanding focused_unit_scorer_E2E-018 elapsed_s=20.001
[exp7303-validation] subprocess_outstanding focused_unit_scorer_E2E-018 elapsed_s=40.001
[exp7303-validation] subprocess_outstanding focused_unit_scorer_E2E-018 elapsed_s=60.002
[exp7303-validation] subprocess_outstanding focused_unit_scorer_E2E-018 elapsed_s=80.002
[exp7303-validation] subprocess_outstanding focused_unit_scorer_E2E-018 elapsed_s=100.003
[exp7303-validation:focused_unit_scorer_E2E-018] .......................................                                  [100%]
[exp7303-validation:focused_unit_scorer_E2E-018] 39 passed in 99.77s (0:01:39)
[exp7303-validation] after_subprocess focused_unit_scorer_E2E-018 elapsed_s=105.200 exit=0 unit=1/1
[exp8057] phase=after_focused_unit_scorer_E2E-018 elapsed_s=107.703 completed=1 pending=8
[exp8057] phase=before_consumer_tests elapsed_s=107.703 completed=1 pending=8
[exp7303-validation] before_subprocess consumer_tests elapsed_s=0.000 unit=1/1
[exp7303-validation:consumer_tests] ........................................................................ [ 67%]
[exp7303-validation:consumer_tests] ..................................                                       [100%]
[exp7303-validation:consumer_tests] 106 passed in 7.50s
[exp7303-validation] after_subprocess consumer_tests elapsed_s=10.922 exit=0 unit=1/1
[exp8057] phase=after_consumer_tests elapsed_s=118.626 completed=2 pending=7
[exp8057] phase=before_coverage_combine elapsed_s=118.626 completed=2 pending=7
[exp7303-validation] before_subprocess coverage_combine elapsed_s=0.000 unit=1/1
[exp7303-validation:coverage_combine] Combined 9 files
[exp7303-validation] after_subprocess coverage_combine elapsed_s=0.054 exit=0 unit=1/1
[exp8057] phase=after_coverage_combine elapsed_s=118.680 completed=3 pending=6
[exp8057] phase=before_coverage_report elapsed_s=118.680 completed=3 pending=6
[exp7303-validation] before_subprocess coverage_report elapsed_s=0.000 unit=1/1
[exp7303-validation:coverage_report] Name                                                                    Stmts   Miss  Cover   Missing
[exp7303-validation:coverage_report] -----------------------------------------------------------------------------------------------------
[exp7303-validation:coverage_report] python/carnot/reporting/v698_fixture_consumer_contract.py                 342      0   100%
[exp7303-validation:coverage_report] scripts/experiments/experiment_8057_v698_fixture_consumer_contract.py       8      0   100%
[exp7303-validation:coverage_report] -----------------------------------------------------------------------------------------------------
[exp7303-validation:coverage_report] TOTAL                                                                     350      0   100%
[exp7303-validation] after_subprocess coverage_report elapsed_s=0.065 exit=0 unit=1/1
[exp8057] phase=after_coverage_report elapsed_s=118.745 completed=4 pending=5
[exp8057] phase=before_coverage_json elapsed_s=118.745 completed=4 pending=5
[exp7303-validation] before_subprocess coverage_json elapsed_s=0.000 unit=1/1
[exp7303-validation:coverage_json] Wrote JSON report to /tmp/carnot-8057-y7_8mh9f/coverage.json
[exp7303-validation] after_subprocess coverage_json elapsed_s=0.075 exit=0 unit=1/1
[exp8057] phase=after_coverage_json elapsed_s=118.820 completed=5 pending=4
[exp8057] phase=before_ruff_check elapsed_s=118.820 completed=5 pending=4
[exp7303-validation] before_subprocess ruff_check elapsed_s=0.000 unit=1/1
[exp7303-validation:ruff_check] All checks passed!
[exp7303-validation] after_subprocess ruff_check elapsed_s=0.015 exit=0 unit=1/1
[exp8057] phase=after_ruff_check elapsed_s=118.835 completed=6 pending=3
[exp8057] phase=before_ruff_format elapsed_s=118.836 completed=6 pending=3
[exp7303-validation] before_subprocess ruff_format elapsed_s=0.000 unit=1/1
[exp7303-validation:ruff_format] 4 files already formatted
[exp7303-validation] after_subprocess ruff_format elapsed_s=0.010 exit=0 unit=1/1
[exp8057] phase=after_ruff_format elapsed_s=118.846 completed=7 pending=2
[exp8057] phase=before_strict_mypy elapsed_s=118.846 completed=7 pending=2
[exp7303-validation] before_subprocess strict_mypy elapsed_s=0.000 unit=1/1
[exp7303-validation:strict_mypy] pyproject.toml: note: unused section(s): module = ['carnot.autoresearch.*', 'carnot.benchmarks.*', 'carnot.embeddings.*', 'carnot.embeddings.fast_embedding', 'carnot.embeddings.jepa_energy', 'carnot.extraction.*', 'carnot.hardware.*', 'carnot.inference.*', 'carnot.pipeline.*', 'carnot.pipeline.agentic', 'carnot.pipeline.gemma_loader', 'carnot.pipeline.grammar_constrained_decoder', 'carnot.pipeline.verify_repair', 'carnot.probes.*', 'carnot.probes.drift_probe', 'carnot.samplers.parallel_ising', 'carnot.sampling._vendored_thrml.*', 'carnot.training.capo_loss', 'carnot.training.nce', 'carnot.training.score_matching', 'carnot.training.snl', 'carnot.verify.*']
[exp7303-validation:strict_mypy] Success: no issues found in 3 source files
[exp7303-validation] after_subprocess strict_mypy elapsed_s=0.138 exit=0 unit=1/1
[exp8057] phase=after_strict_mypy elapsed_s=118.984 completed=8 pending=1
[exp8057] phase=before_scoped_spec_coverage elapsed_s=118.985 completed=8 pending=1
[exp7303-validation] before_subprocess scoped_spec_coverage elapsed_s=0.000 unit=1/1
[exp7303-validation:scoped_spec_coverage] OK: All tests reference specification requirements.
[exp7303-validation] after_subprocess scoped_spec_coverage elapsed_s=0.020 exit=0 unit=1/1
[exp8057] phase=after_scoped_spec_coverage elapsed_s=119.005 completed=9 pending=0
[exp8057] phase=before_cold_replay elapsed_s=119.018 completed=0 pending=0
[exp7303-validation] before_subprocess cold_replay elapsed_s=0.000 unit=1/1
[exp7303-validation:cold_replay] Exp8057 start: fixture consumers and complete authority; model invocations=0
[exp7303-validation:cold_replay] [exp8057] phase=start elapsed_s=0.000 completed=0 pending=0
[exp7303-validation:cold_replay] [exp8057] phase=replay_passed elapsed_s=0.054 completed=0 pending=0
[exp7303-validation] after_subprocess cold_replay elapsed_s=1.470 exit=0 unit=1/1
[exp8057] phase=after_cold_replay elapsed_s=120.489 completed=0 pending=0
[exp8057] phase=before_adversarial elapsed_s=120.489 completed=0 pending=0
[exp7303-validation] before_subprocess adversarial elapsed_s=0.000 unit=1/1
[exp7303-validation:adversarial] {
[exp7303-validation:adversarial]   "reports": [
[exp7303-validation:adversarial]     {
[exp7303-validation:adversarial]       "artifact": "/home/ianblenke/github.com/ianblenke/carnot/results/raw/experiment_8057_v698_fixture_consumer_contract/terminal_candidate.json",
[exp7303-validation:adversarial]       "loaded": true,
[exp7303-validation:adversarial]       "exp_id": 8057,
[exp7303-validation:adversarial]       "title": "Qualify fixture consumers and bind the complete V698 contract",
[exp7303-validation:adversarial]       "honest_verdict": "complete_fixture_consumer_contract",
[exp7303-validation:adversarial]       "flag_count": 0,
[exp7303-validation:adversarial]       "max_severity": -1,
[exp7303-validation:adversarial]       "flags": [],
[exp7303-validation:adversarial]       "gate_version": "07ddacadae8c3b8d3250ad0977bda6f747d5bcb02bb7af3119b80db2547b62c7"
[exp7303-validation:adversarial]     }
[exp7303-validation:adversarial]   ],
[exp7303-validation:adversarial]   "flagged_count": 0
[exp7303-validation:adversarial] }
[exp7303-validation] after_subprocess adversarial elapsed_s=0.646 exit=0 unit=1/1
[exp8057] phase=after_adversarial elapsed_s=121.135 completed=0 pending=0
[exp8057] phase=before_strict_rows elapsed_s=121.135 completed=0 pending=0
[exp7303-validation] before_subprocess strict_rows elapsed_s=0.000 unit=1/1
[exp7303-validation:strict_rows] 
[exp7303-validation:strict_rows] verdict-row-consistency: checked 1, skipped 0 (no per-unit rows), unreadable 0.
[exp7303-validation:strict_rows]   No row/verdict contradictions among the artifacts that could be checked.
[exp7303-validation] after_subprocess strict_rows elapsed_s=0.028 exit=0 unit=1/1
[exp8057] phase=after_strict_rows elapsed_s=121.163 completed=0 pending=0
[exp8057] phase=complete elapsed_s=121.178 completed=13 pending=0
