============================= test session starts ==============================
platform linux -- Python 3.12.13, pytest-9.0.3, pluggy-1.6.0
rootdir: /home/ianblenke/github.com/ianblenke/carnot
configfile: pyproject.toml
plugins: xdist-3.8.0, jaxtyping-0.3.10, cov-7.1.0, hydra-core-1.3.3, anyio-4.13.0, hypothesis-6.155.2
created: 4/4 workers
4 workers [73378 items]

........................................................................ [  0%]
........................................................................ [  0%]
........................................................................ [  0%]
........................................................................ [  0%]
........................................................................ [  0%]
........................................................................ [  0%]
...F........................................F........................... [  0%]
........................................................................ [  0%]
........................................................................ [  0%]
........................................................................ [  0%]
........................................................................ [  1%]
......................................................F....F.F.......... [  1%]
........................................................................ [  1%]
.............................................F.......................... [  1%]
........................................................................ [  1%]
..........................................Fss.s.sss........s............ [  1%]
..............................F.FFF..FFF................................ [  1%]
........................................................................ [  1%]
................................................ssssssssssssssss........ [  1%]
.......................................................F........F....... [  1%]
.................................F...................................... [  2%]
........................................................................ [  2%]
............................................F........................... [  2%]
........................................................................ [  2%]
........................................................................ [  2%]
........................................................................ [  2%]
.........F.............................................................. [  2%]
...........FF........................................................... [  2%]
........................................................................ [  2%]
........................................................................ [  2%]
........................................................................ [  3%]
........................................................................ [  3%]
........................................................................ [  3%]
........................................................................ [  3%]
........................................................................ [  3%]
........................................................................ [  3%]
........................................................................ [  3%]
........................................................................ [  3%]
........................................................................ [  3%]
........................................................................ [  3%]
........................................................................ [  4%]
........................................................................ [  4%]
........................................................................ [  4%]
........................................................................ [  4%]
........................................................................ [  4%]
.......................................s................................ [  4%]
........................................................................ [  4%]
........................................................................ [  4%]
........................................................................ [  4%]
........................................................................ [  4%]
..........................F............................................. [  5%]
............F...F........F.............................................. [  5%]
........................................................................ [  5%]
........................................................................ [  5%]
........................................................................ [  5%]
........................................................................ [  5%]
................................................F....................... [  5%]
........................................................................ [  5%]
........................................................................ [  5%]
........................................................................ [  5%]
........................................................................ [  5%]
........................................................................ [  6%]
........................................................................ [  6%]
........................................................................ [  6%]
........................................................................ [  6%]
........................................................................ [  6%]
........................................................................ [  6%]
...............................F......................F..F.F............ [  6%]
........................................................................ [  6%]
........................................................................ [  6%]
........................................................................ [  6%]
........................................................................ [  7%]
........................................................................ [  7%]
........................................................................ [  7%]
........................................................................ [  7%]
........................................................................ [  7%]
........................................................................ [  7%]
.....................F...F.............................................. [  7%]
........................................................................ [  7%]
....F................................................................... [  7%]
..........................................................s............. [  7%]
........................................................................ [  8%]
.....................................F.................................. [  8%]
......................................ss.sss........ss.sss.s............ [  8%]
........................................................................ [  8%]
........................................................................ [  8%]
........................................................................ [  8%]
........................................................................ [  8%]
........................................................................ [  8%]
........................................................................ [  8%]
........................................................................ [  8%]
........................................................................ [  9%]
........................................................................ [  9%]
........................................................................ [  9%]
........................................................................ [  9%]
........................................................................ [  9%]
........................................................................ [  9%]
........................................................................ [  9%]
........................................................................ [  9%]
........................FFFFFFFFFFFFFFFFFFFFFFFFFFFFFFFF..........F..... [  9%]
..F.............FF...................................................... [  9%]
................................................................FF...... [ 10%]
........................................................................ [ 10%]
........................................................................ [ 10%]
........................................................................ [ 10%]
........................................................................ [ 10%]
........................................................................ [ 10%]
........................................................................ [ 10%]
......................................s................................. [ 10%]
........................................................................ [ 10%]
.............F.......................................................... [ 10%]
........................................................................ [ 10%]
........................................................................ [ 11%]
...................ssssssssssssss.....................F.F............... [ 11%]
................................FFFFFFFF.....s.......................... [ 11%]
................F....................................................... [ 11%]
........................................................................ [ 11%]
........................................................................ [ 11%]
........................................................................ [ 11%]
.................................F..........F........................... [ 11%]
........................................................................ [ 11%]
........................................................................ [ 11%]
........F............................................................... [ 12%]
.....F.FF..F............................................................ [ 12%]
........................................................................ [ 12%]
........................................................................ [ 12%]
...............F...........................................F............ [ 12%]
..................................FssF....FFFFFFFFFFFFF................. [ 12%]
............................................................FF.F..F...FF [ 12%]
...........................................................FFF.......... [ 12%]
.................................................FF..................... [ 12%]
........................................................................ [ 12%]
........................................................................ [ 13%]
............................................................sss......... [ 13%]
...................................................................sssss [ 13%]
ssssssssss.............................................................. [ 13%]
........................................................................ [ 13%]
........................................................................ [ 13%]
............................................................s........... [ 13%]
........................................................................ [ 13%]
........................................................................ [ 13%]
........................................................................ [ 13%]
.......................................F................................ [ 14%]
........................................................................ [ 14%]
........................................................................ [ 14%]
........................................................................ [ 14%]
........................................................................ [ 14%]
........................................................................ [ 14%]
...................F.................................................... [ 14%]
........................................................................ [ 14%]
........................................................................ [ 14%]
.......................................s.............F.................. [ 14%]
.........FFFF........................................................... [ 15%]
.........F..FF.................................................F....FF.. [ 15%]
..................................................sssssssssssF......F..F [ 15%]
............FF...........................................s..F........... [ 15%]
...................FF.F................................................. [ 15%]
........................................................................ [ 15%]
..............................................................F......... [ 15%]
.....F...............F....................F............................. [ 15%]
.........F...........................F........................F......... [ 15%]
...............FF....F.FF.F..FF..F.F..FF.F.............................. [ 15%]
.......................................................................F [ 15%]
........................................................................ [ 16%]
........................................................................ [ 16%]
........................................................................ [ 16%]
....................F.FFFF.F............................................ [ 16%]
........................................................................ [ 16%]
........................................................................ [ 16%]
........................................................................ [ 16%]
........................................................................ [ 16%]
........................................................................ [ 16%]
..........F............................................................. [ 16%]
........................................................................ [ 17%]
........................................................................ [ 17%]
........................................................................ [ 17%]
........................................................................ [ 17%]
........................................................................ [ 17%]
........................................................................ [ 17%]
........................................................................ [ 17%]
........................................................................ [ 17%]
........................................................................ [ 17%]
........................................................................ [ 17%]
......................F................................................. [ 18%]
................................................................FFF..... [ 18%]
........F.F............................................................. [ 18%]
....F................................F.........................F........ [ 18%]
......................F.F..FFF.F.FFF..F...F............................. [ 18%]
.....F.................................................................. [ 18%]
....................F................................................... [ 18%]
...............................F........................................ [ 18%]
..............................F..............F.......................... [ 18%]
.........................F...................................F........F. [ 18%]
..........................F.............................F.....F......... [ 19%]
.....................................................................F.. [ 19%]
..........................F..FF..F..........F........................... [ 19%]
.....................................................................F.. [ 19%]
...................................................F...F............F... [ 19%]
..........................F............................................. [ 19%]
F.....F..........F.............................................F........ [ 19%]
................................F....................................... [ 19%]
........................................................................ [ 19%]
........................................................................ [ 19%]
...........................................F............................ [ 20%]
........................................................................ [ 20%]
........................................................................ [ 20%]
........F.....................F......................................... [ 20%]
..........................................FF.....F.........F.....F...... [ 20%]
.....................FFFFFFFF.FFFFFFF................................... [ 20%]
........................................................................ [ 20%]
........................................................................ [ 20%]
........................................................................ [ 20%]
........................................................................ [ 20%]
.......................FFFFFFF.......................................... [ 20%]
........................................................................ [ 21%]
........................................................................ [ 21%]
........................................................................ [ 21%]
.........F..................F........F..........F...................F... [ 21%]
............................................F........F...........F...F.. [ 21%]
FF..FFFF.F...........FF...............................s......F.......... [ 21%]
......................F.................F.F............................. [ 21%]
........................................................................ [ 21%]
.................................F.F.................................... [ 21%]
........................................................................ [ 21%]
........................................................................ [ 22%]
........................................................................ [ 22%]
........................................................................ [ 22%]
........................................................................ [ 22%]
........................................................................ [ 22%]
........................................................................ [ 22%]
........................................................................ [ 22%]
........................................................................ [ 22%]
........................................................................ [ 22%]
........................................................................ [ 22%]
........................................................................ [ 23%]
..................................F....................F.F.F....F....... [ 23%]
......................F..............FFFFFFFFFFFFFFF...........F.....F.. [ 23%]
.............FFFFF..FF..FFF...........................................F. [ 23%]
..........F..................FFFFFFFFFFFFFFFFFF/home/ianblenke/github.com/ianblenke/carnot/.venv/lib/python3.12/site-packages/_pytest/main.py:353: PluggyTeardownRaisedWarning: A plugin raised an exception during an old-style hookwrapper teardown.
Plugin: 140404256985296, Hook: pytest_sessionfinish
OSError: cannot send (already closed?)
For more information see https://pluggy.readthedocs.io/en/stable/api_reference.html#pluggy.PluggyTeardownRaisedWarning
  config.hook.pytest_sessionfinish(
/home/ianblenke/github.com/ianblenke/carnot/.venv/lib/python3.12/site-packages/_pytest/main.py:353: PluggyTeardownRaisedWarning: A plugin raised an exception during an old-style hookwrapper teardown.
Plugin: 139755089180288, Hook: pytest_sessionfinish
OSError: cannot send (already closed?)
For more information see https://pluggy.readthedocs.io/en/stable/api_reference.html#pluggy.PluggyTeardownRaisedWarning
  config.hook.pytest_sessionfinish(
/home/ianblenke/github.com/ianblenke/carnot/.venv/lib/python3.12/site-packages/_pytest/main.py:353: PluggyTeardownRaisedWarning: A plugin raised an exception during an old-style hookwrapper teardown.
Plugin: 139904529552240, Hook: pytest_sessionfinish
OSError: cannot send (already closed?)
For more information see https://pluggy.readthedocs.io/en/stable/api_reference.html#pluggy.PluggyTeardownRaisedWarning
  config.hook.pytest_sessionfinish(
