============================= test session starts ==============================
platform linux -- Python 3.12.13, pytest-9.0.3, pluggy-1.6.0
rootdir: /home/ianblenke/github.com/ianblenke/carnot
configfile: pyproject.toml
plugins: xdist-3.8.0, jaxtyping-0.3.10, cov-7.1.0, hydra-core-1.3.3, anyio-4.13.0, hypothesis-6.155.2
created: 4/4 workers
4 workers [74577 items]

........................................................................ [  0%]
........................................................................ [  0%]
........................................................................ [  0%]
........................................................................ [  0%]
........................................................................ [  0%]
........................................................................ [  0%]
........................................................................ [  0%]
.F...................................................................... [  0%]
..F..................................................................... [  0%]
........................................................................ [  0%]
........................................................................ [  1%]
........................................................................ [  1%]
............F..............................F...F........................ [  1%]
........................................................................ [  1%]
......................................................F................. [  1%]
......................................................Fsss.sss........s. [  1%]
.........................................FFFFFFF........................ [  1%]
........................................................................ [  1%]
...............................................................sssssssss [  1%]
sssssss............................................................F.... [  1%]
....................................................F................... [  2%]
........................................................................ [  2%]
........................................................................ [  2%]
................................F....................................... [  2%]
........................................................................ [  2%]
......................................................................F. [  2%]
.....................................................................F.. [  2%]
.......................................................................F [  2%]
F....................................................................... [  2%]
........................................................................ [  2%]
........................................................................ [  2%]
........................................................................ [  3%]
........................................................................ [  3%]
.....................................................................F.. [  3%]
........F..........................................................F.... [  3%]
........................................................................ [  3%]
..............................................F......................... [  3%]
........................................................................ [  3%]
........................................................................ [  3%]
........................................................................ [  3%]
........................................................................ [  3%]
........................................................................ [  4%]
........................................................................ [  4%]
........................................................................ [  4%]
......................................s................................. [  4%]
........................................................................ [  4%]
........................................................................ [  4%]
........................................................................ [  4%]
........................................................................ [  4%]
........................................................................ [  4%]
........................................................................ [  4%]
........................................................................ [  5%]
....................F................................................... [  5%]
........................................................................ [  5%]
........................................................................ [  5%]
........................................................................ [  5%]
........................................................................ [  5%]
........................................................................ [  5%]
...............................................................F........ [  5%]
..............F..F.F.................................................... [  5%]
........................................................................ [  5%]
........................................................................ [  5%]
........................................................................ [  6%]
........................................................................ [  6%]
........................................................................ [  6%]
........................................................................ [  6%]
........................................................................ [  6%]
........................................................................ [  6%]
........................................................................ [  6%]
........................................................................ [  6%]
........................................................................ [  6%]
........................................................................ [  6%]
........................................................................ [  7%]
........................................................................ [  7%]
........................................................................ [  7%]
........................................................................ [  7%]
........................................................................ [  7%]
...................................F..........F...................F..... [  7%]
........................................................................ [  7%]
................................................................s....... [  7%]
...............................................................sssss.... [  7%]
.ssssss................................................................. [  7%]
........................................................................ [  8%]
........................................................................ [  8%]
........................................................................ [  8%]
...........F............................................................ [  8%]
........................................................................ [  8%]
........................................................................ [  8%]
........................................................................ [  8%]
........................................................................ [  8%]
........................................................................ [  8%]
........................................................................ [  8%]
........................................................................ [  8%]
........................................................................ [  9%]
........................................................................ [  9%]
........................................................................ [  9%]
........................................................................ [  9%]
........................................................................ [  9%]
........................................................................ [  9%]
........................................................................ [  9%]
.................F...F..F.......F....FFFFFFFFFFFFFFFFFFFFFFFFFFFF....... [  9%]
...F.......F.............FF............................................. [  9%]
........................................................................ [  9%]
..............FF........................................................ [ 10%]
........................................................................ [ 10%]
........................................................................ [ 10%]
........................................................................ [ 10%]
........................................................................ [ 10%]
........................................................................ [ 10%]
..........................................................s............. [ 10%]
........................................................................ [ 10%]
..................................F..................................... [ 10%]
........................................................................ [ 10%]
........................................................................ [ 11%]
.....................................ssssssssssssss..................... [ 11%]
.F...F..............................................FFFFF.FFF.....s..... [ 11%]
...............................F..F........F............................ [ 11%]
........................................................................ [ 11%]
........................................................................ [ 11%]
........................................................................ [ 11%]
........................................................................ [ 11%]
........................................................................ [ 11%]
......F................................................................. [ 11%]
.........................F.............................................. [ 11%]
.............................FF..FF..................................... [ 12%]
........................................................................ [ 12%]
........................................................................ [ 12%]
....................................F................................... [ 12%]
...........FssF....FF.FFFFFFFFFFF....................................... [ 12%]
....FF.F..F..FF......................................................... [ 12%]
FFF...........................................................FF........ [ 12%]
........................................................................ [ 12%]
........................................................................ [ 12%]
........................................................................ [ 12%]
..........sss........................................................... [ 13%]
...................sssssssssssssss...................................... [ 13%]
........................................................................ [ 13%]
........................................................................ [ 13%]
........................................................................ [ 13%]
..........................s............................................. [ 13%]
........................................................................ [ 13%]
........................................................................ [ 13%]
........................................................................ [ 13%]
................................F....................................... [ 13%]
........................................................................ [ 13%]
........................................................................ [ 14%]
........................................................................ [ 14%]
........................................................................ [ 14%]
........................................................................ [ 14%]
........................................................................ [ 14%]
........................................................................ [ 14%]
........................................................................ [ 14%]
........................................................................ [ 14%]
.s.............F...........................FFFF........................F [ 14%]
FF.........................................F....FF...................... [ 14%]
..............................sssssssssssF..FF........FF................ [ 15%]
.................F...................................................... [ 15%]
........................................F...FFF....F.........FFFFF.F.... [ 15%]
..........................F...............F...........FF.....F.........F [ 15%]
...F..............................sF..F...F............................. [ 15%]
.....F........................FFFFFFFFFFFF.....FFF...................... [ 15%]
........................................................................ [ 15%]
........................F...............................FF.F............ [ 15%]
........................................................................ [ 15%]
........................................................................ [ 15%]
........................................................................ [ 16%]
........................................................................ [ 16%]
........................................................................ [ 16%]
................F...F.FFFF.F...............................F..........F. [ 16%]
........................................................................ [ 16%]
.......................................F................................ [ 16%]
........................F........F...................................... [ 16%]
.......F.........F...F.....F....F....................................... [ 16%]
................F......................F....F..........F...F.........F.. [ 16%]
..F.F.......F...............F........................................... [ 16%]
........................................................................ [ 16%]
........................................................................ [ 17%]
........................................................................ [ 17%]
........................................................................ [ 17%]
........................................................................ [ 17%]
........................................................................ [ 17%]
........................................................................ [ 17%]
........................................................................ [ 17%]
..........................................F.FF.......................... [ 17%]
.............FF.F...........................F........................... [ 17%]
........................................................................ [ 17%]
........................................................................ [ 18%]
........................................................................ [ 18%]
........................................................................ [ 18%]
........................................................................ [ 18%]
........................................................................ [ 18%]
........................................................................ [ 18%]
........................................................................ [ 18%]
.......................................F................................ [ 18%]
........................................................................ [ 18%]
........................................................................ [ 18%]
........................................................................ [ 19%]
..........F..........F............F..................................... [ 19%]
........................................................................ [ 19%]
....................F................FFFFF.........F.............F...... [ 19%]
........................................................................ [ 19%]
...F.............................................F...................... [ 19%]
F.FF...............................s......F............................. [ 19%]
...F.................F.F................................................ [ 19%]
.............FF......................................................... [ 19%]
........................................................................ [ 19%]
........................................................................ [ 19%]
........................................................................ [ 20%]
........................................................................ [ 20%]
........................................................................ [ 20%]
........................................................................ [ 20%]
........................................................................ [ 20%]
........................................................................ [ 20%]
........................................................................ [ 20%]
........................................................................ [ 20%]
........................................................................ [ 20%]
...............F........................................................ [ 20%]
........................................................................ [ 21%]
.....................................................F.................. [ 21%]
......................................F.....F........................... [ 21%]
........................................................................ [ 21%]
.......F.FF..F..........F............................................... [ 21%]
..........................................................F............. [ 21%]
................................F..............F...............F........ [ 21%]
...................................................F...............F.... [ 21%]
....F................................................................... [ 21%]
..........F.....FF...................................F.................. [ 21%]
...................................F..............F..F.................. [ 22%]
...F.............................................................F.....F [ 22%]
..........F........................................F.................... [ 22%]
........................................................................ [ 22%]
........................................................................ [ 22%]
..........F............................................................. [ 22%]
........................................................................ [ 22%]
........................................................................ [ 22%]
.................F...................................................... [ 22%]
........................................................................ [ 22%]
........................................................................ [ 22%]
........F................F.............................................. [ 23%]
........................................................................ [ 23%]
................F.F........FFFFF.FFFFFFFFFFFF........................... [ 23%]
.............................................................F..FF..FFFF [ 23%]
FFFFF........F........................F................................. [ 23%]
..................F............FFFF.F.F..............................FF. [ 23%]
.............................................F.......................... [ 23%]
........................................................................ [ 23%]
...........................................................F........FFF. [ 23%]
FF.FF................................F...............FF..........FFFFFFF [ 23%]
FF.FFFFFFFFFFF...............F.................F..FFF...F.....F...F..... [ 24%]
...............F...................................F.................... [ 24%]
....................................F....F.......F.......F...F.FFFFFFFFF [ 24%]
FFFFFFFF................F...F.............FFF........................... [ 24%]
.....................F.................F................FF.F......FF...F [ 24%]
.................................F......F............................... [ 24%]
.........................................F......F....................... [ 24%]
.F....F.........F....................................................... [ 24%]
........................F............................................... [ 24%]
...............................................................F........ [ 24%]
........................................FF.............................. [ 25%]
........................................................................ [ 25%]
....F................................................................... [ 25%]
........................F.........F..................................... [ 25%]
........................................................................ [ 25%]
.................................................F...F..F............... [ 25%]
...........................................................F............ [ 25%]
........................................................................ [ 25%]
........................................................................ [ 25%]
.........................................................FF...........F. [ 25%]
F..FF................................................................... [ 25%]
..........................s............................................. [ 26%]
F....................................................................... [ 26%]
........................................................................ [ 26%]
........................................................................ [ 26%]
..............................................F......................... [ 26%]
........................................................................ [ 26%]
........................................................................ [ 26%]
........................................................................ [ 26%]
........................................................................ [ 26%]
F....................................................................... [ 26%]
...........................F............................................ [ 27%]
.............................................FF......................... [ 27%]
..............................................s......................... [ 27%]
........................................................................ [ 27%]
........................................................................ [ 27%]
.......................................F..............FFF............... [ 27%]
..........FFF........................................................... [ 27%]
........................................................................ [ 27%]
........................................................................ [ 27%]
........................................................................ [ 27%]
........................................................................ [ 27%]
........................................................................ [ 28%]
........................................................................ [ 28%]
........................................................................ [ 28%]
........................................................................ [ 28%]
........................................................................ [ 28%]
........................................................................ [ 28%]
........................................................................ [ 28%]
........................................................................ [ 28%]
.............................................FF......................... [ 28%]
..........................................FFFF.......................... [ 28%]
........................................................................ [ 29%]
........................................................................ [ 29%]
........................................................................ [ 29%]
........................................................................ [ 29%]
........................................................................ [ 29%]
........................................................................ [ 29%]
........................................................................ [ 29%]
........................................................................ [ 29%]
........................................................................ [ 29%]
........................................................................ [ 29%]
........................................................................ [ 30%]
........................................................................ [ 30%]
........................................................................ [ 30%]
...........................s............................................ [ 30%]
........................................................................ [ 30%]
........................................................................ [ 30%]
..................................................................ss.... [ 30%]
........................................................................ [ 30%]
.......................................................s.s...s.......... [ 30%]
........................................................................ [ 30%]
...................................F..............................F..... [ 30%]
..................F.....................................s............... [ 31%]
..F.................F................................................... [ 31%]
.........FFF....FFFF.................................................... [ 31%]
........................................................................ [ 31%]
......F..F..........E......E.............................FFEF........... [ 31%]
..............................................................E......... [ 31%]
......E.EE..................E.......E.EEE..EEE.......................... [ 31%]
........................................................................ [ 31%]
............................................F...F....................... [ 31%]
................................................F....................... [ 31%]
........................................................................ [ 32%]
......................F.F............................................... [ 32%]
........................................................................ [ 32%]
....../home/ianblenke/github.com/ianblenke/carnot/.venv/lib/python3.12/site-packages/_pytest/main.py:353: PluggyTeardownRaisedWarning: A plugin raised an exception during an old-style hookwrapper teardown.
Plugin: 139743982052528, Hook: pytest_sessionfinish
OSError: cannot send (already closed?)
For more information see https://pluggy.readthedocs.io/en/stable/api_reference.html#pluggy.PluggyTeardownRaisedWarning
  config.hook.pytest_sessionfinish(
/home/ianblenke/github.com/ianblenke/carnot/.venv/lib/python3.12/site-packages/_pytest/main.py:353: PluggyTeardownRaisedWarning: A plugin raised an exception during an old-style hookwrapper teardown.
Plugin: 140497221416432, Hook: pytest_sessionfinish
OSError: cannot send (already closed?)
For more information see https://pluggy.readthedocs.io/en/stable/api_reference.html#pluggy.PluggyTeardownRaisedWarning
  config.hook.pytest_sessionfinish(
/home/ianblenke/github.com/ianblenke/carnot/.venv/lib/python3.12/site-packages/_pytest/main.py:353: PluggyTeardownRaisedWarning: A plugin raised an exception during an old-style hookwrapper teardown.
Plugin: 140344581285808, Hook: pytest_sessionfinish
OSError: cannot send (already closed?)
For more information see https://pluggy.readthedocs.io/en/stable/api_reference.html#pluggy.PluggyTeardownRaisedWarning
  config.hook.pytest_sessionfinish(
/home/ianblenke/github.com/ianblenke/carnot/.venv/lib/python3.12/site-packages/_pytest/main.py:353: PluggyTeardownRaisedWarning: A plugin raised an exception during an old-style hookwrapper teardown.
Plugin: 140712647561712, Hook: pytest_sessionfinish
OSError: cannot send (already closed?)
For more information see https://pluggy.readthedocs.io/en/stable/api_reference.html#pluggy.PluggyTeardownRaisedWarning
  config.hook.pytest_sessionfinish(
