[exp8212] phase=start completed=0 pending=0
[exp8152] phase=fixture_slots completed=32 pending=224
[exp8152] phase=fixture_slots completed=64 pending=192
[exp8152] phase=fixture_slots completed=96 pending=160
[exp8152] phase=fixture_slots completed=128 pending=128
[exp8152] phase=fixture_slots completed=160 pending=96
[exp8152] phase=fixture_slots completed=192 pending=64
[exp8152] phase=fixture_slots completed=224 pending=32
[exp8152] phase=fixture_slots completed=256 pending=0
[exp8211] phase=cold_replay_states completed=1 pending=19
[exp8152] phase=fixture_slots completed=32 pending=224
[exp8152] phase=fixture_slots completed=64 pending=192
[exp8152] phase=fixture_slots completed=96 pending=160
[exp8152] phase=fixture_slots completed=128 pending=128
[exp8152] phase=fixture_slots completed=160 pending=96
[exp8152] phase=fixture_slots completed=192 pending=64
[exp8152] phase=fixture_slots completed=224 pending=32
[exp8152] phase=fixture_slots completed=256 pending=0
[exp8211] phase=cold_replay_states completed=2 pending=18
[exp8152] phase=fixture_slots completed=32 pending=224
[exp8152] phase=fixture_slots completed=64 pending=192
[exp8152] phase=fixture_slots completed=96 pending=160
[exp8152] phase=fixture_slots completed=128 pending=128
[exp8152] phase=fixture_slots completed=160 pending=96
[exp8152] phase=fixture_slots completed=192 pending=64
[exp8152] phase=fixture_slots completed=224 pending=32
[exp8152] phase=fixture_slots completed=256 pending=0
[exp8211] phase=cold_replay_states completed=3 pending=17
[exp8152] phase=fixture_slots completed=32 pending=224
[exp8152] phase=fixture_slots completed=64 pending=192
[exp8152] phase=fixture_slots completed=96 pending=160
[exp8152] phase=fixture_slots completed=128 pending=128
[exp8152] phase=fixture_slots completed=160 pending=96
[exp8152] phase=fixture_slots completed=192 pending=64
[exp8152] phase=fixture_slots completed=224 pending=32
[exp8152] phase=fixture_slots completed=256 pending=0
[exp8211] phase=cold_replay_states completed=4 pending=16
[exp8152] phase=fixture_slots completed=32 pending=224
[exp8152] phase=fixture_slots completed=64 pending=192
[exp8152] phase=fixture_slots completed=96 pending=160
[exp8152] phase=fixture_slots completed=128 pending=128
[exp8152] phase=fixture_slots completed=160 pending=96
[exp8152] phase=fixture_slots completed=192 pending=64
[exp8152] phase=fixture_slots completed=224 pending=32
[exp8152] phase=fixture_slots completed=256 pending=0
[exp8211] phase=cold_replay_states completed=5 pending=15
[exp8152] phase=fixture_slots completed=32 pending=224
[exp8152] phase=fixture_slots completed=64 pending=192
[exp8152] phase=fixture_slots completed=96 pending=160
[exp8152] phase=fixture_slots completed=128 pending=128
[exp8152] phase=fixture_slots completed=160 pending=96
[exp8152] phase=fixture_slots completed=192 pending=64
[exp8152] phase=fixture_slots completed=224 pending=32
[exp8152] phase=fixture_slots completed=256 pending=0
[exp8211] phase=cold_replay_states completed=6 pending=14
[exp8152] phase=fixture_slots completed=32 pending=224
[exp8152] phase=fixture_slots completed=64 pending=192
[exp8152] phase=fixture_slots completed=96 pending=160
[exp8152] phase=fixture_slots completed=128 pending=128
[exp8152] phase=fixture_slots completed=160 pending=96
[exp8152] phase=fixture_slots completed=192 pending=64
[exp8152] phase=fixture_slots completed=224 pending=32
[exp8152] phase=fixture_slots completed=256 pending=0
[exp8211] phase=cold_replay_states completed=7 pending=13
[exp8152] phase=fixture_slots completed=32 pending=224
[exp8152] phase=fixture_slots completed=64 pending=192
[exp8152] phase=fixture_slots completed=96 pending=160
[exp8152] phase=fixture_slots completed=128 pending=128
[exp8152] phase=fixture_slots completed=160 pending=96
[exp8152] phase=fixture_slots completed=192 pending=64
[exp8152] phase=fixture_slots completed=224 pending=32
[exp8152] phase=fixture_slots completed=256 pending=0
[exp8211] phase=cold_replay_states completed=8 pending=12
[exp8152] phase=fixture_slots completed=32 pending=224
[exp8152] phase=fixture_slots completed=64 pending=192
[exp8152] phase=fixture_slots completed=96 pending=160
[exp8152] phase=fixture_slots completed=128 pending=128
[exp8152] phase=fixture_slots completed=160 pending=96
[exp8152] phase=fixture_slots completed=192 pending=64
[exp8152] phase=fixture_slots completed=224 pending=32
[exp8152] phase=fixture_slots completed=256 pending=0
[exp8211] phase=cold_replay_states completed=9 pending=11
[exp8152] phase=fixture_slots completed=32 pending=224
[exp8152] phase=fixture_slots completed=64 pending=192
[exp8152] phase=fixture_slots completed=96 pending=160
[exp8152] phase=fixture_slots completed=128 pending=128
[exp8152] phase=fixture_slots completed=160 pending=96
[exp8152] phase=fixture_slots completed=192 pending=64
[exp8152] phase=fixture_slots completed=224 pending=32
[exp8152] phase=fixture_slots completed=256 pending=0
[exp8211] phase=cold_replay_states completed=10 pending=10
[exp8152] phase=fixture_slots completed=32 pending=224
[exp8152] phase=fixture_slots completed=64 pending=192
[exp8152] phase=fixture_slots completed=96 pending=160
[exp8152] phase=fixture_slots completed=128 pending=128
[exp8152] phase=fixture_slots completed=160 pending=96
[exp8152] phase=fixture_slots completed=192 pending=64
[exp8152] phase=fixture_slots completed=224 pending=32
[exp8152] phase=fixture_slots completed=256 pending=0
[exp8211] phase=cold_replay_states completed=11 pending=9
[exp8152] phase=fixture_slots completed=32 pending=224
[exp8152] phase=fixture_slots completed=64 pending=192
[exp8152] phase=fixture_slots completed=96 pending=160
[exp8152] phase=fixture_slots completed=128 pending=128
[exp8152] phase=fixture_slots completed=160 pending=96
[exp8152] phase=fixture_slots completed=192 pending=64
[exp8152] phase=fixture_slots completed=224 pending=32
[exp8152] phase=fixture_slots completed=256 pending=0
[exp8211] phase=cold_replay_states completed=12 pending=8
[exp8152] phase=fixture_slots completed=32 pending=224
[exp8152] phase=fixture_slots completed=64 pending=192
[exp8152] phase=fixture_slots completed=96 pending=160
[exp8152] phase=fixture_slots completed=128 pending=128
[exp8152] phase=fixture_slots completed=160 pending=96
[exp8152] phase=fixture_slots completed=192 pending=64
[exp8152] phase=fixture_slots completed=224 pending=32
[exp8152] phase=fixture_slots completed=256 pending=0
[exp8211] phase=cold_replay_states completed=13 pending=7
[exp8152] phase=fixture_slots completed=32 pending=224
[exp8152] phase=fixture_slots completed=64 pending=192
[exp8152] phase=fixture_slots completed=96 pending=160
[exp8152] phase=fixture_slots completed=128 pending=128
[exp8152] phase=fixture_slots completed=160 pending=96
[exp8152] phase=fixture_slots completed=192 pending=64
[exp8152] phase=fixture_slots completed=224 pending=32
[exp8152] phase=fixture_slots completed=256 pending=0
[exp8211] phase=cold_replay_states completed=14 pending=6
[exp8152] phase=fixture_slots completed=32 pending=224
[exp8152] phase=fixture_slots completed=64 pending=192
[exp8152] phase=fixture_slots completed=96 pending=160
[exp8152] phase=fixture_slots completed=128 pending=128
[exp8152] phase=fixture_slots completed=160 pending=96
[exp8152] phase=fixture_slots completed=192 pending=64
[exp8152] phase=fixture_slots completed=224 pending=32
[exp8152] phase=fixture_slots completed=256 pending=0
[exp8211] phase=cold_replay_states completed=15 pending=5
[exp8152] phase=fixture_slots completed=32 pending=224
[exp8152] phase=fixture_slots completed=64 pending=192
[exp8152] phase=fixture_slots completed=96 pending=160
[exp8152] phase=fixture_slots completed=128 pending=128
[exp8152] phase=fixture_slots completed=160 pending=96
[exp8152] phase=fixture_slots completed=192 pending=64
[exp8152] phase=fixture_slots completed=224 pending=32
[exp8152] phase=fixture_slots completed=256 pending=0
[exp8211] phase=cold_replay_states completed=16 pending=4
[exp8152] phase=fixture_slots completed=32 pending=224
[exp8152] phase=fixture_slots completed=64 pending=192
[exp8152] phase=fixture_slots completed=96 pending=160
[exp8152] phase=fixture_slots completed=128 pending=128
[exp8152] phase=fixture_slots completed=160 pending=96
[exp8152] phase=fixture_slots completed=192 pending=64
[exp8152] phase=fixture_slots completed=224 pending=32
[exp8152] phase=fixture_slots completed=256 pending=0
[exp8211] phase=cold_replay_states completed=17 pending=3
[exp8152] phase=fixture_slots completed=32 pending=224
[exp8152] phase=fixture_slots completed=64 pending=192
[exp8152] phase=fixture_slots completed=96 pending=160
[exp8152] phase=fixture_slots completed=128 pending=128
[exp8152] phase=fixture_slots completed=160 pending=96
[exp8152] phase=fixture_slots completed=192 pending=64
[exp8152] phase=fixture_slots completed=224 pending=32
[exp8152] phase=fixture_slots completed=256 pending=0
[exp8211] phase=cold_replay_states completed=18 pending=2
[exp8152] phase=fixture_slots completed=32 pending=224
[exp8152] phase=fixture_slots completed=64 pending=192
[exp8152] phase=fixture_slots completed=96 pending=160
[exp8152] phase=fixture_slots completed=128 pending=128
[exp8152] phase=fixture_slots completed=160 pending=96
[exp8152] phase=fixture_slots completed=192 pending=64
[exp8152] phase=fixture_slots completed=224 pending=32
[exp8152] phase=fixture_slots completed=256 pending=0
[exp8211] phase=cold_replay_states completed=19 pending=1
[exp8152] phase=fixture_slots completed=32 pending=224
[exp8152] phase=fixture_slots completed=64 pending=192
[exp8152] phase=fixture_slots completed=96 pending=160
[exp8152] phase=fixture_slots completed=128 pending=128
[exp8152] phase=fixture_slots completed=160 pending=96
[exp8152] phase=fixture_slots completed=192 pending=64
[exp8152] phase=fixture_slots completed=224 pending=32
[exp8152] phase=fixture_slots completed=256 pending=0
[exp8211] phase=cold_replay_states completed=20 pending=0
[exp8212] phase=independent_preupdate_seed completed=1 pending=19
[exp8212] phase=independent_preupdate_seed completed=2 pending=18
[exp8212] phase=independent_preupdate_seed completed=3 pending=17
[exp8212] phase=independent_preupdate_seed completed=4 pending=16
[exp8212] phase=independent_preupdate_seed completed=5 pending=15
[exp8212] phase=independent_preupdate_seed completed=6 pending=14
[exp8212] phase=independent_preupdate_seed completed=7 pending=13
[exp8212] phase=independent_preupdate_seed completed=8 pending=12
[exp8212] phase=independent_preupdate_seed completed=9 pending=11
[exp8212] phase=independent_preupdate_seed completed=10 pending=10
[exp8212] phase=independent_preupdate_seed completed=11 pending=9
[exp8212] phase=independent_preupdate_seed completed=12 pending=8
[exp8212] phase=independent_preupdate_seed completed=13 pending=7
[exp8212] phase=independent_preupdate_seed completed=14 pending=6
[exp8212] phase=independent_preupdate_seed completed=15 pending=5
[exp8212] phase=independent_preupdate_seed completed=16 pending=4
[exp8212] phase=independent_preupdate_seed completed=17 pending=3
[exp8212] phase=independent_preupdate_seed completed=18 pending=2
[exp8212] phase=independent_preupdate_seed completed=19 pending=1
[exp8212] phase=independent_preupdate_seed completed=20 pending=0
[exp8212] phase=preupdate_and_retention_predictions_sealed completed=38400 pending=0
[exp8212] phase=before_future_mutation_benchmark completed=0 pending=1
[exp8152] phase=fixture_slots completed=32 pending=224
[exp8152] phase=fixture_slots completed=64 pending=192
[exp8152] phase=fixture_slots completed=96 pending=160
[exp8152] phase=fixture_slots completed=128 pending=128
[exp8152] phase=fixture_slots completed=160 pending=96
[exp8152] phase=fixture_slots completed=192 pending=64
[exp8152] phase=fixture_slots completed=224 pending=32
[exp8152] phase=fixture_slots completed=256 pending=0
[exp8212] phase=after_future_mutation_benchmark completed=1 pending=0
[exp8212] phase=replay_passed completed=0 pending=0
