[exp8262] phase=start completed=0 pending=0
[exp8263] phase=typed_control completed=64 pending=64
[exp8263] phase=typed_control completed=128 pending=0
[exp8263] phase=typed_control completed=64 pending=352
[exp8263] phase=typed_control completed=128 pending=288
[exp8263] phase=typed_control completed=192 pending=224
[exp8263] phase=typed_control completed=256 pending=160
[exp8263] phase=typed_control completed=320 pending=96
[exp8263] phase=typed_control completed=384 pending=32
[exp8263] phase=typed_control completed=64 pending=352
[exp8263] phase=typed_control completed=128 pending=288
[exp8263] phase=typed_control completed=192 pending=224
[exp8263] phase=typed_control completed=256 pending=160
[exp8263] phase=typed_control completed=320 pending=96
[exp8263] phase=typed_control completed=384 pending=32
[exp8263] phase=typed_control completed=64 pending=64
[exp8263] phase=typed_control completed=128 pending=0
[exp8263] phase=before_tokenizer_vocabulary_read completed=0 pending=0
[exp8263] phase=after_tokenizer_vocabulary_read completed=1 pending=0
{"passed": true, "owned_statement_counts": {"python/carnot/reporting/current_contract_readiness_8276.py": {"num_statements": 227, "covered_lines": 227, "missing_lines": 0, "excluded_lines": 0}, "scripts/experiments/experiment_8276_v715_current_contract_readiness.py": {"num_statements": 7, "covered_lines": 7, "missing_lines": 0, "excluded_lines": 0}}}
