[exp8334] phase=start completed=0 pending=0
[exp8306] phase=before_benchmark_spline34 completed=0 pending=0
[exp8306] phase=static_fit completed=100 pending=300
[exp8306] phase=static_fit completed=200 pending=200
[exp8306] phase=static_fit completed=300 pending=100
[exp8306] phase=static_fit completed=400 pending=0
[exp8306] phase=after_benchmark_spline34 completed=1 pending=3
[exp8306] phase=before_benchmark_RBF34 completed=0 pending=0
[exp8306] phase=static_fit completed=100 pending=300
[exp8306] phase=static_fit completed=200 pending=200
[exp8306] phase=static_fit completed=300 pending=100
[exp8306] phase=static_fit completed=400 pending=0
[exp8306] phase=after_benchmark_RBF34 completed=2 pending=2
[exp8306] phase=before_benchmark_linear6 completed=0 pending=0
[exp8306] phase=static_fit completed=100 pending=300
[exp8306] phase=static_fit completed=200 pending=200
[exp8306] phase=static_fit completed=300 pending=100
[exp8306] phase=static_fit completed=400 pending=0
[exp8306] phase=after_benchmark_linear6 completed=3 pending=1
[exp8306] phase=before_benchmark_scalar2 completed=0 pending=0
[exp8306] phase=static_fit completed=100 pending=300
[exp8306] phase=static_fit completed=200 pending=200
[exp8306] phase=static_fit completed=300 pending=100
[exp8306] phase=static_fit completed=400 pending=0
[exp8306] phase=after_benchmark_scalar2 completed=4 pending=0
[exp8306] phase=static_fit completed=100 pending=300
[exp8306] phase=static_fit completed=200 pending=200
[exp8306] phase=static_fit completed=300 pending=100
[exp8306] phase=static_fit completed=400 pending=0
[exp8334] phase=reduction_drift completed=0 pending=0
