[exp8238] phase=before_preconditions completed=0 pending=128
[exp8238] phase=after_preconditions completed=23 pending=0
[exp8238] phase=before_benchmark_subprocess completed=0 pending=128
[exp8205] phase=before_subprocess_public_prediction_worker completed=0 pending=1
[exp8205] phase=after_subprocess_public_prediction_worker completed=1 pending=0
[exp8238] phase=after_benchmark_subprocess completed=128 pending=0
[exp8238] phase=predictions_sealed completed=1152 pending=0
[exp8209] phase=score completed=16 pending=112
[exp8209] phase=score completed=32 pending=96
[exp8209] phase=score completed=48 pending=80
[exp8209] phase=score completed=64 pending=64
[exp8209] phase=score completed=80 pending=48
[exp8209] phase=score completed=96 pending=32
[exp8209] phase=score completed=112 pending=16
[exp8209] phase=score completed=128 pending=0
[exp8238] phase=score completed=16 pending=112
[exp8238] phase=score completed=32 pending=96
[exp8238] phase=score completed=48 pending=80
[exp8238] phase=score completed=64 pending=64
[exp8238] phase=score completed=80 pending=48
[exp8238] phase=score completed=96 pending=32
[exp8238] phase=score completed=112 pending=16
[exp8238] phase=score completed=128 pending=0
.before private prediction CLI
after private prediction CLI 0
before private prediction CLI
after private prediction CLI 0
before private prediction CLI
after private prediction CLI 1
before private prediction CLI
after private prediction CLI 0
before private prediction CLI
after private prediction CLI 0
before private prediction CLI
after private prediction CLI 2
before private prediction CLI
after private prediction CLI 2
before private prediction CLI
after private prediction CLI 0
before private prediction CLI
after private prediction CLI 0
before private prediction CLI
after private prediction CLI 1
.[exp8238] phase=before_preconditions completed=0 pending=128
[exp8238] phase=after_preconditions completed=23 pending=0
[exp8238] phase=before_benchmark_subprocess completed=0 pending=128
[exp8205] phase=before_subprocess_public_prediction_worker completed=0 pending=1
[exp8205] phase=after_subprocess_public_prediction_worker completed=1 pending=0
[exp8238] phase=after_benchmark_subprocess completed=128 pending=0
[exp8238] phase=predictions_sealed completed=1152 pending=0
[exp8205] phase=before_subprocess_true completed=0 pending=1
[exp8205] phase=after_subprocess_true completed=1 pending=0
[exp8209] phase=score completed=16 pending=112
[exp8209] phase=score completed=32 pending=96
[exp8209] phase=score completed=48 pending=80
[exp8209] phase=score completed=64 pending=64
[exp8209] phase=score completed=80 pending=48
[exp8209] phase=score completed=96 pending=32
[exp8209] phase=score completed=112 pending=16
[exp8209] phase=score completed=128 pending=0
[exp8238] phase=score completed=16 pending=112
[exp8238] phase=score completed=32 pending=96
[exp8238] phase=score completed=48 pending=80
[exp8238] phase=score completed=64 pending=64
[exp8238] phase=score completed=80 pending=48
[exp8238] phase=score completed=96 pending=32
[exp8238] phase=score completed=112 pending=16
[exp8238] phase=score completed=128 pending=0
[exp8209] phase=score completed=16 pending=112
[exp8209] phase=score completed=32 pending=96
[exp8209] phase=score completed=48 pending=80
[exp8209] phase=score completed=64 pending=64
[exp8209] phase=score completed=80 pending=48
[exp8209] phase=score completed=96 pending=32
[exp8209] phase=score completed=112 pending=16
[exp8209] phase=score completed=128 pending=0
[exp8238] phase=score completed=16 pending=112
[exp8238] phase=score completed=32 pending=96
[exp8238] phase=score completed=48 pending=80
[exp8238] phase=score completed=64 pending=64
[exp8238] phase=score completed=80 pending=48
[exp8238] phase=score completed=96 pending=32
[exp8238] phase=score completed=112 pending=16
[exp8238] phase=score completed=128 pending=0
[exp8209] phase=score completed=16 pending=112
[exp8209] phase=score completed=32 pending=96
[exp8209] phase=score completed=48 pending=80
[exp8209] phase=score completed=64 pending=64
[exp8209] phase=score completed=80 pending=48
[exp8209] phase=score completed=96 pending=32
[exp8209] phase=score completed=112 pending=16
[exp8209] phase=score completed=128 pending=0
[exp8238] phase=score completed=16 pending=112
[exp8238] phase=score completed=32 pending=96
[exp8238] phase=score completed=48 pending=80
[exp8238] phase=score completed=64 pending=64
[exp8238] phase=score completed=80 pending=48
[exp8238] phase=score completed=96 pending=32
[exp8238] phase=score completed=112 pending=16
[exp8238] phase=score completed=128 pending=0
[exp8238] phase=before_preconditions completed=0 pending=128
[exp8238] phase=after_preconditions completed=2 pending=0
[exp8238] phase=predictions_sealed completed=0 pending=0
[exp8238] phase=before_preconditions completed=0 pending=128
[exp8238] phase=after_preconditions completed=2 pending=0
[exp8238] phase=predictions_sealed completed=0 pending=0
[exp8238] phase=before_preconditions completed=0 pending=128
[exp8238] phase=after_preconditions completed=23 pending=0
[exp8238] phase=before_benchmark_subprocess completed=0 pending=128
[exp8238] phase=after_benchmark_subprocess completed=128 pending=0
[exp8238] phase=predictions_sealed completed=0 pending=0
.[exp8238] phase=before_preconditions completed=0 pending=128
[exp8238] phase=after_preconditions completed=23 pending=0
[exp8238] phase=before_benchmark_subprocess completed=0 pending=128
[exp8205] phase=before_subprocess_public_prediction_worker completed=0 pending=1
[exp8205] phase=after_subprocess_public_prediction_worker completed=1 pending=0
[exp8238] phase=after_benchmark_subprocess completed=128 pending=0
[exp8238] phase=predictions_sealed completed=1152 pending=0
[exp8209] phase=score completed=16 pending=112
[exp8209] phase=score completed=32 pending=96
[exp8209] phase=score completed=48 pending=80
[exp8209] phase=score completed=64 pending=64
[exp8209] phase=score completed=80 pending=48
[exp8209] phase=score completed=96 pending=32
[exp8209] phase=score completed=112 pending=16
[exp8209] phase=score completed=128 pending=0
[exp8238] phase=score completed=16 pending=112
[exp8238] phase=score completed=32 pending=96
[exp8238] phase=score completed=48 pending=80
[exp8238] phase=score completed=64 pending=64
[exp8238] phase=score completed=80 pending=48
[exp8238] phase=score completed=96 pending=32
[exp8238] phase=score completed=112 pending=16
[exp8238] phase=score completed=128 pending=0
[exp8209] phase=score completed=16 pending=112
[exp8209] phase=score completed=32 pending=96
[exp8209] phase=score completed=48 pending=80
[exp8209] phase=score completed=64 pending=64
[exp8209] phase=score completed=80 pending=48
[exp8209] phase=score completed=96 pending=32
[exp8209] phase=score completed=112 pending=16
[exp8209] phase=score completed=128 pending=0
[exp8209] phase=score completed=16 pending=112
[exp8209] phase=score completed=32 pending=96
[exp8209] phase=score completed=48 pending=80
[exp8209] phase=score completed=64 pending=64
[exp8209] phase=score completed=80 pending=48
[exp8209] phase=score completed=96 pending=32
[exp8209] phase=score completed=112 pending=16
[exp8209] phase=score completed=128 pending=0
[exp8209] phase=score completed=16 pending=112
[exp8209] phase=score completed=32 pending=96
[exp8209] phase=score completed=48 pending=80
[exp8209] phase=score completed=64 pending=64
[exp8209] phase=score completed=80 pending=48
[exp8209] phase=score completed=96 pending=32
[exp8209] phase=score completed=112 pending=16
[exp8209] phase=score completed=128 pending=0
[exp8238] phase=score completed=16 pending=112
[exp8238] phase=score completed=32 pending=96
[exp8238] phase=score completed=48 pending=80
[exp8238] phase=score completed=64 pending=64
[exp8238] phase=score completed=80 pending=48
[exp8238] phase=score completed=96 pending=32
[exp8238] phase=score completed=112 pending=16
[exp8238] phase=score completed=128 pending=0
.[exp8238] phase=before_preconditions completed=0 pending=128
[exp8238] phase=after_preconditions completed=23 pending=0
[exp8238] phase=before_benchmark_subprocess completed=0 pending=128
[exp8205] phase=before_subprocess_public_prediction_worker completed=0 pending=1
[exp8205] phase=after_subprocess_public_prediction_worker completed=1 pending=0
[exp8238] phase=after_benchmark_subprocess completed=128 pending=0
[exp8238] phase=predictions_sealed completed=1152 pending=0
[exp8209] phase=score completed=16 pending=112
[exp8209] phase=score completed=32 pending=96
[exp8209] phase=score completed=48 pending=80
[exp8209] phase=score completed=64 pending=64
[exp8209] phase=score completed=80 pending=48
[exp8209] phase=score completed=96 pending=32
[exp8209] phase=score completed=112 pending=16
[exp8209] phase=score completed=128 pending=0
[exp8238] phase=score completed=16 pending=112
[exp8238] phase=score completed=32 pending=96
[exp8238] phase=score completed=48 pending=80
[exp8238] phase=score completed=64 pending=64
[exp8238] phase=score completed=80 pending=48
[exp8238] phase=score completed=96 pending=32
[exp8238] phase=score completed=112 pending=16
[exp8238] phase=score completed=128 pending=0
.
=============================== warnings summary ===============================
python/carnot/extraction/coace_extractor.py:122
  /home/ianblenke/github.com/ianblenke/carnot/python/carnot/extraction/coace_extractor.py:122: DeprecationWarning: ast.Num is deprecated and will be removed in Python 3.14; use ast.Constant instead
    if hasattr(ast, "Num"):

-- Docs: https://docs.pytest.org/en/stable/how-to/capture-warnings.html
5 passed, 1 warning in 98.30s (0:01:38)
