[exp7303-validation] before_subprocess repository_full_suite elapsed_s=0.000 unit=1/1
[exp7303-validation:repository_full_suite] ============================= test session starts ==============================
[exp7303-validation:repository_full_suite] platform linux -- Python 3.12.13, pytest-9.0.3, pluggy-1.6.0
[exp7303-validation:repository_full_suite] rootdir: /home/ianblenke/github.com/ianblenke/carnot
[exp7303-validation:repository_full_suite] configfile: pyproject.toml
[exp7303-validation:repository_full_suite] plugins: xdist-3.8.0, jaxtyping-0.3.10, cov-7.1.0, hydra-core-1.3.3, anyio-4.13.0, hypothesis-6.155.2
[exp7303-validation:repository_full_suite] created: 4/4 workers
[exp7303-validation] subprocess_outstanding repository_full_suite elapsed_s=30.001
[exp7303-validation] subprocess_outstanding repository_full_suite elapsed_s=60.001
[exp7303-validation:repository_full_suite] 4 workers [75401 items]
[exp7303-validation:repository_full_suite] 
[exp7303-validation:repository_full_suite] ........................................................................ [  0%]
[exp7303-validation:repository_full_suite] ........................................................................ [  0%]
[exp7303-validation:repository_full_suite] ........................................................................ [  0%]
[exp7303-validation:repository_full_suite] ........................................................................ [  0%]
[exp7303-validation:repository_full_suite] ....................F............F...................................... [  0%]
[exp7303-validation:repository_full_suite] ........................................................................ [  0%]
[exp7303-validation:repository_full_suite] ........................................................................ [  0%]
[exp7303-validation:repository_full_suite] ........................................................................ [  0%]
[exp7303-validation:repository_full_suite] ........................................................................ [  0%]
[exp7303-validation] subprocess_outstanding repository_full_suite elapsed_s=90.002
[exp7303-validation:repository_full_suite] .F.....F.F.............................................................. [  0%]
[exp7303-validation:repository_full_suite] ........................................................................ [  1%]
[exp7303-validation:repository_full_suite] ..........................................................F............. [  1%]
[exp7303-validation:repository_full_suite] ........................................................................ [  1%]
[exp7303-validation:repository_full_suite] ........................................................................ [  1%]
[exp7303-validation:repository_full_suite] ........................................................................ [  1%]
[exp7303-validation:repository_full_suite] ...........F.ss.s.ss.s.........s........................................ [  1%]
[exp7303-validation:repository_full_suite] ......F.F.F.F.............FFF........................................... [  1%]
[exp7303-validation:repository_full_suite] ........................................................................ [  1%]
[exp7303-validation:repository_full_suite] ..................................ssssssssssssssss...................... [  1%]
[exp7303-validation:repository_full_suite] ........................................................................ [  1%]
[exp7303-validation:repository_full_suite] ........................................................................ [  2%]
[exp7303-validation:repository_full_suite] ........................................................................ [  2%]
[exp7303-validation:repository_full_suite] ........................................................................ [  2%]
[exp7303-validation:repository_full_suite] ........................................................................ [  2%]
[exp7303-validation:repository_full_suite] ..............................................................F......... [  2%]
[exp7303-validation:repository_full_suite] ........................................................................ [  2%]
[exp7303-validation:repository_full_suite] ........................................................................ [  2%]
[exp7303-validation:repository_full_suite] ..............................................FF.F...................... [  2%]
[exp7303-validation:repository_full_suite] ...........F............................................................ [  2%]
[exp7303-validation:repository_full_suite] .............FF......................................................... [  2%]
[exp7303-validation:repository_full_suite] ........................................................................ [  2%]
[exp7303-validation:repository_full_suite] ........................................................................ [  3%]
[exp7303-validation] subprocess_outstanding repository_full_suite elapsed_s=120.003
[exp7303-validation:repository_full_suite] ........................................................................ [  3%]
[exp7303-validation:repository_full_suite] .....................................F.................................. [  3%]
[exp7303-validation:repository_full_suite] ............................................F......F....F............... [  3%]
[exp7303-validation:repository_full_suite] ........................................................................ [  3%]
[exp7303-validation:repository_full_suite] ........................................................................ [  3%]
[exp7303-validation:repository_full_suite] ........................................................................ [  3%]
[exp7303-validation:repository_full_suite] ........................................................................ [  3%]
[exp7303-validation:repository_full_suite] ........................................................................ [  3%]
[exp7303-validation:repository_full_suite] ........................................................................ [  3%]
[exp7303-validation:repository_full_suite] ........................................................................ [  4%]
[exp7303-validation:repository_full_suite] ........................................................................ [  4%]
[exp7303-validation:repository_full_suite] ........................................................................ [  4%]
[exp7303-validation:repository_full_suite] ........................................................................ [  4%]
[exp7303-validation:repository_full_suite] .............F.......................................................... [  4%]
[exp7303-validation:repository_full_suite] ........................................................................ [  4%]
[exp7303-validation:repository_full_suite] ........................................................................ [  4%]
[exp7303-validation:repository_full_suite] ................................................s....................... [  4%]
[exp7303-validation:repository_full_suite] ........................................................................ [  4%]
[exp7303-validation:repository_full_suite] ........................................................................ [  4%]
[exp7303-validation:repository_full_suite] ........................................................................ [  4%]
[exp7303-validation:repository_full_suite] ........................................................................ [  5%]
[exp7303-validation:repository_full_suite] ........................................................................ [  5%]
[exp7303-validation:repository_full_suite] ........................................................................ [  5%]
[exp7303-validation] subprocess_outstanding repository_full_suite elapsed_s=150.003
[exp7303-validation:repository_full_suite] ........................................................................ [  5%]
[exp7303-validation:repository_full_suite] ........................................................................ [  5%]
[exp7303-validation:repository_full_suite] ..................................................F..................... [  5%]
[exp7303-validation:repository_full_suite] .F..F.F................................................................. [  5%]
[exp7303-validation:repository_full_suite] ........................................................................ [  5%]
[exp7303-validation:repository_full_suite] ........................................................................ [  5%]
[exp7303-validation:repository_full_suite] ........................................................................ [  5%]
[exp7303-validation:repository_full_suite] ........................................................................ [  6%]
[exp7303-validation] subprocess_outstanding repository_full_suite elapsed_s=180.004
[exp7303-validation:repository_full_suite] ........................................................................ [  6%]
[exp7303-validation:repository_full_suite] ........................................................................ [  6%]
[exp7303-validation:repository_full_suite] ........................................................................ [  6%]
[exp7303-validation:repository_full_suite] ........................................................................ [  6%]
[exp7303-validation:repository_full_suite] ........................................................................ [  6%]
[exp7303-validation:repository_full_suite] ........................................................................ [  6%]
[exp7303-validation:repository_full_suite] ........................................................................ [  6%]
[exp7303-validation] subprocess_outstanding repository_full_suite elapsed_s=210.004
[exp7303-validation:repository_full_suite] ........................................................................ [  6%]
[exp7303-validation:repository_full_suite] ............................F........................................... [  6%]
[exp7303-validation:repository_full_suite] ..................................................................s..... [  6%]
[exp7303-validation:repository_full_suite] ........................................................................ [  7%]
[exp7303-validation:repository_full_suite] .........sssss.....ssssss............................................... [  7%]
[exp7303-validation:repository_full_suite] ........................................................................ [  7%]
[exp7303-validation:repository_full_suite] ........................................................................ [  7%]
[exp7303-validation:repository_full_suite] ........................................................................ [  7%]
[exp7303-validation:repository_full_suite] ........................................................................ [  7%]
[exp7303-validation:repository_full_suite] ...F.............................................F..F...F............... [  7%]
[exp7303-validation:repository_full_suite] ........................................................................ [  7%]
[exp7303-validation] subprocess_outstanding repository_full_suite elapsed_s=240.005
[exp7303-validation:repository_full_suite] ........................................................................ [  7%]
[exp7303-validation:repository_full_suite] ........................................................................ [  7%]
[exp7303-validation:repository_full_suite] ...............FF....................................................... [  8%]
[exp7303-validation:repository_full_suite] ........................................................................ [  8%]
[exp7303-validation:repository_full_suite] ........................................................................ [  8%]
[exp7303-validation:repository_full_suite] ........................................................................ [  8%]
[exp7303-validation:repository_full_suite] ........................................................................ [  8%]
[exp7303-validation:repository_full_suite] ........................................................................ [  8%]
[exp7303-validation:repository_full_suite] ........................................................................ [  8%]
[exp7303-validation:repository_full_suite] ........................................................................ [  8%]
[exp7303-validation:repository_full_suite] ........................................................................ [  8%]
[exp7303-validation] subprocess_outstanding repository_full_suite elapsed_s=270.005
[exp7303-validation:repository_full_suite] ....FFFFF.FFFFFFFFFFFFFFFFFFFFFFFFFFF..........F.......F..............FF [  8%]
[exp7303-validation:repository_full_suite] ........................................................................ [  8%]
[exp7303-validation:repository_full_suite] ........................................................................ [  9%]
[exp7303-validation] subprocess_outstanding repository_full_suite elapsed_s=300.005
[exp7303-validation:repository_full_suite] ........................................................................ [  9%]
[exp7303-validation:repository_full_suite] ..................................FF.................................... [  9%]
[exp7303-validation:repository_full_suite] ........................................................................ [  9%]
[exp7303-validation:repository_full_suite] ........................................................................ [  9%]
[exp7303-validation:repository_full_suite] ........................................................................ [  9%]
[exp7303-validation:repository_full_suite] ........................................................................ [  9%]
[exp7303-validation:repository_full_suite] ........................................................................ [  9%]
[exp7303-validation:repository_full_suite] ........................................................................ [  9%]
[exp7303-validation:repository_full_suite] ....s................................................................... [  9%]
[exp7303-validation:repository_full_suite] ........................................................F............... [ 10%]
[exp7303-validation] subprocess_outstanding repository_full_suite elapsed_s=330.006
[exp7303-validation:repository_full_suite] ........................................................................ [ 10%]
[exp7303-validation:repository_full_suite] ........................................................................ [ 10%]
[exp7303-validation:repository_full_suite] .......................................................................s [ 10%]
[exp7303-validation:repository_full_suite] sssssssssssss.......................F..F................................ [ 10%]
[exp7303-validation:repository_full_suite] ..............FFFFFFFF.....s.....................................F...F.. [ 10%]
[exp7303-validation] subprocess_outstanding repository_full_suite elapsed_s=360.006
[exp7303-validation:repository_full_suite] F......F..........................................................F..F.. [ 10%]
[exp7303-validation:repository_full_suite] F..F.................................................................... [ 10%]
[exp7303-validation:repository_full_suite] ........................................................................ [ 10%]
[exp7303-validation:repository_full_suite] ........................................................................ [ 10%]
[exp7303-validation:repository_full_suite] ...........................................................F............ [ 10%]
[exp7303-validation:repository_full_suite] ........................................................................ [ 11%]
[exp7303-validation:repository_full_suite] ..FssF....FFF.FFFFF..FFF.FF............................................. [ 11%]
[exp7303-validation:repository_full_suite] ........................................................FF.F..F..FF..... [ 11%]
[exp7303-validation:repository_full_suite] ..........................................................FFF........... [ 11%]
[exp7303-validation:repository_full_suite] .................................................FF..................... [ 11%]
[exp7303-validation:repository_full_suite] ........................................................................ [ 11%]
[exp7303-validation:repository_full_suite] ........................................................................ [ 11%]
[exp7303-validation:repository_full_suite] ........................................................................ [ 11%]
[exp7303-validation] subprocess_outstanding repository_full_suite elapsed_s=390.006
[exp7303-validation:repository_full_suite] ........................sss............................................. [ 11%]
[exp7303-validation:repository_full_suite] ...............................sssssssssssssss.......................... [ 11%]
[exp7303-validation:repository_full_suite] ........................................................................ [ 12%]
[exp7303-validation:repository_full_suite] ........................................................................ [ 12%]
[exp7303-validation:repository_full_suite] ........................................................................ [ 12%]
[exp7303-validation:repository_full_suite] ........................s............................................... [ 12%]
[exp7303-validation:repository_full_suite] ........................................................................ [ 12%]
[exp7303-validation:repository_full_suite] ........................................................................ [ 12%]
[exp7303-validation:repository_full_suite] ........................................................................ [ 12%]
[exp7303-validation:repository_full_suite] ...F.................................................................... [ 12%]
[exp7303-validation:repository_full_suite] ........................................................................ [ 12%]
[exp7303-validation:repository_full_suite] ........................................................................ [ 12%]
[exp7303-validation:repository_full_suite] ........................................................................ [ 12%]
[exp7303-validation:repository_full_suite] ........................................................................ [ 13%]
[exp7303-validation:repository_full_suite] ........................................................................ [ 13%]
[exp7303-validation:repository_full_suite] ........................................................................ [ 13%]
[exp7303-validation:repository_full_suite] .....E.................................................................. [ 13%]
[exp7303-validation:repository_full_suite] .......................................................................s [ 13%]
[exp7303-validation:repository_full_suite] ..............F................................FFFF..................... [ 13%]
[exp7303-validation:repository_full_suite] ........................................................................ [ 13%]
[exp7303-validation:repository_full_suite] .....F................................................F..F.........F.... [ 13%]
[exp7303-validation:repository_full_suite] ........................................................................ [ 13%]
[exp7303-validation:repository_full_suite] ..........F....FF....................................................sss [ 13%]
[exp7303-validation:repository_full_suite] ssssssssF................F....F..............................FF......... [ 14%]
[exp7303-validation:repository_full_suite] ...............................................F........................ [ 14%]
[exp7303-validation:repository_full_suite] ........................................................................ [ 14%]
[exp7303-validation:repository_full_suite] ........................................................................ [ 14%]
[exp7303-validation:repository_full_suite] ........................................................................ [ 14%]
[exp7303-validation:repository_full_suite] ........................................................................ [ 14%]
[exp7303-validation] subprocess_outstanding repository_full_suite elapsed_s=420.007
[exp7303-validation:repository_full_suite] ............F....F.F..F......F.F........................................ [ 14%]
[exp7303-validation:repository_full_suite] ................................F....................................... [ 14%]
[exp7303-validation:repository_full_suite] ...........FF...F..................................................F..F. [ 14%]
[exp7303-validation:repository_full_suite] .............FF...................F.......FFF..F...F.................... [ 14%]
[exp7303-validation:repository_full_suite] ..............FF........................................................ [ 14%]
[exp7303-validation:repository_full_suite] ........................................................................ [ 15%]
[exp7303-validation:repository_full_suite] ........................................................................ [ 15%]
[exp7303-validation] subprocess_outstanding repository_full_suite elapsed_s=450.007
[exp7303-validation:repository_full_suite] ...............................................FF.FF.F.FF.F.F.F.F..F.F.F [ 15%]
[exp7303-validation:repository_full_suite] ..F..................................................................... [ 15%]
[exp7303-validation:repository_full_suite] ........................................................................ [ 15%]
[exp7303-validation:repository_full_suite] ........................................................................ [ 15%]
[exp7303-validation:repository_full_suite] .....................................F.FF.FF............................ [ 15%]
[exp7303-validation] subprocess_outstanding repository_full_suite elapsed_s=480.007
[exp7303-validation:repository_full_suite] ....FFFFFFFF.FFFFFFF.................................................... [ 15%]
[exp7303-validation:repository_full_suite] ........................................................................ [ 15%]
[exp7303-validation:repository_full_suite] ........................................................................ [ 15%]
[exp7303-validation:repository_full_suite] ........................................................................ [ 16%]
[exp7303-validation:repository_full_suite] ........................................................................ [ 16%]
[exp7303-validation:repository_full_suite] .....F.F....F..F................................F...F....F.............. [ 16%]
[exp7303-validation:repository_full_suite] ........................................................................ [ 16%]
[exp7303-validation:repository_full_suite] ........................................................................ [ 16%]
[exp7303-validation:repository_full_suite] ........................................................................ [ 16%]
[exp7303-validation] subprocess_outstanding repository_full_suite elapsed_s=510.008
[exp7303-validation:repository_full_suite] ....................................F..................F.FFF.FFFFFFFFFFF [ 16%]
[exp7303-validation:repository_full_suite] F...............................s......F................................ [ 16%]
[exp7303-validation:repository_full_suite] F.................F.F................................................... [ 16%]
[exp7303-validation:repository_full_suite] ..........FF............................................................ [ 16%]
[exp7303-validation:repository_full_suite] ........................................................................ [ 16%]
[exp7303-validation:repository_full_suite] ........................................................................ [ 17%]
[exp7303-validation:repository_full_suite] ........................................................................ [ 17%]
[exp7303-validation:repository_full_suite] ........................................................................ [ 17%]
[exp7303-validation:repository_full_suite] ........................................................................ [ 17%]
[exp7303-validation:repository_full_suite] ........................................................................ [ 17%]
[exp7303-validation] subprocess_outstanding repository_full_suite elapsed_s=540.008
[exp7303-validation:repository_full_suite] ........................................................................ [ 17%]
[exp7303-validation:repository_full_suite] ........................................................................ [ 17%]
[exp7303-validation:repository_full_suite] ........................................................................ [ 17%]
[exp7303-validation:repository_full_suite] ........................................................................ [ 17%]
[exp7303-validation:repository_full_suite] ........................................................................ [ 17%]
[exp7303-validation:repository_full_suite] ........................................................................ [ 18%]
[exp7303-validation:repository_full_suite] ..........FFFFFFFFFF.............F.................FF.F................. [ 18%]
[exp7303-validation:repository_full_suite] ..............................F......................................... [ 18%]
[exp7303-validation:repository_full_suite] .......FF.F.F.F..........F.............................................. [ 18%]
[exp7303-validation:repository_full_suite] ....................................F................................... [ 18%]
[exp7303-validation:repository_full_suite] ........................................................................ [ 18%]
[exp7303-validation:repository_full_suite] ....F.............................F..................F..............F... [ 18%]
[exp7303-validation:repository_full_suite] ........................................................................ [ 18%]
[exp7303-validation:repository_full_suite] ........................................................s............... [ 18%]
[exp7303-validation:repository_full_suite] ..F..................................................................... [ 18%]
[exp7303-validation:repository_full_suite] ........................................................................ [ 19%]
[exp7303-validation:repository_full_suite] ........................................................................ [ 19%]
[exp7303-validation:repository_full_suite] ......................................................................F. [ 19%]
[exp7303-validation:repository_full_suite] ........................................................................ [ 19%]
[exp7303-validation:repository_full_suite] ........................................................................ [ 19%]
[exp7303-validation:repository_full_suite] ......................................................................F. [ 19%]
[exp7303-validation:repository_full_suite] ......F................................................................. [ 19%]
[exp7303-validation:repository_full_suite] .......................................................................F [ 19%]
[exp7303-validation] subprocess_outstanding repository_full_suite elapsed_s=570.008
[exp7303-validation:repository_full_suite] .FFFFFFFFFFFFFFFFFF..................................................... [ 19%]
[exp7303-validation:repository_full_suite] .....................................FFFFFFF............................ [ 19%]
[exp7303-validation:repository_full_suite] ........................................................................ [ 19%]
[exp7303-validation:repository_full_suite] ...............................................................F........ [ 20%]
[exp7303-validation:repository_full_suite] ....................................................F..F.FFFFF.F........ [ 20%]
[exp7303-validation] subprocess_outstanding repository_full_suite elapsed_s=600.009
[exp7303-validation:repository_full_suite] ........................FF..F../home/ianblenke/github.com/ianblenke/carnot/.venv/lib/python3.12/site-packages/_pytest/main.py:353: PluggyTeardownRaisedWarning: A plugin raised an exception during an old-style hookwrapper teardown.
[exp7303-validation:repository_full_suite] Plugin: 139907741222960, Hook: pytest_sessionfinish
[exp7303-validation:repository_full_suite] OSError: cannot send (already closed?)
[exp7303-validation:repository_full_suite] For more information see https://pluggy.readthedocs.io/en/stable/api_reference.html#pluggy.PluggyTeardownRaisedWarning
[exp7303-validation:repository_full_suite]   config.hook.pytest_sessionfinish(
[exp7303-validation:repository_full_suite] /home/ianblenke/github.com/ianblenke/carnot/.venv/lib/python3.12/site-packages/_pytest/main.py:353: PluggyTeardownRaisedWarning: A plugin raised an exception during an old-style hookwrapper teardown.
[exp7303-validation:repository_full_suite] Plugin: 140104410576800, Hook: pytest_sessionfinish
[exp7303-validation:repository_full_suite] OSError: cannot send (already closed?)
[exp7303-validation:repository_full_suite] For more information see https://pluggy.readthedocs.io/en/stable/api_reference.html#pluggy.PluggyTeardownRaisedWarning
[exp7303-validation:repository_full_suite]   config.hook.pytest_sessionfinish(
[exp7303-validation:repository_full_suite] /home/ianblenke/github.com/ianblenke/carnot/.venv/lib/python3.12/site-packages/_pytest/main.py:353: PluggyTeardownRaisedWarning: A plugin raised an exception during an old-style hookwrapper teardown.
[exp7303-validation:repository_full_suite] Plugin: 139867823285424, Hook: pytest_sessionfinish
[exp7303-validation:repository_full_suite] OSError: cannot send (already closed?)
[exp7303-validation:repository_full_suite] For more information see https://pluggy.readthedocs.io/en/stable/api_reference.html#pluggy.PluggyTeardownRaisedWarning
[exp7303-validation:repository_full_suite]   config.hook.pytest_sessionfinish(
[exp7303-validation] after_subprocess repository_full_suite elapsed_s=670.231 exit=-15 unit=1/1
