{
  "reports": [
    {
      "artifact": "/home/ianblenke/github.com/ianblenke/carnot/results/raw/experiment_7911_v686_arc_supervisor_delta/terminal_candidate.json",
      "loaded": true,
      "exp_id": 7911,
      "title": "",
      "honest_verdict": "complete_disqualified_terminal_verification",
      "flag_count": 1,
      "max_severity": 0,
      "flags": [
        {
          "kind": "IMPLAUSIBLE_PERFECT",
          "severity": "info",
          "detail": "arc_delta_ready_score=0.0 (exactly zero). Confirm this is not a stub default."
        }
      ],
      "gate_version": "197e0a5eacacb09ce6607ae8bdfd507498082857f0d02ec2003a62c251b69a24"
    }
  ],
  "flagged_count": 1
}
