[exp7979] phase=start completed_units=0
[exp7979] phase=inputs_start completed_units=0
[exp7979] phase=inputs_frozen completed_units=3
[exp7953] phase=mutations completed_units=1/12 elapsed_s=1.622
[exp7953] phase=mutations completed_units=2/12 elapsed_s=3.313
[exp7953] phase=mutations completed_units=3/12 elapsed_s=4.918
[exp7953] phase=mutations completed_units=4/12 elapsed_s=6.613
[exp7953] phase=mutations completed_units=5/12 elapsed_s=8.304
[exp7953] phase=mutations completed_units=6/12 elapsed_s=9.972
[exp7953] phase=mutations completed_units=7/12 elapsed_s=11.668
[exp7953] phase=mutations completed_units=8/12 elapsed_s=13.357
[exp7953] phase=mutations completed_units=9/12 elapsed_s=14.970
[exp7953] phase=mutations completed_units=10/12 elapsed_s=16.584
[exp7953] phase=mutations completed_units=11/12 elapsed_s=18.270
[exp7953] phase=mutations completed_units=12/12 elapsed_s=20.240
[exp7979] phase=mutations completed_units=13/16
[exp7979] phase=mutations completed_units=14/16
[exp7979] phase=mutations completed_units=15/16
[exp7979] phase=mutations completed_units=16/16
[exp7979] phase=checks_complete completed_units=1
[exp7979] phase=published completed_units=13 elapsed_s=49.721
