[exp7979] phase=start completed_units=0
[exp7979] phase=inputs_start completed_units=0
[exp7979] phase=inputs_frozen completed_units=3
[exp7953] phase=mutations completed_units=1/12 elapsed_s=1.597
[exp7953] phase=mutations completed_units=2/12 elapsed_s=3.267
[exp7953] phase=mutations completed_units=3/12 elapsed_s=4.919
[exp7953] phase=mutations completed_units=4/12 elapsed_s=6.507
[exp7953] phase=mutations completed_units=5/12 elapsed_s=8.176
[exp7953] phase=mutations completed_units=6/12 elapsed_s=9.822
[exp7953] phase=mutations completed_units=7/12 elapsed_s=11.484
[exp7953] phase=mutations completed_units=8/12 elapsed_s=13.141
[exp7953] phase=mutations completed_units=9/12 elapsed_s=14.799
[exp7953] phase=mutations completed_units=10/12 elapsed_s=16.297
[exp7953] phase=mutations completed_units=11/12 elapsed_s=17.951
[exp7953] phase=mutations completed_units=12/12 elapsed_s=19.886
[exp7979] phase=mutations completed_units=13/16
[exp7979] phase=mutations completed_units=14/16
[exp7979] phase=mutations completed_units=15/16
[exp7979] phase=mutations completed_units=16/16
[exp7979] phase=checks_complete completed_units=1
[exp7979] phase=published completed_units=13 elapsed_s=50.290
