[exp8071] phase=start elapsed_s=0.000 completed=0 pending=0
[exp8071] phase=before_model_load elapsed_s=0.043 completed=0 pending=0
[exp8071] phase=after_model_load elapsed_s=7.549 completed=0 pending=0
[exp8059] phase=token_view_seal elapsed_s=7.541 completed=1 pending=7
[exp8059] phase=token_view_seal elapsed_s=7.551 completed=2 pending=6
[exp8059] phase=token_view_seal elapsed_s=7.561 completed=3 pending=5
[exp8059] phase=token_view_seal elapsed_s=7.572 completed=4 pending=4
[exp8059] phase=token_view_seal elapsed_s=7.603 completed=5 pending=3
[exp8059] phase=token_view_seal elapsed_s=7.612 completed=6 pending=2
[exp8059] phase=token_view_seal elapsed_s=7.618 completed=7 pending=1
[exp8059] phase=token_view_seal elapsed_s=7.642 completed=8 pending=0
[exp8071] phase=before_native_forward elapsed_s=7.716 completed=0 pending=0
[exp8022] phase=8033_before_context_create elapsed_s=0.000 completed=0 pending=0
[exp8022] phase=8033_after_context_create elapsed_s=0.038 completed=0 pending=0
[exp8022] phase=8033_before_eval elapsed_s=0.049 completed=0 pending=968
[exp8022] phase=8033_after_eval elapsed_s=1.594 completed=968 pending=0
[exp8022] phase=8033_before_context_close elapsed_s=2.156 completed=0 pending=0
[exp8022] phase=8033_after_context_close elapsed_s=3.040 completed=0 pending=0
[exp8071] phase=after_native_forward elapsed_s=10.771 completed=0 pending=0
[exp8071] phase=before_model_cleanup elapsed_s=10.773 completed=0 pending=0
[exp8071] phase=after_model_cleanup elapsed_s=10.971 completed=0 pending=0
