[exp8055] phase=start_preconditions elapsed_s=0.000 completed=1 pending=start_preconditions model_loads=0 generations=0 device_calls=0
[exp8055] phase=authenticate_inputs_before_small_head_load elapsed_s=0.002 completed=2 pending=authenticate_inputs_before_small_head_load model_loads=0 generations=0 device_calls=0
[exp8055] phase=authenticate_inputs_after_small_head_load elapsed_s=2.712 completed=3 pending=authenticate_inputs_after_small_head_load model_loads=0 generations=0 device_calls=0
[exp8055] freeze_case_shard elapsed_s=0.285 completed=100 pending=3860
[exp8055] freeze_case_shard elapsed_s=0.371 completed=200 pending=3760
[exp8055] freeze_case_shard elapsed_s=0.458 completed=300 pending=3660
[exp8055] freeze_case_shard elapsed_s=0.544 completed=400 pending=3560
[exp8055] freeze_case_shard elapsed_s=0.630 completed=500 pending=3460
[exp8055] freeze_case_shard elapsed_s=0.715 completed=600 pending=3360
[exp8055] freeze_case_shard elapsed_s=0.801 completed=700 pending=3260
[exp8055] freeze_case_shard elapsed_s=0.888 completed=800 pending=3160
[exp8055] freeze_case_shard elapsed_s=0.975 completed=900 pending=3060
[exp8055] freeze_case_shard elapsed_s=1.061 completed=1000 pending=2960
[exp8055] freeze_case_shard elapsed_s=1.147 completed=1100 pending=2860
[exp8055] freeze_case_shard elapsed_s=1.235 completed=1200 pending=2760
[exp8055] freeze_case_shard elapsed_s=1.322 completed=1300 pending=2660
[exp8055] freeze_case_shard elapsed_s=1.408 completed=1400 pending=2560
[exp8055] freeze_case_shard elapsed_s=1.493 completed=1500 pending=2460
[exp8055] freeze_case_shard elapsed_s=1.580 completed=1600 pending=2360
[exp8055] freeze_case_shard elapsed_s=1.666 completed=1700 pending=2260
[exp8055] freeze_case_shard elapsed_s=1.752 completed=1800 pending=2160
[exp8055] freeze_case_shard elapsed_s=1.838 completed=1900 pending=2060
[exp8055] freeze_case_shard elapsed_s=1.925 completed=2000 pending=1960
[exp8055] freeze_case_shard elapsed_s=2.011 completed=2100 pending=1860
[exp8055] freeze_case_shard elapsed_s=2.098 completed=2200 pending=1760
[exp8055] freeze_case_shard elapsed_s=2.185 completed=2300 pending=1660
[exp8055] freeze_case_shard elapsed_s=2.273 completed=2400 pending=1560
[exp8055] freeze_case_shard elapsed_s=2.359 completed=2500 pending=1460
[exp8055] freeze_case_shard elapsed_s=2.446 completed=2600 pending=1360
[exp8055] freeze_case_shard elapsed_s=2.534 completed=2700 pending=1260
[exp8055] freeze_case_shard elapsed_s=2.621 completed=2800 pending=1160
[exp8055] freeze_case_shard elapsed_s=2.710 completed=2900 pending=1060
[exp8055] freeze_case_shard elapsed_s=2.797 completed=3000 pending=960
[exp8055] freeze_case_shard elapsed_s=2.886 completed=3100 pending=860
[exp8055] freeze_case_shard elapsed_s=2.974 completed=3200 pending=760
[exp8055] freeze_case_shard elapsed_s=3.062 completed=3300 pending=660
[exp8055] freeze_case_shard elapsed_s=3.152 completed=3400 pending=560
[exp8055] freeze_case_shard elapsed_s=3.238 completed=3500 pending=460
[exp8055] freeze_case_shard elapsed_s=3.325 completed=3600 pending=360
[exp8055] freeze_case_shard elapsed_s=3.413 completed=3700 pending=260
[exp8055] freeze_case_shard elapsed_s=3.501 completed=3800 pending=160
[exp8055] freeze_case_shard elapsed_s=3.588 completed=3900 pending=60
[exp8055] freeze_case_shard elapsed_s=3.660 completed=3960 pending=0
[exp8055] phase=before_guard_replay_benchmark elapsed_s=6.399 completed=4 pending=before_guard_replay_benchmark model_loads=0 generations=0 device_calls=0
[exp8055] replay elapsed_s=0.041 completed=1 pending=3959
[exp8055] replay elapsed_s=0.116 completed=101 pending=3859
[exp8055] replay elapsed_s=0.191 completed=201 pending=3759
[exp8055] replay elapsed_s=0.266 completed=301 pending=3659
[exp8055] replay elapsed_s=0.340 completed=401 pending=3559
[exp8055] replay elapsed_s=0.415 completed=501 pending=3459
[exp8055] replay elapsed_s=0.489 completed=601 pending=3359
[exp8055] replay elapsed_s=0.565 completed=701 pending=3259
[exp8055] replay elapsed_s=0.639 completed=801 pending=3159
[exp8055] replay elapsed_s=0.714 completed=901 pending=3059
[exp8055] replay elapsed_s=0.789 completed=1001 pending=2959
[exp8055] replay elapsed_s=0.863 completed=1101 pending=2859
[exp8055] replay elapsed_s=0.938 completed=1201 pending=2759
[exp8055] replay elapsed_s=1.013 completed=1301 pending=2659
[exp8055] replay elapsed_s=1.088 completed=1401 pending=2559
[exp8055] replay elapsed_s=1.163 completed=1501 pending=2459
[exp8055] replay elapsed_s=1.237 completed=1601 pending=2359
[exp8055] replay elapsed_s=1.312 completed=1701 pending=2259
[exp8055] replay elapsed_s=1.387 completed=1801 pending=2159
[exp8055] replay elapsed_s=1.462 completed=1901 pending=2059
[exp8055] replay elapsed_s=1.537 completed=2001 pending=1959
[exp8055] replay elapsed_s=1.611 completed=2101 pending=1859
[exp8055] replay elapsed_s=1.686 completed=2201 pending=1759
[exp8055] replay elapsed_s=1.761 completed=2301 pending=1659
[exp8055] replay elapsed_s=1.836 completed=2401 pending=1559
[exp8055] replay elapsed_s=1.911 completed=2501 pending=1459
[exp8055] replay elapsed_s=1.986 completed=2601 pending=1359
[exp8055] replay elapsed_s=2.060 completed=2701 pending=1259
[exp8055] replay elapsed_s=2.135 completed=2801 pending=1159
[exp8055] replay elapsed_s=2.210 completed=2901 pending=1059
[exp8055] replay elapsed_s=2.285 completed=3001 pending=959
[exp8055] replay elapsed_s=2.360 completed=3101 pending=859
[exp8055] replay elapsed_s=2.434 completed=3201 pending=759
[exp8055] replay elapsed_s=2.509 completed=3301 pending=659
[exp8055] replay elapsed_s=2.584 completed=3401 pending=559
[exp8055] replay elapsed_s=2.659 completed=3501 pending=459
[exp8055] replay elapsed_s=2.735 completed=3601 pending=359
[exp8055] replay elapsed_s=2.810 completed=3701 pending=259
[exp8055] replay elapsed_s=3.120 completed=3801 pending=159
[exp8055] replay elapsed_s=3.195 completed=3901 pending=59
[exp8055] replay elapsed_s=0.001 completed=1 pending=5
[exp8055] freeze_case_shard elapsed_s=0.090 completed=100 pending=3860
[exp8055] freeze_case_shard elapsed_s=0.177 completed=200 pending=3760
[exp8055] freeze_case_shard elapsed_s=0.265 completed=300 pending=3660
[exp8055] freeze_case_shard elapsed_s=0.352 completed=400 pending=3560
[exp8055] freeze_case_shard elapsed_s=0.441 completed=500 pending=3460
[exp8055] freeze_case_shard elapsed_s=0.531 completed=600 pending=3360
[exp8055] freeze_case_shard elapsed_s=0.619 completed=700 pending=3260
[exp8055] freeze_case_shard elapsed_s=0.707 completed=800 pending=3160
[exp8055] freeze_case_shard elapsed_s=0.795 completed=900 pending=3060
[exp8055] freeze_case_shard elapsed_s=0.884 completed=1000 pending=2960
[exp8055] freeze_case_shard elapsed_s=0.973 completed=1100 pending=2860
[exp8055] freeze_case_shard elapsed_s=1.062 completed=1200 pending=2760
[exp8055] freeze_case_shard elapsed_s=1.150 completed=1300 pending=2660
[exp8055] freeze_case_shard elapsed_s=1.239 completed=1400 pending=2560
[exp8055] freeze_case_shard elapsed_s=1.328 completed=1500 pending=2460
[exp8055] freeze_case_shard elapsed_s=1.417 completed=1600 pending=2360
[exp8055] freeze_case_shard elapsed_s=1.506 completed=1700 pending=2260
[exp8055] freeze_case_shard elapsed_s=1.594 completed=1800 pending=2160
[exp8055] freeze_case_shard elapsed_s=1.684 completed=1900 pending=2060
[exp8055] freeze_case_shard elapsed_s=1.775 completed=2000 pending=1960
[exp8055] freeze_case_shard elapsed_s=1.863 completed=2100 pending=1860
[exp8055] freeze_case_shard elapsed_s=1.952 completed=2200 pending=1760
[exp8055] freeze_case_shard elapsed_s=2.042 completed=2300 pending=1660
[exp8055] freeze_case_shard elapsed_s=2.130 completed=2400 pending=1560
[exp8055] freeze_case_shard elapsed_s=2.217 completed=2500 pending=1460
[exp8055] freeze_case_shard elapsed_s=2.306 completed=2600 pending=1360
[exp8055] freeze_case_shard elapsed_s=2.394 completed=2700 pending=1260
[exp8055] freeze_case_shard elapsed_s=2.482 completed=2800 pending=1160
[exp8055] freeze_case_shard elapsed_s=2.571 completed=2900 pending=1060
[exp8055] freeze_case_shard elapsed_s=2.661 completed=3000 pending=960
[exp8055] freeze_case_shard elapsed_s=2.750 completed=3100 pending=860
[exp8055] freeze_case_shard elapsed_s=2.838 completed=3200 pending=760
[exp8055] freeze_case_shard elapsed_s=2.926 completed=3300 pending=660
[exp8055] freeze_case_shard elapsed_s=3.015 completed=3400 pending=560
[exp8055] freeze_case_shard elapsed_s=3.105 completed=3500 pending=460
[exp8055] freeze_case_shard elapsed_s=3.195 completed=3600 pending=360
[exp8055] freeze_case_shard elapsed_s=3.284 completed=3700 pending=260
[exp8055] freeze_case_shard elapsed_s=3.374 completed=3800 pending=160
[exp8055] freeze_case_shard elapsed_s=3.465 completed=3900 pending=60
[exp8055] freeze_case_shard elapsed_s=3.538 completed=3960 pending=0
[exp8055] phase=after_guard_replay_benchmark elapsed_s=13.269 completed=5 pending=after_guard_replay_benchmark model_loads=0 generations=0 device_calls=0
[exp8055] phase=before_validation_subprocesses elapsed_s=13.290 completed=6 pending=before_validation_subprocesses model_loads=0 generations=0 device_calls=0
[exp7303-validation] before_subprocess owned_tests elapsed_s=0.000 unit=1/8
[exp7303-validation] subprocess_outstanding owned_tests elapsed_s=10.001
[exp7303-validation] subprocess_outstanding owned_tests elapsed_s=20.001
[exp7303-validation] subprocess_outstanding owned_tests elapsed_s=30.002
[exp7303-validation] subprocess_outstanding owned_tests elapsed_s=40.002
[exp7303-validation] subprocess_outstanding owned_tests elapsed_s=50.002
[exp7303-validation:owned_tests] ...................                                                      [100%]
[exp7303-validation:owned_tests] 19 passed in 46.19s
[exp7303-validation] after_subprocess owned_tests elapsed_s=53.160 exit=0 unit=1/8
[exp7303-validation] before_subprocess coverage_combine elapsed_s=0.000 unit=2/8
[exp7303-validation:coverage_combine] Combined 1 file
[exp7303-validation] after_subprocess coverage_combine elapsed_s=0.062 exit=0 unit=2/8
[exp7303-validation] before_subprocess coverage_json elapsed_s=0.000 unit=3/8
[exp7303-validation:coverage_json] Wrote JSON report to /tmp/carnot-8055-og25cepq/coverage.json
[exp7303-validation] after_subprocess coverage_json elapsed_s=0.097 exit=0 unit=3/8
[exp7303-validation] before_subprocess coverage100 elapsed_s=0.000 unit=4/8
[exp7303-validation:coverage100] Name                                                                  Stmts   Miss  Cover
[exp7303-validation:coverage100] -----------------------------------------------------------------------------------------
[exp7303-validation:coverage100] python/carnot/experiment_8055_v697_hardware_guard_boundary.py           150      0   100%
[exp7303-validation:coverage100] python/carnot/reporting/hardware_guard_8055.py                          238      0   100%
[exp7303-validation:coverage100] scripts/experiments/experiment_8055_v697_hardware_guard_boundary.py      10      0   100%
[exp7303-validation:coverage100] -----------------------------------------------------------------------------------------
[exp7303-validation:coverage100] TOTAL                                                                   398      0   100%
[exp7303-validation] after_subprocess coverage100 elapsed_s=0.100 exit=0 unit=4/8
[exp7303-validation] before_subprocess ruff_check elapsed_s=0.000 unit=5/8
[exp7303-validation:ruff_check] All checks passed!
[exp7303-validation] after_subprocess ruff_check elapsed_s=0.014 exit=0 unit=5/8
[exp7303-validation] before_subprocess ruff_format elapsed_s=0.000 unit=6/8
[exp7303-validation:ruff_format] 4 files already formatted
[exp7303-validation] after_subprocess ruff_format elapsed_s=0.011 exit=0 unit=6/8
[exp7303-validation] before_subprocess strict_mypy elapsed_s=0.000 unit=7/8
[exp7303-validation:strict_mypy] pyproject.toml: note: unused section(s): module = ['carnot.autoresearch.*', 'carnot.benchmarks.*', 'carnot.embeddings.*', 'carnot.embeddings.fast_embedding', 'carnot.embeddings.jepa_energy', 'carnot.extraction.*', 'carnot.hardware.*', 'carnot.inference.*', 'carnot.pipeline.*', 'carnot.pipeline.agentic', 'carnot.pipeline.gemma_loader', 'carnot.pipeline.grammar_constrained_decoder', 'carnot.pipeline.verify_repair', 'carnot.probes.*', 'carnot.probes.drift_probe', 'carnot.samplers.parallel_ising', 'carnot.sampling._vendored_thrml.*', 'carnot.training.capo_loss', 'carnot.training.nce', 'carnot.training.score_matching', 'carnot.training.snl']
[exp7303-validation:strict_mypy] Success: no issues found in 3 source files
[exp7303-validation] after_subprocess strict_mypy elapsed_s=0.290 exit=0 unit=7/8
[exp7303-validation] before_subprocess spec_coverage elapsed_s=0.000 unit=8/8
[exp7303-validation:spec_coverage] OK: All tests reference specification requirements.
[exp7303-validation] after_subprocess spec_coverage elapsed_s=0.027 exit=0 unit=8/8
[exp8055] phase=after_validation_subprocesses elapsed_s=67.055 completed=7 pending=after_validation_subprocesses model_loads=0 generations=0 device_calls=0
[exp8055] phase=freeze_candidate_before_publication elapsed_s=67.200 completed=8 pending=freeze_candidate_before_publication model_loads=0 generations=0 device_calls=0
[exp7303-validation] before_subprocess cold_reduce elapsed_s=0.000 unit=1/3
[exp7303-validation:cold_reduce] [exp8055] phase=start_preconditions elapsed_s=0.000 completed=1 pending=start_preconditions model_loads=0 generations=0 device_calls=0
[exp7303-validation:cold_reduce] [exp8055] replay elapsed_s=0.042 completed=1 pending=3959
[exp7303-validation:cold_reduce] [exp8055] replay elapsed_s=0.121 completed=101 pending=3859
[exp7303-validation:cold_reduce] [exp8055] replay elapsed_s=0.204 completed=201 pending=3759
[exp7303-validation:cold_reduce] [exp8055] replay elapsed_s=0.282 completed=301 pending=3659
[exp7303-validation:cold_reduce] [exp8055] replay elapsed_s=0.361 completed=401 pending=3559
[exp7303-validation:cold_reduce] [exp8055] replay elapsed_s=0.439 completed=501 pending=3459
[exp7303-validation:cold_reduce] [exp8055] replay elapsed_s=0.517 completed=601 pending=3359
[exp7303-validation:cold_reduce] [exp8055] replay elapsed_s=0.596 completed=701 pending=3259
[exp7303-validation:cold_reduce] [exp8055] replay elapsed_s=0.674 completed=801 pending=3159
[exp7303-validation:cold_reduce] [exp8055] replay elapsed_s=0.753 completed=901 pending=3059
[exp7303-validation:cold_reduce] [exp8055] replay elapsed_s=0.831 completed=1001 pending=2959
[exp7303-validation:cold_reduce] [exp8055] replay elapsed_s=0.909 completed=1101 pending=2859
[exp7303-validation:cold_reduce] [exp8055] replay elapsed_s=0.988 completed=1201 pending=2759
[exp7303-validation:cold_reduce] [exp8055] replay elapsed_s=1.067 completed=1301 pending=2659
[exp7303-validation:cold_reduce] [exp8055] replay elapsed_s=1.391 completed=1401 pending=2559
[exp7303-validation:cold_reduce] [exp8055] replay elapsed_s=1.471 completed=1501 pending=2459
[exp7303-validation:cold_reduce] [exp8055] replay elapsed_s=1.550 completed=1601 pending=2359
[exp7303-validation:cold_reduce] [exp8055] replay elapsed_s=1.629 completed=1701 pending=2259
[exp7303-validation:cold_reduce] [exp8055] replay elapsed_s=1.708 completed=1801 pending=2159
[exp7303-validation:cold_reduce] [exp8055] replay elapsed_s=1.787 completed=1901 pending=2059
[exp7303-validation:cold_reduce] [exp8055] replay elapsed_s=1.866 completed=2001 pending=1959
[exp7303-validation:cold_reduce] [exp8055] replay elapsed_s=1.946 completed=2101 pending=1859
[exp7303-validation:cold_reduce] [exp8055] replay elapsed_s=2.025 completed=2201 pending=1759
[exp7303-validation:cold_reduce] [exp8055] replay elapsed_s=2.104 completed=2301 pending=1659
[exp7303-validation:cold_reduce] [exp8055] replay elapsed_s=2.183 completed=2401 pending=1559
[exp7303-validation:cold_reduce] [exp8055] replay elapsed_s=2.262 completed=2501 pending=1459
[exp7303-validation:cold_reduce] [exp8055] replay elapsed_s=2.341 completed=2601 pending=1359
[exp7303-validation:cold_reduce] [exp8055] replay elapsed_s=2.420 completed=2701 pending=1259
[exp7303-validation:cold_reduce] [exp8055] replay elapsed_s=2.499 completed=2801 pending=1159
[exp7303-validation:cold_reduce] [exp8055] replay elapsed_s=2.578 completed=2901 pending=1059
[exp7303-validation:cold_reduce] [exp8055] replay elapsed_s=2.657 completed=3001 pending=959
[exp7303-validation:cold_reduce] [exp8055] replay elapsed_s=2.737 completed=3101 pending=859
[exp7303-validation:cold_reduce] [exp8055] replay elapsed_s=2.816 completed=3201 pending=759
[exp7303-validation:cold_reduce] [exp8055] replay elapsed_s=2.895 completed=3301 pending=659
[exp7303-validation:cold_reduce] [exp8055] replay elapsed_s=2.974 completed=3401 pending=559
[exp7303-validation:cold_reduce] [exp8055] replay elapsed_s=3.053 completed=3501 pending=459
[exp7303-validation:cold_reduce] [exp8055] replay elapsed_s=3.133 completed=3601 pending=359
[exp7303-validation:cold_reduce] [exp8055] replay elapsed_s=3.212 completed=3701 pending=259
[exp7303-validation:cold_reduce] [exp8055] replay elapsed_s=3.292 completed=3801 pending=159
[exp7303-validation:cold_reduce] [exp8055] replay elapsed_s=3.372 completed=3901 pending=59
[exp7303-validation:cold_reduce] [exp8055] replay elapsed_s=0.001 completed=1 pending=5
[exp7303-validation:cold_reduce] {"passed": true, "rows_checksum": "sha256:d429b9a308d302226a9ec02c69055d9be29309f443a88e64389038597877f0c8"}
[exp7303-validation] after_subprocess cold_reduce elapsed_s=6.308 exit=0 unit=1/3
[exp7303-validation] before_subprocess adversarial elapsed_s=0.000 unit=2/3
[exp7303-validation] subprocess_outstanding adversarial elapsed_s=10.001
[exp7303-validation:adversarial] {
[exp7303-validation:adversarial]   "reports": [
[exp7303-validation:adversarial]     {
[exp7303-validation:adversarial]       "artifact": "/home/ianblenke/github.com/ianblenke/carnot/results/raw/experiment_8055_v697_hardware_guard_boundary/terminal_candidate.json",
[exp7303-validation:adversarial]       "loaded": true,
[exp7303-validation:adversarial]       "exp_id": 8055,
[exp7303-validation:adversarial]       "title": "",
[exp7303-validation:adversarial]       "honest_verdict": "complete_null_guarded_hardware_boundary",
[exp7303-validation:adversarial]       "flag_count": 0,
[exp7303-validation:adversarial]       "max_severity": -1,
[exp7303-validation:adversarial]       "flags": [],
[exp7303-validation:adversarial]       "gate_version": "07ddacadae8c3b8d3250ad0977bda6f747d5bcb02bb7af3119b80db2547b62c7"
[exp7303-validation:adversarial]     }
[exp7303-validation:adversarial]   ],
[exp7303-validation:adversarial]   "flagged_count": 0
[exp7303-validation:adversarial] }
[exp7303-validation] after_subprocess adversarial elapsed_s=12.948 exit=0 unit=2/3
[exp7303-validation] before_subprocess strict_rows elapsed_s=0.000 unit=3/3
[exp7303-validation:strict_rows] 
[exp7303-validation:strict_rows] verdict-row-consistency: checked 1, skipped 0 (no per-unit rows), unreadable 0.
[exp7303-validation:strict_rows]   No row/verdict contradictions among the artifacts that could be checked.
[exp7303-validation] after_subprocess strict_rows elapsed_s=0.170 exit=0 unit=3/3
[exp7303-validation] before_subprocess cold_reduce elapsed_s=0.000 unit=1/3
[exp7303-validation:cold_reduce] [exp8055] phase=start_preconditions elapsed_s=0.000 completed=1 pending=start_preconditions model_loads=0 generations=0 device_calls=0
[exp7303-validation:cold_reduce] [exp8055] replay elapsed_s=0.042 completed=1 pending=3959
[exp7303-validation:cold_reduce] [exp8055] replay elapsed_s=0.121 completed=101 pending=3859
[exp7303-validation:cold_reduce] [exp8055] replay elapsed_s=0.201 completed=201 pending=3759
[exp7303-validation:cold_reduce] [exp8055] replay elapsed_s=0.279 completed=301 pending=3659
[exp7303-validation:cold_reduce] [exp8055] replay elapsed_s=0.357 completed=401 pending=3559
[exp7303-validation:cold_reduce] [exp8055] replay elapsed_s=0.435 completed=501 pending=3459
[exp7303-validation:cold_reduce] [exp8055] replay elapsed_s=0.513 completed=601 pending=3359
[exp7303-validation:cold_reduce] [exp8055] replay elapsed_s=0.592 completed=701 pending=3259
[exp7303-validation:cold_reduce] [exp8055] replay elapsed_s=0.670 completed=801 pending=3159
[exp7303-validation:cold_reduce] [exp8055] replay elapsed_s=0.748 completed=901 pending=3059
[exp7303-validation:cold_reduce] [exp8055] replay elapsed_s=0.827 completed=1001 pending=2959
[exp7303-validation:cold_reduce] [exp8055] replay elapsed_s=0.905 completed=1101 pending=2859
[exp7303-validation:cold_reduce] [exp8055] replay elapsed_s=0.983 completed=1201 pending=2759
[exp7303-validation:cold_reduce] [exp8055] replay elapsed_s=1.061 completed=1301 pending=2659
[exp7303-validation:cold_reduce] [exp8055] replay elapsed_s=1.384 completed=1401 pending=2559
[exp7303-validation:cold_reduce] [exp8055] replay elapsed_s=1.463 completed=1501 pending=2459
[exp7303-validation:cold_reduce] [exp8055] replay elapsed_s=1.542 completed=1601 pending=2359
[exp7303-validation:cold_reduce] [exp8055] replay elapsed_s=1.621 completed=1701 pending=2259
[exp7303-validation:cold_reduce] [exp8055] replay elapsed_s=1.700 completed=1801 pending=2159
[exp7303-validation:cold_reduce] [exp8055] replay elapsed_s=1.779 completed=1901 pending=2059
[exp7303-validation:cold_reduce] [exp8055] replay elapsed_s=1.858 completed=2001 pending=1959
[exp7303-validation:cold_reduce] [exp8055] replay elapsed_s=1.937 completed=2101 pending=1859
[exp7303-validation:cold_reduce] [exp8055] replay elapsed_s=2.016 completed=2201 pending=1759
[exp7303-validation:cold_reduce] [exp8055] replay elapsed_s=2.095 completed=2301 pending=1659
[exp7303-validation:cold_reduce] [exp8055] replay elapsed_s=2.174 completed=2401 pending=1559
[exp7303-validation:cold_reduce] [exp8055] replay elapsed_s=2.253 completed=2501 pending=1459
[exp7303-validation:cold_reduce] [exp8055] replay elapsed_s=2.332 completed=2601 pending=1359
[exp7303-validation:cold_reduce] [exp8055] replay elapsed_s=2.411 completed=2701 pending=1259
[exp7303-validation:cold_reduce] [exp8055] replay elapsed_s=2.489 completed=2801 pending=1159
[exp7303-validation:cold_reduce] [exp8055] replay elapsed_s=2.568 completed=2901 pending=1059
[exp7303-validation:cold_reduce] [exp8055] replay elapsed_s=2.647 completed=3001 pending=959
[exp7303-validation:cold_reduce] [exp8055] replay elapsed_s=2.726 completed=3101 pending=859
[exp7303-validation:cold_reduce] [exp8055] replay elapsed_s=2.805 completed=3201 pending=759
[exp7303-validation:cold_reduce] [exp8055] replay elapsed_s=2.884 completed=3301 pending=659
[exp7303-validation:cold_reduce] [exp8055] replay elapsed_s=2.963 completed=3401 pending=559
[exp7303-validation:cold_reduce] [exp8055] replay elapsed_s=3.042 completed=3501 pending=459
[exp7303-validation:cold_reduce] [exp8055] replay elapsed_s=3.122 completed=3601 pending=359
[exp7303-validation:cold_reduce] [exp8055] replay elapsed_s=3.202 completed=3701 pending=259
[exp7303-validation:cold_reduce] [exp8055] replay elapsed_s=3.282 completed=3801 pending=159
[exp7303-validation:cold_reduce] [exp8055] replay elapsed_s=3.361 completed=3901 pending=59
[exp7303-validation:cold_reduce] [exp8055] replay elapsed_s=0.001 completed=1 pending=5
[exp7303-validation:cold_reduce] {"passed": true, "rows_checksum": "sha256:d429b9a308d302226a9ec02c69055d9be29309f443a88e64389038597877f0c8"}
[exp7303-validation] after_subprocess cold_reduce elapsed_s=6.320 exit=0 unit=1/3
[exp7303-validation] before_subprocess adversarial elapsed_s=0.000 unit=2/3
[exp7303-validation] subprocess_outstanding adversarial elapsed_s=10.001
[exp7303-validation:adversarial] {
[exp7303-validation:adversarial]   "reports": [
[exp7303-validation:adversarial]     {
[exp7303-validation:adversarial]       "artifact": "/home/ianblenke/github.com/ianblenke/carnot/results/experiment_8055_v697_hardware_guard_boundary.json",
[exp7303-validation:adversarial]       "loaded": true,
[exp7303-validation:adversarial]       "exp_id": 8055,
[exp7303-validation:adversarial]       "title": "",
[exp7303-validation:adversarial]       "honest_verdict": "complete_null_guarded_hardware_boundary",
[exp7303-validation:adversarial]       "flag_count": 0,
[exp7303-validation:adversarial]       "max_severity": -1,
[exp7303-validation:adversarial]       "flags": [],
[exp7303-validation:adversarial]       "gate_version": "07ddacadae8c3b8d3250ad0977bda6f747d5bcb02bb7af3119b80db2547b62c7"
[exp7303-validation:adversarial]     }
[exp7303-validation:adversarial]   ],
[exp7303-validation:adversarial]   "flagged_count": 0
[exp7303-validation:adversarial] }
[exp7303-validation] after_subprocess adversarial elapsed_s=13.269 exit=0 unit=2/3
[exp7303-validation] before_subprocess strict_rows elapsed_s=0.000 unit=3/3
[exp7303-validation:strict_rows] 
[exp7303-validation:strict_rows] verdict-row-consistency: checked 1, skipped 0 (no per-unit rows), unreadable 0.
[exp7303-validation:strict_rows]   No row/verdict contradictions among the artifacts that could be checked.
[exp7303-validation] after_subprocess strict_rows elapsed_s=0.177 exit=0 unit=3/3
[exp8055] phase=complete elapsed_s=107.135 completed=9 pending=complete model_loads=0 generations=0 device_calls=0
