[exp8071] phase=start elapsed_s=0.000 completed=0 pending=0
[exp8071] phase=before_model_load elapsed_s=0.041 completed=0 pending=0
[exp8071] phase=after_model_load elapsed_s=7.569 completed=0 pending=0
[exp8059] phase=token_view_seal elapsed_s=7.561 completed=1 pending=7
[exp8059] phase=token_view_seal elapsed_s=7.570 completed=2 pending=6
[exp8059] phase=token_view_seal elapsed_s=7.580 completed=3 pending=5
[exp8059] phase=token_view_seal elapsed_s=7.591 completed=4 pending=4
[exp8059] phase=token_view_seal elapsed_s=7.622 completed=5 pending=3
[exp8059] phase=token_view_seal elapsed_s=7.631 completed=6 pending=2
[exp8059] phase=token_view_seal elapsed_s=7.637 completed=7 pending=1
[exp8059] phase=token_view_seal elapsed_s=7.661 completed=8 pending=0
[exp8071] phase=before_native_forward elapsed_s=7.735 completed=0 pending=0
[exp8022] phase=8033_before_context_create elapsed_s=0.000 completed=0 pending=0
[exp8022] phase=8033_after_context_create elapsed_s=0.038 completed=0 pending=0
[exp8022] phase=8033_before_eval elapsed_s=0.048 completed=0 pending=165
[exp8022] phase=8033_after_eval elapsed_s=0.624 completed=165 pending=0
[exp8022] phase=8033_before_context_close elapsed_s=0.907 completed=0 pending=0
[exp8022] phase=8033_after_context_close elapsed_s=1.220 completed=0 pending=0
[exp8071] phase=after_native_forward elapsed_s=8.970 completed=0 pending=0
[exp8071] phase=before_model_cleanup elapsed_s=8.972 completed=0 pending=0
[exp8071] phase=after_model_cleanup elapsed_s=9.218 completed=0 pending=0
