#-----------------------------------------------------------
# Vivado v2025.2.1 (64-bit)
# SW Build 6403652 on Thu Mar 19 13:47:00 MDT 2026
# IP Build 6403511 on Thu Mar 19 12:41:45 MDT 2026
# SharedData Build 6403650 on Thu Mar 19 14:02:13 MDT 2026
# Start of session at: Mon May 18 01:13:24 2026
# Process ID         : 1203512
# Current directory  : /home/ianblenke/github.com/ianblenke/carnot
# Command line       : vivado -mode batch -source hardware/kv260/synth_kanele.tcl
# Log file           : /home/ianblenke/github.com/ianblenke/carnot/vivado.log
# Journal file       : /home/ianblenke/github.com/ianblenke/carnot/vivado.jou
# Running On         : icbfl1
# Platform           : cachyos
# Operating System   : CachyOS
# Processor Detail   : AMD Ryzen AI 9 HX 370 w/ Radeon 890M
# CPU Frequency      : 2843.074 MHz
# CPU Physical cores : 12
# CPU Logical cores  : 24
# Host memory        : 134305 MB
# Swap memory        : 154618 MB
# Total Virtual      : 288924 MB
# Available Virtual  : 101738 MB
#-----------------------------------------------------------
source hardware/kv260/synth_kanele.tcl
# set part "xck26-sfvc784-2LV-c"
# set top_module "kanele_top"
# set rtl_files [list \
#     "hardware/kv260/kanele_lut.v" \
#     "hardware/kv260/kanele_top.v" \
# ]
# set output_dir "output/kanele_synth"
# file mkdir $output_dir
# create_project -in_memory -part $part
# add_files $rtl_files
# set_property top $top_module [current_fileset]
# synth_design -top $top_module -part $part -flatten_hierarchy rebuilt
Command: synth_design -top kanele_top -part xck26-sfvc784-2LV-c -flatten_hierarchy rebuilt
Starting synth_design
Attempting to get a license for feature 'Synthesis' and/or device 'xck26'
INFO: [Common 17-349] Got license for feature 'Synthesis' and/or device 'xck26'
INFO: [Synth 8-7079] Multithreading enabled for synth_design using a maximum of 7 processes.
INFO: [Synth 8-7078] Launching helper process for spawning children vivado processes
INFO: [Synth 8-7075] Helper process launched with PID 1203728
---------------------------------------------------------------------------------
Starting Synthesize : Time (s): cpu = 00:00:07 ; elapsed = 00:00:07 . Memory (MB): peak = 2065.457 ; gain = 429.414 ; free physical = 3122 ; free virtual = 95786
---------------------------------------------------------------------------------
INFO: [Synth 8-6157] synthesizing module 'kanele_top' [/home/ianblenke/github.com/ianblenke/carnot/hardware/kv260/kanele_top.v:4]
INFO: [Synth 8-6157] synthesizing module 'kanele_lut' [/home/ianblenke/github.com/ianblenke/carnot/hardware/kv260/kanele_lut.v:1]
INFO: [Synth 8-6157] synthesizing module 'LUT6' [/tools/Xilinx/2025.2.1/Vivado/scripts/rt/data/unisim_comp.v:95419]
	Parameter INIT bound to: 64'b1010101010101010101010101010101010101010101010101010101010101010 
INFO: [Synth 8-6155] done synthesizing module 'LUT6' (0#1) [/tools/Xilinx/2025.2.1/Vivado/scripts/rt/data/unisim_comp.v:95419]
INFO: [Synth 8-6155] done synthesizing module 'kanele_lut' (0#1) [/home/ianblenke/github.com/ianblenke/carnot/hardware/kv260/kanele_lut.v:1]
INFO: [Synth 8-6155] done synthesizing module 'kanele_top' (0#1) [/home/ianblenke/github.com/ianblenke/carnot/hardware/kv260/kanele_top.v:4]
---------------------------------------------------------------------------------
Finished Synthesize : Time (s): cpu = 00:00:09 ; elapsed = 00:00:10 . Memory (MB): peak = 2150.395 ; gain = 514.352 ; free physical = 2899 ; free virtual = 95564
---------------------------------------------------------------------------------
---------------------------------------------------------------------------------
Finished Constraint Validation : Time (s): cpu = 00:00:10 ; elapsed = 00:00:10 . Memory (MB): peak = 2165.238 ; gain = 529.195 ; free physical = 2743 ; free virtual = 95408
---------------------------------------------------------------------------------
---------------------------------------------------------------------------------
Start Loading Part and Timing Information
---------------------------------------------------------------------------------
Loading part: xck26-sfvc784-2LV-c
INFO: [Synth 8-6742] Reading net delay rules and data
INFO: [Device 21-403] Loading part xck26-sfvc784-2LV-c
---------------------------------------------------------------------------------
Finished Loading Part and Timing Information : Time (s): cpu = 00:00:10 ; elapsed = 00:00:10 . Memory (MB): peak = 2174.145 ; gain = 538.102 ; free physical = 2743 ; free virtual = 95408
---------------------------------------------------------------------------------
---------------------------------------------------------------------------------
Finished RTL Optimization Phase 2 : Time (s): cpu = 00:00:10 ; elapsed = 00:00:11 . Memory (MB): peak = 2177.113 ; gain = 541.070 ; free physical = 2712 ; free virtual = 95377
---------------------------------------------------------------------------------
No constraint files found.
---------------------------------------------------------------------------------
Start RTL Component Statistics 
---------------------------------------------------------------------------------
Detailed RTL Component Info : 
+---Registers : 
	                1 Bit    Registers := 1     
---------------------------------------------------------------------------------
Finished RTL Component Statistics 
---------------------------------------------------------------------------------
---------------------------------------------------------------------------------
Start Part Resource Summary
---------------------------------------------------------------------------------
Part Resources:
DSPs: 1248 (col length:96)
BRAMs: 288 (col length: RAMB18 96 RAMB36 48)
---------------------------------------------------------------------------------
Finished Part Resource Summary
---------------------------------------------------------------------------------
No constraint files found.
---------------------------------------------------------------------------------
Start Cross Boundary and Area Optimization
---------------------------------------------------------------------------------
---------------------------------------------------------------------------------
Finished Cross Boundary and Area Optimization : Time (s): cpu = 00:00:19 ; elapsed = 00:00:19 . Memory (MB): peak = 2969.215 ; gain = 1333.172 ; free physical = 1953 ; free virtual = 94622
---------------------------------------------------------------------------------
No constraint files found.
---------------------------------------------------------------------------------
Start Timing Optimization
---------------------------------------------------------------------------------
---------------------------------------------------------------------------------
Finished Timing Optimization : Time (s): cpu = 00:00:19 ; elapsed = 00:00:19 . Memory (MB): peak = 2969.215 ; gain = 1333.172 ; free physical = 1953 ; free virtual = 94623
---------------------------------------------------------------------------------
---------------------------------------------------------------------------------
Start Technology Mapping
---------------------------------------------------------------------------------
---------------------------------------------------------------------------------
Finished Technology Mapping : Time (s): cpu = 00:00:19 ; elapsed = 00:00:20 . Memory (MB): peak = 2969.215 ; gain = 1333.172 ; free physical = 1953 ; free virtual = 94623
---------------------------------------------------------------------------------
---------------------------------------------------------------------------------
Start IO Insertion
---------------------------------------------------------------------------------
---------------------------------------------------------------------------------
Start Flattening Before IO Insertion
---------------------------------------------------------------------------------
---------------------------------------------------------------------------------
Finished Flattening Before IO Insertion
---------------------------------------------------------------------------------
---------------------------------------------------------------------------------
Start Final Netlist Cleanup
---------------------------------------------------------------------------------
---------------------------------------------------------------------------------
Finished Final Netlist Cleanup
---------------------------------------------------------------------------------
---------------------------------------------------------------------------------
Finished IO Insertion : Time (s): cpu = 00:00:25 ; elapsed = 00:00:25 . Memory (MB): peak = 2989.059 ; gain = 1353.016 ; free physical = 2013 ; free virtual = 94682
---------------------------------------------------------------------------------
---------------------------------------------------------------------------------
Start Renaming Generated Instances
---------------------------------------------------------------------------------
---------------------------------------------------------------------------------
Finished Renaming Generated Instances : Time (s): cpu = 00:00:25 ; elapsed = 00:00:25 . Memory (MB): peak = 2989.059 ; gain = 1353.016 ; free physical = 2013 ; free virtual = 94682
---------------------------------------------------------------------------------
---------------------------------------------------------------------------------
Start Rebuilding User Hierarchy
---------------------------------------------------------------------------------
---------------------------------------------------------------------------------
Finished Rebuilding User Hierarchy : Time (s): cpu = 00:00:25 ; elapsed = 00:00:25 . Memory (MB): peak = 2989.059 ; gain = 1353.016 ; free physical = 2013 ; free virtual = 94682
---------------------------------------------------------------------------------
---------------------------------------------------------------------------------
Start Renaming Generated Ports
---------------------------------------------------------------------------------
---------------------------------------------------------------------------------
Finished Renaming Generated Ports : Time (s): cpu = 00:00:25 ; elapsed = 00:00:25 . Memory (MB): peak = 2989.059 ; gain = 1353.016 ; free physical = 2013 ; free virtual = 94682
---------------------------------------------------------------------------------
---------------------------------------------------------------------------------
Start Handling Custom Attributes
---------------------------------------------------------------------------------
---------------------------------------------------------------------------------
Finished Handling Custom Attributes : Time (s): cpu = 00:00:25 ; elapsed = 00:00:25 . Memory (MB): peak = 2989.059 ; gain = 1353.016 ; free physical = 2013 ; free virtual = 94682
---------------------------------------------------------------------------------
---------------------------------------------------------------------------------
Start Renaming Generated Nets
---------------------------------------------------------------------------------
---------------------------------------------------------------------------------
Finished Renaming Generated Nets : Time (s): cpu = 00:00:25 ; elapsed = 00:00:25 . Memory (MB): peak = 2989.059 ; gain = 1353.016 ; free physical = 2013 ; free virtual = 94682
---------------------------------------------------------------------------------
---------------------------------------------------------------------------------
Start Writing Synthesis Report
---------------------------------------------------------------------------------

Report BlackBoxes: 
+-+--------------+----------+
| |BlackBox name |Instances |
+-+--------------+----------+
+-+--------------+----------+

Report Cell Usage: 
+------+-----+------+
|      |Cell |Count |
+------+-----+------+
|1     |BUFG |     1|
|2     |LUT6 |     1|
|3     |FDRE |     1|
|4     |IBUF |     8|
|5     |OBUF |     1|
+------+-----+------+

Report Instance Areas: 
+------+-----------+-----------+------+
|      |Instance   |Module     |Cells |
+------+-----------+-----------+------+
|1     |top        |           |    12|
|2     |  lut_inst |kanele_lut |     1|
+------+-----------+-----------+------+
---------------------------------------------------------------------------------
Finished Writing Synthesis Report : Time (s): cpu = 00:00:25 ; elapsed = 00:00:25 . Memory (MB): peak = 2989.059 ; gain = 1353.016 ; free physical = 2013 ; free virtual = 94682
---------------------------------------------------------------------------------
Synthesis finished with 0 errors, 0 critical warnings and 0 warnings.
Synthesis Optimization Runtime : Time (s): cpu = 00:00:25 ; elapsed = 00:00:25 . Memory (MB): peak = 2989.059 ; gain = 1353.016 ; free physical = 2013 ; free virtual = 94682
Synthesis Optimization Complete : Time (s): cpu = 00:00:25 ; elapsed = 00:00:25 . Memory (MB): peak = 2989.066 ; gain = 1353.016 ; free physical = 2013 ; free virtual = 94682
INFO: [Project 1-571] Translating synthesized netlist
Netlist sorting complete. Time (s): cpu = 00:00:00 ; elapsed = 00:00:00 . Memory (MB): peak = 3014.871 ; gain = 0.000 ; free physical = 1998 ; free virtual = 94667
INFO: [Netlist 29-17] Analyzing 9 Unisim elements for replacement
INFO: [Netlist 29-28] Unisim Transformation completed in 0 CPU seconds
INFO: [Project 1-570] Preparing netlist for logic optimization
INFO: [Opt 31-138] Pushed 0 inverter(s) to 0 load pin(s).
Netlist sorting complete. Time (s): cpu = 00:00:00 ; elapsed = 00:00:00 . Memory (MB): peak = 3087.496 ; gain = 0.000 ; free physical = 2084 ; free virtual = 94753
INFO: [Project 1-111] Unisim Transformation Summary:
  A total of 9 instances were transformed.
  BUFG => BUFGCE: 1 instance 
  IBUF => IBUF (IBUFCTRL, INBUF): 8 instances

Synth Design complete | Checksum: 57dfd0e
INFO: [Common 17-83] Releasing license: Synthesis
19 Infos, 0 Warnings, 0 Critical Warnings and 0 Errors encountered.
synth_design completed successfully
synth_design: Time (s): cpu = 00:00:32 ; elapsed = 00:00:29 . Memory (MB): peak = 3087.531 ; gain = 1451.488 ; free physical = 2057 ; free virtual = 94726
INFO: [Common 17-2834] synth_design peak Physical Memory [PSS] (MB): overall = 2560.504; main = 2528.658; forked = 357.064
INFO: [Common 17-2834] synth_design peak Virtual Memory [VSS] (MB): overall = 3990.211; main = 3087.500; forked = 1020.992
# write_checkpoint -force ${output_dir}/post_synth.dcp
Write ShapeDB Complete: Time (s): cpu = 00:00:00 ; elapsed = 00:00:00 . Memory (MB): peak = 3124.129 ; gain = 0.000 ; free physical = 2057 ; free virtual = 94726
INFO: [Common 17-1381] The checkpoint '/home/ianblenke/github.com/ianblenke/carnot/output/kanele_synth/post_synth.dcp' has been generated.
# opt_design
Command: opt_design
Attempting to get a license for feature 'Implementation' and/or device 'xck26'
INFO: [Common 17-349] Got license for feature 'Implementation' and/or device 'xck26'
Running DRC as a precondition to command opt_design

Starting DRC Task
INFO: [DRC 23-27] Running DRC with 8 threads
INFO: [Project 1-461] DRC finished with 0 Errors
INFO: [Project 1-462] Please refer to the DRC report (report_drc) for more information.

Time (s): cpu = 00:00:00.66 ; elapsed = 00:00:00.55 . Memory (MB): peak = 3172.973 ; gain = 48.844 ; free physical = 2033 ; free virtual = 94703

Starting Cache Timing Information Task
INFO: [Timing 38-35] Done setting XDC timing constraints.
Ending Cache Timing Information Task | Checksum: 11717f42e

Time (s): cpu = 00:00:14 ; elapsed = 00:00:15 . Memory (MB): peak = 3309.801 ; gain = 136.828 ; free physical = 1121 ; free virtual = 93908
