[exp8042] phase=start elapsed_s=0.000 completed=1 pending=current_phase model_loads=0 generations=0 device_calls=0
[exp8042] small_head_load_before elapsed_s=0.000 completed=0 pending=23680
[exp8042] small_head_load_after elapsed_s=0.000 completed=0 pending=23680
[exp8042] numeric elapsed_s=0.001 completed=1 pending=23679
[exp8042] numeric elapsed_s=0.261 completed=257 pending=23423
[exp8042] small_head_load_before elapsed_s=0.318 completed=310 pending=23370
[exp8042] small_head_load_after elapsed_s=0.318 completed=310 pending=23370
[exp8042] numeric elapsed_s=0.524 completed=513 pending=23167
[exp8042] small_head_load_before elapsed_s=0.634 completed=620 pending=23060
[exp8042] small_head_load_after elapsed_s=0.634 completed=620 pending=23060
[exp8042] numeric elapsed_s=0.782 completed=769 pending=22911
[exp8042] small_head_load_before elapsed_s=0.951 completed=930 pending=22750
[exp8042] small_head_load_after elapsed_s=0.951 completed=930 pending=22750
[exp8042] numeric elapsed_s=1.020 completed=1025 pending=22655
[exp8042] small_head_load_before elapsed_s=1.135 completed=1184 pending=22496
[exp8042] small_head_load_after elapsed_s=1.136 completed=1184 pending=22496
[exp8042] numeric elapsed_s=1.228 completed=1281 pending=22399
[exp8042] small_head_load_before elapsed_s=1.451 completed=1494 pending=22186
[exp8042] small_head_load_after elapsed_s=1.451 completed=1494 pending=22186
[exp8042] numeric elapsed_s=1.490 completed=1537 pending=22143
[exp8042] numeric elapsed_s=1.757 completed=1793 pending=21887
[exp8042] small_head_load_before elapsed_s=1.767 completed=1804 pending=21876
[exp8042] small_head_load_after elapsed_s=1.767 completed=1804 pending=21876
[exp8042] numeric elapsed_s=2.014 completed=2049 pending=21631
[exp8042] small_head_load_before elapsed_s=2.080 completed=2114 pending=21566
[exp8042] small_head_load_after elapsed_s=2.080 completed=2114 pending=21566
[exp8042] numeric elapsed_s=2.220 completed=2305 pending=21375
[exp8042] small_head_load_before elapsed_s=2.266 completed=2368 pending=21312
[exp8042] small_head_load_after elapsed_s=2.266 completed=2368 pending=21312
[exp8042] numeric elapsed_s=2.457 completed=2561 pending=21119
[exp8042] small_head_load_before elapsed_s=2.580 completed=2678 pending=21002
[exp8042] small_head_load_after elapsed_s=2.581 completed=2678 pending=21002
[exp8042] numeric elapsed_s=2.720 completed=2817 pending=20863
[exp8042] small_head_load_before elapsed_s=2.894 completed=2988 pending=20692
[exp8042] small_head_load_after elapsed_s=2.894 completed=2988 pending=20692
[exp8042] numeric elapsed_s=2.975 completed=3073 pending=20607
[exp8042] small_head_load_before elapsed_s=3.208 completed=3298 pending=20382
[exp8042] small_head_load_after elapsed_s=3.208 completed=3298 pending=20382
[exp8042] numeric elapsed_s=3.231 completed=3329 pending=20351
[exp8042] small_head_load_before elapsed_s=3.392 completed=3552 pending=20128
[exp8042] small_head_load_after elapsed_s=3.392 completed=3552 pending=20128
[exp8042] numeric elapsed_s=3.416 completed=3585 pending=20095
[exp8042] numeric elapsed_s=3.682 completed=3841 pending=19839
[exp8042] small_head_load_before elapsed_s=3.704 completed=3862 pending=19818
[exp8042] small_head_load_after elapsed_s=3.704 completed=3862 pending=19818
[exp8042] numeric elapsed_s=3.938 completed=4097 pending=19583
[exp8042] small_head_load_before elapsed_s=4.018 completed=4172 pending=19508
[exp8042] small_head_load_after elapsed_s=4.018 completed=4172 pending=19508
[exp8042] numeric elapsed_s=4.198 completed=4353 pending=19327
[exp8042] small_head_load_before elapsed_s=4.328 completed=4482 pending=19198
[exp8042] small_head_load_after elapsed_s=4.328 completed=4482 pending=19198
[exp8042] numeric elapsed_s=4.419 completed=4609 pending=19071
[exp8042] small_head_load_before elapsed_s=4.510 completed=4736 pending=18944
[exp8042] small_head_load_after elapsed_s=4.510 completed=4736 pending=18944
[exp8042] numeric elapsed_s=4.634 completed=4865 pending=18815
[exp8042] small_head_load_before elapsed_s=4.821 completed=5046 pending=18634
[exp8042] small_head_load_after elapsed_s=4.821 completed=5046 pending=18634
[exp8042] numeric elapsed_s=4.888 completed=5121 pending=18559
[exp8042] small_head_load_before elapsed_s=5.131 completed=5356 pending=18324
[exp8042] small_head_load_after elapsed_s=5.131 completed=5356 pending=18324
[exp8042] numeric elapsed_s=5.146 completed=5377 pending=18303
[exp8042] numeric elapsed_s=5.407 completed=5633 pending=18047
[exp8042] small_head_load_before elapsed_s=5.442 completed=5666 pending=18014
[exp8042] small_head_load_after elapsed_s=5.443 completed=5666 pending=18014
[exp8042] numeric elapsed_s=5.603 completed=5889 pending=17791
[exp8042] small_head_load_before elapsed_s=5.625 completed=5920 pending=17760
[exp8042] small_head_load_after elapsed_s=5.625 completed=5920 pending=17760
[exp8042] numeric elapsed_s=5.850 completed=6145 pending=17535
[exp8042] small_head_load_before elapsed_s=5.935 completed=6230 pending=17450
[exp8042] small_head_load_after elapsed_s=5.935 completed=6230 pending=17450
[exp8042] numeric elapsed_s=6.102 completed=6401 pending=17279
[exp8042] small_head_load_before elapsed_s=6.246 completed=6540 pending=17140
[exp8042] small_head_load_after elapsed_s=6.246 completed=6540 pending=17140
[exp8042] numeric elapsed_s=6.356 completed=6657 pending=17023
[exp8042] small_head_load_before elapsed_s=6.552 completed=6850 pending=16830
[exp8042] small_head_load_after elapsed_s=6.552 completed=6850 pending=16830
[exp8042] numeric elapsed_s=6.597 completed=6913 pending=16767
[exp8042] small_head_load_before elapsed_s=6.731 completed=7104 pending=16576
[exp8042] small_head_load_after elapsed_s=6.732 completed=7104 pending=16576
[exp8042] numeric elapsed_s=6.790 completed=7169 pending=16511
[exp8042] small_head_load_before elapsed_s=7.036 completed=7414 pending=16266
[exp8042] small_head_load_after elapsed_s=7.036 completed=7414 pending=16266
[exp8042] numeric elapsed_s=7.044 completed=7425 pending=16255
[exp8042] numeric elapsed_s=7.298 completed=7681 pending=15999
[exp8042] small_head_load_before elapsed_s=7.340 completed=7724 pending=15956
[exp8042] small_head_load_after elapsed_s=7.340 completed=7724 pending=15956
[exp8042] numeric elapsed_s=7.545 completed=7937 pending=15743
[exp8042] small_head_load_before elapsed_s=7.644 completed=8034 pending=15646
[exp8042] small_head_load_after elapsed_s=7.644 completed=8034 pending=15646
[exp8042] numeric elapsed_s=7.757 completed=8193 pending=15487
[exp8042] small_head_load_before elapsed_s=7.824 completed=8288 pending=15392
[exp8042] small_head_load_after elapsed_s=7.824 completed=8288 pending=15392
[exp8042] numeric elapsed_s=7.981 completed=8449 pending=15231
[exp8042] small_head_load_before elapsed_s=8.349 completed=8598 pending=15082
[exp8042] small_head_load_after elapsed_s=8.349 completed=8598 pending=15082
[exp8042] numeric elapsed_s=8.449 completed=8705 pending=14975
[exp8042] small_head_load_before elapsed_s=8.655 completed=8908 pending=14772
[exp8042] small_head_load_after elapsed_s=8.655 completed=8908 pending=14772
[exp8042] numeric elapsed_s=8.699 completed=8961 pending=14719
[exp8042] numeric elapsed_s=8.961 completed=9217 pending=14463
[exp8042] small_head_load_before elapsed_s=8.961 completed=9218 pending=14462
[exp8042] small_head_load_after elapsed_s=8.961 completed=9218 pending=14462
[exp8042] small_head_load_before elapsed_s=9.141 completed=9472 pending=14208
[exp8042] small_head_load_after elapsed_s=9.141 completed=9472 pending=14208
[exp8042] numeric elapsed_s=9.141 completed=9473 pending=14207
[exp8042] numeric elapsed_s=9.392 completed=9729 pending=13951
[exp8042] small_head_load_before elapsed_s=9.447 completed=9782 pending=13898
[exp8042] small_head_load_after elapsed_s=9.447 completed=9782 pending=13898
[exp8042] numeric elapsed_s=9.649 completed=9985 pending=13695
[exp8042] small_head_load_before elapsed_s=9.755 completed=10092 pending=13588
[exp8042] small_head_load_after elapsed_s=9.755 completed=10092 pending=13588
[exp8042] numeric elapsed_s=9.898 completed=10241 pending=13439
[exp8042] small_head_load_before elapsed_s=10.061 completed=10402 pending=13278
[exp8042] small_head_load_after elapsed_s=10.061 completed=10402 pending=13278
[exp8042] numeric elapsed_s=10.129 completed=10497 pending=13183
[exp8042] small_head_load_before elapsed_s=10.242 completed=10656 pending=13024
[exp8042] small_head_load_after elapsed_s=10.242 completed=10656 pending=13024
[exp8042] numeric elapsed_s=10.333 completed=10753 pending=12927
[exp8042] small_head_load_before elapsed_s=10.549 completed=10966 pending=12714
[exp8042] small_head_load_after elapsed_s=10.549 completed=10966 pending=12714
[exp8042] numeric elapsed_s=10.586 completed=11009 pending=12671
[exp8042] numeric elapsed_s=10.846 completed=11265 pending=12415
[exp8042] small_head_load_before elapsed_s=10.855 completed=11276 pending=12404
[exp8042] small_head_load_after elapsed_s=10.855 completed=11276 pending=12404
[exp8042] numeric elapsed_s=11.098 completed=11521 pending=12159
[exp8042] small_head_load_before elapsed_s=11.163 completed=11586 pending=12094
[exp8042] small_head_load_after elapsed_s=11.163 completed=11586 pending=12094
[exp8042] numeric elapsed_s=11.298 completed=11777 pending=11903
[exp8042] small_head_load_before elapsed_s=11.342 completed=11840 pending=11840
[exp8042] small_head_load_after elapsed_s=11.343 completed=11840 pending=11840
[exp8042] numeric elapsed_s=11.529 completed=12033 pending=11647
[exp8042] small_head_load_before elapsed_s=11.648 completed=12150 pending=11530
[exp8042] small_head_load_after elapsed_s=11.648 completed=12150 pending=11530
[exp8042] numeric elapsed_s=11.785 completed=12289 pending=11391
[exp8042] small_head_load_before elapsed_s=11.956 completed=12460 pending=11220
[exp8042] small_head_load_after elapsed_s=11.956 completed=12460 pending=11220
[exp8042] numeric elapsed_s=12.035 completed=12545 pending=11135
[exp8042] small_head_load_before elapsed_s=12.261 completed=12770 pending=10910
[exp8042] small_head_load_after elapsed_s=12.262 completed=12770 pending=10910
[exp8042] numeric elapsed_s=12.283 completed=12801 pending=10879
[exp8042] small_head_load_before elapsed_s=12.440 completed=13024 pending=10656
[exp8042] small_head_load_after elapsed_s=12.440 completed=13024 pending=10656
[exp8042] numeric elapsed_s=12.464 completed=13057 pending=10623
[exp8042] numeric elapsed_s=12.725 completed=13313 pending=10367
[exp8042] small_head_load_before elapsed_s=12.746 completed=13334 pending=10346
[exp8042] small_head_load_after elapsed_s=12.746 completed=13334 pending=10346
[exp8042] numeric elapsed_s=12.973 completed=13569 pending=10111
[exp8042] small_head_load_before elapsed_s=13.051 completed=13644 pending=10036
[exp8042] small_head_load_after elapsed_s=13.051 completed=13644 pending=10036
[exp8042] numeric elapsed_s=13.228 completed=13825 pending=9855
[exp8042] small_head_load_before elapsed_s=13.356 completed=13954 pending=9726
[exp8042] small_head_load_after elapsed_s=13.356 completed=13954 pending=9726
[exp8042] numeric elapsed_s=13.446 completed=14081 pending=9599
[exp8042] small_head_load_before elapsed_s=13.536 completed=14208 pending=9472
[exp8042] small_head_load_after elapsed_s=13.536 completed=14208 pending=9472
[exp8042] numeric elapsed_s=13.658 completed=14337 pending=9343
[exp8042] small_head_load_before elapsed_s=13.841 completed=14518 pending=9162
[exp8042] small_head_load_after elapsed_s=13.841 completed=14518 pending=9162
[exp8042] numeric elapsed_s=13.906 completed=14593 pending=9087
[exp8042] small_head_load_before elapsed_s=14.146 completed=14828 pending=8852
[exp8042] small_head_load_after elapsed_s=14.147 completed=14828 pending=8852
[exp8042] numeric elapsed_s=14.161 completed=14849 pending=8831
[exp8042] numeric elapsed_s=14.417 completed=15105 pending=8575
[exp8042] small_head_load_before elapsed_s=14.451 completed=15138 pending=8542
[exp8042] small_head_load_after elapsed_s=14.451 completed=15138 pending=8542
[exp8042] numeric elapsed_s=14.607 completed=15361 pending=8319
[exp8042] small_head_load_before elapsed_s=14.629 completed=15392 pending=8288
[exp8042] small_head_load_after elapsed_s=14.629 completed=15392 pending=8288
[exp8042] numeric elapsed_s=14.850 completed=15617 pending=8063
[exp8042] small_head_load_before elapsed_s=14.935 completed=15702 pending=7978
[exp8042] small_head_load_after elapsed_s=14.935 completed=15702 pending=7978
[exp8042] numeric elapsed_s=15.099 completed=15873 pending=7807
[exp8042] small_head_load_before elapsed_s=15.239 completed=16012 pending=7668
[exp8042] small_head_load_after elapsed_s=15.239 completed=16012 pending=7668
[exp8042] numeric elapsed_s=15.347 completed=16129 pending=7551
[exp8042] small_head_load_before elapsed_s=15.543 completed=16322 pending=7358
[exp8042] small_head_load_after elapsed_s=15.543 completed=16322 pending=7358
[exp8042] numeric elapsed_s=15.588 completed=16385 pending=7295
[exp8042] small_head_load_before elapsed_s=15.722 completed=16576 pending=7104
[exp8042] small_head_load_after elapsed_s=15.722 completed=16576 pending=7104
[exp8042] numeric elapsed_s=15.780 completed=16641 pending=7039
[exp8042] small_head_load_before elapsed_s=16.026 completed=16886 pending=6794
[exp8042] small_head_load_after elapsed_s=16.026 completed=16886 pending=6794
[exp8042] numeric elapsed_s=16.034 completed=16897 pending=6783
[exp8042] numeric elapsed_s=16.288 completed=17153 pending=6527
[exp8042] small_head_load_before elapsed_s=16.330 completed=17196 pending=6484
[exp8042] small_head_load_after elapsed_s=16.330 completed=17196 pending=6484
[exp8042] numeric elapsed_s=16.536 completed=17409 pending=6271
[exp8042] small_head_load_before elapsed_s=16.635 completed=17506 pending=6174
[exp8042] small_head_load_after elapsed_s=16.635 completed=17506 pending=6174
[exp8042] numeric elapsed_s=16.746 completed=17665 pending=6015
[exp8042] small_head_load_before elapsed_s=16.812 completed=17760 pending=5920
[exp8042] small_head_load_after elapsed_s=16.812 completed=17760 pending=5920
[exp8042] numeric elapsed_s=16.968 completed=17921 pending=5759
[exp8042] small_head_load_before elapsed_s=17.117 completed=18070 pending=5610
[exp8042] small_head_load_after elapsed_s=17.117 completed=18070 pending=5610
[exp8042] numeric elapsed_s=17.217 completed=18177 pending=5503
[exp8042] small_head_load_before elapsed_s=17.421 completed=18380 pending=5300
[exp8042] small_head_load_after elapsed_s=17.421 completed=18380 pending=5300
[exp8042] numeric elapsed_s=17.465 completed=18433 pending=5247
[exp8042] numeric elapsed_s=17.724 completed=18689 pending=4991
[exp8042] small_head_load_before elapsed_s=17.725 completed=18690 pending=4990
[exp8042] small_head_load_after elapsed_s=17.725 completed=18690 pending=4990
[exp8042] small_head_load_before elapsed_s=17.904 completed=18944 pending=4736
[exp8042] small_head_load_after elapsed_s=17.904 completed=18944 pending=4736
[exp8042] numeric elapsed_s=17.905 completed=18945 pending=4735
[exp8042] numeric elapsed_s=18.154 completed=19201 pending=4479
[exp8042] small_head_load_before elapsed_s=18.208 completed=19254 pending=4426
[exp8042] small_head_load_after elapsed_s=18.208 completed=19254 pending=4426
[exp8042] numeric elapsed_s=18.406 completed=19457 pending=4223
[exp8042] small_head_load_before elapsed_s=18.511 completed=19564 pending=4116
[exp8042] small_head_load_after elapsed_s=18.511 completed=19564 pending=4116
[exp8042] numeric elapsed_s=18.653 completed=19713 pending=3967
[exp8042] small_head_load_before elapsed_s=18.817 completed=19874 pending=3806
[exp8042] small_head_load_after elapsed_s=18.817 completed=19874 pending=3806
[exp8042] numeric elapsed_s=18.883 completed=19969 pending=3711
[exp8042] small_head_load_before elapsed_s=18.994 completed=20128 pending=3552
[exp8042] small_head_load_after elapsed_s=18.994 completed=20128 pending=3552
[exp8042] numeric elapsed_s=19.083 completed=20225 pending=3455
[exp8042] small_head_load_before elapsed_s=19.297 completed=20438 pending=3242
[exp8042] small_head_load_after elapsed_s=19.297 completed=20438 pending=3242
[exp8042] numeric elapsed_s=19.333 completed=20481 pending=3199
[exp8042] numeric elapsed_s=19.591 completed=20737 pending=2943
[exp8042] small_head_load_before elapsed_s=19.600 completed=20748 pending=2932
[exp8042] small_head_load_after elapsed_s=19.601 completed=20748 pending=2932
[exp8042] numeric elapsed_s=19.840 completed=20993 pending=2687
[exp8042] small_head_load_before elapsed_s=19.904 completed=21058 pending=2622
[exp8042] small_head_load_after elapsed_s=19.904 completed=21058 pending=2622
[exp8042] numeric elapsed_s=20.037 completed=21249 pending=2431
[exp8042] small_head_load_before elapsed_s=20.084 completed=21312 pending=2368
[exp8042] small_head_load_after elapsed_s=20.084 completed=21312 pending=2368
[exp8042] numeric elapsed_s=20.269 completed=21505 pending=2175
[exp8042] small_head_load_before elapsed_s=20.388 completed=21622 pending=2058
[exp8042] small_head_load_after elapsed_s=20.388 completed=21622 pending=2058
[exp8042] numeric elapsed_s=20.522 completed=21761 pending=1919
[exp8042] small_head_load_before elapsed_s=20.690 completed=21932 pending=1748
[exp8042] small_head_load_after elapsed_s=20.690 completed=21932 pending=1748
[exp8042] numeric elapsed_s=20.768 completed=22017 pending=1663
[exp8042] small_head_load_before elapsed_s=20.994 completed=22242 pending=1438
[exp8042] small_head_load_after elapsed_s=20.994 completed=22242 pending=1438
[exp8042] numeric elapsed_s=21.016 completed=22273 pending=1407
[exp8042] small_head_load_before elapsed_s=21.171 completed=22496 pending=1184
[exp8042] small_head_load_after elapsed_s=21.171 completed=22496 pending=1184
[exp8042] numeric elapsed_s=21.194 completed=22529 pending=1151
[exp8042] numeric elapsed_s=21.453 completed=22785 pending=895
[exp8042] small_head_load_before elapsed_s=21.474 completed=22806 pending=874
[exp8042] small_head_load_after elapsed_s=21.474 completed=22806 pending=874
[exp8042] numeric elapsed_s=21.700 completed=23041 pending=639
[exp8042] small_head_load_before elapsed_s=21.778 completed=23116 pending=564
[exp8042] small_head_load_after elapsed_s=21.778 completed=23116 pending=564
[exp8042] numeric elapsed_s=21.954 completed=23297 pending=383
[exp8042] small_head_load_before elapsed_s=22.080 completed=23426 pending=254
[exp8042] small_head_load_after elapsed_s=22.080 completed=23426 pending=254
[exp8042] numeric elapsed_s=22.168 completed=23553 pending=127
[exp8042] numeric elapsed_s=22.257 completed=23680 pending=0
[exp8042] small_head_load_before elapsed_s=0.000 completed=0 pending=2
[exp8042] small_head_load_after elapsed_s=0.000 completed=0 pending=2
[exp8042] numeric elapsed_s=0.000 completed=1 pending=1
[exp8042] numeric elapsed_s=0.001 completed=2 pending=0
[exp8042] small_head_load_before elapsed_s=0.000 completed=0 pending=2
[exp8042] small_head_load_after elapsed_s=0.000 completed=0 pending=2
[exp8042] numeric elapsed_s=0.000 completed=1 pending=1
[exp8042] numeric elapsed_s=0.000 completed=2 pending=0
[exp8042] small_head_load_before elapsed_s=0.000 completed=0 pending=128
[exp8042] small_head_load_after elapsed_s=0.000 completed=0 pending=128
[exp8042] numeric elapsed_s=0.000 completed=1 pending=127
[exp8042] numeric elapsed_s=0.020 completed=128 pending=0
[exp8042] small_head_load_before elapsed_s=0.000 completed=0 pending=2
[exp8042] small_head_load_after elapsed_s=0.000 completed=0 pending=2
[exp8042] numeric elapsed_s=0.000 completed=1 pending=1
[exp8042] numeric elapsed_s=0.000 completed=2 pending=0
{"passed": true, "rows_checksum": "sha256:a407dd703511f48b9bc4fccce6bfecf2cd23b8126bc5c2821f9b38129ab34647"}
