[exp8233] phase=start completed=0 pending=14
[exp8209] phase=score completed=16 pending=112
[exp8209] phase=score completed=32 pending=96
[exp8209] phase=score completed=48 pending=80
[exp8209] phase=score completed=64 pending=64
[exp8209] phase=score completed=80 pending=48
[exp8209] phase=score completed=96 pending=32
[exp8209] phase=score completed=112 pending=16
[exp8209] phase=score completed=128 pending=0
[exp8223] phase=corrected_score completed=16 pending=112
[exp8223] phase=corrected_score completed=32 pending=96
[exp8223] phase=corrected_score completed=48 pending=80
[exp8223] phase=corrected_score completed=64 pending=64
[exp8223] phase=corrected_score completed=80 pending=48
[exp8223] phase=corrected_score completed=96 pending=32
[exp8223] phase=corrected_score completed=112 pending=16
[exp8223] phase=corrected_score completed=128 pending=0
[exp8185] phase=before_benchmark_source_bootstrap completed=0 pending=10000
[exp8185] phase=after_benchmark_source_bootstrap completed=10000 pending=0
[exp8185] phase=before_benchmark_source_bootstrap completed=0 pending=10000
[exp8185] phase=after_benchmark_source_bootstrap completed=10000 pending=0
{"passed": true, "rows_checksum": "sha256:d464b867378a412949dc9cf2909f9fc0e19d76c7a1224f5ee7a51f9a370b770e"}
