[exp8020] phase=begin_no_pretrained_model_load_or_generation elapsed_s=0.000 completed=0 pending=0
[exp8020] phase=prediction_benchmark_before_fit_conditioned_energy elapsed_s=0.048 completed=17 pending=0
[exp8020] phase=prediction_benchmark_after_fit_conditioned_energy elapsed_s=0.052 completed=256 pending=0
[exp8020] phase=prediction_benchmark_before_fit_sigmoid_identity elapsed_s=0.052 completed=17 pending=0
[exp8020] phase=prediction_benchmark_after_fit_sigmoid_identity elapsed_s=0.056 completed=256 pending=0
[exp8020] phase=prediction_benchmark_before_fit_fixed_200_residual elapsed_s=0.056 completed=17 pending=0
[exp8020] phase=prediction_benchmark_after_fit_fixed_200_residual elapsed_s=0.060 completed=256 pending=0
[exp8020] phase=prediction_benchmark_before_fit_conditioned_energy elapsed_s=0.060 completed=29 pending=0
[exp8020] phase=prediction_benchmark_after_fit_conditioned_energy elapsed_s=0.064 completed=256 pending=0
[exp8020] phase=prediction_benchmark_before_fit_sigmoid_identity elapsed_s=0.064 completed=29 pending=0
[exp8020] phase=prediction_benchmark_after_fit_sigmoid_identity elapsed_s=0.068 completed=256 pending=0
[exp8020] phase=prediction_benchmark_before_fit_fixed_200_residual elapsed_s=0.068 completed=29 pending=0
[exp8020] phase=prediction_benchmark_after_fit_fixed_200_residual elapsed_s=0.072 completed=256 pending=0
[exp8020] phase=prediction_benchmark_before_fit_conditioned_energy elapsed_s=0.072 completed=43 pending=0
[exp8020] phase=prediction_benchmark_after_fit_conditioned_energy elapsed_s=0.076 completed=256 pending=0
[exp8020] phase=prediction_benchmark_before_fit_sigmoid_identity elapsed_s=0.076 completed=43 pending=0
[exp8020] phase=prediction_benchmark_after_fit_sigmoid_identity elapsed_s=0.080 completed=256 pending=0
[exp8020] phase=prediction_benchmark_before_fit_fixed_200_residual elapsed_s=0.080 completed=43 pending=0
[exp8020] phase=prediction_benchmark_after_fit_fixed_200_residual elapsed_s=0.085 completed=256 pending=0
[exp8020] phase=prediction_benchmark_before_fit_conditioned_energy elapsed_s=0.085 completed=71 pending=0
[exp8020] phase=prediction_benchmark_after_fit_conditioned_energy elapsed_s=0.163 completed=256 pending=0
[exp8020] phase=prediction_benchmark_before_fit_sigmoid_identity elapsed_s=0.163 completed=71 pending=0
[exp8020] phase=prediction_benchmark_after_fit_sigmoid_identity elapsed_s=0.166 completed=256 pending=0
[exp8020] phase=prediction_benchmark_before_fit_fixed_200_residual elapsed_s=0.166 completed=71 pending=0
[exp8020] phase=prediction_benchmark_after_fit_fixed_200_residual elapsed_s=0.170 completed=256 pending=0
[exp8020] phase=prediction_benchmark_before_fit_conditioned_energy elapsed_s=0.170 completed=101 pending=0
[exp8020] phase=prediction_benchmark_after_fit_conditioned_energy elapsed_s=0.174 completed=256 pending=0
[exp8020] phase=prediction_benchmark_before_fit_sigmoid_identity elapsed_s=0.174 completed=101 pending=0
[exp8020] phase=prediction_benchmark_after_fit_sigmoid_identity elapsed_s=0.177 completed=256 pending=0
[exp8020] phase=prediction_benchmark_before_fit_fixed_200_residual elapsed_s=0.177 completed=101 pending=0
[exp8020] phase=prediction_benchmark_after_fit_fixed_200_residual elapsed_s=0.181 completed=256 pending=0
[exp8020] phase=prediction_benchmark_before_fit_linear elapsed_s=0.181 completed=17 pending=0
[exp8020] phase=prediction_benchmark_after_fit_linear elapsed_s=0.185 completed=256 pending=0
[exp8020] phase=prediction_benchmark_before_fit_linear elapsed_s=0.185 completed=29 pending=0
[exp8020] phase=prediction_benchmark_after_fit_linear elapsed_s=0.188 completed=256 pending=0
[exp8020] phase=prediction_benchmark_before_fit_linear elapsed_s=0.188 completed=43 pending=0
[exp8020] phase=prediction_benchmark_after_fit_linear elapsed_s=0.192 completed=256 pending=0
[exp8020] phase=prediction_benchmark_before_fit_linear elapsed_s=0.192 completed=71 pending=0
[exp8020] phase=prediction_benchmark_after_fit_linear elapsed_s=0.196 completed=256 pending=0
[exp8020] phase=prediction_benchmark_before_fit_linear elapsed_s=0.196 completed=101 pending=0
[exp8020] phase=prediction_benchmark_after_fit_linear elapsed_s=0.199 completed=256 pending=0
[exp8020] phase=prediction_benchmark_before_fit_scalar_affine elapsed_s=0.199 completed=17 pending=0
[exp8020] phase=prediction_benchmark_after_fit_scalar_affine elapsed_s=0.203 completed=256 pending=0
[exp8020] phase=prediction_benchmark_before_fit_scalar_affine elapsed_s=0.203 completed=29 pending=0
[exp8020] phase=prediction_benchmark_after_fit_scalar_affine elapsed_s=0.206 completed=256 pending=0
[exp8020] phase=prediction_benchmark_before_fit_scalar_affine elapsed_s=0.206 completed=43 pending=0
[exp8020] phase=prediction_benchmark_after_fit_scalar_affine elapsed_s=0.210 completed=256 pending=0
[exp8020] phase=prediction_benchmark_before_fit_scalar_affine elapsed_s=0.210 completed=71 pending=0
[exp8020] phase=prediction_benchmark_after_fit_scalar_affine elapsed_s=0.213 completed=256 pending=0
[exp8020] phase=prediction_benchmark_before_fit_scalar_affine elapsed_s=0.213 completed=101 pending=0
[exp8020] phase=prediction_benchmark_after_fit_scalar_affine elapsed_s=0.217 completed=256 pending=0
[exp8020] phase=prediction_benchmark_before_fit_intercept_only elapsed_s=0.217 completed=17 pending=0
[exp8020] phase=prediction_benchmark_after_fit_intercept_only elapsed_s=0.220 completed=256 pending=0
[exp8020] phase=prediction_benchmark_before_fit_intercept_only elapsed_s=0.220 completed=29 pending=0
[exp8020] phase=prediction_benchmark_after_fit_intercept_only elapsed_s=0.224 completed=256 pending=0
[exp8020] phase=prediction_benchmark_before_fit_intercept_only elapsed_s=0.224 completed=43 pending=0
[exp8020] phase=prediction_benchmark_after_fit_intercept_only elapsed_s=0.227 completed=256 pending=0
[exp8020] phase=prediction_benchmark_before_fit_intercept_only elapsed_s=0.227 completed=71 pending=0
[exp8020] phase=prediction_benchmark_after_fit_intercept_only elapsed_s=0.231 completed=256 pending=0
[exp8020] phase=prediction_benchmark_before_fit_intercept_only elapsed_s=0.231 completed=101 pending=0
[exp8020] phase=prediction_benchmark_after_fit_intercept_only elapsed_s=0.235 completed=256 pending=0
[exp8020] phase=prediction_benchmark_before_fit_isotonic elapsed_s=0.235 completed=17 pending=0
[exp8020] phase=prediction_benchmark_after_fit_isotonic elapsed_s=0.238 completed=256 pending=0
[exp8020] phase=prediction_benchmark_before_fit_isotonic elapsed_s=0.238 completed=29 pending=0
[exp8020] phase=prediction_benchmark_after_fit_isotonic elapsed_s=0.242 completed=256 pending=0
[exp8020] phase=prediction_benchmark_before_fit_isotonic elapsed_s=0.242 completed=43 pending=0
[exp8020] phase=prediction_benchmark_after_fit_isotonic elapsed_s=0.245 completed=256 pending=0
[exp8020] phase=prediction_benchmark_before_fit_isotonic elapsed_s=0.245 completed=71 pending=0
[exp8020] phase=prediction_benchmark_after_fit_isotonic elapsed_s=0.249 completed=256 pending=0
[exp8020] phase=prediction_benchmark_before_fit_isotonic elapsed_s=0.249 completed=101 pending=0
[exp8020] phase=prediction_benchmark_after_fit_isotonic elapsed_s=0.252 completed=256 pending=0
[exp8020] phase=prediction_benchmark_before_tune_conditioned_energy elapsed_s=0.255 completed=17 pending=0
[exp8020] phase=prediction_benchmark_after_tune_conditioned_energy elapsed_s=0.257 completed=64 pending=0
[exp8020] phase=prediction_benchmark_before_tune_sigmoid_identity elapsed_s=0.257 completed=17 pending=0
[exp8020] phase=prediction_benchmark_after_tune_sigmoid_identity elapsed_s=0.258 completed=64 pending=0
[exp8020] phase=prediction_benchmark_before_tune_fixed_200_residual elapsed_s=0.258 completed=17 pending=0
[exp8020] phase=prediction_benchmark_after_tune_fixed_200_residual elapsed_s=0.259 completed=64 pending=0
[exp8020] phase=prediction_benchmark_before_tune_conditioned_energy elapsed_s=0.259 completed=29 pending=0
[exp8020] phase=prediction_benchmark_after_tune_conditioned_energy elapsed_s=0.260 completed=64 pending=0
[exp8020] phase=prediction_benchmark_before_tune_sigmoid_identity elapsed_s=0.260 completed=29 pending=0
[exp8020] phase=prediction_benchmark_after_tune_sigmoid_identity elapsed_s=0.261 completed=64 pending=0
[exp8020] phase=prediction_benchmark_before_tune_fixed_200_residual elapsed_s=0.261 completed=29 pending=0
[exp8020] phase=prediction_benchmark_after_tune_fixed_200_residual elapsed_s=0.263 completed=64 pending=0
[exp8020] phase=prediction_benchmark_before_tune_conditioned_energy elapsed_s=0.263 completed=43 pending=0
[exp8020] phase=prediction_benchmark_after_tune_conditioned_energy elapsed_s=0.264 completed=64 pending=0
[exp8020] phase=prediction_benchmark_before_tune_sigmoid_identity elapsed_s=0.264 completed=43 pending=0
[exp8020] phase=prediction_benchmark_after_tune_sigmoid_identity elapsed_s=0.265 completed=64 pending=0
[exp8020] phase=prediction_benchmark_before_tune_fixed_200_residual elapsed_s=0.265 completed=43 pending=0
[exp8020] phase=prediction_benchmark_after_tune_fixed_200_residual elapsed_s=0.266 completed=64 pending=0
[exp8020] phase=prediction_benchmark_before_tune_conditioned_energy elapsed_s=0.266 completed=71 pending=0
[exp8020] phase=prediction_benchmark_after_tune_conditioned_energy elapsed_s=0.267 completed=64 pending=0
[exp8020] phase=prediction_benchmark_before_tune_sigmoid_identity elapsed_s=0.267 completed=71 pending=0
[exp8020] phase=prediction_benchmark_after_tune_sigmoid_identity elapsed_s=0.269 completed=64 pending=0
[exp8020] phase=prediction_benchmark_before_tune_fixed_200_residual elapsed_s=0.269 completed=71 pending=0
[exp8020] phase=prediction_benchmark_after_tune_fixed_200_residual elapsed_s=0.270 completed=64 pending=0
[exp8020] phase=prediction_benchmark_before_tune_conditioned_energy elapsed_s=0.270 completed=101 pending=0
[exp8020] phase=prediction_benchmark_after_tune_conditioned_energy elapsed_s=0.271 completed=64 pending=0
[exp8020] phase=prediction_benchmark_before_tune_sigmoid_identity elapsed_s=0.271 completed=101 pending=0
[exp8020] phase=prediction_benchmark_after_tune_sigmoid_identity elapsed_s=0.272 completed=64 pending=0
[exp8020] phase=prediction_benchmark_before_tune_fixed_200_residual elapsed_s=0.272 completed=101 pending=0
[exp8020] phase=prediction_benchmark_after_tune_fixed_200_residual elapsed_s=0.273 completed=64 pending=0
[exp8020] phase=prediction_benchmark_before_tune_linear elapsed_s=0.273 completed=17 pending=0
[exp8020] phase=prediction_benchmark_after_tune_linear elapsed_s=0.274 completed=64 pending=0
[exp8020] phase=prediction_benchmark_before_tune_linear elapsed_s=0.274 completed=29 pending=0
[exp8020] phase=prediction_benchmark_after_tune_linear elapsed_s=0.275 completed=64 pending=0
[exp8020] phase=prediction_benchmark_before_tune_linear elapsed_s=0.275 completed=43 pending=0
[exp8020] phase=prediction_benchmark_after_tune_linear elapsed_s=0.276 completed=64 pending=0
[exp8020] phase=prediction_benchmark_before_tune_linear elapsed_s=0.276 completed=71 pending=0
[exp8020] phase=prediction_benchmark_after_tune_linear elapsed_s=0.277 completed=64 pending=0
[exp8020] phase=prediction_benchmark_before_tune_linear elapsed_s=0.277 completed=101 pending=0
[exp8020] phase=prediction_benchmark_after_tune_linear elapsed_s=0.278 completed=64 pending=0
[exp8020] phase=prediction_benchmark_before_tune_scalar_affine elapsed_s=0.278 completed=17 pending=0
[exp8020] phase=prediction_benchmark_after_tune_scalar_affine elapsed_s=0.279 completed=64 pending=0
[exp8020] phase=prediction_benchmark_before_tune_scalar_affine elapsed_s=0.279 completed=29 pending=0
[exp8020] phase=prediction_benchmark_after_tune_scalar_affine elapsed_s=0.280 completed=64 pending=0
[exp8020] phase=prediction_benchmark_before_tune_scalar_affine elapsed_s=0.280 completed=43 pending=0
[exp8020] phase=prediction_benchmark_after_tune_scalar_affine elapsed_s=0.281 completed=64 pending=0
[exp8020] phase=prediction_benchmark_before_tune_scalar_affine elapsed_s=0.281 completed=71 pending=0
[exp8020] phase=prediction_benchmark_after_tune_scalar_affine elapsed_s=0.282 completed=64 pending=0
[exp8020] phase=prediction_benchmark_before_tune_scalar_affine elapsed_s=0.282 completed=101 pending=0
[exp8020] phase=prediction_benchmark_after_tune_scalar_affine elapsed_s=0.283 completed=64 pending=0
[exp8020] phase=prediction_benchmark_before_tune_intercept_only elapsed_s=0.283 completed=17 pending=0
[exp8020] phase=prediction_benchmark_after_tune_intercept_only elapsed_s=0.284 completed=64 pending=0
[exp8020] phase=prediction_benchmark_before_tune_intercept_only elapsed_s=0.284 completed=29 pending=0
[exp8020] phase=prediction_benchmark_after_tune_intercept_only elapsed_s=0.284 completed=64 pending=0
[exp8020] phase=prediction_benchmark_before_tune_intercept_only elapsed_s=0.284 completed=43 pending=0
[exp8020] phase=prediction_benchmark_after_tune_intercept_only elapsed_s=0.285 completed=64 pending=0
[exp8020] phase=prediction_benchmark_before_tune_intercept_only elapsed_s=0.285 completed=71 pending=0
[exp8020] phase=prediction_benchmark_after_tune_intercept_only elapsed_s=0.286 completed=64 pending=0
[exp8020] phase=prediction_benchmark_before_tune_intercept_only elapsed_s=0.286 completed=101 pending=0
[exp8020] phase=prediction_benchmark_after_tune_intercept_only elapsed_s=0.287 completed=64 pending=0
[exp8020] phase=prediction_benchmark_before_tune_isotonic elapsed_s=0.287 completed=17 pending=0
[exp8020] phase=prediction_benchmark_after_tune_isotonic elapsed_s=0.288 completed=64 pending=0
[exp8020] phase=prediction_benchmark_before_tune_isotonic elapsed_s=0.288 completed=29 pending=0
[exp8020] phase=prediction_benchmark_after_tune_isotonic elapsed_s=0.289 completed=64 pending=0
[exp8020] phase=prediction_benchmark_before_tune_isotonic elapsed_s=0.289 completed=43 pending=0
[exp8020] phase=prediction_benchmark_after_tune_isotonic elapsed_s=0.290 completed=64 pending=0
[exp8020] phase=prediction_benchmark_before_tune_isotonic elapsed_s=0.290 completed=71 pending=0
[exp8020] phase=prediction_benchmark_after_tune_isotonic elapsed_s=0.291 completed=64 pending=0
[exp8020] phase=prediction_benchmark_before_tune_isotonic elapsed_s=0.291 completed=101 pending=0
[exp8020] phase=prediction_benchmark_after_tune_isotonic elapsed_s=0.292 completed=64 pending=0
[exp8020] phase=prediction_benchmark_before_calibration_conditioned_energy elapsed_s=0.294 completed=17 pending=0
[exp8020] phase=prediction_benchmark_after_calibration_conditioned_energy elapsed_s=0.295 completed=64 pending=0
[exp8020] phase=prediction_benchmark_before_calibration_sigmoid_identity elapsed_s=0.295 completed=17 pending=0
[exp8020] phase=prediction_benchmark_after_calibration_sigmoid_identity elapsed_s=0.297 completed=64 pending=0
[exp8020] phase=prediction_benchmark_before_calibration_fixed_200_residual elapsed_s=0.297 completed=17 pending=0
[exp8020] phase=prediction_benchmark_after_calibration_fixed_200_residual elapsed_s=0.298 completed=64 pending=0
[exp8020] phase=prediction_benchmark_before_calibration_conditioned_energy elapsed_s=0.298 completed=29 pending=0
[exp8020] phase=prediction_benchmark_after_calibration_conditioned_energy elapsed_s=0.299 completed=64 pending=0
[exp8020] phase=prediction_benchmark_before_calibration_sigmoid_identity elapsed_s=0.299 completed=29 pending=0
[exp8020] phase=prediction_benchmark_after_calibration_sigmoid_identity elapsed_s=0.300 completed=64 pending=0
[exp8020] phase=prediction_benchmark_before_calibration_fixed_200_residual elapsed_s=0.300 completed=29 pending=0
[exp8020] phase=prediction_benchmark_after_calibration_fixed_200_residual elapsed_s=0.301 completed=64 pending=0
[exp8020] phase=prediction_benchmark_before_calibration_conditioned_energy elapsed_s=0.301 completed=43 pending=0
[exp8020] phase=prediction_benchmark_after_calibration_conditioned_energy elapsed_s=0.302 completed=64 pending=0
[exp8020] phase=prediction_benchmark_before_calibration_sigmoid_identity elapsed_s=0.302 completed=43 pending=0
[exp8020] phase=prediction_benchmark_after_calibration_sigmoid_identity elapsed_s=0.304 completed=64 pending=0
[exp8020] phase=prediction_benchmark_before_calibration_fixed_200_residual elapsed_s=0.304 completed=43 pending=0
[exp8020] phase=prediction_benchmark_after_calibration_fixed_200_residual elapsed_s=0.305 completed=64 pending=0
[exp8020] phase=prediction_benchmark_before_calibration_conditioned_energy elapsed_s=0.305 completed=71 pending=0
[exp8020] phase=prediction_benchmark_after_calibration_conditioned_energy elapsed_s=0.306 completed=64 pending=0
[exp8020] phase=prediction_benchmark_before_calibration_sigmoid_identity elapsed_s=0.306 completed=71 pending=0
[exp8020] phase=prediction_benchmark_after_calibration_sigmoid_identity elapsed_s=0.307 completed=64 pending=0
[exp8020] phase=prediction_benchmark_before_calibration_fixed_200_residual elapsed_s=0.307 completed=71 pending=0
[exp8020] phase=prediction_benchmark_after_calibration_fixed_200_residual elapsed_s=0.308 completed=64 pending=0
[exp8020] phase=prediction_benchmark_before_calibration_conditioned_energy elapsed_s=0.308 completed=101 pending=0
[exp8020] phase=prediction_benchmark_after_calibration_conditioned_energy elapsed_s=0.309 completed=64 pending=0
[exp8020] phase=prediction_benchmark_before_calibration_sigmoid_identity elapsed_s=0.310 completed=101 pending=0
[exp8020] phase=prediction_benchmark_after_calibration_sigmoid_identity elapsed_s=0.311 completed=64 pending=0
[exp8020] phase=prediction_benchmark_before_calibration_fixed_200_residual elapsed_s=0.311 completed=101 pending=0
[exp8020] phase=prediction_benchmark_after_calibration_fixed_200_residual elapsed_s=0.312 completed=64 pending=0
[exp8020] phase=prediction_benchmark_before_calibration_linear elapsed_s=0.312 completed=17 pending=0
[exp8020] phase=prediction_benchmark_after_calibration_linear elapsed_s=0.313 completed=64 pending=0
[exp8020] phase=prediction_benchmark_before_calibration_linear elapsed_s=0.313 completed=29 pending=0
[exp8020] phase=prediction_benchmark_after_calibration_linear elapsed_s=0.314 completed=64 pending=0
[exp8020] phase=prediction_benchmark_before_calibration_linear elapsed_s=0.314 completed=43 pending=0
[exp8020] phase=prediction_benchmark_after_calibration_linear elapsed_s=0.315 completed=64 pending=0
[exp8020] phase=prediction_benchmark_before_calibration_linear elapsed_s=0.315 completed=71 pending=0
[exp8020] phase=prediction_benchmark_after_calibration_linear elapsed_s=0.316 completed=64 pending=0
[exp8020] phase=prediction_benchmark_before_calibration_linear elapsed_s=0.316 completed=101 pending=0
[exp8020] phase=prediction_benchmark_after_calibration_linear elapsed_s=0.317 completed=64 pending=0
[exp8020] phase=prediction_benchmark_before_calibration_scalar_affine elapsed_s=0.317 completed=17 pending=0
[exp8020] phase=prediction_benchmark_after_calibration_scalar_affine elapsed_s=0.317 completed=64 pending=0
[exp8020] phase=prediction_benchmark_before_calibration_scalar_affine elapsed_s=0.317 completed=29 pending=0
[exp8020] phase=prediction_benchmark_after_calibration_scalar_affine elapsed_s=0.318 completed=64 pending=0
[exp8020] phase=prediction_benchmark_before_calibration_scalar_affine elapsed_s=0.318 completed=43 pending=0
[exp8020] phase=prediction_benchmark_after_calibration_scalar_affine elapsed_s=0.319 completed=64 pending=0
[exp8020] phase=prediction_benchmark_before_calibration_scalar_affine elapsed_s=0.319 completed=71 pending=0
[exp8020] phase=prediction_benchmark_after_calibration_scalar_affine elapsed_s=0.320 completed=64 pending=0
[exp8020] phase=prediction_benchmark_before_calibration_scalar_affine elapsed_s=0.320 completed=101 pending=0
[exp8020] phase=prediction_benchmark_after_calibration_scalar_affine elapsed_s=0.321 completed=64 pending=0
[exp8020] phase=prediction_benchmark_before_calibration_intercept_only elapsed_s=0.321 completed=17 pending=0
[exp8020] phase=prediction_benchmark_after_calibration_intercept_only elapsed_s=0.322 completed=64 pending=0
[exp8020] phase=prediction_benchmark_before_calibration_intercept_only elapsed_s=0.322 completed=29 pending=0
[exp8020] phase=prediction_benchmark_after_calibration_intercept_only elapsed_s=0.323 completed=64 pending=0
[exp8020] phase=prediction_benchmark_before_calibration_intercept_only elapsed_s=0.323 completed=43 pending=0
[exp8020] phase=prediction_benchmark_after_calibration_intercept_only elapsed_s=0.324 completed=64 pending=0
[exp8020] phase=prediction_benchmark_before_calibration_intercept_only elapsed_s=0.324 completed=71 pending=0
[exp8020] phase=prediction_benchmark_after_calibration_intercept_only elapsed_s=0.325 completed=64 pending=0
[exp8020] phase=prediction_benchmark_before_calibration_intercept_only elapsed_s=0.325 completed=101 pending=0
[exp8020] phase=prediction_benchmark_after_calibration_intercept_only elapsed_s=0.326 completed=64 pending=0
[exp8020] phase=prediction_benchmark_before_calibration_isotonic elapsed_s=0.326 completed=17 pending=0
[exp8020] phase=prediction_benchmark_after_calibration_isotonic elapsed_s=0.327 completed=64 pending=0
[exp8020] phase=prediction_benchmark_before_calibration_isotonic elapsed_s=0.327 completed=29 pending=0
[exp8020] phase=prediction_benchmark_after_calibration_isotonic elapsed_s=0.328 completed=64 pending=0
[exp8020] phase=prediction_benchmark_before_calibration_isotonic elapsed_s=0.328 completed=43 pending=0
[exp8020] phase=prediction_benchmark_after_calibration_isotonic elapsed_s=0.328 completed=64 pending=0
[exp8020] phase=prediction_benchmark_before_calibration_isotonic elapsed_s=0.328 completed=71 pending=0
[exp8020] phase=prediction_benchmark_after_calibration_isotonic elapsed_s=0.329 completed=64 pending=0
[exp8020] phase=prediction_benchmark_before_calibration_isotonic elapsed_s=0.329 completed=101 pending=0
[exp8020] phase=prediction_benchmark_after_calibration_isotonic elapsed_s=0.330 completed=64 pending=0
[exp8020] phase=prediction_benchmark_before_stream_conditioned_energy elapsed_s=0.336 completed=17 pending=0
[exp8020] phase=prediction_benchmark_after_stream_conditioned_energy elapsed_s=0.337 completed=256 pending=0
[exp8020] phase=prediction_benchmark_before_stream_sigmoid_identity elapsed_s=0.337 completed=17 pending=0
[exp8020] phase=prediction_benchmark_after_stream_sigmoid_identity elapsed_s=0.338 completed=256 pending=0
[exp8020] phase=prediction_benchmark_before_stream_fixed_200_residual elapsed_s=0.338 completed=17 pending=0
[exp8020] phase=prediction_benchmark_after_stream_fixed_200_residual elapsed_s=0.339 completed=256 pending=0
[exp8020] phase=prediction_benchmark_before_stream_conditioned_energy elapsed_s=0.339 completed=29 pending=0
[exp8020] phase=prediction_benchmark_after_stream_conditioned_energy elapsed_s=0.339 completed=256 pending=0
[exp8020] phase=prediction_benchmark_before_stream_sigmoid_identity elapsed_s=0.339 completed=29 pending=0
[exp8020] phase=prediction_benchmark_after_stream_sigmoid_identity elapsed_s=0.340 completed=256 pending=0
[exp8020] phase=prediction_benchmark_before_stream_fixed_200_residual elapsed_s=0.340 completed=29 pending=0
[exp8020] phase=prediction_benchmark_after_stream_fixed_200_residual elapsed_s=0.341 completed=256 pending=0
[exp8020] phase=prediction_benchmark_before_stream_conditioned_energy elapsed_s=0.341 completed=43 pending=0
[exp8020] phase=prediction_benchmark_after_stream_conditioned_energy elapsed_s=0.342 completed=256 pending=0
[exp8020] phase=prediction_benchmark_before_stream_sigmoid_identity elapsed_s=0.342 completed=43 pending=0
[exp8020] phase=prediction_benchmark_after_stream_sigmoid_identity elapsed_s=0.342 completed=256 pending=0
[exp8020] phase=prediction_benchmark_before_stream_fixed_200_residual elapsed_s=0.342 completed=43 pending=0
[exp8020] phase=prediction_benchmark_after_stream_fixed_200_residual elapsed_s=0.343 completed=256 pending=0
[exp8020] phase=prediction_benchmark_before_stream_conditioned_energy elapsed_s=0.343 completed=71 pending=0
[exp8020] phase=prediction_benchmark_after_stream_conditioned_energy elapsed_s=0.344 completed=256 pending=0
[exp8020] phase=prediction_benchmark_before_stream_sigmoid_identity elapsed_s=0.344 completed=71 pending=0
[exp8020] phase=prediction_benchmark_after_stream_sigmoid_identity elapsed_s=0.344 completed=256 pending=0
[exp8020] phase=prediction_benchmark_before_stream_fixed_200_residual elapsed_s=0.344 completed=71 pending=0
[exp8020] phase=prediction_benchmark_after_stream_fixed_200_residual elapsed_s=0.345 completed=256 pending=0
[exp8020] phase=prediction_benchmark_before_stream_conditioned_energy elapsed_s=0.345 completed=101 pending=0
[exp8020] phase=prediction_benchmark_after_stream_conditioned_energy elapsed_s=0.346 completed=256 pending=0
[exp8020] phase=prediction_benchmark_before_stream_sigmoid_identity elapsed_s=0.346 completed=101 pending=0
[exp8020] phase=prediction_benchmark_after_stream_sigmoid_identity elapsed_s=0.347 completed=256 pending=0
[exp8020] phase=prediction_benchmark_before_stream_fixed_200_residual elapsed_s=0.347 completed=101 pending=0
[exp8020] phase=prediction_benchmark_after_stream_fixed_200_residual elapsed_s=0.347 completed=256 pending=0
[exp8020] phase=prediction_benchmark_before_stream_linear elapsed_s=0.347 completed=17 pending=0
[exp8020] phase=prediction_benchmark_after_stream_linear elapsed_s=0.348 completed=256 pending=0
[exp8020] phase=prediction_benchmark_before_stream_linear elapsed_s=0.348 completed=29 pending=0
[exp8020] phase=prediction_benchmark_after_stream_linear elapsed_s=0.348 completed=256 pending=0
[exp8020] phase=prediction_benchmark_before_stream_linear elapsed_s=0.348 completed=43 pending=0
[exp8020] phase=prediction_benchmark_after_stream_linear elapsed_s=0.348 completed=256 pending=0
[exp8020] phase=prediction_benchmark_before_stream_linear elapsed_s=0.348 completed=71 pending=0
[exp8020] phase=prediction_benchmark_after_stream_linear elapsed_s=0.348 completed=256 pending=0
[exp8020] phase=prediction_benchmark_before_stream_linear elapsed_s=0.348 completed=101 pending=0
[exp8020] phase=prediction_benchmark_after_stream_linear elapsed_s=0.349 completed=256 pending=0
[exp8020] phase=prediction_benchmark_before_stream_scalar_affine elapsed_s=0.349 completed=17 pending=0
[exp8020] phase=prediction_benchmark_after_stream_scalar_affine elapsed_s=0.349 completed=256 pending=0
[exp8020] phase=prediction_benchmark_before_stream_scalar_affine elapsed_s=0.349 completed=29 pending=0
[exp8020] phase=prediction_benchmark_after_stream_scalar_affine elapsed_s=0.349 completed=256 pending=0
[exp8020] phase=prediction_benchmark_before_stream_scalar_affine elapsed_s=0.349 completed=43 pending=0
[exp8020] phase=prediction_benchmark_after_stream_scalar_affine elapsed_s=0.350 completed=256 pending=0
[exp8020] phase=prediction_benchmark_before_stream_scalar_affine elapsed_s=0.350 completed=71 pending=0
[exp8020] phase=prediction_benchmark_after_stream_scalar_affine elapsed_s=0.350 completed=256 pending=0
[exp8020] phase=prediction_benchmark_before_stream_scalar_affine elapsed_s=0.350 completed=101 pending=0
[exp8020] phase=prediction_benchmark_after_stream_scalar_affine elapsed_s=0.350 completed=256 pending=0
[exp8020] phase=prediction_benchmark_before_stream_intercept_only elapsed_s=0.350 completed=17 pending=0
[exp8020] phase=prediction_benchmark_after_stream_intercept_only elapsed_s=0.350 completed=256 pending=0
[exp8020] phase=prediction_benchmark_before_stream_intercept_only elapsed_s=0.350 completed=29 pending=0
[exp8020] phase=prediction_benchmark_after_stream_intercept_only elapsed_s=0.351 completed=256 pending=0
[exp8020] phase=prediction_benchmark_before_stream_intercept_only elapsed_s=0.351 completed=43 pending=0
[exp8020] phase=prediction_benchmark_after_stream_intercept_only elapsed_s=0.351 completed=256 pending=0
[exp8020] phase=prediction_benchmark_before_stream_intercept_only elapsed_s=0.351 completed=71 pending=0
[exp8020] phase=prediction_benchmark_after_stream_intercept_only elapsed_s=0.351 completed=256 pending=0
[exp8020] phase=prediction_benchmark_before_stream_intercept_only elapsed_s=0.351 completed=101 pending=0
[exp8020] phase=prediction_benchmark_after_stream_intercept_only elapsed_s=0.352 completed=256 pending=0
[exp8020] phase=prediction_benchmark_before_stream_isotonic elapsed_s=0.352 completed=17 pending=0
[exp8020] phase=prediction_benchmark_after_stream_isotonic elapsed_s=0.352 completed=256 pending=0
[exp8020] phase=prediction_benchmark_before_stream_isotonic elapsed_s=0.352 completed=29 pending=0
[exp8020] phase=prediction_benchmark_after_stream_isotonic elapsed_s=0.352 completed=256 pending=0
[exp8020] phase=prediction_benchmark_before_stream_isotonic elapsed_s=0.352 completed=43 pending=0
[exp8020] phase=prediction_benchmark_after_stream_isotonic elapsed_s=0.352 completed=256 pending=0
[exp8020] phase=prediction_benchmark_before_stream_isotonic elapsed_s=0.352 completed=71 pending=0
[exp8020] phase=prediction_benchmark_after_stream_isotonic elapsed_s=0.353 completed=256 pending=0
[exp8020] phase=prediction_benchmark_before_stream_isotonic elapsed_s=0.353 completed=101 pending=0
[exp8020] phase=prediction_benchmark_after_stream_isotonic elapsed_s=0.353 completed=256 pending=0
[exp8020] phase=prediction_benchmark_before_retention_conditioned_energy elapsed_s=0.355 completed=17 pending=0
[exp8020] phase=prediction_benchmark_after_retention_conditioned_energy elapsed_s=0.355 completed=64 pending=0
[exp8020] phase=prediction_benchmark_before_retention_sigmoid_identity elapsed_s=0.355 completed=17 pending=0
[exp8020] phase=prediction_benchmark_after_retention_sigmoid_identity elapsed_s=0.355 completed=64 pending=0
[exp8020] phase=prediction_benchmark_before_retention_fixed_200_residual elapsed_s=0.355 completed=17 pending=0
[exp8020] phase=prediction_benchmark_after_retention_fixed_200_residual elapsed_s=0.356 completed=64 pending=0
[exp8020] phase=prediction_benchmark_before_retention_conditioned_energy elapsed_s=0.356 completed=29 pending=0
[exp8020] phase=prediction_benchmark_after_retention_conditioned_energy elapsed_s=0.356 completed=64 pending=0
[exp8020] phase=prediction_benchmark_before_retention_sigmoid_identity elapsed_s=0.356 completed=29 pending=0
[exp8020] phase=prediction_benchmark_after_retention_sigmoid_identity elapsed_s=0.356 completed=64 pending=0
[exp8020] phase=prediction_benchmark_before_retention_fixed_200_residual elapsed_s=0.356 completed=29 pending=0
[exp8020] phase=prediction_benchmark_after_retention_fixed_200_residual elapsed_s=0.357 completed=64 pending=0
[exp8020] phase=prediction_benchmark_before_retention_conditioned_energy elapsed_s=0.357 completed=43 pending=0
[exp8020] phase=prediction_benchmark_after_retention_conditioned_energy elapsed_s=0.357 completed=64 pending=0
[exp8020] phase=prediction_benchmark_before_retention_sigmoid_identity elapsed_s=0.357 completed=43 pending=0
[exp8020] phase=prediction_benchmark_after_retention_sigmoid_identity elapsed_s=0.357 completed=64 pending=0
[exp8020] phase=prediction_benchmark_before_retention_fixed_200_residual elapsed_s=0.357 completed=43 pending=0
[exp8020] phase=prediction_benchmark_after_retention_fixed_200_residual elapsed_s=0.358 completed=64 pending=0
[exp8020] phase=prediction_benchmark_before_retention_conditioned_energy elapsed_s=0.358 completed=71 pending=0
[exp8020] phase=prediction_benchmark_after_retention_conditioned_energy elapsed_s=0.358 completed=64 pending=0
[exp8020] phase=prediction_benchmark_before_retention_sigmoid_identity elapsed_s=0.358 completed=71 pending=0
[exp8020] phase=prediction_benchmark_after_retention_sigmoid_identity elapsed_s=0.358 completed=64 pending=0
[exp8020] phase=prediction_benchmark_before_retention_fixed_200_residual elapsed_s=0.358 completed=71 pending=0
[exp8020] phase=prediction_benchmark_after_retention_fixed_200_residual elapsed_s=0.359 completed=64 pending=0
[exp8020] phase=prediction_benchmark_before_retention_conditioned_energy elapsed_s=0.359 completed=101 pending=0
[exp8020] phase=prediction_benchmark_after_retention_conditioned_energy elapsed_s=0.359 completed=64 pending=0
[exp8020] phase=prediction_benchmark_before_retention_sigmoid_identity elapsed_s=0.359 completed=101 pending=0
[exp8020] phase=prediction_benchmark_after_retention_sigmoid_identity elapsed_s=0.359 completed=64 pending=0
[exp8020] phase=prediction_benchmark_before_retention_fixed_200_residual elapsed_s=0.359 completed=101 pending=0
[exp8020] phase=prediction_benchmark_after_retention_fixed_200_residual elapsed_s=0.360 completed=64 pending=0
[exp8020] phase=prediction_benchmark_before_retention_linear elapsed_s=0.360 completed=17 pending=0
[exp8020] phase=prediction_benchmark_after_retention_linear elapsed_s=0.360 completed=64 pending=0
[exp8020] phase=prediction_benchmark_before_retention_linear elapsed_s=0.360 completed=29 pending=0
[exp8020] phase=prediction_benchmark_after_retention_linear elapsed_s=0.360 completed=64 pending=0
[exp8020] phase=prediction_benchmark_before_retention_linear elapsed_s=0.360 completed=43 pending=0
[exp8020] phase=prediction_benchmark_after_retention_linear elapsed_s=0.360 completed=64 pending=0
[exp8020] phase=prediction_benchmark_before_retention_linear elapsed_s=0.360 completed=71 pending=0
[exp8020] phase=prediction_benchmark_after_retention_linear elapsed_s=0.360 completed=64 pending=0
[exp8020] phase=prediction_benchmark_before_retention_linear elapsed_s=0.360 completed=101 pending=0
[exp8020] phase=prediction_benchmark_after_retention_linear elapsed_s=0.360 completed=64 pending=0
[exp8020] phase=prediction_benchmark_before_retention_scalar_affine elapsed_s=0.360 completed=17 pending=0
[exp8020] phase=prediction_benchmark_after_retention_scalar_affine elapsed_s=0.360 completed=64 pending=0
[exp8020] phase=prediction_benchmark_before_retention_scalar_affine elapsed_s=0.360 completed=29 pending=0
[exp8020] phase=prediction_benchmark_after_retention_scalar_affine elapsed_s=0.360 completed=64 pending=0
[exp8020] phase=prediction_benchmark_before_retention_scalar_affine elapsed_s=0.360 completed=43 pending=0
[exp8020] phase=prediction_benchmark_after_retention_scalar_affine elapsed_s=0.361 completed=64 pending=0
[exp8020] phase=prediction_benchmark_before_retention_scalar_affine elapsed_s=0.361 completed=71 pending=0
[exp8020] phase=prediction_benchmark_after_retention_scalar_affine elapsed_s=0.361 completed=64 pending=0
[exp8020] phase=prediction_benchmark_before_retention_scalar_affine elapsed_s=0.361 completed=101 pending=0
[exp8020] phase=prediction_benchmark_after_retention_scalar_affine elapsed_s=0.361 completed=64 pending=0
[exp8020] phase=prediction_benchmark_before_retention_intercept_only elapsed_s=0.361 completed=17 pending=0
[exp8020] phase=prediction_benchmark_after_retention_intercept_only elapsed_s=0.361 completed=64 pending=0
[exp8020] phase=prediction_benchmark_before_retention_intercept_only elapsed_s=0.361 completed=29 pending=0
[exp8020] phase=prediction_benchmark_after_retention_intercept_only elapsed_s=0.361 completed=64 pending=0
[exp8020] phase=prediction_benchmark_before_retention_intercept_only elapsed_s=0.361 completed=43 pending=0
[exp8020] phase=prediction_benchmark_after_retention_intercept_only elapsed_s=0.361 completed=64 pending=0
[exp8020] phase=prediction_benchmark_before_retention_intercept_only elapsed_s=0.361 completed=71 pending=0
[exp8020] phase=prediction_benchmark_after_retention_intercept_only elapsed_s=0.361 completed=64 pending=0
[exp8020] phase=prediction_benchmark_before_retention_intercept_only elapsed_s=0.361 completed=101 pending=0
[exp8020] phase=prediction_benchmark_after_retention_intercept_only elapsed_s=0.361 completed=64 pending=0
[exp8020] phase=prediction_benchmark_before_retention_isotonic elapsed_s=0.361 completed=17 pending=0
[exp8020] phase=prediction_benchmark_after_retention_isotonic elapsed_s=0.361 completed=64 pending=0
[exp8020] phase=prediction_benchmark_before_retention_isotonic elapsed_s=0.361 completed=29 pending=0
[exp8020] phase=prediction_benchmark_after_retention_isotonic elapsed_s=0.361 completed=64 pending=0
[exp8020] phase=prediction_benchmark_before_retention_isotonic elapsed_s=0.361 completed=43 pending=0
[exp8020] phase=prediction_benchmark_after_retention_isotonic elapsed_s=0.361 completed=64 pending=0
[exp8020] phase=prediction_benchmark_before_retention_isotonic elapsed_s=0.361 completed=71 pending=0
[exp8020] phase=prediction_benchmark_after_retention_isotonic elapsed_s=0.361 completed=64 pending=0
[exp8020] phase=prediction_benchmark_before_retention_isotonic elapsed_s=0.361 completed=101 pending=0
[exp8020] phase=prediction_benchmark_after_retention_isotonic elapsed_s=0.362 completed=64 pending=0
[exp8020] phase=cold_reduction_passed elapsed_s=0.526 completed=0 pending=0
