[exp8098] start completed=0 pending=0
[exp8098] preconditions_before completed=0 pending=0
[exp8098] preconditions_after_methods_before completed=41 pending=0
[exp8098] methods_after_public_seal_before completed=0 pending=0
[exp8098] public_selection_before_labels completed=0 pending=0
[exp8098] public_response_scan completed=1 pending=0
[exp8098] public_response_scan completed=1025 pending=0
[exp8098] public_response_scan completed=2049 pending=0
[exp8098] public_response_scan completed=3073 pending=0
[exp8098] public_response_scan completed=4097 pending=0
[exp8098] public_response_scan completed=5121 pending=0
[exp8098] public_response_scan completed=6145 pending=0
[exp8098] public_response_scan completed=7169 pending=0
[exp8098] public_response_scan completed=8193 pending=0
[exp8098] public_response_scan completed=9217 pending=0
[exp8098] public_response_scan completed=10241 pending=0
[exp8098] public_response_scan completed=11265 pending=0
[exp8098] public_response_scan completed=12289 pending=0
[exp8098] public_response_scan completed=13313 pending=0
[exp8098] public_response_scan completed=14337 pending=0
[exp8098] public_response_scan completed=15361 pending=0
[exp8098] public_response_scan completed=16385 pending=0
[exp8098] public_response_scan completed=17409 pending=0
[exp8098] public_sealed_evaluator_open completed=640 pending=0
[exp8098] evaluator_scan completed=1 pending=0
[exp8098] evaluator_scan completed=1025 pending=0
[exp8098] evaluator_scan completed=2049 pending=0
[exp8098] evaluator_scan completed=3073 pending=0
[exp8098] evaluator_scan completed=4097 pending=0
[exp8098] evaluator_scan completed=5121 pending=0
[exp8098] evaluator_scan completed=6145 pending=0
[exp8098] evaluator_scan completed=7169 pending=0
[exp8098] evaluator_scan completed=8193 pending=0
[exp8098] evaluator_scan completed=9217 pending=0
[exp8098] evaluator_scan completed=10241 pending=0
[exp8098] evaluator_scan completed=11265 pending=0
[exp8098] evaluator_scan completed=12289 pending=0
[exp8098] evaluator_scan completed=13313 pending=0
[exp8098] evaluator_scan completed=14337 pending=0
[exp8098] evaluator_scan completed=15361 pending=0
[exp8098] evaluator_scan completed=16385 pending=0
[exp8098] evaluator_scan completed=17409 pending=0
[exp8098] evaluator_completed completed=640 pending=0
[exp8098] seal_child_normal_exit completed=0 pending=0
