============================= test session starts ==============================
platform linux -- Python 3.12.13, pytest-9.0.3, pluggy-1.6.0
rootdir: /home/ianblenke/github.com/ianblenke/carnot
configfile: pyproject.toml
plugins: xdist-3.8.0, jaxtyping-0.3.10, cov-7.1.0, hydra-core-1.3.3, anyio-4.13.0, hypothesis-6.155.2
created: 4/4 workers
4 workers [73342 items]

........................................................................ [  0%]
........................................................................ [  0%]
........................................................................ [  0%]
........................................................................ [  0%]
........................................................................ [  0%]
........................................................................ [  0%]
........................................................................ [  0%]
.................................................................F...... [  0%]
........................................................................ [  0%]
...F.................................................................... [  0%]
........................................................................ [  1%]
........................................................................ [  1%]
......................F................................................. [  1%]
....F.F................................................................. [  1%]
.....................................................................F.. [  1%]
.....................................................................Fss [  1%]
ssss........s..........................................FFFFFFF.......... [  1%]
........................................................................ [  1%]
....................................................................ssss [  1%]
ssssssssssss............................................................ [  1%]
....F.................F................................................. [  2%]
.......F................................................................ [  2%]
........................................................................ [  2%]
........................................................................ [  2%]
........................................................................ [  2%]
.........................................F.............................. [  2%]
..............................F......................................... [  2%]
................................FF...................................... [  2%]
........................................................................ [  2%]
........................................................................ [  2%]
........................................................................ [  3%]
........................................................................ [  3%]
........................................................................ [  3%]
........................................................................ [  3%]
........................................................................ [  3%]
........................................................................ [  3%]
........................................................................ [  3%]
........................................................................ [  3%]
........................................................................ [  3%]
........................................................................ [  3%]
........................................................................ [  4%]
........................................................................ [  4%]
........................................................................ [  4%]
........................................................................ [  4%]
........................................................................ [  4%]
.........................................................s.............. [  4%]
........................................................................ [  4%]
........................................................................ [  4%]
........................................................................ [  4%]
........................................................................ [  4%]
............................................F........................... [  5%]
..............................F.F.......F............................... [  5%]
........................................................................ [  5%]
........................................................................ [  5%]
........................................................................ [  5%]
........................................................................ [  5%]
..................................................................F..... [  5%]
........................................................................ [  5%]
........................................................................ [  5%]
........................................................................ [  5%]
........................................................................ [  5%]
........................................................................ [  6%]
........................................................................ [  6%]
........................................................................ [  6%]
........................................................................ [  6%]
........................................................................ [  6%]
........................................................................ [  6%]
.................................................F...................... [  6%]
F..F.F.................................................................. [  6%]
........................................................................ [  6%]
........................................................................ [  6%]
........................................................................ [  7%]
........................................................................ [  7%]
........................................................................ [  7%]
........................................................................ [  7%]
........................................................................ [  7%]
........................................................................ [  7%]
................................F...F................................... [  7%]
........................................................................ [  7%]
...................................F.................................... [  7%]
........................................................................ [  7%]
........................................................................ [  8%]
...............................................s........................ [  8%]
...........F............................................................ [  8%]
........................................................................ [  8%]
....................................sssss.....ssssss.................... [  8%]
........................................................................ [  8%]
........................................................................ [  8%]
........................................................................ [  8%]
........................................................................ [  8%]
........................................................................ [  8%]
........................................................................ [  9%]
........................................................................ [  9%]
........................................................................ [  9%]
........................................................................ [  9%]
........................................................................ [  9%]
........................................................................ [  9%]
........................................................................ [  9%]
........................................................................ [  9%]
..........................................FFFFFFFFFFFFFFFFFFFFFFFFFFFFFF [  9%]
FF..........F.......F.............FF.................................... [  9%]
........................................................................ [ 10%]
..........FF............................................................ [ 10%]
........................................................................ [ 10%]
........................................................................ [ 10%]
........................................................................ [ 10%]
........................................................................ [ 10%]
........................................................................ [ 10%]
...........................................................s............ [ 10%]
........................................................................ [ 10%]
...................................F..................................F. [ 10%]
........................................................................ [ 10%]
........................................................................ [ 11%]
......................................ssssssssssssss.................... [ 11%]
...FF................................................................... [ 11%]
........................................................................ [ 11%]
........................................................................ [ 11%]
...........FFFFFFFF.....s............................................... [ 11%]
........................................................................ [ 11%]
.................................................F...................... [ 11%]
..................................................F..................... [ 11%]
F....................................................................... [ 11%]
.....................................F.................................. [ 12%]
.......................FF............................................... [ 12%]
........................................................................ [ 12%]
........................................................................ [ 12%]
........................................F.............................F. [ 12%]
...F.............................................F...................... [ 12%]
........................FssF....FFFFFFFFFFFFF........................... [ 12%]
...............FF.F..F..FF.............................................. [ 12%]
..........FFF........................................................... [ 12%]
FF...................................................................... [ 12%]
........................................................................ [ 13%]
........................................................................ [ 13%]
......sss............................................................... [ 13%]
.............sssssssssssssss............................................ [ 13%]
........................................................................ [ 13%]
........................................................................ [ 13%]
........................................................................ [ 13%]
......s................................................................. [ 13%]
........................................................................ [ 13%]
........................................................................ [ 13%]
..................................................................F..... [ 14%]
........................................................................ [ 14%]
......F................................................................. [ 14%]
........................................................................ [ 14%]
........................................................................ [ 14%]
........................................................................ [ 14%]
........................................................................ [ 14%]
........................................................................ [ 14%]
........................................................................ [ 14%]
........................................................................ [ 14%]
............................s........................................... [ 15%]
.............s.............F...........................FFFF.........F... [ 15%]
.........................................FF.F........................... [ 15%]
.............................................................FFF........ [ 15%]
..................................F....FF............................... [ 15%]
.....................ssss.sssssssF..FF......................F........... [ 15%]
........................................................................ [ 15%]
........................................................................ [ 15%]
........................................................................ [ 15%]
........................................................................ [ 15%]
............................................................F...FFFFFFFF [ 16%]
..FFFF.FF.F.FFF............F............................................ [ 16%]
........................................................................ [ 16%]
........................................................................ [ 16%]
......................................F.FFFF.F.......................... [ 16%]
................F....................................................... [ 16%]
..........F...FFF......................F.F.F......FF.........F.....F..FF [ 16%]
F.F.........F..........................FF..F............................ [ 16%]
...F.................................................................... [ 16%]
.......F................................................................ [ 16%]
........................................................................ [ 16%]
........................................................................ [ 17%]
........................................................................ [ 17%]
.........................................FF............................. [ 17%]
........................................................................ [ 17%]
........................................................................ [ 17%]
..........................................F.......FFFF.FF............... [ 17%]
........................................................................ [ 17%]
.............................FF.F.F.....FF.............................. [ 17%]
........................................................................ [ 17%]
..........F............................................................. [ 17%]
...............................F.FF..................................... [ 18%]
........................................................................ [ 18%]
.......................................................................F [ 18%]
........................................................................ [ 18%]
..........................................F............................. [ 18%]
........................................................................ [ 18%]
........................................................................ [ 18%]
....................FFF.F.F.....F....F.................................. [ 18%]
..........................F........................F.................... [ 18%]
............F.................................F.....FFFF................ [ 18%]
........................................................................ [ 19%]
........................................................................ [ 19%]
........................................................................ [ 19%]
........................................................................ [ 19%]
..........................................FFF........................... [ 19%]
.............................F....................................F..... [ 19%]
............................F......................................F.... [ 19%]
..........................................................F........F.F.. [ 19%]
.................................................................F...... [ 19%]
.....................................................F.................. [ 19%]
...................................F.................................... [ 20%]
........................................................................ [ 20%]
........................................................................ [ 20%]
........................................................................ [ 20%]
........................................................................ [ 20%]
.............F.F..............F......................................... [ 20%]
........................................................................ [ 20%]
.........................................................F.............. [ 20%]
........................................................................ [ 20%]
...F..............................F.............F....................... [ 20%]
..................................................F.....F............... [ 21%]
..........F............................................................. [ 21%]
..F...F...........FF....................F..........................F.... [ 21%]
..................................F..........F..........F............... [ 21%]
............F........................................................... [ 21%]
..................F.F...........FF...............................s...... [ 21%]
F................................F.................F.F.................. [ 21%]
...........................................FF........................... [ 21%]
........................................................................ [ 21%]
........................................................................ [ 21%]
........................................................................ [ 21%]
........................................................................ [ 22%]
........................................................................ [ 22%]
........................................................................ [ 22%]
........................................................................ [ 22%]
........................................................................ [ 22%]
........................................................................ [ 22%]
........................................................................ [ 22%]
........................................................................ [ 22%]
........................................................................ [ 22%]
............................................FFFFFFFF/home/ianblenke/github.com/ianblenke/carnot/.venv/lib/python3.12/site-packages/_pytest/main.py:353: PluggyTeardownRaisedWarning: A plugin raised an exception during an old-style hookwrapper teardown.
Plugin: 140061815715696, Hook: pytest_sessionfinish
OSError: cannot send (already closed?)
For more information see https://pluggy.readthedocs.io/en/stable/api_reference.html#pluggy.PluggyTeardownRaisedWarning
  config.hook.pytest_sessionfinish(
/home/ianblenke/github.com/ianblenke/carnot/.venv/lib/python3.12/site-packages/_pytest/main.py:353: PluggyTeardownRaisedWarning: A plugin raised an exception during an old-style hookwrapper teardown.
Plugin: 139821511772448, Hook: pytest_sessionfinish
OSError: cannot send (already closed?)
For more information see https://pluggy.readthedocs.io/en/stable/api_reference.html#pluggy.PluggyTeardownRaisedWarning
  config.hook.pytest_sessionfinish(
/home/ianblenke/github.com/ianblenke/carnot/.venv/lib/python3.12/site-packages/_pytest/main.py:353: PluggyTeardownRaisedWarning: A plugin raised an exception during an old-style hookwrapper teardown.
Plugin: 140317914493680, Hook: pytest_sessionfinish
OSError: cannot send (already closed?)
For more information see https://pluggy.readthedocs.io/en/stable/api_reference.html#pluggy.PluggyTeardownRaisedWarning
  config.hook.pytest_sessionfinish(
