============================= test session starts ==============================
platform linux -- Python 3.12.13, pytest-9.0.3, pluggy-1.6.0
rootdir: /home/ianblenke/github.com/ianblenke/carnot
configfile: pyproject.toml
plugins: xdist-3.8.0, jaxtyping-0.3.10, cov-7.1.0, hydra-core-1.3.3, anyio-4.13.0, hypothesis-6.155.2
created: 4/4 workers
4 workers [73827 items]

........................................................................ [  0%]
........................................................................ [  0%]
........................................................................ [  0%]
........................................................................ [  0%]
........................................................................ [  0%]
........................................................................ [  0%]
.........................F....................F......................... [  0%]
........................................................................ [  0%]
........................................................................ [  0%]
........................................................................ [  0%]
........................................................................ [  1%]
........................................................................ [  1%]
...................F....F.F............................................. [  1%]
........................................................................ [  1%]
............F........................................................... [  1%]
..................................................F..........s.......... [  1%]
s.......s...sss........s...........................................FFFFF [  1%]
FF...................................................................... [  1%]
........................................................................ [  1%]
........ssssssssssssssss................................................ [  1%]
......................................F..............F..F............... [  2%]
........................................................................ [  2%]
........................................................................ [  2%]
........................................................................ [  2%]
........................................................................ [  2%]
........................................................................ [  2%]
........................F...................................F........... [  2%]
........................................................................ [  2%]
.................FF..................................................... [  2%]
........................................................................ [  2%]
........................................................................ [  3%]
........................................................................ [  3%]
........................................................................ [  3%]
........................................................................ [  3%]
........................................................................ [  3%]
........................................................................ [  3%]
........................................................................ [  3%]
......................F................................................. [  3%]
........................................................................ [  3%]
.F...................................................................... [  3%]
......................................................F................. [  3%]
........................................................................ [  4%]
........................................................F............... [  4%]
........................................................................ [  4%]
........................................................................ [  4%]
..............s......................................................... [  4%]
........................................................................ [  4%]
........................................................................ [  4%]
........................................................................ [  4%]
........................................................................ [  4%]
........................................................................ [  4%]
........................................................................ [  5%]
........................................................................ [  5%]
..........................................F............................. [  5%]
........................................................................ [  5%]
........................................................................ [  5%]
........................................................................ [  5%]
........................................................................ [  5%]
........................................................................ [  5%]
........................................................................ [  5%]
........................................................................ [  5%]
........................................................................ [  6%]
...F......................F..F.F........................................ [  6%]
........................................................................ [  6%]
........................................................................ [  6%]
........................................................................ [  6%]
........................................................................ [  6%]
........................................................................ [  6%]
........................................................................ [  6%]
........................................................................ [  6%]
........................................................................ [  6%]
........................................................................ [  7%]
........................................................................ [  7%]
........................................................................ [  7%]
........................................................................ [  7%]
.....................................................................F.. [  7%]
..........F............................................................. [  7%]
........................................................................ [  7%]
........................................................................ [  7%]
........................................................................ [  7%]
........................................................................ [  7%]
......................................F................................. [  7%]
.............................F.......................................... [  8%]
........................................................................ [  8%]
........................................................................ [  8%]
....s................................................................... [  8%]
......................................................................ss [  8%]
sss.....ssssss.......................................................... [  8%]
........................................................................ [  8%]
........................................................................ [  8%]
........................................................................ [  8%]
........................................................................ [  8%]
........................................................................ [  9%]
........................................................................ [  9%]
........................................................................ [  9%]
........................................................................ [  9%]
........................................................................ [  9%]
........................................................................ [  9%]
........................................................................ [  9%]
........................................................................ [  9%]
...FFFFFFFFFFFFFFFFFFFFFFFFFFFFFFFF..........F.......F.............FF... [  9%]
........................................................................ [  9%]
...........................................FF........................... [ 10%]
........................................................................ [ 10%]
........................................................................ [ 10%]
........................................................................ [ 10%]
........................................................................ [ 10%]
........................................................................ [ 10%]
........................................................................ [ 10%]
......................s................................................. [ 10%]
.....................................................................F.. [ 10%]
........................................................................ [ 10%]
........................................................................ [ 11%]
........................................................................ [ 11%]
.ssssssssssssss........................F................................ [ 11%]
........................................................................ [ 11%]
F....................................................................... [ 11%]
........................................................................ [ 11%]
........................................................................ [ 11%]
........................................................................ [ 11%]
............................FFFF..FFFF.....s............................ [ 11%]
............................F........................................... [ 11%]
.......................................F............................FF.. [ 11%]
........................................................................ [ 12%]
........................................................................ [ 12%]
........................................................................ [ 12%]
..........F............................................................. [ 12%]
............................F...F...................................F... [ 12%]
..F.......F..............................................FssF....FFFFFFF [ 12%]
FFFFFF..........................................FF.F..F..FF............. [ 12%]
...........................................FFF.......................... [ 12%]
.................................FF..................................... [ 12%]
........................................................................ [ 12%]
........................................................................ [ 13%]
.......................................sss.............................. [ 13%]
..............................................sssssssssssssss........... [ 13%]
........................................................................ [ 13%]
........................................................................ [ 13%]
........................................................................ [ 13%]
................................................s....................... [ 13%]
.............F.......................................................... [ 13%]
........................................................................ [ 13%]
........................................................................ [ 13%]
............................F........................................... [ 14%]
........................................................................ [ 14%]
........................................................................ [ 14%]
........................................................................ [ 14%]
........................................................................ [ 14%]
........................................................................ [ 14%]
........................................................................ [ 14%]
.........................................s.............................. [ 14%]
........................................................................ [ 14%]
........................................................................ [ 14%]
..............................................s.............F........... [ 15%]
................FFFF........................FFF......................... [ 15%]
................F....FF................................................. [ 15%]
...sssssssssssF..FF........FF.............................F.....F....... [ 15%]
...................F.................................................... [ 15%]
............................................F.FF.F...................... [ 15%]
........................................................................ [ 15%]
........F...................................................F........... [ 15%]
....F................................................................... [ 15%]
...........................................F............................ [ 15%]
........................................................................ [ 15%]
........................................................................ [ 16%]
........................................................................ [ 16%]
.........F.F................F........................................... [ 16%]
........................................................................ [ 16%]
................................................................F....... [ 16%]
........................................................................ [ 16%]
..........F............................................................. [ 16%]
........................................................................ [ 16%]
........................................................................ [ 16%]
.............................................................F.......... [ 16%]
........................................................................ [ 17%]
.....................F.................................................. [ 17%]
........................................................................ [ 17%]
........................................................................ [ 17%]
........................................................................ [ 17%]
........................................................................ [ 17%]
...F.FFFF.F............................................................. [ 17%]
........................................................................ [ 17%]
........................................................................ [ 17%]
........................................................................ [ 17%]
........................................................................ [ 18%]
........................................................................ [ 18%]
........................................................................ [ 18%]
........................................................................ [ 18%]
........................................................................ [ 18%]
.........................................F.............................. [ 18%]
........................................................................ [ 18%]
........................................................................ [ 18%]
........................................................................ [ 18%]
........................................................................ [ 18%]
........................................................................ [ 19%]
........................................................................ [ 19%]
........................................................................ [ 19%]
........................................................................ [ 19%]
........................................................................ [ 19%]
........................................................................ [ 19%]
........................................................................ [ 19%]
........................................................................ [ 19%]
.......................................................F................ [ 19%]
........F......FFFFFFFFFFFFFFFFF........................................ [ 19%]
...................................................................FFFFF [ 19%]
FFFFFFFFFFFFF................F......................................F... [ 20%]
........................................................................ [ 20%]
FFFFF.FFFFFFFFFFFFFF.................................................... [ 20%]
..................F..................................................... [ 20%]
..................................................F..................... [ 20%]
..............................................s.............F../home/ianblenke/github.com/ianblenke/carnot/.venv/lib/python3.12/site-packages/_pytest/main.py:353: PluggyTeardownRaisedWarning: A plugin raised an exception during an old-style hookwrapper teardown.
Plugin: 139732771764848, Hook: pytest_sessionfinish
OSError: cannot send (already closed?)
For more information see https://pluggy.readthedocs.io/en/stable/api_reference.html#pluggy.PluggyTeardownRaisedWarning
  config.hook.pytest_sessionfinish(
/home/ianblenke/github.com/ianblenke/carnot/.venv/lib/python3.12/site-packages/_pytest/main.py:353: PluggyTeardownRaisedWarning: A plugin raised an exception during an old-style hookwrapper teardown.
Plugin: 140707818359792, Hook: pytest_sessionfinish
OSError: cannot send (already closed?)
For more information see https://pluggy.readthedocs.io/en/stable/api_reference.html#pluggy.PluggyTeardownRaisedWarning
  config.hook.pytest_sessionfinish(
/home/ianblenke/github.com/ianblenke/carnot/.venv/lib/python3.12/site-packages/_pytest/main.py:353: PluggyTeardownRaisedWarning: A plugin raised an exception during an old-style hookwrapper teardown.
Plugin: 140538376337744, Hook: pytest_sessionfinish
OSError: cannot send (already closed?)
For more information see https://pluggy.readthedocs.io/en/stable/api_reference.html#pluggy.PluggyTeardownRaisedWarning
  config.hook.pytest_sessionfinish(
