..EEEEEEEEEEEEE.EEE                                                      [100%]
==================================== ERRORS ====================================
__________________ ERROR at setup of test_wrapper_and_receipt __________________

path = PosixPath('/home/ianblenke/.cache/carnot-exp8398-private/invocation-6h_66vfw/historical-wrapper/tests')
args = (), kwargs = {'mode': 448}

    def directory(path: Path, *args: Any, **kwargs: Any) -> None:
>       original_mkdir(location(path), *args, **kwargs)

python/carnot/reporting/v721_capstone_evidence.py:143: 
_ _ _ _ _ _ _ _ _ _ _ _ _ _ _ _ _ _ _ _ _ _ _ _ _ _ _ _ _ _ _ _ _ _ _ _ _ _ _ _ 

self = PosixPath('/home/ianblenke/.cache/carnot-exp8398-private/invocation-6h_66vfw/historical-wrapper/tests')
mode = 448, parents = False, exist_ok = False

    def mkdir(self, mode=0o777, parents=False, exist_ok=False):
        """
        Create a new directory at this given path.
        """
        try:
>           os.mkdir(self, mode)
E           FileNotFoundError: [Errno 2] No such file or directory: '/home/ianblenke/.cache/carnot-exp8398-private/invocation-6h_66vfw/historical-wrapper/tests'

../../../.local/share/uv/python/cpython-3.12.13-linux-x86_64-gnu/lib/python3.12/pathlib.py:1311: FileNotFoundError
______________ ERROR at setup of test_episode_errors[True-False] _______________

path = PosixPath('/home/ianblenke/.cache/carnot-exp8398-private/invocation-6h_66vfw/historical-wrapper/tests')
args = (), kwargs = {'mode': 448}

    def directory(path: Path, *args: Any, **kwargs: Any) -> None:
>       original_mkdir(location(path), *args, **kwargs)

python/carnot/reporting/v721_capstone_evidence.py:143: 
_ _ _ _ _ _ _ _ _ _ _ _ _ _ _ _ _ _ _ _ _ _ _ _ _ _ _ _ _ _ _ _ _ _ _ _ _ _ _ _ 

self = PosixPath('/home/ianblenke/.cache/carnot-exp8398-private/invocation-6h_66vfw/historical-wrapper/tests')
mode = 448, parents = False, exist_ok = False

    def mkdir(self, mode=0o777, parents=False, exist_ok=False):
        """
        Create a new directory at this given path.
        """
        try:
>           os.mkdir(self, mode)
E           FileNotFoundError: [Errno 2] No such file or directory: '/home/ianblenke/.cache/carnot-exp8398-private/invocation-6h_66vfw/historical-wrapper/tests'

../../../.local/share/uv/python/cpython-3.12.13-linux-x86_64-gnu/lib/python3.12/pathlib.py:1311: FileNotFoundError
______________ ERROR at setup of test_episode_errors[False-True] _______________

path = PosixPath('/home/ianblenke/.cache/carnot-exp8398-private/invocation-6h_66vfw/historical-wrapper/tests')
args = (), kwargs = {'mode': 448}

    def directory(path: Path, *args: Any, **kwargs: Any) -> None:
>       original_mkdir(location(path), *args, **kwargs)

python/carnot/reporting/v721_capstone_evidence.py:143: 
_ _ _ _ _ _ _ _ _ _ _ _ _ _ _ _ _ _ _ _ _ _ _ _ _ _ _ _ _ _ _ _ _ _ _ _ _ _ _ _ 

self = PosixPath('/home/ianblenke/.cache/carnot-exp8398-private/invocation-6h_66vfw/historical-wrapper/tests')
mode = 448, parents = False, exist_ok = False

    def mkdir(self, mode=0o777, parents=False, exist_ok=False):
        """
        Create a new directory at this given path.
        """
        try:
>           os.mkdir(self, mode)
E           FileNotFoundError: [Errno 2] No such file or directory: '/home/ianblenke/.cache/carnot-exp8398-private/invocation-6h_66vfw/historical-wrapper/tests'

../../../.local/share/uv/python/cpython-3.12.13-linux-x86_64-gnu/lib/python3.12/pathlib.py:1311: FileNotFoundError
________________ ERROR at setup of test_preconditions_and_plan _________________

path = PosixPath('/home/ianblenke/.cache/carnot-exp8398-private/invocation-6h_66vfw/historical-wrapper/tests')
args = (), kwargs = {'mode': 448}

    def directory(path: Path, *args: Any, **kwargs: Any) -> None:
>       original_mkdir(location(path), *args, **kwargs)

python/carnot/reporting/v721_capstone_evidence.py:143: 
_ _ _ _ _ _ _ _ _ _ _ _ _ _ _ _ _ _ _ _ _ _ _ _ _ _ _ _ _ _ _ _ _ _ _ _ _ _ _ _ 

self = PosixPath('/home/ianblenke/.cache/carnot-exp8398-private/invocation-6h_66vfw/historical-wrapper/tests')
mode = 448, parents = False, exist_ok = False

    def mkdir(self, mode=0o777, parents=False, exist_ok=False):
        """
        Create a new directory at this given path.
        """
        try:
>           os.mkdir(self, mode)
E           FileNotFoundError: [Errno 2] No such file or directory: '/home/ianblenke/.cache/carnot-exp8398-private/invocation-6h_66vfw/historical-wrapper/tests'

../../../.local/share/uv/python/cpython-3.12.13-linux-x86_64-gnu/lib/python3.12/pathlib.py:1311: FileNotFoundError
_______________ ERROR at setup of test_build_replay_and_controls _______________

path = PosixPath('/home/ianblenke/.cache/carnot-exp8398-private/invocation-6h_66vfw/historical-wrapper/tests')
args = (), kwargs = {'mode': 448}

    def directory(path: Path, *args: Any, **kwargs: Any) -> None:
>       original_mkdir(location(path), *args, **kwargs)

python/carnot/reporting/v721_capstone_evidence.py:143: 
_ _ _ _ _ _ _ _ _ _ _ _ _ _ _ _ _ _ _ _ _ _ _ _ _ _ _ _ _ _ _ _ _ _ _ _ _ _ _ _ 

self = PosixPath('/home/ianblenke/.cache/carnot-exp8398-private/invocation-6h_66vfw/historical-wrapper/tests')
mode = 448, parents = False, exist_ok = False

    def mkdir(self, mode=0o777, parents=False, exist_ok=False):
        """
        Create a new directory at this given path.
        """
        try:
>           os.mkdir(self, mode)
E           FileNotFoundError: [Errno 2] No such file or directory: '/home/ianblenke/.cache/carnot-exp8398-private/invocation-6h_66vfw/historical-wrapper/tests'

../../../.local/share/uv/python/cpython-3.12.13-linux-x86_64-gnu/lib/python3.12/pathlib.py:1311: FileNotFoundError
______________ ERROR at setup of test_live_aggregation_and_tamper ______________

path = PosixPath('/home/ianblenke/.cache/carnot-exp8398-private/invocation-6h_66vfw/historical-wrapper/tests')
args = (), kwargs = {'mode': 448}

    def directory(path: Path, *args: Any, **kwargs: Any) -> None:
>       original_mkdir(location(path), *args, **kwargs)

python/carnot/reporting/v721_capstone_evidence.py:143: 
_ _ _ _ _ _ _ _ _ _ _ _ _ _ _ _ _ _ _ _ _ _ _ _ _ _ _ _ _ _ _ _ _ _ _ _ _ _ _ _ 

self = PosixPath('/home/ianblenke/.cache/carnot-exp8398-private/invocation-6h_66vfw/historical-wrapper/tests')
mode = 448, parents = False, exist_ok = False

    def mkdir(self, mode=0o777, parents=False, exist_ok=False):
        """
        Create a new directory at this given path.
        """
        try:
>           os.mkdir(self, mode)
E           FileNotFoundError: [Errno 2] No such file or directory: '/home/ianblenke/.cache/carnot-exp8398-private/invocation-6h_66vfw/historical-wrapper/tests'

../../../.local/share/uv/python/cpython-3.12.13-linux-x86_64-gnu/lib/python3.12/pathlib.py:1311: FileNotFoundError
__________________________ ERROR at setup of test_cli __________________________

path = PosixPath('/home/ianblenke/.cache/carnot-exp8398-private/invocation-6h_66vfw/historical-wrapper/tests')
args = (), kwargs = {'mode': 448}

    def directory(path: Path, *args: Any, **kwargs: Any) -> None:
>       original_mkdir(location(path), *args, **kwargs)

python/carnot/reporting/v721_capstone_evidence.py:143: 
_ _ _ _ _ _ _ _ _ _ _ _ _ _ _ _ _ _ _ _ _ _ _ _ _ _ _ _ _ _ _ _ _ _ _ _ _ _ _ _ 

self = PosixPath('/home/ianblenke/.cache/carnot-exp8398-private/invocation-6h_66vfw/historical-wrapper/tests')
mode = 448, parents = False, exist_ok = False

    def mkdir(self, mode=0o777, parents=False, exist_ok=False):
        """
        Create a new directory at this given path.
        """
        try:
>           os.mkdir(self, mode)
E           FileNotFoundError: [Errno 2] No such file or directory: '/home/ianblenke/.cache/carnot-exp8398-private/invocation-6h_66vfw/historical-wrapper/tests'

../../../.local/share/uv/python/cpython-3.12.13-linux-x86_64-gnu/lib/python3.12/pathlib.py:1311: FileNotFoundError
______________ ERROR at setup of test_run_private_and_sdk_failure ______________

path = PosixPath('/home/ianblenke/.cache/carnot-exp8398-private/invocation-6h_66vfw/historical-wrapper/tests')
args = (), kwargs = {'mode': 448}

    def directory(path: Path, *args: Any, **kwargs: Any) -> None:
>       original_mkdir(location(path), *args, **kwargs)

python/carnot/reporting/v721_capstone_evidence.py:143: 
_ _ _ _ _ _ _ _ _ _ _ _ _ _ _ _ _ _ _ _ _ _ _ _ _ _ _ _ _ _ _ _ _ _ _ _ _ _ _ _ 

self = PosixPath('/home/ianblenke/.cache/carnot-exp8398-private/invocation-6h_66vfw/historical-wrapper/tests')
mode = 448, parents = False, exist_ok = False

    def mkdir(self, mode=0o777, parents=False, exist_ok=False):
        """
        Create a new directory at this given path.
        """
        try:
>           os.mkdir(self, mode)
E           FileNotFoundError: [Errno 2] No such file or directory: '/home/ianblenke/.cache/carnot-exp8398-private/invocation-6h_66vfw/historical-wrapper/tests'

../../../.local/share/uv/python/cpython-3.12.13-linux-x86_64-gnu/lib/python3.12/pathlib.py:1311: FileNotFoundError
________________________ ERROR at setup of test_publish ________________________

path = PosixPath('/home/ianblenke/.cache/carnot-exp8398-private/invocation-6h_66vfw/historical-wrapper/tests')
args = (), kwargs = {'mode': 448}

    def directory(path: Path, *args: Any, **kwargs: Any) -> None:
>       original_mkdir(location(path), *args, **kwargs)

python/carnot/reporting/v721_capstone_evidence.py:143: 
_ _ _ _ _ _ _ _ _ _ _ _ _ _ _ _ _ _ _ _ _ _ _ _ _ _ _ _ _ _ _ _ _ _ _ _ _ _ _ _ 

self = PosixPath('/home/ianblenke/.cache/carnot-exp8398-private/invocation-6h_66vfw/historical-wrapper/tests')
mode = 448, parents = False, exist_ok = False

    def mkdir(self, mode=0o777, parents=False, exist_ok=False):
        """
        Create a new directory at this given path.
        """
        try:
>           os.mkdir(self, mode)
E           FileNotFoundError: [Errno 2] No such file or directory: '/home/ianblenke/.cache/carnot-exp8398-private/invocation-6h_66vfw/historical-wrapper/tests'

../../../.local/share/uv/python/cpython-3.12.13-linux-x86_64-gnu/lib/python3.12/pathlib.py:1311: FileNotFoundError
_____________ ERROR at setup of test_supervisor_primitive_controls _____________

path = PosixPath('/home/ianblenke/.cache/carnot-exp8398-private/invocation-6h_66vfw/historical-wrapper/tests')
args = (), kwargs = {'mode': 448}

    def directory(path: Path, *args: Any, **kwargs: Any) -> None:
>       original_mkdir(location(path), *args, **kwargs)

python/carnot/reporting/v721_capstone_evidence.py:143: 
_ _ _ _ _ _ _ _ _ _ _ _ _ _ _ _ _ _ _ _ _ _ _ _ _ _ _ _ _ _ _ _ _ _ _ _ _ _ _ _ 

self = PosixPath('/home/ianblenke/.cache/carnot-exp8398-private/invocation-6h_66vfw/historical-wrapper/tests')
mode = 448, parents = False, exist_ok = False

    def mkdir(self, mode=0o777, parents=False, exist_ok=False):
        """
        Create a new directory at this given path.
        """
        try:
>           os.mkdir(self, mode)
E           FileNotFoundError: [Errno 2] No such file or directory: '/home/ianblenke/.cache/carnot-exp8398-private/invocation-6h_66vfw/historical-wrapper/tests'

../../../.local/share/uv/python/cpython-3.12.13-linux-x86_64-gnu/lib/python3.12/pathlib.py:1311: FileNotFoundError
___________ ERROR at setup of test_runtime_time_and_policy_failures ____________

path = PosixPath('/home/ianblenke/.cache/carnot-exp8398-private/invocation-6h_66vfw/historical-wrapper/tests')
args = (), kwargs = {'mode': 448}

    def directory(path: Path, *args: Any, **kwargs: Any) -> None:
>       original_mkdir(location(path), *args, **kwargs)

python/carnot/reporting/v721_capstone_evidence.py:143: 
_ _ _ _ _ _ _ _ _ _ _ _ _ _ _ _ _ _ _ _ _ _ _ _ _ _ _ _ _ _ _ _ _ _ _ _ _ _ _ _ 

self = PosixPath('/home/ianblenke/.cache/carnot-exp8398-private/invocation-6h_66vfw/historical-wrapper/tests')
mode = 448, parents = False, exist_ok = False

    def mkdir(self, mode=0o777, parents=False, exist_ok=False):
        """
        Create a new directory at this given path.
        """
        try:
>           os.mkdir(self, mode)
E           FileNotFoundError: [Errno 2] No such file or directory: '/home/ianblenke/.cache/carnot-exp8398-private/invocation-6h_66vfw/historical-wrapper/tests'

../../../.local/share/uv/python/cpython-3.12.13-linux-x86_64-gnu/lib/python3.12/pathlib.py:1311: FileNotFoundError
________________ ERROR at setup of test_live_run_orchestration _________________

path = PosixPath('/home/ianblenke/.cache/carnot-exp8398-private/invocation-6h_66vfw/historical-wrapper/tests')
args = (), kwargs = {'mode': 448}

    def directory(path: Path, *args: Any, **kwargs: Any) -> None:
>       original_mkdir(location(path), *args, **kwargs)

python/carnot/reporting/v721_capstone_evidence.py:143: 
_ _ _ _ _ _ _ _ _ _ _ _ _ _ _ _ _ _ _ _ _ _ _ _ _ _ _ _ _ _ _ _ _ _ _ _ _ _ _ _ 

self = PosixPath('/home/ianblenke/.cache/carnot-exp8398-private/invocation-6h_66vfw/historical-wrapper/tests')
mode = 448, parents = False, exist_ok = False

    def mkdir(self, mode=0o777, parents=False, exist_ok=False):
        """
        Create a new directory at this given path.
        """
        try:
>           os.mkdir(self, mode)
E           FileNotFoundError: [Errno 2] No such file or directory: '/home/ianblenke/.cache/carnot-exp8398-private/invocation-6h_66vfw/historical-wrapper/tests'

../../../.local/share/uv/python/cpython-3.12.13-linux-x86_64-gnu/lib/python3.12/pathlib.py:1311: FileNotFoundError
_____________ ERROR at setup of test_sdk_metadata_and_episode_cli ______________

path = PosixPath('/home/ianblenke/.cache/carnot-exp8398-private/invocation-6h_66vfw/historical-wrapper/tests')
args = (), kwargs = {'mode': 448}

    def directory(path: Path, *args: Any, **kwargs: Any) -> None:
>       original_mkdir(location(path), *args, **kwargs)

python/carnot/reporting/v721_capstone_evidence.py:143: 
_ _ _ _ _ _ _ _ _ _ _ _ _ _ _ _ _ _ _ _ _ _ _ _ _ _ _ _ _ _ _ _ _ _ _ _ _ _ _ _ 

self = PosixPath('/home/ianblenke/.cache/carnot-exp8398-private/invocation-6h_66vfw/historical-wrapper/tests')
mode = 448, parents = False, exist_ok = False

    def mkdir(self, mode=0o777, parents=False, exist_ok=False):
        """
        Create a new directory at this given path.
        """
        try:
>           os.mkdir(self, mode)
E           FileNotFoundError: [Errno 2] No such file or directory: '/home/ianblenke/.cache/carnot-exp8398-private/invocation-6h_66vfw/historical-wrapper/tests'

../../../.local/share/uv/python/cpython-3.12.13-linux-x86_64-gnu/lib/python3.12/pathlib.py:1311: FileNotFoundError
___________ ERROR at setup of test_swallowed_tripwire_and_induction ____________

path = PosixPath('/home/ianblenke/.cache/carnot-exp8398-private/invocation-6h_66vfw/historical-wrapper/tests')
args = (), kwargs = {'mode': 448}

    def directory(path: Path, *args: Any, **kwargs: Any) -> None:
>       original_mkdir(location(path), *args, **kwargs)

python/carnot/reporting/v721_capstone_evidence.py:143: 
_ _ _ _ _ _ _ _ _ _ _ _ _ _ _ _ _ _ _ _ _ _ _ _ _ _ _ _ _ _ _ _ _ _ _ _ _ _ _ _ 

self = PosixPath('/home/ianblenke/.cache/carnot-exp8398-private/invocation-6h_66vfw/historical-wrapper/tests')
mode = 448, parents = False, exist_ok = False

    def mkdir(self, mode=0o777, parents=False, exist_ok=False):
        """
        Create a new directory at this given path.
        """
        try:
>           os.mkdir(self, mode)
E           FileNotFoundError: [Errno 2] No such file or directory: '/home/ianblenke/.cache/carnot-exp8398-private/invocation-6h_66vfw/historical-wrapper/tests'

../../../.local/share/uv/python/cpython-3.12.13-linux-x86_64-gnu/lib/python3.12/pathlib.py:1311: FileNotFoundError
____________ ERROR at setup of test_replay_primitive_and_log_hashes ____________

path = PosixPath('/home/ianblenke/.cache/carnot-exp8398-private/invocation-6h_66vfw/historical-wrapper/tests')
args = (), kwargs = {'mode': 448}

    def directory(path: Path, *args: Any, **kwargs: Any) -> None:
>       original_mkdir(location(path), *args, **kwargs)

python/carnot/reporting/v721_capstone_evidence.py:143: 
_ _ _ _ _ _ _ _ _ _ _ _ _ _ _ _ _ _ _ _ _ _ _ _ _ _ _ _ _ _ _ _ _ _ _ _ _ _ _ _ 

self = PosixPath('/home/ianblenke/.cache/carnot-exp8398-private/invocation-6h_66vfw/historical-wrapper/tests')
mode = 448, parents = False, exist_ok = False

    def mkdir(self, mode=0o777, parents=False, exist_ok=False):
        """
        Create a new directory at this given path.
        """
        try:
>           os.mkdir(self, mode)
E           FileNotFoundError: [Errno 2] No such file or directory: '/home/ianblenke/.cache/carnot-exp8398-private/invocation-6h_66vfw/historical-wrapper/tests'

../../../.local/share/uv/python/cpython-3.12.13-linux-x86_64-gnu/lib/python3.12/pathlib.py:1311: FileNotFoundError
______________ ERROR at setup of test_cached_game_memory_withheld ______________

path = PosixPath('/home/ianblenke/.cache/carnot-exp8398-private/invocation-6h_66vfw/historical-wrapper/tests')
args = (), kwargs = {'mode': 448}

    def directory(path: Path, *args: Any, **kwargs: Any) -> None:
>       original_mkdir(location(path), *args, **kwargs)

python/carnot/reporting/v721_capstone_evidence.py:143: 
_ _ _ _ _ _ _ _ _ _ _ _ _ _ _ _ _ _ _ _ _ _ _ _ _ _ _ _ _ _ _ _ _ _ _ _ _ _ _ _ 

self = PosixPath('/home/ianblenke/.cache/carnot-exp8398-private/invocation-6h_66vfw/historical-wrapper/tests')
mode = 448, parents = False, exist_ok = False

    def mkdir(self, mode=0o777, parents=False, exist_ok=False):
        """
        Create a new directory at this given path.
        """
        try:
>           os.mkdir(self, mode)
E           FileNotFoundError: [Errno 2] No such file or directory: '/home/ianblenke/.cache/carnot-exp8398-private/invocation-6h_66vfw/historical-wrapper/tests'

../../../.local/share/uv/python/cpython-3.12.13-linux-x86_64-gnu/lib/python3.12/pathlib.py:1311: FileNotFoundError
=============================== warnings summary ===============================
.venv/lib/python3.12/site-packages/_pytest/config/__init__.py:1309
  /home/ianblenke/github.com/ianblenke/carnot/.venv/lib/python3.12/site-packages/_pytest/config/__init__.py:1309: PytestAssertRewriteWarning: Module already imported so cannot be rewritten; _hypothesis_globals
    self._mark_plugins_for_rewrite(hook, disable_autoload)

.venv/lib/python3.12/site-packages/_pytest/config/__init__.py:1309
  /home/ianblenke/github.com/ianblenke/carnot/.venv/lib/python3.12/site-packages/_pytest/config/__init__.py:1309: PytestAssertRewriteWarning: Module already imported so cannot be rewritten; hypothesis
    self._mark_plugins_for_rewrite(hook, disable_autoload)

-- Docs: https://docs.pytest.org/en/stable/how-to/capture-warnings.html
=========================== short test summary info ============================
ERROR tests/python/test_arc_supervisor_live_panel_8384.py::test_wrapper_and_receipt
ERROR tests/python/test_arc_supervisor_live_panel_8384.py::test_episode_errors[True-False]
ERROR tests/python/test_arc_supervisor_live_panel_8384.py::test_episode_errors[False-True]
ERROR tests/python/test_arc_supervisor_live_panel_8384.py::test_preconditions_and_plan
ERROR tests/python/test_arc_supervisor_live_panel_8384.py::test_build_replay_and_controls
ERROR tests/python/test_arc_supervisor_live_panel_8384.py::test_live_aggregation_and_tamper
ERROR tests/python/test_arc_supervisor_live_panel_8384.py::test_cli - FileNot...
ERROR tests/python/test_arc_supervisor_live_panel_8384.py::test_run_private_and_sdk_failure
ERROR tests/python/test_arc_supervisor_live_panel_8384.py::test_publish - Fil...
ERROR tests/python/test_arc_supervisor_live_panel_8384.py::test_supervisor_primitive_controls
ERROR tests/python/test_arc_supervisor_live_panel_8384.py::test_runtime_time_and_policy_failures
ERROR tests/python/test_arc_supervisor_live_panel_8384.py::test_live_run_orchestration
ERROR tests/python/test_arc_supervisor_live_panel_8384.py::test_sdk_metadata_and_episode_cli
ERROR tests/python/test_arc_supervisor_live_panel_8384.py::test_swallowed_tripwire_and_induction
ERROR tests/python/test_arc_supervisor_live_panel_8384.py::test_replay_primitive_and_log_hashes
ERROR tests/python/test_arc_supervisor_live_panel_8384.py::test_cached_game_memory_withheld
3 passed, 2 warnings, 16 errors in 2.56s
