[exp8384] phase=start_no_model_load_MODEL_SPECS_empty_LLM_calls_zero completed=0 pending=0
INFO:arc_agi.scorecard:Initialized ScorecardManager with idle_for=0:15:00 and max_open_for=3 days, 0:00:00
[exp8384] episode_before tn36-ef4dde99:22:on
[exp8384] numeric_head_load_before no_LLM_load
[exp8384] numeric_head_load_after no_LLM_load
2026-10-10 10:50:31 | INFO | Created new scorecard: 70f41943-be42-42f7-adac-e9518ec000b9
2026-10-10 10:50:31 | INFO | Successfully loaded game class Tn36 from /home/ianblenke/github.com/ianblenke/carnot/environment_files/tn36/ef4dde99/tn36.py
[exp8384] tn36-ef4dde99:22:on completed=1 pending=255
[exp8384] tn36-ef4dde99:22:on completed=2 pending=254
[exp8384] tn36-ef4dde99:22:on completed=3 pending=253
[exp8384] tn36-ef4dde99:22:on completed=4 pending=252
[exp8384] tn36-ef4dde99:22:on completed=5 pending=251
[exp8384] tn36-ef4dde99:22:on completed=6 pending=250
[exp8384] tn36-ef4dde99:22:on completed=7 pending=249
[exp8384] tn36-ef4dde99:22:on completed=8 pending=248
[exp8384] tn36-ef4dde99:22:on completed=9 pending=247
[exp8384] tn36-ef4dde99:22:on completed=10 pending=246
[exp8384] tn36-ef4dde99:22:on completed=11 pending=245
[exp8384] tn36-ef4dde99:22:on completed=12 pending=244
[exp8384] tn36-ef4dde99:22:on completed=13 pending=243
[exp8384] tn36-ef4dde99:22:on completed=14 pending=242
[exp8384] tn36-ef4dde99:22:on completed=15 pending=241
[exp8384] tn36-ef4dde99:22:on completed=16 pending=240
[exp8384] tn36-ef4dde99:22:on completed=17 pending=239
[exp8384] tn36-ef4dde99:22:on completed=18 pending=238
[exp8384] tn36-ef4dde99:22:on completed=19 pending=237
[exp8384] tn36-ef4dde99:22:on completed=20 pending=236
[exp8384] tn36-ef4dde99:22:on completed=21 pending=235
[exp8384] tn36-ef4dde99:22:on completed=22 pending=234
[exp8384] tn36-ef4dde99:22:on completed=23 pending=233
[exp8384] tn36-ef4dde99:22:on completed=24 pending=232
[exp8384] tn36-ef4dde99:22:on completed=25 pending=231
[exp8384] tn36-ef4dde99:22:on completed=26 pending=230
[exp8384] tn36-ef4dde99:22:on completed=27 pending=229
[exp8384] tn36-ef4dde99:22:on completed=28 pending=228
[exp8384] tn36-ef4dde99:22:on completed=29 pending=227
[exp8384] tn36-ef4dde99:22:on completed=30 pending=226
[exp8384] tn36-ef4dde99:22:on completed=31 pending=225
[exp8384] tn36-ef4dde99:22:on completed=32 pending=224
[exp8384] tn36-ef4dde99:22:on completed=33 pending=223
[exp8384] tn36-ef4dde99:22:on completed=34 pending=222
[exp8384] tn36-ef4dde99:22:on completed=35 pending=221
[exp8384] tn36-ef4dde99:22:on completed=36 pending=220
[exp8384] tn36-ef4dde99:22:on completed=37 pending=219
[exp8384] tn36-ef4dde99:22:on completed=38 pending=218
[exp8384] tn36-ef4dde99:22:on completed=39 pending=217
[exp8384] tn36-ef4dde99:22:on completed=40 pending=216
[exp8384] tn36-ef4dde99:22:on completed=41 pending=215
[exp8384] tn36-ef4dde99:22:on completed=42 pending=214
[exp8384] tn36-ef4dde99:22:on completed=43 pending=213
[exp8384] tn36-ef4dde99:22:on completed=44 pending=212
[exp8384] tn36-ef4dde99:22:on completed=45 pending=211
[exp8384] tn36-ef4dde99:22:on completed=46 pending=210
[exp8384] tn36-ef4dde99:22:on completed=47 pending=209
[exp8384] tn36-ef4dde99:22:on completed=48 pending=208
[exp8384] tn36-ef4dde99:22:on completed=49 pending=207
[exp8384] tn36-ef4dde99:22:on completed=50 pending=206
[exp8384] tn36-ef4dde99:22:on completed=51 pending=205
[exp8384] tn36-ef4dde99:22:on completed=52 pending=204
[exp8384] tn36-ef4dde99:22:on completed=53 pending=203
[exp8384] tn36-ef4dde99:22:on completed=54 pending=202
[exp8384] tn36-ef4dde99:22:on completed=55 pending=201
[exp8384] tn36-ef4dde99:22:on completed=56 pending=200
[exp8384] tn36-ef4dde99:22:on completed=57 pending=199
[exp8384] tn36-ef4dde99:22:on completed=58 pending=198
[exp8384] tn36-ef4dde99:22:on completed=59 pending=197
[exp8384] tn36-ef4dde99:22:on completed=60 pending=196
[exp8384] tn36-ef4dde99:22:on completed=61 pending=195
[exp8384] tn36-ef4dde99:22:on completed=62 pending=194
[exp8384] tn36-ef4dde99:22:on completed=63 pending=193
[exp8384] tn36-ef4dde99:22:on completed=64 pending=192
[exp8384] tn36-ef4dde99:22:on completed=65 pending=191
[exp8384] tn36-ef4dde99:22:on completed=66 pending=190
[exp8384] tn36-ef4dde99:22:on completed=67 pending=189
[exp8384] tn36-ef4dde99:22:on completed=68 pending=188
[exp8384] tn36-ef4dde99:22:on completed=69 pending=187
[exp8384] tn36-ef4dde99:22:on completed=70 pending=186
[exp8384] tn36-ef4dde99:22:on completed=71 pending=185
[exp8384] tn36-ef4dde99:22:on completed=72 pending=184
[exp8384] tn36-ef4dde99:22:on completed=73 pending=183
[exp8384] tn36-ef4dde99:22:on completed=74 pending=182
[exp8384] tn36-ef4dde99:22:on completed=75 pending=181
[exp8384] tn36-ef4dde99:22:on completed=76 pending=180
[exp8384] tn36-ef4dde99:22:on completed=77 pending=179
[exp8384] tn36-ef4dde99:22:on completed=78 pending=178
[exp8384] tn36-ef4dde99:22:on completed=79 pending=177
[exp8384] tn36-ef4dde99:22:on completed=80 pending=176
[exp8384] tn36-ef4dde99:22:on completed=81 pending=175
[exp8384] tn36-ef4dde99:22:on completed=82 pending=174
[exp8384] tn36-ef4dde99:22:on completed=83 pending=173
[exp8384] tn36-ef4dde99:22:on completed=84 pending=172
[exp8384] tn36-ef4dde99:22:on completed=85 pending=171
[exp8384] tn36-ef4dde99:22:on completed=86 pending=170
[exp8384] tn36-ef4dde99:22:on completed=87 pending=169
[exp8384] tn36-ef4dde99:22:on completed=88 pending=168
[exp8384] tn36-ef4dde99:22:on completed=89 pending=167
[exp8384] tn36-ef4dde99:22:on completed=90 pending=166
[exp8384] tn36-ef4dde99:22:on completed=91 pending=165
[exp8384] tn36-ef4dde99:22:on completed=92 pending=164
[exp8384] tn36-ef4dde99:22:on completed=93 pending=163
[exp8384] tn36-ef4dde99:22:on completed=94 pending=162
[exp8384] tn36-ef4dde99:22:on completed=95 pending=161
[exp8384] tn36-ef4dde99:22:on completed=96 pending=160
[exp8384] tn36-ef4dde99:22:on completed=97 pending=159
[exp8384] tn36-ef4dde99:22:on completed=98 pending=158
[exp8384] tn36-ef4dde99:22:on completed=99 pending=157
[exp8384] tn36-ef4dde99:22:on completed=100 pending=156
[exp8384] tn36-ef4dde99:22:on completed=101 pending=155
[exp8384] tn36-ef4dde99:22:on completed=102 pending=154
[exp8384] tn36-ef4dde99:22:on completed=103 pending=153
[exp8384] tn36-ef4dde99:22:on completed=104 pending=152
[exp8384] tn36-ef4dde99:22:on completed=105 pending=151
[exp8384] tn36-ef4dde99:22:on completed=106 pending=150
[exp8384] tn36-ef4dde99:22:on completed=107 pending=149
[exp8384] tn36-ef4dde99:22:on completed=108 pending=148
[exp8384] tn36-ef4dde99:22:on completed=109 pending=147
[exp8384] tn36-ef4dde99:22:on completed=110 pending=146
[exp8384] tn36-ef4dde99:22:on completed=111 pending=145
[exp8384] tn36-ef4dde99:22:on completed=112 pending=144
[exp8384] tn36-ef4dde99:22:on completed=113 pending=143
[exp8384] tn36-ef4dde99:22:on completed=114 pending=142
[exp8384] tn36-ef4dde99:22:on completed=115 pending=141
[exp8384] tn36-ef4dde99:22:on completed=116 pending=140
[exp8384] tn36-ef4dde99:22:on completed=117 pending=139
[exp8384] tn36-ef4dde99:22:on completed=118 pending=138
[exp8384] tn36-ef4dde99:22:on completed=119 pending=137
[exp8384] tn36-ef4dde99:22:on completed=120 pending=136
[exp8384] tn36-ef4dde99:22:on completed=121 pending=135
[exp8384] tn36-ef4dde99:22:on completed=122 pending=134
[exp8384] tn36-ef4dde99:22:on completed=123 pending=133
[exp8384] tn36-ef4dde99:22:on completed=124 pending=132
[exp8384] tn36-ef4dde99:22:on completed=125 pending=131
[exp8384] tn36-ef4dde99:22:on completed=126 pending=130
[exp8384] tn36-ef4dde99:22:on completed=127 pending=129
[exp8384] tn36-ef4dde99:22:on completed=128 pending=128
[exp8384] tn36-ef4dde99:22:on completed=129 pending=127
[exp8384] tn36-ef4dde99:22:on completed=130 pending=126
[exp8384] tn36-ef4dde99:22:on completed=131 pending=125
[exp8384] tn36-ef4dde99:22:on completed=132 pending=124
[exp8384] tn36-ef4dde99:22:on completed=133 pending=123
[exp8384] tn36-ef4dde99:22:on completed=134 pending=122
[exp8384] tn36-ef4dde99:22:on completed=135 pending=121
[exp8384] tn36-ef4dde99:22:on completed=136 pending=120
[exp8384] tn36-ef4dde99:22:on completed=137 pending=119
[exp8384] tn36-ef4dde99:22:on completed=138 pending=118
[exp8384] tn36-ef4dde99:22:on completed=139 pending=117
[exp8384] tn36-ef4dde99:22:on completed=140 pending=116
[exp8384] tn36-ef4dde99:22:on completed=141 pending=115
[exp8384] tn36-ef4dde99:22:on completed=142 pending=114
[exp8384] tn36-ef4dde99:22:on completed=143 pending=113
[exp8384] tn36-ef4dde99:22:on completed=144 pending=112
[exp8384] tn36-ef4dde99:22:on completed=145 pending=111
[exp8384] tn36-ef4dde99:22:on completed=146 pending=110
[exp8384] tn36-ef4dde99:22:on completed=147 pending=109
[exp8384] tn36-ef4dde99:22:on completed=148 pending=108
[exp8384] tn36-ef4dde99:22:on completed=149 pending=107
[exp8384] tn36-ef4dde99:22:on completed=150 pending=106
[exp8384] tn36-ef4dde99:22:on completed=151 pending=105
[exp8384] tn36-ef4dde99:22:on completed=152 pending=104
[exp8384] tn36-ef4dde99:22:on completed=153 pending=103
[exp8384] tn36-ef4dde99:22:on completed=154 pending=102
[exp8384] tn36-ef4dde99:22:on completed=155 pending=101
[exp8384] tn36-ef4dde99:22:on completed=156 pending=100
[exp8384] tn36-ef4dde99:22:on completed=157 pending=99
[exp8384] tn36-ef4dde99:22:on completed=158 pending=98
[exp8384] tn36-ef4dde99:22:on completed=159 pending=97
[exp8384] tn36-ef4dde99:22:on completed=160 pending=96
[exp8384] tn36-ef4dde99:22:on completed=161 pending=95
[exp8384] tn36-ef4dde99:22:on completed=162 pending=94
[exp8384] tn36-ef4dde99:22:on completed=163 pending=93
[exp8384] tn36-ef4dde99:22:on completed=164 pending=92
[exp8384] tn36-ef4dde99:22:on completed=165 pending=91
[exp8384] tn36-ef4dde99:22:on completed=166 pending=90
[exp8384] tn36-ef4dde99:22:on completed=167 pending=89
[exp8384] tn36-ef4dde99:22:on completed=168 pending=88
[exp8384] tn36-ef4dde99:22:on completed=169 pending=87
[exp8384] tn36-ef4dde99:22:on completed=170 pending=86
[exp8384] tn36-ef4dde99:22:on completed=171 pending=85
[exp8384] tn36-ef4dde99:22:on completed=172 pending=84
[exp8384] tn36-ef4dde99:22:on completed=173 pending=83
[exp8384] tn36-ef4dde99:22:on completed=174 pending=82
[exp8384] tn36-ef4dde99:22:on completed=175 pending=81
[exp8384] tn36-ef4dde99:22:on completed=176 pending=80
[exp8384] tn36-ef4dde99:22:on completed=177 pending=79
[exp8384] tn36-ef4dde99:22:on completed=178 pending=78
[exp8384] tn36-ef4dde99:22:on completed=179 pending=77
[exp8384] tn36-ef4dde99:22:on completed=180 pending=76
[exp8384] tn36-ef4dde99:22:on completed=181 pending=75
[exp8384] tn36-ef4dde99:22:on completed=182 pending=74
[exp8384] tn36-ef4dde99:22:on completed=183 pending=73
[exp8384] tn36-ef4dde99:22:on completed=184 pending=72
[exp8384] tn36-ef4dde99:22:on completed=185 pending=71
[exp8384] tn36-ef4dde99:22:on completed=186 pending=70
[exp8384] tn36-ef4dde99:22:on completed=187 pending=69
[exp8384] tn36-ef4dde99:22:on completed=188 pending=68
[exp8384] tn36-ef4dde99:22:on completed=189 pending=67
[exp8384] tn36-ef4dde99:22:on completed=190 pending=66
[exp8384] tn36-ef4dde99:22:on completed=191 pending=65
[exp8384] tn36-ef4dde99:22:on completed=192 pending=64
[exp8384] tn36-ef4dde99:22:on completed=193 pending=63
[exp8384] tn36-ef4dde99:22:on completed=194 pending=62
[exp8384] tn36-ef4dde99:22:on completed=195 pending=61
[exp8384] tn36-ef4dde99:22:on completed=196 pending=60
[exp8384] tn36-ef4dde99:22:on completed=197 pending=59
[exp8384] tn36-ef4dde99:22:on completed=198 pending=58
[exp8384] tn36-ef4dde99:22:on completed=199 pending=57
[exp8384] tn36-ef4dde99:22:on completed=200 pending=56
[exp8384] tn36-ef4dde99:22:on completed=201 pending=55
[exp8384] tn36-ef4dde99:22:on completed=202 pending=54
[exp8384] tn36-ef4dde99:22:on completed=203 pending=53
[exp8384] tn36-ef4dde99:22:on completed=204 pending=52
[exp8384] tn36-ef4dde99:22:on completed=205 pending=51
[exp8384] tn36-ef4dde99:22:on completed=206 pending=50
[exp8384] tn36-ef4dde99:22:on completed=207 pending=49
[exp8384] tn36-ef4dde99:22:on completed=208 pending=48
[exp8384] tn36-ef4dde99:22:on completed=209 pending=47
[exp8384] tn36-ef4dde99:22:on completed=210 pending=46
[exp8384] tn36-ef4dde99:22:on completed=211 pending=45
[exp8384] tn36-ef4dde99:22:on completed=212 pending=44
[exp8384] tn36-ef4dde99:22:on completed=213 pending=43
[exp8384] tn36-ef4dde99:22:on completed=214 pending=42
[exp8384] tn36-ef4dde99:22:on completed=215 pending=41
[exp8384] tn36-ef4dde99:22:on completed=216 pending=40
[exp8384] tn36-ef4dde99:22:on completed=217 pending=39
[exp8384] tn36-ef4dde99:22:on completed=218 pending=38
[exp8384] tn36-ef4dde99:22:on completed=219 pending=37
[exp8384] tn36-ef4dde99:22:on completed=220 pending=36
[exp8384] tn36-ef4dde99:22:on completed=221 pending=35
[exp8384] tn36-ef4dde99:22:on completed=222 pending=34
[exp8384] tn36-ef4dde99:22:on completed=223 pending=33
[exp8384] tn36-ef4dde99:22:on completed=224 pending=32
[exp8384] tn36-ef4dde99:22:on completed=225 pending=31
[exp8384] tn36-ef4dde99:22:on completed=226 pending=30
[exp8384] tn36-ef4dde99:22:on completed=227 pending=29
[exp8384] tn36-ef4dde99:22:on completed=228 pending=28
[exp8384] tn36-ef4dde99:22:on completed=229 pending=27
[exp8384] tn36-ef4dde99:22:on completed=230 pending=26
[exp8384] tn36-ef4dde99:22:on completed=231 pending=25
[exp8384] tn36-ef4dde99:22:on completed=232 pending=24
[exp8384] tn36-ef4dde99:22:on completed=233 pending=23
[exp8384] tn36-ef4dde99:22:on completed=234 pending=22
[exp8384] tn36-ef4dde99:22:on completed=235 pending=21
[exp8384] tn36-ef4dde99:22:on completed=236 pending=20
[exp8384] tn36-ef4dde99:22:on completed=237 pending=19
[exp8384] tn36-ef4dde99:22:on completed=238 pending=18
[exp8384] tn36-ef4dde99:22:on completed=239 pending=17
[exp8384] tn36-ef4dde99:22:on completed=240 pending=16
[exp8384] tn36-ef4dde99:22:on completed=241 pending=15
[exp8384] tn36-ef4dde99:22:on completed=242 pending=14
[exp8384] tn36-ef4dde99:22:on completed=243 pending=13
[exp8384] tn36-ef4dde99:22:on completed=244 pending=12
[exp8384] tn36-ef4dde99:22:on completed=245 pending=11
[exp8384] tn36-ef4dde99:22:on completed=246 pending=10
[exp8384] tn36-ef4dde99:22:on completed=247 pending=9
[exp8384] tn36-ef4dde99:22:on completed=248 pending=8
[exp8384] tn36-ef4dde99:22:on completed=249 pending=7
[exp8384] tn36-ef4dde99:22:on completed=250 pending=6
[exp8384] tn36-ef4dde99:22:on completed=251 pending=5
[exp8384] tn36-ef4dde99:22:on completed=252 pending=4
[exp8384] tn36-ef4dde99:22:on completed=253 pending=3
[exp8384] tn36-ef4dde99:22:on completed=254 pending=2
[exp8384] tn36-ef4dde99:22:on completed=255 pending=1
[exp8384] tn36-ef4dde99:22:on completed=256 pending=0
[exp8384] episode_after tn36-ef4dde99:22:on completed=256 error=None
