[exp8387] phase=start_no_model_load_current_LLM_calls_0 completed=0 pending=0
[exp8350] phase=before_benchmark_cluster_bootstrap completed=0 pending=10000
[exp8350] phase=after_benchmark_cluster_bootstrap completed=10000 pending=0
[exp8350] phase=before_benchmark_cluster_bootstrap completed=0 pending=10000
[exp8350] phase=after_benchmark_cluster_bootstrap completed=10000 pending=0
[exp8351] phase=before_benchmark_moving_block_bootstrap completed=0 pending=10000
[exp8351] phase=after_benchmark_moving_block_bootstrap completed=10000 pending=0
[exp8350] phase=before_benchmark_cluster_bootstrap completed=0 pending=10000
[exp8350] phase=after_benchmark_cluster_bootstrap completed=10000 pending=0
[exp8350] phase=before_benchmark_cluster_bootstrap completed=0 pending=10000
[exp8350] phase=after_benchmark_cluster_bootstrap completed=10000 pending=0
[exp8351] phase=before_benchmark_moving_block_bootstrap completed=0 pending=10000
[exp8351] phase=after_benchmark_moving_block_bootstrap completed=10000 pending=0
[exp8205] phase=before_subprocess_branch completed=0 pending=1
[exp8205] phase=after_subprocess_branch completed=1 pending=0
[exp8205] phase=before_subprocess_branch completed=0 pending=1
[exp8205] phase=after_subprocess_branch completed=1 pending=0
[exp8205] phase=before_subprocess_branch completed=0 pending=1
[exp8205] phase=after_subprocess_branch completed=1 pending=0
[exp8205] phase=before_subprocess_branch completed=0 pending=1
[exp8205] phase=after_subprocess_branch completed=1 pending=0
[exp8205] phase=before_subprocess_branch completed=0 pending=1
[exp8205] phase=after_subprocess_branch completed=1 pending=0
[exp8205] phase=before_subprocess_branch completed=0 pending=1
[exp8205] phase=after_subprocess_branch completed=1 pending=0
[exp8205] phase=before_subprocess_branch completed=0 pending=1
[exp8205] phase=after_subprocess_branch completed=1 pending=0
[exp8205] phase=before_subprocess_branch completed=0 pending=1
[exp8205] phase=after_subprocess_branch completed=1 pending=0
[exp8205] phase=before_subprocess_branch completed=0 pending=1
[exp8205] phase=after_subprocess_branch completed=1 pending=0
[exp8205] phase=before_subprocess_branch completed=0 pending=1
[exp8205] phase=after_subprocess_branch completed=1 pending=0
[exp8205] phase=before_subprocess_branch completed=0 pending=1
[exp8205] phase=after_subprocess_branch completed=1 pending=0
[exp8205] phase=before_subprocess_branch completed=0 pending=1
[exp8205] phase=after_subprocess_branch completed=1 pending=0
[exp8387] phase=replay_rejected completed=0 pending=0
