[exp8175] phase=start completed_units=0 elapsed_s=0
[exp7949] phase=scan completed_units=1 elapsed_s=0.001
[exp7949] phase=authenticate_outcome completed_units=0 elapsed_s=0.004
[exp8133] phase=reader_control completed=1 pending=3
[exp7949] phase=scan completed_units=1 elapsed_s=0.001
[exp7949] phase=authenticate_outcome completed_units=0 elapsed_s=0.001
[exp8133] phase=reader_control completed=2 pending=2
[exp7949] phase=scan completed_units=1 elapsed_s=0.001
[exp7949] phase=authenticate_outcome completed_units=0 elapsed_s=0.001
[exp8133] phase=reader_control completed=3 pending=1
[exp7949] phase=scan completed_units=1 elapsed_s=0.001
[exp8133] phase=reader_control completed=4 pending=0
[exp7949] phase=scan completed_units=1 elapsed_s=0.000
[exp7949] phase=scan completed_units=1 elapsed_s=0.001
[exp7949] phase=authenticate_outcome completed_units=0 elapsed_s=0.001
[exp7949] phase=scan completed_units=1 elapsed_s=0.001
[exp7949] phase=authenticate_outcome completed_units=0 elapsed_s=0.001
[exp7949] phase=scan completed_units=1 elapsed_s=0.001
[exp7949] phase=authenticate_outcome completed_units=0 elapsed_s=0.001
[exp7949] phase=scan completed_units=1 elapsed_s=0.001
[exp8147] phase=frontier_terminal completed=1 pending=0 new=0
{"honest_verdict": "complete_blocked_private_input"}
