[exp8071] phase=start elapsed_s=0.000 completed=0 pending=0
[exp8071] phase=before_model_load elapsed_s=0.044 completed=0 pending=0
[exp8071] phase=after_model_load elapsed_s=7.478 completed=0 pending=0
[exp8059] phase=token_view_seal elapsed_s=7.466 completed=1 pending=7
[exp8059] phase=token_view_seal elapsed_s=7.475 completed=2 pending=6
[exp8059] phase=token_view_seal elapsed_s=7.485 completed=3 pending=5
[exp8059] phase=token_view_seal elapsed_s=7.496 completed=4 pending=4
[exp8059] phase=token_view_seal elapsed_s=7.528 completed=5 pending=3
[exp8059] phase=token_view_seal elapsed_s=7.538 completed=6 pending=2
[exp8059] phase=token_view_seal elapsed_s=7.543 completed=7 pending=1
[exp8059] phase=token_view_seal elapsed_s=7.568 completed=8 pending=0
[exp8071] phase=before_native_forward elapsed_s=7.644 completed=0 pending=0
[exp8022] phase=8033_before_context_create elapsed_s=0.000 completed=0 pending=0
[exp8022] phase=8033_after_context_create elapsed_s=0.034 completed=0 pending=0
[exp8022] phase=8033_before_eval elapsed_s=0.045 completed=0 pending=165
[exp8022] phase=8033_after_eval elapsed_s=0.781 completed=165 pending=0
[exp8022] phase=8033_before_context_close elapsed_s=1.132 completed=0 pending=0
[exp8022] phase=8033_after_context_close elapsed_s=1.631 completed=0 pending=0
[exp8071] phase=after_native_forward elapsed_s=9.288 completed=0 pending=0
[exp8071] phase=before_model_cleanup elapsed_s=9.290 completed=0 pending=0
[exp8071] phase=after_model_cleanup elapsed_s=9.426 completed=0 pending=0
