[exp8055] phase=start_preconditions elapsed_s=0.000 completed=1 pending=start_preconditions model_loads=0 generations=0 device_calls=0
[exp8055] phase=authenticate_inputs_before_small_head_load elapsed_s=0.002 completed=2 pending=authenticate_inputs_before_small_head_load model_loads=0 generations=0 device_calls=0
[exp8055] phase=authenticate_inputs_after_small_head_load elapsed_s=2.696 completed=3 pending=authenticate_inputs_after_small_head_load model_loads=0 generations=0 device_calls=0
[exp8055] phase=before_guard_replay_benchmark elapsed_s=6.036 completed=4 pending=before_guard_replay_benchmark model_loads=0 generations=0 device_calls=0
[exp8055] replay elapsed_s=0.041 completed=1 pending=3959
[exp8055] replay elapsed_s=0.116 completed=101 pending=3859
[exp8055] replay elapsed_s=0.190 completed=201 pending=3759
[exp8055] replay elapsed_s=0.265 completed=301 pending=3659
[exp8055] replay elapsed_s=0.339 completed=401 pending=3559
[exp8055] replay elapsed_s=0.413 completed=501 pending=3459
[exp8055] replay elapsed_s=0.487 completed=601 pending=3359
[exp8055] replay elapsed_s=0.562 completed=701 pending=3259
[exp8055] replay elapsed_s=0.636 completed=801 pending=3159
[exp8055] replay elapsed_s=0.710 completed=901 pending=3059
[exp8055] replay elapsed_s=0.785 completed=1001 pending=2959
[exp8055] replay elapsed_s=0.859 completed=1101 pending=2859
[exp8055] replay elapsed_s=0.934 completed=1201 pending=2759
[exp8055] replay elapsed_s=1.008 completed=1301 pending=2659
[exp8055] replay elapsed_s=1.083 completed=1401 pending=2559
[exp8055] replay elapsed_s=1.158 completed=1501 pending=2459
[exp8055] replay elapsed_s=1.232 completed=1601 pending=2359
[exp8055] replay elapsed_s=1.307 completed=1701 pending=2259
[exp8055] replay elapsed_s=1.382 completed=1801 pending=2159
[exp8055] replay elapsed_s=1.457 completed=1901 pending=2059
[exp8055] replay elapsed_s=1.531 completed=2001 pending=1959
[exp8055] replay elapsed_s=1.605 completed=2101 pending=1859
[exp8055] replay elapsed_s=1.680 completed=2201 pending=1759
[exp8055] replay elapsed_s=1.754 completed=2301 pending=1659
[exp8055] replay elapsed_s=1.829 completed=2401 pending=1559
[exp8055] replay elapsed_s=1.904 completed=2501 pending=1459
[exp8055] replay elapsed_s=1.978 completed=2601 pending=1359
[exp8055] replay elapsed_s=2.053 completed=2701 pending=1259
[exp8055] replay elapsed_s=2.127 completed=2801 pending=1159
[exp8055] replay elapsed_s=2.201 completed=2901 pending=1059
[exp8055] replay elapsed_s=2.276 completed=3001 pending=959
[exp8055] replay elapsed_s=2.350 completed=3101 pending=859
[exp8055] replay elapsed_s=2.425 completed=3201 pending=759
[exp8055] replay elapsed_s=2.500 completed=3301 pending=659
[exp8055] replay elapsed_s=2.575 completed=3401 pending=559
[exp8055] replay elapsed_s=2.649 completed=3501 pending=459
[exp8055] replay elapsed_s=2.956 completed=3601 pending=359
[exp8055] replay elapsed_s=3.029 completed=3701 pending=259
[exp8055] replay elapsed_s=3.103 completed=3801 pending=159
[exp8055] replay elapsed_s=3.177 completed=3901 pending=59
[exp8055] replay elapsed_s=0.001 completed=1 pending=5
[exp8055] phase=after_guard_replay_benchmark elapsed_s=12.731 completed=5 pending=after_guard_replay_benchmark model_loads=0 generations=0 device_calls=0
[exp8055] phase=before_validation_subprocesses elapsed_s=12.753 completed=6 pending=before_validation_subprocesses model_loads=0 generations=0 device_calls=0
[exp7303-validation] before_subprocess owned_tests elapsed_s=0.000 unit=1/8
[exp7303-validation] subprocess_outstanding owned_tests elapsed_s=10.002
[exp7303-validation] subprocess_outstanding owned_tests elapsed_s=20.003
[exp7303-validation] subprocess_outstanding owned_tests elapsed_s=30.003
[exp7303-validation] subprocess_outstanding owned_tests elapsed_s=40.003
[exp7303-validation:owned_tests] ...................                                                      [100%]
[exp7303-validation:owned_tests] 19 passed in 37.18s
[exp7303-validation] after_subprocess owned_tests elapsed_s=42.770 exit=0 unit=1/8
[exp7303-validation] before_subprocess coverage_combine elapsed_s=0.000 unit=2/8
[exp7303-validation:coverage_combine] Combined 1 file
[exp7303-validation] after_subprocess coverage_combine elapsed_s=0.065 exit=0 unit=2/8
[exp7303-validation] before_subprocess coverage_json elapsed_s=0.000 unit=3/8
[exp7303-validation:coverage_json] Wrote JSON report to /tmp/carnot-8055-xcwrdqze/coverage.json
[exp7303-validation] after_subprocess coverage_json elapsed_s=0.104 exit=0 unit=3/8
[exp7303-validation] before_subprocess coverage100 elapsed_s=0.000 unit=4/8
[exp7303-validation:coverage100] Name                                                                  Stmts   Miss  Cover
[exp7303-validation:coverage100] -----------------------------------------------------------------------------------------
[exp7303-validation:coverage100] python/carnot/experiment_8055_v697_hardware_guard_boundary.py           136      0   100%
[exp7303-validation:coverage100] python/carnot/reporting/hardware_guard_8055.py                          238      0   100%
[exp7303-validation:coverage100] scripts/experiments/experiment_8055_v697_hardware_guard_boundary.py      10      0   100%
[exp7303-validation:coverage100] -----------------------------------------------------------------------------------------
[exp7303-validation:coverage100] TOTAL                                                                   384      0   100%
[exp7303-validation] after_subprocess coverage100 elapsed_s=0.100 exit=0 unit=4/8
[exp7303-validation] before_subprocess ruff_check elapsed_s=0.000 unit=5/8
[exp7303-validation:ruff_check] All checks passed!
[exp7303-validation] after_subprocess ruff_check elapsed_s=0.013 exit=0 unit=5/8
[exp7303-validation] before_subprocess ruff_format elapsed_s=0.000 unit=6/8
[exp7303-validation:ruff_format] 4 files already formatted
[exp7303-validation] after_subprocess ruff_format elapsed_s=0.011 exit=0 unit=6/8
[exp7303-validation] before_subprocess strict_mypy elapsed_s=0.000 unit=7/8
[exp7303-validation:strict_mypy] pyproject.toml: note: unused section(s): module = ['carnot.autoresearch.*', 'carnot.benchmarks.*', 'carnot.embeddings.*', 'carnot.embeddings.fast_embedding', 'carnot.embeddings.jepa_energy', 'carnot.extraction.*', 'carnot.hardware.*', 'carnot.inference.*', 'carnot.pipeline.*', 'carnot.pipeline.agentic', 'carnot.pipeline.gemma_loader', 'carnot.pipeline.grammar_constrained_decoder', 'carnot.pipeline.verify_repair', 'carnot.probes.*', 'carnot.probes.drift_probe', 'carnot.samplers.parallel_ising', 'carnot.sampling._vendored_thrml.*', 'carnot.training.capo_loss', 'carnot.training.nce', 'carnot.training.score_matching', 'carnot.training.snl']
[exp7303-validation:strict_mypy] Success: no issues found in 3 source files
[exp7303-validation] after_subprocess strict_mypy elapsed_s=0.127 exit=0 unit=7/8
[exp7303-validation] before_subprocess spec_coverage elapsed_s=0.000 unit=8/8
[exp7303-validation:spec_coverage] OK: All tests reference specification requirements.
[exp7303-validation] after_subprocess spec_coverage elapsed_s=0.033 exit=0 unit=8/8
[exp8055] phase=after_validation_subprocesses elapsed_s=55.978 completed=7 pending=after_validation_subprocesses model_loads=0 generations=0 device_calls=0
[exp8055] phase=freeze_candidate_before_publication elapsed_s=56.326 completed=8 pending=freeze_candidate_before_publication model_loads=0 generations=0 device_calls=0
[exp7303-validation] before_subprocess cold_reduce elapsed_s=0.000 unit=1/3
[exp7303-validation:cold_reduce] [exp8055] phase=start_preconditions elapsed_s=0.000 completed=1 pending=start_preconditions model_loads=0 generations=0 device_calls=0
[exp7303-validation:cold_reduce] [exp8055] replay elapsed_s=0.191 completed=1 pending=3959
[exp7303-validation:cold_reduce] [exp8055] replay elapsed_s=0.268 completed=101 pending=3859
[exp7303-validation:cold_reduce] [exp8055] replay elapsed_s=0.345 completed=201 pending=3759
[exp7303-validation:cold_reduce] [exp8055] replay elapsed_s=0.423 completed=301 pending=3659
[exp7303-validation:cold_reduce] [exp8055] replay elapsed_s=0.500 completed=401 pending=3559
[exp7303-validation:cold_reduce] [exp8055] replay elapsed_s=0.577 completed=501 pending=3459
[exp7303-validation:cold_reduce] [exp8055] replay elapsed_s=0.654 completed=601 pending=3359
[exp7303-validation:cold_reduce] [exp8055] replay elapsed_s=0.732 completed=701 pending=3259
[exp7303-validation:cold_reduce] [exp8055] replay elapsed_s=0.809 completed=801 pending=3159
[exp7303-validation:cold_reduce] [exp8055] replay elapsed_s=0.886 completed=901 pending=3059
[exp7303-validation:cold_reduce] [exp8055] replay elapsed_s=0.963 completed=1001 pending=2959
[exp7303-validation:cold_reduce] [exp8055] replay elapsed_s=1.040 completed=1101 pending=2859
[exp7303-validation:cold_reduce] [exp8055] replay elapsed_s=1.117 completed=1201 pending=2759
[exp7303-validation:cold_reduce] [exp8055] replay elapsed_s=1.195 completed=1301 pending=2659
[exp7303-validation:cold_reduce] [exp8055] replay elapsed_s=1.272 completed=1401 pending=2559
[exp7303-validation:cold_reduce] [exp8055] replay elapsed_s=1.350 completed=1501 pending=2459
[exp7303-validation:cold_reduce] [exp8055] replay elapsed_s=1.427 completed=1601 pending=2359
[exp7303-validation:cold_reduce] [exp8055] replay elapsed_s=1.505 completed=1701 pending=2259
[exp7303-validation:cold_reduce] [exp8055] replay elapsed_s=1.582 completed=1801 pending=2159
[exp7303-validation:cold_reduce] [exp8055] replay elapsed_s=1.660 completed=1901 pending=2059
[exp7303-validation:cold_reduce] [exp8055] replay elapsed_s=1.737 completed=2001 pending=1959
[exp7303-validation:cold_reduce] [exp8055] replay elapsed_s=1.815 completed=2101 pending=1859
[exp7303-validation:cold_reduce] [exp8055] replay elapsed_s=2.173 completed=2201 pending=1759
[exp7303-validation:cold_reduce] [exp8055] replay elapsed_s=2.250 completed=2301 pending=1659
[exp7303-validation:cold_reduce] [exp8055] replay elapsed_s=2.327 completed=2401 pending=1559
[exp7303-validation:cold_reduce] [exp8055] replay elapsed_s=2.405 completed=2501 pending=1459
[exp7303-validation:cold_reduce] [exp8055] replay elapsed_s=2.483 completed=2601 pending=1359
[exp7303-validation:cold_reduce] [exp8055] replay elapsed_s=2.560 completed=2701 pending=1259
[exp7303-validation:cold_reduce] [exp8055] replay elapsed_s=2.639 completed=2801 pending=1159
[exp7303-validation:cold_reduce] [exp8055] replay elapsed_s=2.718 completed=2901 pending=1059
[exp7303-validation:cold_reduce] [exp8055] replay elapsed_s=2.796 completed=3001 pending=959
[exp7303-validation:cold_reduce] [exp8055] replay elapsed_s=2.874 completed=3101 pending=859
[exp7303-validation:cold_reduce] [exp8055] replay elapsed_s=2.953 completed=3201 pending=759
[exp7303-validation:cold_reduce] [exp8055] replay elapsed_s=3.032 completed=3301 pending=659
[exp7303-validation:cold_reduce] [exp8055] replay elapsed_s=3.110 completed=3401 pending=559
[exp7303-validation:cold_reduce] [exp8055] replay elapsed_s=3.189 completed=3501 pending=459
[exp7303-validation:cold_reduce] [exp8055] replay elapsed_s=3.268 completed=3601 pending=359
[exp7303-validation:cold_reduce] [exp8055] replay elapsed_s=3.347 completed=3701 pending=259
[exp7303-validation:cold_reduce] [exp8055] replay elapsed_s=3.426 completed=3801 pending=159
[exp7303-validation:cold_reduce] [exp8055] replay elapsed_s=3.505 completed=3901 pending=59
[exp7303-validation:cold_reduce] [exp8055] replay elapsed_s=0.001 completed=1 pending=5
[exp7303-validation:cold_reduce] {"passed": true, "rows_checksum": "sha256:d429b9a308d302226a9ec02c69055d9be29309f443a88e64389038597877f0c8"}
[exp7303-validation] after_subprocess cold_reduce elapsed_s=6.394 exit=0 unit=1/3
[exp7303-validation] before_subprocess adversarial elapsed_s=0.000 unit=2/3
[exp7303-validation] subprocess_outstanding adversarial elapsed_s=10.001
[exp7303-validation:adversarial] {
[exp7303-validation:adversarial]   "reports": [
[exp7303-validation:adversarial]     {
[exp7303-validation:adversarial]       "artifact": "/home/ianblenke/github.com/ianblenke/carnot/results/raw/experiment_8055_v697_hardware_guard_boundary/terminal_candidate.json",
[exp7303-validation:adversarial]       "loaded": true,
[exp7303-validation:adversarial]       "exp_id": 8055,
[exp7303-validation:adversarial]       "title": "",
[exp7303-validation:adversarial]       "honest_verdict": "complete_null_guarded_hardware_boundary",
[exp7303-validation:adversarial]       "flag_count": 3,
[exp7303-validation:adversarial]       "max_severity": 2,
[exp7303-validation:adversarial]       "flags": [
[exp7303-validation:adversarial]         {
[exp7303-validation:adversarial]           "kind": "TAUTOLOGY",
[exp7303-validation:adversarial]           "severity": "critical",
[exp7303-validation:adversarial]           "detail": "completed_count=3960.0 and guard_fallback_denominator=3960.0 agree to >5 sig figs. Two distinct metrics matching this precisely is more likely a bug than a finding."
[exp7303-validation:adversarial]         },
[exp7303-validation:adversarial]         {
[exp7303-validation:adversarial]           "kind": "TAUTOLOGY",
[exp7303-validation:adversarial]           "severity": "critical",
[exp7303-validation:adversarial]           "detail": "eligible_count=3960.0 and guard_fallback_denominator=3960.0 agree to >5 sig figs. Two distinct metrics matching this precisely is more likely a bug than a finding."
[exp7303-validation:adversarial]         },
[exp7303-validation:adversarial]         {
[exp7303-validation:adversarial]           "kind": "TAUTOLOGY",
[exp7303-validation:adversarial]           "severity": "critical",
[exp7303-validation:adversarial]           "detail": "guard_fallback_denominator=3960.0 and intended_count=3960.0 agree to >5 sig figs. Two distinct metrics matching this precisely is more likely a bug than a finding."
[exp7303-validation:adversarial]         }
[exp7303-validation:adversarial]       ],
[exp7303-validation:adversarial]       "gate_version": "07ddacadae8c3b8d3250ad0977bda6f747d5bcb02bb7af3119b80db2547b62c7"
[exp7303-validation:adversarial]     }
[exp7303-validation:adversarial]   ],
[exp7303-validation:adversarial]   "flagged_count": 1
[exp7303-validation:adversarial] }
[exp7303-validation] after_subprocess adversarial elapsed_s=14.181 exit=1 unit=2/3
[exp7303-validation] before_subprocess strict_rows elapsed_s=0.000 unit=3/3
[exp7303-validation:strict_rows] 
[exp7303-validation:strict_rows] verdict-row-consistency: checked 1, skipped 0 (no per-unit rows), unreadable 0.
[exp7303-validation:strict_rows]   No row/verdict contradictions among the artifacts that could be checked.
[exp7303-validation] after_subprocess strict_rows elapsed_s=0.164 exit=0 unit=3/3
[exp8055] terminal_error=candidate_rejected
