============================= test session starts ==============================
platform linux -- Python 3.12.13, pytest-9.0.3, pluggy-1.6.0
rootdir: /home/ianblenke/github.com/ianblenke/carnot
configfile: pyproject.toml
plugins: xdist-3.8.0, jaxtyping-0.3.10, cov-7.1.0, hydra-core-1.3.3, anyio-4.13.0, hypothesis-6.155.2
created: 4/4 workers
4 workers [73479 items]

........................................................................ [  0%]
........................................................................ [  0%]
........................................................................ [  0%]
........................................................................ [  0%]
........................................................................ [  0%]
........................................................................ [  0%]
........................................................................ [  0%]
.......F................................................................ [  0%]
........F............................................................... [  0%]
........................................................................ [  0%]
........................................................................ [  1%]
...................................................F.................... [  1%]
.........F..........................................F................... [  1%]
........................................................................ [  1%]
.............................................F.......................... [  1%]
............................................Fs.sssss........s........... [  1%]
...............................FFFFFFF.................................. [  1%]
........................................................................ [  1%]
............................................ssssssssssssssss............ [  1%]
.....................................................F.....F............ [  1%]
.......................................................F................ [  2%]
........................................................................ [  2%]
........................................................................ [  2%]
........................................................................ [  2%]
........................................................................ [  2%]
...............F........................................................ [  2%]
......F................................................................. [  2%]
..........FF............................................................ [  2%]
........................................................................ [  2%]
........................................................................ [  2%]
........................................................................ [  3%]
........................................................................ [  3%]
........................................................................ [  3%]
........................................................................ [  3%]
........................................................................ [  3%]
........................................................................ [  3%]
........................................................................ [  3%]
........................................................................ [  3%]
........................................................................ [  3%]
........................................................................ [  3%]
........................................................................ [  4%]
........................................................................ [  4%]
........................................................................ [  4%]
........................................................................ [  4%]
........................................................................ [  4%]
.................................s...................................... [  4%]
........................................................................ [  4%]
........................................................................ [  4%]
........................................................................ [  4%]
........................................................................ [  4%]
......................F................................................. [  4%]
......F....F............................................................ [  5%]
.................................................F...................... [  5%]
........................................................................ [  5%]
........................................................................ [  5%]
........................................................................ [  5%]
..............................................F......................... [  5%]
........................................................................ [  5%]
........................................................................ [  5%]
........................................................................ [  5%]
........................................................................ [  5%]
........................................................................ [  6%]
........................................................................ [  6%]
........................................................................ [  6%]
........................................................................ [  6%]
........................................................................ [  6%]
........................................................................ [  6%]
.........................F......................F..F.F.................. [  6%]
........................................................................ [  6%]
........................................................................ [  6%]
........................................................................ [  6%]
........................................................................ [  7%]
........................................................................ [  7%]
........................................................................ [  7%]
........................................................................ [  7%]
........................................................................ [  7%]
........................................................................ [  7%]
.................................F.....F................................ [  7%]
........................................................................ [  7%]
..........................................................F............. [  7%]
........................................................................ [  7%]
.....................................................................F.. [  8%]
........................................................................ [  8%]
........................................................................ [  8%]
............s........................................................... [  8%]
........................................................................ [  8%]
.....sssss.......ssssss................................................. [  8%]
........................................................................ [  8%]
........................................................................ [  8%]
........................................................................ [  8%]
........................................................................ [  8%]
........................................................................ [  9%]
........................................................................ [  9%]
........................................................................ [  9%]
........................................................................ [  9%]
........................................................................ [  9%]
........................................................................ [  9%]
........................................................................ [  9%]
........................................................................ [  9%]
.................................FFFFFFFFFFFFFFFFFFFFFFFFFFFFFFFF....... [  9%]
...F.......F.............FF............................................. [  9%]
........................................................................ [  9%]
.FF..................................................................... [ 10%]
........................................................................ [ 10%]
........................................................................ [ 10%]
........................................................................ [ 10%]
........................................................................ [ 10%]
........................................................................ [ 10%]
................................................s....................... [ 10%]
........................................................................ [ 10%]
...........................F............................................ [ 10%]
........................................................................ [ 10%]
........................................................................ [ 11%]
...............................ssssssssssssss.....................FF.... [ 11%]
........................................................................ [ 11%]
........................................................................ [ 11%]
........................................................................ [ 11%]
........................................................................ [ 11%]
............................................................FFFFF..FFF.. [ 11%]
...s.................................................................... [ 11%]
...............................F...............................F........ [ 11%]
........................F............................................... [ 11%]
............................F........................................... [ 12%]
..............F......................................................... [ 12%]
.........................................F.............................. [ 12%]
........................................................................ [ 12%]
.......................................................F.......F..F..... [ 12%]
........................................F............................... [ 12%]
...............FssF....FFFFFFFFFFFFF.................................... [ 12%]
......FF.F..F..FF....................................................... [ 12%]
.FFF...........................................................FF....... [ 12%]
........................................................................ [ 12%]
........................................................................ [ 13%]
.....................................................................sss [ 13%]
........................................................................ [ 13%]
....sssssssssssssss..................................................... [ 13%]
........................................................................ [ 13%]
...............................................................F........ [ 13%]
........................................................................ [ 13%]
.......s................................................................ [ 13%]
........................................................................ [ 13%]
........................................................................ [ 13%]
..........................................................F............. [ 14%]
........................................................................ [ 14%]
........................................................................ [ 14%]
........................................................................ [ 14%]
........................................................................ [ 14%]
.................F............................................F..F...... [ 14%]
.....F.................................................................. [ 14%]
........................................................................ [ 14%]
........................................................................ [ 14%]
...................................s.................................... [ 14%]
........................................................................ [ 14%]
........................................................................ [ 15%]
.........................................................s.............. [ 15%]
........F...........................................F................... [ 15%]
........................................................................ [ 15%]
................F...............F.........F................F............ [ 15%]
................................FFF..................................... [ 15%]
........F....FF.....................................................ssss [ 15%]
sssssssF........F.F.........FF.......................................... [ 15%]
........................................................................ [ 15%]
.............................................FF...FFFFFF..FFFF.FF.F.FFFF [ 15%]
............F........................................................... [ 16%]
........................................................................ [ 16%]
........................................................................ [ 16%]
.........................F.FFFF.F....................................... [ 16%]
........................................................................ [ 16%]
........................................................................ [ 16%]
........................................................................ [ 16%]
........................................................................ [ 16%]
........................................................................ [ 16%]
........................................................F............... [ 16%]
........................................................................ [ 17%]
........................................................................ [ 17%]
........................................................................ [ 17%]
........................................................................ [ 17%]
........................................................................ [ 17%]
........................................................................ [ 17%]
........................................................................ [ 17%]
........................................................................ [ 17%]
........................................................................ [ 17%]
........................................................................ [ 17%]
........................................................................ [ 18%]
.................................................................F...... [ 18%]
......F.............................................................F... [ 18%]
......................F................................................. [ 18%]
......................FFFF.FF.F..FFF.F..FFF..F...F...................... [ 18%]
............F........................................................... [ 18%]
........................F............................................... [ 18%]
........................F............................................... [ 18%]
.......................F..............F................................. [ 18%]
..................F..............F...................................... [ 18%]
........................................F...F........................... [ 19%]
........F............................................................... [ 19%]
..........F.FFF............F............................................ [ 19%]
F....................................................................... [ 19%]
..................................F..F.............FF................... [ 19%]
.......................................................F...F............ [ 19%]
F.........F............................................................. [ 19%]
...............F.....F..........................F....................... [ 19%]
........................................................................ [ 19%]
........................................................................ [ 19%]
....................F................................................... [ 19%]
........................................................................ [ 20%]
................................F.........F............................. [ 20%]
........................................................................ [ 20%]
.............................F..F..........FFF.......................... [ 20%]
......FFFFFFFF.FF.FFFFF................................................. [ 20%]
........................................................................ [ 20%]
........................................................................ [ 20%]
........................................................................ [ 20%]
........................................................................ [ 20%]
........FF.FFFFF........................................................ [ 20%]
........................................................................ [ 21%]
........................................................................ [ 21%]
.................................................................F...... [ 21%]
........................................................................ [ 21%]
.............................F..................F...FFFF.........F...FFF [ 21%]
FFFF............................................F....................... [ 21%]
.....F............................................F..................... [ 21%]
...............s......F.................................F............... [ 21%]
..F.F................................................................... [ 21%]
......FF................................................................ [ 21%]
........................................................................ [ 22%]
........................................................................ [ 22%]
........................................................................ [ 22%]
........................................................................ [ 22%]
........................................................................ [ 22%]
..........................................................F............. [ 22%]
..F....F...F....F..................F....................F............... [ 22%]
....F.F..........FFFFFFFFFF............................................. [ 22%]
........................................................................ [ 22%]
........................................................................ [ 22%]
........................................................................ [ 23%]
........................................................................ [ 23%]
..................................................................FFF... [ 23%]
FF.FFF...........................................F.................F.... [ 23%]
........FFFFFFFFFFFFFFFFFFFFFFF...................FFF.FFF............... [ 23%]
........................................................................ [ 23%]
..........F............................................................. [ 23%]
........................................................................ [ 23%]
........................................................................ [ 23%]
.....................F.................................................. [ 23%]
........................................................................ [ 24%]
........................................................................ [ 24%]
..............F.....F................................................... [ 24%]
........................................................................ [ 24%]
............F.FF...F................................F....F...F...F...... [ 24%]
..F..F.F..F.F.F..F.F.F..F.F............................................. [ 24%]
........................................................................ [ 24%]
......F............................./home/ianblenke/github.com/ianblenke/carnot/.venv/lib/python3.12/site-packages/_pytest/main.py:353: PluggyTeardownRaisedWarning: A plugin raised an exception during an old-style hookwrapper teardown.
Plugin: 139770336037680, Hook: pytest_sessionfinish
OSError: cannot send (already closed?)
For more information see https://pluggy.readthedocs.io/en/stable/api_reference.html#pluggy.PluggyTeardownRaisedWarning
  config.hook.pytest_sessionfinish(
/home/ianblenke/github.com/ianblenke/carnot/.venv/lib/python3.12/site-packages/_pytest/main.py:353: PluggyTeardownRaisedWarning: A plugin raised an exception during an old-style hookwrapper teardown.
Plugin: 140070331847152, Hook: pytest_sessionfinish
OSError: cannot send (already closed?)
For more information see https://pluggy.readthedocs.io/en/stable/api_reference.html#pluggy.PluggyTeardownRaisedWarning
  config.hook.pytest_sessionfinish(
/home/ianblenke/github.com/ianblenke/carnot/.venv/lib/python3.12/site-packages/_pytest/main.py:353: PluggyTeardownRaisedWarning: A plugin raised an exception during an old-style hookwrapper teardown.
Plugin: 140486700844912, Hook: pytest_sessionfinish
OSError: cannot send (already closed?)
For more information see https://pluggy.readthedocs.io/en/stable/api_reference.html#pluggy.PluggyTeardownRaisedWarning
  config.hook.pytest_sessionfinish(
