[exp8071] phase=start elapsed_s=0.000 completed=0 pending=0
[exp8071] phase=before_model_load elapsed_s=0.045 completed=0 pending=0
[exp8071] phase=after_model_load elapsed_s=7.658 completed=0 pending=0
[exp8059] phase=token_view_seal elapsed_s=7.646 completed=1 pending=7
[exp8059] phase=token_view_seal elapsed_s=7.655 completed=2 pending=6
[exp8059] phase=token_view_seal elapsed_s=7.665 completed=3 pending=5
[exp8059] phase=token_view_seal elapsed_s=7.676 completed=4 pending=4
[exp8059] phase=token_view_seal elapsed_s=7.708 completed=5 pending=3
[exp8059] phase=token_view_seal elapsed_s=7.717 completed=6 pending=2
[exp8059] phase=token_view_seal elapsed_s=7.723 completed=7 pending=1
[exp8059] phase=token_view_seal elapsed_s=7.747 completed=8 pending=0
[exp8071] phase=before_native_forward elapsed_s=7.824 completed=0 pending=0
[exp8022] phase=8033_before_context_create elapsed_s=0.000 completed=0 pending=0
[exp8022] phase=8033_after_context_create elapsed_s=0.042 completed=0 pending=0
[exp8022] phase=8033_before_eval elapsed_s=0.053 completed=0 pending=174
[exp8022] phase=8033_after_eval elapsed_s=0.632 completed=174 pending=0
[exp8022] phase=8033_before_context_close elapsed_s=0.931 completed=0 pending=0
[exp8022] phase=8033_after_context_close elapsed_s=1.234 completed=0 pending=0
[exp8071] phase=after_native_forward elapsed_s=9.072 completed=0 pending=0
[exp8071] phase=before_model_cleanup elapsed_s=9.074 completed=0 pending=0
[exp8071] phase=after_model_cleanup elapsed_s=9.279 completed=0 pending=0
