[exp8219] phase=start completed=0 pending=0
[exp8219] phase=before_preconditions completed=0 pending=0
[exp8219] phase=authenticated_inputs completed=1 pending=35
[exp8219] phase=authenticated_inputs completed=2 pending=34
[exp8219] phase=authenticated_inputs completed=3 pending=33
[exp8219] phase=authenticated_inputs completed=4 pending=32
[exp8219] phase=authenticated_inputs completed=5 pending=31
[exp8219] phase=authenticated_inputs completed=6 pending=30
[exp8219] phase=authenticated_inputs completed=7 pending=29
[exp8219] phase=authenticated_inputs completed=8 pending=28
[exp8219] phase=authenticated_inputs completed=9 pending=27
[exp8219] phase=authenticated_inputs completed=10 pending=26
[exp8219] phase=authenticated_inputs completed=11 pending=25
[exp8219] phase=authenticated_inputs completed=12 pending=24
[exp8219] phase=authenticated_inputs completed=13 pending=23
[exp8219] phase=authenticated_inputs completed=14 pending=22
[exp8219] phase=authenticated_inputs completed=15 pending=21
[exp8219] phase=authenticated_inputs completed=16 pending=20
[exp8219] phase=authenticated_inputs completed=17 pending=19
[exp8219] phase=authenticated_inputs completed=18 pending=18
[exp8219] phase=authenticated_inputs completed=19 pending=17
[exp8219] phase=authenticated_inputs completed=20 pending=16
[exp8219] phase=authenticated_inputs completed=21 pending=15
[exp8219] phase=authenticated_inputs completed=22 pending=14
[exp8219] phase=authenticated_inputs completed=23 pending=13
[exp8219] phase=authenticated_inputs completed=24 pending=12
[exp8219] phase=authenticated_inputs completed=25 pending=11
[exp8219] phase=authenticated_inputs completed=26 pending=10
[exp8219] phase=authenticated_inputs completed=27 pending=9
[exp8219] phase=authenticated_inputs completed=28 pending=8
[exp8219] phase=authenticated_inputs completed=29 pending=7
[exp8219] phase=authenticated_inputs completed=30 pending=6
[exp8219] phase=authenticated_inputs completed=31 pending=5
[exp8219] phase=authenticated_inputs completed=32 pending=4
[exp8219] phase=authenticated_inputs completed=33 pending=3
[exp8219] phase=authenticated_inputs completed=34 pending=2
[exp8219] phase=authenticated_inputs completed=35 pending=1
[exp8219] phase=authenticated_inputs completed=36 pending=0
[exp8219] phase=after_preconditions completed=52 pending=0
[exp8219] phase=before_benchmark_cached_energy completed=0 pending=3
[exp8219] phase=after_benchmark_cached_energy completed=1 pending=2
[exp8219] phase=before_benchmark_cached_additive completed=1 pending=2
[exp8219] phase=after_benchmark_cached_additive completed=2 pending=1
[exp8219] phase=before_benchmark_cached_logistic completed=2 pending=1
[exp8219] phase=after_benchmark_cached_logistic completed=3 pending=0
[exp8219] phase=measurement_complete completed=5 pending=0
