============================= test session starts ==============================
platform linux -- Python 3.12.13, pytest-9.0.3, pluggy-1.6.0
rootdir: /home/ianblenke/github.com/ianblenke/carnot
configfile: pyproject.toml
plugins: xdist-3.8.0, jaxtyping-0.3.10, cov-7.1.0, hydra-core-1.3.3, anyio-4.13.0, hypothesis-6.155.2
created: 4/4 workers
4 workers [76278 items]

........................................................................ [  0%]
........................................................................ [  0%]
........................................................................ [  0%]
........................................................................ [  0%]
........................................................................ [  0%]
........................................................................ [  0%]
........................................................................ [  0%]
........................................................................ [  0%]
........................................................................ [  0%]
........................................................................ [  0%]
........................................................................ [  1%]
........................................................................ [  1%]
........................................................................ [  1%]
........................................................................ [  1%]
........................................................................ [  1%]
........................................................................ [  1%]
........................................................................ [  1%]
..............................................................F..F.....F [  1%]
.F...................................................................... [  1%]
........................................................................ [  1%]
........................................................................ [  1%]
........................................................................ [  2%]
........................................................................ [  2%]
........................................................................ [  2%]
........................................................................ [  2%]
........................................................................ [  2%]
........................................................................ [  2%]
........................................................................ [  2%]
........................................................................ [  2%]
........................................................................ [  2%]
........................................................................ [  2%]
........................................................................ [  3%]
........................................................................ [  3%]
........................................................................ [  3%]
....................s................................................... [  3%]
........................................................................ [  3%]
........................................................................ [  3%]
........................................................................ [  3%]
........................................................................ [  3%]
........................................................................ [  3%]
................................................................F....... [  3%]
........................................................................ [  3%]
........................................................................ [  4%]
........................................................................ [  4%]
........................................................................ [  4%]
........................................................................ [  4%]
........................................................................ [  4%]
.........................................F......................F..F.F.. [  4%]
........................................................................ [  4%]
...........................................................F.....F...... [  4%]
........................................................................ [  4%]
........................................................................ [  4%]
........................................................................ [  5%]
........................................................................ [  5%]
........................................................................ [  5%]
........................................................................ [  5%]
.......................................................................F [  5%]
...........F..FF........................................................ [  5%]
........................................................................ [  5%]
........................................................................ [  5%]
........................................................................ [  5%]
........................................................................ [  5%]
........................................................................ [  5%]
...............F.......F.............................................F.. [  6%]
..F.F...........F....................................................... [  6%]
...............Fssssss........s......................................... [  6%]
.FFFFFFF................................................................ [  6%]
........................................................................ [  6%]
.............ssssssssssssssss.F......................................... [  6%]
........................................................................ [  6%]
...........................F............................................ [  6%]
...F.................................................................... [  6%]
.....FF................................................................. [  6%]
........................................................................ [  6%]
...................................................F...F................ [  7%]
........................................................................ [  7%]
........................................................................ [  7%]
........................................................................ [  7%]
........................................................................ [  7%]
........................................................................ [  7%]
........................................................................ [  7%]
........................................................................ [  7%]
...........FFFFFFFFFFFFFFFFFFFFFFFFFFFFFFFF..........F.......F.......... [  7%]
...FF................................................................... [  7%]
......................................................................FF [  8%]
........................................................................ [  8%]
........................................................................ [  8%]
........................................................................ [  8%]
........................................................................ [  8%]
........................................................................ [  8%]
........................................................................ [  8%]
........................................................................ [  8%]
................F....................................................... [  8%]
.......................................................s................ [  8%]
..................................................sssss.....ssssss...... [  8%]
........................................................................ [  9%]
........................................................................ [  9%]
........................................................................ [  9%]
........................................................................ [  9%]
........................................................................ [  9%]
........................................................................ [  9%]
........................................................................ [  9%]
........................................................................ [  9%]
.................................................E...................... [  9%]
........................................................................ [  9%]
........................................................................ [ 10%]
........................................................................ [ 10%]
........................................................................ [ 10%]
.......................................................s................ [ 10%]
........................................................................ [ 10%]
...........................F............................................ [ 10%]
........................................................................ [ 10%]
........................................................................ [ 10%]
............................ssssssssssssss.....................FF....... [ 10%]
.....................................FFFFFFFF.....s..................... [ 10%]
...............F.F..F.F................................................. [ 10%]
........F.FF..F.F..............................................FssF....F [ 11%]
FFFFFFFFFFFF..........................................FF.F..F..FF....... [ 11%]
.................................................FFF.................... [ 11%]
.......................................FF............................... [ 11%]
........................................................................ [ 11%]
........................................................................ [ 11%]
........................................................................ [ 11%]
........................................................................ [ 11%]
.........sss............................................................ [ 11%]
................sssssssssssssss......................................... [ 11%]
........................................................................ [ 11%]
........................................................................ [ 12%]
........................................................................ [ 12%]
.........s.............................................................. [ 12%]
........................................................................ [ 12%]
........................................................................ [ 12%]
............................................................F........... [ 12%]
........................................................................ [ 12%]
........................................................................ [ 12%]
........................................................................ [ 12%]
........................................................................ [ 12%]
........................................................................ [ 13%]
........................................................................ [ 13%]
........................................................................ [ 13%]
........................................................................ [ 13%]
..................................................s.............F....... [ 13%]
....................FFFF........................FFF..................... [ 13%]
....................F....FF............................................. [ 13%]
.......sssssssssssF.....FF........FF.................................F.. [ 13%]
........................................................................ [ 13%]
...........................................FF............F.............. [ 13%]
........................................................................ [ 13%]
........................................................................ [ 14%]
......F................................................................. [ 14%]
........................F............................................... [ 14%]
........................................................................ [ 14%]
........................................................................ [ 14%]
..F..................................................................... [ 14%]
..............................F......................................... [ 14%]
........................................................................ [ 14%]
.........................................................F.............. [ 14%]
........................F............................................... [ 14%]
........................................................................ [ 15%]
........................................................................ [ 15%]
.......................................F..........FFFFFFFFFFFFFFFFFF.... [ 15%]
........................................................................ [ 15%]
...............................FFFFFFFFFFFFFFFFFFFF..................... [ 15%]
........................................................................ [ 15%]
........................................................................ [ 15%]
.................................................................s...... [ 15%]
.................FF.F................................................... [ 15%]
.................................................F...................... [ 15%]
........................................................................ [ 15%]
........................................................................ [ 16%]
........................................................................ [ 16%]
........................................................................ [ 16%]
........................................................................ [ 16%]
........................................................................ [ 16%]
...............................................................