[exp8071] phase=start elapsed_s=0.000 completed=0 pending=0
[exp8071] phase=before_model_load elapsed_s=0.046 completed=0 pending=0
[exp8071] phase=after_model_load elapsed_s=7.507 completed=0 pending=0
[exp8059] phase=token_view_seal elapsed_s=7.494 completed=1 pending=7
[exp8059] phase=token_view_seal elapsed_s=7.503 completed=2 pending=6
[exp8059] phase=token_view_seal elapsed_s=7.513 completed=3 pending=5
[exp8059] phase=token_view_seal elapsed_s=7.524 completed=4 pending=4
[exp8059] phase=token_view_seal elapsed_s=7.556 completed=5 pending=3
[exp8059] phase=token_view_seal elapsed_s=7.565 completed=6 pending=2
[exp8059] phase=token_view_seal elapsed_s=7.571 completed=7 pending=1
[exp8059] phase=token_view_seal elapsed_s=7.595 completed=8 pending=0
[exp8071] phase=before_native_forward elapsed_s=7.672 completed=0 pending=0
[exp8022] phase=8033_before_context_create elapsed_s=0.000 completed=0 pending=0
[exp8022] phase=8033_after_context_create elapsed_s=0.030 completed=0 pending=0
[exp8022] phase=8033_before_eval elapsed_s=0.041 completed=0 pending=435
[exp8022] phase=8033_after_eval elapsed_s=1.109 completed=435 pending=0
[exp8022] phase=8033_before_context_close elapsed_s=1.356 completed=0 pending=0
[exp8022] phase=8033_after_context_close elapsed_s=1.765 completed=0 pending=0
[exp8071] phase=after_native_forward elapsed_s=9.450 completed=0 pending=0
[exp8071] phase=before_model_cleanup elapsed_s=9.452 completed=0 pending=0
[exp8071] phase=after_model_cleanup elapsed_s=9.679 completed=0 pending=0
