[exp8071] phase=start elapsed_s=0.000 completed=0 pending=0
[exp8071] phase=before_model_load elapsed_s=0.042 completed=0 pending=0
[exp8071] phase=after_model_load elapsed_s=7.529 completed=0 pending=0
[exp8059] phase=token_view_seal elapsed_s=7.520 completed=1 pending=7
[exp8059] phase=token_view_seal elapsed_s=7.530 completed=2 pending=6
[exp8059] phase=token_view_seal elapsed_s=7.539 completed=3 pending=5
[exp8059] phase=token_view_seal elapsed_s=7.551 completed=4 pending=4
[exp8059] phase=token_view_seal elapsed_s=7.582 completed=5 pending=3
[exp8059] phase=token_view_seal elapsed_s=7.592 completed=6 pending=2
[exp8059] phase=token_view_seal elapsed_s=7.597 completed=7 pending=1
[exp8059] phase=token_view_seal elapsed_s=7.622 completed=8 pending=0
[exp8071] phase=before_native_forward elapsed_s=7.698 completed=0 pending=0
[exp8022] phase=8033_before_context_create elapsed_s=0.000 completed=0 pending=0
[exp8022] phase=8033_after_context_create elapsed_s=0.037 completed=0 pending=0
[exp8022] phase=8033_before_eval elapsed_s=0.047 completed=0 pending=1568
[exp8022] phase=8033_after_eval elapsed_s=2.499 completed=1568 pending=0
[exp8022] phase=8033_before_context_close elapsed_s=2.843 completed=0 pending=0
[exp8022] phase=8033_after_context_close elapsed_s=3.275 completed=0 pending=0
[exp8071] phase=after_native_forward elapsed_s=10.994 completed=0 pending=0
[exp8071] phase=before_model_cleanup elapsed_s=10.996 completed=0 pending=0
[exp8071] phase=after_model_cleanup elapsed_s=11.162 completed=0 pending=0
