tests/python/test_arc_supervisor_frontier_8189.py::test_authenticate_reader_and_missing_operand
tests/python/test_arc_supervisor_frontier_8189.py::test_changed_reader_hash_is_blocked
tests/python/test_arc_supervisor_frontier_8189.py::test_frontier_duplicate_and_old_event
tests/python/test_arc_supervisor_frontier_8189.py::test_readiness_and_terminal_class[null]
tests/python/test_arc_supervisor_frontier_8189.py::test_readiness_and_terminal_class[blocked]
tests/python/test_arc_supervisor_frontier_8189.py::test_readiness_and_terminal_class[disqualified]
tests/python/test_arc_supervisor_frontier_8189.py::test_cli_and_frozen_validation
tests/python/test_arc_supervisor_frontier_8189.py::test_cold_headlines_sources_and_terminal
tests/python/test_arc_supervisor_frontier_8189.py::test_descriptive_new_event_has_no_priority_credit
tests/python/test_arc_supervisor_frontier_8189.py::test_changed_frontier_is_terminal_operand
tests/python/test_arc_supervisor_frontier_8189.py::test_unresolved_receipt_has_no_help_credit
tests/python/test_arc_supervisor_frontier_8189.py::test_live_scan_uses_metadata_frontier
tests/python/test_arc_supervisor_frontier_8202.py::test_preconditions_and_missing_state
tests/python/test_arc_supervisor_frontier_8202.py::test_clock_identity_and_unchanged_bytes
tests/python/test_arc_supervisor_frontier_8202.py::test_readiness_and_replay[null]
tests/python/test_arc_supervisor_frontier_8202.py::test_readiness_and_replay[blocked]
tests/python/test_arc_supervisor_frontier_8202.py::test_readiness_and_replay[disqualified]
tests/python/test_arc_supervisor_frontier_8202.py::test_frozen_private_cli_and_entrypoints
tests/python/test_arc_supervisor_frontier_8202.py::test_terminal_and_observational_metrics
tests/python/test_arc_supervisor_refinement.py::test_applied_only_evidence_filter
tests/python/test_arc_supervisor_refinement.py::test_classify_receipt_kinds
tests/python/test_arc_supervisor_refinement.py::test_dedupe_and_ledger_survives_source_deletion
tests/python/test_arc_supervisor_refinement.py::test_rerun_with_different_measurements_counts_as_new
tests/python/test_arc_supervisor_refinement.py::test_current_live_shape_reads_insufficient
tests/python/test_arc_supervisor_refinement.py::test_retire_at_floor_not_below
tests/python/test_arc_supervisor_refinement.py::test_promotion_requires_interval_separation
tests/python/test_arc_supervisor_refinement.py::test_wilson_bounds_shape
tests/python/test_arc_supervisor_refinement.py::test_new_arm_specification_from_exhausted_receipt
tests/python/test_arc_supervisor_refinement.py::test_no_new_arm_specification_without_stagnation
tests/python/test_arc_supervisor_refinement.py::test_no_new_arm_specification_from_a_pooled_legacy_receipt
tests/python/test_arc_supervisor_refinement.py::test_no_firings_and_no_receipts_exit_zero
tests/python/test_arc_supervisor_refinement.py::test_directory_scan_prunes_nested_clones
tests/python/test_arc_supervisor_refinement.py::test_missing_input_and_bad_ledger_fail_loud
tests/python/test_arc_supervisor_refinement.py::test_bare_list_rows_document_shape
tests/python/test_arc_supervisor_refinement.py::test_json_output_mode
tests/python/test_primary_publication_7928.py::test_nested_reports_and_terminal_revalidation
tests/python/test_primary_publication_7928.py::test_legacy_shadow_is_required_negative
tests/python/test_primary_publication_7928.py::test_validation_rejects_unsafe_primary[mutation0-producer_identity]
tests/python/test_primary_publication_7928.py::test_validation_rejects_unsafe_primary[mutation1-producer_identity]
tests/python/test_primary_publication_7928.py::test_validation_rejects_unsafe_primary[mutation2-terminal_verdict]
tests/python/test_primary_publication_7928.py::test_validation_rejects_unsafe_primary[mutation3-terminal_verdict]
tests/python/test_primary_publication_7928.py::test_validation_rejects_unsafe_primary[mutation4-unsafe_readiness]
tests/python/test_primary_publication_7928.py::test_validation_rejects_unsafe_primary[mutation5-unsafe_readiness]
tests/python/test_primary_publication_7928.py::test_validation_rejects_unsafe_primary[mutation6-unsafe_readiness]
tests/python/test_primary_publication_7928.py::test_invalid_names_shapes_and_failed_validator
tests/python/test_primary_publication_7928.py::test_conflicts_stale_hashes_and_concurrent_replacement
tests/python/test_primary_publication_7928.py::test_real_readers_missing_malformed_disqualified_absent
tests/python/test_arc_outcome_delta_8229.py::test_unchanged_empty_missing_and_changed
tests/python/test_arc_outcome_delta_8229.py::test_environment_metrics_and_overlap
tests/python/test_arc_outcome_delta_8229.py::test_original_provenance_and_frontier_duplicates
tests/python/test_arc_outcome_delta_8229.py::test_real_cli_replay_and_failure_paths
tests/python/test_arc_outcome_delta_8229.py::test_owned_checks_coverage_and_replay
tests/python/test_arc_outcome_delta_8229.py::test_authority_operand_failures[json]
tests/python/test_arc_outcome_delta_8229.py::test_authority_operand_failures[list]
tests/python/test_arc_outcome_delta_8229.py::test_authority_operand_failures[oversized]
tests/python/test_arc_outcome_delta_8229.py::test_authority_operand_failures[sidecar]
tests/python/test_arc_outcome_delta_8229.py::test_authority_operand_failures[foreign]
tests/python/test_arc_outcome_delta_8229.py::test_authority_operand_failures[prior_hash]
tests/python/test_arc_outcome_delta_8229.py::test_authority_operand_failures[producer]
tests/python/test_arc_outcome_delta_8229.py::test_authority_operand_failures[registry]
tests/python/test_arc_outcome_delta_8229.py::test_named_preconditions_and_default_cli
tests/python/test_arc_outcome_frontier_8257.py::test_delta_and_support
tests/python/test_arc_outcome_frontier_8257.py::test_authentication[missing]
tests/python/test_arc_outcome_frontier_8257.py::test_authentication[json]
tests/python/test_arc_outcome_frontier_8257.py::test_authentication[sidecar]
tests/python/test_arc_outcome_frontier_8257.py::test_authentication[code]
tests/python/test_arc_outcome_frontier_8257.py::test_authentication[pin]
tests/python/test_arc_outcome_frontier_8257.py::test_authentication[source]
tests/python/test_arc_outcome_frontier_8257.py::test_cli
tests/python/test_arc_outcome_frontier_8257.py::test_execution_checks
tests/python/test_arc_outcome_frontier_8257.py::test_projection_and_object_tamper
tests/python/test_arc_outcome_frontier_8272.py::test_delta_and_support
tests/python/test_arc_outcome_frontier_8272.py::test_authentication[missing]
tests/python/test_arc_outcome_frontier_8272.py::test_authentication[json]
tests/python/test_arc_outcome_frontier_8272.py::test_authentication[sidecar]
tests/python/test_arc_outcome_frontier_8272.py::test_authentication[code]
tests/python/test_arc_outcome_frontier_8272.py::test_authentication[pin]
tests/python/test_arc_outcome_frontier_8272.py::test_authentication[source]
tests/python/test_arc_outcome_frontier_8272.py::test_cli
tests/python/test_arc_outcome_frontier_8272.py::test_execution_checks
tests/python/test_arc_outcome_frontier_8272.py::test_projection_and_object_tamper
tests/python/test_arc_outcome_frontier_8272.py::test_current_date_boundary

=============================== warnings summary ===============================
python/carnot/extraction/coace_extractor.py:122
  /home/ianblenke/github.com/ianblenke/carnot/python/carnot/extraction/coace_extractor.py:122: DeprecationWarning: ast.Num is deprecated and will be removed in Python 3.14; use ast.Constant instead
    if hasattr(ast, "Num"):

-- Docs: https://docs.pytest.org/en/stable/how-to/capture-warnings.html
82 tests collected in 8.49s
