============================= test session starts ==============================
platform linux -- Python 3.12.13, pytest-9.0.3, pluggy-1.6.0 -- /home/ianblenke/github.com/ianblenke/carnot/.venv/bin/python
cachedir: .pytest_cache
hypothesis profile 'default'
rootdir: /home/ianblenke/github.com/ianblenke/carnot
configfile: pyproject.toml
plugins: xdist-3.8.0, jaxtyping-0.3.10, cov-7.1.0, hydra-core-1.3.3, anyio-4.13.0, hypothesis-6.155.2
collecting ... collected 10 items

tests/python/test_arc_outcome_frontier_8257.py::test_delta_and_support PASSED [ 10%]
tests/python/test_arc_outcome_frontier_8257.py::test_authentication[missing] PASSED [ 20%]
tests/python/test_arc_outcome_frontier_8257.py::test_authentication[json] PASSED [ 30%]
tests/python/test_arc_outcome_frontier_8257.py::test_authentication[sidecar] PASSED [ 40%]
tests/python/test_arc_outcome_frontier_8257.py::test_authentication[code] PASSED [ 50%]
tests/python/test_arc_outcome_frontier_8257.py::test_authentication[pin] PASSED [ 60%]
tests/python/test_arc_outcome_frontier_8257.py::test_authentication[source] PASSED [ 70%]
tests/python/test_arc_outcome_frontier_8257.py::test_cli PASSED          [ 80%]
tests/python/test_arc_outcome_frontier_8257.py::test_execution_checks PASSED [ 90%]
tests/python/test_arc_outcome_frontier_8257.py::test_projection_and_object_tamper PASSED [100%]

=============================== warnings summary ===============================
python/carnot/extraction/coace_extractor.py:122
  /home/ianblenke/github.com/ianblenke/carnot/python/carnot/extraction/coace_extractor.py:122: DeprecationWarning: ast.Num is deprecated and will be removed in Python 3.14; use ast.Constant instead
    if hasattr(ast, "Num"):

-- Docs: https://docs.pytest.org/en/stable/how-to/capture-warnings.html
======================== 10 passed, 1 warning in 50.59s ========================
