============================= test session starts ==============================
platform linux -- Python 3.12.13, pytest-9.0.3, pluggy-1.6.0 -- /home/ianblenke/github.com/ianblenke/carnot/.venv/bin/python
cachedir: .pytest_cache
hypothesis profile 'default'
rootdir: /home/ianblenke/github.com/ianblenke/carnot
configfile: pyproject.toml
plugins: xdist-3.8.0, jaxtyping-0.3.10, cov-7.1.0, hydra-core-1.3.3, anyio-4.13.0, hypothesis-6.155.2
collecting ... collected 12 items

tests/python/test_arc_supervisor_frontier_8189.py::test_authenticate_reader_and_missing_operand PASSED [  8%]
tests/python/test_arc_supervisor_frontier_8189.py::test_changed_reader_hash_is_blocked PASSED [ 16%]
tests/python/test_arc_supervisor_frontier_8189.py::test_frontier_duplicate_and_old_event PASSED [ 25%]
tests/python/test_arc_supervisor_frontier_8189.py::test_readiness_and_terminal_class[null] PASSED [ 33%]
tests/python/test_arc_supervisor_frontier_8189.py::test_readiness_and_terminal_class[blocked] PASSED [ 41%]
tests/python/test_arc_supervisor_frontier_8189.py::test_readiness_and_terminal_class[disqualified] PASSED [ 50%]
tests/python/test_arc_supervisor_frontier_8189.py::test_cli_and_frozen_validation PASSED [ 58%]
tests/python/test_arc_supervisor_frontier_8189.py::test_cold_headlines_sources_and_terminal PASSED [ 66%]
tests/python/test_arc_supervisor_frontier_8189.py::test_descriptive_new_event_has_no_priority_credit PASSED [ 75%]
tests/python/test_arc_supervisor_frontier_8189.py::test_changed_frontier_is_terminal_operand PASSED [ 83%]
tests/python/test_arc_supervisor_frontier_8189.py::test_unresolved_receipt_has_no_help_credit PASSED [ 91%]
tests/python/test_arc_supervisor_frontier_8189.py::test_live_scan_uses_metadata_frontier PASSED [100%]

============================= 12 passed in 20.53s ==============================
