[exp8225] phase=arm_complete arm=frozen completed=1 pending=4
[exp8225] phase=arm_complete arm=global_only completed=2 pending=3
[exp8221] phase=fixture_slots completed=192 pending=64
[exp8221] phase=fixture_slots completed=224 pending=32
[exp8221] phase=fixture_slots completed=256 pending=0
[exp8225] phase=arm_complete arm=global_plus_group completed=3 pending=2
[exp8221] phase=fixture_slots completed=32 pending=224
[exp8221] phase=fixture_slots completed=64 pending=192
[exp8221] phase=fixture_slots completed=96 pending=160
[exp8221] phase=fixture_slots completed=128 pending=128
[exp8221] phase=fixture_slots completed=160 pending=96
[exp8221] phase=fixture_slots completed=192 pending=64
[exp8221] phase=fixture_slots completed=224 pending=32
[exp8221] phase=fixture_slots completed=256 pending=0
[exp8225] phase=arm_complete arm=local_only completed=4 pending=1
[exp8221] phase=fixture_slots completed=32 pending=224
[exp8221] phase=fixture_slots completed=64 pending=192
[exp8221] phase=fixture_slots completed=96 pending=160
[exp8221] phase=fixture_slots completed=128 pending=128
[exp8221] phase=fixture_slots completed=160 pending=96
[exp8221] phase=fixture_slots completed=192 pending=64
[exp8221] phase=fixture_slots completed=224 pending=32
[exp8221] phase=fixture_slots completed=256 pending=0
[exp8225] phase=arm_complete arm=global_plus_random completed=5 pending=0
