[exp8343] phase=start_no_model_load completed=0 pending=1
[exp8343] phase=start_no_model_load completed=0 pending=1
[exp8343] phase=before_authority completed=0 pending=0
[exp8343] phase=after_authority completed=0 pending=0
[exp8343] phase=before_numeric_qualification completed=0 pending=0
[exp8343] phase=after_numeric_qualification completed=0 pending=0
[exp8343] phase=before_benchmark_active_-1 completed=0 pending=0
[exp8343] phase=benchmark_active_-1 completed=32 pending=96
[exp8343] phase=benchmark_active_-1 completed=64 pending=64
[exp8343] phase=benchmark_active_-1 completed=96 pending=32
[exp8343] phase=benchmark_active_-1 completed=128 pending=0
[exp8343] phase=after_benchmark_active_-1 completed=0 pending=0
[exp8343] phase=before_benchmark_dense_-1 completed=0 pending=0
[exp8343] phase=benchmark_dense_-1 completed=32 pending=96
[exp8343] phase=benchmark_dense_-1 completed=64 pending=64
[exp8343] phase=benchmark_dense_-1 completed=96 pending=32
[exp8343] phase=benchmark_dense_-1 completed=128 pending=0
[exp8343] phase=after_benchmark_dense_-1 completed=0 pending=0
[exp8343] phase=before_benchmark_dense_0 completed=0 pending=0
[exp8343] phase=benchmark_dense_0 completed=32 pending=96
[exp8343] phase=benchmark_dense_0 completed=64 pending=64
[exp8343] phase=benchmark_dense_0 completed=96 pending=32
[exp8343] phase=benchmark_dense_0 completed=128 pending=0
[exp8343] phase=after_benchmark_dense_0 completed=0 pending=0
[exp8343] phase=before_benchmark_active_0 completed=0 pending=0
[exp8343] phase=benchmark_active_0 completed=32 pending=96
[exp8343] phase=benchmark_active_0 completed=64 pending=64
[exp8343] phase=benchmark_active_0 completed=96 pending=32
[exp8343] phase=benchmark_active_0 completed=128 pending=0
[exp8343] phase=after_benchmark_active_0 completed=0 pending=0
[exp8343] phase=before_benchmark_active_1 completed=0 pending=0
[exp8343] phase=benchmark_active_1 completed=32 pending=96
[exp8343] phase=benchmark_active_1 completed=64 pending=64
[exp8343] phase=benchmark_active_1 completed=96 pending=32
[exp8343] phase=benchmark_active_1 completed=128 pending=0
[exp8343] phase=after_benchmark_active_1 completed=0 pending=0
[exp8343] phase=before_benchmark_dense_1 completed=0 pending=0
[exp8343] phase=benchmark_dense_1 completed=32 pending=96
[exp8343] phase=benchmark_dense_1 completed=64 pending=64
[exp8343] phase=benchmark_dense_1 completed=96 pending=32
[exp8343] phase=benchmark_dense_1 completed=128 pending=0
[exp8343] phase=after_benchmark_dense_1 completed=0 pending=0
[exp8343] phase=before_benchmark_dense_2 completed=0 pending=0
[exp8343] phase=benchmark_dense_2 completed=32 pending=96
[exp8343] phase=benchmark_dense_2 completed=64 pending=64
[exp8343] phase=benchmark_dense_2 completed=96 pending=32
[exp8343] phase=benchmark_dense_2 completed=128 pending=0
[exp8343] phase=after_benchmark_dense_2 completed=0 pending=0
[exp8343] phase=before_benchmark_active_2 completed=0 pending=0
[exp8343] phase=benchmark_active_2 completed=32 pending=96
[exp8343] phase=benchmark_active_2 completed=64 pending=64
[exp8343] phase=benchmark_active_2 completed=96 pending=32
[exp8343] phase=benchmark_active_2 completed=128 pending=0
[exp8343] phase=after_benchmark_active_2 completed=0 pending=0
[exp8343] phase=before_benchmark_active_3 completed=0 pending=0
[exp8343] phase=benchmark_active_3 completed=32 pending=96
[exp8343] phase=benchmark_active_3 completed=64 pending=64
[exp8343] phase=benchmark_active_3 completed=96 pending=32
[exp8343] phase=benchmark_active_3 completed=128 pending=0
[exp8343] phase=after_benchmark_active_3 completed=0 pending=0
[exp8343] phase=before_benchmark_dense_3 completed=0 pending=0
[exp8343] phase=benchmark_dense_3 completed=32 pending=96
[exp8343] phase=benchmark_dense_3 completed=64 pending=64
[exp8343] phase=benchmark_dense_3 completed=96 pending=32
[exp8343] phase=benchmark_dense_3 completed=128 pending=0
[exp8343] phase=after_benchmark_dense_3 completed=0 pending=0
[exp8343] phase=before_benchmark_dense_4 completed=0 pending=0
[exp8343] phase=benchmark_dense_4 completed=32 pending=96
[exp8343] phase=benchmark_dense_4 completed=64 pending=64
[exp8343] phase=benchmark_dense_4 completed=96 pending=32
[exp8343] phase=benchmark_dense_4 completed=128 pending=0
[exp8343] phase=after_benchmark_dense_4 completed=0 pending=0
[exp8343] phase=before_benchmark_active_4 completed=0 pending=0
[exp8343] phase=benchmark_active_4 completed=32 pending=96
[exp8343] phase=benchmark_active_4 completed=64 pending=64
[exp8343] phase=benchmark_active_4 completed=96 pending=32
[exp8343] phase=benchmark_active_4 completed=128 pending=0
[exp8343] phase=after_benchmark_active_4 completed=0 pending=0
[exp8343] phase=before_authenticate_constructed completed=0 pending=0
[exp8343] phase=after_authenticate_constructed completed=0 pending=0
[exp8343] phase=before_authenticate_capacity completed=0 pending=0
[exp8343] phase=after_authenticate_capacity completed=0 pending=0
[exp8343] phase=before_authenticate_natural completed=0 pending=0
[exp8343] phase=after_authenticate_natural completed=0 pending=0
[exp8343] phase=before_hardware_authentication completed=0 pending=0
[exp8343] phase=after_hardware_authentication completed=0 pending=0
