[exp8147] phase=start completed_units=0 elapsed_s=0
[exp7949] phase=exp8147_authenticate completed_units=0 elapsed_s=0.000
[exp7949] phase=exp8147_scope_frozen completed_units=134 elapsed_s=0.464
[exp7303-validation] before_subprocess e2e_017 elapsed_s=0.000 unit=1/1
[exp7303-validation:e2e_017] ......                                                                   [100%]
[exp7303-validation:e2e_017] 6 passed in 3.74s
[exp7303-validation] after_subprocess e2e_017 elapsed_s=9.554 exit=0 unit=1/1
[exp7303-validation] before_subprocess affected_pytest elapsed_s=0.000 unit=1/1
[exp7303-validation:affected_pytest] ...................................................                      [100%]
[exp7303-validation:affected_pytest] 51 passed in 16.95s
[exp7303-validation] after_subprocess affected_pytest elapsed_s=22.866 exit=0 unit=1/1
[exp7303-validation] before_subprocess unit_coverage elapsed_s=0.000 unit=1/1
[exp7303-validation:unit_coverage] .........                                                                [100%]
[exp7303-validation:unit_coverage] 9 passed in 17.29s
[exp7303-validation] after_subprocess unit_coverage elapsed_s=26.851 exit=0 unit=1/1
[exp7303-validation] before_subprocess cli_success elapsed_s=0.000 unit=1/1
[exp7303-validation:cli_success] [exp8147] phase=start completed_units=0 elapsed_s=0
[exp7303-validation:cli_success] [exp7949] phase=scan completed_units=1 elapsed_s=0.001
[exp7303-validation:cli_success] [exp7949] phase=authenticate_outcome completed_units=0 elapsed_s=0.003
[exp7303-validation:cli_success] [exp8133] phase=reader_control completed=1 pending=3
[exp7303-validation:cli_success] [exp7949] phase=scan completed_units=1 elapsed_s=0.001
[exp7303-validation:cli_success] [exp7949] phase=authenticate_outcome completed_units=0 elapsed_s=0.001
[exp7303-validation:cli_success] [exp8133] phase=reader_control completed=2 pending=2
[exp7303-validation:cli_success] [exp7949] phase=scan completed_units=1 elapsed_s=0.001
[exp7303-validation:cli_success] [exp7949] phase=authenticate_outcome completed_units=0 elapsed_s=0.001
[exp7303-validation:cli_success] [exp8133] phase=reader_control completed=3 pending=1
[exp7303-validation:cli_success] [exp7949] phase=scan completed_units=1 elapsed_s=0.001
[exp7303-validation:cli_success] [exp8133] phase=reader_control completed=4 pending=0
[exp7303-validation:cli_success] [exp7949] phase=scan completed_units=1 elapsed_s=0.000
[exp7303-validation:cli_success] [exp7949] phase=scan completed_units=1 elapsed_s=0.001
[exp7303-validation:cli_success] [exp7949] phase=authenticate_outcome completed_units=0 elapsed_s=0.001
[exp7303-validation:cli_success] [exp7949] phase=scan completed_units=1 elapsed_s=0.001
[exp7303-validation:cli_success] [exp7949] phase=authenticate_outcome completed_units=0 elapsed_s=0.001
[exp7303-validation:cli_success] [exp7949] phase=scan completed_units=1 elapsed_s=0.001
[exp7303-validation:cli_success] [exp7949] phase=authenticate_outcome completed_units=0 elapsed_s=0.001
[exp7303-validation:cli_success] [exp7949] phase=scan completed_units=1 elapsed_s=0.001
[exp7303-validation:cli_success] [exp8147] phase=frontier_terminal completed=1 pending=0 new=0
[exp7303-validation:cli_success] {"honest_verdict": "complete_circular_positive_private_reducer"}
[exp7303-validation] after_subprocess cli_success elapsed_s=1.003 exit=0 unit=1/1
[exp7303-validation] before_subprocess cli_negative elapsed_s=0.000 unit=1/1
[exp7303-validation:cli_negative] [exp8147] phase=start completed_units=0 elapsed_s=0
[exp7303-validation:cli_negative] {"cold_replay_errors": ["identity_filter_count"]}
[exp7303-validation] after_subprocess cli_negative elapsed_s=0.950 exit=1 unit=1/1
[exp7303-validation] before_subprocess cli_blocked elapsed_s=0.000 unit=1/1
[exp7303-validation:cli_blocked] [exp8147] phase=start completed_units=0 elapsed_s=0
[exp7303-validation:cli_blocked] [exp7949] phase=scan completed_units=1 elapsed_s=0.001
[exp7303-validation:cli_blocked] [exp7949] phase=authenticate_outcome completed_units=0 elapsed_s=0.003
[exp7303-validation:cli_blocked] [exp8133] phase=reader_control completed=1 pending=3
[exp7303-validation:cli_blocked] [exp7949] phase=scan completed_units=1 elapsed_s=0.001
[exp7303-validation:cli_blocked] [exp7949] phase=authenticate_outcome completed_units=0 elapsed_s=0.001
[exp7303-validation:cli_blocked] [exp8133] phase=reader_control completed=2 pending=2
[exp7303-validation:cli_blocked] [exp7949] phase=scan completed_units=1 elapsed_s=0.001
[exp7303-validation:cli_blocked] [exp7949] phase=authenticate_outcome completed_units=0 elapsed_s=0.001
[exp7303-validation:cli_blocked] [exp8133] phase=reader_control completed=3 pending=1
[exp7303-validation:cli_blocked] [exp7949] phase=scan completed_units=1 elapsed_s=0.001
[exp7303-validation:cli_blocked] [exp8133] phase=reader_control completed=4 pending=0
[exp7303-validation:cli_blocked] [exp7949] phase=scan completed_units=1 elapsed_s=0.000
[exp7303-validation:cli_blocked] [exp7949] phase=scan completed_units=1 elapsed_s=0.001
[exp7303-validation:cli_blocked] [exp7949] phase=authenticate_outcome completed_units=0 elapsed_s=0.001
[exp7303-validation:cli_blocked] [exp7949] phase=scan completed_units=1 elapsed_s=0.001
[exp7303-validation:cli_blocked] [exp7949] phase=authenticate_outcome completed_units=0 elapsed_s=0.001
[exp7303-validation:cli_blocked] [exp7949] phase=scan completed_units=1 elapsed_s=0.001
[exp7303-validation:cli_blocked] [exp7949] phase=authenticate_outcome completed_units=0 elapsed_s=0.001
[exp7303-validation:cli_blocked] [exp7949] phase=scan completed_units=1 elapsed_s=0.001
[exp7303-validation:cli_blocked] [exp8147] phase=frontier_terminal completed=1 pending=0 new=0
[exp7303-validation:cli_blocked] {"honest_verdict": "complete_blocked_private_input"}
[exp7303-validation] after_subprocess cli_blocked elapsed_s=1.012 exit=1 unit=1/1
[exp7303-validation] before_subprocess cli_replay elapsed_s=0.000 unit=1/1
[exp7303-validation:cli_replay] [exp8147] phase=start completed_units=0 elapsed_s=0
[exp7303-validation:cli_replay] {"cold_replay_errors": []}
[exp7303-validation] after_subprocess cli_replay elapsed_s=0.940 exit=0 unit=1/1
[exp7303-validation] before_subprocess cli_terminal elapsed_s=0.000 unit=1/1
[exp7303-validation:cli_terminal] [exp8147] phase=start completed_units=0 elapsed_s=0
[exp7303-validation:cli_terminal] {"cold_replay_errors": []}
[exp7303-validation] after_subprocess cli_terminal elapsed_s=0.934 exit=0 unit=1/1
[exp7303-validation] before_subprocess cli_arguments elapsed_s=0.000 unit=1/1
[exp7303-validation:cli_arguments] [exp8147] phase=start completed_units=0 elapsed_s=0
[exp7303-validation:cli_arguments] usage: experiment_8147_v704_arc_reader_renewal.py [-h] [--date {20261005}]
[exp7303-validation:cli_arguments]                                                   [--reduce-ledger REDUCE_LEDGER]
[exp7303-validation:cli_arguments]                                                   [--producer PRODUCER]
[exp7303-validation:cli_arguments]                                                   [--cold-replay COLD_REPLAY]
[exp7303-validation:cli_arguments]                                                   [--terminal-recheck TERMINAL_RECHECK]
[exp7303-validation:cli_arguments]                                                   [--output OUTPUT]
[exp7303-validation:cli_arguments] experiment_8147_v704_arc_reader_renewal.py: error: --reduce-ledger requires --producer and --output
[exp7303-validation] after_subprocess cli_arguments elapsed_s=0.955 exit=2 unit=1/1
[exp7303-validation] before_subprocess coverage_combine elapsed_s=0.000 unit=1/1
[exp7303-validation:coverage_combine] Combined 4 files, skipped 3
[exp7303-validation] after_subprocess coverage_combine elapsed_s=0.058 exit=0 unit=1/1
[exp7303-validation] before_subprocess coverage_report elapsed_s=0.000 unit=1/1
[exp7303-validation:coverage_report] Name                                                             Stmts   Miss  Cover   Missing
[exp7303-validation:coverage_report] ----------------------------------------------------------------------------------------------
[exp7303-validation:coverage_report] python/carnot/reporting/arc_supervisor_v704_renewal.py             127      0   100%
[exp7303-validation:coverage_report] scripts/experiments/experiment_8147_v704_arc_reader_renewal.py      11      0   100%
[exp7303-validation:coverage_report] ----------------------------------------------------------------------------------------------
[exp7303-validation:coverage_report] TOTAL                                                              138      0   100%
[exp7303-validation] after_subprocess coverage_report elapsed_s=0.059 exit=0 unit=1/1
[exp7303-validation] before_subprocess coverage_json elapsed_s=0.000 unit=1/1
[exp7303-validation:coverage_json] Wrote JSON report to /tmp/carnot-exp8147-zrwmkp3e/coverage.json
[exp7303-validation] after_subprocess coverage_json elapsed_s=0.064 exit=0 unit=1/1
[exp7303-validation] before_subprocess ruff_check elapsed_s=0.000 unit=1/1
[exp7303-validation:ruff_check] All checks passed!
[exp7303-validation] after_subprocess ruff_check elapsed_s=0.010 exit=0 unit=1/1
[exp7303-validation] before_subprocess ruff_format elapsed_s=0.000 unit=1/1
[exp7303-validation:ruff_format] 3 files already formatted
[exp7303-validation] after_subprocess ruff_format elapsed_s=0.010 exit=0 unit=1/1
[exp7303-validation] before_subprocess mypy elapsed_s=0.000 unit=1/1
[exp7303-validation:mypy] pyproject.toml: note: unused section(s): module = ['carnot.autoresearch.*', 'carnot.benchmarks.*', 'carnot.embeddings.*', 'carnot.embeddings.fast_embedding', 'carnot.embeddings.jepa_energy', 'carnot.extraction.*', 'carnot.hardware.*', 'carnot.inference.*', 'carnot.pipeline.*', 'carnot.pipeline.agentic', 'carnot.pipeline.gemma_loader', 'carnot.pipeline.grammar_constrained_decoder', 'carnot.pipeline.verify_repair', 'carnot.probes.*', 'carnot.probes.drift_probe', 'carnot.samplers.parallel_ising', 'carnot.sampling._vendored_thrml.*', 'carnot.training.capo_loss', 'carnot.training.nce', 'carnot.training.score_matching', 'carnot.training.snl', 'carnot.verify.*']
[exp7303-validation:mypy] Success: no issues found in 2 source files
[exp7303-validation] after_subprocess mypy elapsed_s=0.106 exit=0 unit=1/1
[exp7303-validation] before_subprocess spec_coverage elapsed_s=0.000 unit=1/1
[exp7303-validation:spec_coverage] OK: All tests reference specification requirements.
[exp7303-validation] after_subprocess spec_coverage elapsed_s=0.022 exit=0 unit=1/1
[exp7303-validation] before_subprocess full_python_suite elapsed_s=0.000 unit=1/1
[exp7303-validation:full_python_suite] ============================= test session starts ==============================
[exp7303-validation:full_python_suite] platform linux -- Python 3.12.13, pytest-9.0.3, pluggy-1.6.0
[exp7303-validation:full_python_suite] rootdir: /home/ianblenke/github.com/ianblenke/carnot
[exp7303-validation:full_python_suite] configfile: pyproject.toml
[exp7303-validation:full_python_suite] plugins: xdist-3.8.0, jaxtyping-0.3.10, cov-7.1.0, hydra-core-1.3.3, anyio-4.13.0, hypothesis-6.155.2
[exp7303-validation:full_python_suite] created: 4/4 workers
[exp7303-validation] subprocess_outstanding full_python_suite elapsed_s=30.001
[exp7303-validation] subprocess_outstanding full_python_suite elapsed_s=60.001
[exp7303-validation] subprocess_outstanding full_python_suite elapsed_s=90.001
[exp7303-validation:full_python_suite] 4 workers [75782 items]
[exp7303-validation:full_python_suite] 
[exp7303-validation:full_python_suite] ........................................................................ [  0%]
[exp7303-validation:full_python_suite] ........................................................................ [  0%]
[exp7303-validation:full_python_suite] ........................................................................ [  0%]
[exp7303-validation:full_python_suite] ........................................................................ [  0%]
[exp7303-validation:full_python_suite] ........................................................................ [  0%]
[exp7303-validation:full_python_suite] ........................................................................ [  0%]
[exp7303-validation:full_python_suite] ........................................................................ [  0%]
[exp7303-validation:full_python_suite] ........................................................................ [  0%]
[exp7303-validation:full_python_suite] ........................................................................ [  0%]
[exp7303-validation:full_python_suite] ........................................................................ [  0%]
[exp7303-validation:full_python_suite] ...........................F.FF.F.F..................................... [  1%]
[exp7303-validation:full_python_suite] ........................................................................ [  1%]
[exp7303-validation:full_python_suite] ........................................................................ [  1%]
[exp7303-validation:full_python_suite] ........................................................................ [  1%]
[exp7303-validation:full_python_suite] ........................................................................ [  1%]
[exp7303-validation:full_python_suite] ........................................................................ [  1%]
[exp7303-validation:full_python_suite] ........................................................................ [  1%]
[exp7303-validation:full_python_suite] ........................................................................ [  1%]
[exp7303-validation:full_python_suite] ........................................................................ [  1%]
[exp7303-validation:full_python_suite] ........................................................................ [  1%]
[exp7303-validation] subprocess_outstanding full_python_suite elapsed_s=120.001
[exp7303-validation:full_python_suite] ..../home/ianblenke/github.com/ianblenke/carnot/.venv/lib/python3.12/site-packages/_pytest/main.py:353: PluggyTeardownRaisedWarning: A plugin raised an exception during an old-style hookwrapper teardown.
[exp7303-validation:full_python_suite] Plugin: 140051335490320, Hook: pytest_sessionfinish
[exp7303-validation:full_python_suite] OSError: cannot send (already closed?)
[exp7303-validation:full_python_suite] For more information see https://pluggy.readthedocs.io/en/stable/api_reference.html#pluggy.PluggyTeardownRaisedWarning
[exp7303-validation:full_python_suite]   config.hook.pytest_sessionfinish(
[exp7303-validation:full_python_suite] /home/ianblenke/github.com/ianblenke/carnot/.venv/lib/python3.12/site-packages/_pytest/main.py:353: PluggyTeardownRaisedWarning: A plugin raised an exception during an old-style hookwrapper teardown.
[exp7303-validation:full_python_suite] Plugin: 140390466105568, Hook: pytest_sessionfinish
[exp7303-validation:full_python_suite] OSError: cannot send (already closed?)
[exp7303-validation:full_python_suite] For more information see https://pluggy.readthedocs.io/en/stable/api_reference.html#pluggy.PluggyTeardownRaisedWarning
[exp7303-validation:full_python_suite]   config.hook.pytest_sessionfinish(
[exp7303-validation:full_python_suite] /home/ianblenke/github.com/ianblenke/carnot/.venv/lib/python3.12/site-packages/_pytest/main.py:353: PluggyTeardownRaisedWarning: A plugin raised an exception during an old-style hookwrapper teardown.
[exp7303-validation:full_python_suite] Plugin: 140170500867760, Hook: pytest_sessionfinish
[exp7303-validation:full_python_suite] OSError: cannot send (already closed?)
[exp7303-validation:full_python_suite] For more information see https://pluggy.readthedocs.io/en/stable/api_reference.html#pluggy.PluggyTeardownRaisedWarning
[exp7303-validation:full_python_suite]   config.hook.pytest_sessionfinish(
[exp7303-validation:full_python_suite] /home/ianblenke/github.com/ianblenke/carnot/.venv/lib/python3.12/site-packages/_pytest/main.py:353: PluggyTeardownRaisedWarning: A plugin raised an exception during an old-style hookwrapper teardown.
[exp7303-validation:full_python_suite] Plugin: 140101136003920, Hook: pytest_sessionfinish
[exp7303-validation:full_python_suite] OSError: cannot send (already closed?)
[exp7303-validation:full_python_suite] For more information see https://pluggy.readthedocs.io/en/stable/api_reference.html#pluggy.PluggyTeardownRaisedWarning
[exp7303-validation:full_python_suite]   config.hook.pytest_sessionfinish(
[exp7303-validation] after_subprocess full_python_suite elapsed_s=145.313 exit=-15 unit=1/1
[exp7949] phase=exp8147_qualification_terminal completed_units=17 elapsed_s=211.178
[exp7949] phase=scan completed_units=1 elapsed_s=0.000
[exp7949] phase=authenticate_outcome completed_units=0 elapsed_s=0.002
[exp8133] phase=reader_control completed=1 pending=3
[exp7949] phase=scan completed_units=1 elapsed_s=0.000
[exp7949] phase=authenticate_outcome completed_units=0 elapsed_s=0.001
[exp8133] phase=reader_control completed=2 pending=2
[exp7949] phase=scan completed_units=1 elapsed_s=0.000
[exp7949] phase=authenticate_outcome completed_units=0 elapsed_s=0.000
[exp8133] phase=reader_control completed=3 pending=1
[exp7949] phase=scan completed_units=1 elapsed_s=0.000
[exp8133] phase=reader_control completed=4 pending=0
[exp7949] phase=scan completed_units=20 elapsed_s=0.017
[exp7949] phase=scan completed_units=21 elapsed_s=0.027
[exp7949] phase=scan completed_units=1 elapsed_s=0.000
[exp7949] phase=authenticate_outcome completed_units=0 elapsed_s=0.001
[exp7949] phase=scan completed_units=1 elapsed_s=0.000
[exp7949] phase=authenticate_outcome completed_units=0 elapsed_s=0.000
[exp7949] phase=scan completed_units=1 elapsed_s=0.000
[exp7949] phase=authenticate_outcome completed_units=0 elapsed_s=0.000
[exp7949] phase=scan completed_units=1 elapsed_s=0.000
[exp8147] phase=frontier_terminal completed=21 pending=0 new=0
[exp7949] phase=exp8147_science_terminal completed_units=0 elapsed_s=211.225
[exp7303-validation] before_subprocess terminal_adversarial elapsed_s=0.000 unit=1/1
[exp7303-validation:terminal_adversarial] {
[exp7303-validation:terminal_adversarial]   "reports": [
[exp7303-validation:terminal_adversarial]     {
[exp7303-validation:terminal_adversarial]       "artifact": "/home/ianblenke/github.com/ianblenke/carnot/results/raw/experiment_8147_v704_arc_reader_renewal/terminal_candidate.json",
[exp7303-validation:terminal_adversarial]       "loaded": true,
[exp7303-validation:terminal_adversarial]       "exp_id": 8147,
[exp7303-validation:terminal_adversarial]       "title": "V704 independently renewed supervisor reader",
[exp7303-validation:terminal_adversarial]       "honest_verdict": "complete_blocked_validation_command_manifest",
[exp7303-validation:terminal_adversarial]       "flag_count": 0,
[exp7303-validation:terminal_adversarial]       "max_severity": -1,
[exp7303-validation:terminal_adversarial]       "flags": [],
[exp7303-validation:terminal_adversarial]       "gate_version": "38e6c300bcbcf8e5649026dbf73383305e0b3b2ac77a16a15147fc463659432e"
[exp7303-validation:terminal_adversarial]     }
[exp7303-validation:terminal_adversarial]   ],
[exp7303-validation:terminal_adversarial]   "flagged_count": 0
[exp7303-validation:terminal_adversarial] }
[exp7303-validation] after_subprocess terminal_adversarial elapsed_s=1.209 exit=0 unit=1/1
[exp7303-validation] before_subprocess terminal_rows elapsed_s=0.000 unit=1/1
[exp7303-validation:terminal_rows] 
[exp7303-validation:terminal_rows] verdict-row-consistency: checked 1, skipped 0 (no per-unit rows), unreadable 0.
[exp7303-validation:terminal_rows]   No row/verdict contradictions among the artifacts that could be checked.
[exp7303-validation] after_subprocess terminal_rows elapsed_s=0.030 exit=0 unit=1/1
[exp7303-validation] before_subprocess cold_primary_replay elapsed_s=0.000 unit=1/1
[exp7303-validation:cold_primary_replay] [exp8147] phase=start completed_units=0 elapsed_s=0
[exp7303-validation:cold_primary_replay] [exp7949] phase=scan completed_units=1 elapsed_s=0.000
[exp7303-validation:cold_primary_replay] [exp7949] phase=authenticate_outcome completed_units=0 elapsed_s=0.002
[exp7303-validation:cold_primary_replay] [exp7949] phase=scan completed_units=1 elapsed_s=0.000
[exp7303-validation:cold_primary_replay] [exp7949] phase=authenticate_outcome completed_units=0 elapsed_s=0.001
[exp7303-validation:cold_primary_replay] [exp7949] phase=scan completed_units=1 elapsed_s=0.000
[exp7303-validation:cold_primary_replay] [exp7949] phase=authenticate_outcome completed_units=0 elapsed_s=0.000
[exp7303-validation:cold_primary_replay] [exp7949] phase=scan completed_units=1 elapsed_s=0.000
[exp7303-validation:cold_primary_replay] {"cold_replay_errors": []}
[exp7303-validation] after_subprocess cold_primary_replay elapsed_s=1.050 exit=0 unit=1/1
[exp7949] phase=scan completed_units=1 elapsed_s=0.000
[exp7949] phase=authenticate_outcome completed_units=0 elapsed_s=0.001
[exp7949] phase=scan completed_units=1 elapsed_s=0.000
[exp7949] phase=authenticate_outcome completed_units=0 elapsed_s=0.000
[exp7949] phase=scan completed_units=1 elapsed_s=0.000
[exp7949] phase=authenticate_outcome completed_units=0 elapsed_s=0.000
[exp7949] phase=scan completed_units=1 elapsed_s=0.000
[exp7949] phase=exp8147_published completed_units=0 elapsed_s=214.212
