[exp8379] phase=start_no_model_load_MODEL_SPECS_empty_current_LLM_calls_zero completed=0 pending=0
[exp8379] before_actual_extension_import
[exp8379] after_actual_extension_import
[exp8379] phase=direct_batch completed=128 pending=4205
[exp8379] phase=direct_batch completed=256 pending=4077
[exp8379] phase=direct_batch completed=384 pending=3949
[exp8379] phase=direct_batch completed=512 pending=3821
[exp8379] phase=direct_batch completed=640 pending=3693
[exp8379] phase=direct_batch completed=768 pending=3565
[exp8379] phase=direct_batch completed=896 pending=3437
[exp8379] phase=direct_batch completed=1024 pending=3309
[exp8379] phase=direct_batch completed=1152 pending=3181
[exp8379] phase=direct_batch completed=1280 pending=3053
[exp8379] phase=direct_batch completed=1408 pending=2925
[exp8379] phase=direct_batch completed=1536 pending=2797
[exp8379] phase=direct_batch completed=1664 pending=2669
[exp8379] phase=direct_batch completed=1792 pending=2541
[exp8379] phase=direct_batch completed=1920 pending=2413
[exp8379] phase=direct_batch completed=2048 pending=2285
[exp8379] phase=direct_batch completed=2176 pending=2157
[exp8379] phase=direct_batch completed=2304 pending=2029
[exp8379] phase=direct_batch completed=2432 pending=1901
[exp8379] phase=direct_batch completed=2560 pending=1773
[exp8379] phase=direct_batch completed=2688 pending=1645
[exp8379] phase=direct_batch completed=2816 pending=1517
[exp8379] phase=direct_batch completed=2944 pending=1389
[exp8379] phase=direct_batch completed=3072 pending=1261
[exp8379] phase=direct_batch completed=3200 pending=1133
[exp8379] phase=direct_batch completed=3328 pending=1005
[exp8379] phase=direct_batch completed=3456 pending=877
[exp8379] phase=direct_batch completed=3584 pending=749
[exp8379] phase=direct_batch completed=3712 pending=621
[exp8379] phase=direct_batch completed=3840 pending=493
[exp8379] phase=direct_batch completed=3968 pending=365
[exp8379] phase=direct_batch completed=4096 pending=237
[exp8379] phase=direct_batch completed=4224 pending=109
[exp8379] phase=direct_batch completed=4333 pending=0
[exp8379] phase=update_panel completed=1 pending=191
[exp8379] phase=update_panel completed=33 pending=159
[exp8379] phase=update_panel completed=65 pending=127
[exp8379] phase=update_panel completed=97 pending=95
[exp8379] phase=update_panel completed=129 pending=63
[exp8379] phase=update_panel completed=161 pending=31
[exp8379] phase=durable_coordinator_before_seed_11 completed=0 pending=0
[exp8379] phase=durable_coordinator_after_seed_11 completed=0 pending=0
[exp8379] phase=durable_coordinator_before_seed_22 completed=0 pending=0
[exp8379] phase=durable_coordinator_after_seed_22 completed=0 pending=0
[exp8379] phase=durable_coordinator_before_seed_33 completed=0 pending=0
[exp8379] phase=durable_coordinator_after_seed_33 completed=0 pending=0
[exp8379] phase=replay_passed completed=0 pending=0
