[exp8290] phase=start completed=0 pending=0
[exp8262] phase=start completed=0 pending=0
[exp8263] phase=typed_control completed=64 pending=64
[exp8263] phase=typed_control completed=128 pending=0
[exp8263] phase=typed_control completed=64 pending=352
[exp8263] phase=typed_control completed=128 pending=288
[exp8263] phase=typed_control completed=192 pending=224
[exp8263] phase=typed_control completed=256 pending=160
[exp8263] phase=typed_control completed=320 pending=96
[exp8263] phase=typed_control completed=384 pending=32
[exp8263] phase=typed_control completed=64 pending=352
[exp8263] phase=typed_control completed=128 pending=288
[exp8263] phase=typed_control completed=192 pending=224
[exp8263] phase=typed_control completed=256 pending=160
[exp8263] phase=typed_control completed=320 pending=96
[exp8263] phase=typed_control completed=384 pending=32
[exp8263] phase=typed_control completed=64 pending=64
[exp8263] phase=typed_control completed=128 pending=0
[exp8263] phase=before_tokenizer_vocabulary_read completed=0 pending=0
[exp8263] phase=after_tokenizer_vocabulary_read completed=1 pending=0
{"passed": true, "owned_statement_counts": {"python/carnot/verify/runtime_localization_8290.py": {"num_statements": 226, "covered_lines": 226, "missing_lines": 0, "excluded_lines": 0}, "python/carnot/verify/cuda_primitive_8290.py": {"num_statements": 109, "covered_lines": 109, "missing_lines": 0, "excluded_lines": 0}, "scripts/experiments/experiment_8290_v716_runtime_localization.py": {"num_statements": 7, "covered_lines": 7, "missing_lines": 0, "excluded_lines": 0}}, "cuda_context_ready_score": 0}
