[exp8071] phase=start elapsed_s=0.000 completed=0 pending=0
[exp8071] phase=before_model_load elapsed_s=0.044 completed=0 pending=0
[exp8071] phase=after_model_load elapsed_s=7.548 completed=0 pending=0
[exp8059] phase=token_view_seal elapsed_s=7.537 completed=1 pending=7
[exp8059] phase=token_view_seal elapsed_s=7.546 completed=2 pending=6
[exp8059] phase=token_view_seal elapsed_s=7.556 completed=3 pending=5
[exp8059] phase=token_view_seal elapsed_s=7.568 completed=4 pending=4
[exp8059] phase=token_view_seal elapsed_s=7.600 completed=5 pending=3
[exp8059] phase=token_view_seal elapsed_s=7.609 completed=6 pending=2
[exp8059] phase=token_view_seal elapsed_s=7.615 completed=7 pending=1
[exp8059] phase=token_view_seal elapsed_s=7.640 completed=8 pending=0
[exp8071] phase=before_native_forward elapsed_s=7.716 completed=0 pending=0
[exp8022] phase=8033_before_context_create elapsed_s=0.000 completed=0 pending=0
[exp8022] phase=8033_after_context_create elapsed_s=0.031 completed=0 pending=0
[exp8022] phase=8033_before_eval elapsed_s=0.042 completed=0 pending=731
[exp8022] phase=8033_after_eval elapsed_s=1.288 completed=731 pending=0
[exp8022] phase=8033_before_context_close elapsed_s=1.576 completed=0 pending=0
[exp8022] phase=8033_after_context_close elapsed_s=1.957 completed=0 pending=0
[exp8071] phase=after_native_forward elapsed_s=9.690 completed=0 pending=0
[exp8071] phase=before_model_cleanup elapsed_s=9.692 completed=0 pending=0
[exp8071] phase=after_model_cleanup elapsed_s=9.858 completed=0 pending=0
