Exp8164 start: V706 contract custody; current model calls=0
[exp8164] phase=start completed=0 pending=0
[exp8164] phase=mutation_before completed=0 pending=13
[exp8164] phase=mutation_after completed=1 pending=12
[exp8164] phase=mutation_before completed=1 pending=12
[exp8164] phase=mutation_after completed=2 pending=11
[exp8164] phase=mutation_before completed=2 pending=11
[exp8164] phase=mutation_after completed=3 pending=10
[exp8164] phase=mutation_before completed=3 pending=10
[exp8164] phase=mutation_after completed=4 pending=9
[exp8164] phase=mutation_before completed=4 pending=9
[exp8164] phase=mutation_after completed=5 pending=8
[exp8164] phase=mutation_before completed=5 pending=8
[exp8164] phase=mutation_after completed=6 pending=7
[exp8164] phase=mutation_before completed=6 pending=7
[exp8164] phase=mutation_after completed=7 pending=6
[exp8164] phase=mutation_before completed=7 pending=6
[exp8164] phase=mutation_after completed=8 pending=5
[exp8164] phase=mutation_before completed=8 pending=5
[exp8164] phase=mutation_after completed=9 pending=4
[exp8164] phase=mutation_before completed=9 pending=4
[exp8164] phase=mutation_after completed=10 pending=3
[exp8164] phase=mutation_before completed=10 pending=3
[exp8164] phase=mutation_after completed=11 pending=2
[exp8164] phase=mutation_before completed=11 pending=2
[exp8164] phase=mutation_after completed=12 pending=1
[exp8164] phase=mutation_before completed=12 pending=1
[exp8164] phase=mutation_after completed=13 pending=0
[exp8164] phase=historical_before completed=0 pending=14
[exp8164] phase=historical_shards completed=0 pending=90
[exp8164] phase=historical_shards completed=64 pending=26
[exp8164] phase=historical_after completed=1 pending=13
[exp8164] phase=historical_before completed=1 pending=13
[exp8164] phase=historical_shards completed=0 pending=22
[exp8164] phase=historical_after completed=2 pending=12
[exp8164] phase=historical_before completed=2 pending=12
[exp8164] phase=historical_shards completed=0 pending=154
[exp8164] phase=historical_shards completed=64 pending=90
[exp8164] phase=historical_shards completed=128 pending=26
[exp8164] phase=historical_after completed=3 pending=11
[exp8164] phase=historical_before completed=3 pending=11
[exp8164] phase=historical_shards completed=0 pending=15
[exp8164] phase=historical_after completed=4 pending=10
[exp8164] phase=historical_before completed=4 pending=10
[exp8164] phase=historical_shards completed=0 pending=11
[exp8164] phase=historical_after completed=5 pending=9
[exp8164] phase=historical_before completed=5 pending=9
[exp8164] phase=historical_shards completed=0 pending=17
[exp8164] phase=historical_after completed=6 pending=8
[exp8164] phase=historical_before completed=6 pending=8
[exp8164] phase=historical_shards completed=0 pending=15
[exp8164] phase=historical_after completed=7 pending=7
[exp8164] phase=historical_before completed=7 pending=7
[exp8164] phase=historical_after completed=8 pending=6
[exp8164] phase=historical_before completed=8 pending=6
[exp8164] phase=historical_after completed=9 pending=5
[exp8164] phase=historical_before completed=9 pending=5
[exp8164] phase=historical_shards completed=0 pending=2202
[exp8164] phase=historical_shards completed=64 pending=2138
[exp8164] phase=historical_shards completed=128 pending=2074
[exp8164] phase=historical_shards completed=192 pending=2010
[exp8164] phase=historical_shards completed=256 pending=1946
[exp8164] phase=historical_shards completed=320 pending=1882
[exp8164] phase=historical_shards completed=384 pending=1818
[exp8164] phase=historical_shards completed=448 pending=1754
[exp8164] phase=historical_shards completed=512 pending=1690
[exp8164] phase=historical_shards completed=576 pending=1626
[exp8164] phase=historical_shards completed=640 pending=1562
[exp8164] phase=historical_shards completed=704 pending=1498
[exp8164] phase=historical_shards completed=768 pending=1434
[exp8164] phase=historical_shards completed=832 pending=1370
[exp8164] phase=historical_shards completed=896 pending=1306
[exp8164] phase=historical_shards completed=960 pending=1242
[exp8164] phase=historical_shards completed=1024 pending=1178
[exp8164] phase=historical_shards completed=1088 pending=1114
[exp8164] phase=historical_shards completed=1152 pending=1050
[exp8164] phase=historical_shards completed=1216 pending=986
[exp8164] phase=historical_shards completed=1280 pending=922
[exp8164] phase=historical_shards completed=1344 pending=858
[exp8164] phase=historical_shards completed=1408 pending=794
[exp8164] phase=historical_shards completed=1472 pending=730
[exp8164] phase=historical_shards completed=1536 pending=666
[exp8164] phase=historical_shards completed=1600 pending=602
[exp8164] phase=historical_shards completed=1664 pending=538
[exp8164] phase=historical_shards completed=1728 pending=474
[exp8164] phase=historical_shards completed=1792 pending=410
[exp8164] phase=historical_shards completed=1856 pending=346
[exp8164] phase=historical_shards completed=1920 pending=282
[exp8164] phase=historical_shards completed=1984 pending=218
[exp8164] phase=historical_shards completed=2048 pending=154
[exp8164] phase=historical_shards completed=2112 pending=90
[exp8164] phase=historical_shards completed=2176 pending=26
[exp8164] phase=historical_after completed=10 pending=4
[exp8164] phase=historical_before completed=10 pending=4
[exp8164] phase=historical_shards completed=0 pending=18
[exp8164] phase=historical_after completed=11 pending=3
[exp8164] phase=historical_before completed=11 pending=3
[exp8164] phase=historical_shards completed=0 pending=296
[exp8164] phase=historical_shards completed=64 pending=232
[exp8164] phase=historical_shards completed=128 pending=168
[exp8164] phase=historical_shards completed=192 pending=104
[exp8164] phase=historical_shards completed=256 pending=40
[exp8164] phase=historical_after completed=12 pending=2
[exp8164] phase=historical_before completed=12 pending=2
[exp8164] phase=historical_shards completed=0 pending=2209
[exp8164] phase=historical_shards completed=64 pending=2145
[exp8164] phase=historical_shards completed=128 pending=2081
[exp8164] phase=historical_shards completed=192 pending=2017
[exp8164] phase=historical_shards completed=256 pending=1953
[exp8164] phase=historical_shards completed=320 pending=1889
[exp8164] phase=historical_shards completed=384 pending=1825
[exp8164] phase=historical_shards completed=448 pending=1761
[exp8164] phase=historical_shards completed=512 pending=1697
[exp8164] phase=historical_shards completed=576 pending=1633
[exp8164] phase=historical_shards completed=640 pending=1569
[exp8164] phase=historical_shards completed=704 pending=1505
[exp8164] phase=historical_shards completed=768 pending=1441
[exp8164] phase=historical_shards completed=832 pending=1377
[exp8164] phase=historical_shards completed=896 pending=1313
[exp8164] phase=historical_shards completed=960 pending=1249
[exp8164] phase=historical_shards completed=1024 pending=1185
[exp8164] phase=historical_shards completed=1088 pending=1121
[exp8164] phase=historical_shards completed=1152 pending=1057
[exp8164] phase=historical_shards completed=1216 pending=993
[exp8164] phase=historical_shards completed=1280 pending=929
[exp8164] phase=historical_shards completed=1344 pending=865
[exp8164] phase=historical_shards completed=1408 pending=801
[exp8164] phase=historical_shards completed=1472 pending=737
[exp8164] phase=historical_shards completed=1536 pending=673
[exp8164] phase=historical_shards completed=1600 pending=609
[exp8164] phase=historical_shards completed=1664 pending=545
[exp8164] phase=historical_shards completed=1728 pending=481
[exp8164] phase=historical_shards completed=1792 pending=417
[exp8164] phase=historical_shards completed=1856 pending=353
[exp8164] phase=historical_shards completed=1920 pending=289
[exp8164] phase=historical_shards completed=1984 pending=225
[exp8164] phase=historical_shards completed=2048 pending=161
[exp8164] phase=historical_shards completed=2112 pending=97
[exp8164] phase=historical_shards completed=2176 pending=33
[exp8164] phase=historical_after completed=13 pending=1
[exp8164] phase=historical_before completed=13 pending=1
[exp8164] phase=historical_shards completed=0 pending=123
[exp8164] phase=historical_shards completed=64 pending=59
[exp8164] phase=historical_after completed=14 pending=0
[exp8164] phase=replay_passed completed=0 pending=0
