........................................................................ [  0%]
.........................................................EE............. [  0%]
....EE.................EE............................................... [  0%]
...EE.E..E..............EE.......................................E...... [  0%]
...................EEEEEEEEE..........................EEEEEEEEEEEE.EE... [  0%]
...........................EEEEEEEEEEEEEEEEEEE.E..................EEEEEE [  0%]
E.EEE............................EE.....EEEEEEEEEEEEEEEEEEE............. [  0%]
...........................................................EE........... [  0%]
........................................................................ [  0%]
...................E.E.....E............................................ [  0%]
E.EE.................................................................... [  1%]
..........................................................E.E.......EE.. [  1%]
.....EEE..................EE............................................ [  1%]
....................E...............................................E... [  1%]
........................................................................ [  1%]
.........E............................E...EEEE....E..................... [  1%]
E..........EEE.E........................................................ [  1%]
.....E................EEEEEEEEEEEEEEEEEEEEEEEEEEEEEEEE.EEEEEEEEEEEEEEE.. [  1%]
..E......EE........EEEEEEEEEEEEE.............EEE.......EEEEEEEEEEEEEEEEE [  1%]
EEEEEEEEEEE..EEEEEEEEEEEEEEEEEEEEEEEsEEEEEEEEEEEEEEEEEEEEEEEEEEEEEE.EEEE [  1%]
EEEEEEEEEEEEEEEEEEEEEEEEEEEEEEEEEEEEEEEEEEEEEEEEEEEEEEEEEEEEEEEEEEEEEEEE [  1%]
EEEEEEEEEEEEEEEEE........................E....EEE...................E... [  2%]
.EEEE................................EEEE............................... [  2%]
EEEEEE...........EEE...............EEE.....................E............ [  2%]
.........................................E.............................. [  2%]
....................................................................E... [  2%]
........................................................................ [  2%]
........................................................................ [  2%]
........................EEEEE.EEEEEEEE..EEEEEEEEEE...................... [  2%]
........................................................................ [  2%]
........................................................................ [  2%]
...............................