[exp7969] phase=start completed_units=0 elapsed_s=0.000
[exp7969] phase=before_model_hash completed_units=0 elapsed_s=15.506
[exp7969] phase=after_model_hash completed_units=0 elapsed_s=47.134
[exp7303-validation] before_subprocess gpu_capacity elapsed_s=0.000 unit=1/1
[exp7303-validation:gpu_capacity] 0, GPU-b52387a2-c625-de87-8d34-e6f64e684bab, 4, 24173
[exp7303-validation:gpu_capacity] 1, GPU-7971baff-9583-eaa6-2292-393f930a28f9, 4, 24174
[exp7303-validation] after_subprocess gpu_capacity elapsed_s=0.036 exit=0 unit=1/1
[exp7969] phase=before_model_load completed_units=0 elapsed_s=54.960
[exp7920] before_model_load
[exp7920] after_model_load
[exp7969] phase=owned_runtime_heartbeat completed_units=0 elapsed_s=69.961
[exp7969] phase=after_model_load completed_units=0 elapsed_s=80.307
[exp7303-validation] before_subprocess gpu_memory elapsed_s=0.000 unit=1/1
[exp7303-validation:gpu_memory] 16730
[exp7303-validation] after_subprocess gpu_memory elapsed_s=0.020 exit=0 unit=1/1
[exp7969] phase=owned_runtime_heartbeat completed_units=0 elapsed_s=84.962
[exp7969] before_token_admission slot=0 elapsed_s=33.474
[exp7969] after_token_admission slot=0 elapsed_s=33.499
[exp7969] before_generation slot=0 elapsed_s=33.499
[exp7969] after_generation completed_units=1 elapsed_s=35.047
[exp7969] before_token_admission slot=1 elapsed_s=35.048
[exp7969] after_token_admission slot=1 elapsed_s=35.074
[exp7969] before_generation slot=1 elapsed_s=35.074
[exp7969] after_generation completed_units=2 elapsed_s=36.554
[exp7969] before_token_admission slot=2 elapsed_s=36.556
[exp7969] after_token_admission slot=2 elapsed_s=36.588
[exp7969] before_generation slot=2 elapsed_s=36.588
[exp7969] after_generation completed_units=3 elapsed_s=38.685
[exp7969] before_token_admission slot=3 elapsed_s=38.687
[exp7969] after_token_admission slot=3 elapsed_s=38.705
[exp7969] before_generation slot=3 elapsed_s=38.705
[exp7969] after_generation completed_units=4 elapsed_s=40.428
[exp7969] before_token_admission slot=4 elapsed_s=40.429
[exp7969] after_token_admission slot=4 elapsed_s=40.445
[exp7969] before_generation slot=4 elapsed_s=40.445
[exp7969] after_generation completed_units=5 elapsed_s=41.711
[exp7969] before_token_admission slot=5 elapsed_s=41.713
[exp7969] after_token_admission slot=5 elapsed_s=41.729
[exp7969] before_generation slot=5 elapsed_s=41.729
[exp7969] after_generation completed_units=6 elapsed_s=42.777
[exp7969] before_token_admission slot=6 elapsed_s=42.779
[exp7969] after_token_admission slot=6 elapsed_s=42.795
[exp7969] before_generation slot=6 elapsed_s=42.795
[exp7969] after_generation completed_units=7 elapsed_s=44.058
[exp7969] before_token_admission slot=7 elapsed_s=44.059
[exp7969] after_token_admission slot=7 elapsed_s=44.073
[exp7969] before_generation slot=7 elapsed_s=44.073
[exp7969] phase=owned_runtime_heartbeat completed_units=0 elapsed_s=99.963
[exp7969] after_generation completed_units=8 elapsed_s=45.842
[exp7969] checkpoint completed_units=8 elapsed_s=45.844
[exp7969] before_token_admission slot=8 elapsed_s=45.844
[exp7969] after_token_admission slot=8 elapsed_s=45.868
[exp7969] before_generation slot=8 elapsed_s=45.868
[exp7969] after_generation completed_units=9 elapsed_s=47.065
[exp7969] before_token_admission slot=9 elapsed_s=47.066
[exp7969] after_token_admission slot=9 elapsed_s=47.082
[exp7969] before_generation slot=9 elapsed_s=47.082
[exp7969] after_generation completed_units=10 elapsed_s=48.532
[exp7969] before_token_admission slot=10 elapsed_s=48.540
[exp7969] after_token_admission slot=10 elapsed_s=48.566
[exp7969] before_generation slot=10 elapsed_s=48.566
[exp7969] after_generation completed_units=11 elapsed_s=50.188
[exp7969] before_token_admission slot=11 elapsed_s=50.189
[exp7969] after_token_admission slot=11 elapsed_s=50.202
[exp7969] before_generation slot=11 elapsed_s=50.202
[exp7969] after_generation completed_units=12 elapsed_s=51.515
[exp7969] before_token_admission slot=12 elapsed_s=51.515
[exp7969] after_token_admission slot=12 elapsed_s=51.540
[exp7969] before_generation slot=12 elapsed_s=51.540
[exp7969] after_generation completed_units=13 elapsed_s=53.003
[exp7969] before_token_admission slot=13 elapsed_s=53.004
[exp7969] after_token_admission slot=13 elapsed_s=53.021
[exp7969] before_generation slot=13 elapsed_s=53.021
[exp7969] after_generation completed_units=14 elapsed_s=54.567
[exp7969] before_token_admission slot=14 elapsed_s=54.568
[exp7969] after_token_admission slot=14 elapsed_s=54.582
[exp7969] before_generation slot=14 elapsed_s=54.582
[exp7969] after_generation completed_units=15 elapsed_s=55.879
[exp7969] before_token_admission slot=15 elapsed_s=55.880
[exp7969] after_token_admission slot=15 elapsed_s=55.893
[exp7969] before_generation slot=15 elapsed_s=55.893
[exp7969] after_generation completed_units=16 elapsed_s=57.391
[exp7969] checkpoint completed_units=16 elapsed_s=57.399
[exp7969] before_token_admission slot=16 elapsed_s=57.399
[exp7969] after_token_admission slot=16 elapsed_s=57.412
[exp7969] before_generation slot=16 elapsed_s=57.412
[exp7969] after_generation completed_units=17 elapsed_s=58.770
[exp7969] before_token_admission slot=17 elapsed_s=58.771
[exp7969] after_token_admission slot=17 elapsed_s=58.786
[exp7969] before_generation slot=17 elapsed_s=58.786
[exp7969] phase=owned_runtime_heartbeat completed_units=0 elapsed_s=114.964
[exp7969] after_generation completed_units=18 elapsed_s=60.508
[exp7969] before_token_admission slot=18 elapsed_s=60.509
[exp7969] after_token_admission slot=18 elapsed_s=60.523
[exp7969] before_generation slot=18 elapsed_s=60.523
[exp7969] after_generation completed_units=19 elapsed_s=62.173
[exp7969] before_token_admission slot=19 elapsed_s=62.180
[exp7969] after_token_admission slot=19 elapsed_s=62.193
[exp7969] before_generation slot=19 elapsed_s=62.193
[exp7969] after_generation completed_units=20 elapsed_s=63.513
[exp7969] before_token_admission slot=20 elapsed_s=63.517
[exp7969] after_token_admission slot=20 elapsed_s=63.531
[exp7969] before_generation slot=20 elapsed_s=63.531
[exp7969] after_generation completed_units=21 elapsed_s=65.250
[exp7969] before_token_admission slot=21 elapsed_s=65.256
[exp7969] after_token_admission slot=21 elapsed_s=65.270
[exp7969] before_generation slot=21 elapsed_s=65.270
[exp7969] after_generation completed_units=22 elapsed_s=66.860
[exp7969] before_token_admission slot=22 elapsed_s=66.861
[exp7969] after_token_admission slot=22 elapsed_s=66.876
[exp7969] before_generation slot=22 elapsed_s=66.876
[exp7969] after_generation completed_units=23 elapsed_s=68.373
[exp7969] checkpoint completed_units=24 elapsed_s=68.376
[exp7969] before_token_admission slot=24 elapsed_s=68.376
[exp7969] after_token_admission slot=24 elapsed_s=68.389
[exp7969] before_generation slot=24 elapsed_s=68.389
[exp7969] after_generation completed_units=25 elapsed_s=69.597
[exp7969] before_token_admission slot=25 elapsed_s=69.600
[exp7969] after_token_admission slot=25 elapsed_s=69.612
[exp7969] before_generation slot=25 elapsed_s=69.612
[exp7969] after_generation completed_units=26 elapsed_s=70.958
[exp7969] before_token_admission slot=26 elapsed_s=70.959
[exp7969] after_token_admission slot=26 elapsed_s=70.973
[exp7969] before_generation slot=26 elapsed_s=70.973
[exp7969] after_generation completed_units=27 elapsed_s=72.168
[exp7969] before_token_admission slot=27 elapsed_s=72.170
[exp7969] after_token_admission slot=27 elapsed_s=72.182
[exp7969] before_generation slot=27 elapsed_s=72.182
[exp7969] after_generation completed_units=28 elapsed_s=73.370
[exp7969] before_token_admission slot=28 elapsed_s=73.371
[exp7969] after_token_admission slot=28 elapsed_s=73.384
[exp7969] before_generation slot=28 elapsed_s=73.384
[exp7969] after_generation completed_units=29 elapsed_s=74.644
[exp7969] before_token_admission slot=29 elapsed_s=74.645
[exp7969] after_token_admission slot=29 elapsed_s=74.658
[exp7969] before_generation slot=29 elapsed_s=74.658
[exp7969] phase=owned_runtime_heartbeat completed_units=0 elapsed_s=129.966
[exp7969] after_generation completed_units=30 elapsed_s=75.827
[exp7969] before_token_admission slot=30 elapsed_s=75.829
[exp7969] after_token_admission slot=30 elapsed_s=75.842
[exp7969] before_generation slot=30 elapsed_s=75.842
[exp7969] after_generation completed_units=31 elapsed_s=76.952
[exp7969] before_token_admission slot=31 elapsed_s=76.954
[exp7969] after_token_admission slot=31 elapsed_s=76.968
[exp7969] before_generation slot=31 elapsed_s=76.968
[exp7969] after_generation completed_units=32 elapsed_s=78.446
[exp7969] checkpoint completed_units=32 elapsed_s=78.460
[exp7969] before_token_admission slot=32 elapsed_s=78.460
[exp7969] after_token_admission slot=32 elapsed_s=78.474
[exp7969] before_generation slot=32 elapsed_s=78.474
[exp7969] after_generation completed_units=33 elapsed_s=79.995
[exp7969] before_token_admission slot=33 elapsed_s=79.997
[exp7969] after_token_admission slot=33 elapsed_s=80.011
[exp7969] before_generation slot=33 elapsed_s=80.011
[exp7969] after_generation completed_units=34 elapsed_s=81.380
[exp7969] before_token_admission slot=34 elapsed_s=81.382
[exp7969] after_token_admission slot=34 elapsed_s=81.407
[exp7969] before_generation slot=34 elapsed_s=81.407
[exp7969] after_generation completed_units=35 elapsed_s=82.669
[exp7969] before_token_admission slot=35 elapsed_s=82.671
[exp7969] after_token_admission slot=35 elapsed_s=82.684
[exp7969] before_generation slot=35 elapsed_s=82.684
[exp7969] after_generation completed_units=36 elapsed_s=84.239
[exp7969] before_token_admission slot=36 elapsed_s=84.240
[exp7969] after_token_admission slot=36 elapsed_s=84.253
[exp7969] before_generation slot=36 elapsed_s=84.253
[exp7969] after_generation completed_units=37 elapsed_s=85.749
[exp7969] before_token_admission slot=37 elapsed_s=85.750
[exp7969] after_token_admission slot=37 elapsed_s=85.764
[exp7969] before_generation slot=37 elapsed_s=85.764
[exp7969] after_generation completed_units=38 elapsed_s=87.286
[exp7969] before_token_admission slot=38 elapsed_s=87.287
[exp7969] after_token_admission slot=38 elapsed_s=87.300
[exp7969] before_generation slot=38 elapsed_s=87.300
[exp7969] after_generation completed_units=39 elapsed_s=88.491
[exp7969] before_token_admission slot=39 elapsed_s=88.496
[exp7969] after_token_admission slot=39 elapsed_s=88.511
[exp7969] before_generation slot=39 elapsed_s=88.511
[exp7969] phase=owned_runtime_heartbeat completed_units=0 elapsed_s=144.967
[exp7969] after_generation completed_units=40 elapsed_s=90.368
[exp7969] checkpoint completed_units=40 elapsed_s=90.372
[exp7969] before_token_admission slot=40 elapsed_s=90.372
[exp7969] after_token_admission slot=40 elapsed_s=90.384
[exp7969] before_generation slot=40 elapsed_s=90.384
[exp7969] after_generation completed_units=41 elapsed_s=91.586
[exp7969] before_token_admission slot=41 elapsed_s=91.587
[exp7969] after_token_admission slot=41 elapsed_s=91.602
[exp7969] before_generation slot=41 elapsed_s=91.602
[exp7969] after_generation completed_units=42 elapsed_s=93.631
[exp7969] before_token_admission slot=42 elapsed_s=93.632
[exp7969] after_token_admission slot=42 elapsed_s=93.645
[exp7969] before_generation slot=42 elapsed_s=93.645
[exp7969] after_generation completed_units=43 elapsed_s=94.964
[exp7969] before_token_admission slot=43 elapsed_s=94.966
[exp7969] after_token_admission slot=43 elapsed_s=94.979
[exp7969] before_generation slot=43 elapsed_s=94.979
[exp7969] after_generation completed_units=44 elapsed_s=96.317
[exp7969] before_token_admission slot=44 elapsed_s=96.318
[exp7969] after_token_admission slot=44 elapsed_s=96.332
[exp7969] before_generation slot=44 elapsed_s=96.332
[exp7969] after_generation completed_units=45 elapsed_s=97.987
[exp7969] before_token_admission slot=45 elapsed_s=97.994
[exp7969] after_token_admission slot=45 elapsed_s=98.009
[exp7969] before_generation slot=45 elapsed_s=98.009
[exp7969] after_generation completed_units=46 elapsed_s=99.343
[exp7969] before_token_admission slot=46 elapsed_s=99.345
[exp7969] after_token_admission slot=46 elapsed_s=99.359
[exp7969] before_generation slot=46 elapsed_s=99.359
[exp7969] after_generation completed_units=47 elapsed_s=100.717
[exp7969] before_token_admission slot=47 elapsed_s=100.718
[exp7969] after_token_admission slot=47 elapsed_s=100.731
[exp7969] before_generation slot=47 elapsed_s=100.731
[exp7969] after_generation completed_units=48 elapsed_s=102.046
[exp7969] checkpoint completed_units=48 elapsed_s=102.056
[exp7969] before_token_admission slot=48 elapsed_s=102.056
[exp7969] after_token_admission slot=48 elapsed_s=102.070
[exp7969] before_generation slot=48 elapsed_s=102.070
[exp7969] after_generation completed_units=49 elapsed_s=103.432
[exp7969] before_token_admission slot=49 elapsed_s=103.433
[exp7969] after_token_admission slot=49 elapsed_s=103.447
[exp7969] before_generation slot=49 elapsed_s=103.447
[exp7969] phase=owned_runtime_heartbeat completed_units=0 elapsed_s=159.968
[exp7969] after_generation completed_units=50 elapsed_s=105.196
[exp7969] before_token_admission slot=50 elapsed_s=105.197
[exp7969] after_token_admission slot=50 elapsed_s=105.211
[exp7969] before_generation slot=50 elapsed_s=105.211
[exp7969] after_generation completed_units=51 elapsed_s=106.501
[exp7969] before_token_admission slot=51 elapsed_s=106.503
[exp7969] after_token_admission slot=51 elapsed_s=106.517
[exp7969] before_generation slot=51 elapsed_s=106.517
[exp7969] after_generation completed_units=52 elapsed_s=108.563
[exp7969] before_token_admission slot=52 elapsed_s=108.565
[exp7969] after_token_admission slot=52 elapsed_s=108.580
[exp7969] before_generation slot=52 elapsed_s=108.580
[exp7969] after_generation completed_units=53 elapsed_s=110.189
[exp7969] before_token_admission slot=54 elapsed_s=110.197
[exp7969] after_token_admission slot=54 elapsed_s=110.210
[exp7969] before_generation slot=54 elapsed_s=110.210
[exp7969] after_generation completed_units=55 elapsed_s=111.404
[exp7969] before_token_admission slot=55 elapsed_s=111.405
[exp7969] after_token_admission slot=55 elapsed_s=111.418
[exp7969] before_generation slot=55 elapsed_s=111.418
[exp7969] after_generation completed_units=56 elapsed_s=112.903
[exp7969] checkpoint completed_units=56 elapsed_s=112.905
[exp7969] before_token_admission slot=56 elapsed_s=112.905
[exp7969] after_token_admission slot=56 elapsed_s=112.917
[exp7969] before_generation slot=56 elapsed_s=112.917
[exp7969] after_generation completed_units=57 elapsed_s=114.275
[exp7969] before_token_admission slot=57 elapsed_s=114.276
[exp7969] after_token_admission slot=57 elapsed_s=114.289
[exp7969] before_generation slot=57 elapsed_s=114.289
[exp7969] after_generation completed_units=58 elapsed_s=115.628
[exp7969] before_token_admission slot=58 elapsed_s=115.629
[exp7969] after_token_admission slot=58 elapsed_s=115.643
[exp7969] before_generation slot=58 elapsed_s=115.643
[exp7969] after_generation completed_units=59 elapsed_s=117.360
[exp7969] before_token_admission slot=59 elapsed_s=117.361
[exp7969] after_token_admission slot=59 elapsed_s=117.374
[exp7969] before_generation slot=59 elapsed_s=117.374
[exp7969] after_generation completed_units=60 elapsed_s=118.677
[exp7969] before_token_admission slot=60 elapsed_s=118.678
[exp7969] after_token_admission slot=60 elapsed_s=118.690
[exp7969] before_generation slot=60 elapsed_s=118.690
[exp7969] after_generation completed_units=61 elapsed_s=120.006
[exp7969] phase=owned_runtime_heartbeat completed_units=0 elapsed_s=174.969
[exp7969] before_token_admission slot=61 elapsed_s=120.012
[exp7969] after_token_admission slot=61 elapsed_s=120.026
[exp7969] before_generation slot=61 elapsed_s=120.026
[exp7969] after_generation completed_units=62 elapsed_s=121.811
[exp7969] before_token_admission slot=62 elapsed_s=121.812
[exp7969] after_token_admission slot=62 elapsed_s=121.826
[exp7969] before_generation slot=62 elapsed_s=121.826
[exp7969] after_generation completed_units=63 elapsed_s=123.665
[exp7969] before_token_admission slot=63 elapsed_s=123.668
[exp7969] after_token_admission slot=63 elapsed_s=123.680
[exp7969] before_generation slot=63 elapsed_s=123.680
[exp7969] after_generation completed_units=64 elapsed_s=125.070
[exp7969] checkpoint completed_units=64 elapsed_s=125.073
[exp7969] before_token_admission slot=64 elapsed_s=125.073
[exp7969] after_token_admission slot=64 elapsed_s=125.086
[exp7969] before_generation slot=64 elapsed_s=125.086
[exp7969] after_generation completed_units=65 elapsed_s=126.706
[exp7969] before_token_admission slot=65 elapsed_s=126.707
[exp7969] after_token_admission slot=65 elapsed_s=126.722
[exp7969] before_generation slot=65 elapsed_s=126.722
[exp7969] after_generation completed_units=66 elapsed_s=128.533
[exp7969] before_token_admission slot=66 elapsed_s=128.534
[exp7969] after_token_admission slot=66 elapsed_s=128.547
[exp7969] before_generation slot=66 elapsed_s=128.547
[exp7969] after_generation completed_units=67 elapsed_s=129.823
[exp7969] before_token_admission slot=67 elapsed_s=129.825
[exp7969] after_token_admission slot=67 elapsed_s=129.838
[exp7969] before_generation slot=67 elapsed_s=129.838
[exp7969] after_generation completed_units=68 elapsed_s=131.357
[exp7969] before_token_admission slot=68 elapsed_s=131.359
[exp7969] after_token_admission slot=68 elapsed_s=131.371
[exp7969] before_generation slot=68 elapsed_s=131.371
[exp7969] after_generation completed_units=69 elapsed_s=132.884
[exp7969] before_token_admission slot=69 elapsed_s=132.886
[exp7969] after_token_admission slot=69 elapsed_s=132.899
[exp7969] before_generation slot=69 elapsed_s=132.899
[exp7969] after_generation completed_units=70 elapsed_s=134.330
[exp7969] before_token_admission slot=71 elapsed_s=134.335
[exp7969] after_token_admission slot=71 elapsed_s=134.348
[exp7969] before_generation slot=71 elapsed_s=134.348
[exp7969] phase=owned_runtime_heartbeat completed_units=0 elapsed_s=189.970
[exp7969] after_generation completed_units=72 elapsed_s=135.983
[exp7969] checkpoint completed_units=72 elapsed_s=135.995
[exp7969] before_token_admission slot=72 elapsed_s=135.995
[exp7969] after_token_admission slot=72 elapsed_s=136.008
[exp7969] before_generation slot=72 elapsed_s=136.008
[exp7969] after_generation completed_units=73 elapsed_s=137.335
[exp7969] before_token_admission slot=73 elapsed_s=137.336
[exp7969] after_token_admission slot=73 elapsed_s=137.351
[exp7969] before_generation slot=73 elapsed_s=137.351
[exp7969] after_generation completed_units=74 elapsed_s=138.962
[exp7969] before_token_admission slot=74 elapsed_s=138.964
[exp7969] after_token_admission slot=74 elapsed_s=138.978
[exp7969] before_generation slot=74 elapsed_s=138.978
[exp7969] after_generation completed_units=75 elapsed_s=140.577
[exp7969] before_token_admission slot=75 elapsed_s=140.578
[exp7969] after_token_admission slot=75 elapsed_s=140.592
[exp7969] before_generation slot=75 elapsed_s=140.592
[exp7969] after_generation completed_units=76 elapsed_s=142.314
[exp7969] before_token_admission slot=76 elapsed_s=142.315
[exp7969] after_token_admission slot=76 elapsed_s=142.329
[exp7969] before_generation slot=76 elapsed_s=142.329
[exp7969] after_generation completed_units=77 elapsed_s=143.939
[exp7969] before_token_admission slot=77 elapsed_s=143.940
[exp7969] after_token_admission slot=77 elapsed_s=143.952
[exp7969] before_generation slot=77 elapsed_s=143.952
[exp7969] after_generation completed_units=78 elapsed_s=145.113
[exp7969] before_token_admission slot=78 elapsed_s=145.114
[exp7969] after_token_admission slot=78 elapsed_s=145.127
[exp7969] before_generation slot=78 elapsed_s=145.127
[exp7969] after_generation completed_units=79 elapsed_s=146.473
[exp7969] before_token_admission slot=79 elapsed_s=146.474
[exp7969] after_token_admission slot=79 elapsed_s=146.487
[exp7969] before_generation slot=79 elapsed_s=146.487
[exp7969] after_generation completed_units=80 elapsed_s=148.198
[exp7969] checkpoint completed_units=80 elapsed_s=148.201
[exp7969] before_token_admission slot=80 elapsed_s=148.201
[exp7969] after_token_admission slot=80 elapsed_s=148.213
[exp7969] before_generation slot=80 elapsed_s=148.213
[exp7969] after_generation completed_units=81 elapsed_s=149.421
[exp7969] before_token_admission slot=81 elapsed_s=149.422
[exp7969] after_token_admission slot=81 elapsed_s=149.435
[exp7969] before_generation slot=81 elapsed_s=149.435
[exp7969] phase=owned_runtime_heartbeat completed_units=0 elapsed_s=204.971
[exp7969] after_generation completed_units=82 elapsed_s=150.729
[exp7969] before_token_admission slot=82 elapsed_s=150.730
[exp7969] after_token_admission slot=82 elapsed_s=150.743
[exp7969] before_generation slot=82 elapsed_s=150.743
[exp7969] after_generation completed_units=83 elapsed_s=152.050
[exp7969] before_token_admission slot=83 elapsed_s=152.052
[exp7969] after_token_admission slot=83 elapsed_s=152.064
[exp7969] before_generation slot=83 elapsed_s=152.064
[exp7969] after_generation completed_units=84 elapsed_s=153.186
[exp7969] before_token_admission slot=84 elapsed_s=153.188
[exp7969] after_token_admission slot=84 elapsed_s=153.201
[exp7969] before_generation slot=84 elapsed_s=153.201
[exp7969] after_generation completed_units=85 elapsed_s=154.897
[exp7969] before_token_admission slot=85 elapsed_s=154.899
[exp7969] after_token_admission slot=85 elapsed_s=154.913
[exp7969] before_generation slot=85 elapsed_s=154.913
[exp7969] after_generation completed_units=86 elapsed_s=156.497
[exp7969] before_token_admission slot=86 elapsed_s=156.498
[exp7969] after_token_admission slot=86 elapsed_s=156.512
[exp7969] before_generation slot=86 elapsed_s=156.512
[exp7969] after_generation completed_units=87 elapsed_s=157.906
[exp7969] before_token_admission slot=87 elapsed_s=157.908
[exp7969] after_token_admission slot=87 elapsed_s=157.920
[exp7969] before_generation slot=87 elapsed_s=157.920
[exp7969] after_generation completed_units=88 elapsed_s=159.221
[exp7969] checkpoint completed_units=88 elapsed_s=159.225
[exp7969] before_token_admission slot=88 elapsed_s=159.225
[exp7969] after_token_admission slot=88 elapsed_s=159.238
[exp7969] before_generation slot=88 elapsed_s=159.238
[exp7969] after_generation completed_units=89 elapsed_s=160.886
[exp7969] before_token_admission slot=89 elapsed_s=160.887
[exp7969] after_token_admission slot=89 elapsed_s=160.902
[exp7969] before_generation slot=89 elapsed_s=160.902
[exp7969] after_generation completed_units=90 elapsed_s=162.732
[exp7969] before_token_admission slot=90 elapsed_s=162.734
[exp7969] after_token_admission slot=90 elapsed_s=162.747
[exp7969] before_generation slot=90 elapsed_s=162.747
[exp7969] after_generation completed_units=91 elapsed_s=164.296
[exp7969] before_token_admission slot=91 elapsed_s=164.299
[exp7969] after_token_admission slot=91 elapsed_s=164.311
[exp7969] before_generation slot=91 elapsed_s=164.311
[exp7969] phase=owned_runtime_heartbeat completed_units=0 elapsed_s=219.973
[exp7969] after_generation completed_units=92 elapsed_s=165.656
[exp7969] before_token_admission slot=92 elapsed_s=165.658
[exp7969] after_token_admission slot=92 elapsed_s=165.672
[exp7969] before_generation slot=92 elapsed_s=165.672
[exp7969] after_generation completed_units=93 elapsed_s=167.367
[exp7969] before_token_admission slot=94 elapsed_s=167.369
[exp7969] after_token_admission slot=94 elapsed_s=167.385
[exp7969] before_generation slot=94 elapsed_s=167.385
[exp7969] after_generation completed_units=95 elapsed_s=169.647
[exp7969] before_token_admission slot=95 elapsed_s=169.648
[exp7969] after_token_admission slot=95 elapsed_s=169.662
[exp7969] before_generation slot=95 elapsed_s=169.662
[exp7969] after_generation completed_units=96 elapsed_s=170.901
[exp7969] checkpoint completed_units=96 elapsed_s=170.931
[exp7969] before_token_admission slot=96 elapsed_s=170.931
[exp7969] after_token_admission slot=96 elapsed_s=170.943
[exp7969] before_generation slot=96 elapsed_s=170.943
[exp7969] after_generation completed_units=97 elapsed_s=172.247
[exp7969] before_token_admission slot=97 elapsed_s=172.249
[exp7969] after_token_admission slot=97 elapsed_s=172.261
[exp7969] before_generation slot=97 elapsed_s=172.261
[exp7969] after_generation completed_units=98 elapsed_s=173.629
[exp7969] before_token_admission slot=98 elapsed_s=173.630
[exp7969] after_token_admission slot=98 elapsed_s=173.643
[exp7969] before_generation slot=98 elapsed_s=173.643
[exp7969] after_generation completed_units=99 elapsed_s=174.997
[exp7969] before_token_admission slot=99 elapsed_s=174.998
[exp7969] after_token_admission slot=99 elapsed_s=175.012
[exp7969] before_generation slot=99 elapsed_s=175.012
[exp7969] after_generation completed_units=100 elapsed_s=176.609
[exp7969] before_token_admission slot=100 elapsed_s=176.612
[exp7969] after_token_admission slot=100 elapsed_s=176.624
[exp7969] before_generation slot=100 elapsed_s=176.624
[exp7969] after_generation completed_units=101 elapsed_s=177.825
[exp7969] before_token_admission slot=101 elapsed_s=177.829
[exp7969] after_token_admission slot=101 elapsed_s=177.843
[exp7969] before_generation slot=101 elapsed_s=177.843
[exp7969] after_generation completed_units=102 elapsed_s=179.232
[exp7969] before_token_admission slot=102 elapsed_s=179.238
[exp7969] after_token_admission slot=102 elapsed_s=179.252
[exp7969] before_generation slot=102 elapsed_s=179.252
[exp7969] phase=owned_runtime_heartbeat completed_units=0 elapsed_s=234.974
[exp7969] after_generation completed_units=103 elapsed_s=180.791
[exp7969] before_token_admission slot=103 elapsed_s=180.793
[exp7969] after_token_admission slot=103 elapsed_s=180.806
[exp7969] before_generation slot=103 elapsed_s=180.806
[exp7969] after_generation completed_units=104 elapsed_s=182.215
[exp7969] checkpoint completed_units=104 elapsed_s=182.219
[exp7969] before_token_admission slot=104 elapsed_s=182.219
[exp7969] after_token_admission slot=104 elapsed_s=182.232
[exp7969] before_generation slot=104 elapsed_s=182.232
[exp7969] after_generation completed_units=105 elapsed_s=183.741
[exp7969] before_token_admission slot=105 elapsed_s=183.743
[exp7969] after_token_admission slot=105 elapsed_s=183.758
[exp7969] before_generation slot=105 elapsed_s=183.758
[exp7969] after_generation completed_units=106 elapsed_s=185.419
[exp7969] before_token_admission slot=106 elapsed_s=185.421
[exp7969] after_token_admission slot=106 elapsed_s=185.434
[exp7969] before_generation slot=106 elapsed_s=185.434
[exp7969] after_generation completed_units=107 elapsed_s=186.778
[exp7969] before_token_admission slot=107 elapsed_s=186.779
[exp7969] after_token_admission slot=107 elapsed_s=186.793
[exp7969] before_generation slot=107 elapsed_s=186.793
[exp7969] after_generation completed_units=108 elapsed_s=188.351
[exp7969] before_token_admission slot=109 elapsed_s=188.359
[exp7969] after_token_admission slot=109 elapsed_s=188.373
[exp7969] before_generation slot=109 elapsed_s=188.373
[exp7969] after_generation completed_units=110 elapsed_s=190.145
[exp7969] before_token_admission slot=110 elapsed_s=190.148
[exp7969] after_token_admission slot=110 elapsed_s=190.164
[exp7969] before_generation slot=110 elapsed_s=190.164
[exp7969] after_generation completed_units=111 elapsed_s=191.907
[exp7969] before_token_admission slot=111 elapsed_s=191.909
[exp7969] after_token_admission slot=111 elapsed_s=191.923
[exp7969] before_generation slot=111 elapsed_s=191.923
[exp7969] after_generation completed_units=112 elapsed_s=193.293
[exp7969] checkpoint completed_units=112 elapsed_s=193.305
[exp7969] before_token_admission slot=112 elapsed_s=193.306
[exp7969] after_token_admission slot=112 elapsed_s=193.318
[exp7969] before_generation slot=112 elapsed_s=193.318
[exp7969] after_generation completed_units=113 elapsed_s=194.644
[exp7969] before_token_admission slot=113 elapsed_s=194.646
[exp7969] after_token_admission slot=113 elapsed_s=194.660
[exp7969] before_generation slot=113 elapsed_s=194.660
[exp7969] phase=owned_runtime_heartbeat completed_units=0 elapsed_s=249.975
[exp7969] after_generation completed_units=114 elapsed_s=196.368
[exp7969] before_token_admission slot=114 elapsed_s=196.371
[exp7969] after_token_admission slot=114 elapsed_s=196.384
[exp7969] before_generation slot=114 elapsed_s=196.384
[exp7969] after_generation completed_units=115 elapsed_s=197.818
[exp7969] before_token_admission slot=115 elapsed_s=197.820
[exp7969] after_token_admission slot=115 elapsed_s=197.833
[exp7969] before_generation slot=115 elapsed_s=197.833
[exp7969] after_generation completed_units=116 elapsed_s=199.127
[exp7969] before_token_admission slot=116 elapsed_s=199.129
[exp7969] after_token_admission slot=116 elapsed_s=199.143
[exp7969] before_generation slot=116 elapsed_s=199.143
[exp7969] after_generation completed_units=117 elapsed_s=200.534
[exp7969] before_token_admission slot=118 elapsed_s=200.537
[exp7969] after_token_admission slot=118 elapsed_s=200.551
[exp7969] before_generation slot=118 elapsed_s=200.551
[exp7969] after_generation completed_units=119 elapsed_s=201.948
[exp7969] before_token_admission slot=119 elapsed_s=201.950
[exp7969] after_token_admission slot=119 elapsed_s=201.963
[exp7969] before_generation slot=119 elapsed_s=201.963
[exp7969] after_generation completed_units=120 elapsed_s=203.333
[exp7969] checkpoint completed_units=120 elapsed_s=203.341
[exp7969] before_token_admission slot=120 elapsed_s=203.341
[exp7969] after_token_admission slot=120 elapsed_s=203.354
[exp7969] before_generation slot=120 elapsed_s=203.354
[exp7969] after_generation completed_units=121 elapsed_s=204.814
[exp7969] before_token_admission slot=121 elapsed_s=204.815
[exp7969] after_token_admission slot=121 elapsed_s=204.827
[exp7969] before_generation slot=121 elapsed_s=204.827
[exp7969] after_generation completed_units=122 elapsed_s=206.019
[exp7969] before_token_admission slot=122 elapsed_s=206.020
[exp7969] after_token_admission slot=122 elapsed_s=206.033
[exp7969] before_generation slot=122 elapsed_s=206.033
[exp7969] after_generation completed_units=123 elapsed_s=207.261
[exp7969] before_token_admission slot=123 elapsed_s=207.262
[exp7969] after_token_admission slot=123 elapsed_s=207.274
[exp7969] before_generation slot=123 elapsed_s=207.274
[exp7969] after_generation completed_units=124 elapsed_s=208.580
[exp7969] before_token_admission slot=124 elapsed_s=208.581
[exp7969] after_token_admission slot=124 elapsed_s=208.597
[exp7969] before_generation slot=124 elapsed_s=208.597
[exp7969] phase=owned_runtime_heartbeat completed_units=0 elapsed_s=264.977
[exp7969] after_generation completed_units=125 elapsed_s=210.387
[exp7969] before_token_admission slot=125 elapsed_s=210.388
[exp7969] after_token_admission slot=125 elapsed_s=210.402
[exp7969] before_generation slot=125 elapsed_s=210.402
[exp7969] after_generation completed_units=126 elapsed_s=212.213
[exp7969] before_token_admission slot=126 elapsed_s=212.214
[exp7969] after_token_admission slot=126 elapsed_s=212.227
[exp7969] before_generation slot=126 elapsed_s=212.227
[exp7969] after_generation completed_units=127 elapsed_s=213.486
[exp7969] before_token_admission slot=127 elapsed_s=213.487
[exp7969] after_token_admission slot=127 elapsed_s=213.500
[exp7969] before_generation slot=127 elapsed_s=213.500
[exp7969] after_generation completed_units=128 elapsed_s=214.775
[exp7969] checkpoint completed_units=128 elapsed_s=214.798
[exp7969] before_token_admission slot=128 elapsed_s=214.798
[exp7969] after_token_admission slot=128 elapsed_s=214.811
[exp7969] before_generation slot=128 elapsed_s=214.811
[exp7969] after_generation completed_units=129 elapsed_s=216.110
[exp7969] before_token_admission slot=129 elapsed_s=216.112
[exp7969] after_token_admission slot=129 elapsed_s=216.125
[exp7969] before_generation slot=129 elapsed_s=216.125
[exp7969] after_generation completed_units=130 elapsed_s=217.775
[exp7969] before_token_admission slot=132 elapsed_s=217.790
[exp7969] after_token_admission slot=132 elapsed_s=217.804
[exp7969] before_generation slot=132 elapsed_s=217.804
[exp7969] after_generation completed_units=133 elapsed_s=219.160
[exp7969] before_token_admission slot=133 elapsed_s=219.162
[exp7969] after_token_admission slot=133 elapsed_s=219.175
[exp7969] before_generation slot=133 elapsed_s=219.175
[exp7969] after_generation completed_units=134 elapsed_s=220.565
[exp7969] before_token_admission slot=134 elapsed_s=220.566
[exp7969] after_token_admission slot=134 elapsed_s=220.579
[exp7969] before_generation slot=134 elapsed_s=220.579
[exp7969] after_generation completed_units=135 elapsed_s=222.098
[exp7969] before_token_admission slot=135 elapsed_s=222.100
[exp7969] after_token_admission slot=135 elapsed_s=222.113
[exp7969] before_generation slot=135 elapsed_s=222.113
[exp7969] after_generation completed_units=136 elapsed_s=223.431
[exp7969] checkpoint completed_units=136 elapsed_s=223.438
[exp7969] before_token_admission slot=136 elapsed_s=223.438
[exp7969] after_token_admission slot=136 elapsed_s=223.452
[exp7969] before_generation slot=136 elapsed_s=223.452
[exp7969] phase=owned_runtime_heartbeat completed_units=0 elapsed_s=279.978
[exp7969] after_generation completed_units=137 elapsed_s=225.257
[exp7969] before_token_admission slot=137 elapsed_s=225.258
[exp7969] after_token_admission slot=137 elapsed_s=225.272
[exp7969] before_generation slot=137 elapsed_s=225.272
[exp7969] after_generation completed_units=138 elapsed_s=227.213
[exp7969] before_token_admission slot=138 elapsed_s=227.214
[exp7969] after_token_admission slot=138 elapsed_s=227.228
[exp7969] before_generation slot=138 elapsed_s=227.228
[exp7969] after_generation completed_units=139 elapsed_s=229.258
[exp7969] before_token_admission slot=139 elapsed_s=229.259
[exp7969] after_token_admission slot=139 elapsed_s=229.272
[exp7969] before_generation slot=139 elapsed_s=229.272
[exp7969] after_generation completed_units=140 elapsed_s=230.617
[exp7969] before_token_admission slot=140 elapsed_s=230.619
[exp7969] after_token_admission slot=140 elapsed_s=230.632
[exp7969] before_generation slot=140 elapsed_s=230.632
[exp7969] after_generation completed_units=141 elapsed_s=232.109
[exp7969] before_token_admission slot=141 elapsed_s=232.110
[exp7969] after_token_admission slot=141 elapsed_s=232.122
[exp7969] before_generation slot=141 elapsed_s=232.122
[exp7969] after_generation completed_units=142 elapsed_s=233.776
[exp7969] before_token_admission slot=142 elapsed_s=233.778
[exp7969] after_token_admission slot=142 elapsed_s=233.791
[exp7969] before_generation slot=142 elapsed_s=233.791
[exp7969] after_generation completed_units=143 elapsed_s=235.464
[exp7969] before_token_admission slot=143 elapsed_s=235.465
[exp7969] after_token_admission slot=143 elapsed_s=235.478
[exp7969] before_generation slot=143 elapsed_s=235.478
[exp7969] after_generation completed_units=144 elapsed_s=236.845
[exp7969] checkpoint completed_units=144 elapsed_s=236.849
[exp7969] before_token_admission slot=144 elapsed_s=236.849
[exp7969] after_token_admission slot=144 elapsed_s=236.862
[exp7969] before_generation slot=144 elapsed_s=236.862
[exp7969] after_generation completed_units=145 elapsed_s=237.994
[exp7969] before_token_admission slot=145 elapsed_s=237.995
[exp7969] after_token_admission slot=145 elapsed_s=238.009
[exp7969] before_generation slot=145 elapsed_s=238.009
[exp7969] after_generation completed_units=146 elapsed_s=239.541
[exp7969] before_token_admission slot=147 elapsed_s=239.548
[exp7969] after_token_admission slot=147 elapsed_s=239.562
[exp7969] before_generation slot=147 elapsed_s=239.562
[exp7969] phase=owned_runtime_heartbeat completed_units=0 elapsed_s=294.979
[exp7969] after_generation completed_units=148 elapsed_s=241.224
[exp7969] before_token_admission slot=148 elapsed_s=241.225
[exp7969] after_token_admission slot=148 elapsed_s=241.239
[exp7969] before_generation slot=148 elapsed_s=241.239
[exp7969] after_generation completed_units=149 elapsed_s=242.869
[exp7969] before_token_admission slot=149 elapsed_s=242.871
[exp7969] after_token_admission slot=149 elapsed_s=242.885
[exp7969] before_generation slot=149 elapsed_s=242.885
[exp7969] after_generation completed_units=150 elapsed_s=245.094
[exp7969] before_token_admission slot=150 elapsed_s=245.095
[exp7969] after_token_admission slot=150 elapsed_s=245.108
[exp7969] before_generation slot=150 elapsed_s=245.108
[exp7969] after_generation completed_units=151 elapsed_s=246.457
[exp7969] before_token_admission slot=151 elapsed_s=246.460
[exp7969] after_token_admission slot=151 elapsed_s=246.473
[exp7969] before_generation slot=151 elapsed_s=246.473
[exp7969] after_generation completed_units=152 elapsed_s=247.640
[exp7969] checkpoint completed_units=152 elapsed_s=247.647
[exp7969] before_token_admission slot=152 elapsed_s=247.647
[exp7969] after_token_admission slot=152 elapsed_s=247.659
[exp7969] before_generation slot=152 elapsed_s=247.659
[exp7969] after_generation completed_units=153 elapsed_s=248.934
[exp7969] before_token_admission slot=153 elapsed_s=248.935
[exp7969] after_token_admission slot=153 elapsed_s=248.948
[exp7969] before_generation slot=153 elapsed_s=248.948
[exp7969] after_generation completed_units=154 elapsed_s=250.247
[exp7969] before_token_admission slot=154 elapsed_s=250.250
[exp7969] after_token_admission slot=154 elapsed_s=250.263
[exp7969] before_generation slot=154 elapsed_s=250.263
[exp7969] after_generation completed_units=155 elapsed_s=251.553
[exp7969] before_token_admission slot=155 elapsed_s=251.555
[exp7969] after_token_admission slot=155 elapsed_s=251.568
[exp7969] before_generation slot=155 elapsed_s=251.568
[exp7969] after_generation completed_units=156 elapsed_s=253.094
[exp7969] before_token_admission slot=157 elapsed_s=253.098
[exp7969] after_token_admission slot=157 elapsed_s=253.113
[exp7969] before_generation slot=157 elapsed_s=253.113
[exp7969] after_generation completed_units=158 elapsed_s=254.393
[exp7969] before_token_admission slot=158 elapsed_s=254.419
[exp7969] after_token_admission slot=158 elapsed_s=254.438
[exp7969] before_generation slot=158 elapsed_s=254.438
[exp7969] phase=owned_runtime_heartbeat completed_units=0 elapsed_s=309.980
[exp7969] after_generation completed_units=159 elapsed_s=256.531
[exp7969] checkpoint completed_units=160 elapsed_s=256.544
[exp7969] before_token_admission slot=160 elapsed_s=256.544
[exp7969] after_token_admission slot=160 elapsed_s=256.557
[exp7969] before_generation slot=160 elapsed_s=256.557
[exp7969] after_generation completed_units=161 elapsed_s=258.131
[exp7969] before_token_admission slot=161 elapsed_s=258.132
[exp7969] after_token_admission slot=161 elapsed_s=258.145
[exp7969] before_generation slot=161 elapsed_s=258.145
[exp7969] after_generation completed_units=162 elapsed_s=259.590
[exp7969] before_token_admission slot=162 elapsed_s=259.591
[exp7969] after_token_admission slot=162 elapsed_s=259.604
[exp7969] before_generation slot=162 elapsed_s=259.604
[exp7969] after_generation completed_units=163 elapsed_s=260.891
[exp7969] before_token_admission slot=164 elapsed_s=260.903
[exp7969] after_token_admission slot=164 elapsed_s=260.917
[exp7969] before_generation slot=164 elapsed_s=260.917
[exp7969] after_generation completed_units=165 elapsed_s=262.473
[exp7969] before_token_admission slot=165 elapsed_s=262.474
[exp7969] after_token_admission slot=165 elapsed_s=262.487
[exp7969] before_generation slot=165 elapsed_s=262.487
[exp7969] after_generation completed_units=166 elapsed_s=264.180
[exp7969] before_token_admission slot=166 elapsed_s=264.182
[exp7969] after_token_admission slot=166 elapsed_s=264.196
[exp7969] before_generation slot=166 elapsed_s=264.196
[exp7969] after_generation completed_units=167 elapsed_s=266.219
[exp7969] before_token_admission slot=167 elapsed_s=266.224
[exp7969] after_token_admission slot=167 elapsed_s=266.238
[exp7969] before_generation slot=167 elapsed_s=266.238
[exp7969] after_generation completed_units=168 elapsed_s=268.017
[exp7969] checkpoint completed_units=168 elapsed_s=268.022
[exp7969] before_token_admission slot=168 elapsed_s=268.022
[exp7969] after_token_admission slot=168 elapsed_s=268.035
[exp7969] before_generation slot=168 elapsed_s=268.035
[exp7969] after_generation completed_units=169 elapsed_s=269.824
[exp7969] before_token_admission slot=169 elapsed_s=269.825
[exp7969] after_token_admission slot=169 elapsed_s=269.837
[exp7969] before_generation slot=169 elapsed_s=269.837
[exp7969] phase=owned_runtime_heartbeat completed_units=0 elapsed_s=324.981
[exp7969] after_generation completed_units=170 elapsed_s=271.004
[exp7969] before_token_admission slot=170 elapsed_s=271.006
[exp7969] after_token_admission slot=170 elapsed_s=271.019
[exp7969] before_generation slot=170 elapsed_s=271.019
[exp7969] after_generation completed_units=171 elapsed_s=272.194
[exp7969] before_token_admission slot=171 elapsed_s=272.196
[exp7969] after_token_admission slot=171 elapsed_s=272.210
[exp7969] before_generation slot=171 elapsed_s=272.210
[exp7969] after_generation completed_units=172 elapsed_s=273.594
[exp7969] before_token_admission slot=172 elapsed_s=273.595
[exp7969] after_token_admission slot=172 elapsed_s=273.607
[exp7969] before_generation slot=172 elapsed_s=273.607
[exp7969] after_generation completed_units=173 elapsed_s=274.737
[exp7969] before_token_admission slot=173 elapsed_s=274.738
[exp7969] after_token_admission slot=173 elapsed_s=274.751
[exp7969] before_generation slot=173 elapsed_s=274.751
[exp7969] after_generation completed_units=174 elapsed_s=276.212
[exp7969] before_token_admission slot=174 elapsed_s=276.214
[exp7969] after_token_admission slot=174 elapsed_s=276.228
[exp7969] before_generation slot=174 elapsed_s=276.228
[exp7969] after_generation completed_units=175 elapsed_s=277.719
[exp7969] before_token_admission slot=175 elapsed_s=277.721
[exp7969] after_token_admission slot=175 elapsed_s=277.735
[exp7969] before_generation slot=175 elapsed_s=277.735
[exp7969] after_generation completed_units=176 elapsed_s=278.964
[exp7969] checkpoint completed_units=176 elapsed_s=278.970
[exp7969] before_token_admission slot=176 elapsed_s=278.970
[exp7969] after_token_admission slot=176 elapsed_s=278.983
[exp7969] before_generation slot=176 elapsed_s=278.983
[exp7969] after_generation completed_units=177 elapsed_s=280.285
[exp7969] before_token_admission slot=177 elapsed_s=280.286
[exp7969] after_token_admission slot=177 elapsed_s=280.302
[exp7969] before_generation slot=177 elapsed_s=280.302
[exp7969] after_generation completed_units=178 elapsed_s=282.412
[exp7969] before_token_admission slot=179 elapsed_s=282.416
[exp7969] after_token_admission slot=179 elapsed_s=282.429
[exp7969] before_generation slot=179 elapsed_s=282.429
[exp7969] after_generation completed_units=180 elapsed_s=283.658
[exp7969] before_token_admission slot=180 elapsed_s=283.660
[exp7969] after_token_admission slot=180 elapsed_s=283.673
[exp7969] before_generation slot=180 elapsed_s=283.673
[exp7969] after_generation completed_units=181 elapsed_s=284.889
[exp7969] before_token_admission slot=182 elapsed_s=284.891
[exp7969] after_token_admission slot=182 elapsed_s=284.904
[exp7969] before_generation slot=182 elapsed_s=284.904
[exp7969] phase=owned_runtime_heartbeat completed_units=0 elapsed_s=339.982
[exp7969] after_generation completed_units=183 elapsed_s=286.508
[exp7969] before_token_admission slot=183 elapsed_s=286.515
[exp7969] after_token_admission slot=183 elapsed_s=286.527
[exp7969] before_generation slot=183 elapsed_s=286.527
[exp7969] after_generation completed_units=184 elapsed_s=288.044
[exp7969] checkpoint completed_units=184 elapsed_s=288.049
[exp7969] before_token_admission slot=184 elapsed_s=288.049
[exp7969] after_token_admission slot=184 elapsed_s=288.061
[exp7969] before_generation slot=184 elapsed_s=288.061
[exp7969] after_generation completed_units=185 elapsed_s=289.613
[exp7969] before_token_admission slot=185 elapsed_s=289.614
[exp7969] after_token_admission slot=185 elapsed_s=289.627
[exp7969] before_generation slot=185 elapsed_s=289.627
[exp7969] after_generation completed_units=186 elapsed_s=291.045
[exp7969] before_token_admission slot=186 elapsed_s=291.047
[exp7969] after_token_admission slot=186 elapsed_s=291.062
[exp7969] before_generation slot=186 elapsed_s=291.062
[exp7969] after_generation completed_units=187 elapsed_s=292.871
[exp7969] before_token_admission slot=187 elapsed_s=292.872
[exp7969] after_token_admission slot=187 elapsed_s=292.885
[exp7969] before_generation slot=187 elapsed_s=292.885
[exp7969] after_generation completed_units=188 elapsed_s=294.422
[exp7969] before_token_admission slot=188 elapsed_s=294.426
[exp7969] after_token_admission slot=188 elapsed_s=294.440
[exp7969] before_generation slot=188 elapsed_s=294.440
[exp7969] after_generation completed_units=189 elapsed_s=295.669
[exp7969] before_token_admission slot=189 elapsed_s=295.674
[exp7969] after_token_admission slot=189 elapsed_s=295.689
[exp7969] before_generation slot=189 elapsed_s=295.689
[exp7969] after_generation completed_units=190 elapsed_s=297.690
[exp7969] before_token_admission slot=190 elapsed_s=297.692
[exp7969] after_token_admission slot=190 elapsed_s=297.704
[exp7969] before_generation slot=190 elapsed_s=297.704
[exp7969] after_generation completed_units=191 elapsed_s=299.267
[exp7969] before_token_admission slot=191 elapsed_s=299.269
[exp7969] after_token_admission slot=191 elapsed_s=299.284
[exp7969] before_generation slot=191 elapsed_s=299.284
[exp7969] phase=owned_runtime_heartbeat completed_units=0 elapsed_s=354.984
[exp7969] after_generation completed_units=192 elapsed_s=300.481
[exp7969] checkpoint completed_units=192 elapsed_s=300.491
[exp7969] before_token_admission slot=192 elapsed_s=300.491
[exp7969] after_token_admission slot=192 elapsed_s=300.503
[exp7969] before_generation slot=192 elapsed_s=300.503
[exp7969] after_generation completed_units=193 elapsed_s=301.600
[exp7969] before_token_admission slot=193 elapsed_s=301.601
[exp7969] after_token_admission slot=193 elapsed_s=301.618
[exp7969] before_generation slot=193 elapsed_s=301.618
[exp7969] after_generation completed_units=194 elapsed_s=303.650
[exp7969] before_token_admission slot=194 elapsed_s=303.651
[exp7969] after_token_admission slot=194 elapsed_s=303.665
[exp7969] before_generation slot=194 elapsed_s=303.665
[exp7969] after_generation completed_units=195 elapsed_s=305.066
[exp7969] before_token_admission slot=195 elapsed_s=305.067
[exp7969] after_token_admission slot=195 elapsed_s=305.080
[exp7969] before_generation slot=195 elapsed_s=305.080
[exp7969] after_generation completed_units=196 elapsed_s=306.677
[exp7969] before_token_admission slot=196 elapsed_s=306.679
[exp7969] after_token_admission slot=196 elapsed_s=306.692
[exp7969] before_generation slot=196 elapsed_s=306.692
[exp7969] after_generation completed_units=197 elapsed_s=308.268
[exp7969] before_token_admission slot=197 elapsed_s=308.270
[exp7969] after_token_admission slot=197 elapsed_s=308.285
[exp7969] before_generation slot=197 elapsed_s=308.285
[exp7969] after_generation completed_units=198 elapsed_s=309.710
[exp7969] before_token_admission slot=198 elapsed_s=309.712
[exp7969] after_token_admission slot=198 elapsed_s=309.726
[exp7969] before_generation slot=198 elapsed_s=309.726
[exp7969] after_generation completed_units=199 elapsed_s=311.258
[exp7969] before_token_admission slot=199 elapsed_s=311.259
[exp7969] after_token_admission slot=199 elapsed_s=311.284
[exp7969] before_generation slot=199 elapsed_s=311.284
[exp7969] after_generation completed_units=200 elapsed_s=312.776
[exp7969] checkpoint completed_units=200 elapsed_s=312.783
[exp7969] before_token_admission slot=200 elapsed_s=312.783
[exp7969] after_token_admission slot=200 elapsed_s=312.796
[exp7969] before_generation slot=200 elapsed_s=312.796
[exp7969] after_generation completed_units=201 elapsed_s=314.328
[exp7969] before_token_admission slot=201 elapsed_s=314.330
[exp7969] after_token_admission slot=201 elapsed_s=314.345
[exp7969] before_generation slot=201 elapsed_s=314.345
[exp7969] phase=owned_runtime_heartbeat completed_units=0 elapsed_s=369.985
[exp7969] after_generation completed_units=202 elapsed_s=315.850
[exp7969] before_token_admission slot=202 elapsed_s=315.852
[exp7969] after_token_admission slot=202 elapsed_s=315.864
[exp7969] before_generation slot=202 elapsed_s=315.864
[exp7969] after_generation completed_units=203 elapsed_s=317.208
[exp7969] before_token_admission slot=203 elapsed_s=317.210
[exp7969] after_token_admission slot=203 elapsed_s=317.222
[exp7969] before_generation slot=203 elapsed_s=317.223
[exp7969] after_generation completed_units=204 elapsed_s=318.412
[exp7969] before_token_admission slot=204 elapsed_s=318.415
[exp7969] after_token_admission slot=204 elapsed_s=318.428
[exp7969] before_generation slot=204 elapsed_s=318.428
[exp7969] after_generation completed_units=205 elapsed_s=319.903
[exp7969] before_token_admission slot=205 elapsed_s=319.904
[exp7969] after_token_admission slot=205 elapsed_s=319.920
[exp7969] before_generation slot=205 elapsed_s=319.920
[exp7969] after_generation completed_units=206 elapsed_s=321.903
[exp7969] before_token_admission slot=206 elapsed_s=321.904
[exp7969] after_token_admission slot=206 elapsed_s=321.917
[exp7969] before_generation slot=206 elapsed_s=321.917
[exp7969] after_generation completed_units=207 elapsed_s=323.709
[exp7969] before_token_admission slot=207 elapsed_s=323.710
[exp7969] after_token_admission slot=207 elapsed_s=323.723
[exp7969] before_generation slot=207 elapsed_s=323.723
[exp7969] after_generation completed_units=208 elapsed_s=325.028
[exp7969] checkpoint completed_units=208 elapsed_s=325.043
[exp7969] before_token_admission slot=208 elapsed_s=325.043
[exp7969] after_token_admission slot=208 elapsed_s=325.056
[exp7969] before_generation slot=208 elapsed_s=325.056
[exp7969] after_generation completed_units=209 elapsed_s=326.563
[exp7969] before_token_admission slot=209 elapsed_s=326.564
[exp7969] after_token_admission slot=209 elapsed_s=326.577
[exp7969] before_generation slot=209 elapsed_s=326.577
[exp7969] after_generation completed_units=210 elapsed_s=328.071
[exp7969] before_token_admission slot=210 elapsed_s=328.073
[exp7969] after_token_admission slot=210 elapsed_s=328.086
[exp7969] before_generation slot=210 elapsed_s=328.086
[exp7969] after_generation completed_units=211 elapsed_s=329.695
[exp7969] before_token_admission slot=211 elapsed_s=329.696
[exp7969] after_token_admission slot=211 elapsed_s=329.708
[exp7969] before_generation slot=211 elapsed_s=329.708
[exp7969] phase=owned_runtime_heartbeat completed_units=0 elapsed_s=384.986
[exp7969] after_generation completed_units=212 elapsed_s=331.097
[exp7969] before_token_admission slot=212 elapsed_s=331.098
[exp7969] after_token_admission slot=212 elapsed_s=331.111
[exp7969] before_generation slot=212 elapsed_s=331.111
[exp7969] after_generation completed_units=213 elapsed_s=332.488
[exp7969] before_token_admission slot=213 elapsed_s=332.491
[exp7969] after_token_admission slot=213 elapsed_s=332.504
[exp7969] before_generation slot=213 elapsed_s=332.504
[exp7969] after_generation completed_units=214 elapsed_s=334.081
[exp7969] before_token_admission slot=214 elapsed_s=334.082
[exp7969] after_token_admission slot=214 elapsed_s=334.096
[exp7969] before_generation slot=214 elapsed_s=334.096
[exp7969] after_generation completed_units=215 elapsed_s=335.942
[exp7969] before_token_admission slot=215 elapsed_s=335.943
[exp7969] after_token_admission slot=215 elapsed_s=335.957
[exp7969] before_generation slot=215 elapsed_s=335.957
[exp7969] after_generation completed_units=216 elapsed_s=337.634
[exp7969] checkpoint completed_units=216 elapsed_s=337.641
[exp7969] before_token_admission slot=216 elapsed_s=337.641
[exp7969] after_token_admission slot=216 elapsed_s=337.653
[exp7969] before_generation slot=216 elapsed_s=337.653
[exp7969] after_generation completed_units=217 elapsed_s=339.231
[exp7969] before_token_admission slot=217 elapsed_s=339.232
[exp7969] after_token_admission slot=217 elapsed_s=339.245
[exp7969] before_generation slot=217 elapsed_s=339.245
[exp7969] after_generation completed_units=218 elapsed_s=340.450
[exp7969] before_token_admission slot=218 elapsed_s=340.452
[exp7969] after_token_admission slot=218 elapsed_s=340.465
[exp7969] before_generation slot=218 elapsed_s=340.465
[exp7969] after_generation completed_units=219 elapsed_s=341.943
[exp7969] before_token_admission slot=219 elapsed_s=341.945
[exp7969] after_token_admission slot=219 elapsed_s=341.959
[exp7969] before_generation slot=219 elapsed_s=341.959
[exp7969] after_generation completed_units=220 elapsed_s=343.741
[exp7969] before_token_admission slot=220 elapsed_s=343.742
[exp7969] after_token_admission slot=220 elapsed_s=343.757
[exp7969] before_generation slot=220 elapsed_s=343.757
[exp7969] phase=owned_runtime_heartbeat completed_units=0 elapsed_s=399.988
[exp7969] after_generation completed_units=221 elapsed_s=345.633
[exp7969] before_token_admission slot=221 elapsed_s=345.634
[exp7969] after_token_admission slot=221 elapsed_s=345.647
[exp7969] before_generation slot=221 elapsed_s=345.647
[exp7969] after_generation completed_units=222 elapsed_s=347.021
[exp7969] before_token_admission slot=222 elapsed_s=347.022
[exp7969] after_token_admission slot=222 elapsed_s=347.036
[exp7969] before_generation slot=222 elapsed_s=347.036
[exp7969] after_generation completed_units=223 elapsed_s=348.381
[exp7969] before_token_admission slot=223 elapsed_s=348.382
[exp7969] after_token_admission slot=223 elapsed_s=348.395
[exp7969] before_generation slot=223 elapsed_s=348.395
[exp7969] after_generation completed_units=224 elapsed_s=349.949
[exp7969] checkpoint completed_units=224 elapsed_s=349.955
[exp7969] before_token_admission slot=224 elapsed_s=349.955
[exp7969] after_token_admission slot=224 elapsed_s=349.968
[exp7969] before_generation slot=224 elapsed_s=349.968
[exp7969] after_generation completed_units=225 elapsed_s=351.693
[exp7969] before_token_admission slot=225 elapsed_s=351.694
[exp7969] after_token_admission slot=225 elapsed_s=351.707
[exp7969] before_generation slot=225 elapsed_s=351.707
[exp7969] after_generation completed_units=226 elapsed_s=352.849
[exp7969] before_token_admission slot=226 elapsed_s=352.850
[exp7969] after_token_admission slot=226 elapsed_s=352.865
[exp7969] before_generation slot=226 elapsed_s=352.865
[exp7969] after_generation completed_units=227 elapsed_s=354.566
[exp7969] before_token_admission slot=227 elapsed_s=354.567
[exp7969] after_token_admission slot=227 elapsed_s=354.581
[exp7969] before_generation slot=227 elapsed_s=354.581
[exp7969] after_generation completed_units=228 elapsed_s=355.751
[exp7969] before_token_admission slot=228 elapsed_s=355.752
[exp7969] after_token_admission slot=228 elapsed_s=355.766
[exp7969] before_generation slot=228 elapsed_s=355.766
[exp7969] after_generation completed_units=229 elapsed_s=357.204
[exp7969] before_token_admission slot=229 elapsed_s=357.206
[exp7969] after_token_admission slot=229 elapsed_s=357.219
[exp7969] before_generation slot=229 elapsed_s=357.219
[exp7969] after_generation completed_units=230 elapsed_s=358.723
[exp7969] before_token_admission slot=230 elapsed_s=358.732
[exp7969] after_token_admission slot=230 elapsed_s=358.745
[exp7969] before_generation slot=230 elapsed_s=358.745
[exp7969] phase=owned_runtime_heartbeat completed_units=0 elapsed_s=414.989
[exp7969] after_generation completed_units=231 elapsed_s=360.129
[exp7969] before_token_admission slot=231 elapsed_s=360.130
[exp7969] after_token_admission slot=231 elapsed_s=360.144
[exp7969] before_generation slot=231 elapsed_s=360.144
[exp7969] after_generation completed_units=232 elapsed_s=361.928
[exp7969] checkpoint completed_units=232 elapsed_s=361.934
[exp7969] before_token_admission slot=232 elapsed_s=361.934
[exp7969] after_token_admission slot=232 elapsed_s=361.946
[exp7969] before_generation slot=232 elapsed_s=361.946
[exp7969] after_generation completed_units=233 elapsed_s=363.066
[exp7969] before_token_admission slot=233 elapsed_s=363.067
[exp7969] after_token_admission slot=233 elapsed_s=363.080
[exp7969] before_generation slot=233 elapsed_s=363.080
[exp7969] after_generation completed_units=234 elapsed_s=364.484
[exp7969] before_token_admission slot=234 elapsed_s=364.486
[exp7969] after_token_admission slot=234 elapsed_s=364.499
[exp7969] before_generation slot=234 elapsed_s=364.499
[exp7969] after_generation completed_units=235 elapsed_s=365.892
[exp7969] before_token_admission slot=235 elapsed_s=365.922
[exp7969] after_token_admission slot=235 elapsed_s=365.935
[exp7969] before_generation slot=235 elapsed_s=365.935
[exp7969] after_generation completed_units=236 elapsed_s=367.193
[exp7969] before_token_admission slot=236 elapsed_s=367.194
[exp7969] after_token_admission slot=236 elapsed_s=367.207
[exp7969] before_generation slot=236 elapsed_s=367.207
[exp7969] after_generation completed_units=237 elapsed_s=369.039
[exp7969] before_token_admission slot=237 elapsed_s=369.040
[exp7969] after_token_admission slot=237 elapsed_s=369.053
[exp7969] before_generation slot=237 elapsed_s=369.053
[exp7969] after_generation completed_units=238 elapsed_s=370.312
[exp7969] before_token_admission slot=238 elapsed_s=370.313
[exp7969] after_token_admission slot=238 elapsed_s=370.329
[exp7969] before_generation slot=238 elapsed_s=370.329
[exp7969] after_generation completed_units=239 elapsed_s=371.981
[exp7969] before_token_admission slot=239 elapsed_s=371.983
[exp7969] after_token_admission slot=239 elapsed_s=371.998
[exp7969] before_generation slot=239 elapsed_s=371.998
[exp7969] after_generation completed_units=240 elapsed_s=373.388
[exp7969] checkpoint completed_units=240 elapsed_s=373.395
[exp7969] before_token_admission slot=240 elapsed_s=373.395
[exp7969] after_token_admission slot=240 elapsed_s=373.408
[exp7969] before_generation slot=240 elapsed_s=373.408
[exp7969] after_generation completed_units=241 elapsed_s=374.671
[exp7969] before_token_admission slot=241 elapsed_s=374.672
[exp7969] after_token_admission slot=241 elapsed_s=374.685
[exp7969] before_generation slot=241 elapsed_s=374.685
[exp7969] phase=owned_runtime_heartbeat completed_units=0 elapsed_s=429.990
[exp7969] after_generation completed_units=242 elapsed_s=376.693
[exp7969] before_token_admission slot=242 elapsed_s=376.694
[exp7969] after_token_admission slot=242 elapsed_s=376.706
[exp7969] before_generation slot=242 elapsed_s=376.706
[exp7969] after_generation completed_units=243 elapsed_s=377.865
[exp7969] before_token_admission slot=243 elapsed_s=377.866
[exp7969] after_token_admission slot=243 elapsed_s=377.880
[exp7969] before_generation slot=243 elapsed_s=377.880
[exp7969] after_generation completed_units=244 elapsed_s=379.454
[exp7969] before_token_admission slot=245 elapsed_s=379.463
[exp7969] after_token_admission slot=245 elapsed_s=379.476
[exp7969] before_generation slot=245 elapsed_s=379.476
[exp7969] after_generation completed_units=246 elapsed_s=381.220
[exp7969] before_token_admission slot=246 elapsed_s=381.224
[exp7969] after_token_admission slot=246 elapsed_s=381.238
[exp7969] before_generation slot=246 elapsed_s=381.238
[exp7969] after_generation completed_units=247 elapsed_s=382.648
[exp7969] before_token_admission slot=247 elapsed_s=382.649
[exp7969] after_token_admission slot=247 elapsed_s=382.662
[exp7969] before_generation slot=247 elapsed_s=382.662
[exp7969] after_generation completed_units=248 elapsed_s=383.848
[exp7969] checkpoint completed_units=248 elapsed_s=383.855
[exp7969] before_token_admission slot=248 elapsed_s=383.855
[exp7969] after_token_admission slot=248 elapsed_s=383.868
[exp7969] before_generation slot=248 elapsed_s=383.868
[exp7969] after_generation completed_units=249 elapsed_s=385.319
[exp7969] before_token_admission slot=249 elapsed_s=385.320
[exp7969] after_token_admission slot=249 elapsed_s=385.334
[exp7969] before_generation slot=249 elapsed_s=385.334
[exp7969] after_generation completed_units=250 elapsed_s=386.760
[exp7969] before_token_admission slot=250 elapsed_s=386.761
[exp7969] after_token_admission slot=250 elapsed_s=386.776
[exp7969] before_generation slot=250 elapsed_s=386.776
[exp7969] after_generation completed_units=251 elapsed_s=388.501
[exp7969] before_token_admission slot=251 elapsed_s=388.502
[exp7969] after_token_admission slot=251 elapsed_s=388.516
[exp7969] before_generation slot=251 elapsed_s=388.516
[exp7969] phase=owned_runtime_heartbeat completed_units=0 elapsed_s=444.992
[exp7969] after_generation completed_units=252 elapsed_s=390.307
[exp7969] before_token_admission slot=252 elapsed_s=390.309
[exp7969] after_token_admission slot=252 elapsed_s=390.322
[exp7969] before_generation slot=252 elapsed_s=390.322
[exp7969] after_generation completed_units=253 elapsed_s=391.857
[exp7969] before_token_admission slot=253 elapsed_s=391.858
[exp7969] after_token_admission slot=253 elapsed_s=391.872
[exp7969] before_generation slot=253 elapsed_s=391.872
[exp7969] after_generation completed_units=254 elapsed_s=393.633
[exp7969] before_token_admission slot=254 elapsed_s=393.634
[exp7969] after_token_admission slot=254 elapsed_s=393.647
[exp7969] before_generation slot=254 elapsed_s=393.647
[exp7969] after_generation completed_units=255 elapsed_s=395.151
[exp7969] before_token_admission slot=255 elapsed_s=395.152
[exp7969] after_token_admission slot=255 elapsed_s=395.165
[exp7969] before_generation slot=255 elapsed_s=395.165
[exp7969] after_generation completed_units=256 elapsed_s=396.451
[exp7969] checkpoint completed_units=256 elapsed_s=396.460
[exp7969] before_token_admission slot=256 elapsed_s=396.460
[exp7969] after_token_admission slot=256 elapsed_s=396.473
[exp7969] before_generation slot=256 elapsed_s=396.473
[exp7969] after_generation completed_units=257 elapsed_s=398.150
[exp7969] before_token_admission slot=257 elapsed_s=398.152
[exp7969] after_token_admission slot=257 elapsed_s=398.165
[exp7969] before_generation slot=257 elapsed_s=398.165
[exp7969] after_generation completed_units=258 elapsed_s=399.380
[exp7969] before_token_admission slot=258 elapsed_s=399.382
[exp7969] after_token_admission slot=258 elapsed_s=399.397
[exp7969] before_generation slot=258 elapsed_s=399.397
[exp7969] after_generation completed_units=259 elapsed_s=400.939
[exp7969] before_token_admission slot=259 elapsed_s=400.942
[exp7969] after_token_admission slot=259 elapsed_s=400.957
[exp7969] before_generation slot=259 elapsed_s=400.957
[exp7969] after_generation completed_units=260 elapsed_s=402.570
[exp7969] before_token_admission slot=260 elapsed_s=402.572
[exp7969] after_token_admission slot=260 elapsed_s=402.585
[exp7969] before_generation slot=260 elapsed_s=402.585
[exp7969] after_generation completed_units=261 elapsed_s=404.371
[exp7969] before_token_admission slot=261 elapsed_s=404.373
[exp7969] after_token_admission slot=261 elapsed_s=404.386
[exp7969] before_generation slot=261 elapsed_s=404.386
[exp7969] phase=owned_runtime_heartbeat completed_units=0 elapsed_s=459.993
[exp7969] after_generation completed_units=262 elapsed_s=405.784
[exp7969] before_token_admission slot=262 elapsed_s=405.786
[exp7969] after_token_admission slot=262 elapsed_s=405.802
[exp7969] before_generation slot=262 elapsed_s=405.802
[exp7969] after_generation completed_units=263 elapsed_s=407.301
[exp7969] before_token_admission slot=263 elapsed_s=407.309
[exp7969] after_token_admission slot=263 elapsed_s=407.323
[exp7969] before_generation slot=263 elapsed_s=407.323
[exp7969] after_generation completed_units=264 elapsed_s=408.609
[exp7969] checkpoint completed_units=264 elapsed_s=408.617
[exp7969] before_token_admission slot=264 elapsed_s=408.617
[exp7969] after_token_admission slot=264 elapsed_s=408.630
[exp7969] before_generation slot=264 elapsed_s=408.630
[exp7969] after_generation completed_units=265 elapsed_s=409.884
[exp7969] before_token_admission slot=265 elapsed_s=409.891
[exp7969] after_token_admission slot=265 elapsed_s=409.905
[exp7969] before_generation slot=265 elapsed_s=409.905
[exp7969] after_generation completed_units=266 elapsed_s=411.446
[exp7969] before_token_admission slot=266 elapsed_s=411.448
[exp7969] after_token_admission slot=266 elapsed_s=411.464
[exp7969] before_generation slot=266 elapsed_s=411.464
[exp7969] after_generation completed_units=267 elapsed_s=413.692
[exp7969] before_token_admission slot=267 elapsed_s=413.693
[exp7969] after_token_admission slot=267 elapsed_s=413.707
[exp7969] before_generation slot=267 elapsed_s=413.707
[exp7969] after_generation completed_units=268 elapsed_s=414.937
[exp7969] before_token_admission slot=269 elapsed_s=414.940
[exp7969] after_token_admission slot=269 elapsed_s=414.953
[exp7969] before_generation slot=269 elapsed_s=414.953
[exp7969] after_generation completed_units=270 elapsed_s=416.319
[exp7969] before_token_admission slot=270 elapsed_s=416.323
[exp7969] after_token_admission slot=270 elapsed_s=416.336
[exp7969] before_generation slot=270 elapsed_s=416.336
[exp7969] after_generation completed_units=271 elapsed_s=417.697
[exp7969] before_token_admission slot=271 elapsed_s=417.699
[exp7969] after_token_admission slot=271 elapsed_s=417.713
[exp7969] before_generation slot=271 elapsed_s=417.713
[exp7969] after_generation completed_units=272 elapsed_s=419.336
[exp7969] checkpoint completed_units=272 elapsed_s=419.347
[exp7969] before_token_admission slot=272 elapsed_s=419.347
[exp7969] after_token_admission slot=272 elapsed_s=419.360
[exp7969] before_generation slot=272 elapsed_s=419.360
[exp7969] phase=owned_runtime_heartbeat completed_units=0 elapsed_s=474.994
[exp7969] after_generation completed_units=273 elapsed_s=420.658
[exp7969] before_token_admission slot=273 elapsed_s=420.660
[exp7969] after_token_admission slot=273 elapsed_s=420.673
[exp7969] before_generation slot=273 elapsed_s=420.673
[exp7969] after_generation completed_units=274 elapsed_s=422.209
[exp7969] before_token_admission slot=274 elapsed_s=422.210
[exp7969] after_token_admission slot=274 elapsed_s=422.224
[exp7969] before_generation slot=274 elapsed_s=422.224
[exp7969] after_generation completed_units=275 elapsed_s=423.896
[exp7969] before_token_admission slot=275 elapsed_s=423.898
[exp7969] after_token_admission slot=275 elapsed_s=423.912
[exp7969] before_generation slot=275 elapsed_s=423.912
[exp7969] after_generation completed_units=276 elapsed_s=425.216
[exp7969] before_token_admission slot=276 elapsed_s=425.217
[exp7969] after_token_admission slot=276 elapsed_s=425.231
[exp7969] before_generation slot=276 elapsed_s=425.231
[exp7969] after_generation completed_units=277 elapsed_s=426.757
[exp7969] before_token_admission slot=277 elapsed_s=426.758
[exp7969] after_token_admission slot=277 elapsed_s=426.771
[exp7969] before_generation slot=277 elapsed_s=426.771
[exp7969] after_generation completed_units=278 elapsed_s=427.946
[exp7969] before_token_admission slot=278 elapsed_s=427.947
[exp7969] after_token_admission slot=278 elapsed_s=427.960
[exp7969] before_generation slot=278 elapsed_s=427.960
[exp7969] after_generation completed_units=279 elapsed_s=429.331
[exp7969] before_token_admission slot=279 elapsed_s=429.332
[exp7969] after_token_admission slot=279 elapsed_s=429.347
[exp7969] before_generation slot=279 elapsed_s=429.347
[exp7969] after_generation completed_units=280 elapsed_s=430.851
[exp7969] checkpoint completed_units=280 elapsed_s=430.858
[exp7969] before_token_admission slot=280 elapsed_s=430.858
[exp7969] after_token_admission slot=280 elapsed_s=430.872
[exp7969] before_generation slot=280 elapsed_s=430.872
[exp7969] after_generation completed_units=281 elapsed_s=432.430
[exp7969] before_token_admission slot=281 elapsed_s=432.432
[exp7969] after_token_admission slot=281 elapsed_s=432.445
[exp7969] before_generation slot=281 elapsed_s=432.445
[exp7969] after_generation completed_units=282 elapsed_s=433.749
[exp7969] before_token_admission slot=282 elapsed_s=433.756
[exp7969] after_token_admission slot=282 elapsed_s=433.770
[exp7969] before_generation slot=282 elapsed_s=433.770
[exp7969] phase=owned_runtime_heartbeat completed_units=0 elapsed_s=489.995
[exp7969] after_generation completed_units=283 elapsed_s=435.389
[exp7969] before_token_admission slot=283 elapsed_s=435.402
[exp7969] after_token_admission slot=283 elapsed_s=435.417
[exp7969] before_generation slot=283 elapsed_s=435.417
[exp7969] after_generation completed_units=284 elapsed_s=436.605
[exp7969] before_token_admission slot=284 elapsed_s=436.606
[exp7969] after_token_admission slot=284 elapsed_s=436.619
[exp7969] before_generation slot=284 elapsed_s=436.619
[exp7969] after_generation completed_units=285 elapsed_s=437.717
[exp7969] before_token_admission slot=285 elapsed_s=437.719
[exp7969] after_token_admission slot=285 elapsed_s=437.731
[exp7969] before_generation slot=285 elapsed_s=437.731
[exp7969] after_generation completed_units=286 elapsed_s=439.039
[exp7969] before_token_admission slot=287 elapsed_s=439.041
[exp7969] after_token_admission slot=287 elapsed_s=439.054
[exp7969] before_generation slot=287 elapsed_s=439.054
[exp7969] after_generation completed_units=288 elapsed_s=440.558
[exp7969] checkpoint completed_units=288 elapsed_s=440.566
[exp7969] before_token_admission slot=288 elapsed_s=440.566
[exp7969] after_token_admission slot=288 elapsed_s=440.579
[exp7969] before_generation slot=288 elapsed_s=440.579
[exp7969] after_generation completed_units=289 elapsed_s=441.838
[exp7969] before_token_admission slot=289 elapsed_s=441.842
[exp7969] after_token_admission slot=289 elapsed_s=441.857
[exp7969] before_generation slot=289 elapsed_s=441.857
[exp7969] after_generation completed_units=290 elapsed_s=443.544
[exp7969] before_token_admission slot=290 elapsed_s=443.545
[exp7969] after_token_admission slot=290 elapsed_s=443.558
[exp7969] before_generation slot=290 elapsed_s=443.558
[exp7969] after_generation completed_units=291 elapsed_s=444.849
[exp7969] before_token_admission slot=292 elapsed_s=444.851
[exp7969] after_token_admission slot=292 elapsed_s=444.864
[exp7969] before_generation slot=292 elapsed_s=444.864
[exp7969] after_generation completed_units=293 elapsed_s=446.775
[exp7969] before_token_admission slot=293 elapsed_s=446.777
[exp7969] after_token_admission slot=293 elapsed_s=446.790
[exp7969] before_generation slot=293 elapsed_s=446.790
[exp7969] after_generation completed_units=294 elapsed_s=448.433
[exp7969] before_token_admission slot=294 elapsed_s=448.435
[exp7969] after_token_admission slot=294 elapsed_s=448.448
[exp7969] before_generation slot=294 elapsed_s=448.448
[exp7969] after_generation completed_units=295 elapsed_s=449.790
[exp7969] before_token_admission slot=295 elapsed_s=449.791
[exp7969] after_token_admission slot=295 elapsed_s=449.804
[exp7969] before_generation slot=295 elapsed_s=449.804
[exp7969] phase=owned_runtime_heartbeat completed_units=0 elapsed_s=504.997
[exp7969] after_generation completed_units=296 elapsed_s=451.039
[exp7969] checkpoint completed_units=296 elapsed_s=451.070
[exp7969] before_token_admission slot=296 elapsed_s=451.070
[exp7969] after_token_admission slot=296 elapsed_s=451.086
[exp7969] before_generation slot=296 elapsed_s=451.086
[exp7969] after_generation completed_units=297 elapsed_s=453.078
[exp7969] before_token_admission slot=297 elapsed_s=453.080
[exp7969] after_token_admission slot=297 elapsed_s=453.094
[exp7969] before_generation slot=297 elapsed_s=453.094
[exp7969] after_generation completed_units=298 elapsed_s=454.775
[exp7969] before_token_admission slot=299 elapsed_s=454.782
[exp7969] after_token_admission slot=299 elapsed_s=454.795
[exp7969] before_generation slot=299 elapsed_s=454.795
[exp7969] after_generation completed_units=300 elapsed_s=455.961
[exp7969] before_token_admission slot=300 elapsed_s=455.962
[exp7969] after_token_admission slot=300 elapsed_s=455.975
[exp7969] before_generation slot=300 elapsed_s=455.975
[exp7969] after_generation completed_units=301 elapsed_s=457.163
[exp7969] before_token_admission slot=301 elapsed_s=457.164
[exp7969] after_token_admission slot=301 elapsed_s=457.178
[exp7969] before_generation slot=301 elapsed_s=457.178
[exp7969] after_generation completed_units=302 elapsed_s=458.497
[exp7969] before_token_admission slot=302 elapsed_s=458.498
[exp7969] after_token_admission slot=302 elapsed_s=458.510
[exp7969] before_generation slot=302 elapsed_s=458.510
[exp7969] after_generation completed_units=303 elapsed_s=459.752
[exp7969] before_token_admission slot=303 elapsed_s=459.753
[exp7969] after_token_admission slot=303 elapsed_s=459.767
[exp7969] before_generation slot=303 elapsed_s=459.767
[exp7969] after_generation completed_units=304 elapsed_s=461.348
[exp7969] checkpoint completed_units=304 elapsed_s=461.355
[exp7969] before_token_admission slot=304 elapsed_s=461.355
[exp7969] after_token_admission slot=304 elapsed_s=461.368
[exp7969] before_generation slot=304 elapsed_s=461.368
[exp7969] after_generation completed_units=305 elapsed_s=463.030
[exp7969] before_token_admission slot=305 elapsed_s=463.031
[exp7969] after_token_admission slot=305 elapsed_s=463.045
[exp7969] before_generation slot=305 elapsed_s=463.045
[exp7969] after_generation completed_units=306 elapsed_s=464.552
[exp7969] before_token_admission slot=306 elapsed_s=464.553
[exp7969] after_token_admission slot=306 elapsed_s=464.567
[exp7969] before_generation slot=306 elapsed_s=464.567
[exp7969] phase=owned_runtime_heartbeat completed_units=0 elapsed_s=519.998
[exp7969] after_generation completed_units=307 elapsed_s=465.677
[exp7969] before_token_admission slot=307 elapsed_s=465.679
[exp7969] after_token_admission slot=307 elapsed_s=465.696
[exp7969] before_generation slot=307 elapsed_s=465.696
[exp7969] after_generation completed_units=308 elapsed_s=468.159
[exp7969] before_token_admission slot=308 elapsed_s=468.161
[exp7969] after_token_admission slot=308 elapsed_s=468.174
[exp7969] before_generation slot=308 elapsed_s=468.174
[exp7969] after_generation completed_units=309 elapsed_s=469.610
[exp7969] before_token_admission slot=309 elapsed_s=469.612
[exp7969] after_token_admission slot=309 elapsed_s=469.624
[exp7969] before_generation slot=309 elapsed_s=469.624
[exp7969] after_generation completed_units=310 elapsed_s=470.757
[exp7969] before_token_admission slot=310 elapsed_s=470.758
[exp7969] after_token_admission slot=310 elapsed_s=470.772
[exp7969] before_generation slot=310 elapsed_s=470.772
[exp7969] after_generation completed_units=311 elapsed_s=472.269
[exp7969] before_token_admission slot=311 elapsed_s=472.270
[exp7969] after_token_admission slot=311 elapsed_s=472.282
[exp7969] before_generation slot=311 elapsed_s=472.282
[exp7969] after_generation completed_units=312 elapsed_s=473.426
[exp7969] checkpoint completed_units=312 elapsed_s=473.433
[exp7969] before_token_admission slot=312 elapsed_s=473.433
[exp7969] after_token_admission slot=312 elapsed_s=473.447
[exp7969] before_generation slot=312 elapsed_s=473.447
[exp7969] after_generation completed_units=313 elapsed_s=475.481
[exp7969] before_token_admission slot=313 elapsed_s=475.482
[exp7969] after_token_admission slot=313 elapsed_s=475.499
[exp7969] before_generation slot=313 elapsed_s=475.499
[exp7969] after_generation completed_units=314 elapsed_s=477.788
[exp7969] before_token_admission slot=315 elapsed_s=477.792
[exp7969] after_token_admission slot=315 elapsed_s=477.805
[exp7969] before_generation slot=315 elapsed_s=477.805
[exp7969] after_generation completed_units=316 elapsed_s=479.360
[exp7969] before_token_admission slot=316 elapsed_s=479.361
[exp7969] after_token_admission slot=316 elapsed_s=479.375
[exp7969] before_generation slot=316 elapsed_s=479.375
[exp7969] phase=owned_runtime_heartbeat completed_units=0 elapsed_s=534.999
[exp7969] after_generation completed_units=317 elapsed_s=480.817
[exp7969] before_token_admission slot=317 elapsed_s=480.818
[exp7969] after_token_admission slot=317 elapsed_s=480.832
[exp7969] before_generation slot=317 elapsed_s=480.832
[exp7969] after_generation completed_units=318 elapsed_s=482.170
[exp7969] before_token_admission slot=318 elapsed_s=482.171
[exp7969] after_token_admission slot=318 elapsed_s=482.184
[exp7969] before_generation slot=318 elapsed_s=482.184
[exp7969] after_generation completed_units=319 elapsed_s=483.368
[exp7969] before_token_admission slot=319 elapsed_s=483.369
[exp7969] after_token_admission slot=319 elapsed_s=483.383
[exp7969] before_generation slot=319 elapsed_s=483.383
[exp7969] after_generation completed_units=320 elapsed_s=485.089
[exp7969] checkpoint completed_units=320 elapsed_s=485.098
[exp7969] before_token_admission slot=320 elapsed_s=485.098
[exp7969] after_token_admission slot=320 elapsed_s=485.111
[exp7969] before_generation slot=320 elapsed_s=485.111
[exp7969] after_generation completed_units=321 elapsed_s=486.756
[exp7969] before_token_admission slot=321 elapsed_s=486.759
[exp7969] after_token_admission slot=321 elapsed_s=486.772
[exp7969] before_generation slot=321 elapsed_s=486.772
[exp7969] after_generation completed_units=322 elapsed_s=488.184
[exp7969] before_token_admission slot=322 elapsed_s=488.185
[exp7969] after_token_admission slot=322 elapsed_s=488.198
[exp7969] before_generation slot=322 elapsed_s=488.198
[exp7969] after_generation completed_units=323 elapsed_s=489.735
[exp7969] before_token_admission slot=323 elapsed_s=489.738
[exp7969] after_token_admission slot=323 elapsed_s=489.751
[exp7969] before_generation slot=323 elapsed_s=489.751
[exp7969] after_generation completed_units=324 elapsed_s=491.498
[exp7969] before_token_admission slot=324 elapsed_s=491.499
[exp7969] after_token_admission slot=324 elapsed_s=491.513
[exp7969] before_generation slot=324 elapsed_s=491.513
[exp7969] after_generation completed_units=325 elapsed_s=493.327
[exp7969] before_token_admission slot=325 elapsed_s=493.328
[exp7969] after_token_admission slot=325 elapsed_s=493.341
[exp7969] before_generation slot=325 elapsed_s=493.341
[exp7969] after_generation completed_units=326 elapsed_s=494.687
[exp7969] before_token_admission slot=326 elapsed_s=494.688
[exp7969] after_token_admission slot=326 elapsed_s=494.703
[exp7969] before_generation slot=326 elapsed_s=494.703
[exp7969] phase=owned_runtime_heartbeat completed_units=0 elapsed_s=550.000
[exp7969] after_generation completed_units=327 elapsed_s=497.013
[exp7969] before_token_admission slot=327 elapsed_s=497.017
[exp7969] after_token_admission slot=327 elapsed_s=497.030
[exp7969] before_generation slot=327 elapsed_s=497.030
[exp7969] after_generation completed_units=328 elapsed_s=498.500
[exp7969] checkpoint completed_units=328 elapsed_s=498.508
[exp7969] before_token_admission slot=328 elapsed_s=498.508
[exp7969] after_token_admission slot=328 elapsed_s=498.522
[exp7969] before_generation slot=328 elapsed_s=498.522
[exp7969] after_generation completed_units=329 elapsed_s=500.156
[exp7969] before_token_admission slot=329 elapsed_s=500.157
[exp7969] after_token_admission slot=329 elapsed_s=500.170
[exp7969] before_generation slot=329 elapsed_s=500.170
[exp7969] after_generation completed_units=330 elapsed_s=501.482
[exp7969] before_token_admission slot=330 elapsed_s=501.483
[exp7969] after_token_admission slot=330 elapsed_s=501.496
[exp7969] before_generation slot=330 elapsed_s=501.496
[exp7969] after_generation completed_units=331 elapsed_s=503.006
[exp7969] before_token_admission slot=331 elapsed_s=503.007
[exp7969] after_token_admission slot=331 elapsed_s=503.021
[exp7969] before_generation slot=331 elapsed_s=503.021
[exp7969] after_generation completed_units=332 elapsed_s=504.574
[exp7969] before_token_admission slot=332 elapsed_s=504.576
[exp7969] after_token_admission slot=332 elapsed_s=504.588
[exp7969] before_generation slot=332 elapsed_s=504.588
[exp7969] after_generation completed_units=333 elapsed_s=505.822
[exp7969] before_token_admission slot=333 elapsed_s=505.824
[exp7969] after_token_admission slot=333 elapsed_s=505.837
[exp7969] before_generation slot=333 elapsed_s=505.837
[exp7969] after_generation completed_units=334 elapsed_s=507.159
[exp7969] before_token_admission slot=335 elapsed_s=507.161
[exp7969] after_token_admission slot=335 elapsed_s=507.173
[exp7969] before_generation slot=335 elapsed_s=507.173
[exp7969] after_generation completed_units=336 elapsed_s=508.714
[exp7969] checkpoint completed_units=336 elapsed_s=508.724
[exp7969] before_token_admission slot=336 elapsed_s=508.724
[exp7969] after_token_admission slot=336 elapsed_s=508.738
[exp7969] before_generation slot=336 elapsed_s=508.738
[exp7969] phase=owned_runtime_heartbeat completed_units=0 elapsed_s=565.001
[exp7969] after_generation completed_units=337 elapsed_s=510.102
[exp7969] before_token_admission slot=338 elapsed_s=510.106
[exp7969] after_token_admission slot=338 elapsed_s=510.119
[exp7969] before_generation slot=338 elapsed_s=510.119
[exp7969] after_generation completed_units=339 elapsed_s=511.665
[exp7969] before_token_admission slot=339 elapsed_s=511.667
[exp7969] after_token_admission slot=339 elapsed_s=511.680
[exp7969] before_generation slot=339 elapsed_s=511.680
[exp7969] after_generation completed_units=340 elapsed_s=512.975
[exp7969] before_token_admission slot=340 elapsed_s=512.976
[exp7969] after_token_admission slot=340 elapsed_s=512.989
[exp7969] before_generation slot=340 elapsed_s=512.989
[exp7969] after_generation completed_units=341 elapsed_s=514.164
[exp7969] before_token_admission slot=342 elapsed_s=514.167
[exp7969] after_token_admission slot=342 elapsed_s=514.178
[exp7969] before_generation slot=342 elapsed_s=514.178
[exp7969] after_generation completed_units=343 elapsed_s=515.465
[exp7969] before_token_admission slot=343 elapsed_s=515.467
[exp7969] after_token_admission slot=343 elapsed_s=515.481
[exp7969] before_generation slot=343 elapsed_s=515.481
[exp7969] after_generation completed_units=344 elapsed_s=516.869
[exp7969] checkpoint completed_units=344 elapsed_s=516.877
[exp7969] before_token_admission slot=344 elapsed_s=516.877
[exp7969] after_token_admission slot=344 elapsed_s=516.891
[exp7969] before_generation slot=344 elapsed_s=516.891
[exp7969] after_generation completed_units=345 elapsed_s=518.087
[exp7969] before_token_admission slot=345 elapsed_s=518.088
[exp7969] after_token_admission slot=345 elapsed_s=518.101
[exp7969] before_generation slot=345 elapsed_s=518.101
[exp7969] after_generation completed_units=346 elapsed_s=519.723
[exp7969] before_token_admission slot=346 elapsed_s=519.724
[exp7969] after_token_admission slot=346 elapsed_s=519.738
[exp7969] before_generation slot=346 elapsed_s=519.738
[exp7969] after_generation completed_units=347 elapsed_s=521.390
[exp7969] before_token_admission slot=347 elapsed_s=521.393
[exp7969] after_token_admission slot=347 elapsed_s=521.407
[exp7969] before_generation slot=347 elapsed_s=521.407
[exp7969] after_generation completed_units=348 elapsed_s=523.009
[exp7969] before_token_admission slot=349 elapsed_s=523.011
[exp7969] after_token_admission slot=349 elapsed_s=523.024
[exp7969] before_generation slot=349 elapsed_s=523.024
[exp7969] after_generation completed_units=350 elapsed_s=524.392
[exp7969] before_token_admission slot=350 elapsed_s=524.393
[exp7969] after_token_admission slot=350 elapsed_s=524.408
[exp7969] before_generation slot=350 elapsed_s=524.408
[exp7969] phase=owned_runtime_heartbeat completed_units=0 elapsed_s=580.002
[exp7969] after_generation completed_units=351 elapsed_s=526.241
[exp7969] before_token_admission slot=351 elapsed_s=526.244
[exp7969] after_token_admission slot=351 elapsed_s=526.258
[exp7969] before_generation slot=351 elapsed_s=526.258
[exp7969] after_generation completed_units=352 elapsed_s=527.865
[exp7969] checkpoint completed_units=352 elapsed_s=527.873
[exp7969] before_token_admission slot=352 elapsed_s=527.873
[exp7969] after_token_admission slot=352 elapsed_s=527.887
[exp7969] before_generation slot=352 elapsed_s=527.887
[exp7969] after_generation completed_units=353 elapsed_s=529.317
[exp7969] before_token_admission slot=353 elapsed_s=529.318
[exp7969] after_token_admission slot=353 elapsed_s=529.331
[exp7969] before_generation slot=353 elapsed_s=529.331
[exp7969] after_generation completed_units=354 elapsed_s=530.894
[exp7969] before_token_admission slot=354 elapsed_s=530.895
[exp7969] after_token_admission slot=354 elapsed_s=530.909
[exp7969] before_generation slot=354 elapsed_s=530.909
[exp7969] after_generation completed_units=355 elapsed_s=532.490
[exp7969] before_token_admission slot=355 elapsed_s=532.495
[exp7969] after_token_admission slot=355 elapsed_s=532.509
[exp7969] before_generation slot=355 elapsed_s=532.509
[exp7969] after_generation completed_units=356 elapsed_s=534.088
[exp7969] before_token_admission slot=356 elapsed_s=534.089
[exp7969] after_token_admission slot=356 elapsed_s=534.102
[exp7969] before_generation slot=356 elapsed_s=534.102
[exp7969] after_generation completed_units=357 elapsed_s=535.409
[exp7969] before_token_admission slot=357 elapsed_s=535.410
[exp7969] after_token_admission slot=357 elapsed_s=535.427
[exp7969] before_generation slot=357 elapsed_s=535.427
[exp7969] after_generation completed_units=358 elapsed_s=538.373
[exp7969] before_token_admission slot=358 elapsed_s=538.374
[exp7969] after_token_admission slot=358 elapsed_s=538.389
[exp7969] before_generation slot=358 elapsed_s=538.389
[exp7969] phase=owned_runtime_heartbeat completed_units=0 elapsed_s=595.004
[exp7969] after_generation completed_units=359 elapsed_s=540.048
[exp7969] before_token_admission slot=359 elapsed_s=540.054
[exp7969] after_token_admission slot=359 elapsed_s=540.068
[exp7969] before_generation slot=359 elapsed_s=540.068
[exp7969] after_generation completed_units=360 elapsed_s=541.684
[exp7969] checkpoint completed_units=360 elapsed_s=541.692
[exp7969] before_token_admission slot=360 elapsed_s=541.692
[exp7969] after_token_admission slot=360 elapsed_s=541.704
[exp7969] before_generation slot=360 elapsed_s=541.704
[exp7969] after_generation completed_units=361 elapsed_s=542.904
[exp7969] before_token_admission slot=361 elapsed_s=542.906
[exp7969] after_token_admission slot=361 elapsed_s=542.920
[exp7969] before_generation slot=361 elapsed_s=542.920
[exp7969] after_generation completed_units=362 elapsed_s=544.961
[exp7969] before_token_admission slot=362 elapsed_s=544.962
[exp7969] after_token_admission slot=362 elapsed_s=544.975
[exp7969] before_generation slot=362 elapsed_s=544.975
[exp7969] after_generation completed_units=363 elapsed_s=546.376
[exp7969] before_token_admission slot=363 elapsed_s=546.378
[exp7969] after_token_admission slot=363 elapsed_s=546.392
[exp7969] before_generation slot=363 elapsed_s=546.392
[exp7969] after_generation completed_units=364 elapsed_s=547.717
[exp7969] before_token_admission slot=364 elapsed_s=547.718
[exp7969] after_token_admission slot=364 elapsed_s=547.731
[exp7969] before_generation slot=364 elapsed_s=547.731
[exp7969] after_generation completed_units=365 elapsed_s=548.944
[exp7969] before_token_admission slot=365 elapsed_s=548.945
[exp7969] after_token_admission slot=365 elapsed_s=548.958
[exp7969] before_generation slot=365 elapsed_s=548.958
[exp7969] after_generation completed_units=366 elapsed_s=550.166
[exp7969] before_token_admission slot=366 elapsed_s=550.168
[exp7969] after_token_admission slot=366 elapsed_s=550.182
[exp7969] before_generation slot=366 elapsed_s=550.182
[exp7969] after_generation completed_units=367 elapsed_s=552.090
[exp7969] before_token_admission slot=367 elapsed_s=552.091
[exp7969] after_token_admission slot=367 elapsed_s=552.104
[exp7969] before_generation slot=367 elapsed_s=552.104
[exp7969] after_generation completed_units=368 elapsed_s=553.506
[exp7969] checkpoint completed_units=368 elapsed_s=553.515
[exp7969] before_token_admission slot=368 elapsed_s=553.515
[exp7969] after_token_admission slot=368 elapsed_s=553.527
[exp7969] before_generation slot=368 elapsed_s=553.527
[exp7969] after_generation completed_units=369 elapsed_s=554.745
[exp7969] before_token_admission slot=369 elapsed_s=554.746
[exp7969] after_token_admission slot=369 elapsed_s=554.759
[exp7969] before_generation slot=369 elapsed_s=554.759
[exp7969] phase=owned_runtime_heartbeat completed_units=0 elapsed_s=610.005
[exp7969] after_generation completed_units=370 elapsed_s=556.143
[exp7969] before_token_admission slot=370 elapsed_s=556.145
[exp7969] after_token_admission slot=370 elapsed_s=556.158
[exp7969] before_generation slot=370 elapsed_s=556.158
[exp7969] after_generation completed_units=371 elapsed_s=557.487
[exp7969] before_token_admission slot=371 elapsed_s=557.488
[exp7969] after_token_admission slot=371 elapsed_s=557.501
[exp7969] before_generation slot=371 elapsed_s=557.501
[exp7969] after_generation completed_units=372 elapsed_s=558.813
[exp7969] before_token_admission slot=372 elapsed_s=558.814
[exp7969] after_token_admission slot=372 elapsed_s=558.827
[exp7969] before_generation slot=372 elapsed_s=558.827
[exp7969] after_generation completed_units=373 elapsed_s=560.386
[exp7969] before_token_admission slot=373 elapsed_s=560.387
[exp7969] after_token_admission slot=373 elapsed_s=560.402
[exp7969] before_generation slot=373 elapsed_s=560.402
[exp7969] after_generation completed_units=374 elapsed_s=562.454
[exp7969] before_token_admission slot=374 elapsed_s=562.456
[exp7969] after_token_admission slot=374 elapsed_s=562.470
[exp7969] before_generation slot=374 elapsed_s=562.470
[exp7969] after_generation completed_units=375 elapsed_s=563.826
[exp7969] before_token_admission slot=375 elapsed_s=563.828
[exp7969] after_token_admission slot=375 elapsed_s=563.842
[exp7969] before_generation slot=375 elapsed_s=563.842
[exp7969] after_generation completed_units=376 elapsed_s=565.236
[exp7969] checkpoint completed_units=376 elapsed_s=565.255
[exp7969] before_token_admission slot=376 elapsed_s=565.255
[exp7969] after_token_admission slot=376 elapsed_s=565.268
[exp7969] before_generation slot=376 elapsed_s=565.268
[exp7969] after_generation completed_units=377 elapsed_s=566.960
[exp7969] before_token_admission slot=377 elapsed_s=566.962
[exp7969] after_token_admission slot=377 elapsed_s=566.975
[exp7969] before_generation slot=377 elapsed_s=566.975
[exp7969] after_generation completed_units=378 elapsed_s=568.499
[exp7969] before_token_admission slot=379 elapsed_s=568.507
[exp7969] after_token_admission slot=379 elapsed_s=568.522
[exp7969] before_generation slot=379 elapsed_s=568.522
[exp7969] phase=owned_runtime_heartbeat completed_units=0 elapsed_s=625.006
[exp7969] after_generation completed_units=380 elapsed_s=570.530
[exp7969] before_token_admission slot=380 elapsed_s=570.532
[exp7969] after_token_admission slot=380 elapsed_s=570.549
[exp7969] before_generation slot=380 elapsed_s=570.549
[exp7969] after_generation completed_units=381 elapsed_s=572.894
[exp7969] before_token_admission slot=381 elapsed_s=572.897
[exp7969] after_token_admission slot=381 elapsed_s=572.910
[exp7969] before_generation slot=381 elapsed_s=572.910
[exp7969] after_generation completed_units=382 elapsed_s=574.243
[exp7969] before_token_admission slot=382 elapsed_s=574.250
[exp7969] after_token_admission slot=382 elapsed_s=574.264
[exp7969] before_generation slot=382 elapsed_s=574.264
[exp7969] after_generation completed_units=383 elapsed_s=575.567
[exp7969] before_token_admission slot=383 elapsed_s=575.575
[exp7969] after_token_admission slot=383 elapsed_s=575.589
[exp7969] before_generation slot=383 elapsed_s=575.589
[exp7969] after_generation completed_units=384 elapsed_s=577.101
[exp7969] checkpoint completed_units=384 elapsed_s=577.113
[exp7969] phase=before_model_unload completed_units=0 elapsed_s=632.072
[exp7303-validation] before_subprocess gpu_memory elapsed_s=0.000 unit=1/1
[exp7303-validation:gpu_memory] 4
[exp7303-validation] after_subprocess gpu_memory elapsed_s=0.014 exit=0 unit=1/1
[exp7969] phase=after_model_unload completed_units=0 elapsed_s=640.419
[exp7969] phase=capture_child_finished completed_units=384 elapsed_s=640.473
