[exp8211] phase=preconditions_start completed=0 pending=0
[exp8211] phase=preconditions_complete completed=60 pending=0
[exp8211] phase=before_natural_benchmark completed=0 pending=20
[exp8152] phase=fixture_slots completed=32 pending=224
[exp8152] phase=fixture_slots completed=64 pending=192
[exp8152] phase=fixture_slots completed=96 pending=160
[exp8152] phase=fixture_slots completed=128 pending=128
[exp8152] phase=fixture_slots completed=160 pending=96
[exp8152] phase=fixture_slots completed=192 pending=64
[exp8152] phase=fixture_slots completed=224 pending=32
[exp8152] phase=fixture_slots completed=256 pending=0
[exp8211] phase=after_natural_benchmark completed=1 pending=19
[exp8211] phase=before_natural_benchmark completed=1 pending=19
[exp8152] phase=fixture_slots completed=32 pending=224
[exp8152] phase=fixture_slots completed=64 pending=192
[exp8152] phase=fixture_slots completed=96 pending=160
[exp8152] phase=fixture_slots completed=128 pending=128
[exp8152] phase=fixture_slots completed=160 pending=96
[exp8152] phase=fixture_slots completed=192 pending=64
[exp8152] phase=fixture_slots completed=224 pending=32
[exp8152] phase=fixture_slots completed=256 pending=0
[exp8211] phase=after_natural_benchmark completed=2 pending=18
[exp8211] phase=before_natural_benchmark completed=2 pending=18
[exp8152] phase=fixture_slots completed=32 pending=224
[exp8152] phase=fixture_slots completed=64 pending=192
[exp8152] phase=fixture_slots completed=96 pending=160
[exp8152] phase=fixture_slots completed=128 pending=128
[exp8152] phase=fixture_slots completed=160 pending=96
[exp8152] phase=fixture_slots completed=192 pending=64
[exp8152] phase=fixture_slots completed=224 pending=32
[exp8152] phase=fixture_slots completed=256 pending=0
[exp8211] phase=after_natural_benchmark completed=3 pending=17
[exp8211] phase=before_natural_benchmark completed=3 pending=17
[exp8152] phase=fixture_slots completed=32 pending=224
[exp8152] phase=fixture_slots completed=64 pending=192
[exp8152] phase=fixture_slots completed=96 pending=160
[exp8152] phase=fixture_slots completed=128 pending=128
[exp8152] phase=fixture_slots completed=160 pending=96
[exp8152] phase=fixture_slots completed=192 pending=64
[exp8152] phase=fixture_slots completed=224 pending=32
[exp8152] phase=fixture_slots completed=256 pending=0
[exp8211] phase=after_natural_benchmark completed=4 pending=16
[exp8211] phase=before_natural_benchmark completed=4 pending=16
[exp8152] phase=fixture_slots completed=32 pending=224
[exp8152] phase=fixture_slots completed=64 pending=192
[exp8152] phase=fixture_slots completed=96 pending=160
[exp8152] phase=fixture_slots completed=128 pending=128
[exp8152] phase=fixture_slots completed=160 pending=96
[exp8152] phase=fixture_slots completed=192 pending=64
[exp8152] phase=fixture_slots completed=224 pending=32
[exp8152] phase=fixture_slots completed=256 pending=0
[exp8211] phase=after_natural_benchmark completed=5 pending=15
[exp8211] phase=before_natural_benchmark completed=5 pending=15
[exp8152] phase=fixture_slots completed=32 pending=224
[exp8152] phase=fixture_slots completed=64 pending=192
[exp8152] phase=fixture_slots completed=96 pending=160
[exp8152] phase=fixture_slots completed=128 pending=128
[exp8152] phase=fixture_slots completed=160 pending=96
[exp8152] phase=fixture_slots completed=192 pending=64
[exp8152] phase=fixture_slots completed=224 pending=32
[exp8152] phase=fixture_slots completed=256 pending=0
[exp8211] phase=after_natural_benchmark completed=6 pending=14
[exp8211] phase=before_natural_benchmark completed=6 pending=14
[exp8152] phase=fixture_slots completed=32 pending=224
[exp8152] phase=fixture_slots completed=64 pending=192
[exp8152] phase=fixture_slots completed=96 pending=160
[exp8152] phase=fixture_slots completed=128 pending=128
[exp8152] phase=fixture_slots completed=160 pending=96
[exp8152] phase=fixture_slots completed=192 pending=64
[exp8152] phase=fixture_slots completed=224 pending=32
[exp8152] phase=fixture_slots completed=256 pending=0
[exp8211] phase=after_natural_benchmark completed=7 pending=13
[exp8211] phase=before_natural_benchmark completed=7 pending=13
[exp8152] phase=fixture_slots completed=32 pending=224
[exp8152] phase=fixture_slots completed=64 pending=192
[exp8152] phase=fixture_slots completed=96 pending=160
[exp8152] phase=fixture_slots completed=128 pending=128
[exp8152] phase=fixture_slots completed=160 pending=96
[exp8152] phase=fixture_slots completed=192 pending=64
[exp8152] phase=fixture_slots completed=224 pending=32
[exp8152] phase=fixture_slots completed=256 pending=0
[exp8211] phase=after_natural_benchmark completed=8 pending=12
[exp8211] phase=before_natural_benchmark completed=8 pending=12
[exp8152] phase=fixture_slots completed=32 pending=224
[exp8152] phase=fixture_slots completed=64 pending=192
[exp8152] phase=fixture_slots completed=96 pending=160
[exp8152] phase=fixture_slots completed=128 pending=128
[exp8152] phase=fixture_slots completed=160 pending=96
[exp8152] phase=fixture_slots completed=192 pending=64
[exp8152] phase=fixture_slots completed=224 pending=32
[exp8152] phase=fixture_slots completed=256 pending=0
[exp8211] phase=after_natural_benchmark completed=9 pending=11
[exp8211] phase=before_natural_benchmark completed=9 pending=11
[exp8152] phase=fixture_slots completed=32 pending=224
[exp8152] phase=fixture_slots completed=64 pending=192
[exp8152] phase=fixture_slots completed=96 pending=160
[exp8152] phase=fixture_slots completed=128 pending=128
[exp8152] phase=fixture_slots completed=160 pending=96
[exp8152] phase=fixture_slots completed=192 pending=64
[exp8152] phase=fixture_slots completed=224 pending=32
[exp8152] phase=fixture_slots completed=256 pending=0
[exp8211] phase=after_natural_benchmark completed=10 pending=10
[exp8211] phase=before_natural_benchmark completed=10 pending=10
[exp8152] phase=fixture_slots completed=32 pending=224
[exp8152] phase=fixture_slots completed=64 pending=192
[exp8152] phase=fixture_slots completed=96 pending=160
[exp8152] phase=fixture_slots completed=128 pending=128
[exp8152] phase=fixture_slots completed=160 pending=96
[exp8152] phase=fixture_slots completed=192 pending=64
[exp8152] phase=fixture_slots completed=224 pending=32
[exp8152] phase=fixture_slots completed=256 pending=0
[exp8211] phase=after_natural_benchmark completed=11 pending=9
[exp8211] phase=before_natural_benchmark completed=11 pending=9
[exp8152] phase=fixture_slots completed=32 pending=224
[exp8152] phase=fixture_slots completed=64 pending=192
[exp8152] phase=fixture_slots completed=96 pending=160
[exp8152] phase=fixture_slots completed=128 pending=128
[exp8152] phase=fixture_slots completed=160 pending=96
[exp8152] phase=fixture_slots completed=192 pending=64
[exp8152] phase=fixture_slots completed=224 pending=32
[exp8152] phase=fixture_slots completed=256 pending=0
[exp8211] phase=after_natural_benchmark completed=12 pending=8
[exp8211] phase=before_natural_benchmark completed=12 pending=8
[exp8152] phase=fixture_slots completed=32 pending=224
[exp8152] phase=fixture_slots completed=64 pending=192
[exp8152] phase=fixture_slots completed=96 pending=160
[exp8152] phase=fixture_slots completed=128 pending=128
[exp8152] phase=fixture_slots completed=160 pending=96
[exp8152] phase=fixture_slots completed=192 pending=64
[exp8152] phase=fixture_slots completed=224 pending=32
[exp8152] phase=fixture_slots completed=256 pending=0
[exp8211] phase=after_natural_benchmark completed=13 pending=7
[exp8211] phase=before_natural_benchmark completed=13 pending=7
[exp8152] phase=fixture_slots completed=32 pending=224
[exp8152] phase=fixture_slots completed=64 pending=192
[exp8152] phase=fixture_slots completed=96 pending=160
[exp8152] phase=fixture_slots completed=128 pending=128
[exp8152] phase=fixture_slots completed=160 pending=96
[exp8152] phase=fixture_slots completed=192 pending=64
[exp8152] phase=fixture_slots completed=224 pending=32
[exp8152] phase=fixture_slots completed=256 pending=0
[exp8211] phase=after_natural_benchmark completed=14 pending=6
[exp8211] phase=before_natural_benchmark completed=14 pending=6
[exp8152] phase=fixture_slots completed=32 pending=224
[exp8152] phase=fixture_slots completed=64 pending=192
[exp8152] phase=fixture_slots completed=96 pending=160
[exp8152] phase=fixture_slots completed=128 pending=128
[exp8152] phase=fixture_slots completed=160 pending=96
[exp8152] phase=fixture_slots completed=192 pending=64
[exp8152] phase=fixture_slots completed=224 pending=32
[exp8152] phase=fixture_slots completed=256 pending=0
[exp8211] phase=after_natural_benchmark completed=15 pending=5
[exp8211] phase=before_natural_benchmark completed=15 pending=5
[exp8152] phase=fixture_slots completed=32 pending=224
[exp8152] phase=fixture_slots completed=64 pending=192
[exp8152] phase=fixture_slots completed=96 pending=160
[exp8152] phase=fixture_slots completed=128 pending=128
[exp8152] phase=fixture_slots completed=160 pending=96
[exp8152] phase=fixture_slots completed=192 pending=64
[exp8152] phase=fixture_slots completed=224 pending=32
[exp8152] phase=fixture_slots completed=256 pending=0
[exp8211] phase=after_natural_benchmark completed=16 pending=4
[exp8211] phase=before_natural_benchmark completed=16 pending=4
[exp8152] phase=fixture_slots completed=32 pending=224
[exp8152] phase=fixture_slots completed=64 pending=192
[exp8152] phase=fixture_slots completed=96 pending=160
[exp8152] phase=fixture_slots completed=128 pending=128
[exp8152] phase=fixture_slots completed=160 pending=96
[exp8152] phase=fixture_slots completed=192 pending=64
[exp8152] phase=fixture_slots completed=224 pending=32
[exp8152] phase=fixture_slots completed=256 pending=0
[exp8211] phase=after_natural_benchmark completed=17 pending=3
[exp8211] phase=before_natural_benchmark completed=17 pending=3
[exp8152] phase=fixture_slots completed=32 pending=224
[exp8152] phase=fixture_slots completed=64 pending=192
[exp8152] phase=fixture_slots completed=96 pending=160
[exp8152] phase=fixture_slots completed=128 pending=128
[exp8152] phase=fixture_slots completed=160 pending=96
[exp8152] phase=fixture_slots completed=192 pending=64
[exp8152] phase=fixture_slots completed=224 pending=32
[exp8152] phase=fixture_slots completed=256 pending=0
[exp8211] phase=after_natural_benchmark completed=18 pending=2
[exp8211] phase=before_natural_benchmark completed=18 pending=2
[exp8152] phase=fixture_slots completed=32 pending=224
[exp8152] phase=fixture_slots completed=64 pending=192
[exp8152] phase=fixture_slots completed=96 pending=160
[exp8152] phase=fixture_slots completed=128 pending=128
[exp8152] phase=fixture_slots completed=160 pending=96
[exp8152] phase=fixture_slots completed=192 pending=64
[exp8152] phase=fixture_slots completed=224 pending=32
[exp8152] phase=fixture_slots completed=256 pending=0
[exp8211] phase=after_natural_benchmark completed=19 pending=1
[exp8211] phase=before_natural_benchmark completed=19 pending=1
[exp8152] phase=fixture_slots completed=32 pending=224
[exp8152] phase=fixture_slots completed=64 pending=192
[exp8152] phase=fixture_slots completed=96 pending=160
[exp8152] phase=fixture_slots completed=128 pending=128
[exp8152] phase=fixture_slots completed=160 pending=96
[exp8152] phase=fixture_slots completed=192 pending=64
[exp8152] phase=fixture_slots completed=224 pending=32
[exp8152] phase=fixture_slots completed=256 pending=0
[exp8211] phase=after_natural_benchmark completed=20 pending=0
[exp8205] phase=before_subprocess_uninterrupted completed=0 pending=1
[exp8205] phase=after_subprocess_uninterrupted completed=1 pending=0
[exp8205] phase=before_subprocess_hard_exit completed=0 pending=1
[exp8205] phase=after_subprocess_hard_exit completed=1 pending=0
[exp8205] phase=before_subprocess_resume completed=0 pending=1
[exp8205] phase=after_subprocess_resume completed=1 pending=0
[exp8211] phase=trajectory_and_retention_predictions_sealed completed=20 pending=0
[exp8211] phase=measurement_complete completed=20 pending=0
.[exp8152] phase=fixture_slots completed=32 pending=224
[exp8152] phase=fixture_slots completed=64 pending=192
[exp8152] phase=fixture_slots completed=96 pending=160
[exp8152] phase=fixture_slots completed=128 pending=128
[exp8152] phase=fixture_slots completed=160 pending=96
[exp8152] phase=fixture_slots completed=192 pending=64
[exp8152] phase=fixture_slots completed=224 pending=32
[exp8152] phase=fixture_slots completed=256 pending=0
[exp8152] phase=fixture_slots completed=32 pending=224
[exp8152] phase=fixture_slots completed=64 pending=192
[exp8152] phase=fixture_slots completed=96 pending=160
[exp8152] phase=fixture_slots completed=128 pending=128
[exp8152] phase=fixture_slots completed=160 pending=96
[exp8152] phase=fixture_slots completed=192 pending=64
[exp8152] phase=fixture_slots completed=224 pending=32
[exp8152] phase=fixture_slots completed=256 pending=0
.[exp8211] phase=preconditions_start completed=0 pending=0
[exp8211] phase=required_external_operand_blocked completed=18 pending=0
[exp8211] phase=measurement_complete completed=0 pending=0
[exp8211] phase=preconditions_start completed=0 pending=0
[exp8211] phase=required_external_operand_blocked completed=22 pending=0
[exp8211] phase=measurement_complete completed=0 pending=0
[exp8211] phase=preconditions_start completed=0 pending=0
[exp8211] phase=required_external_operand_blocked completed=22 pending=0
[exp8211] phase=measurement_complete completed=0 pending=0
.[exp8152] phase=fixture_slots completed=32 pending=224
[exp8152] phase=fixture_slots completed=64 pending=192
[exp8152] phase=fixture_slots completed=96 pending=160
[exp8152] phase=fixture_slots completed=128 pending=128
[exp8152] phase=fixture_slots completed=160 pending=96
[exp8152] phase=fixture_slots completed=192 pending=64
[exp8152] phase=fixture_slots completed=224 pending=32
[exp8152] phase=fixture_slots completed=256 pending=0
[exp8211] phase=cold_replay_states completed=1 pending=19
[exp8152] phase=fixture_slots completed=32 pending=224
[exp8152] phase=fixture_slots completed=64 pending=192
[exp8152] phase=fixture_slots completed=96 pending=160
[exp8152] phase=fixture_slots completed=128 pending=128
[exp8152] phase=fixture_slots completed=160 pending=96
[exp8152] phase=fixture_slots completed=192 pending=64
[exp8152] phase=fixture_slots completed=224 pending=32
[exp8152] phase=fixture_slots completed=256 pending=0
[exp8211] phase=cold_replay_states completed=2 pending=18
[exp8152] phase=fixture_slots completed=32 pending=224
[exp8152] phase=fixture_slots completed=64 pending=192
[exp8152] phase=fixture_slots completed=96 pending=160
[exp8152] phase=fixture_slots completed=128 pending=128
[exp8152] phase=fixture_slots completed=160 pending=96
[exp8152] phase=fixture_slots completed=192 pending=64
[exp8152] phase=fixture_slots completed=224 pending=32
[exp8152] phase=fixture_slots completed=256 pending=0
[exp8211] phase=cold_replay_states completed=3 pending=17
[exp8152] phase=fixture_slots completed=32 pending=224
[exp8152] phase=fixture_slots completed=64 pending=192
[exp8152] phase=fixture_slots completed=96 pending=160
[exp8152] phase=fixture_slots completed=128 pending=128
[exp8152] phase=fixture_slots completed=160 pending=96
[exp8152] phase=fixture_slots completed=192 pending=64
[exp8152] phase=fixture_slots completed=224 pending=32
[exp8152] phase=fixture_slots completed=256 pending=0
[exp8211] phase=cold_replay_states completed=4 pending=16
[exp8152] phase=fixture_slots completed=32 pending=224
[exp8152] phase=fixture_slots completed=64 pending=192
[exp8152] phase=fixture_slots completed=96 pending=160
[exp8152] phase=fixture_slots completed=128 pending=128
[exp8152] phase=fixture_slots completed=160 pending=96
[exp8152] phase=fixture_slots completed=192 pending=64
[exp8152] phase=fixture_slots completed=224 pending=32
[exp8152] phase=fixture_slots completed=256 pending=0
[exp8211] phase=cold_replay_states completed=5 pending=15
[exp8152] phase=fixture_slots completed=32 pending=224
[exp8152] phase=fixture_slots completed=64 pending=192
[exp8152] phase=fixture_slots completed=96 pending=160
[exp8152] phase=fixture_slots completed=128 pending=128
[exp8152] phase=fixture_slots completed=160 pending=96
[exp8152] phase=fixture_slots completed=192 pending=64
[exp8152] phase=fixture_slots completed=224 pending=32
[exp8152] phase=fixture_slots completed=256 pending=0
[exp8211] phase=cold_replay_states completed=6 pending=14
[exp8152] phase=fixture_slots completed=32 pending=224
[exp8152] phase=fixture_slots completed=64 pending=192
[exp8152] phase=fixture_slots completed=96 pending=160
[exp8152] phase=fixture_slots completed=128 pending=128
[exp8152] phase=fixture_slots completed=160 pending=96
[exp8152] phase=fixture_slots completed=192 pending=64
[exp8152] phase=fixture_slots completed=224 pending=32
[exp8152] phase=fixture_slots completed=256 pending=0
[exp8211] phase=cold_replay_states completed=7 pending=13
[exp8152] phase=fixture_slots completed=32 pending=224
[exp8152] phase=fixture_slots completed=64 pending=192
[exp8152] phase=fixture_slots completed=96 pending=160
[exp8152] phase=fixture_slots completed=128 pending=128
[exp8152] phase=fixture_slots completed=160 pending=96
[exp8152] phase=fixture_slots completed=192 pending=64
[exp8152] phase=fixture_slots completed=224 pending=32
[exp8152] phase=fixture_slots completed=256 pending=0
[exp8211] phase=cold_replay_states completed=8 pending=12
[exp8152] phase=fixture_slots completed=32 pending=224
[exp8152] phase=fixture_slots completed=64 pending=192
[exp8152] phase=fixture_slots completed=96 pending=160
[exp8152] phase=fixture_slots completed=128 pending=128
[exp8152] phase=fixture_slots completed=160 pending=96
[exp8152] phase=fixture_slots completed=192 pending=64
[exp8152] phase=fixture_slots completed=224 pending=32
[exp8152] phase=fixture_slots completed=256 pending=0
[exp8211] phase=cold_replay_states completed=9 pending=11
[exp8152] phase=fixture_slots completed=32 pending=224
[exp8152] phase=fixture_slots completed=64 pending=192
[exp8152] phase=fixture_slots completed=96 pending=160
[exp8152] phase=fixture_slots completed=128 pending=128
[exp8152] phase=fixture_slots completed=160 pending=96
[exp8152] phase=fixture_slots completed=192 pending=64
[exp8152] phase=fixture_slots completed=224 pending=32
[exp8152] phase=fixture_slots completed=256 pending=0
[exp8211] phase=cold_replay_states completed=10 pending=10
[exp8152] phase=fixture_slots completed=32 pending=224
[exp8152] phase=fixture_slots completed=64 pending=192
[exp8152] phase=fixture_slots completed=96 pending=160
[exp8152] phase=fixture_slots completed=128 pending=128
[exp8152] phase=fixture_slots completed=160 pending=96
[exp8152] phase=fixture_slots completed=192 pending=64
[exp8152] phase=fixture_slots completed=224 pending=32
[exp8152] phase=fixture_slots completed=256 pending=0
[exp8211] phase=cold_replay_states completed=11 pending=9
[exp8152] phase=fixture_slots completed=32 pending=224
[exp8152] phase=fixture_slots completed=64 pending=192
[exp8152] phase=fixture_slots completed=96 pending=160
[exp8152] phase=fixture_slots completed=128 pending=128
[exp8152] phase=fixture_slots completed=160 pending=96
[exp8152] phase=fixture_slots completed=192 pending=64
[exp8152] phase=fixture_slots completed=224 pending=32
[exp8152] phase=fixture_slots completed=256 pending=0
[exp8211] phase=cold_replay_states completed=12 pending=8
[exp8152] phase=fixture_slots completed=32 pending=224
[exp8152] phase=fixture_slots completed=64 pending=192
[exp8152] phase=fixture_slots completed=96 pending=160
[exp8152] phase=fixture_slots completed=128 pending=128
[exp8152] phase=fixture_slots completed=160 pending=96
[exp8152] phase=fixture_slots completed=192 pending=64
[exp8152] phase=fixture_slots completed=224 pending=32
[exp8152] phase=fixture_slots completed=256 pending=0
[exp8211] phase=cold_replay_states completed=13 pending=7
[exp8152] phase=fixture_slots completed=32 pending=224
[exp8152] phase=fixture_slots completed=64 pending=192
[exp8152] phase=fixture_slots completed=96 pending=160
[exp8152] phase=fixture_slots completed=128 pending=128
[exp8152] phase=fixture_slots completed=160 pending=96
[exp8152] phase=fixture_slots completed=192 pending=64
[exp8152] phase=fixture_slots completed=224 pending=32
[exp8152] phase=fixture_slots completed=256 pending=0
[exp8211] phase=cold_replay_states completed=14 pending=6
[exp8152] phase=fixture_slots completed=32 pending=224
[exp8152] phase=fixture_slots completed=64 pending=192
[exp8152] phase=fixture_slots completed=96 pending=160
[exp8152] phase=fixture_slots completed=128 pending=128
[exp8152] phase=fixture_slots completed=160 pending=96
[exp8152] phase=fixture_slots completed=192 pending=64
[exp8152] phase=fixture_slots completed=224 pending=32
[exp8152] phase=fixture_slots completed=256 pending=0
[exp8211] phase=cold_replay_states completed=15 pending=5
[exp8152] phase=fixture_slots completed=32 pending=224
[exp8152] phase=fixture_slots completed=64 pending=192
[exp8152] phase=fixture_slots completed=96 pending=160
[exp8152] phase=fixture_slots completed=128 pending=128
[exp8152] phase=fixture_slots completed=160 pending=96
[exp8152] phase=fixture_slots completed=192 pending=64
[exp8152] phase=fixture_slots completed=224 pending=32
[exp8152] phase=fixture_slots completed=256 pending=0
[exp8211] phase=cold_replay_states completed=16 pending=4
[exp8152] phase=fixture_slots completed=32 pending=224
[exp8152] phase=fixture_slots completed=64 pending=192
[exp8152] phase=fixture_slots completed=96 pending=160
[exp8152] phase=fixture_slots completed=128 pending=128
[exp8152] phase=fixture_slots completed=160 pending=96
[exp8152] phase=fixture_slots completed=192 pending=64
[exp8152] phase=fixture_slots completed=224 pending=32
[exp8152] phase=fixture_slots completed=256 pending=0
[exp8211] phase=cold_replay_states completed=17 pending=3
[exp8152] phase=fixture_slots completed=32 pending=224
[exp8152] phase=fixture_slots completed=64 pending=192
[exp8152] phase=fixture_slots completed=96 pending=160
[exp8152] phase=fixture_slots completed=128 pending=128
[exp8152] phase=fixture_slots completed=160 pending=96
[exp8152] phase=fixture_slots completed=192 pending=64
[exp8152] phase=fixture_slots completed=224 pending=32
[exp8152] phase=fixture_slots completed=256 pending=0
[exp8211] phase=cold_replay_states completed=18 pending=2
[exp8152] phase=fixture_slots completed=32 pending=224
[exp8152] phase=fixture_slots completed=64 pending=192
[exp8152] phase=fixture_slots completed=96 pending=160
[exp8152] phase=fixture_slots completed=128 pending=128
[exp8152] phase=fixture_slots completed=160 pending=96
[exp8152] phase=fixture_slots completed=192 pending=64
[exp8152] phase=fixture_slots completed=224 pending=32
[exp8152] phase=fixture_slots completed=256 pending=0
[exp8211] phase=cold_replay_states completed=19 pending=1
[exp8152] phase=fixture_slots completed=32 pending=224
[exp8152] phase=fixture_slots completed=64 pending=192
[exp8152] phase=fixture_slots completed=96 pending=160
[exp8152] phase=fixture_slots completed=128 pending=128
[exp8152] phase=fixture_slots completed=160 pending=96
[exp8152] phase=fixture_slots completed=192 pending=64
[exp8152] phase=fixture_slots completed=224 pending=32
[exp8152] phase=fixture_slots completed=256 pending=0
[exp8211] phase=cold_replay_states completed=20 pending=0
.[exp8205] phase=before_subprocess_replay completed=0 pending=1
[exp8205] phase=waiting_replay completed=0 pending=1
[exp8205] phase=after_subprocess_replay completed=1 pending=0
[exp8205] phase=before_subprocess_blocked completed=0 pending=1
[exp8205] phase=after_subprocess_blocked completed=1 pending=0
[exp8205] phase=before_subprocess_worker completed=0 pending=1
[exp8205] phase=after_subprocess_worker completed=1 pending=0
[exp8205] phase=before_subprocess_guard completed=0 pending=1
[exp8205] phase=after_subprocess_guard completed=1 pending=0
[exp8205] phase=before_subprocess_date completed=0 pending=1
[exp8205] phase=after_subprocess_date completed=1 pending=0
[exp8205] phase=before_subprocess_tamper completed=0 pending=1
[exp8205] phase=after_subprocess_tamper completed=1 pending=0
.[exp8211] phase=cold_replay_states completed=1 pending=19
[exp8211] phase=cold_replay_states completed=2 pending=18
[exp8211] phase=cold_replay_states completed=3 pending=17
[exp8211] phase=cold_replay_states completed=4 pending=16
[exp8211] phase=cold_replay_states completed=5 pending=15
[exp8211] phase=cold_replay_states completed=6 pending=14
[exp8211] phase=cold_replay_states completed=7 pending=13
[exp8211] phase=cold_replay_states completed=8 pending=12
[exp8211] phase=cold_replay_states completed=9 pending=11
[exp8211] phase=cold_replay_states completed=10 pending=10
[exp8211] phase=cold_replay_states completed=11 pending=9
[exp8211] phase=cold_replay_states completed=12 pending=8
[exp8211] phase=cold_replay_states completed=13 pending=7
[exp8211] phase=cold_replay_states completed=14 pending=6
[exp8211] phase=cold_replay_states completed=15 pending=5
[exp8211] phase=cold_replay_states completed=16 pending=4
[exp8211] phase=cold_replay_states completed=17 pending=3
[exp8211] phase=cold_replay_states completed=18 pending=2
[exp8211] phase=cold_replay_states completed=19 pending=1
[exp8211] phase=cold_replay_states completed=20 pending=0
[exp8211] phase=cold_replay_states completed=1 pending=19
[exp8211] phase=cold_replay_states completed=2 pending=18
[exp8211] phase=cold_replay_states completed=3 pending=17
[exp8211] phase=cold_replay_states completed=4 pending=16
[exp8211] phase=cold_replay_states completed=5 pending=15
[exp8211] phase=cold_replay_states completed=6 pending=14
[exp8211] phase=cold_replay_states completed=7 pending=13
[exp8211] phase=cold_replay_states completed=8 pending=12
[exp8211] phase=cold_replay_states completed=9 pending=11
[exp8211] phase=cold_replay_states completed=10 pending=10
[exp8211] phase=cold_replay_states completed=11 pending=9
[exp8211] phase=cold_replay_states completed=12 pending=8
[exp8211] phase=cold_replay_states completed=13 pending=7
[exp8211] phase=cold_replay_states completed=14 pending=6
[exp8211] phase=cold_replay_states completed=15 pending=5
[exp8211] phase=cold_replay_states completed=16 pending=4
[exp8211] phase=cold_replay_states completed=17 pending=3
[exp8211] phase=cold_replay_states completed=18 pending=2
[exp8211] phase=cold_replay_states completed=19 pending=1
[exp8211] phase=cold_replay_states completed=20 pending=0
[exp8211] phase=cold_replay_states completed=1 pending=19
[exp8211] phase=cold_replay_states completed=2 pending=18
[exp8211] phase=cold_replay_states completed=3 pending=17
[exp8211] phase=cold_replay_states completed=4 pending=16
[exp8211] phase=cold_replay_states completed=5 pending=15
[exp8211] phase=cold_replay_states completed=6 pending=14
[exp8211] phase=cold_replay_states completed=7 pending=13
[exp8211] phase=cold_replay_states completed=8 pending=12
[exp8211] phase=cold_replay_states completed=9 pending=11
[exp8211] phase=cold_replay_states completed=10 pending=10
[exp8211] phase=cold_replay_states completed=11 pending=9
[exp8211] phase=cold_replay_states completed=12 pending=8
[exp8211] phase=cold_replay_states completed=13 pending=7
[exp8211] phase=cold_replay_states completed=14 pending=6
[exp8211] phase=cold_replay_states completed=15 pending=5
[exp8211] phase=cold_replay_states completed=16 pending=4
[exp8211] phase=cold_replay_states completed=17 pending=3
[exp8211] phase=cold_replay_states completed=18 pending=2
[exp8211] phase=cold_replay_states completed=19 pending=1
[exp8211] phase=cold_replay_states completed=20 pending=0
.
=============================== warnings summary ===============================
tests/python/test_calibrated_memory_trajectory_8211.py::test_original_protocol_rows_and_budget
  /home/ianblenke/github.com/ianblenke/carnot/python/carnot/extraction/coace_extractor.py:122: DeprecationWarning: ast.Num is deprecated and will be removed in Python 3.14; use ast.Constant instead
    if hasattr(ast, "Num"):

-- Docs: https://docs.pytest.org/en/stable/how-to/capture-warnings.html
6 passed, 1 warning in 338.40s (0:05:38)
