[exp8166] phase=before_input_authentication completed=0 pending=0
[exp8166] phase=after_input_authentication completed=320 pending=0
[exp8166] phase=before_sentence_freeze completed=0 pending=320
[exp8166] phase=after_sentence_freeze completed=320 pending=0
.[exp8166] phase=before_input_authentication completed=0 pending=0
[exp8166] phase=after_input_authentication completed=320 pending=0
[exp8166] phase=before_input_authentication completed=0 pending=0
[exp8166] phase=after_input_authentication completed=0 pending=320
[exp8166] phase=before_input_authentication completed=0 pending=0
[exp8166] phase=after_input_authentication completed=0 pending=320
[exp8166] phase=before_sentence_freeze completed=0 pending=0
[exp8166] phase=after_sentence_freeze completed=0 pending=320
.[exp8166] phase=before_input_authentication completed=0 pending=0
[exp8166] phase=after_input_authentication completed=320 pending=0
[exp8166] phase=before_sentence_freeze completed=0 pending=320
[exp8166] phase=after_sentence_freeze completed=320 pending=0
.[exp8166] phase=before_input_authentication completed=0 pending=0
[exp8166] phase=after_input_authentication completed=320 pending=0
[exp8166] phase=before_sentence_freeze completed=0 pending=320
[exp8166] phase=after_sentence_freeze completed=320 pending=0
[exp8166] phase=before_input_authentication completed=0 pending=0
[exp8166] phase=after_input_authentication completed=0 pending=320
.[exp8166] phase=before_input_authentication completed=0 pending=0
[exp8166] phase=after_input_authentication completed=320 pending=0
[exp8166] phase=before_sentence_freeze completed=0 pending=320
[exp8166] phase=after_sentence_freeze completed=320 pending=0
[exp8166] phase=before_input_authentication completed=0 pending=0
[exp8166] phase=after_input_authentication completed=320 pending=0
[exp8166] phase=before_sentence_freeze completed=0 pending=320
[exp8166] phase=after_sentence_freeze completed=320 pending=0
[exp8166] phase=before_input_authentication completed=0 pending=0
[exp8166] phase=after_input_authentication completed=320 pending=0
[exp8166] phase=before_sentence_freeze completed=0 pending=320
[exp8166] phase=after_sentence_freeze completed=320 pending=0
[exp8166] phase=before_input_authentication completed=0 pending=0
[exp8166] phase=after_input_authentication completed=320 pending=0
[exp8166] phase=before_sentence_freeze completed=0 pending=320
[exp8166] phase=after_sentence_freeze completed=320 pending=0
[exp8166] phase=before_input_authentication completed=0 pending=0
[exp8166] phase=after_input_authentication completed=0 pending=320
[exp8166] phase=before_sentence_freeze completed=0 pending=0
[exp8166] phase=after_sentence_freeze completed=0 pending=320
[exp8166] phase=before_input_authentication completed=0 pending=0
[exp8166] phase=after_input_authentication completed=0 pending=320
..before private CLI subprocess
after private CLI subprocess exit=0
before private CLI subprocess
after private CLI subprocess exit=0
before private CLI subprocess
after private CLI subprocess exit=1
before private CLI subprocess
after private CLI subprocess exit=0
before private CLI subprocess
after private CLI subprocess exit=2
before private CLI subprocess
after private CLI subprocess exit=0
.....
11 passed in 26.30s
