[exp8222] phase=start completed=0 pending=0
[exp8222] phase=before_preconditions completed=0 pending=0
[exp8222] phase=after_preconditions completed=41 pending=0
[exp8222] phase=before_benchmark_fitting completed=0 pending=0
[exp8219] phase=before_benchmark_fit_energy_original completed=0 pending=72
[exp8219] phase=after_benchmark_fit_energy_original completed=1 pending=71
[exp8219] phase=before_benchmark_fit_energy_global completed=1 pending=71
[exp8219] phase=after_benchmark_fit_energy_global completed=2 pending=70
[exp8219] phase=before_benchmark_fit_energy_group completed=2 pending=70
[exp8219] phase=after_benchmark_fit_energy_group completed=3 pending=69
[exp8219] phase=before_benchmark_fit_energy_local completed=3 pending=69
[exp8219] phase=after_benchmark_fit_energy_local completed=4 pending=68
[exp8219] phase=before_benchmark_fit_energy_random completed=4 pending=68
[exp8219] phase=after_benchmark_fit_energy_random completed=5 pending=67
[exp8219] phase=before_benchmark_fit_energy_random completed=5 pending=67
[exp8219] phase=after_benchmark_fit_energy_random completed=6 pending=66
[exp8219] phase=before_benchmark_fit_energy_random completed=6 pending=66
[exp8219] phase=after_benchmark_fit_energy_random completed=7 pending=65
[exp8219] phase=before_benchmark_fit_energy_random completed=7 pending=65
[exp8219] phase=after_benchmark_fit_energy_random completed=8 pending=64
[exp8219] phase=before_benchmark_fit_energy_random completed=8 pending=64
[exp8219] phase=after_benchmark_fit_energy_random completed=9 pending=63
[exp8219] phase=before_benchmark_fit_energy_random completed=9 pending=63
[exp8219] phase=after_benchmark_fit_energy_random completed=10 pending=62
[exp8219] phase=before_benchmark_fit_energy_random completed=10 pending=62
[exp8219] phase=after_benchmark_fit_energy_random completed=11 pending=61
[exp8219] phase=before_benchmark_fit_energy_random completed=11 pending=61
[exp8219] phase=after_benchmark_fit_energy_random completed=12 pending=60
[exp8219] phase=before_benchmark_fit_energy_random completed=12 pending=60
[exp8219] phase=after_benchmark_fit_energy_random completed=13 pending=59
[exp8219] phase=before_benchmark_fit_energy_random completed=13 pending=59
[exp8219] phase=after_benchmark_fit_energy_random completed=14 pending=58
[exp8219] phase=before_benchmark_fit_energy_random completed=14 pending=58
[exp8219] phase=after_benchmark_fit_energy_random completed=15 pending=57
[exp8219] phase=before_benchmark_fit_energy_random completed=15 pending=57
[exp8219] phase=after_benchmark_fit_energy_random completed=16 pending=56
[exp8219] phase=before_benchmark_fit_energy_random completed=16 pending=56
[exp8219] phase=after_benchmark_fit_energy_random completed=17 pending=55
[exp8219] phase=before_benchmark_fit_energy_random completed=17 pending=55
[exp8219] phase=after_benchmark_fit_energy_random completed=18 pending=54
[exp8219] phase=before_benchmark_fit_energy_random completed=18 pending=54
[exp8219] phase=after_benchmark_fit_energy_random completed=19 pending=53
[exp8219] phase=before_benchmark_fit_energy_random completed=19 pending=53
[exp8219] phase=after_benchmark_fit_energy_random completed=20 pending=52
[exp8219] phase=before_benchmark_fit_energy_random completed=20 pending=52
[exp8219] phase=after_benchmark_fit_energy_random completed=21 pending=51
[exp8219] phase=before_benchmark_fit_energy_random completed=21 pending=51
[exp8219] phase=after_benchmark_fit_energy_random completed=22 pending=50
[exp8219] phase=before_benchmark_fit_energy_random completed=22 pending=50
[exp8219] phase=after_benchmark_fit_energy_random completed=23 pending=49
[exp8219] phase=before_benchmark_fit_energy_random completed=23 pending=49
[exp8219] phase=after_benchmark_fit_energy_random completed=24 pending=48
[exp8219] phase=before_benchmark_fit_additive_original completed=24 pending=48
[exp8219] phase=after_benchmark_fit_additive_original completed=25 pending=47
[exp8219] phase=before_benchmark_fit_additive_global completed=25 pending=47
[exp8219] phase=after_benchmark_fit_additive_global completed=26 pending=46
[exp8219] phase=before_benchmark_fit_additive_group completed=26 pending=46
[exp8219] phase=after_benchmark_fit_additive_group completed=27 pending=45
[exp8219] phase=before_benchmark_fit_additive_local completed=27 pending=45
[exp8219] phase=after_benchmark_fit_additive_local completed=28 pending=44
[exp8219] phase=before_benchmark_fit_additive_random completed=28 pending=44
[exp8219] phase=after_benchmark_fit_additive_random completed=29 pending=43
[exp8219] phase=before_benchmark_fit_additive_random completed=29 pending=43
[exp8219] phase=after_benchmark_fit_additive_random completed=30 pending=42
[exp8219] phase=before_benchmark_fit_additive_random completed=30 pending=42
[exp8219] phase=after_benchmark_fit_additive_random completed=31 pending=41
[exp8219] phase=before_benchmark_fit_additive_random completed=31 pending=41
[exp8219] phase=after_benchmark_fit_additive_random completed=32 pending=40
[exp8219] phase=before_benchmark_fit_additive_random completed=32 pending=40
[exp8219] phase=after_benchmark_fit_additive_random completed=33 pending=39
[exp8219] phase=before_benchmark_fit_additive_random completed=33 pending=39
[exp8219] phase=after_benchmark_fit_additive_random completed=34 pending=38
[exp8219] phase=before_benchmark_fit_additive_random completed=34 pending=38
[exp8219] phase=after_benchmark_fit_additive_random completed=35 pending=37
[exp8219] phase=before_benchmark_fit_additive_random completed=35 pending=37
[exp8219] phase=after_benchmark_fit_additive_random completed=36 pending=36
[exp8219] phase=before_benchmark_fit_additive_random completed=36 pending=36
[exp8219] phase=after_benchmark_fit_additive_random completed=37 pending=35
[exp8219] phase=before_benchmark_fit_additive_random completed=37 pending=35
[exp8219] phase=after_benchmark_fit_additive_random completed=38 pending=34
[exp8219] phase=before_benchmark_fit_additive_random completed=38 pending=34
[exp8219] phase=after_benchmark_fit_additive_random completed=39 pending=33
[exp8219] phase=before_benchmark_fit_additive_random completed=39 pending=33
[exp8219] phase=after_benchmark_fit_additive_random completed=40 pending=32
[exp8219] phase=before_benchmark_fit_additive_random completed=40 pending=32
[exp8219] phase=after_benchmark_fit_additive_random completed=41 pending=31
[exp8219] phase=before_benchmark_fit_additive_random completed=41 pending=31
[exp8219] phase=after_benchmark_fit_additive_random completed=42 pending=30
[exp8219] phase=before_benchmark_fit_additive_random completed=42 pending=30
[exp8219] phase=after_benchmark_fit_additive_random completed=43 pending=29
[exp8219] phase=before_benchmark_fit_additive_random completed=43 pending=29
[exp8219] phase=after_benchmark_fit_additive_random completed=44 pending=28
[exp8219] phase=before_benchmark_fit_additive_random completed=44 pending=28
[exp8219] phase=after_benchmark_fit_additive_random completed=45 pending=27
[exp8219] phase=before_benchmark_fit_additive_random completed=45 pending=27
[exp8219] phase=after_benchmark_fit_additive_random completed=46 pending=26
[exp8219] phase=before_benchmark_fit_additive_random completed=46 pending=26
[exp8219] phase=after_benchmark_fit_additive_random completed=47 pending=25
[exp8219] phase=before_benchmark_fit_additive_random completed=47 pending=25
[exp8219] phase=after_benchmark_fit_additive_random completed=48 pending=24
[exp8219] phase=before_benchmark_fit_logistic_original completed=48 pending=24
[exp8219] phase=after_benchmark_fit_logistic_original completed=49 pending=23
[exp8219] phase=before_benchmark_fit_logistic_global completed=49 pending=23
[exp8219] phase=after_benchmark_fit_logistic_global completed=50 pending=22
[exp8219] phase=before_benchmark_fit_logistic_group completed=50 pending=22
[exp8219] phase=after_benchmark_fit_logistic_group completed=51 pending=21
[exp8219] phase=before_benchmark_fit_logistic_local completed=51 pending=21
[exp8219] phase=after_benchmark_fit_logistic_local completed=52 pending=20
[exp8219] phase=before_benchmark_fit_logistic_random completed=52 pending=20
[exp8219] phase=after_benchmark_fit_logistic_random completed=53 pending=19
[exp8219] phase=before_benchmark_fit_logistic_random completed=53 pending=19
[exp8219] phase=after_benchmark_fit_logistic_random completed=54 pending=18
[exp8219] phase=before_benchmark_fit_logistic_random completed=54 pending=18
[exp8219] phase=after_benchmark_fit_logistic_random completed=55 pending=17
[exp8219] phase=before_benchmark_fit_logistic_random completed=55 pending=17
[exp8219] phase=after_benchmark_fit_logistic_random completed=56 pending=16
[exp8219] phase=before_benchmark_fit_logistic_random completed=56 pending=16
[exp8219] phase=after_benchmark_fit_logistic_random completed=57 pending=15
[exp8219] phase=before_benchmark_fit_logistic_random completed=57 pending=15
[exp8219] phase=after_benchmark_fit_logistic_random completed=58 pending=14
[exp8219] phase=before_benchmark_fit_logistic_random completed=58 pending=14
[exp8219] phase=after_benchmark_fit_logistic_random completed=59 pending=13
[exp8219] phase=before_benchmark_fit_logistic_random completed=59 pending=13
[exp8219] phase=after_benchmark_fit_logistic_random completed=60 pending=12
[exp8219] phase=before_benchmark_fit_logistic_random completed=60 pending=12
[exp8219] phase=after_benchmark_fit_logistic_random completed=61 pending=11
[exp8219] phase=before_benchmark_fit_logistic_random completed=61 pending=11
[exp8219] phase=after_benchmark_fit_logistic_random completed=62 pending=10
[exp8219] phase=before_benchmark_fit_logistic_random completed=62 pending=10
[exp8219] phase=after_benchmark_fit_logistic_random completed=63 pending=9
[exp8219] phase=before_benchmark_fit_logistic_random completed=63 pending=9
[exp8219] phase=after_benchmark_fit_logistic_random completed=64 pending=8
[exp8219] phase=before_benchmark_fit_logistic_random completed=64 pending=8
[exp8219] phase=after_benchmark_fit_logistic_random completed=65 pending=7
[exp8219] phase=before_benchmark_fit_logistic_random completed=65 pending=7
[exp8219] phase=after_benchmark_fit_logistic_random completed=66 pending=6
[exp8219] phase=before_benchmark_fit_logistic_random completed=66 pending=6
[exp8219] phase=after_benchmark_fit_logistic_random completed=67 pending=5
[exp8219] phase=before_benchmark_fit_logistic_random completed=67 pending=5
[exp8219] phase=after_benchmark_fit_logistic_random completed=68 pending=4
[exp8219] phase=before_benchmark_fit_logistic_random completed=68 pending=4
[exp8219] phase=after_benchmark_fit_logistic_random completed=69 pending=3
[exp8219] phase=before_benchmark_fit_logistic_random completed=69 pending=3
[exp8219] phase=after_benchmark_fit_logistic_random completed=70 pending=2
[exp8219] phase=before_benchmark_fit_logistic_random completed=70 pending=2
[exp8219] phase=after_benchmark_fit_logistic_random completed=71 pending=1
[exp8219] phase=before_benchmark_fit_logistic_random completed=71 pending=1
[exp8219] phase=after_benchmark_fit_logistic_random completed=72 pending=0
[exp8222] phase=after_benchmark_fitting completed=72 pending=0
[exp8222] phase=before_benchmark_selection completed=0 pending=0
[exp8222] phase=after_benchmark_selection completed=72 pending=0
[exp8222] phase=measurement_complete completed=72 pending=0
