[exp7932] phase=cli_start completed_units=0 monotonic_s=437072.492
[exp7932] phase=start completed_units=0 monotonic_s=437072.492
[exp7932] phase=after_preconditions completed_units=2 monotonic_s=437072.495
[exp7893] phase=terminal event=before_subprocess elapsed_s=0.000 completed_units=0
[exp7303-validation] before_subprocess terminal_adversarial elapsed_s=0.000 unit=1/2
[exp7303-validation:terminal_adversarial] {
[exp7303-validation:terminal_adversarial]   "reports": [
[exp7303-validation:terminal_adversarial]     {
[exp7303-validation:terminal_adversarial]       "artifact": "/tmp/carnot-7932-q5by30g2/terminal_candidate.json",
[exp7303-validation:terminal_adversarial]       "loaded": true,
[exp7303-validation:terminal_adversarial]       "exp_id": 7932,
[exp7303-validation:terminal_adversarial]       "title": "",
[exp7303-validation:terminal_adversarial]       "honest_verdict": "complete_blocked_paired_decoder_completion",
[exp7303-validation:terminal_adversarial]       "flag_count": 0,
[exp7303-validation:terminal_adversarial]       "max_severity": -1,
[exp7303-validation:terminal_adversarial]       "flags": [],
[exp7303-validation:terminal_adversarial]       "gate_version": "197e0a5eacacb09ce6607ae8bdfd507498082857f0d02ec2003a62c251b69a24"
[exp7303-validation:terminal_adversarial]     }
[exp7303-validation:terminal_adversarial]   ],
[exp7303-validation:terminal_adversarial]   "flagged_count": 0
[exp7303-validation:terminal_adversarial] }
[exp7303-validation] after_subprocess terminal_adversarial elapsed_s=0.518 exit=0 unit=1/2
[exp7303-validation] before_subprocess terminal_strict_rows elapsed_s=0.000 unit=2/2
[exp7303-validation:terminal_strict_rows] 
[exp7303-validation:terminal_strict_rows] verdict-row-consistency: checked 0, skipped 1 (no per-unit rows), unreadable 0.
[exp7303-validation:terminal_strict_rows]   NOTE: most artifacts carry no per-unit row container, so their headline claims are not falsifiable from the artifact alone. That is a reporting-shape gap in those experiments, not a clean bill of health from this tool.
[exp7303-validation] after_subprocess terminal_strict_rows elapsed_s=0.030 exit=0 unit=2/2
[exp7893] phase=terminal event=after_subprocess elapsed_s=0.548 completed_units=1
[exp7893] phase=terminal event=before_subprocess elapsed_s=0.000 completed_units=2
[exp7303-validation] before_subprocess terminal_adversarial elapsed_s=0.000 unit=1/2
[exp7303-validation:terminal_adversarial] {
[exp7303-validation:terminal_adversarial]   "reports": [
[exp7303-validation:terminal_adversarial]     {
[exp7303-validation:terminal_adversarial]       "artifact": "/tmp/carnot-7932-thfje8en/raw/experiment_7932_fixture_blocked/terminal_candidate.json",
[exp7303-validation:terminal_adversarial]       "loaded": true,
[exp7303-validation:terminal_adversarial]       "exp_id": 7932,
[exp7303-validation:terminal_adversarial]       "title": "",
[exp7303-validation:terminal_adversarial]       "honest_verdict": "complete_blocked_paired_decoder_completion",
[exp7303-validation:terminal_adversarial]       "flag_count": 0,
[exp7303-validation:terminal_adversarial]       "max_severity": -1,
[exp7303-validation:terminal_adversarial]       "flags": [],
[exp7303-validation:terminal_adversarial]       "gate_version": "197e0a5eacacb09ce6607ae8bdfd507498082857f0d02ec2003a62c251b69a24"
[exp7303-validation:terminal_adversarial]     }
[exp7303-validation:terminal_adversarial]   ],
[exp7303-validation:terminal_adversarial]   "flagged_count": 0
[exp7303-validation:terminal_adversarial] }
[exp7303-validation] after_subprocess terminal_adversarial elapsed_s=0.551 exit=0 unit=1/2
[exp7303-validation] before_subprocess terminal_strict_rows elapsed_s=0.000 unit=2/2
[exp7303-validation:terminal_strict_rows] 
[exp7303-validation:terminal_strict_rows] verdict-row-consistency: checked 0, skipped 1 (no per-unit rows), unreadable 0.
[exp7303-validation:terminal_strict_rows]   NOTE: most artifacts carry no per-unit row container, so their headline claims are not falsifiable from the artifact alone. That is a reporting-shape gap in those experiments, not a clean bill of health from this tool.
[exp7303-validation] after_subprocess terminal_strict_rows elapsed_s=0.031 exit=0 unit=2/2
[exp7893] phase=terminal event=after_subprocess elapsed_s=0.583 completed_units=3
[exp7932] phase=complete completed_units=0 monotonic_s=437073.633
