[exp8206] phase=start completed=0 pending=0
[exp8206] phase=cold_replay_start completed=0 pending=0
[exp8193] phase=cold_replay_start completed=0 pending=0
[exp8152] phase=fixture_slots completed=32 pending=224
[exp8152] phase=fixture_slots completed=64 pending=192
[exp8152] phase=fixture_slots completed=96 pending=160
[exp8152] phase=fixture_slots completed=128 pending=128
[exp8152] phase=fixture_slots completed=160 pending=96
[exp8152] phase=fixture_slots completed=192 pending=64
[exp8152] phase=fixture_slots completed=224 pending=32
[exp8152] phase=fixture_slots completed=256 pending=0
[exp8180] phase=cold_replay_states completed=1 pending=39
[exp8152] phase=fixture_slots completed=32 pending=224
[exp8152] phase=fixture_slots completed=64 pending=192
[exp8152] phase=fixture_slots completed=96 pending=160
[exp8152] phase=fixture_slots completed=128 pending=128
[exp8152] phase=fixture_slots completed=160 pending=96
[exp8152] phase=fixture_slots completed=192 pending=64
[exp8152] phase=fixture_slots completed=224 pending=32
[exp8152] phase=fixture_slots completed=256 pending=0
[exp8180] phase=cold_replay_states completed=2 pending=38
[exp8152] phase=fixture_slots completed=32 pending=224
[exp8152] phase=fixture_slots completed=64 pending=192
[exp8152] phase=fixture_slots completed=96 pending=160
[exp8152] phase=fixture_slots completed=128 pending=128
[exp8152] phase=fixture_slots completed=160 pending=96
[exp8152] phase=fixture_slots completed=192 pending=64
[exp8152] phase=fixture_slots completed=224 pending=32
[exp8152] phase=fixture_slots completed=256 pending=0
[exp8180] phase=cold_replay_states completed=3 pending=37
[exp8152] phase=fixture_slots completed=32 pending=224
[exp8152] phase=fixture_slots completed=64 pending=192
[exp8152] phase=fixture_slots completed=96 pending=160
[exp8152] phase=fixture_slots completed=128 pending=128
[exp8152] phase=fixture_slots completed=160 pending=96
[exp8152] phase=fixture_slots completed=192 pending=64
[exp8152] phase=fixture_slots completed=224 pending=32
[exp8152] phase=fixture_slots completed=256 pending=0
[exp8180] phase=cold_replay_states completed=4 pending=36
[exp8152] phase=fixture_slots completed=32 pending=224
[exp8152] phase=fixture_slots completed=64 pending=192
[exp8152] phase=fixture_slots completed=96 pending=160
[exp8152] phase=fixture_slots completed=128 pending=128
[exp8152] phase=fixture_slots completed=160 pending=96
[exp8152] phase=fixture_slots completed=192 pending=64
[exp8152] phase=fixture_slots completed=224 pending=32
[exp8152] phase=fixture_slots completed=256 pending=0
[exp8180] phase=cold_replay_states completed=5 pending=35
[exp8152] phase=fixture_slots completed=32 pending=224
[exp8152] phase=fixture_slots completed=64 pending=192
[exp8152] phase=fixture_slots completed=96 pending=160
[exp8152] phase=fixture_slots completed=128 pending=128
[exp8152] phase=fixture_slots completed=160 pending=96
[exp8152] phase=fixture_slots completed=192 pending=64
[exp8152] phase=fixture_slots completed=224 pending=32
[exp8152] phase=fixture_slots completed=256 pending=0
[exp8180] phase=cold_replay_states completed=6 pending=34
[exp8152] phase=fixture_slots completed=32 pending=224
[exp8152] phase=fixture_slots completed=64 pending=192
[exp8152] phase=fixture_slots completed=96 pending=160
[exp8152] phase=fixture_slots completed=128 pending=128
[exp8152] phase=fixture_slots completed=160 pending=96
[exp8152] phase=fixture_slots completed=192 pending=64
[exp8152] phase=fixture_slots completed=224 pending=32
[exp8152] phase=fixture_slots completed=256 pending=0
[exp8180] phase=cold_replay_states completed=7 pending=33
[exp8152] phase=fixture_slots completed=32 pending=224
[exp8152] phase=fixture_slots completed=64 pending=192
[exp8152] phase=fixture_slots completed=96 pending=160
[exp8152] phase=fixture_slots completed=128 pending=128
[exp8152] phase=fixture_slots completed=160 pending=96
[exp8152] phase=fixture_slots completed=192 pending=64
[exp8152] phase=fixture_slots completed=224 pending=32
[exp8152] phase=fixture_slots completed=256 pending=0
[exp8180] phase=cold_replay_states completed=8 pending=32
[exp8152] phase=fixture_slots completed=32 pending=224
[exp8152] phase=fixture_slots completed=64 pending=192
[exp8152] phase=fixture_slots completed=96 pending=160
[exp8152] phase=fixture_slots completed=128 pending=128
[exp8152] phase=fixture_slots completed=160 pending=96
[exp8152] phase=fixture_slots completed=192 pending=64
[exp8152] phase=fixture_slots completed=224 pending=32
[exp8152] phase=fixture_slots completed=256 pending=0
[exp8180] phase=cold_replay_states completed=9 pending=31
[exp8152] phase=fixture_slots completed=32 pending=224
[exp8152] phase=fixture_slots completed=64 pending=192
[exp8152] phase=fixture_slots completed=96 pending=160
[exp8152] phase=fixture_slots completed=128 pending=128
[exp8152] phase=fixture_slots completed=160 pending=96
[exp8152] phase=fixture_slots completed=192 pending=64
[exp8152] phase=fixture_slots completed=224 pending=32
[exp8152] phase=fixture_slots completed=256 pending=0
[exp8180] phase=cold_replay_states completed=10 pending=30
[exp8152] phase=fixture_slots completed=32 pending=224
[exp8152] phase=fixture_slots completed=64 pending=192
[exp8152] phase=fixture_slots completed=96 pending=160
[exp8152] phase=fixture_slots completed=128 pending=128
[exp8152] phase=fixture_slots completed=160 pending=96
[exp8152] phase=fixture_slots completed=192 pending=64
[exp8152] phase=fixture_slots completed=224 pending=32
[exp8152] phase=fixture_slots completed=256 pending=0
[exp8180] phase=cold_replay_states completed=11 pending=29
[exp8152] phase=fixture_slots completed=32 pending=224
[exp8152] phase=fixture_slots completed=64 pending=192
[exp8152] phase=fixture_slots completed=96 pending=160
[exp8152] phase=fixture_slots completed=128 pending=128
[exp8152] phase=fixture_slots completed=160 pending=96
[exp8152] phase=fixture_slots completed=192 pending=64
[exp8152] phase=fixture_slots completed=224 pending=32
[exp8152] phase=fixture_slots completed=256 pending=0
[exp8180] phase=cold_replay_states completed=12 pending=28
[exp8152] phase=fixture_slots completed=32 pending=224
[exp8152] phase=fixture_slots completed=64 pending=192
[exp8152] phase=fixture_slots completed=96 pending=160
[exp8152] phase=fixture_slots completed=128 pending=128
[exp8152] phase=fixture_slots completed=160 pending=96
[exp8152] phase=fixture_slots completed=192 pending=64
[exp8152] phase=fixture_slots completed=224 pending=32
[exp8152] phase=fixture_slots completed=256 pending=0
[exp8180] phase=cold_replay_states completed=13 pending=27
[exp8152] phase=fixture_slots completed=32 pending=224
[exp8152] phase=fixture_slots completed=64 pending=192
[exp8152] phase=fixture_slots completed=96 pending=160
[exp8152] phase=fixture_slots completed=128 pending=128
[exp8152] phase=fixture_slots completed=160 pending=96
[exp8152] phase=fixture_slots completed=192 pending=64
[exp8152] phase=fixture_slots completed=224 pending=32
[exp8152] phase=fixture_slots completed=256 pending=0
[exp8180] phase=cold_replay_states completed=14 pending=26
[exp8152] phase=fixture_slots completed=32 pending=224
[exp8152] phase=fixture_slots completed=64 pending=192
[exp8152] phase=fixture_slots completed=96 pending=160
[exp8152] phase=fixture_slots completed=128 pending=128
[exp8152] phase=fixture_slots completed=160 pending=96
[exp8152] phase=fixture_slots completed=192 pending=64
[exp8152] phase=fixture_slots completed=224 pending=32
[exp8152] phase=fixture_slots completed=256 pending=0
[exp8180] phase=cold_replay_states completed=15 pending=25
[exp8152] phase=fixture_slots completed=32 pending=224
[exp8152] phase=fixture_slots completed=64 pending=192
[exp8152] phase=fixture_slots completed=96 pending=160
[exp8152] phase=fixture_slots completed=128 pending=128
[exp8152] phase=fixture_slots completed=160 pending=96
[exp8152] phase=fixture_slots completed=192 pending=64
[exp8152] phase=fixture_slots completed=224 pending=32
[exp8152] phase=fixture_slots completed=256 pending=0
[exp8180] phase=cold_replay_states completed=16 pending=24
[exp8152] phase=fixture_slots completed=32 pending=224
[exp8152] phase=fixture_slots completed=64 pending=192
[exp8152] phase=fixture_slots completed=96 pending=160
[exp8152] phase=fixture_slots completed=128 pending=128
[exp8152] phase=fixture_slots completed=160 pending=96
[exp8152] phase=fixture_slots completed=192 pending=64
[exp8152] phase=fixture_slots completed=224 pending=32
[exp8152] phase=fixture_slots completed=256 pending=0
[exp8180] phase=cold_replay_states completed=17 pending=23
[exp8152] phase=fixture_slots completed=32 pending=224
[exp8152] phase=fixture_slots completed=64 pending=192
[exp8152] phase=fixture_slots completed=96 pending=160
[exp8152] phase=fixture_slots completed=128 pending=128
[exp8152] phase=fixture_slots completed=160 pending=96
[exp8152] phase=fixture_slots completed=192 pending=64
[exp8152] phase=fixture_slots completed=224 pending=32
[exp8152] phase=fixture_slots completed=256 pending=0
[exp8180] phase=cold_replay_states completed=18 pending=22
[exp8152] phase=fixture_slots completed=32 pending=224
[exp8152] phase=fixture_slots completed=64 pending=192
[exp8152] phase=fixture_slots completed=96 pending=160
[exp8152] phase=fixture_slots completed=128 pending=128
[exp8152] phase=fixture_slots completed=160 pending=96
[exp8152] phase=fixture_slots completed=192 pending=64
[exp8152] phase=fixture_slots completed=224 pending=32
[exp8152] phase=fixture_slots completed=256 pending=0
[exp8180] phase=cold_replay_states completed=19 pending=21
[exp8152] phase=fixture_slots completed=32 pending=224
[exp8152] phase=fixture_slots completed=64 pending=192
[exp8152] phase=fixture_slots completed=96 pending=160
[exp8152] phase=fixture_slots completed=128 pending=128
[exp8152] phase=fixture_slots completed=160 pending=96
[exp8152] phase=fixture_slots completed=192 pending=64
[exp8152] phase=fixture_slots completed=224 pending=32
[exp8152] phase=fixture_slots completed=256 pending=0
[exp8180] phase=cold_replay_states completed=20 pending=20
[exp8152] phase=fixture_slots completed=32 pending=224
[exp8152] phase=fixture_slots completed=64 pending=192
[exp8152] phase=fixture_slots completed=96 pending=160
[exp8152] phase=fixture_slots completed=128 pending=128
[exp8152] phase=fixture_slots completed=160 pending=96
[exp8152] phase=fixture_slots completed=192 pending=64
[exp8152] phase=fixture_slots completed=224 pending=32
[exp8152] phase=fixture_slots completed=256 pending=0
[exp8180] phase=cold_replay_states completed=21 pending=19
[exp8152] phase=fixture_slots completed=32 pending=224
[exp8152] phase=fixture_slots completed=64 pending=192
[exp8152] phase=fixture_slots completed=96 pending=160
[exp8152] phase=fixture_slots completed=128 pending=128
[exp8152] phase=fixture_slots completed=160 pending=96
[exp8152] phase=fixture_slots completed=192 pending=64
[exp8152] phase=fixture_slots completed=224 pending=32
[exp8152] phase=fixture_slots completed=256 pending=0
[exp8180] phase=cold_replay_states completed=22 pending=18
[exp8152] phase=fixture_slots completed=32 pending=224
[exp8152] phase=fixture_slots completed=64 pending=192
[exp8152] phase=fixture_slots completed=96 pending=160
[exp8152] phase=fixture_slots completed=128 pending=128
[exp8152] phase=fixture_slots completed=160 pending=96
[exp8152] phase=fixture_slots completed=192 pending=64
[exp8152] phase=fixture_slots completed=224 pending=32
[exp8152] phase=fixture_slots completed=256 pending=0
[exp8180] phase=cold_replay_states completed=23 pending=17
[exp8152] phase=fixture_slots completed=32 pending=224
[exp8152] phase=fixture_slots completed=64 pending=192
[exp8152] phase=fixture_slots completed=96 pending=160
[exp8152] phase=fixture_slots completed=128 pending=128
[exp8152] phase=fixture_slots completed=160 pending=96
[exp8152] phase=fixture_slots completed=192 pending=64
[exp8152] phase=fixture_slots completed=224 pending=32
[exp8152] phase=fixture_slots completed=256 pending=0
[exp8180] phase=cold_replay_states completed=24 pending=16
[exp8152] phase=fixture_slots completed=32 pending=224
[exp8152] phase=fixture_slots completed=64 pending=192
[exp8152] phase=fixture_slots completed=96 pending=160
[exp8152] phase=fixture_slots completed=128 pending=128
[exp8152] phase=fixture_slots completed=160 pending=96
[exp8152] phase=fixture_slots completed=192 pending=64
[exp8152] phase=fixture_slots completed=224 pending=32
[exp8152] phase=fixture_slots completed=256 pending=0
[exp8180] phase=cold_replay_states completed=25 pending=15
[exp8152] phase=fixture_slots completed=32 pending=224
[exp8152] phase=fixture_slots completed=64 pending=192
[exp8152] phase=fixture_slots completed=96 pending=160
[exp8152] phase=fixture_slots completed=128 pending=128
[exp8152] phase=fixture_slots completed=160 pending=96
[exp8152] phase=fixture_slots completed=192 pending=64
[exp8152] phase=fixture_slots completed=224 pending=32
[exp8152] phase=fixture_slots completed=256 pending=0
[exp8180] phase=cold_replay_states completed=26 pending=14
[exp8152] phase=fixture_slots completed=32 pending=224
[exp8152] phase=fixture_slots completed=64 pending=192
[exp8152] phase=fixture_slots completed=96 pending=160
[exp8152] phase=fixture_slots completed=128 pending=128
[exp8152] phase=fixture_slots completed=160 pending=96
[exp8152] phase=fixture_slots completed=192 pending=64
[exp8152] phase=fixture_slots completed=224 pending=32
[exp8152] phase=fixture_slots completed=256 pending=0
[exp8180] phase=cold_replay_states completed=27 pending=13
[exp8152] phase=fixture_slots completed=32 pending=224
[exp8152] phase=fixture_slots completed=64 pending=192
[exp8152] phase=fixture_slots completed=96 pending=160
[exp8152] phase=fixture_slots completed=128 pending=128
[exp8152] phase=fixture_slots completed=160 pending=96
[exp8152] phase=fixture_slots completed=192 pending=64
[exp8152] phase=fixture_slots completed=224 pending=32
[exp8152] phase=fixture_slots completed=256 pending=0
[exp8180] phase=cold_replay_states completed=28 pending=12
[exp8152] phase=fixture_slots completed=32 pending=224
[exp8152] phase=fixture_slots completed=64 pending=192
[exp8152] phase=fixture_slots completed=96 pending=160
[exp8152] phase=fixture_slots completed=128 pending=128
[exp8152] phase=fixture_slots completed=160 pending=96
[exp8152] phase=fixture_slots completed=192 pending=64
[exp8152] phase=fixture_slots completed=224 pending=32
[exp8152] phase=fixture_slots completed=256 pending=0
[exp8180] phase=cold_replay_states completed=29 pending=11
[exp8152] phase=fixture_slots completed=32 pending=224
[exp8152] phase=fixture_slots completed=64 pending=192
[exp8152] phase=fixture_slots completed=96 pending=160
[exp8152] phase=fixture_slots completed=128 pending=128
[exp8152] phase=fixture_slots completed=160 pending=96
[exp8152] phase=fixture_slots completed=192 pending=64
[exp8152] phase=fixture_slots completed=224 pending=32
[exp8152] phase=fixture_slots completed=256 pending=0
[exp8180] phase=cold_replay_states completed=30 pending=10
[exp8152] phase=fixture_slots completed=32 pending=224
[exp8152] phase=fixture_slots completed=64 pending=192
[exp8152] phase=fixture_slots completed=96 pending=160
[exp8152] phase=fixture_slots completed=128 pending=128
[exp8152] phase=fixture_slots completed=160 pending=96
[exp8152] phase=fixture_slots completed=192 pending=64
[exp8152] phase=fixture_slots completed=224 pending=32
[exp8152] phase=fixture_slots completed=256 pending=0
[exp8180] phase=cold_replay_states completed=31 pending=9
[exp8152] phase=fixture_slots completed=32 pending=224
[exp8152] phase=fixture_slots completed=64 pending=192
[exp8152] phase=fixture_slots completed=96 pending=160
[exp8152] phase=fixture_slots completed=128 pending=128
[exp8152] phase=fixture_slots completed=160 pending=96
[exp8152] phase=fixture_slots completed=192 pending=64
[exp8152] phase=fixture_slots completed=224 pending=32
[exp8152] phase=fixture_slots completed=256 pending=0
[exp8180] phase=cold_replay_states completed=32 pending=8
[exp8152] phase=fixture_slots completed=32 pending=224
[exp8152] phase=fixture_slots completed=64 pending=192
[exp8152] phase=fixture_slots completed=96 pending=160
[exp8152] phase=fixture_slots completed=128 pending=128
[exp8152] phase=fixture_slots completed=160 pending=96
[exp8152] phase=fixture_slots completed=192 pending=64
[exp8152] phase=fixture_slots completed=224 pending=32
[exp8152] phase=fixture_slots completed=256 pending=0
[exp8180] phase=cold_replay_states completed=33 pending=7
[exp8152] phase=fixture_slots completed=32 pending=224
[exp8152] phase=fixture_slots completed=64 pending=192
[exp8152] phase=fixture_slots completed=96 pending=160
[exp8152] phase=fixture_slots completed=128 pending=128
[exp8152] phase=fixture_slots completed=160 pending=96
[exp8152] phase=fixture_slots completed=192 pending=64
[exp8152] phase=fixture_slots completed=224 pending=32
[exp8152] phase=fixture_slots completed=256 pending=0
[exp8180] phase=cold_replay_states completed=34 pending=6
[exp8152] phase=fixture_slots completed=32 pending=224
[exp8152] phase=fixture_slots completed=64 pending=192
[exp8152] phase=fixture_slots completed=96 pending=160
[exp8152] phase=fixture_slots completed=128 pending=128
[exp8152] phase=fixture_slots completed=160 pending=96
[exp8152] phase=fixture_slots completed=192 pending=64
[exp8152] phase=fixture_slots completed=224 pending=32
[exp8152] phase=fixture_slots completed=256 pending=0
[exp8180] phase=cold_replay_states completed=35 pending=5
[exp8152] phase=fixture_slots completed=32 pending=224
[exp8152] phase=fixture_slots completed=64 pending=192
[exp8152] phase=fixture_slots completed=96 pending=160
[exp8152] phase=fixture_slots completed=128 pending=128
[exp8152] phase=fixture_slots completed=160 pending=96
[exp8152] phase=fixture_slots completed=192 pending=64
[exp8152] phase=fixture_slots completed=224 pending=32
[exp8152] phase=fixture_slots completed=256 pending=0
[exp8180] phase=cold_replay_states completed=36 pending=4
[exp8152] phase=fixture_slots completed=32 pending=224
[exp8152] phase=fixture_slots completed=64 pending=192
[exp8152] phase=fixture_slots completed=96 pending=160
[exp8152] phase=fixture_slots completed=128 pending=128
[exp8152] phase=fixture_slots completed=160 pending=96
[exp8152] phase=fixture_slots completed=192 pending=64
[exp8152] phase=fixture_slots completed=224 pending=32
[exp8152] phase=fixture_slots completed=256 pending=0
[exp8180] phase=cold_replay_states completed=37 pending=3
[exp8152] phase=fixture_slots completed=32 pending=224
[exp8152] phase=fixture_slots completed=64 pending=192
[exp8152] phase=fixture_slots completed=96 pending=160
[exp8152] phase=fixture_slots completed=128 pending=128
[exp8152] phase=fixture_slots completed=160 pending=96
[exp8152] phase=fixture_slots completed=192 pending=64
[exp8152] phase=fixture_slots completed=224 pending=32
[exp8152] phase=fixture_slots completed=256 pending=0
[exp8180] phase=cold_replay_states completed=38 pending=2
[exp8152] phase=fixture_slots completed=32 pending=224
[exp8152] phase=fixture_slots completed=64 pending=192
[exp8152] phase=fixture_slots completed=96 pending=160
[exp8152] phase=fixture_slots completed=128 pending=128
[exp8152] phase=fixture_slots completed=160 pending=96
[exp8152] phase=fixture_slots completed=192 pending=64
[exp8152] phase=fixture_slots completed=224 pending=32
[exp8152] phase=fixture_slots completed=256 pending=0
[exp8180] phase=cold_replay_states completed=39 pending=1
[exp8152] phase=fixture_slots completed=32 pending=224
[exp8152] phase=fixture_slots completed=64 pending=192
[exp8152] phase=fixture_slots completed=96 pending=160
[exp8152] phase=fixture_slots completed=128 pending=128
[exp8152] phase=fixture_slots completed=160 pending=96
[exp8152] phase=fixture_slots completed=192 pending=64
[exp8152] phase=fixture_slots completed=224 pending=32
[exp8152] phase=fixture_slots completed=256 pending=0
[exp8180] phase=cold_replay_states completed=40 pending=0
[exp8193] phase=cold_replay_complete completed=40 pending=0
[exp8206] phase=cold_replay_complete completed=40 pending=0
[exp8206] phase=replay_passed completed=0 pending=0
