[exp8071] phase=start elapsed_s=0.000 completed=0 pending=0
[exp8071] phase=before_model_load elapsed_s=0.047 completed=0 pending=0
[exp8071] phase=after_model_load elapsed_s=7.654 completed=0 pending=0
[exp8059] phase=token_view_seal elapsed_s=7.639 completed=1 pending=7
[exp8059] phase=token_view_seal elapsed_s=7.648 completed=2 pending=6
[exp8059] phase=token_view_seal elapsed_s=7.657 completed=3 pending=5
[exp8059] phase=token_view_seal elapsed_s=7.668 completed=4 pending=4
[exp8059] phase=token_view_seal elapsed_s=7.698 completed=5 pending=3
[exp8059] phase=token_view_seal elapsed_s=7.707 completed=6 pending=2
[exp8059] phase=token_view_seal elapsed_s=7.712 completed=7 pending=1
[exp8059] phase=token_view_seal elapsed_s=7.736 completed=8 pending=0
[exp8071] phase=before_native_forward elapsed_s=7.816 completed=0 pending=0
[exp8022] phase=8033_before_context_create elapsed_s=0.000 completed=0 pending=0
[exp8022] phase=8033_after_context_create elapsed_s=0.045 completed=0 pending=0
[exp8022] phase=8033_before_eval elapsed_s=0.056 completed=0 pending=192
[exp8022] phase=8033_after_eval elapsed_s=0.653 completed=192 pending=0
[exp8022] phase=8033_before_context_close elapsed_s=1.035 completed=0 pending=0
[exp8022] phase=8033_after_context_close elapsed_s=1.365 completed=0 pending=0
[exp8071] phase=after_native_forward elapsed_s=9.193 completed=0 pending=0
[exp8071] phase=before_model_cleanup elapsed_s=9.196 completed=0 pending=0
[exp8071] phase=after_model_cleanup elapsed_s=9.354 completed=0 pending=0
