=== MAIN CORPORA 2026-08-02T22:53:30Z ===
corpora: 116 objperc + 151 inert + 27 e3store over 27 games; running 27
[1/27] ar25 ok n_engines=14 2.8s
[2/27] bp35 ok n_engines=15 4.2s
[3/27] cd82 ok n_engines=14 3.0s
[4/27] cn04 ok n_engines=17 2.4s
[5/27] dc22 ok n_engines=1 12.4s
[6/27] ft09 ok n_engines=1 2.2s
[7/27] g ok n_engines=1 1.9s
[8/27] g50t ok n_engines=15 2.5s
[9/27] ka59 ok n_engines=13 4.8s
[10/27] lf52 ok n_engines=15 2.9s
[11/27] lp85 ok n_engines=14 2.6s
[12/27] ls20 ok n_engines=14 4.2s
[13/27] m0r0 ok n_engines=14 4.3s
[14/27] positive_control_4557 ok n_engines=1 1.9s
[15/27] r11l ok n_engines=1 2.2s
[16/27] re86 ok n_engines=11 2.6s
[17/27] s5i5 ok n_engines=16 2.2s
[18/27] sb26 ok n_engines=15 2.4s
[19/27] sc25 ok n_engines=14 2.5s
[20/27] sk48 ok n_engines=15 3.0s
[21/27] sp80 ok n_engines=1 2.1s
[22/27] su15 ok n_engines=13 9.8s
[23/27] tn36 ok n_engines=15 2.5s
[24/27] tr87 ok n_engines=14 196.8s
[25/27] tu93 ok n_engines=16 27.8s
[26/27] vc33 ok n_engines=1 2.2s
[27/27] wa30 ok n_engines=13 4.4s
collection done
=== BESTOFN 2026-08-02T22:58:42Z ===
bestofn: 48 candidates over 6 games (0 completion texts missing)
=== ALL DONE 2026-08-02T23:10:25Z ===
