prepared lp85: 8 candidates
INFO:arc_agi.scorecard:Initialized ScorecardManager with idle_for=0:15:00 and max_open_for=3 days, 0:00:00
2026-08-02 19:10:52 | INFO | Created new scorecard: a16d56ab-9d0b-4eb9-a44a-b8328e57e973
2026-08-02 19:10:52 | INFO | Found latest version of lp85: lp85-305b61c3 (downloaded: 2026-06-08 07:25:24.478883+00:00)
2026-08-02 19:10:52 | INFO | Successfully loaded game class Lp85 from /home/ianblenke/github.com/ianblenke/carnot/environment_files/lp85/305b61c3/lp85.py
GVS_BON_DONE lp85 rows=18
-- done lp85 2026-08-02T23:10:52Z
prepared sc25: 8 candidates
INFO:arc_agi.scorecard:Initialized ScorecardManager with idle_for=0:15:00 and max_open_for=3 days, 0:00:00
2026-08-02 19:10:54 | INFO | Created new scorecard: ef33d251-663c-4892-9ea4-5784b90860ba
2026-08-02 19:10:54 | INFO | Found latest version of sc25: sc25-635fd71a (downloaded: 2026-06-08 07:25:18.391279+00:00)
2026-08-02 19:10:54 | INFO | Successfully loaded game class Sc25 from /home/ianblenke/github.com/ianblenke/carnot/environment_files/sc25/635fd71a/sc25.py
GVS_BON_DONE sc25 rows=18
-- done sc25 2026-08-02T23:10:55Z
prepared tn36: 8 candidates
INFO:arc_agi.scorecard:Initialized ScorecardManager with idle_for=0:15:00 and max_open_for=3 days, 0:00:00
2026-08-02 19:10:57 | INFO | Created new scorecard: 5f1cd0b1-995e-4a25-acfe-293abf4ec846
2026-08-02 19:10:57 | INFO | Found latest version of tn36: tn36-ef4dde99 (downloaded: 2026-06-08 07:25:22.107920+00:00)
2026-08-02 19:10:57 | INFO | Successfully loaded game class Tn36 from /home/ianblenke/github.com/ianblenke/carnot/environment_files/tn36/ef4dde99/tn36.py
GVS_BON_DONE tn36 rows=20
-- done tn36 2026-08-02T23:10:58Z
prepared tu93: 8 candidates
INFO:arc_agi.scorecard:Initialized ScorecardManager with idle_for=0:15:00 and max_open_for=3 days, 0:00:00
2026-08-02 19:10:59 | INFO | Created new scorecard: de79ba86-6859-4d95-8c8d-ae9495fc330a
2026-08-02 19:10:59 | INFO | Found latest version of tu93: tu93-0768757b (downloaded: 2026-06-08 07:25:18.086006+00:00)
2026-08-02 19:10:59 | INFO | Successfully loaded game class Tu93 from /home/ianblenke/github.com/ianblenke/carnot/environment_files/tu93/0768757b/tu93.py
GVS_BON_DONE tu93 rows=17
-- done tu93 2026-08-02T23:11:02Z
prepared vc33: 8 candidates
INFO:arc_agi.scorecard:Initialized ScorecardManager with idle_for=0:15:00 and max_open_for=3 days, 0:00:00
2026-08-02 19:11:04 | INFO | Created new scorecard: 9fcd7f53-e7a9-41d7-ad98-ff0263a9d21f
2026-08-02 19:11:04 | INFO | Found latest version of vc33: vc33-5430563c (downloaded: 2026-06-08 07:25:22.654179+00:00)
2026-08-02 19:11:04 | INFO | Successfully loaded game class Vc33 from /home/ianblenke/github.com/ianblenke/carnot/environment_files/vc33/5430563c/vc33.py
GVS_BON_DONE vc33 rows=10
-- done vc33 2026-08-02T23:11:05Z
BON5 ALL DONE
