[exp8305] phase=start completed=0 pending=0
[exp8305] phase=before_input_authentication completed=0 pending=0
[exp8305] phase=authenticated_primary completed=1 pending=5
[exp8305] phase=authenticated_primary completed=2 pending=4
[exp8305] phase=authenticated_primary completed=3 pending=3
[exp8305] phase=authenticated_primary completed=4 pending=2
[exp8305] phase=authenticated_primary completed=5 pending=1
[exp8305] phase=authenticated_primary completed=6 pending=0
[exp8305] phase=after_input_authentication completed=0 pending=0
[exp8305] phase=before_cached_public_feature_reconstruction completed=0 pending=0
[exp8305] phase=after_cached_public_feature_reconstruction completed=0 pending=0
[exp8305] phase=source_reconstruction completed=32 pending=288
[exp8305] phase=source_reconstruction completed=64 pending=256
[exp8305] phase=source_reconstruction completed=96 pending=224
[exp8305] phase=source_reconstruction completed=128 pending=192
[exp8305] phase=source_reconstruction completed=160 pending=160
[exp8305] phase=source_reconstruction completed=192 pending=128
[exp8305] phase=source_reconstruction completed=224 pending=96
[exp8305] phase=source_reconstruction completed=256 pending=64
[exp8305] phase=source_reconstruction completed=288 pending=32
[exp8305] phase=source_reconstruction completed=320 pending=0
[exp8305] phase=predictors_sealed completed=4 pending=0
[exp8305] phase=evaluators_sealed completed=4 pending=0
