============================= test session starts ==============================
platform linux -- Python 3.12.13, pytest-9.0.3, pluggy-1.6.0
rootdir: /home/ianblenke/github.com/ianblenke/carnot
configfile: pyproject.toml
plugins: xdist-3.8.0, jaxtyping-0.3.10, cov-7.1.0, hydra-core-1.3.3, anyio-4.13.0, hypothesis-6.155.2
created: 4/4 workers
4 workers [77429 items]

........................................................................ [  0%]
........................................................................ [  0%]
........................................................................ [  0%]
.................................................................F...... [  0%]
........................................................................ [  0%]
............FF.......................................................... [  0%]
........................................................................ [  0%]
........................................................................ [  0%]
........................................................................ [  0%]
.................................................................F...... [  0%]
...................................................F.................... [  1%]
.......................................................F................ [  1%]
........................................................................ [  1%]
........................................................................ [  1%]
..........F...................................................F......... [  1%]
..........F..................FF.FF.FF.......F.............F........F.... [  1%]
...........................................................FFFFFFFF..... [  1%]
...FFFFF....FF.FFFFFFFFFFFFF........FFFFEFEEF.FF.EEEEEFF.FFFFFFFFFFFFFFF [  1%]
FFFFFFFFFFFFFF.FFFF.FFFFFFFFFFFFFFFFFFFFFF.FFFFFFF...........F..FFF....F [  1%]
FFFFFFF.FFFFFFF.FFFFFFFF...FFFFFF.FFFFFFF.FFFF...........F.FFFFFFF..F..F [  1%]
....................................E.EF.FF...............FE.FFF.......E [  1%]
EFEFEEFEFFFFFFFFFFFFFFF..F...FF.........FF..FFFF.FFF..F..FFFF........F.F [  2%]
......FFFFFF.....FF................................F....FFF......FFF.F.. [  2%]
FFF.FF..FF.F.EEEEE.EEEEE.EEFEE.............................E............ [  2%]
......................E....................EF.EF.......EFEF..EEEEEE....E [  2%]
..EE..EEEEE.....EEEE..............EEEEEEEE.EE.E..EEE....FEF........E.... [  2%]
...................................E.................EF................. [  2%]
..........E...EEFE.EEEEEFFFF.FFFF.FFF..F.F.....F......F...F............. [  2%]
...F.............................................F...................... [  2%]
................F.........................F....F...F.FF....F............ [  2%]
.........F......F..FFF.F.F.............................................. [  2%]
...............F.................EEEEEEEEEEEEEEEEEEEEEEEEEEEEEEFF.EEEEEE [  2%]
EEEEEEEEF....E.......F........FFFFFF...FFFFFFF..............FF.......FFF [  3%]
FFFFFFFFFFF.FFFFFFFFFFFFFF..FFFFFFFFFFF.FFFFFFFFFFFFsFFFFFFFFFFFFFF.FFFF [  3%]
FFFFFFFFFFFF.EFEFEFFEEEEEE........E............E..........EEFE.E.....E.. [  3%]
.........EF.EFEFE....F.......E........EF.EF...EEFEFEEFEFEEFEEFEFEEFEFEEF [  3%]
EEFEFEEFEFEEFEEFEFEEFEEFEEF.EEFEFEFEEFEFEEF..............E..E.EFE..FFEFE [  3%]
EEEEF.EEF.............EEEEFFF.............................F.F........... [  3%]
.............F.F.................................F.F.................... [  3%]
..............FF...FFFFFFF.......FF..........FFFFFF..................... [  3%]
.............................FF.F....................................... [  3%]
.......F.F..................F...........................F..FF...F......F [  3%]
FFFFFF.................................................................. [  3%]
..........................FFFFFFFFFFF................................... [  4%]
..............FFFFF............FEEEEEEEEFF.FFF.FF..........FFFFF...F...F [  4%]
.F................FFFFF.F..........FF...FFFFFFF......................... [  4%]
..............F.............................FF