============================= test session starts ==============================
platform linux -- Python 3.12.13, pytest-9.0.3, pluggy-1.6.0 -- /home/ianblenke/github.com/ianblenke/carnot/.venv/bin/python
cachedir: .pytest_cache
hypothesis profile 'default'
rootdir: /home/ianblenke/github.com/ianblenke/carnot
configfile: pyproject.toml
plugins: xdist-3.8.0, jaxtyping-0.3.10, cov-7.1.0, hydra-core-1.3.3, anyio-4.13.0, hypothesis-6.155.2
collecting ... collected 26 items

tests/python/test_experiment_7891_v685_authority_lifecycle.py::test_matching_activation_and_consumed_stage PASSED [  3%]
tests/python/test_experiment_7891_v685_authority_lifecycle.py::test_old_active_and_changed_full_task_fail PASSED [  7%]
tests/python/test_experiment_7891_v685_authority_lifecycle.py::test_core_mutations_fail[id] PASSED [ 11%]
tests/python/test_experiment_7891_v685_authority_lifecycle.py::test_core_mutations_fail[title] PASSED [ 15%]
tests/python/test_experiment_7891_v685_authority_lifecycle.py::test_core_mutations_fail[phase] PASSED [ 19%]
tests/python/test_experiment_7891_v685_authority_lifecycle.py::test_core_mutations_fail[deliverable] PASSED [ 23%]
tests/python/test_experiment_7891_v685_authority_lifecycle.py::test_core_mutations_fail[MODEL_SPECS] PASSED [ 26%]
tests/python/test_experiment_7891_v685_authority_lifecycle.py::test_core_mutations_fail[inference_substrate_class] PASSED [ 30%]
tests/python/test_experiment_7891_v685_authority_lifecycle.py::test_core_mutations_fail[gated_on] PASSED [ 34%]
tests/python/test_experiment_7891_v685_authority_lifecycle.py::test_missing_digest_and_inconsistent_design_count_fail PASSED [ 38%]
tests/python/test_experiment_7891_v685_authority_lifecycle.py::test_wrong_staged_digest_and_active_count_fail PASSED [ 42%]
tests/python/test_experiment_7891_v685_authority_lifecycle.py::test_immutable_snapshot_refuses_corruption PASSED [ 46%]
tests/python/test_experiment_7891_v685_authority_lifecycle.py::test_cli_private_success_failure_and_replay PASSED [ 50%]
tests/python/test_experiment_7891_v685_authority_lifecycle.py::test_terminal_recheck_failure_refuses_publication PASSED [ 53%]
tests/python/test_experiment_7891_v685_authority_lifecycle.py::test_child_deadline_seals_failed_receipt PASSED [ 57%]
tests/python/test_experiment_7891_v685_authority_lifecycle.py::test_authority_and_required_check_verdicts PASSED [ 61%]
tests/python/test_experiment_7891_v685_authority_lifecycle.py::test_terminal_recovery_rechecks_disqualified_bytes PASSED [ 65%]
tests/python/test_experiment_7891_v685_authority_lifecycle.py::test_direct_replay_date_and_publication_hash_exits PASSED [ 69%]
tests/python/test_v722_contract_methods_8374.py::test_private_e2e018[match] PASSED [ 73%]
tests/python/test_v722_contract_methods_8374.py::test_private_e2e018[prompt] PASSED [ 76%]
tests/python/test_v722_contract_methods_8374.py::test_private_e2e018[delete] PASSED [ 80%]
tests/python/test_v722_contract_methods_8374.py::test_private_e2e018[reorder] PASSED [ 84%]
tests/python/test_v722_contract_methods_8374.py::test_private_e2e018[lineage] PASSED [ 88%]
tests/python/test_v722_contract_methods_8374.py::test_private_e2e018[table] PASSED [ 92%]
tests/python/test_v722_contract_methods_8374.py::test_private_e2e018[digest] PASSED [ 96%]
tests/python/test_v722_contract_methods_8374.py::test_private_e2e018[missing_stage] PASSED [100%]

============================= 26 passed in 15.47s ==============================
