#-----------------------------------------------------------
# Vivado v2025.2.1 (64-bit)
# SW Build 6403652 on Thu Mar 19 13:47:00 MDT 2026
# IP Build 6403511 on Thu Mar 19 12:41:45 MDT 2026
# SharedData Build 6403650 on Thu Mar 19 14:02:13 MDT 2026
# Start of session at: Tue May 19 03:56:43 2026
# Process ID         : 1884897
# Current directory  : /home/ianblenke/github.com/ianblenke/carnot
# Command line       : vivado -mode batch -source /tmp/exp2477/kv260_synth.tcl -log /tmp/exp2477/vivado.log -journal /tmp/exp2477/vivado.jou -notrace
# Log file           : /tmp/exp2477/vivado.log
# Journal file       : /tmp/exp2477/vivado.jou
# Running On         : icbfl1
# Platform           : cachyos
# Operating System   : CachyOS
# Processor Detail   : AMD Ryzen AI 9 HX 370 w/ Radeon 890M
# CPU Frequency      : 4897.235 MHz
# CPU Physical cores : 12
# CPU Logical cores  : 24
# Host memory        : 134305 MB
# Swap memory        : 154618 MB
# Total Virtual      : 288924 MB
# Available Virtual  : 129833 MB
#-----------------------------------------------------------
source /tmp/exp2477/kv260_synth.tcl -notrace
Command: synth_design -top carnot_ising_top -part xck26-sfvc784-2LV-c
Starting synth_design
Attempting to get a license for feature 'Synthesis' and/or device 'xck26'
INFO: [Common 17-349] Got license for feature 'Synthesis' and/or device 'xck26'
INFO: [Synth 8-7079] Multithreading enabled for synth_design using a maximum of 7 processes.
INFO: [Synth 8-7078] Launching helper process for spawning children vivado processes
INFO: [Synth 8-7075] Helper process launched with PID 1884953
---------------------------------------------------------------------------------
Starting Synthesize : Time (s): cpu = 00:00:02 ; elapsed = 00:00:02 . Memory (MB): peak = 2065.180 ; gain = 370.633 ; free physical = 82551 ; free virtual = 122605
---------------------------------------------------------------------------------
INFO: [Synth 8-6157] synthesizing module 'carnot_ising_top' [/home/ianblenke/github.com/ianblenke/carnot/hardware/kv260/carnot_ising_top.v:43]
INFO: [Synth 8-6155] done synthesizing module 'carnot_ising_top' (0#1) [/home/ianblenke/github.com/ianblenke/carnot/hardware/kv260/carnot_ising_top.v:43]
---------------------------------------------------------------------------------
Finished Synthesize : Time (s): cpu = 00:00:03 ; elapsed = 00:00:03 . Memory (MB): peak = 2150.148 ; gain = 455.602 ; free physical = 82448 ; free virtual = 122503
---------------------------------------------------------------------------------
---------------------------------------------------------------------------------
Finished Constraint Validation : Time (s): cpu = 00:00:03 ; elapsed = 00:00:04 . Memory (MB): peak = 2167.961 ; gain = 473.414 ; free physical = 82447 ; free virtual = 122502
---------------------------------------------------------------------------------
---------------------------------------------------------------------------------
Start Loading Part and Timing Information
---------------------------------------------------------------------------------
Loading part: xck26-sfvc784-2LV-c
INFO: [Synth 8-6742] Reading net delay rules and data
INFO: [Device 21-403] Loading part xck26-sfvc784-2LV-c
---------------------------------------------------------------------------------
Finished Loading Part and Timing Information : Time (s): cpu = 00:00:03 ; elapsed = 00:00:04 . Memory (MB): peak = 2176.867 ; gain = 482.320 ; free physical = 82446 ; free virtual = 122501
---------------------------------------------------------------------------------
---------------------------------------------------------------------------------
Finished RTL Optimization Phase 2 : Time (s): cpu = 00:00:04 ; elapsed = 00:00:04 . Memory (MB): peak = 2176.867 ; gain = 482.320 ; free physical = 82445 ; free virtual = 122500
---------------------------------------------------------------------------------
No constraint files found.
---------------------------------------------------------------------------------
Start RTL Component Statistics 
---------------------------------------------------------------------------------
Detailed RTL Component Info : 
+---Registers : 
	               10 Bit    Registers := 1     
	                1 Bit    Registers := 1     
+---Muxes : 
	   2 Input    2 Bit        Muxes := 4     
---------------------------------------------------------------------------------
Finished RTL Component Statistics 
---------------------------------------------------------------------------------
---------------------------------------------------------------------------------
Start Part Resource Summary
---------------------------------------------------------------------------------
Part Resources:
DSPs: 1248 (col length:96)
BRAMs: 288 (col length: RAMB18 96 RAMB36 48)
---------------------------------------------------------------------------------
Finished Part Resource Summary
---------------------------------------------------------------------------------
No constraint files found.
---------------------------------------------------------------------------------
Start Cross Boundary and Area Optimization
---------------------------------------------------------------------------------
---------------------------------------------------------------------------------
Finished Cross Boundary and Area Optimization : Time (s): cpu = 00:00:07 ; elapsed = 00:00:08 . Memory (MB): peak = 2978.867 ; gain = 1284.320 ; free physical = 81652 ; free virtual = 121711
---------------------------------------------------------------------------------
No constraint files found.
---------------------------------------------------------------------------------
Start Timing Optimization
---------------------------------------------------------------------------------
---------------------------------------------------------------------------------
Finished Timing Optimization : Time (s): cpu = 00:00:07 ; elapsed = 00:00:08 . Memory (MB): peak = 2978.867 ; gain = 1284.320 ; free physical = 81652 ; free virtual = 121711
---------------------------------------------------------------------------------
---------------------------------------------------------------------------------
Start Technology Mapping
---------------------------------------------------------------------------------
---------------------------------------------------------------------------------
Finished Technology Mapping : Time (s): cpu = 00:00:07 ; elapsed = 00:00:08 . Memory (MB): peak = 2978.867 ; gain = 1284.320 ; free physical = 81652 ; free virtual = 121711
---------------------------------------------------------------------------------
---------------------------------------------------------------------------------
Start IO Insertion
---------------------------------------------------------------------------------
---------------------------------------------------------------------------------
Start Flattening Before IO Insertion
---------------------------------------------------------------------------------
---------------------------------------------------------------------------------
Finished Flattening Before IO Insertion
---------------------------------------------------------------------------------
---------------------------------------------------------------------------------
Start Final Netlist Cleanup
---------------------------------------------------------------------------------
---------------------------------------------------------------------------------
Finished Final Netlist Cleanup
---------------------------------------------------------------------------------
---------------------------------------------------------------------------------
Finished IO Insertion : Time (s): cpu = 00:00:10 ; elapsed = 00:00:10 . Memory (MB): peak = 3009.680 ; gain = 1315.133 ; free physical = 81653 ; free virtual = 121712
---------------------------------------------------------------------------------
---------------------------------------------------------------------------------
Start Renaming Generated Instances
---------------------------------------------------------------------------------
---------------------------------------------------------------------------------
Finished Renaming Generated Instances : Time (s): cpu = 00:00:10 ; elapsed = 00:00:10 . Memory (MB): peak = 3009.680 ; gain = 1315.133 ; free physical = 81653 ; free virtual = 121712
---------------------------------------------------------------------------------
---------------------------------------------------------------------------------
Start Rebuilding User Hierarchy
---------------------------------------------------------------------------------
---------------------------------------------------------------------------------
Finished Rebuilding User Hierarchy : Time (s): cpu = 00:00:10 ; elapsed = 00:00:10 . Memory (MB): peak = 3009.680 ; gain = 1315.133 ; free physical = 81653 ; free virtual = 121712
---------------------------------------------------------------------------------
---------------------------------------------------------------------------------
Start Renaming Generated Ports
---------------------------------------------------------------------------------
---------------------------------------------------------------------------------
Finished Renaming Generated Ports : Time (s): cpu = 00:00:10 ; elapsed = 00:00:10 . Memory (MB): peak = 3009.680 ; gain = 1315.133 ; free physical = 81653 ; free virtual = 121712
---------------------------------------------------------------------------------
---------------------------------------------------------------------------------
Start Handling Custom Attributes
---------------------------------------------------------------------------------
---------------------------------------------------------------------------------
Finished Handling Custom Attributes : Time (s): cpu = 00:00:10 ; elapsed = 00:00:10 . Memory (MB): peak = 3009.680 ; gain = 1315.133 ; free physical = 81653 ; free virtual = 121712
---------------------------------------------------------------------------------
---------------------------------------------------------------------------------
Start Renaming Generated Nets
---------------------------------------------------------------------------------
---------------------------------------------------------------------------------
Finished Renaming Generated Nets : Time (s): cpu = 00:00:10 ; elapsed = 00:00:10 . Memory (MB): peak = 3009.680 ; gain = 1315.133 ; free physical = 81653 ; free virtual = 121712
---------------------------------------------------------------------------------
---------------------------------------------------------------------------------
Start Writing Synthesis Report
---------------------------------------------------------------------------------

Report BlackBoxes: 
+-+--------------+----------+
| |BlackBox name |Instances |
+-+--------------+----------+
+-+--------------+----------+

Report Cell Usage: 
+------+-------+------+
|      |Cell   |Count |
+------+-------+------+
|1     |BUFG   |     1|
|2     |CARRY8 |     6|
|3     |LUT1   |     2|
|4     |LUT2   |    15|
|5     |LUT3   |     4|
|6     |LUT4   |     6|
|7     |LUT5   |     8|
|8     |LUT6   |    19|
|9     |FDRE   |    11|
|10    |IBUF   |    30|
|11    |OBUF   |    11|
+------+-------+------+

Report Instance Areas: 
+------+---------+-------+------+
|      |Instance |Module |Cells |
+------+---------+-------+------+
|1     |top      |       |   113|
+------+---------+-------+------+
---------------------------------------------------------------------------------
Finished Writing Synthesis Report : Time (s): cpu = 00:00:10 ; elapsed = 00:00:10 . Memory (MB): peak = 3009.680 ; gain = 1315.133 ; free physical = 81653 ; free virtual = 121712
---------------------------------------------------------------------------------
Synthesis finished with 0 errors, 0 critical warnings and 0 warnings.
Synthesis Optimization Runtime : Time (s): cpu = 00:00:10 ; elapsed = 00:00:10 . Memory (MB): peak = 3009.680 ; gain = 1315.133 ; free physical = 81653 ; free virtual = 121712
Synthesis Optimization Complete : Time (s): cpu = 00:00:10 ; elapsed = 00:00:10 . Memory (MB): peak = 3009.688 ; gain = 1315.133 ; free physical = 81653 ; free virtual = 121712
INFO: [Project 1-571] Translating synthesized netlist
Netlist sorting complete. Time (s): cpu = 00:00:00 ; elapsed = 00:00:00 . Memory (MB): peak = 3023.555 ; gain = 0.000 ; free physical = 81801 ; free virtual = 121860
INFO: [Netlist 29-17] Analyzing 37 Unisim elements for replacement
INFO: [Netlist 29-28] Unisim Transformation completed in 0 CPU seconds
INFO: [Project 1-570] Preparing netlist for logic optimization
INFO: [Opt 31-138] Pushed 0 inverter(s) to 0 load pin(s).
Netlist sorting complete. Time (s): cpu = 00:00:00 ; elapsed = 00:00:00 . Memory (MB): peak = 3183.352 ; gain = 0.000 ; free physical = 81718 ; free virtual = 121777
INFO: [Project 1-111] Unisim Transformation Summary:
  A total of 31 instances were transformed.
  BUFG => BUFGCE: 1 instance 
  IBUF => IBUF (IBUFCTRL, INBUF): 30 instances

Synth Design complete | Checksum: 6cd1ede4
INFO: [Common 17-83] Releasing license: Synthesis
15 Infos, 0 Warnings, 0 Critical Warnings and 0 Errors encountered.
synth_design completed successfully
synth_design: Time (s): cpu = 00:00:13 ; elapsed = 00:00:11 . Memory (MB): peak = 3183.387 ; gain = 1488.840 ; free physical = 81718 ; free virtual = 121777
INFO: [Common 17-2834] synth_design peak Physical Memory [PSS] (MB): overall = 2554.982; main = 2554.982; forked = 0.000
INFO: [Common 17-2834] synth_design peak Virtual Memory [VSS] (MB): overall = 3183.355; main = 3183.355; forked = 0.000
CRITICAL WARNING: [Vivado 12-4430] You are lowering the severity from an ERROR. This can potentially lead to board damage or other functionality issues on hardware. If this is not desired, please run 'reset_property SEVERITY [get_drc_checks KLOC-1]' to undo this change.
Command: opt_design
Attempting to get a license for feature 'Implementation' and/or device 'xck26'
INFO: [Common 17-349] Got license for feature 'Implementation' and/or device 'xck26'
Running DRC as a precondition to command opt_design

Starting DRC Task
INFO: [DRC 23-27] Running DRC with 8 threads
INFO: [Project 1-461] DRC finished with 0 Errors
INFO: [Project 1-462] Please refer to the DRC report (report_drc) for more information.

Time (s): cpu = 00:00:00.28 ; elapsed = 00:00:00.21 . Memory (MB): peak = 3281.039 ; gain = 97.652 ; free physical = 81718 ; free virtual = 121777

Starting Cache Timing Information Task
INFO: [Timing 38-35] Done setting XDC timing constraints.
Ending Cache Timing Information Task | Checksum: 18f058caa

Time (s): cpu = 00:00:05 ; elapsed = 00:00:05 . Memory (MB): peak = 3432.383 ; gain = 151.344 ; free physical = 81668 ; free virtual = 121727

Starting Logic Optimization Task

Phase 1 Initialization

Phase 1.1 Core Generation And Design Setup
Phase 1.1 Core Generation And Design Setup | Checksum: 18f058caa

Time (s): cpu = 00:00:00 ; elapsed = 00:00:00 . Memory (MB): peak = 3750.320 ; gain = 0.000 ; free physical = 81341 ; free virtual = 121400

Phase 1.2 Setup Constraints And Sort Netlist
Phase 1.2 Setup Constraints And Sort Netlist | Checksum: 18f058caa

Time (s): cpu = 00:00:00 ; elapsed = 00:00:00 . Memory (MB): peak = 3750.320 ; gain = 0.000 ; free physical = 81341 ; free virtual = 121400
Phase 1 Initialization | Checksum: 18f058caa

Time (s): cpu = 00:00:00 ; elapsed = 00:00:00 . Memory (MB): peak = 3750.320 ; gain = 0.000 ; free physical = 81341 ; free virtual = 121400

Phase 2 Timer Update And Timing Data Collection

Phase 2.1 Detect if minReqCache needed
Phase 2.1 Detect if minReqCache needed | Checksum: 18f058caa

Time (s): cpu = 00:00:00 ; elapsed = 00:00:00.01 . Memory (MB): peak = 3750.320 ; gain = 0.000 ; free physical = 81341 ; free virtual = 121400

Phase 2.2 Timer Update
Phase 2.2 Timer Update | Checksum: 18f058caa

Time (s): cpu = 00:00:00 ; elapsed = 00:00:00.01 . Memory (MB): peak = 3750.320 ; gain = 0.000 ; free physical = 81341 ; free virtual = 121400

Phase 2.3 Timing Data Collection
Phase 2.3 Timing Data Collection | Checksum: 18f058caa

Time (s): cpu = 00:00:00 ; elapsed = 00:00:00.01 . Memory (MB): peak = 3750.320 ; gain = 0.000 ; free physical = 81341 ; free virtual = 121400
Phase 2 Timer Update And Timing Data Collection | Checksum: 18f058caa

Time (s): cpu = 00:00:00 ; elapsed = 00:00:00.01 . Memory (MB): peak = 3750.320 ; gain = 0.000 ; free physical = 81341 ; free virtual = 121400

Phase 3 Retarget
INFO: [Opt 31-1851] Number of loadless carry chains removed were: 0
INFO: [Opt 31-1834] Total Chains To Be Transformed Were: 0 AND Number of Transformed insts Created are: 0
INFO: [Opt 31-138] Pushed 1 inverter(s) to 10 load pin(s).
INFO: [Opt 31-49] Retargeted 0 cell(s).
Phase 3 Retarget | Checksum: 13ca36bc2

Time (s): cpu = 00:00:00.01 ; elapsed = 00:00:00.02 . Memory (MB): peak = 3750.320 ; gain = 0.000 ; free physical = 81341 ; free virtual = 121400
Retarget | Checksum: 13ca36bc2
INFO: [Opt 31-389] Phase Retarget created 0 cells and removed 1 cells

Phase 4 Constant propagation
INFO: [Opt 31-138] Pushed 0 inverter(s) to 0 load pin(s).
Phase 4 Constant propagation | Checksum: 13ca36bc2

Time (s): cpu = 00:00:00.01 ; elapsed = 00:00:00.02 . Memory (MB): peak = 3750.320 ; gain = 0.000 ; free physical = 81341 ; free virtual = 121400
Constant propagation | Checksum: 13ca36bc2
INFO: [Opt 31-389] Phase Constant propagation created 0 cells and removed 0 cells

Phase 5 Sweep
INFO: [Constraints 18-11670] Building netlist checker database with flags, 0x8
Done building netlist checker database: Time (s): cpu = 00:00:00 ; elapsed = 00:00:00 . Memory (MB): peak = 3750.320 ; gain = 0.000 ; free physical = 81341 ; free virtual = 121400
Phase 5 Sweep | Checksum: 13c383f74

Time (s): cpu = 00:00:00.01 ; elapsed = 00:00:00.02 . Memory (MB): peak = 3750.320 ; gain = 0.000 ; free physical = 81341 ; free virtual = 121400
Sweep | Checksum: 13c383f74
INFO: [Opt 31-389] Phase Sweep created 0 cells and removed 0 cells

Phase 6 BUFG optimization
INFO: [Opt 31-1077] Phase BUFG optimization inserted 0 global clock buffer(s) for CLOCK_LOW_FANOUT.
Phase 6 BUFG optimization | Checksum: 13c383f74

Time (s): cpu = 00:00:00.02 ; elapsed = 00:00:00.02 . Memory (MB): peak = 3799.164 ; gain = 48.844 ; free physical = 81341 ; free virtual = 121400
BUFG optimization | Checksum: 13c383f74
INFO: [Opt 31-662] Phase BUFG optimization created 0 cells of which 0 are BUFGs and removed 0 cells.

Phase 7 Shift Register Optimization
INFO: [Opt 31-1064] SRL Remap converted 0 SRLs to 0 registers and converted 0 registers of register chains to 0 SRLs
Phase 7 Shift Register Optimization | Checksum: 13c383f74

Time (s): cpu = 00:00:00.02 ; elapsed = 00:00:00.02 . Memory (MB): peak = 3799.164 ; gain = 48.844 ; free physical = 81341 ; free virtual = 121400
Shift Register Optimization | Checksum: 13c383f74
INFO: [Opt 31-389] Phase Shift Register Optimization created 0 cells and removed 0 cells

Phase 8 Post Processing Netlist
Phase 8 Post Processing Netlist | Checksum: 13c383f74

Time (s): cpu = 00:00:00.02 ; elapsed = 00:00:00.02 . Memory (MB): peak = 3799.164 ; gain = 48.844 ; free physical = 81341 ; free virtual = 121400
Post Processing Netlist | Checksum: 13c383f74
INFO: [Opt 31-389] Phase Post Processing Netlist created 0 cells and removed 0 cells

Phase 9 Finalization

Phase 9.1 Finalizing Design Cores and Updating Shapes
Phase 9.1 Finalizing Design Cores and Updating Shapes | Checksum: 10ecd8c56

Time (s): cpu = 00:00:00.03 ; elapsed = 00:00:00.03 . Memory (MB): peak = 3799.164 ; gain = 48.844 ; free physical = 81341 ; free virtual = 121400

Phase 9.2 Verifying Netlist Connectivity

Starting Connectivity Check Task

Time (s): cpu = 00:00:00 ; elapsed = 00:00:00 . Memory (MB): peak = 3799.164 ; gain = 0.000 ; free physical = 81341 ; free virtual = 121400
Phase 9.2 Verifying Netlist Connectivity | Checksum: 10ecd8c56

Time (s): cpu = 00:00:00.03 ; elapsed = 00:00:00.03 . Memory (MB): peak = 3799.164 ; gain = 48.844 ; free physical = 81341 ; free virtual = 121400
Phase 9 Finalization | Checksum: 10ecd8c56

Time (s): cpu = 00:00:00.03 ; elapsed = 00:00:00.03 . Memory (MB): peak = 3799.164 ; gain = 48.844 ; free physical = 81341 ; free virtual = 121400
Opt_design Change Summary
=========================


-------------------------------------------------------------------------------------------------------------------------
|  Phase                        |  #Cells created  |  #Cells Removed  |  #Constrained objects preventing optimizations  |
-------------------------------------------------------------------------------------------------------------------------
|  Retarget                     |               0  |               1  |                                              0  |
|  Constant propagation         |               0  |               0  |                                              0  |
|  Sweep                        |               0  |               0  |                                              0  |
|  BUFG optimization            |               0  |               0  |                                              0  |
|  Shift Register Optimization  |               0  |               0  |                                              0  |
|  Post Processing Netlist      |               0  |               0  |                                              0  |
-------------------------------------------------------------------------------------------------------------------------


Ending Logic Optimization Task | Checksum: 10ecd8c56

Time (s): cpu = 00:00:00.03 ; elapsed = 00:00:00.03 . Memory (MB): peak = 3799.164 ; gain = 48.844 ; free physical = 81341 ; free virtual = 121400

Starting Power Optimization Task
INFO: [Pwropt 34-132] Skipping clock gating for clocks with a period < 2.00 ns.
Ending Power Optimization Task | Checksum: 10ecd8c56

Time (s): cpu = 00:00:00 ; elapsed = 00:00:00 . Memory (MB): peak = 3799.164 ; gain = 0.000 ; free physical = 81343 ; free virtual = 121402

Starting Final Cleanup Task
Ending Final Cleanup Task | Checksum: 10ecd8c56

Time (s): cpu = 00:00:00 ; elapsed = 00:00:00 . Memory (MB): peak = 3799.164 ; gain = 0.000 ; free physical = 81343 ; free virtual = 121402
Netlist sorting complete. Time (s): cpu = 00:00:00 ; elapsed = 00:00:00 . Memory (MB): peak = 3799.164 ; gain = 0.000 ; free physical = 81343 ; free virtual = 121402
INFO: [Common 17-83] Releasing license: Implementation
38 Infos, 0 Warnings, 1 Critical Warnings and 0 Errors encountered.
opt_design completed successfully
opt_design: Time (s): cpu = 00:00:07 ; elapsed = 00:00:07 . Memory (MB): peak = 3799.164 ; gain = 615.777 ; free physical = 81343 ; free virtual = 121402
Command: place_design
Attempting to get a license for feature 'Implementation' and/or device 'xck26'
INFO: [Common 17-349] Got license for feature 'Implementation' and/or device 'xck26'
INFO: [Common 17-83] Releasing license: Implementation
INFO: [DRC 23-27] Running DRC with 8 threads
INFO: [Vivado_Tcl 4-198] DRC finished with 0 Errors
INFO: [Vivado_Tcl 4-199] Please refer to the DRC report (report_drc) for more information.
INFO: [Timing 38-35] Done setting XDC timing constraints.
Running DRC as a precondition to command place_design
INFO: [DRC 23-27] Running DRC with 8 threads
INFO: [Vivado_Tcl 4-198] DRC finished with 0 Errors
INFO: [Vivado_Tcl 4-199] Please refer to the DRC report (report_drc) for more information.
INFO: [Place 30-611] Multithreading enabled for place_design using a maximum of 8 CPUs

Starting Placer Task

Phase 1 Placer Initialization

Phase 1.1 Placer Initialization Netlist Sorting
Netlist sorting complete. Time (s): cpu = 00:00:00 ; elapsed = 00:00:00 . Memory (MB): peak = 3799.164 ; gain = 0.000 ; free physical = 81342 ; free virtual = 121401
Phase 1.1 Placer Initialization Netlist Sorting | Checksum: db6c1747

Time (s): cpu = 00:00:00 ; elapsed = 00:00:00 . Memory (MB): peak = 3799.164 ; gain = 0.000 ; free physical = 81342 ; free virtual = 121401
Netlist sorting complete. Time (s): cpu = 00:00:00 ; elapsed = 00:00:00 . Memory (MB): peak = 3799.164 ; gain = 0.000 ; free physical = 81342 ; free virtual = 121401

Phase 1.2 IO Placement/ Clock Placement/ Build Placer Device
Phase 1.2 IO Placement/ Clock Placement/ Build Placer Device | Checksum: 1061b4c33

Time (s): cpu = 00:00:00.36 ; elapsed = 00:00:00.15 . Memory (MB): peak = 3799.164 ; gain = 0.000 ; free physical = 81342 ; free virtual = 121401

Phase 1.3 Build Placer Netlist Model
Phase 1.3 Build Placer Netlist Model | Checksum: 1c3129374

Time (s): cpu = 00:00:02 ; elapsed = 00:00:02 . Memory (MB): peak = 3848.008 ; gain = 48.844 ; free physical = 81352 ; free virtual = 121412

Phase 1.4 Constrain Clocks/Macros
Phase 1.4 Constrain Clocks/Macros | Checksum: 1c3129374

Time (s): cpu = 00:00:02 ; elapsed = 00:00:02 . Memory (MB): peak = 3848.008 ; gain = 48.844 ; free physical = 81352 ; free virtual = 121412
Phase 1 Placer Initialization | Checksum: 1c3129374

Time (s): cpu = 00:00:02 ; elapsed = 00:00:02 . Memory (MB): peak = 3848.008 ; gain = 48.844 ; free physical = 81352 ; free virtual = 121412

Phase 2 Global Placement

Phase 2.1 Floorplanning

Phase 2.1.1 Partition Driven Placement

Phase 2.1.1.1 PBP: Partition Driven Placement
Phase 2.1.1.1 PBP: Partition Driven Placement | Checksum: 1c3129374

Time (s): cpu = 00:00:02 ; elapsed = 00:00:02 . Memory (MB): peak = 3848.008 ; gain = 48.844 ; free physical = 81352 ; free virtual = 121412

Phase 2.1.1.2 PBP: Clock Region Placement
INFO: [Place 30-3162] Check ILP status : ILP-based clock placer completed successfully.
Phase 2.1.1.2 PBP: Clock Region Placement | Checksum: 1c3129374

Time (s): cpu = 00:00:02 ; elapsed = 00:00:02 . Memory (MB): peak = 3848.008 ; gain = 48.844 ; free physical = 81353 ; free virtual = 121412

Phase 2.1.1.3 PBP: Compute Congestion
Phase 2.1.1.3 PBP: Compute Congestion | Checksum: 1c3129374

Time (s): cpu = 00:00:09 ; elapsed = 00:00:04 . Memory (MB): peak = 4108.320 ; gain = 309.156 ; free physical = 81017 ; free virtual = 121076

Phase 2.1.1.4 PBP: Add part constraints
Phase 2.1.1.4 PBP: Add part constraints | Checksum: 1c3129374

Time (s): cpu = 00:00:09 ; elapsed = 00:00:04 . Memory (MB): peak = 4108.320 ; gain = 309.156 ; free physical = 81017 ; free virtual = 121076
Phase 2.1.1 Partition Driven Placement | Checksum: 1c3129374

Time (s): cpu = 00:00:09 ; elapsed = 00:00:04 . Memory (MB): peak = 4108.320 ; gain = 309.156 ; free physical = 81017 ; free virtual = 121076
Phase 2.1 Floorplanning | Checksum: 1c3129374

Time (s): cpu = 00:00:09 ; elapsed = 00:00:04 . Memory (MB): peak = 4108.320 ; gain = 309.156 ; free physical = 81017 ; free virtual = 121076

Phase 2.2 Update Timing before SLR Path Opt
Phase 2.2 Update Timing before SLR Path Opt | Checksum: 1c3129374

Time (s): cpu = 00:00:09 ; elapsed = 00:00:04 . Memory (MB): peak = 4108.320 ; gain = 309.156 ; free physical = 81017 ; free virtual = 121076

Phase 2.3 Post-Processing in Floorplanning
Phase 2.3 Post-Processing in Floorplanning | Checksum: 1c3129374

Time (s): cpu = 00:00:09 ; elapsed = 00:00:04 . Memory (MB): peak = 4108.320 ; gain = 309.156 ; free physical = 81017 ; free virtual = 121076

Phase 2.4 Global Place Phase1
Phase 2.4 Global Place Phase1 | Checksum: 17e46ed21

Time (s): cpu = 00:00:20 ; elapsed = 00:00:07 . Memory (MB): peak = 4240.012 ; gain = 440.848 ; free physical = 80978 ; free virtual = 121037

Phase 2.5 Global Place Phase2
WARNING: [Place 46-29] Timing had been disabled during Placer and, therefore, physical synthesis in Placer will be skipped.
Phase 2.5 Global Place Phase2 | Checksum: 1aecb9f37

Time (s): cpu = 00:00:28 ; elapsed = 00:00:09 . Memory (MB): peak = 4242.012 ; gain = 442.848 ; free physical = 81112 ; free virtual = 121164
Phase 2 Global Placement | Checksum: 1aecb9f37

Time (s): cpu = 00:00:28 ; elapsed = 00:00:09 . Memory (MB): peak = 4242.012 ; gain = 442.848 ; free physical = 81112 ; free virtual = 121164

Phase 3 Detail Placement

Phase 3.1 Commit Multi Column Macros
Phase 3.1 Commit Multi Column Macros | Checksum: 1aecb9f37

Time (s): cpu = 00:00:35 ; elapsed = 00:00:11 . Memory (MB): peak = 4242.012 ; gain = 442.848 ; free physical = 81093 ; free virtual = 121145

Phase 3.2 Commit Most Macros & LUTRAMs
Phase 3.2 Commit Most Macros & LUTRAMs | Checksum: 148531178

Time (s): cpu = 00:00:35 ; elapsed = 00:00:11 . Memory (MB): peak = 4242.012 ; gain = 442.848 ; free physical = 81093 ; free virtual = 121145

Phase 3.3 Small Shape DP

Phase 3.3.1 Small Shape Clustering
Phase 3.3.1 Small Shape Clustering | Checksum: 16de6f917

Time (s): cpu = 00:00:42 ; elapsed = 00:00:13 . Memory (MB): peak = 4242.012 ; gain = 442.848 ; free physical = 81092 ; free virtual = 121145

Phase 3.3.2 Slice Area Swap

Phase 3.3.2.1 Slice Area Swap Initial
Phase 3.3.2.1 Slice Area Swap Initial | Checksum: 21cfaf00d

Time (s): cpu = 00:00:42 ; elapsed = 00:00:13 . Memory (MB): peak = 4242.012 ; gain = 442.848 ; free physical = 81092 ; free virtual = 121145
Phase 3.3.2 Slice Area Swap | Checksum: 21cfaf00d

Time (s): cpu = 00:00:42 ; elapsed = 00:00:13 . Memory (MB): peak = 4242.012 ; gain = 442.848 ; free physical = 81092 ; free virtual = 121145
Phase 3.3 Small Shape DP | Checksum: 29d725e62

Time (s): cpu = 00:00:42 ; elapsed = 00:00:13 . Memory (MB): peak = 4242.012 ; gain = 442.848 ; free physical = 81092 ; free virtual = 121145

Phase 3.4 Re-assign LUT pins
Phase 3.4 Re-assign LUT pins | Checksum: 29d725e62

Time (s): cpu = 00:00:43 ; elapsed = 00:00:13 . Memory (MB): peak = 4242.012 ; gain = 442.848 ; free physical = 81092 ; free virtual = 121145

Phase 3.5 Pipeline Register Optimization
Phase 3.5 Pipeline Register Optimization | Checksum: 29d725e62

Time (s): cpu = 00:00:43 ; elapsed = 00:00:13 . Memory (MB): peak = 4242.012 ; gain = 442.848 ; free physical = 81092 ; free virtual = 121145
Phase 3 Detail Placement | Checksum: 29d725e62

Time (s): cpu = 00:00:43 ; elapsed = 00:00:13 . Memory (MB): peak = 4242.012 ; gain = 442.848 ; free physical = 81092 ; free virtual = 121145

Phase 4 Post Placement Optimization and Clean-Up

Phase 4.1 Post Commit Optimization
Phase 4.1 Post Commit Optimization | Checksum: 29d725e62

Time (s): cpu = 00:00:50 ; elapsed = 00:00:15 . Memory (MB): peak = 4242.012 ; gain = 442.848 ; free physical = 81092 ; free virtual = 121144
Netlist sorting complete. Time (s): cpu = 00:00:00 ; elapsed = 00:00:00 . Memory (MB): peak = 4242.012 ; gain = 0.000 ; free physical = 81088 ; free virtual = 121140

Phase 4.2 Post Placement Cleanup
Phase 4.2 Post Placement Cleanup | Checksum: 2388d320d

Time (s): cpu = 00:01:01 ; elapsed = 00:00:20 . Memory (MB): peak = 4242.012 ; gain = 442.848 ; free physical = 81087 ; free virtual = 121139

Phase 4.3 Placer Reporting

Phase 4.3.1 Print Estimated Congestion
INFO: [Place 30-612] Post-Placement Estimated Congestion 
 ________________________________________________________________________
|           | Global Congestion | Long Congestion   | Short Congestion  |
| Direction | Region Size       | Region Size       | Region Size       |
|___________|___________________|___________________|___________________|
|      North|                1x1|                1x1|                1x1|
|___________|___________________|___________________|___________________|
|      South|                1x1|                1x1|                1x1|
|___________|___________________|___________________|___________________|
|       East|                1x1|                1x1|                1x1|
|___________|___________________|___________________|___________________|
|       West|                1x1|                1x1|                1x1|
|___________|___________________|___________________|___________________|

Phase 4.3.1 Print Estimated Congestion | Checksum: 2388d320d

Time (s): cpu = 00:01:01 ; elapsed = 00:00:20 . Memory (MB): peak = 4242.012 ; gain = 442.848 ; free physical = 81087 ; free virtual = 121139
Phase 4.3 Placer Reporting | Checksum: 2388d320d

Time (s): cpu = 00:01:01 ; elapsed = 00:00:20 . Memory (MB): peak = 4242.012 ; gain = 442.848 ; free physical = 81087 ; free virtual = 121139

Phase 4.4 Final Placement Cleanup
Netlist sorting complete. Time (s): cpu = 00:00:00 ; elapsed = 00:00:00 . Memory (MB): peak = 4242.012 ; gain = 0.000 ; free physical = 81087 ; free virtual = 121139

Time (s): cpu = 00:01:01 ; elapsed = 00:00:20 . Memory (MB): peak = 4242.012 ; gain = 442.848 ; free physical = 81087 ; free virtual = 121139
Phase 4 Post Placement Optimization and Clean-Up | Checksum: 2388d320d

Time (s): cpu = 00:01:01 ; elapsed = 00:00:20 . Memory (MB): peak = 4242.012 ; gain = 442.848 ; free physical = 81087 ; free virtual = 121139
Ending Placer Task | Checksum: 1463cfc08

Time (s): cpu = 00:01:01 ; elapsed = 00:00:20 . Memory (MB): peak = 4242.012 ; gain = 442.848 ; free physical = 81087 ; free virtual = 121139
50 Infos, 1 Warnings, 1 Critical Warnings and 0 Errors encountered.
place_design completed successfully
place_design: Time (s): cpu = 00:01:02 ; elapsed = 00:00:21 . Memory (MB): peak = 4242.012 ; gain = 442.848 ; free physical = 81087 ; free virtual = 121139
Command: route_design
Attempting to get a license for feature 'Implementation' and/or device 'xck26'
INFO: [Common 17-349] Got license for feature 'Implementation' and/or device 'xck26'


Starting Routing Task
INFO: [Route 35-254] Multithreading enabled for route_design using a maximum of 8 CPUs

Phase 1 Build RT Design
Checksum: PlaceDB: cfb61116 ConstDB: 0 ShapeSum: 155490fb RouteDB: 613259f7
Nodegraph reading from file.  Time (s): cpu = 00:00:00.28 ; elapsed = 00:00:00.29 . Memory (MB): peak = 4242.012 ; gain = 0.000 ; free physical = 81087 ; free virtual = 121139
Post Restoration Checksum: NetGraph: 9a5bc5ff | NumContArr: ba5479bf | Constraints: 6dfd276a | Timing: c2a8fa9d
Phase 1 Build RT Design | Checksum: 2855661c5

Time (s): cpu = 00:00:02 ; elapsed = 00:00:02 . Memory (MB): peak = 4242.012 ; gain = 0.000 ; free physical = 81087 ; free virtual = 121139

Phase 2 Router Initialization
INFO: [Route 35-64] No timing constraints were detected. The router will operate in resource-optimization mode.

Phase 2.1 Fix Topology Constraints
Phase 2.1 Fix Topology Constraints | Checksum: 2855661c5

Time (s): cpu = 00:00:02 ; elapsed = 00:00:02 . Memory (MB): peak = 4242.012 ; gain = 0.000 ; free physical = 81087 ; free virtual = 121139

Phase 2.2 Pre Route Cleanup
Phase 2.2 Pre Route Cleanup | Checksum: 2855661c5

Time (s): cpu = 00:00:02 ; elapsed = 00:00:02 . Memory (MB): peak = 4242.012 ; gain = 0.000 ; free physical = 81087 ; free virtual = 121139

Phase 2.3 Global Clock Net Routing
 Number of Nodes with overlaps = 0
Phase 2.3 Global Clock Net Routing | Checksum: 218841298

Time (s): cpu = 00:00:03 ; elapsed = 00:00:02 . Memory (MB): peak = 4242.012 ; gain = 0.000 ; free physical = 81087 ; free virtual = 121139

Router Utilization Summary
  Global Vertical Routing Utilization    = 0 %
  Global Horizontal Routing Utilization  = 0 %
  Routable Net Status*
  *Does not include unroutable nets such as driverless and loadless.
  Run report_route_status for detailed report.
  Number of Failed Nets               = 89
    (Failed Nets is the sum of unrouted and partially routed nets)
  Number of Unrouted Nets             = 70
  Number of Partially Routed Nets     = 19
  Number of Node Overlaps             = 0

Phase 2 Router Initialization | Checksum: 24b816830

Time (s): cpu = 00:00:03 ; elapsed = 00:00:03 . Memory (MB): peak = 4242.012 ; gain = 0.000 ; free physical = 81087 ; free virtual = 121139

Phase 3 Global Routing
Phase 3 Global Routing | Checksum: 24b816830

Time (s): cpu = 00:00:03 ; elapsed = 00:00:03 . Memory (MB): peak = 4242.012 ; gain = 0.000 ; free physical = 81087 ; free virtual = 121139

Phase 4 Initial Routing

Phase 4.1 Initial Net Routing Pass
Phase 4.1 Initial Net Routing Pass | Checksum: 309d5c5f2

Time (s): cpu = 00:00:04 ; elapsed = 00:00:03 . Memory (MB): peak = 4242.012 ; gain = 0.000 ; free physical = 81087 ; free virtual = 121139
Phase 4 Initial Routing | Checksum: 309d5c5f2

Time (s): cpu = 00:00:04 ; elapsed = 00:00:03 . Memory (MB): peak = 4242.012 ; gain = 0.000 ; free physical = 81087 ; free virtual = 121139

Phase 5 Rip-up And Reroute

Phase 5.1 Global Iteration 0
 Number of Nodes with overlaps = 8
 Number of Nodes with overlaps = 0
Phase 5.1 Global Iteration 0 | Checksum: 224e05ea4

Time (s): cpu = 00:00:04 ; elapsed = 00:00:03 . Memory (MB): peak = 4242.012 ; gain = 0.000 ; free physical = 81087 ; free virtual = 121139
Phase 5 Rip-up And Reroute | Checksum: 224e05ea4

Time (s): cpu = 00:00:04 ; elapsed = 00:00:03 . Memory (MB): peak = 4242.012 ; gain = 0.000 ; free physical = 81087 ; free virtual = 121139

Phase 6 Delay and Skew Optimization
Phase 6 Delay and Skew Optimization | Checksum: 224e05ea4

Time (s): cpu = 00:00:04 ; elapsed = 00:00:03 . Memory (MB): peak = 4242.012 ; gain = 0.000 ; free physical = 81087 ; free virtual = 121139

Phase 7 Post Hold Fix

Phase 7.1 Hold Fix Iter
Phase 7.1 Hold Fix Iter | Checksum: 224e05ea4

Time (s): cpu = 00:00:04 ; elapsed = 00:00:03 . Memory (MB): peak = 4242.012 ; gain = 0.000 ; free physical = 81087 ; free virtual = 121139
Phase 7 Post Hold Fix | Checksum: 224e05ea4

Time (s): cpu = 00:00:04 ; elapsed = 00:00:03 . Memory (MB): peak = 4242.012 ; gain = 0.000 ; free physical = 81087 ; free virtual = 121139

Phase 8 Route finalize

Router Utilization Summary
  Global Vertical Routing Utilization    = 0.0129645 %
  Global Horizontal Routing Utilization  = 0.00353987 %
  Routable Net Status*
  *Does not include unroutable nets such as driverless and loadless.
  Run report_route_status for detailed report.
  Number of Failed Nets               = 0
    (Failed Nets is the sum of unrouted and partially routed nets)
  Number of Unrouted Nets             = 0
  Number of Partially Routed Nets     = 0
  Number of Node Overlaps             = 0


--GLOBAL Congestion:
Utilization threshold used for congestion level computation: 0.85
Congestion Report
North Dir 1x1 Area, Max Cong = 15.9624%, No Congested Regions.
South Dir 1x1 Area, Max Cong = 17.0616%, No Congested Regions.
East Dir 1x1 Area, Max Cong = 10.5769%, No Congested Regions.
West Dir 1x1 Area, Max Cong = 5.76923%, No Congested Regions.

------------------------------
Reporting congestion hotspots
------------------------------
Direction: North
----------------
Congested clusters found at Level 0
Effective congestion level: 0 Aspect Ratio: 1 Sparse Ratio: 0
Direction: South
----------------
Congested clusters found at Level 0
Effective congestion level: 0 Aspect Ratio: 1 Sparse Ratio: 0
Direction: East
----------------
Congested clusters found at Level 0
Effective congestion level: 0 Aspect Ratio: 1 Sparse Ratio: 0
Direction: West
----------------
Congested clusters found at Level 0
Effective congestion level: 0 Aspect Ratio: 1 Sparse Ratio: 0

Phase 8 Route finalize | Checksum: 224e05ea4

Time (s): cpu = 00:00:04 ; elapsed = 00:00:03 . Memory (MB): peak = 4242.012 ; gain = 0.000 ; free physical = 81087 ; free virtual = 121139

Phase 9 Verifying routed nets

 Verification completed successfully
Phase 9 Verifying routed nets | Checksum: 224e05ea4

Time (s): cpu = 00:00:04 ; elapsed = 00:00:03 . Memory (MB): peak = 4242.012 ; gain = 0.000 ; free physical = 81087 ; free virtual = 121139

Phase 10 Depositing Routes
Phase 10 Depositing Routes | Checksum: 224e05ea4

Time (s): cpu = 00:00:04 ; elapsed = 00:00:03 . Memory (MB): peak = 4242.012 ; gain = 0.000 ; free physical = 81087 ; free virtual = 121139

Phase 11 Resolve XTalk

Skipping xtalk assignment for non timing driven mode.
Phase 11 Resolve XTalk | Checksum: 224e05ea4

Time (s): cpu = 00:00:04 ; elapsed = 00:00:03 . Memory (MB): peak = 4242.012 ; gain = 0.000 ; free physical = 81087 ; free virtual = 121139

Phase 12 Post Process Routing
Phase 12 Post Process Routing | Checksum: 224e05ea4

Time (s): cpu = 00:00:04 ; elapsed = 00:00:03 . Memory (MB): peak = 4242.012 ; gain = 0.000 ; free physical = 81087 ; free virtual = 121139
Time taken to check if laguna hold fix is required (in secs): 0
Skip PhysOpt in Router because non-negative WNS value: 1e+30 .
Total Elapsed time in route_design: 4.1 secs

Phase 13 Post-Route Event Processing
Phase 13 Post-Route Event Processing | Checksum: a2db142c

Time (s): cpu = 00:00:06 ; elapsed = 00:00:04 . Memory (MB): peak = 4242.012 ; gain = 0.000 ; free physical = 81088 ; free virtual = 121140
INFO: [Route 35-16] Router Completed Successfully
Ending Routing Task | Checksum: a2db142c

Time (s): cpu = 00:00:06 ; elapsed = 00:00:04 . Memory (MB): peak = 4242.012 ; gain = 0.000 ; free physical = 81088 ; free virtual = 121140

Routing Is Done.
INFO: [Common 17-83] Releasing license: Implementation
55 Infos, 1 Warnings, 1 Critical Warnings and 0 Errors encountered.
route_design completed successfully
Command: write_bitstream -force /tmp/exp2477/carnot_kv260.bit
Attempting to get a license for feature 'Implementation' and/or device 'xck26'
INFO: [Common 17-349] Got license for feature 'Implementation' and/or device 'xck26'
Running DRC as a precondition to command write_bitstream
INFO: [IP_Flow 19-234] Refreshing IP repositories
INFO: [IP_Flow 19-1704] No user IP repositories specified
INFO: [IP_Flow 19-2313] Loaded Vivado IP repository '/tools/Xilinx/2025.2.1/data/ip'.
INFO: [DRC 23-27] Running DRC with 8 threads
INFO: [Vivado 12-3199] DRC finished with 0 Errors
INFO: [Vivado 12-3200] Please refer to the DRC report (report_drc) for more information.
Integrating Hard IP ELF/MEM with the PDI.
INFO: [Designutils 20-2272] Running write_bitstream with 8 threads.
Loading data files...
Loading site data...
Loading route data...
Processing options...
Creating bitmap...
Creating bitstream...
Writing bitstream /tmp/exp2477/carnot_kv260.bit...
INFO: [Vivado 12-1842] Bitgen Completed Successfully.
INFO: [Common 17-83] Releasing license: Implementation
65 Infos, 1 Warnings, 1 Critical Warnings and 0 Errors encountered.
write_bitstream completed successfully
write_bitstream: Time (s): cpu = 00:00:05 ; elapsed = 00:00:24 . Memory (MB): peak = 4242.012 ; gain = 0.000 ; free physical = 81054 ; free virtual = 121119
BITSTREAM_OK: /tmp/exp2477/carnot_kv260.bit
INFO: [Common 17-206] Exiting Vivado at Tue May 19 03:57:52 2026...
