
*** Running vivado
    with args -log carnot_ising_bd_axi_smartconnect_0_0.vds -m64 -product Vivado -mode batch -messageDb vivado.pb -notrace -source carnot_ising_bd_axi_smartconnect_0_0.tcl


****** Vivado v2025.2.1 (64-bit)
  **** SW Build 6403652 on Thu Mar 19 13:47:00 MDT 2026
  **** IP Build 6403511 on Thu Mar 19 12:41:45 MDT 2026
  **** SharedData Build 6403650 on Thu Mar 19 14:02:13 MDT 2026
  **** Start of session at: Wed Apr 22 17:40:40 2026
    ** Copyright 1986-2022 Xilinx, Inc. All Rights Reserved.
    ** Copyright 2022-2026 Advanced Micro Devices, Inc. All Rights Reserved.

source carnot_ising_bd_axi_smartconnect_0_0.tcl -notrace
Command: synth_design -top carnot_ising_bd_axi_smartconnect_0_0 -part xck26-sfvc784-2LV-c -incremental_mode off -mode out_of_context
Starting synth_design
Attempting to get a license for feature 'Synthesis' and/or device 'xck26'
INFO: [Common 17-349] Got license for feature 'Synthesis' and/or device 'xck26'
INFO: [Device 21-403] Loading part xck26-sfvc784-2LV-c
INFO: [Synth 8-7079] Multithreading enabled for synth_design using a maximum of 7 processes.
INFO: [Synth 8-7078] Launching helper process for spawning children vivado processes
INFO: [Synth 8-7075] Helper process launched with PID 3746880
---------------------------------------------------------------------------------
Starting RTL Elaboration : Time (s): cpu = 00:00:07 ; elapsed = 00:00:07 . Memory (MB): peak = 2776.664 ; gain = 142.688 ; free physical = 45222 ; free virtual = 327183
---------------------------------------------------------------------------------
INFO: [Synth 8-6157] synthesizing module 'carnot_ising_bd_axi_smartconnect_0_0' [/home/ianblenke/github.com/ianblenke/carnot/output/carnot_ising_bd/project/carnot_ising.gen/sources_1/bd/carnot_ising_bd/ip/carnot_ising_bd_axi_smartconnect_0_0/synth/carnot_ising_bd_axi_smartconnect_0_0.v:53]
INFO: [Synth 8-6157] synthesizing module 'bd_8aa6' [/home/ianblenke/github.com/ianblenke/carnot/output/carnot_ising_bd/project/carnot_ising.gen/sources_1/bd/carnot_ising_bd/ip/carnot_ising_bd_axi_smartconnect_0_0/bd_0/synth/bd_8aa6.v:10]
INFO: [Synth 8-6157] synthesizing module 'clk_map_imp_1RDE8GS' [/home/ianblenke/github.com/ianblenke/carnot/output/carnot_ising_bd/project/carnot_ising.gen/sources_1/bd/carnot_ising_bd/ip/carnot_ising_bd_axi_smartconnect_0_0/bd_0/synth/bd_8aa6.v:664]
INFO: [Synth 8-638] synthesizing module 'bd_8aa6_psr_aclk_0' [/home/ianblenke/github.com/ianblenke/carnot/output/carnot_ising_bd/project/carnot_ising.gen/sources_1/bd/carnot_ising_bd/ip/carnot_ising_bd_axi_smartconnect_0_0/bd_0/ip/ip_1/synth/bd_8aa6_psr_aclk_0.vhd:74]
	Parameter C_FAMILY bound to: zynquplus - type: string 
	Parameter C_EXT_RST_WIDTH bound to: 4 - type: integer 
	Parameter C_AUX_RST_WIDTH bound to: 1 - type: integer 
	Parameter C_EXT_RESET_HIGH bound to: 1'b0 
	Parameter C_AUX_RESET_HIGH bound to: 1'b0 
	Parameter C_NUM_BUS_RST bound to: 1 - type: integer 
	Parameter C_NUM_PERP_RST bound to: 1 - type: integer 
	Parameter C_NUM_INTERCONNECT_ARESETN bound to: 1 - type: integer 
	Parameter C_NUM_PERP_ARESETN bound to: 1 - type: integer 
INFO: [Synth 8-3491] module 'proc_sys_reset' declared at '/home/ianblenke/github.com/ianblenke/carnot/output/carnot_ising_bd/project/carnot_ising.gen/sources_1/bd/carnot_ising_bd/ipshared/9438/hdl/proc_sys_reset_v5_0_vh_rfs.vhd:1243' bound to instance 'U0' of component 'proc_sys_reset' [/home/ianblenke/github.com/ianblenke/carnot/output/carnot_ising_bd/project/carnot_ising.gen/sources_1/bd/carnot_ising_bd/ip/carnot_ising_bd_axi_smartconnect_0_0/bd_0/ip/ip_1/synth/bd_8aa6_psr_aclk_0.vhd:139]
INFO: [Synth 8-638] synthesizing module 'proc_sys_reset' [/home/ianblenke/github.com/ianblenke/carnot/output/carnot_ising_bd/project/carnot_ising.gen/sources_1/bd/carnot_ising_bd/ipshared/9438/hdl/proc_sys_reset_v5_0_vh_rfs.vhd:1302]
	Parameter INIT bound to: 1'b1 
INFO: [Synth 8-113] binding component instance 'FDRE_inst' to cell 'FDRE' [/home/ianblenke/github.com/ianblenke/carnot/output/carnot_ising_bd/project/carnot_ising.gen/sources_1/bd/carnot_ising_bd/ipshared/9438/hdl/proc_sys_reset_v5_0_vh_rfs.vhd:1371]
	Parameter INIT bound to: 1'b1 
INFO: [Synth 8-113] binding component instance 'FDRE_BSR' to cell 'FDRE' [/home/ianblenke/github.com/ianblenke/carnot/output/carnot_ising_bd/project/carnot_ising.gen/sources_1/bd/carnot_ising_bd/ipshared/9438/hdl/proc_sys_reset_v5_0_vh_rfs.vhd:1387]
	Parameter INIT bound to: 1'b0 
INFO: [Synth 8-113] binding component instance 'FDRE_BSR_N' to cell 'FDRE' [/home/ianblenke/github.com/ianblenke/carnot/output/carnot_ising_bd/project/carnot_ising.gen/sources_1/bd/carnot_ising_bd/ipshared/9438/hdl/proc_sys_reset_v5_0_vh_rfs.vhd:1413]
	Parameter INIT bound to: 1'b1 
INFO: [Synth 8-113] binding component instance 'FDRE_PER' to cell 'FDRE' [/home/ianblenke/github.com/ianblenke/carnot/output/carnot_ising_bd/project/carnot_ising.gen/sources_1/bd/carnot_ising_bd/ipshared/9438/hdl/proc_sys_reset_v5_0_vh_rfs.vhd:1436]
	Parameter INIT bound to: 1'b0 
INFO: [Synth 8-113] binding component instance 'FDRE_PER_N' to cell 'FDRE' [/home/ianblenke/github.com/ianblenke/carnot/output/carnot_ising_bd/project/carnot_ising.gen/sources_1/bd/carnot_ising_bd/ipshared/9438/hdl/proc_sys_reset_v5_0_vh_rfs.vhd:1460]
INFO: [Synth 8-638] synthesizing module 'lpf' [/home/ianblenke/github.com/ianblenke/carnot/output/carnot_ising_bd/project/carnot_ising.gen/sources_1/bd/carnot_ising_bd/ipshared/9438/hdl/proc_sys_reset_v5_0_vh_rfs.vhd:821]
INFO: [Synth 8-3491] module 'SRL16' declared at '/tools/Xilinx/2025.2.1/Vivado/scripts/rt/data/unisim_comp.v:165155' bound to instance 'POR_SRL_I' of component 'SRL16' [/home/ianblenke/github.com/ianblenke/carnot/output/carnot_ising_bd/project/carnot_ising.gen/sources_1/bd/carnot_ising_bd/ipshared/9438/hdl/proc_sys_reset_v5_0_vh_rfs.vhd:873]
INFO: [Synth 8-6157] synthesizing module 'SRL16' [/tools/Xilinx/2025.2.1/Vivado/scripts/rt/data/unisim_comp.v:165155]
INFO: [Synth 8-6155] done synthesizing module 'SRL16' (0#1) [/tools/Xilinx/2025.2.1/Vivado/scripts/rt/data/unisim_comp.v:165155]
	Parameter DEST_SYNC_FF bound to: 4 - type: integer 
	Parameter INIT_SYNC_FF bound to: 0 - type: integer 
	Parameter SIM_ASSERT_CHK bound to: 0 - type: integer 
	Parameter SRC_INPUT_REG bound to: 0 - type: integer 
INFO: [Synth 8-3491] module 'xpm_cdc_single' declared at '/tools/Xilinx/2025.2.1/data/ip/xpm/xpm_cdc/hdl/xpm_cdc.sv:152' bound to instance 'ACT_LO_EXT' of component 'xpm_cdc_single' [/home/ianblenke/github.com/ianblenke/carnot/output/carnot_ising_bd/project/carnot_ising.gen/sources_1/bd/carnot_ising_bd/ipshared/9438/hdl/proc_sys_reset_v5_0_vh_rfs.vhd:968]
INFO: [Synth 8-6157] synthesizing module 'xpm_cdc_single' [/tools/Xilinx/2025.2.1/data/ip/xpm/xpm_cdc/hdl/xpm_cdc.sv:152]
INFO: [Synth 8-6155] done synthesizing module 'xpm_cdc_single' (0#1) [/tools/Xilinx/2025.2.1/data/ip/xpm/xpm_cdc/hdl/xpm_cdc.sv:152]
	Parameter DEST_SYNC_FF bound to: 4 - type: integer 
	Parameter INIT_SYNC_FF bound to: 0 - type: integer 
	Parameter SIM_ASSERT_CHK bound to: 0 - type: integer 
	Parameter SRC_INPUT_REG bound to: 0 - type: integer 
INFO: [Synth 8-3491] module 'xpm_cdc_single' declared at '/tools/Xilinx/2025.2.1/data/ip/xpm/xpm_cdc/hdl/xpm_cdc.sv:152' bound to instance 'ACT_LO_AUX' of component 'xpm_cdc_single' [/home/ianblenke/github.com/ianblenke/carnot/output/carnot_ising_bd/project/carnot_ising.gen/sources_1/bd/carnot_ising_bd/ipshared/9438/hdl/proc_sys_reset_v5_0_vh_rfs.vhd:1015]
INFO: [Synth 8-256] done synthesizing module 'lpf' (0#1) [/home/ianblenke/github.com/ianblenke/carnot/output/carnot_ising_bd/project/carnot_ising.gen/sources_1/bd/carnot_ising_bd/ipshared/9438/hdl/proc_sys_reset_v5_0_vh_rfs.vhd:821]
INFO: [Synth 8-638] synthesizing module 'sequence_psr' [/home/ianblenke/github.com/ianblenke/carnot/output/carnot_ising_bd/project/carnot_ising.gen/sources_1/bd/carnot_ising_bd/ipshared/9438/hdl/proc_sys_reset_v5_0_vh_rfs.vhd:304]
INFO: [Synth 8-638] synthesizing module 'upcnt_n' [/home/ianblenke/github.com/ianblenke/carnot/output/carnot_ising_bd/project/carnot_ising.gen/sources_1/bd/carnot_ising_bd/ipshared/9438/hdl/proc_sys_reset_v5_0_vh_rfs.vhd:126]
INFO: [Synth 8-256] done synthesizing module 'upcnt_n' (0#1) [/home/ianblenke/github.com/ianblenke/carnot/output/carnot_ising_bd/project/carnot_ising.gen/sources_1/bd/carnot_ising_bd/ipshared/9438/hdl/proc_sys_reset_v5_0_vh_rfs.vhd:126]
INFO: [Synth 8-256] done synthesizing module 'sequence_psr' (0#1) [/home/ianblenke/github.com/ianblenke/carnot/output/carnot_ising_bd/project/carnot_ising.gen/sources_1/bd/carnot_ising_bd/ipshared/9438/hdl/proc_sys_reset_v5_0_vh_rfs.vhd:304]
INFO: [Synth 8-256] done synthesizing module 'proc_sys_reset' (0#1) [/home/ianblenke/github.com/ianblenke/carnot/output/carnot_ising_bd/project/carnot_ising.gen/sources_1/bd/carnot_ising_bd/ipshared/9438/hdl/proc_sys_reset_v5_0_vh_rfs.vhd:1302]
INFO: [Synth 8-256] done synthesizing module 'bd_8aa6_psr_aclk_0' (0#1) [/home/ianblenke/github.com/ianblenke/carnot/output/carnot_ising_bd/project/carnot_ising.gen/sources_1/bd/carnot_ising_bd/ip/carnot_ising_bd_axi_smartconnect_0_0/bd_0/ip/ip_1/synth/bd_8aa6_psr_aclk_0.vhd:74]
WARNING: [Synth 8-7071] port 'mb_reset' of module 'bd_8aa6_psr_aclk_0' is unconnected for instance 'psr_aclk' [/home/ianblenke/github.com/ianblenke/carnot/output/carnot_ising_bd/project/carnot_ising.gen/sources_1/bd/carnot_ising_bd/ip/carnot_ising_bd_axi_smartconnect_0_0/bd_0/synth/bd_8aa6.v:695]
WARNING: [Synth 8-7071] port 'bus_struct_reset' of module 'bd_8aa6_psr_aclk_0' is unconnected for instance 'psr_aclk' [/home/ianblenke/github.com/ianblenke/carnot/output/carnot_ising_bd/project/carnot_ising.gen/sources_1/bd/carnot_ising_bd/ip/carnot_ising_bd_axi_smartconnect_0_0/bd_0/synth/bd_8aa6.v:695]
WARNING: [Synth 8-7071] port 'peripheral_reset' of module 'bd_8aa6_psr_aclk_0' is unconnected for instance 'psr_aclk' [/home/ianblenke/github.com/ianblenke/carnot/output/carnot_ising_bd/project/carnot_ising.gen/sources_1/bd/carnot_ising_bd/ip/carnot_ising_bd_axi_smartconnect_0_0/bd_0/synth/bd_8aa6.v:695]
WARNING: [Synth 8-7071] port 'peripheral_aresetn' of module 'bd_8aa6_psr_aclk_0' is unconnected for instance 'psr_aclk' [/home/ianblenke/github.com/ianblenke/carnot/output/carnot_ising_bd/project/carnot_ising.gen/sources_1/bd/carnot_ising_bd/ip/carnot_ising_bd_axi_smartconnect_0_0/bd_0/synth/bd_8aa6.v:695]
WARNING: [Synth 8-7023] instance 'psr_aclk' of module 'bd_8aa6_psr_aclk_0' has 10 connections declared, but only 6 given [/home/ianblenke/github.com/ianblenke/carnot/output/carnot_ising_bd/project/carnot_ising.gen/sources_1/bd/carnot_ising_bd/ip/carnot_ising_bd_axi_smartconnect_0_0/bd_0/synth/bd_8aa6.v:695]
INFO: [Synth 8-6155] done synthesizing module 'clk_map_imp_1RDE8GS' (0#1) [/home/ianblenke/github.com/ianblenke/carnot/output/carnot_ising_bd/project/carnot_ising.gen/sources_1/bd/carnot_ising_bd/ip/carnot_ising_bd_axi_smartconnect_0_0/bd_0/synth/bd_8aa6.v:664]
INFO: [Synth 8-6157] synthesizing module 'm00_exit_pipeline_imp_7ZL2TJ' [/home/ianblenke/github.com/ianblenke/carnot/output/carnot_ising_bd/project/carnot_ising.gen/sources_1/bd/carnot_ising_bd/ip/carnot_ising_bd_axi_smartconnect_0_0/bd_0/synth/bd_8aa6.v:704]
INFO: [Synth 8-6157] synthesizing module 'bd_8aa6_m00e_0' [/home/ianblenke/github.com/ianblenke/carnot/output/carnot_ising_bd/project/carnot_ising.gen/sources_1/bd/carnot_ising_bd/ip/carnot_ising_bd_axi_smartconnect_0_0/bd_0/ip/ip_12/synth/bd_8aa6_m00e_0.sv:53]
INFO: [Synth 8-6157] synthesizing module 'xpm_cdc_async_rst' [/tools/Xilinx/2025.2.1/data/ip/xpm/xpm_cdc/hdl/xpm_cdc.sv:1175]
INFO: [Synth 8-6155] done synthesizing module 'xpm_cdc_async_rst' (0#1) [/tools/Xilinx/2025.2.1/data/ip/xpm/xpm_cdc/hdl/xpm_cdc.sv:1175]
INFO: [Synth 8-6155] done synthesizing module 'bd_8aa6_m00e_0' (0#1) [/home/ianblenke/github.com/ianblenke/carnot/output/carnot_ising_bd/project/carnot_ising.gen/sources_1/bd/carnot_ising_bd/ip/carnot_ising_bd_axi_smartconnect_0_0/bd_0/ip/ip_12/synth/bd_8aa6_m00e_0.sv:53]
INFO: [Synth 8-6155] done synthesizing module 'm00_exit_pipeline_imp_7ZL2TJ' (0#1) [/home/ianblenke/github.com/ianblenke/carnot/output/carnot_ising_bd/project/carnot_ising.gen/sources_1/bd/carnot_ising_bd/ip/carnot_ising_bd_axi_smartconnect_0_0/bd_0/synth/bd_8aa6.v:704]
INFO: [Synth 8-6157] synthesizing module 'bd_8aa6_m00s2a_0' [/home/ianblenke/github.com/ianblenke/carnot/output/carnot_ising_bd/project/carnot_ising.gen/sources_1/bd/carnot_ising_bd/ip/carnot_ising_bd_axi_smartconnect_0_0/bd_0/ip/ip_11/synth/bd_8aa6_m00s2a_0.sv:53]
INFO: [Synth 8-6155] done synthesizing module 'bd_8aa6_m00s2a_0' (0#1) [/home/ianblenke/github.com/ianblenke/carnot/output/carnot_ising_bd/project/carnot_ising.gen/sources_1/bd/carnot_ising_bd/ip/carnot_ising_bd_axi_smartconnect_0_0/bd_0/ip/ip_11/synth/bd_8aa6_m00s2a_0.sv:53]
INFO: [Synth 8-6157] synthesizing module 'bd_8aa6_s00a2s_0' [/home/ianblenke/github.com/ianblenke/carnot/output/carnot_ising_bd/project/carnot_ising.gen/sources_1/bd/carnot_ising_bd/ip/carnot_ising_bd_axi_smartconnect_0_0/bd_0/ip/ip_5/synth/bd_8aa6_s00a2s_0.sv:53]
INFO: [Synth 8-6155] done synthesizing module 'bd_8aa6_s00a2s_0' (0#1) [/home/ianblenke/github.com/ianblenke/carnot/output/carnot_ising_bd/project/carnot_ising.gen/sources_1/bd/carnot_ising_bd/ip/carnot_ising_bd_axi_smartconnect_0_0/bd_0/ip/ip_5/synth/bd_8aa6_s00a2s_0.sv:53]
INFO: [Synth 8-6157] synthesizing module 's00_entry_pipeline_imp_18D2TTW' [/home/ianblenke/github.com/ianblenke/carnot/output/carnot_ising_bd/project/carnot_ising.gen/sources_1/bd/carnot_ising_bd/ip/carnot_ising_bd_axi_smartconnect_0_0/bd_0/synth/bd_8aa6.v:946]
INFO: [Synth 8-6157] synthesizing module 'bd_8aa6_s00mmu_0' [/home/ianblenke/github.com/ianblenke/carnot/output/carnot_ising_bd/project/carnot_ising.gen/sources_1/bd/carnot_ising_bd/ip/carnot_ising_bd_axi_smartconnect_0_0/bd_0/ip/ip_2/synth/bd_8aa6_s00mmu_0.sv:53]
INFO: [Synth 8-6155] done synthesizing module 'bd_8aa6_s00mmu_0' (0#1) [/home/ianblenke/github.com/ianblenke/carnot/output/carnot_ising_bd/project/carnot_ising.gen/sources_1/bd/carnot_ising_bd/ip/carnot_ising_bd_axi_smartconnect_0_0/bd_0/ip/ip_2/synth/bd_8aa6_s00mmu_0.sv:53]
INFO: [Synth 8-6157] synthesizing module 'bd_8aa6_s00sic_0' [/home/ianblenke/github.com/ianblenke/carnot/output/carnot_ising_bd/project/carnot_ising.gen/sources_1/bd/carnot_ising_bd/ip/carnot_ising_bd_axi_smartconnect_0_0/bd_0/ip/ip_4/synth/bd_8aa6_s00sic_0.sv:53]
INFO: [Synth 8-6155] done synthesizing module 'bd_8aa6_s00sic_0' (0#1) [/home/ianblenke/github.com/ianblenke/carnot/output/carnot_ising_bd/project/carnot_ising.gen/sources_1/bd/carnot_ising_bd/ip/carnot_ising_bd_axi_smartconnect_0_0/bd_0/ip/ip_4/synth/bd_8aa6_s00sic_0.sv:53]
INFO: [Synth 8-6157] synthesizing module 'bd_8aa6_s00tr_0' [/home/ianblenke/github.com/ianblenke/carnot/output/carnot_ising_bd/project/carnot_ising.gen/sources_1/bd/carnot_ising_bd/ip/carnot_ising_bd_axi_smartconnect_0_0/bd_0/ip/ip_3/synth/bd_8aa6_s00tr_0.sv:53]
INFO: [Synth 8-6155] done synthesizing module 'bd_8aa6_s00tr_0' (0#1) [/home/ianblenke/github.com/ianblenke/carnot/output/carnot_ising_bd/project/carnot_ising.gen/sources_1/bd/carnot_ising_bd/ip/carnot_ising_bd_axi_smartconnect_0_0/bd_0/ip/ip_3/synth/bd_8aa6_s00tr_0.sv:53]
INFO: [Synth 8-6155] done synthesizing module 's00_entry_pipeline_imp_18D2TTW' (0#1) [/home/ianblenke/github.com/ianblenke/carnot/output/carnot_ising_bd/project/carnot_ising.gen/sources_1/bd/carnot_ising_bd/ip/carnot_ising_bd_axi_smartconnect_0_0/bd_0/synth/bd_8aa6.v:946]
INFO: [Synth 8-6157] synthesizing module 's00_nodes_imp_12DYMXQ' [/home/ianblenke/github.com/ianblenke/carnot/output/carnot_ising_bd/project/carnot_ising.gen/sources_1/bd/carnot_ising_bd/ip/carnot_ising_bd_axi_smartconnect_0_0/bd_0/synth/bd_8aa6.v:1526]
INFO: [Synth 8-6157] synthesizing module 'bd_8aa6_sarn_0' [/home/ianblenke/github.com/ianblenke/carnot/output/carnot_ising_bd/project/carnot_ising.gen/sources_1/bd/carnot_ising_bd/ip/carnot_ising_bd_axi_smartconnect_0_0/bd_0/ip/ip_6/synth/bd_8aa6_sarn_0.sv:53]
INFO: [Synth 8-6155] done synthesizing module 'bd_8aa6_sarn_0' (0#1) [/home/ianblenke/github.com/ianblenke/carnot/output/carnot_ising_bd/project/carnot_ising.gen/sources_1/bd/carnot_ising_bd/ip/carnot_ising_bd_axi_smartconnect_0_0/bd_0/ip/ip_6/synth/bd_8aa6_sarn_0.sv:53]
INFO: [Synth 8-6157] synthesizing module 'bd_8aa6_sawn_0' [/home/ianblenke/github.com/ianblenke/carnot/output/carnot_ising_bd/project/carnot_ising.gen/sources_1/bd/carnot_ising_bd/ip/carnot_ising_bd_axi_smartconnect_0_0/bd_0/ip/ip_8/synth/bd_8aa6_sawn_0.sv:53]
INFO: [Synth 8-6155] done synthesizing module 'bd_8aa6_sawn_0' (0#1) [/home/ianblenke/github.com/ianblenke/carnot/output/carnot_ising_bd/project/carnot_ising.gen/sources_1/bd/carnot_ising_bd/ip/carnot_ising_bd_axi_smartconnect_0_0/bd_0/ip/ip_8/synth/bd_8aa6_sawn_0.sv:53]
INFO: [Synth 8-6157] synthesizing module 'bd_8aa6_sbn_0' [/home/ianblenke/github.com/ianblenke/carnot/output/carnot_ising_bd/project/carnot_ising.gen/sources_1/bd/carnot_ising_bd/ip/carnot_ising_bd_axi_smartconnect_0_0/bd_0/ip/ip_10/synth/bd_8aa6_sbn_0.sv:53]
INFO: [Synth 8-6155] done synthesizing module 'bd_8aa6_sbn_0' (0#1) [/home/ianblenke/github.com/ianblenke/carnot/output/carnot_ising_bd/project/carnot_ising.gen/sources_1/bd/carnot_ising_bd/ip/carnot_ising_bd_axi_smartconnect_0_0/bd_0/ip/ip_10/synth/bd_8aa6_sbn_0.sv:53]
INFO: [Synth 8-6157] synthesizing module 'bd_8aa6_srn_0' [/home/ianblenke/github.com/ianblenke/carnot/output/carnot_ising_bd/project/carnot_ising.gen/sources_1/bd/carnot_ising_bd/ip/carnot_ising_bd_axi_smartconnect_0_0/bd_0/ip/ip_7/synth/bd_8aa6_srn_0.sv:53]
INFO: [Synth 8-6155] done synthesizing module 'bd_8aa6_srn_0' (0#1) [/home/ianblenke/github.com/ianblenke/carnot/output/carnot_ising_bd/project/carnot_ising.gen/sources_1/bd/carnot_ising_bd/ip/carnot_ising_bd_axi_smartconnect_0_0/bd_0/ip/ip_7/synth/bd_8aa6_srn_0.sv:53]
INFO: [Synth 8-6157] synthesizing module 'bd_8aa6_swn_0' [/home/ianblenke/github.com/ianblenke/carnot/output/carnot_ising_bd/project/carnot_ising.gen/sources_1/bd/carnot_ising_bd/ip/carnot_ising_bd_axi_smartconnect_0_0/bd_0/ip/ip_9/synth/bd_8aa6_swn_0.sv:53]
INFO: [Synth 8-6155] done synthesizing module 'bd_8aa6_swn_0' (0#1) [/home/ianblenke/github.com/ianblenke/carnot/output/carnot_ising_bd/project/carnot_ising.gen/sources_1/bd/carnot_ising_bd/ip/carnot_ising_bd_axi_smartconnect_0_0/bd_0/ip/ip_9/synth/bd_8aa6_swn_0.sv:53]
INFO: [Synth 8-6155] done synthesizing module 's00_nodes_imp_12DYMXQ' (0#1) [/home/ianblenke/github.com/ianblenke/carnot/output/carnot_ising_bd/project/carnot_ising.gen/sources_1/bd/carnot_ising_bd/ip/carnot_ising_bd_axi_smartconnect_0_0/bd_0/synth/bd_8aa6.v:1526]
INFO: [Synth 8-6155] done synthesizing module 'bd_8aa6' (0#1) [/home/ianblenke/github.com/ianblenke/carnot/output/carnot_ising_bd/project/carnot_ising.gen/sources_1/bd/carnot_ising_bd/ip/carnot_ising_bd_axi_smartconnect_0_0/bd_0/synth/bd_8aa6.v:10]
INFO: [Synth 8-6155] done synthesizing module 'carnot_ising_bd_axi_smartconnect_0_0' (0#1) [/home/ianblenke/github.com/ianblenke/carnot/output/carnot_ising_bd/project/carnot_ising.gen/sources_1/bd/carnot_ising_bd/ip/carnot_ising_bd_axi_smartconnect_0_0/synth/carnot_ising_bd_axi_smartconnect_0_0.v:53]
WARNING: [Synth 8-3848] Net aresetn_out in module/entity clk_map_imp_1RDE8GS does not have driver. [/home/ianblenke/github.com/ianblenke/carnot/output/carnot_ising_bd/project/carnot_ising.gen/sources_1/bd/carnot_ising_bd/ip/carnot_ising_bd_axi_smartconnect_0_0/bd_0/synth/bd_8aa6.v:680]
INFO: [Synth 8-7129] Port din[0] in module sc_util_v1_0_4_onehot_to_binary is either unconnected or has no load
INFO: [Synth 8-7129] Port aclk in module sc_util_v1_0_4_pipeline__parameterized0 is either unconnected or has no load
INFO: [Synth 8-7129] Port aclken in module sc_util_v1_0_4_pipeline__parameterized0 is either unconnected or has no load
INFO: [Synth 8-7129] Port areset in module sc_util_v1_0_4_pipeline__parameterized0 is either unconnected or has no load
INFO: [Synth 8-7129] Port slow_clk in module sc_util_v1_0_4_sample_cycle_ratio is either unconnected or has no load
INFO: [Synth 8-7129] Port fast_clk in module sc_util_v1_0_4_sample_cycle_ratio is either unconnected or has no load
INFO: [Synth 8-7129] Port aclk in module sc_util_v1_0_4_pipeline__parameterized9 is either unconnected or has no load
INFO: [Synth 8-7129] Port aclken in module sc_util_v1_0_4_pipeline__parameterized9 is either unconnected or has no load
INFO: [Synth 8-7129] Port areset in module sc_util_v1_0_4_pipeline__parameterized9 is either unconnected or has no load
INFO: [Synth 8-7129] Port aclk in module sc_node_v1_0_19_reg_slice3 is either unconnected or has no load
INFO: [Synth 8-7129] Port aclken in module sc_node_v1_0_19_reg_slice3 is either unconnected or has no load
INFO: [Synth 8-7129] Port areset in module sc_node_v1_0_19_reg_slice3 is either unconnected or has no load
INFO: [Synth 8-7129] Port aclk in module sc_util_v1_0_4_pipeline__parameterized8 is either unconnected or has no load
INFO: [Synth 8-7129] Port aclken in module sc_util_v1_0_4_pipeline__parameterized8 is either unconnected or has no load
INFO: [Synth 8-7129] Port areset in module sc_util_v1_0_4_pipeline__parameterized8 is either unconnected or has no load
INFO: [Synth 8-7129] Port aclk in module sc_node_v1_0_19_si_handler__parameterized3 is either unconnected or has no load
INFO: [Synth 8-7129] Port aclken in module sc_node_v1_0_19_si_handler__parameterized3 is either unconnected or has no load
INFO: [Synth 8-7129] Port areset in module sc_node_v1_0_19_si_handler__parameterized3 is either unconnected or has no load
INFO: [Synth 8-7129] Port s_sc_req[0] in module sc_node_v1_0_19_si_handler__parameterized3 is either unconnected or has no load
INFO: [Synth 8-7129] Port s_sc_info[0] in module sc_node_v1_0_19_si_handler__parameterized3 is either unconnected or has no load
INFO: [Synth 8-7129] Port s_axis_arb_tvalid in module sc_node_v1_0_19_si_handler__parameterized3 is either unconnected or has no load
INFO: [Synth 8-7129] Port s_axis_arb_tdata[15] in module sc_node_v1_0_19_si_handler__parameterized3 is either unconnected or has no load
INFO: [Synth 8-7129] Port s_axis_arb_tdata[14] in module sc_node_v1_0_19_si_handler__parameterized3 is either unconnected or has no load
INFO: [Synth 8-7129] Port s_axis_arb_tdata[13] in module sc_node_v1_0_19_si_handler__parameterized3 is either unconnected or has no load
INFO: [Synth 8-7129] Port s_axis_arb_tdata[12] in module sc_node_v1_0_19_si_handler__parameterized3 is either unconnected or has no load
INFO: [Synth 8-7129] Port s_axis_arb_tdata[11] in module sc_node_v1_0_19_si_handler__parameterized3 is either unconnected or has no load
INFO: [Synth 8-7129] Port s_axis_arb_tdata[10] in module sc_node_v1_0_19_si_handler__parameterized3 is either unconnected or has no load
INFO: [Synth 8-7129] Port s_axis_arb_tdata[9] in module sc_node_v1_0_19_si_handler__parameterized3 is either unconnected or has no load
INFO: [Synth 8-7129] Port s_axis_arb_tdata[8] in module sc_node_v1_0_19_si_handler__parameterized3 is either unconnected or has no load
INFO: [Synth 8-7129] Port s_axis_arb_tdata[7] in module sc_node_v1_0_19_si_handler__parameterized3 is either unconnected or has no load
INFO: [Synth 8-7129] Port s_axis_arb_tdata[6] in module sc_node_v1_0_19_si_handler__parameterized3 is either unconnected or has no load
INFO: [Synth 8-7129] Port s_axis_arb_tdata[5] in module sc_node_v1_0_19_si_handler__parameterized3 is either unconnected or has no load
INFO: [Synth 8-7129] Port s_axis_arb_tdata[4] in module sc_node_v1_0_19_si_handler__parameterized3 is either unconnected or has no load
INFO: [Synth 8-7129] Port s_axis_arb_tdata[3] in module sc_node_v1_0_19_si_handler__parameterized3 is either unconnected or has no load
INFO: [Synth 8-7129] Port s_axis_arb_tdata[2] in module sc_node_v1_0_19_si_handler__parameterized3 is either unconnected or has no load
INFO: [Synth 8-7129] Port s_axis_arb_tdata[1] in module sc_node_v1_0_19_si_handler__parameterized3 is either unconnected or has no load
INFO: [Synth 8-7129] Port s_axis_arb_tdata[0] in module sc_node_v1_0_19_si_handler__parameterized3 is either unconnected or has no load
INFO: [Synth 8-7129] Port m_axis_arb_tready in module sc_node_v1_0_19_si_handler__parameterized3 is either unconnected or has no load
INFO: [Synth 8-7129] Port aclk in module sc_util_v1_0_4_axic_register_slice is either unconnected or has no load
INFO: [Synth 8-7129] Port areset in module sc_util_v1_0_4_axic_register_slice is either unconnected or has no load
INFO: [Synth 8-7129] Port aclken in module sc_util_v1_0_4_axic_register_slice is either unconnected or has no load
INFO: [Synth 8-7129] Port m_sc_aclken in module sc_node_v1_0_19_top__parameterized3 is either unconnected or has no load
INFO: [Synth 8-7129] Port aclk in module sc_util_v1_0_4_pipeline__parameterized7 is either unconnected or has no load
INFO: [Synth 8-7129] Port aclken in module sc_util_v1_0_4_pipeline__parameterized7 is either unconnected or has no load
INFO: [Synth 8-7129] Port areset in module sc_util_v1_0_4_pipeline__parameterized7 is either unconnected or has no load
INFO: [Synth 8-7129] Port aclk in module sc_util_v1_0_4_pipeline__parameterized6 is either unconnected or has no load
INFO: [Synth 8-7129] Port aclken in module sc_util_v1_0_4_pipeline__parameterized6 is either unconnected or has no load
INFO: [Synth 8-7129] Port areset in module sc_util_v1_0_4_pipeline__parameterized6 is either unconnected or has no load
INFO: [Synth 8-7129] Port aclk in module sc_node_v1_0_19_si_handler__parameterized2 is either unconnected or has no load
INFO: [Synth 8-7129] Port aclken in module sc_node_v1_0_19_si_handler__parameterized2 is either unconnected or has no load
INFO: [Synth 8-7129] Port areset in module sc_node_v1_0_19_si_handler__parameterized2 is either unconnected or has no load
INFO: [Synth 8-7129] Port s_sc_req[0] in module sc_node_v1_0_19_si_handler__parameterized2 is either unconnected or has no load
INFO: [Synth 8-7129] Port s_sc_info[0] in module sc_node_v1_0_19_si_handler__parameterized2 is either unconnected or has no load
INFO: [Synth 8-7129] Port s_axis_arb_tvalid in module sc_node_v1_0_19_si_handler__parameterized2 is either unconnected or has no load
INFO: [Synth 8-7129] Port s_axis_arb_tdata[15] in module sc_node_v1_0_19_si_handler__parameterized2 is either unconnected or has no load
INFO: [Synth 8-7129] Port s_axis_arb_tdata[14] in module sc_node_v1_0_19_si_handler__parameterized2 is either unconnected or has no load
INFO: [Synth 8-7129] Port s_axis_arb_tdata[13] in module sc_node_v1_0_19_si_handler__parameterized2 is either unconnected or has no load
INFO: [Synth 8-7129] Port s_axis_arb_tdata[12] in module sc_node_v1_0_19_si_handler__parameterized2 is either unconnected or has no load
INFO: [Synth 8-7129] Port s_axis_arb_tdata[11] in module sc_node_v1_0_19_si_handler__parameterized2 is either unconnected or has no load
INFO: [Synth 8-7129] Port s_axis_arb_tdata[10] in module sc_node_v1_0_19_si_handler__parameterized2 is either unconnected or has no load
INFO: [Synth 8-7129] Port s_axis_arb_tdata[9] in module sc_node_v1_0_19_si_handler__parameterized2 is either unconnected or has no load
INFO: [Synth 8-7129] Port s_axis_arb_tdata[8] in module sc_node_v1_0_19_si_handler__parameterized2 is either unconnected or has no load
INFO: [Synth 8-7129] Port s_axis_arb_tdata[7] in module sc_node_v1_0_19_si_handler__parameterized2 is either unconnected or has no load
INFO: [Synth 8-7129] Port s_axis_arb_tdata[6] in module sc_node_v1_0_19_si_handler__parameterized2 is either unconnected or has no load
INFO: [Synth 8-7129] Port s_axis_arb_tdata[5] in module sc_node_v1_0_19_si_handler__parameterized2 is either unconnected or has no load
INFO: [Synth 8-7129] Port s_axis_arb_tdata[4] in module sc_node_v1_0_19_si_handler__parameterized2 is either unconnected or has no load
INFO: [Synth 8-7129] Port s_axis_arb_tdata[3] in module sc_node_v1_0_19_si_handler__parameterized2 is either unconnected or has no load
INFO: [Synth 8-7129] Port s_axis_arb_tdata[2] in module sc_node_v1_0_19_si_handler__parameterized2 is either unconnected or has no load
INFO: [Synth 8-7129] Port s_axis_arb_tdata[1] in module sc_node_v1_0_19_si_handler__parameterized2 is either unconnected or has no load
INFO: [Synth 8-7129] Port s_axis_arb_tdata[0] in module sc_node_v1_0_19_si_handler__parameterized2 is either unconnected or has no load
INFO: [Synth 8-7129] Port m_axis_arb_tready in module sc_node_v1_0_19_si_handler__parameterized2 is either unconnected or has no load
INFO: [Synth 8-7129] Port m_sc_aclken in module sc_node_v1_0_19_top__parameterized2 is either unconnected or has no load
INFO: [Synth 8-7129] Port aclk in module sc_util_v1_0_4_pipeline__parameterized5 is either unconnected or has no load
INFO: [Synth 8-7129] Port aclken in module sc_util_v1_0_4_pipeline__parameterized5 is either unconnected or has no load
INFO: [Synth 8-7129] Port areset in module sc_util_v1_0_4_pipeline__parameterized5 is either unconnected or has no load
INFO: [Synth 8-7129] Port aclk in module sc_util_v1_0_4_pipeline__parameterized4 is either unconnected or has no load
INFO: [Synth 8-7129] Port aclken in module sc_util_v1_0_4_pipeline__parameterized4 is either unconnected or has no load
INFO: [Synth 8-7129] Port areset in module sc_util_v1_0_4_pipeline__parameterized4 is either unconnected or has no load
INFO: [Synth 8-7129] Port aclk in module sc_node_v1_0_19_si_handler__parameterized1 is either unconnected or has no load
INFO: [Synth 8-7129] Port aclken in module sc_node_v1_0_19_si_handler__parameterized1 is either unconnected or has no load
INFO: [Synth 8-7129] Port areset in module sc_node_v1_0_19_si_handler__parameterized1 is either unconnected or has no load
INFO: [Synth 8-7129] Port s_sc_req[0] in module sc_node_v1_0_19_si_handler__parameterized1 is either unconnected or has no load
INFO: [Synth 8-7129] Port s_sc_info[0] in module sc_node_v1_0_19_si_handler__parameterized1 is either unconnected or has no load
INFO: [Synth 8-7129] Port s_axis_arb_tvalid in module sc_node_v1_0_19_si_handler__parameterized1 is either unconnected or has no load
INFO: [Synth 8-7129] Port s_axis_arb_tdata[15] in module sc_node_v1_0_19_si_handler__parameterized1 is either unconnected or has no load
INFO: [Synth 8-7129] Port s_axis_arb_tdata[14] in module sc_node_v1_0_19_si_handler__parameterized1 is either unconnected or has no load
INFO: [Synth 8-7129] Port s_axis_arb_tdata[13] in module sc_node_v1_0_19_si_handler__parameterized1 is either unconnected or has no load
INFO: [Synth 8-7129] Port s_axis_arb_tdata[12] in module sc_node_v1_0_19_si_handler__parameterized1 is either unconnected or has no load
INFO: [Synth 8-7129] Port s_axis_arb_tdata[11] in module sc_node_v1_0_19_si_handler__parameterized1 is either unconnected or has no load
INFO: [Synth 8-7129] Port s_axis_arb_tdata[10] in module sc_node_v1_0_19_si_handler__parameterized1 is either unconnected or has no load
INFO: [Synth 8-7129] Port s_axis_arb_tdata[9] in module sc_node_v1_0_19_si_handler__parameterized1 is either unconnected or has no load
INFO: [Synth 8-7129] Port s_axis_arb_tdata[8] in module sc_node_v1_0_19_si_handler__parameterized1 is either unconnected or has no load
INFO: [Synth 8-7129] Port s_axis_arb_tdata[7] in module sc_node_v1_0_19_si_handler__parameterized1 is either unconnected or has no load
INFO: [Synth 8-7129] Port s_axis_arb_tdata[6] in module sc_node_v1_0_19_si_handler__parameterized1 is either unconnected or has no load
INFO: [Synth 8-7129] Port s_axis_arb_tdata[5] in module sc_node_v1_0_19_si_handler__parameterized1 is either unconnected or has no load
INFO: [Synth 8-7129] Port s_axis_arb_tdata[4] in module sc_node_v1_0_19_si_handler__parameterized1 is either unconnected or has no load
INFO: [Synth 8-7129] Port s_axis_arb_tdata[3] in module sc_node_v1_0_19_si_handler__parameterized1 is either unconnected or has no load
INFO: [Synth 8-7129] Port s_axis_arb_tdata[2] in module sc_node_v1_0_19_si_handler__parameterized1 is either unconnected or has no load
INFO: [Synth 8-7129] Port s_axis_arb_tdata[1] in module sc_node_v1_0_19_si_handler__parameterized1 is either unconnected or has no load
INFO: [Synth 8-7129] Port s_axis_arb_tdata[0] in module sc_node_v1_0_19_si_handler__parameterized1 is either unconnected or has no load
INFO: [Common 17-14] Message 'Synth 8-7129' appears 100 times and further instances of the messages will be disabled. Use the Tcl command set_msg_config to change the current settings.
---------------------------------------------------------------------------------
Finished RTL Elaboration : Time (s): cpu = 00:00:12 ; elapsed = 00:00:12 . Memory (MB): peak = 2976.172 ; gain = 342.195 ; free physical = 45804 ; free virtual = 326479
---------------------------------------------------------------------------------
---------------------------------------------------------------------------------
Start Handling Custom Attributes
---------------------------------------------------------------------------------
---------------------------------------------------------------------------------
Finished Handling Custom Attributes : Time (s): cpu = 00:00:12 ; elapsed = 00:00:13 . Memory (MB): peak = 2976.172 ; gain = 342.195 ; free physical = 45837 ; free virtual = 326469
---------------------------------------------------------------------------------
---------------------------------------------------------------------------------
Finished RTL Optimization Phase 1 : Time (s): cpu = 00:00:12 ; elapsed = 00:00:13 . Memory (MB): peak = 2976.172 ; gain = 342.195 ; free physical = 45837 ; free virtual = 326469
---------------------------------------------------------------------------------
Netlist sorting complete. Time (s): cpu = 00:00:00.87 ; elapsed = 00:00:00.89 . Memory (MB): peak = 2976.172 ; gain = 0.000 ; free physical = 46529 ; free virtual = 326031
INFO: [Netlist 29-17] Analyzing 1 Unisim elements for replacement
INFO: [Netlist 29-28] Unisim Transformation completed in 0 CPU seconds
INFO: [Project 1-570] Preparing netlist for logic optimization

Processing XDC Constraints
Initializing timing engine
Parsing XDC File [/home/ianblenke/github.com/ianblenke/carnot/output/carnot_ising_bd/project/carnot_ising.gen/sources_1/bd/carnot_ising_bd/ip/carnot_ising_bd_axi_smartconnect_0_0/ooc.xdc] for cell 'inst'
Finished Parsing XDC File [/home/ianblenke/github.com/ianblenke/carnot/output/carnot_ising_bd/project/carnot_ising.gen/sources_1/bd/carnot_ising_bd/ip/carnot_ising_bd_axi_smartconnect_0_0/ooc.xdc] for cell 'inst'
Parsing XDC File [/home/ianblenke/github.com/ianblenke/carnot/output/carnot_ising_bd/project/carnot_ising.gen/sources_1/bd/carnot_ising_bd/ip/carnot_ising_bd_axi_smartconnect_0_0/bd_0/ip/ip_1/bd_8aa6_psr_aclk_0_board.xdc] for cell 'inst/clk_map/psr_aclk/U0'
Finished Parsing XDC File [/home/ianblenke/github.com/ianblenke/carnot/output/carnot_ising_bd/project/carnot_ising.gen/sources_1/bd/carnot_ising_bd/ip/carnot_ising_bd_axi_smartconnect_0_0/bd_0/ip/ip_1/bd_8aa6_psr_aclk_0_board.xdc] for cell 'inst/clk_map/psr_aclk/U0'
Parsing XDC File [/home/ianblenke/github.com/ianblenke/carnot/output/carnot_ising_bd/project/carnot_ising.gen/sources_1/bd/carnot_ising_bd/ip/carnot_ising_bd_axi_smartconnect_0_0/smartconnect.xdc] for cell 'inst'
Finished Parsing XDC File [/home/ianblenke/github.com/ianblenke/carnot/output/carnot_ising_bd/project/carnot_ising.gen/sources_1/bd/carnot_ising_bd/ip/carnot_ising_bd_axi_smartconnect_0_0/smartconnect.xdc] for cell 'inst'
Parsing XDC File [/home/ianblenke/github.com/ianblenke/carnot/output/carnot_ising_bd/project/carnot_ising.runs/carnot_ising_bd_axi_smartconnect_0_0_synth_1/dont_touch.xdc]
Finished Parsing XDC File [/home/ianblenke/github.com/ianblenke/carnot/output/carnot_ising_bd/project/carnot_ising.runs/carnot_ising_bd_axi_smartconnect_0_0_synth_1/dont_touch.xdc]
INFO: [Project 1-236] Implementation specific constraints were found while reading constraint file [/tools/Xilinx/2025.2.1/data/ip/xpm/xpm_cdc/tcl/xpm_cdc_single.tcl]. These constraints will be ignored for synthesis but will be used in implementation. Impacted constraints are listed in the file [.Xil/carnot_ising_bd_axi_smartconnect_0_0_propImpl.xdc].
Resolution: To avoid this warning, move constraints listed in [.Xil/carnot_ising_bd_axi_smartconnect_0_0_propImpl.xdc] to another XDC file and exclude this new file from synthesis with the used_in_synthesis property (File Properties dialog in GUI) and re-run elaboration/synthesis.
INFO: [Project 1-1714] 16 XPM XDC files have been applied to the design.
Completed Processing XDC Constraints

Netlist sorting complete. Time (s): cpu = 00:00:00.01 ; elapsed = 00:00:00 . Memory (MB): peak = 3147.012 ; gain = 0.000 ; free physical = 45953 ; free virtual = 324976
INFO: [Project 1-111] Unisim Transformation Summary:
  A total of 1 instances were transformed.
  SRL16 => SRL16E: 1 instance 

Constraint Validation Runtime : Time (s): cpu = 00:00:00.14 ; elapsed = 00:00:00.11 . Memory (MB): peak = 3147.047 ; gain = 0.000 ; free physical = 45896 ; free virtual = 324940
INFO: [Designutils 20-5008] Incremental synthesis strategy off
---------------------------------------------------------------------------------
Finished Constraint Validation : Time (s): cpu = 00:00:33 ; elapsed = 00:00:34 . Memory (MB): peak = 3147.047 ; gain = 513.070 ; free physical = 45192 ; free virtual = 323261
---------------------------------------------------------------------------------
---------------------------------------------------------------------------------
Start Loading Part and Timing Information
---------------------------------------------------------------------------------
Loading part: xck26-sfvc784-2LV-c
INFO: [Synth 8-6742] Reading net delay rules and data
---------------------------------------------------------------------------------
Finished Loading Part and Timing Information : Time (s): cpu = 00:00:33 ; elapsed = 00:00:34 . Memory (MB): peak = 3155.016 ; gain = 521.039 ; free physical = 45188 ; free virtual = 323257
---------------------------------------------------------------------------------
---------------------------------------------------------------------------------
Start Applying 'set_property' XDC Constraints
---------------------------------------------------------------------------------
---------------------------------------------------------------------------------
Finished applying 'set_property' XDC Constraints : Time (s): cpu = 00:00:33 ; elapsed = 00:00:34 . Memory (MB): peak = 3155.016 ; gain = 521.039 ; free physical = 45179 ; free virtual = 323248
---------------------------------------------------------------------------------
INFO: [Synth 8-802] inferred FSM for state register 'gen_axi.gen_write.write_cs_reg' in module 'sc_mmu_v1_0_16_decerr_slave'
INFO: [Synth 8-802] inferred FSM for state register 'gen_endpoint.w_state_reg' in module 'sc_mmu_v1_0_16_top'
INFO: [Synth 8-802] inferred FSM for state register 'gen_endpoint.r_state_reg' in module 'sc_mmu_v1_0_16_top'
INFO: [Synth 8-802] inferred FSM for state register 'w_state_reg' in module 'sc_si_converter_v1_0_16_axilite_conv'
INFO: [Synth 8-802] inferred FSM for state register 'r_state_reg' in module 'sc_si_converter_v1_0_16_axilite_conv'
---------------------------------------------------------------------------------------------------
                   State |                     New Encoding |                Previous Encoding 
---------------------------------------------------------------------------------------------------
            P_WRITE_IDLE |                              001 |                               00
            P_WRITE_DATA |                              010 |                               01
            P_WRITE_RESP |                              100 |                               10
---------------------------------------------------------------------------------------------------
INFO: [Synth 8-3354] encoded FSM with state register 'gen_axi.gen_write.write_cs_reg' using encoding 'one-hot' in module 'sc_mmu_v1_0_16_decerr_slave'
---------------------------------------------------------------------------------------------------
                   State |                     New Encoding |                Previous Encoding 
---------------------------------------------------------------------------------------------------
                  iSTATE |                               00 | 00000000000000000000000000000000
*
                 W_STALL |                               01 | 00000000000000000000000000000001
               W_PENDING |                               10 | 00000000000000000000000000000010
                W_DECERR |                               11 | 00000000000000000000000000000011
---------------------------------------------------------------------------------------------------
INFO: [Synth 8-3354] encoded FSM with state register 'gen_endpoint.w_state_reg' using encoding 'sequential' in module 'sc_mmu_v1_0_16_top'
---------------------------------------------------------------------------------------------------
                   State |                     New Encoding |                Previous Encoding 
---------------------------------------------------------------------------------------------------
                  iSTATE |                             0001 | 00000000000000000000000000000000
*
                 R_STALL |                             0010 | 00000000000000000000000000000001
               R_PENDING |                             0100 | 00000000000000000000000000000010
                R_DECERR |                             1000 | 00000000000000000000000000000011
---------------------------------------------------------------------------------------------------
INFO: [Synth 8-3354] encoded FSM with state register 'gen_endpoint.r_state_reg' using encoding 'one-hot' in module 'sc_mmu_v1_0_16_top'
---------------------------------------------------------------------------------------------------
                   State |                     New Encoding |                Previous Encoding 
---------------------------------------------------------------------------------------------------
                  W_IDLE |                              000 | 00000000000000000000000000000000
                    W_RX |                              001 | 00000000000000000000000000000001
                    W_TX |                              010 | 00000000000000000000000000000010
              W_COMPLETE |                              011 | 00000000000000000000000000000100
               W_RECOVER |                              100 | 00000000000000000000000000000011
---------------------------------------------------------------------------------------------------
INFO: [Synth 8-3354] encoded FSM with state register 'w_state_reg' using encoding 'sequential' in module 'sc_si_converter_v1_0_16_axilite_conv'
---------------------------------------------------------------------------------------------------
                   State |                     New Encoding |                Previous Encoding 
---------------------------------------------------------------------------------------------------
                  R_IDLE |                               00 | 00000000000000000000000000000000
               R_PENDING |                               01 | 00000000000000000000000000000001
                    R_RX |                               10 | 00000000000000000000000000000010
                    R_TX |                               11 | 00000000000000000000000000000011
---------------------------------------------------------------------------------------------------
INFO: [Synth 8-3354] encoded FSM with state register 'r_state_reg' using encoding 'sequential' in module 'sc_si_converter_v1_0_16_axilite_conv'
---------------------------------------------------------------------------------
Finished RTL Optimization Phase 2 : Time (s): cpu = 00:00:36 ; elapsed = 00:00:37 . Memory (MB): peak = 3155.016 ; gain = 521.039 ; free physical = 43685 ; free virtual = 321761
---------------------------------------------------------------------------------
---------------------------------------------------------------------------------
Start RTL Component Statistics 
---------------------------------------------------------------------------------
---------------------------------------------------------------------------------
Finished RTL Component Statistics 
---------------------------------------------------------------------------------
---------------------------------------------------------------------------------
Start Part Resource Summary
---------------------------------------------------------------------------------
Part Resources:
DSPs: 1248 (col length:96)
BRAMs: 288 (col length: RAMB18 96 RAMB36 48)
---------------------------------------------------------------------------------
Finished Part Resource Summary
---------------------------------------------------------------------------------
---------------------------------------------------------------------------------
Start Cross Boundary and Area Optimization
---------------------------------------------------------------------------------
WARNING: [Synth 8-3332] Sequential element (clk_map/psr_aclk/U0/FDRE_inst) is unused and will be removed from module bd_8aa6.
WARNING: [Synth 8-3332] Sequential element (clk_map/psr_aclk/U0/BSR_OUT_DFF[0].FDRE_BSR) is unused and will be removed from module bd_8aa6.
WARNING: [Synth 8-3332] Sequential element (clk_map/psr_aclk/U0/PR_OUT_DFF[0].FDRE_PER) is unused and will be removed from module bd_8aa6.
WARNING: [Synth 8-3332] Sequential element (clk_map/psr_aclk/U0/ACTIVE_LOW_PR_OUT_DFF[0].FDRE_PER_N) is unused and will be removed from module bd_8aa6.
INFO: [Synth 8-3332] Sequential element (exit_inst/gen_w_cmd_reg.m_write_cmd_mesg_i_reg) is unused and will be removed from module sc_exit_v1_0_18_top.
INFO: [Synth 8-3332] Sequential element (exit_inst/gen_r_cmd_reg.m_read_cmd_mesg_i_reg) is unused and will be removed from module sc_exit_v1_0_18_top.
---------------------------------------------------------------------------------
Finished Cross Boundary and Area Optimization : Time (s): cpu = 00:00:48 ; elapsed = 00:00:49 . Memory (MB): peak = 3155.016 ; gain = 521.039 ; free physical = 61831 ; free virtual = 329436
---------------------------------------------------------------------------------
---------------------------------------------------------------------------------
Start Applying XDC Timing Constraints
---------------------------------------------------------------------------------
---------------------------------------------------------------------------------
Finished Applying XDC Timing Constraints : Time (s): cpu = 00:00:57 ; elapsed = 00:00:59 . Memory (MB): peak = 3673.578 ; gain = 1039.602 ; free physical = 58014 ; free virtual = 325683
---------------------------------------------------------------------------------
---------------------------------------------------------------------------------
Start Timing Optimization
---------------------------------------------------------------------------------
---------------------------------------------------------------------------------
Finished Timing Optimization : Time (s): cpu = 00:00:59 ; elapsed = 00:01:01 . Memory (MB): peak = 3724.750 ; gain = 1090.773 ; free physical = 57078 ; free virtual = 324747
---------------------------------------------------------------------------------
---------------------------------------------------------------------------------
Start Technology Mapping
---------------------------------------------------------------------------------
---------------------------------------------------------------------------------
Finished Technology Mapping : Time (s): cpu = 00:01:00 ; elapsed = 00:01:02 . Memory (MB): peak = 3732.758 ; gain = 1098.781 ; free physical = 56728 ; free virtual = 324397
---------------------------------------------------------------------------------
---------------------------------------------------------------------------------
Start IO Insertion
---------------------------------------------------------------------------------
---------------------------------------------------------------------------------
Start Flattening Before IO Insertion
---------------------------------------------------------------------------------
---------------------------------------------------------------------------------
Finished Flattening Before IO Insertion
---------------------------------------------------------------------------------
---------------------------------------------------------------------------------
Start Final Netlist Cleanup
---------------------------------------------------------------------------------
---------------------------------------------------------------------------------
Finished Final Netlist Cleanup
---------------------------------------------------------------------------------
---------------------------------------------------------------------------------
Finished IO Insertion : Time (s): cpu = 00:01:05 ; elapsed = 00:01:07 . Memory (MB): peak = 3887.570 ; gain = 1253.594 ; free physical = 55073 ; free virtual = 322771
---------------------------------------------------------------------------------
---------------------------------------------------------------------------------
Start Renaming Generated Instances
---------------------------------------------------------------------------------
---------------------------------------------------------------------------------
Finished Renaming Generated Instances : Time (s): cpu = 00:01:05 ; elapsed = 00:01:07 . Memory (MB): peak = 3887.570 ; gain = 1253.594 ; free physical = 55072 ; free virtual = 322770
---------------------------------------------------------------------------------
---------------------------------------------------------------------------------
Start Rebuilding User Hierarchy
---------------------------------------------------------------------------------
---------------------------------------------------------------------------------
Finished Rebuilding User Hierarchy : Time (s): cpu = 00:01:05 ; elapsed = 00:01:07 . Memory (MB): peak = 3887.570 ; gain = 1253.594 ; free physical = 55053 ; free virtual = 322751
---------------------------------------------------------------------------------
---------------------------------------------------------------------------------
Start Renaming Generated Ports
---------------------------------------------------------------------------------
---------------------------------------------------------------------------------
Finished Renaming Generated Ports : Time (s): cpu = 00:01:05 ; elapsed = 00:01:07 . Memory (MB): peak = 3887.570 ; gain = 1253.594 ; free physical = 55053 ; free virtual = 322751
---------------------------------------------------------------------------------
---------------------------------------------------------------------------------
Start Handling Custom Attributes
---------------------------------------------------------------------------------
---------------------------------------------------------------------------------
Finished Handling Custom Attributes : Time (s): cpu = 00:01:05 ; elapsed = 00:01:07 . Memory (MB): peak = 3887.570 ; gain = 1253.594 ; free physical = 55037 ; free virtual = 322735
---------------------------------------------------------------------------------
---------------------------------------------------------------------------------
Start Renaming Generated Nets
---------------------------------------------------------------------------------
---------------------------------------------------------------------------------
Finished Renaming Generated Nets : Time (s): cpu = 00:01:05 ; elapsed = 00:01:07 . Memory (MB): peak = 3887.570 ; gain = 1253.594 ; free physical = 55031 ; free virtual = 322729
---------------------------------------------------------------------------------
---------------------------------------------------------------------------------
Start Writing Synthesis Report
---------------------------------------------------------------------------------

Report BlackBoxes: 
+-+--------------+----------+
| |BlackBox name |Instances |
+-+--------------+----------+
+-+--------------+----------+

Report Cell Usage: 
+------+-------+------+
|      |Cell   |Count |
+------+-------+------+
|1     |CARRY8 |     5|
|2     |LUT1   |    53|
|3     |LUT2   |   238|
|4     |LUT3   |   194|
|5     |LUT4   |   145|
|6     |LUT5   |   144|
|7     |LUT6   |   277|
|8     |MUXF7  |     3|
|9     |SRL16  |     1|
|10    |FDCE   |    42|
|11    |FDRE   |   836|
|12    |FDSE   |    15|
+------+-------+------+
---------------------------------------------------------------------------------
Finished Writing Synthesis Report : Time (s): cpu = 00:01:05 ; elapsed = 00:01:07 . Memory (MB): peak = 3887.570 ; gain = 1253.594 ; free physical = 55028 ; free virtual = 322725
---------------------------------------------------------------------------------
Synthesis finished with 0 errors, 0 critical warnings and 4 warnings.
Synthesis Optimization Runtime : Time (s): cpu = 00:00:52 ; elapsed = 00:00:54 . Memory (MB): peak = 3887.570 ; gain = 1082.719 ; free physical = 54965 ; free virtual = 322664
Synthesis Optimization Complete : Time (s): cpu = 00:01:06 ; elapsed = 00:01:07 . Memory (MB): peak = 3887.570 ; gain = 1253.594 ; free physical = 54965 ; free virtual = 322664
INFO: [Project 1-571] Translating synthesized netlist
Netlist sorting complete. Time (s): cpu = 00:00:00.11 ; elapsed = 00:00:00.11 . Memory (MB): peak = 3887.570 ; gain = 0.000 ; free physical = 55050 ; free virtual = 322749
INFO: [Netlist 29-17] Analyzing 9 Unisim elements for replacement
INFO: [Netlist 29-28] Unisim Transformation completed in 0 CPU seconds
INFO: [Project 1-570] Preparing netlist for logic optimization
INFO: [Opt 31-138] Pushed 0 inverter(s) to 0 load pin(s).
Netlist sorting complete. Time (s): cpu = 00:00:00 ; elapsed = 00:00:00 . Memory (MB): peak = 3887.570 ; gain = 0.000 ; free physical = 54893 ; free virtual = 322608
INFO: [Project 1-111] Unisim Transformation Summary:
  A total of 1 instances were transformed.
  SRL16 => SRL16E: 1 instance 

Synth Design complete | Checksum: 7e91c331
INFO: [Common 17-83] Releasing license: Synthesis
192 Infos, 10 Warnings, 0 Critical Warnings and 0 Errors encountered.
synth_design completed successfully
synth_design: Time (s): cpu = 00:01:17 ; elapsed = 00:01:16 . Memory (MB): peak = 3887.570 ; gain = 2274.102 ; free physical = 54831 ; free virtual = 322552
INFO: [Common 17-2834] synth_design peak Physical Memory [PSS] (MB): overall = 2798.785; main = 2717.628; forked = 244.768
INFO: [Common 17-2834] synth_design peak Virtual Memory [VSS] (MB): overall = 4736.969; main = 3868.430; forked = 1012.215
Write ShapeDB Complete: Time (s): cpu = 00:00:00.01 ; elapsed = 00:00:00.01 . Memory (MB): peak = 3892.438 ; gain = 0.000 ; free physical = 54815 ; free virtual = 322532
INFO: [Common 17-1381] The checkpoint '/home/ianblenke/github.com/ianblenke/carnot/output/carnot_ising_bd/project/carnot_ising.runs/carnot_ising_bd_axi_smartconnect_0_0_synth_1/carnot_ising_bd_axi_smartconnect_0_0.dcp' has been generated.
INFO: [Coretcl 2-1648] Added synthesis output to IP cache for IP carnot_ising_bd_axi_smartconnect_0_0, cache-ID = b484c127292269db
INFO: [Coretcl 2-1174] Renamed 75 cell refs.
Write ShapeDB Complete: Time (s): cpu = 00:00:00.01 ; elapsed = 00:00:00 . Memory (MB): peak = 3892.438 ; gain = 0.000 ; free physical = 55094 ; free virtual = 322444
INFO: [Common 17-1381] The checkpoint '/home/ianblenke/github.com/ianblenke/carnot/output/carnot_ising_bd/project/carnot_ising.runs/carnot_ising_bd_axi_smartconnect_0_0_synth_1/carnot_ising_bd_axi_smartconnect_0_0.dcp' has been generated.
INFO: [Vivado 12-24828] Executing command : report_utilization -file carnot_ising_bd_axi_smartconnect_0_0_utilization_synth.rpt -pb carnot_ising_bd_axi_smartconnect_0_0_utilization_synth.pb
INFO: [Common 17-206] Exiting Vivado at Wed Apr 22 17:42:08 2026...
