FFFEFEF.FEE                                                              [100%]
==================================== ERRORS ====================================
_____________ ERROR at setup of test_reduction_and_rehashed_tamper _____________

tmp_path_factory = TempPathFactory(_given_basetemp=PosixPath('/tmp/carnot-8347-ybk1ziuf/owned-tests'), _trace=<pluggy._tracing.TagTracerS...2039880>, _basetemp=PosixPath('/tmp/carnot-8347-ybk1ziuf/owned-tests'), _retention_count=1, _retention_policy='failed')

    @pytest.fixture(scope="module")
    def measured(tmp_path_factory):
        """SCENARIO-VERIFY-8347-REPLAY: reuse real byte-bound constructed primitives."""
        raw = tmp_path_factory.mktemp("8347-primitives")
>       return e.measure(e.ROOT, raw), raw
               ^^^^^^^^^^^^^^^^^^^^^^

tests/python/test_local_consumer_qualification_8347.py:16: 
_ _ _ _ _ _ _ _ _ _ _ _ _ _ _ _ _ _ _ _ _ _ _ _ _ _ _ _ _ _ _ _ _ _ _ _ _ _ _ _ 
python/carnot/reporting/local_consumer_qualification_8347.py:155: in measure
    progress("preconditions_before")
_ _ _ _ _ _ _ _ _ _ _ _ _ _ _ _ _ _ _ _ _ _ _ _ _ _ _ _ _ _ _ _ _ _ _ _ _ _ _ _ 

phase = 'preconditions_before', completed = 0, pending = 0

    def progress(phase: str, completed: int = 0, pending: int = 0) -> None:
        """Flush completed work so the supervisor sees actual phase boundaries."""
>       print(f"[exp8347] phase={phase} completed={completed} pending={pending}", flush=True)
E       OSError: [Errno 122] Disk quota exceeded

python/carnot/reporting/local_consumer_qualification_8347.py:50: OSError
_________________ ERROR at setup of test_manifest_and_real_cli _________________

tmp_path_factory = TempPathFactory(_given_basetemp=PosixPath('/tmp/carnot-8347-ybk1ziuf/owned-tests'), _trace=<pluggy._tracing.TagTracerS...2039880>, _basetemp=PosixPath('/tmp/carnot-8347-ybk1ziuf/owned-tests'), _retention_count=1, _retention_policy='failed')

    @pytest.fixture(scope="module")
    def measured(tmp_path_factory):
        """SCENARIO-VERIFY-8347-REPLAY: reuse real byte-bound constructed primitives."""
        raw = tmp_path_factory.mktemp("8347-primitives")
>       return e.measure(e.ROOT, raw), raw
               ^^^^^^^^^^^^^^^^^^^^^^

tests/python/test_local_consumer_qualification_8347.py:16: 
_ _ _ _ _ _ _ _ _ _ _ _ _ _ _ _ _ _ _ _ _ _ _ _ _ _ _ _ _ _ _ _ _ _ _ _ _ _ _ _ 
python/carnot/reporting/local_consumer_qualification_8347.py:155: in measure
    progress("preconditions_before")
_ _ _ _ _ _ _ _ _ _ _ _ _ _ _ _ _ _ _ _ _ _ _ _ _ _ _ _ _ _ _ _ _ _ _ _ _ _ _ _ 

phase = 'preconditions_before', completed = 0, pending = 0

    def progress(phase: str, completed: int = 0, pending: int = 0) -> None:
        """Flush completed work so the supervisor sees actual phase boundaries."""
>       print(f"[exp8347] phase={phase} completed={completed} pending={pending}", flush=True)
E       OSError: [Errno 122] Disk quota exceeded

python/carnot/reporting/local_consumer_qualification_8347.py:50: OSError
___________ ERROR at setup of test_real_coverage_report_is_retained ____________

tmp_path_factory = TempPathFactory(_given_basetemp=PosixPath('/tmp/carnot-8347-ybk1ziuf/owned-tests'), _trace=<pluggy._tracing.TagTracerS...2039880>, _basetemp=PosixPath('/tmp/carnot-8347-ybk1ziuf/owned-tests'), _retention_count=1, _retention_policy='failed')

    @pytest.fixture(scope="module")
    def measured(tmp_path_factory):
        """SCENARIO-VERIFY-8347-REPLAY: reuse real byte-bound constructed primitives."""
        raw = tmp_path_factory.mktemp("8347-primitives")
>       return e.measure(e.ROOT, raw), raw
               ^^^^^^^^^^^^^^^^^^^^^^

tests/python/test_local_consumer_qualification_8347.py:16: 
_ _ _ _ _ _ _ _ _ _ _ _ _ _ _ _ _ _ _ _ _ _ _ _ _ _ _ _ _ _ _ _ _ _ _ _ _ _ _ _ 
python/carnot/reporting/local_consumer_qualification_8347.py:155: in measure
    progress("preconditions_before")
_ _ _ _ _ _ _ _ _ _ _ _ _ _ _ _ _ _ _ _ _ _ _ _ _ _ _ _ _ _ _ _ _ _ _ _ _ _ _ _ 

phase = 'preconditions_before', completed = 0, pending = 0

    def progress(phase: str, completed: int = 0, pending: int = 0) -> None:
        """Flush completed work so the supervisor sees actual phase boundaries."""
>       print(f"[exp8347] phase={phase} completed={completed} pending={pending}", flush=True)
E       OSError: [Errno 122] Disk quota exceeded

python/carnot/reporting/local_consumer_qualification_8347.py:50: OSError
_______________ ERROR at setup of test_primitive_rejection_paths _______________

tmp_path_factory = TempPathFactory(_given_basetemp=PosixPath('/tmp/carnot-8347-ybk1ziuf/owned-tests'), _trace=<pluggy._tracing.TagTracerS...2039880>, _basetemp=PosixPath('/tmp/carnot-8347-ybk1ziuf/owned-tests'), _retention_count=1, _retention_policy='failed')

    @pytest.fixture(scope="module")
    def measured(tmp_path_factory):
        """SCENARIO-VERIFY-8347-REPLAY: reuse real byte-bound constructed primitives."""
        raw = tmp_path_factory.mktemp("8347-primitives")
>       return e.measure(e.ROOT, raw), raw
               ^^^^^^^^^^^^^^^^^^^^^^

tests/python/test_local_consumer_qualification_8347.py:16: 
_ _ _ _ _ _ _ _ _ _ _ _ _ _ _ _ _ _ _ _ _ _ _ _ _ _ _ _ _ _ _ _ _ _ _ _ _ _ _ _ 
python/carnot/reporting/local_consumer_qualification_8347.py:155: in measure
    progress("preconditions_before")
_ _ _ _ _ _ _ _ _ _ _ _ _ _ _ _ _ _ _ _ _ _ _ _ _ _ _ _ _ _ _ _ _ _ _ _ _ _ _ _ 

phase = 'preconditions_before', completed = 0, pending = 0

    def progress(phase: str, completed: int = 0, pending: int = 0) -> None:
        """Flush completed work so the supervisor sees actual phase boundaries."""
>       print(f"[exp8347] phase={phase} completed={completed} pending={pending}", flush=True)
E       OSError: [Errno 122] Disk quota exceeded

python/carnot/reporting/local_consumer_qualification_8347.py:50: OSError
=================================== FAILURES ===================================
_______________ test_complete_private_closure_and_absent_operand _______________

tmp_path = PosixPath('/tmp/carnot-8347-ybk1ziuf/owned-tests/test_complete_private_closure_0')

    def test_complete_private_closure_and_absent_operand(tmp_path):
        """SCENARIO-VERIFY-8347-CLOSURE: preserve old policy bytes and reject missingness."""
>       closure = e.freeze_historical(tmp_path / "closure")
                  ^^^^^^^^^^^^^^^^^^^^^^^^^^^^^^^^^^^^^^^^^

tests/python/test_local_consumer_qualification_8347.py:21: 
_ _ _ _ _ _ _ _ _ _ _ _ _ _ _ _ _ _ _ _ _ _ _ _ _ _ _ _ _ _ _ _ _ _ _ _ _ _ _ _ 
python/carnot/reporting/local_consumer_qualification_8347.py:71: in freeze_historical
    saved.write_bytes(source.read_bytes())
_ _ _ _ _ _ _ _ _ _ _ _ _ _ _ _ _ _ _ _ _ _ _ _ _ _ _ _ _ _ _ _ _ _ _ _ _ _ _ _ 

self = PosixPath('/tmp/carnot-8347-ybk1ziuf/owned-tests/test_complete_private_closure_0/closure/123.bin')
data = b'{\n  "MODEL_SPECS": [],\n  "acceptance_gates": {\n    "fixture_changed_later_minimum": 32,\n    "fixture_installatio...d",\n      "timed_out": false\n    }\n  ],\n  "verdict_class": "circular_positive",\n  "verifier_is_oracle": true\n}\n'

    def write_bytes(self, data):
        """
        Open the file in bytes mode, write to it, and close the file.
        """
        # type-check for the buffer interface before truncating the file
        view = memoryview(data)
        with self.open(mode='wb') as f:
>           return f.write(view)
                   ^^^^^^^^^^^^^
E           OSError: [Errno 122] Disk quota exceeded

../../../.local/share/uv/python/cpython-3.12.13-linux-x86_64-gnu/lib/python3.12/pathlib.py:1037: OSError
_______________________ test_current_policy_is_separate ________________________
OSError: [Errno 122] Disk quota exceeded

During handling of the above exception, another exception occurred:

tmp_path = PosixPath('/tmp/carnot-8347-ybk1ziuf/owned-tests/test_current_policy_is_separat0')

    def test_current_policy_is_separate(tmp_path):
        """SCENARIO-VERIFY-8347-CLOSURE: a historical pass cannot bypass retirement."""
        root = tmp_path
        policy = root / "ops/exclusion_manifest.yaml"
        policy.parent.mkdir()
>       policy.write_text("retired_experiments: []\n")

tests/python/test_local_consumer_qualification_8347.py:48: 
_ _ _ _ _ _ _ _ _ _ _ _ _ _ _ _ _ _ _ _ _ _ _ _ _ _ _ _ _ _ _ _ _ _ _ _ _ _ _ _ 

self = PosixPath('/tmp/carnot-8347-ybk1ziuf/owned-tests/test_current_policy_is_separat0/ops/exclusion_manifest.yaml')
data = 'retired_experiments: []\n', encoding = 'locale', errors = None
newline = None

    def write_text(self, data, encoding=None, errors=None, newline=None):
        """
        Open the file in text mode, write to it, and close the file.
        """
        if not isinstance(data, str):
            raise TypeError('data must be str, not %s' %
                            data.__class__.__name__)
        encoding = io.text_encoding(encoding)
>       with self.open(mode='w', encoding=encoding, errors=errors, newline=newline) as f:
             ^^^^^^^^^^^^^^^^^^^^^^^^^^^^^^^^^^^^^^^^^^^^^^^^^^^^^^^^^^^^^^^^^^^^^^
E       OSError: [Errno 122] Disk quota exceeded

../../../.local/share/uv/python/cpython-3.12.13-linux-x86_64-gnu/lib/python3.12/pathlib.py:1047: OSError
___________ test_rehashed_closure_cannot_change_historical_authority ___________

tmp_path = PosixPath('/tmp/carnot-8347-ybk1ziuf/owned-tests/test_rehashed_closure_cannot_c0')

    def test_rehashed_closure_cannot_change_historical_authority(tmp_path):
        """SCENARIO-VERIFY-8347-CLOSURE: private manifest rehashing cannot invent old inputs."""
        from carnot.reporting.current_work_receipt import atomic_json
    
>       closure = e.freeze_historical(tmp_path / "closure")
                  ^^^^^^^^^^^^^^^^^^^^^^^^^^^^^^^^^^^^^^^^^

tests/python/test_local_consumer_qualification_8347.py:58: 
_ _ _ _ _ _ _ _ _ _ _ _ _ _ _ _ _ _ _ _ _ _ _ _ _ _ _ _ _ _ _ _ _ _ _ _ _ _ _ _ 
python/carnot/reporting/local_consumer_qualification_8347.py:71: in freeze_historical
    saved.write_bytes(source.read_bytes())
_ _ _ _ _ _ _ _ _ _ _ _ _ _ _ _ _ _ _ _ _ _ _ _ _ _ _ _ _ _ _ _ _ _ _ _ _ _ _ _ 

self = PosixPath('/tmp/carnot-8347-ybk1ziuf/owned-tests/test_rehashed_closure_cannot_c0/closure/0.bin')
data = b'# Licensed under the Apache License: http://www.apache.org/licenses/LICENSE-2.0\n# For details: https://github.com/c...process")\n    assert config.config_file is not None\n    os.environ["COVERAGE_PROCESS_CONFIG"] = config.serialize()\n'

    def write_bytes(self, data):
        """
        Open the file in bytes mode, write to it, and close the file.
        """
        # type-check for the buffer interface before truncating the file
        view = memoryview(data)
        with self.open(mode='wb') as f:
>           return f.write(view)
                   ^^^^^^^^^^^^^
E           OSError: [Errno 122] Disk quota exceeded

../../../.local/share/uv/python/cpython-3.12.13-linux-x86_64-gnu/lib/python3.12/pathlib.py:1037: OSError
____________________ test_absent_external_input_is_blocked _____________________

tmp_path = PosixPath('/tmp/carnot-8347-ybk1ziuf/owned-tests/test_absent_external_input_is_0')

    def test_absent_external_input_is_blocked(tmp_path):
        """SCENARIO-VERIFY-8347-CLOSURE: external missingness stays blocked and zero."""
>       work = e.measure(tmp_path, tmp_path / "raw")
               ^^^^^^^^^^^^^^^^^^^^^^^^^^^^^^^^^^^^^

tests/python/test_local_consumer_qualification_8347.py:91: 
_ _ _ _ _ _ _ _ _ _ _ _ _ _ _ _ _ _ _ _ _ _ _ _ _ _ _ _ _ _ _ _ _ _ _ _ _ _ _ _ 
python/carnot/reporting/local_consumer_qualification_8347.py:155: in measure
    progress("preconditions_before")
_ _ _ _ _ _ _ _ _ _ _ _ _ _ _ _ _ _ _ _ _ _ _ _ _ _ _ _ _ _ _ _ _ _ _ _ _ _ _ _ 

phase = 'preconditions_before', completed = 0, pending = 0

    def progress(phase: str, completed: int = 0, pending: int = 0) -> None:
        """Flush completed work so the supervisor sees actual phase boundaries."""
>       print(f"[exp8347] phase={phase} completed={completed} pending={pending}", flush=True)
E       OSError: [Errno 122] Disk quota exceeded

python/carnot/reporting/local_consumer_qualification_8347.py:50: OSError
____________________ test_private_cli_publication_and_guard ____________________

tmp_path = PosixPath('/tmp/carnot-8347-ybk1ziuf/owned-tests/test_private_cli_publication_a0')

    def test_private_cli_publication_and_guard(tmp_path):
        """SCENARIO-REPORT-8347-CLI: missing real operands produce a private blocked primary."""
        from carnot.reporting import local_consumer_execution_8347 as runner
    
        path = tmp_path / (e.NAME + ".json")
>       assert runner.main(["--root", str(tmp_path), "--fixture-output", str(path)]) == 0
               ^^^^^^^^^^^^^^^^^^^^^^^^^^^^^^^^^^^^^^^^^^^^^^^^^^^^^^^^^^^^^^^^^^^^^

tests/python/test_local_consumer_qualification_8347.py:128: 
_ _ _ _ _ _ _ _ _ _ _ _ _ _ _ _ _ _ _ _ _ _ _ _ _ _ _ _ _ _ _ _ _ _ _ _ _ _ _ _ 
python/carnot/reporting/local_consumer_execution_8347.py:125: in main
    e.progress("start")
_ _ _ _ _ _ _ _ _ _ _ _ _ _ _ _ _ _ _ _ _ _ _ _ _ _ _ _ _ _ _ _ _ _ _ _ _ _ _ _ 

phase = 'start', completed = 0, pending = 0

    def progress(phase: str, completed: int = 0, pending: int = 0) -> None:
        """Flush completed work so the supervisor sees actual phase boundaries."""
>       print(f"[exp8347] phase={phase} completed={completed} pending={pending}", flush=True)
E       OSError: [Errno 122] Disk quota exceeded

python/carnot/reporting/local_consumer_qualification_8347.py:50: OSError
____________________ test_resource_and_authority_rejection _____________________

tmp_path = PosixPath('/tmp/carnot-8347-ybk1ziuf/owned-tests/test_resource_and_authority_re0')
monkeypatch = <_pytest.monkeypatch.MonkeyPatch object at 0x7fb3d43c4230>

    def test_resource_and_authority_rejection(tmp_path, monkeypatch):
        """SCENARIO-VERIFY-8347-CLOSURE: unavailable resources and failed authorities block."""
        from types import SimpleNamespace
    
        monkeypatch.setattr(e.os, "access", lambda path, mode: False)
>       assert not e.measure(e.ROOT, tmp_path / "missing-tool")["rows"]
                   ^^^^^^^^^^^^^^^^^^^^^^^^^^^^^^^^^^^^^^^^^^^^

tests/python/test_local_consumer_qualification_8347.py:168: 
_ _ _ _ _ _ _ _ _ _ _ _ _ _ _ _ _ _ _ _ _ _ _ _ _ _ _ _ _ _ _ _ _ _ _ _ _ _ _ _ 
python/carnot/reporting/local_consumer_qualification_8347.py:155: in measure
    progress("preconditions_before")
_ _ _ _ _ _ _ _ _ _ _ _ _ _ _ _ _ _ _ _ _ _ _ _ _ _ _ _ _ _ _ _ _ _ _ _ _ _ _ _ 

phase = 'preconditions_before', completed = 0, pending = 0

    def progress(phase: str, completed: int = 0, pending: int = 0) -> None:
        """Flush completed work so the supervisor sees actual phase boundaries."""
>       print(f"[exp8347] phase={phase} completed={completed} pending={pending}", flush=True)
E       OSError: [Errno 122] Disk quota exceeded

python/carnot/reporting/local_consumer_qualification_8347.py:50: OSError
=============================== warnings summary ===============================
python/carnot/extraction/coace_extractor.py:122
  /home/ianblenke/github.com/ianblenke/carnot/python/carnot/extraction/coace_extractor.py:122: DeprecationWarning: ast.Num is deprecated and will be removed in Python 3.14; use ast.Constant instead
    if hasattr(ast, "Num"):

-- Docs: https://docs.pytest.org/en/stable/how-to/capture-warnings.html
=========================== short test summary info ============================
FAILED tests/python/test_local_consumer_qualification_8347.py::test_complete_private_closure_and_absent_operand
FAILED tests/python/test_local_consumer_qualification_8347.py::test_current_policy_is_separate
FAILED tests/python/test_local_consumer_qualification_8347.py::test_rehashed_closure_cannot_change_historical_authority
FAILED tests/python/test_local_consumer_qualification_8347.py::test_absent_external_input_is_blocked
FAILED tests/python/test_local_consumer_qualification_8347.py::test_private_cli_publication_and_guard
FAILED tests/python/test_local_consumer_qualification_8347.py::test_resource_and_authority_rejection
ERROR tests/python/test_local_consumer_qualification_8347.py::test_reduction_and_rehashed_tamper
ERROR tests/python/test_local_consumer_qualification_8347.py::test_manifest_and_real_cli
ERROR tests/python/test_local_consumer_qualification_8347.py::test_real_coverage_report_is_retained
ERROR tests/python/test_local_consumer_qualification_8347.py::test_primitive_rejection_paths
6 failed, 1 passed, 1 warning, 4 errors in 7.52s
