[exp8071] phase=start elapsed_s=0.000 completed=0 pending=0
[exp8071] phase=before_model_load elapsed_s=0.049 completed=0 pending=0
[exp8071] phase=after_model_load elapsed_s=7.584 completed=0 pending=0
[exp8059] phase=token_view_seal elapsed_s=7.569 completed=1 pending=7
[exp8059] phase=token_view_seal elapsed_s=7.578 completed=2 pending=6
[exp8059] phase=token_view_seal elapsed_s=7.588 completed=3 pending=5
[exp8059] phase=token_view_seal elapsed_s=7.599 completed=4 pending=4
[exp8059] phase=token_view_seal elapsed_s=7.630 completed=5 pending=3
[exp8059] phase=token_view_seal elapsed_s=7.639 completed=6 pending=2
[exp8059] phase=token_view_seal elapsed_s=7.645 completed=7 pending=1
[exp8059] phase=token_view_seal elapsed_s=7.669 completed=8 pending=0
[exp8071] phase=before_native_forward elapsed_s=7.753 completed=0 pending=0
[exp8022] phase=8033_before_context_create elapsed_s=0.000 completed=0 pending=0
[exp8022] phase=8033_after_context_create elapsed_s=0.029 completed=0 pending=0
[exp8022] phase=8033_before_eval elapsed_s=0.040 completed=0 pending=182
[exp8022] phase=8033_after_eval elapsed_s=0.624 completed=182 pending=0
[exp8022] phase=8033_before_context_close elapsed_s=0.945 completed=0 pending=0
[exp8022] phase=8033_after_context_close elapsed_s=1.176 completed=0 pending=0
[exp8071] phase=after_native_forward elapsed_s=8.944 completed=0 pending=0
[exp8071] phase=before_model_cleanup elapsed_s=8.947 completed=0 pending=0
[exp8071] phase=after_model_cleanup elapsed_s=9.163 completed=0 pending=0
