[exp7916] phase=start_flushed completed=0
[exp7916] phase=resolve_inputs elapsed_s=0.003 completed=0
[exp7916] phase=before_head_fit elapsed_s=0.009 completed=0
[exp7916] phase=after_head_fit elapsed_s=4.885 completed=1
[exp7303-validation] before_subprocess adversarial elapsed_s=0.000 unit=1/2
[exp7303-validation:adversarial] {
[exp7303-validation:adversarial]   "reports": [
[exp7303-validation:adversarial]     {
[exp7303-validation:adversarial]       "artifact": "/tmp/carnot7904-qualification-27d0n2cx/fixture-raw/terminal_candidate.json",
[exp7303-validation:adversarial]       "loaded": true,
[exp7303-validation:adversarial]       "exp_id": 7916,
[exp7303-validation:adversarial]       "title": "",
[exp7303-validation:adversarial]       "honest_verdict": "complete_circular_positive_training_fixture",
[exp7303-validation:adversarial]       "flag_count": 0,
[exp7303-validation:adversarial]       "max_severity": -1,
[exp7303-validation:adversarial]       "flags": [],
[exp7303-validation:adversarial]       "gate_version": "197e0a5eacacb09ce6607ae8bdfd507498082857f0d02ec2003a62c251b69a24"
[exp7303-validation:adversarial]     }
[exp7303-validation:adversarial]   ],
[exp7303-validation:adversarial]   "flagged_count": 0
[exp7303-validation:adversarial] }
[exp7303-validation] after_subprocess adversarial elapsed_s=1.037 exit=0 unit=1/2
[exp7303-validation] before_subprocess row_consistency elapsed_s=0.000 unit=2/2
[exp7303-validation:row_consistency] 
[exp7303-validation:row_consistency] verdict-row-consistency: checked 1, skipped 0 (no per-unit rows), unreadable 0.
[exp7303-validation:row_consistency]   No row/verdict contradictions among the artifacts that could be checked.
[exp7303-validation] after_subprocess row_consistency elapsed_s=0.048 exit=0 unit=2/2
[exp7303-validation] before_subprocess adversarial elapsed_s=0.000 unit=1/2
[exp7303-validation:adversarial] {
[exp7303-validation:adversarial]   "reports": [
[exp7303-validation:adversarial]     {
[exp7303-validation:adversarial]       "artifact": "/tmp/carnot7904-qualification-27d0n2cx/fixture-raw/terminal_candidate.json",
[exp7303-validation:adversarial]       "loaded": true,
[exp7303-validation:adversarial]       "exp_id": 7916,
[exp7303-validation:adversarial]       "title": "",
[exp7303-validation:adversarial]       "honest_verdict": "complete_circular_positive_training_fixture",
[exp7303-validation:adversarial]       "flag_count": 0,
[exp7303-validation:adversarial]       "max_severity": -1,
[exp7303-validation:adversarial]       "flags": [],
[exp7303-validation:adversarial]       "gate_version": "197e0a5eacacb09ce6607ae8bdfd507498082857f0d02ec2003a62c251b69a24"
[exp7303-validation:adversarial]     }
[exp7303-validation:adversarial]   ],
[exp7303-validation:adversarial]   "flagged_count": 0
[exp7303-validation:adversarial] }
[exp7303-validation] after_subprocess adversarial elapsed_s=0.877 exit=0 unit=1/2
[exp7303-validation] before_subprocess row_consistency elapsed_s=0.000 unit=2/2
[exp7303-validation:row_consistency] 
[exp7303-validation:row_consistency] verdict-row-consistency: checked 1, skipped 0 (no per-unit rows), unreadable 0.
[exp7303-validation:row_consistency]   No row/verdict contradictions among the artifacts that could be checked.
[exp7303-validation] after_subprocess row_consistency elapsed_s=0.048 exit=0 unit=2/2
[exp7916] phase=checked_terminal_published elapsed_s=8.095 completed=3
