Exp8111 start: methods and stream custody; current model calls=0
[exp8111] phase=start completed=0 pending=0
[exp8111] phase=before_methods completed=0 pending=0
[exp8111] phase=rebuild_original_public_selection completed=0 pending=640
[exp8098] public_response_scan completed=1 pending=0
[exp8098] public_response_scan completed=1025 pending=0
[exp8098] public_response_scan completed=2049 pending=0
[exp8098] public_response_scan completed=3073 pending=0
[exp8098] public_response_scan completed=4097 pending=0
[exp8098] public_response_scan completed=5121 pending=0
[exp8098] public_response_scan completed=6145 pending=0
[exp8098] public_response_scan completed=7169 pending=0
[exp8098] public_response_scan completed=8193 pending=0
[exp8098] public_response_scan completed=9217 pending=0
[exp8098] public_response_scan completed=10241 pending=0
[exp8098] public_response_scan completed=11265 pending=0
[exp8098] public_response_scan completed=12289 pending=0
[exp8098] public_response_scan completed=13313 pending=0
[exp8098] public_response_scan completed=14337 pending=0
[exp8098] public_response_scan completed=15361 pending=0
[exp8098] public_response_scan completed=16385 pending=0
[exp8098] public_response_scan completed=17409 pending=0
[exp8111] phase=public_authenticated_evaluator_open completed=640 pending=0
[exp8111] phase=original_annotation_scan completed=1 pending=0
[exp8111] phase=original_annotation_scan completed=1025 pending=0
[exp8111] phase=original_annotation_scan completed=2049 pending=0
[exp8111] phase=original_annotation_scan completed=3073 pending=0
[exp8111] phase=original_annotation_scan completed=4097 pending=0
[exp8111] phase=original_annotation_scan completed=5121 pending=0
[exp8111] phase=original_annotation_scan completed=6145 pending=0
[exp8111] phase=original_annotation_scan completed=7169 pending=0
[exp8111] phase=original_annotation_scan completed=8193 pending=0
[exp8111] phase=original_annotation_scan completed=9217 pending=0
[exp8111] phase=original_annotation_scan completed=10241 pending=0
[exp8111] phase=original_annotation_scan completed=11265 pending=0
[exp8111] phase=original_annotation_scan completed=12289 pending=0
[exp8111] phase=original_annotation_scan completed=13313 pending=0
[exp8111] phase=original_annotation_scan completed=14337 pending=0
[exp8111] phase=original_annotation_scan completed=15361 pending=0
[exp8111] phase=original_annotation_scan completed=16385 pending=0
[exp8111] phase=original_annotation_scan completed=17409 pending=0
[exp8111] phase=after_methods completed=1 pending=0
[exp8111] phase=before_stream_input completed=0 pending=0
[exp8111] phase=historical_completion_custody completed=0 pending=320
[exp8111] phase=historical_completion_custody completed=64 pending=256
[exp8111] phase=historical_completion_custody completed=128 pending=192
[exp8111] phase=historical_completion_custody completed=192 pending=128
[exp8111] phase=historical_completion_custody completed=256 pending=64
[exp8111] phase=after_stream_input completed=1 pending=0
[exp8111] phase=measurement_normal_exit completed=640 pending=0
