[exp8098] public_selection_before_labels completed=0 pending=0
[exp8098] public_response_scan completed=1 pending=0
[exp8098] public_sealed_evaluator_open completed=640 pending=0
[exp8098] evaluator_scan completed=1 pending=0
[exp8098] evaluator_completed completed=640 pending=0
[exp8111] phase=before_methods completed=0 pending=0
[exp8111] phase=rebuild_original_public_selection completed=0 pending=640
[exp8098] public_response_scan completed=1 pending=0
[exp8111] phase=public_authenticated_evaluator_open completed=640 pending=0
[exp8111] phase=original_annotation_scan completed=1 pending=0
[exp8111] phase=after_methods completed=1 pending=0
[exp8111] phase=before_stream_input completed=0 pending=0
[exp8111] phase=historical_completion_custody completed=0 pending=320
[exp8111] phase=historical_completion_custody completed=64 pending=256
[exp8111] phase=historical_completion_custody completed=128 pending=192
[exp8111] phase=historical_completion_custody completed=192 pending=128
[exp8111] phase=historical_completion_custody completed=256 pending=64
[exp8111] phase=after_stream_input completed=1 pending=0
[exp8111] phase=measurement_normal_exit completed=640 pending=0
.[exp8111] phase=before_methods completed=0 pending=0
[exp8111] phase=rebuild_original_public_selection completed=0 pending=640
[exp8098] public_response_scan completed=1 pending=0
[exp8111] phase=public_authenticated_evaluator_open completed=640 pending=0
[exp8111] phase=original_annotation_scan completed=1 pending=0
[exp8111] phase=after_methods completed=1 pending=0
[exp8111] phase=before_stream_input completed=0 pending=0
[exp8111] phase=after_stream_input completed=0 pending=0
[exp8111] phase=measurement_normal_exit completed=640 pending=0
.[exp8111] phase=before_methods completed=0 pending=0
[exp8111] phase=after_methods completed=0 pending=0
[exp8111] phase=before_stream_input completed=0 pending=0
[exp8111] phase=after_stream_input completed=0 pending=0
[exp8111] phase=measurement_normal_exit completed=640 pending=0
.[exp8111] phase=before_methods completed=0 pending=0
[exp8111] phase=after_methods completed=0 pending=0
[exp8111] phase=before_stream_input completed=0 pending=0
[exp8111] phase=after_stream_input completed=0 pending=0
[exp8111] phase=measurement_normal_exit completed=640 pending=0
.[exp8111] phase=before_methods completed=0 pending=0
[exp8111] phase=after_methods completed=0 pending=0
[exp8111] phase=before_stream_input completed=0 pending=0
[exp8111] phase=after_stream_input completed=0 pending=0
[exp8111] phase=measurement_normal_exit completed=640 pending=0
.[exp8111] phase=before_methods completed=0 pending=0
[exp8111] phase=rebuild_original_public_selection completed=0 pending=640
[exp8098] public_response_scan completed=1 pending=0
[exp8111] phase=after_methods completed=0 pending=0
[exp8111] phase=before_stream_input completed=0 pending=0
[exp8111] phase=after_stream_input completed=0 pending=0
[exp8111] phase=measurement_normal_exit completed=640 pending=0
..before private CLI subprocess
after private CLI subprocess exit=0
before private CLI subprocess
after private CLI subprocess exit=0
before private CLI subprocess
after private CLI subprocess exit=0
before private CLI subprocess
after private CLI subprocess exit=0
before private CLI subprocess
after private CLI subprocess exit=1
before private CLI subprocess
after private CLI subprocess exit=2
.[exp8111] phase=before_methods completed=0 pending=0
[exp8111] phase=after_methods completed=0 pending=0
[exp8111] phase=before_stream_input completed=0 pending=0
[exp8111] phase=after_stream_input completed=0 pending=0
[exp8111] phase=measurement_normal_exit completed=640 pending=0
.[exp8111] phase=start completed=0 pending=0
[exp8111] phase=before_measurement_subprocess completed=0 pending=0
[exp8111] phase=before_methods completed=0 pending=0
[exp8111] phase=rebuild_original_public_selection completed=0 pending=640
[exp8098] public_response_scan completed=1 pending=0
[exp8111] phase=public_authenticated_evaluator_open completed=640 pending=0
[exp8111] phase=original_annotation_scan completed=1 pending=0
[exp8111] phase=after_methods completed=1 pending=0
[exp8111] phase=before_stream_input completed=0 pending=0
[exp8111] phase=historical_completion_custody completed=0 pending=320
[exp8111] phase=historical_completion_custody completed=64 pending=256
[exp8111] phase=historical_completion_custody completed=128 pending=192
[exp8111] phase=historical_completion_custody completed=192 pending=128
[exp8111] phase=historical_completion_custody completed=256 pending=64
[exp8111] phase=after_stream_input completed=1 pending=0
[exp8111] phase=measurement_normal_exit completed=640 pending=0
[exp8111] phase=after_measurement_subprocess completed=0 pending=0
[exp8111] phase=before_subprocess_owned_unit_and_private_CLI completed=0 pending=0
[exp8111] phase=after_subprocess_owned_unit_and_private_CLI completed=1 pending=8
[exp8111] phase=before_subprocess_consumer_and_E2E015_019 completed=0 pending=0
[exp8111] phase=after_subprocess_consumer_and_E2E015_019 completed=2 pending=7
[exp8111] phase=before_subprocess_coverage_combine completed=0 pending=0
[exp8111] phase=after_subprocess_coverage_combine completed=3 pending=6
[exp8111] phase=before_subprocess_coverage_report completed=0 pending=0
[exp8111] phase=after_subprocess_coverage_report completed=4 pending=5
[exp8111] phase=before_subprocess_coverage_json completed=0 pending=0
[exp8111] phase=after_subprocess_coverage_json completed=5 pending=4
[exp8111] phase=before_subprocess_ruff_check completed=0 pending=0
[exp8111] phase=after_subprocess_ruff_check completed=6 pending=3
[exp8111] phase=before_subprocess_ruff_format completed=0 pending=0
[exp8111] phase=after_subprocess_ruff_format completed=7 pending=2
[exp8111] phase=before_subprocess_strict_mypy completed=0 pending=0
[exp8111] phase=after_subprocess_strict_mypy completed=8 pending=1
[exp8111] phase=before_subprocess_spec_coverage completed=0 pending=0
[exp8111] phase=after_subprocess_spec_coverage completed=9 pending=0
[exp8111] phase=before_repository_health_subprocess completed=0 pending=0
[exp8111] phase=after_repository_health_subprocess completed=0 pending=0
[exp8111] phase=before_subprocess_cold_replay completed=0 pending=0
[exp8111] phase=after_subprocess_cold_replay completed=1 pending=2
[exp8111] phase=before_subprocess_adversarial_verify completed=0 pending=0
[exp8111] phase=after_subprocess_adversarial_verify completed=2 pending=1
[exp8111] phase=before_subprocess_strict_row_lint completed=0 pending=0
[exp8111] phase=after_subprocess_strict_row_lint completed=3 pending=0
[exp8111] phase=publication_complete completed=1 pending=0
before private CLI subprocess
after private CLI subprocess exit=0
before private CLI subprocess
after private CLI subprocess exit=2
.[exp8111] phase=before_methods completed=0 pending=0
[exp8111] phase=rebuild_original_public_selection completed=0 pending=640
[exp8098] public_response_scan completed=1 pending=0
[exp8111] phase=public_authenticated_evaluator_open completed=640 pending=0
[exp8111] phase=original_annotation_scan completed=1 pending=0
[exp8111] phase=after_methods completed=1 pending=0
[exp8111] phase=before_stream_input completed=0 pending=0
[exp8111] phase=historical_completion_custody completed=0 pending=320
[exp8111] phase=historical_completion_custody completed=64 pending=256
[exp8111] phase=historical_completion_custody completed=128 pending=192
[exp8111] phase=historical_completion_custody completed=192 pending=128
[exp8111] phase=historical_completion_custody completed=256 pending=64
[exp8111] phase=after_stream_input completed=0 pending=0
[exp8111] phase=measurement_normal_exit completed=640 pending=0
.[exp8111] phase=before_methods completed=0 pending=0
[exp8111] phase=rebuild_original_public_selection completed=0 pending=640
[exp8098] public_response_scan completed=1 pending=0
[exp8111] phase=public_authenticated_evaluator_open completed=640 pending=0
[exp8111] phase=original_annotation_scan completed=1 pending=0
[exp8111] phase=after_methods completed=1 pending=0
[exp8111] phase=before_stream_input completed=0 pending=0
[exp8111] phase=after_stream_input completed=0 pending=0
[exp8111] phase=measurement_normal_exit completed=640 pending=0
.[exp8111] phase=before_methods completed=0 pending=0
[exp8111] phase=rebuild_original_public_selection completed=0 pending=640
[exp8098] public_response_scan completed=1 pending=0
[exp8111] phase=public_authenticated_evaluator_open completed=640 pending=0
[exp8111] phase=original_annotation_scan completed=1 pending=0
[exp8111] phase=after_methods completed=1 pending=0
[exp8111] phase=before_stream_input completed=0 pending=0
[exp8111] phase=historical_completion_custody completed=0 pending=320
[exp8111] phase=historical_completion_custody completed=64 pending=256
[exp8111] phase=historical_completion_custody completed=128 pending=192
[exp8111] phase=historical_completion_custody completed=192 pending=128
[exp8111] phase=historical_completion_custody completed=256 pending=64
[exp8111] phase=after_stream_input completed=0 pending=0
[exp8111] phase=measurement_normal_exit completed=640 pending=0
.[exp8111] phase=before_methods completed=0 pending=0
[exp8111] phase=rebuild_original_public_selection completed=0 pending=640
[exp8098] public_response_scan completed=1 pending=0
[exp8111] phase=public_authenticated_evaluator_open completed=640 pending=0
[exp8111] phase=original_annotation_scan completed=1 pending=0
[exp8111] phase=after_methods completed=1 pending=0
[exp8111] phase=before_stream_input completed=0 pending=0
[exp8111] phase=historical_completion_custody completed=0 pending=320
[exp8111] phase=historical_completion_custody completed=64 pending=256
[exp8111] phase=historical_completion_custody completed=128 pending=192
[exp8111] phase=historical_completion_custody completed=192 pending=128
[exp8111] phase=historical_completion_custody completed=256 pending=64
[exp8111] phase=after_stream_input completed=1 pending=0
[exp8111] phase=measurement_normal_exit completed=640 pending=0
[exp8111] phase=before_subprocess_owned_terminal completed=0 pending=0
[exp8111] phase=after_subprocess_owned_terminal completed=1 pending=0
[exp8111] phase=publication_complete completed=1 pending=0
.
14 passed in 28.85s
