[exp8071] phase=start elapsed_s=0.000 completed=0 pending=0
[exp8071] phase=before_model_load elapsed_s=0.043 completed=0 pending=0
[exp8071] phase=after_model_load elapsed_s=7.510 completed=0 pending=0
[exp8059] phase=token_view_seal elapsed_s=7.499 completed=1 pending=7
[exp8059] phase=token_view_seal elapsed_s=7.508 completed=2 pending=6
[exp8059] phase=token_view_seal elapsed_s=7.518 completed=3 pending=5
[exp8059] phase=token_view_seal elapsed_s=7.530 completed=4 pending=4
[exp8059] phase=token_view_seal elapsed_s=7.561 completed=5 pending=3
[exp8059] phase=token_view_seal elapsed_s=7.570 completed=6 pending=2
[exp8059] phase=token_view_seal elapsed_s=7.576 completed=7 pending=1
[exp8059] phase=token_view_seal elapsed_s=7.600 completed=8 pending=0
[exp8071] phase=before_native_forward elapsed_s=7.678 completed=0 pending=0
[exp8022] phase=8033_before_context_create elapsed_s=0.000 completed=0 pending=0
[exp8022] phase=8033_after_context_create elapsed_s=0.043 completed=0 pending=0
[exp8022] phase=8033_before_eval elapsed_s=0.054 completed=0 pending=122
[exp8022] phase=8033_after_eval elapsed_s=0.535 completed=122 pending=0
[exp8022] phase=8033_before_context_close elapsed_s=0.767 completed=0 pending=0
[exp8022] phase=8033_after_context_close elapsed_s=1.101 completed=0 pending=0
[exp8071] phase=after_native_forward elapsed_s=8.793 completed=0 pending=0
[exp8071] phase=before_model_cleanup elapsed_s=8.795 completed=0 pending=0
[exp8071] phase=after_model_cleanup elapsed_s=9.036 completed=0 pending=0
