[exp7972] phase=start elapsed_s=0.000
[exp7972] phase=authenticate elapsed_s=0.001
[exp7972] phase=fit_and_seal elapsed_s=0.001
[exp7972] fit arm=platt seed=69101 completed_steps=50 elapsed_s=0.002
[exp7972] fit arm=platt seed=69101 completed_steps=100 elapsed_s=0.003
[exp7972] fit arm=platt seed=69101 completed_steps=150 elapsed_s=0.003
[exp7972] fit arm=platt seed=69101 completed_steps=200 elapsed_s=0.004
[exp7972] fit arm=platt seed=69102 completed_steps=50 elapsed_s=0.005
[exp7972] fit arm=platt seed=69102 completed_steps=100 elapsed_s=0.006
[exp7972] fit arm=platt seed=69102 completed_steps=150 elapsed_s=0.006
[exp7972] fit arm=platt seed=69102 completed_steps=200 elapsed_s=0.007
[exp7972] fit arm=platt seed=69103 completed_steps=50 elapsed_s=0.008
[exp7972] fit arm=platt seed=69103 completed_steps=100 elapsed_s=0.009
[exp7972] fit arm=platt seed=69103 completed_steps=150 elapsed_s=0.009
[exp7972] fit arm=platt seed=69103 completed_steps=200 elapsed_s=0.010
[exp7972] fit arm=gibbs seed=69101 completed_steps=50 elapsed_s=0.012
[exp7972] fit arm=gibbs seed=69101 completed_steps=100 elapsed_s=0.014
[exp7972] fit arm=gibbs seed=69101 completed_steps=150 elapsed_s=0.016
[exp7972] fit arm=gibbs seed=69101 completed_steps=200 elapsed_s=0.018
[exp7972] fit arm=gibbs seed=69102 completed_steps=50 elapsed_s=0.020
[exp7972] fit arm=gibbs seed=69102 completed_steps=100 elapsed_s=0.022
[exp7972] fit arm=gibbs seed=69102 completed_steps=150 elapsed_s=0.024
[exp7972] fit arm=gibbs seed=69102 completed_steps=200 elapsed_s=0.026
[exp7972] fit arm=gibbs seed=69103 completed_steps=50 elapsed_s=0.028
[exp7972] fit arm=gibbs seed=69103 completed_steps=100 elapsed_s=0.030
[exp7972] fit arm=gibbs seed=69103 completed_steps=150 elapsed_s=0.032
[exp7972] fit arm=gibbs seed=69103 completed_steps=200 elapsed_s=0.034
[exp7972] fit arm=spline seed=69101 completed_steps=50 elapsed_s=0.037
[exp7972] fit arm=spline seed=69101 completed_steps=100 elapsed_s=0.040
[exp7972] fit arm=spline seed=69101 completed_steps=150 elapsed_s=0.042
[exp7972] fit arm=spline seed=69101 completed_steps=200 elapsed_s=0.044
[exp7972] fit arm=spline seed=69102 completed_steps=50 elapsed_s=0.047
[exp7972] fit arm=spline seed=69102 completed_steps=100 elapsed_s=0.049
[exp7972] fit arm=spline seed=69102 completed_steps=150 elapsed_s=0.052
[exp7972] fit arm=spline seed=69102 completed_steps=200 elapsed_s=0.054
[exp7972] fit arm=spline seed=69103 completed_steps=50 elapsed_s=0.057
[exp7972] fit arm=spline seed=69103 completed_steps=100 elapsed_s=0.059
[exp7972] fit arm=spline seed=69103 completed_steps=150 elapsed_s=0.061
[exp7972] fit arm=spline seed=69103 completed_steps=200 elapsed_s=0.063
[exp7972] uncertainty completed_units=1/6 elapsed_s=0.025
[exp7972] uncertainty completed_units=2/6 elapsed_s=0.030
[exp7972] uncertainty completed_units=3/6 elapsed_s=0.034
[exp7972] uncertainty completed_units=4/6 elapsed_s=0.040
[exp7972] uncertainty completed_units=5/6 elapsed_s=0.044
[exp7972] uncertainty completed_units=6/6 elapsed_s=0.049
[exp7972] fit arm=platt seed=69101 completed_steps=50 elapsed_s=0.002
[exp7972] fit arm=platt seed=69101 completed_steps=100 elapsed_s=0.003
[exp7972] fit arm=platt seed=69101 completed_steps=150 elapsed_s=0.003
[exp7972] fit arm=platt seed=69101 completed_steps=200 elapsed_s=0.004
[exp7972] fit arm=platt seed=69102 completed_steps=50 elapsed_s=0.005
[exp7972] fit arm=platt seed=69102 completed_steps=100 elapsed_s=0.006
[exp7972] fit arm=platt seed=69102 completed_steps=150 elapsed_s=0.006
[exp7972] fit arm=platt seed=69102 completed_steps=200 elapsed_s=0.007
[exp7972] fit arm=platt seed=69103 completed_steps=50 elapsed_s=0.008
[exp7972] fit arm=platt seed=69103 completed_steps=100 elapsed_s=0.009
[exp7972] fit arm=platt seed=69103 completed_steps=150 elapsed_s=0.009
[exp7972] fit arm=platt seed=69103 completed_steps=200 elapsed_s=0.010
[exp7972] fit arm=gibbs seed=69101 completed_steps=50 elapsed_s=0.012
[exp7972] fit arm=gibbs seed=69101 completed_steps=100 elapsed_s=0.014
[exp7972] fit arm=gibbs seed=69101 completed_steps=150 elapsed_s=0.016
[exp7972] fit arm=gibbs seed=69101 completed_steps=200 elapsed_s=0.018
[exp7972] fit arm=gibbs seed=69102 completed_steps=50 elapsed_s=0.020
[exp7972] fit arm=gibbs seed=69102 completed_steps=100 elapsed_s=0.022
[exp7972] fit arm=gibbs seed=69102 completed_steps=150 elapsed_s=0.025
[exp7972] fit arm=gibbs seed=69102 completed_steps=200 elapsed_s=0.027
[exp7972] fit arm=gibbs seed=69103 completed_steps=50 elapsed_s=0.029
[exp7972] fit arm=gibbs seed=69103 completed_steps=100 elapsed_s=0.031
[exp7972] fit arm=gibbs seed=69103 completed_steps=150 elapsed_s=0.033
[exp7972] fit arm=gibbs seed=69103 completed_steps=200 elapsed_s=0.035
[exp7972] fit arm=spline seed=69101 completed_steps=50 elapsed_s=0.038
[exp7972] fit arm=spline seed=69101 completed_steps=100 elapsed_s=0.040
[exp7972] fit arm=spline seed=69101 completed_steps=150 elapsed_s=0.042
[exp7972] fit arm=spline seed=69101 completed_steps=200 elapsed_s=0.045
[exp7972] fit arm=spline seed=69102 completed_steps=50 elapsed_s=0.047
[exp7972] fit arm=spline seed=69102 completed_steps=100 elapsed_s=0.050
[exp7972] fit arm=spline seed=69102 completed_steps=150 elapsed_s=0.052
[exp7972] fit arm=spline seed=69102 completed_steps=200 elapsed_s=0.054
[exp7972] fit arm=spline seed=69103 completed_steps=50 elapsed_s=0.057
[exp7972] fit arm=spline seed=69103 completed_steps=100 elapsed_s=0.059
[exp7972] fit arm=spline seed=69103 completed_steps=150 elapsed_s=0.062
[exp7972] fit arm=spline seed=69103 completed_steps=200 elapsed_s=0.064
[exp7972] uncertainty completed_units=1/6 elapsed_s=0.023
[exp7972] uncertainty completed_units=2/6 elapsed_s=0.028
[exp7972] uncertainty completed_units=3/6 elapsed_s=0.032
[exp7972] uncertainty completed_units=4/6 elapsed_s=0.038
[exp7972] uncertainty completed_units=5/6 elapsed_s=0.042
[exp7972] uncertainty completed_units=6/6 elapsed_s=0.047
[exp7972] phase=measured_candidate elapsed_s=0.241
[exp7972] phase=terminal_publication elapsed_s=0.303
[exp7972] uncertainty completed_units=1/6 elapsed_s=0.022
[exp7972] uncertainty completed_units=2/6 elapsed_s=0.027
[exp7972] uncertainty completed_units=3/6 elapsed_s=0.032
[exp7972] uncertainty completed_units=4/6 elapsed_s=0.037
[exp7972] uncertainty completed_units=5/6 elapsed_s=0.041
[exp7972] uncertainty completed_units=6/6 elapsed_s=0.046
[exp7972] uncertainty completed_units=1/6 elapsed_s=0.022
[exp7972] uncertainty completed_units=2/6 elapsed_s=0.027
[exp7972] uncertainty completed_units=3/6 elapsed_s=0.031
[exp7972] uncertainty completed_units=4/6 elapsed_s=0.036
[exp7972] uncertainty completed_units=5/6 elapsed_s=0.041
[exp7972] uncertainty completed_units=6/6 elapsed_s=0.046
[exp7303-validation] before_subprocess adversarial elapsed_s=0.000 unit=1/2
[exp7303-validation:adversarial] {
[exp7303-validation:adversarial]   "reports": [
[exp7303-validation:adversarial]     {
[exp7303-validation:adversarial]       "artifact": "/tmp/carnot-7972-final-preflight-ffffdbv1/fixture/raw/experiment_7972_v691_qwen_energy_calibration/terminal_candidate.json",
[exp7303-validation:adversarial]       "loaded": true,
[exp7303-validation:adversarial]       "exp_id": 7972,
[exp7303-validation:adversarial]       "title": "",
[exp7303-validation:adversarial]       "honest_verdict": "complete_circular_positive_calibration_fixture",
[exp7303-validation:adversarial]       "flag_count": 0,
[exp7303-validation:adversarial]       "max_severity": -1,
[exp7303-validation:adversarial]       "flags": [],
[exp7303-validation:adversarial]       "gate_version": "197e0a5eacacb09ce6607ae8bdfd507498082857f0d02ec2003a62c251b69a24"
[exp7303-validation:adversarial]     }
[exp7303-validation:adversarial]   ],
[exp7303-validation:adversarial]   "flagged_count": 0
[exp7303-validation:adversarial] }
[exp7303-validation] after_subprocess adversarial elapsed_s=0.620 exit=0 unit=1/2
[exp7303-validation] before_subprocess strict_rows elapsed_s=0.000 unit=2/2
[exp7303-validation:strict_rows] 
[exp7303-validation:strict_rows] verdict-row-consistency: checked 1, skipped 0 (no per-unit rows), unreadable 0.
[exp7303-validation:strict_rows]   No row/verdict contradictions among the artifacts that could be checked.
[exp7303-validation] after_subprocess strict_rows elapsed_s=0.023 exit=0 unit=2/2
[exp7972] uncertainty completed_units=1/6 elapsed_s=0.023
[exp7972] uncertainty completed_units=2/6 elapsed_s=0.028
[exp7972] uncertainty completed_units=3/6 elapsed_s=0.032
[exp7972] uncertainty completed_units=4/6 elapsed_s=0.037
[exp7972] uncertainty completed_units=5/6 elapsed_s=0.042
[exp7972] uncertainty completed_units=6/6 elapsed_s=0.047
[exp7972] uncertainty completed_units=1/6 elapsed_s=0.022
[exp7972] uncertainty completed_units=2/6 elapsed_s=0.027
[exp7972] uncertainty completed_units=3/6 elapsed_s=0.031
[exp7972] uncertainty completed_units=4/6 elapsed_s=0.037
[exp7972] uncertainty completed_units=5/6 elapsed_s=0.041
[exp7972] uncertainty completed_units=6/6 elapsed_s=0.046
[exp7303-validation] before_subprocess adversarial elapsed_s=0.000 unit=1/2
[exp7303-validation:adversarial] {
[exp7303-validation:adversarial]   "reports": [
[exp7303-validation:adversarial]     {
[exp7303-validation:adversarial]       "artifact": "/tmp/carnot-7972-final-preflight-ffffdbv1/fixture/raw/experiment_7972_v691_qwen_energy_calibration/terminal_candidate.json",
[exp7303-validation:adversarial]       "loaded": true,
[exp7303-validation:adversarial]       "exp_id": 7972,
[exp7303-validation:adversarial]       "title": "",
[exp7303-validation:adversarial]       "honest_verdict": "complete_circular_positive_calibration_fixture",
[exp7303-validation:adversarial]       "flag_count": 0,
[exp7303-validation:adversarial]       "max_severity": -1,
[exp7303-validation:adversarial]       "flags": [],
[exp7303-validation:adversarial]       "gate_version": "197e0a5eacacb09ce6607ae8bdfd507498082857f0d02ec2003a62c251b69a24"
[exp7303-validation:adversarial]     }
[exp7303-validation:adversarial]   ],
[exp7303-validation:adversarial]   "flagged_count": 0
[exp7303-validation:adversarial] }
[exp7303-validation] after_subprocess adversarial elapsed_s=0.624 exit=0 unit=1/2
[exp7303-validation] before_subprocess strict_rows elapsed_s=0.000 unit=2/2
[exp7303-validation:strict_rows] 
[exp7303-validation:strict_rows] verdict-row-consistency: checked 1, skipped 0 (no per-unit rows), unreadable 0.
[exp7303-validation:strict_rows]   No row/verdict contradictions among the artifacts that could be checked.
[exp7303-validation] after_subprocess strict_rows elapsed_s=0.032 exit=0 unit=2/2
[exp7972] phase=published elapsed_s=1.929
