[exp8356] phase=start_no_model_load completed=0 pending=1
[exp8356] phase=before_authority completed=0 pending=0
[exp8356] phase=after_authority completed=0 pending=0
[exp8356] phase=before_numeric_qualification completed=0 pending=0
[exp8356] phase=after_numeric_qualification completed=0 pending=0
[exp8356] phase=before_benchmark_active_-1 completed=0 pending=0
[exp8356] phase=benchmark_active_-1 completed=32 pending=96
[exp8356] phase=benchmark_active_-1 completed=64 pending=64
[exp8356] phase=benchmark_active_-1 completed=96 pending=32
[exp8356] phase=benchmark_active_-1 completed=128 pending=0
[exp8356] phase=after_benchmark_active_-1 completed=0 pending=0
[exp8356] phase=before_benchmark_dense_-1 completed=0 pending=0
[exp8356] phase=benchmark_dense_-1 completed=32 pending=96
[exp8356] phase=benchmark_dense_-1 completed=64 pending=64
[exp8356] phase=benchmark_dense_-1 completed=96 pending=32
[exp8356] phase=benchmark_dense_-1 completed=128 pending=0
[exp8356] phase=after_benchmark_dense_-1 completed=0 pending=0
[exp8356] phase=before_benchmark_dense_0 completed=0 pending=0
[exp8356] phase=benchmark_dense_0 completed=32 pending=96
[exp8356] phase=benchmark_dense_0 completed=64 pending=64
[exp8356] phase=benchmark_dense_0 completed=96 pending=32
[exp8356] phase=benchmark_dense_0 completed=128 pending=0
[exp8356] phase=after_benchmark_dense_0 completed=0 pending=0
[exp8356] phase=before_benchmark_active_0 completed=0 pending=0
[exp8356] phase=benchmark_active_0 completed=32 pending=96
[exp8356] phase=benchmark_active_0 completed=64 pending=64
[exp8356] phase=benchmark_active_0 completed=96 pending=32
[exp8356] phase=benchmark_active_0 completed=128 pending=0
[exp8356] phase=after_benchmark_active_0 completed=0 pending=0
[exp8356] phase=before_benchmark_active_1 completed=0 pending=0
[exp8356] phase=benchmark_active_1 completed=32 pending=96
[exp8356] phase=benchmark_active_1 completed=64 pending=64
[exp8356] phase=benchmark_active_1 completed=96 pending=32
[exp8356] phase=benchmark_active_1 completed=128 pending=0
[exp8356] phase=after_benchmark_active_1 completed=0 pending=0
[exp8356] phase=before_benchmark_dense_1 completed=0 pending=0
[exp8356] phase=benchmark_dense_1 completed=32 pending=96
[exp8356] phase=benchmark_dense_1 completed=64 pending=64
[exp8356] phase=benchmark_dense_1 completed=96 pending=32
[exp8356] phase=benchmark_dense_1 completed=128 pending=0
[exp8356] phase=after_benchmark_dense_1 completed=0 pending=0
[exp8356] phase=before_benchmark_dense_2 completed=0 pending=0
[exp8356] phase=benchmark_dense_2 completed=32 pending=96
[exp8356] phase=benchmark_dense_2 completed=64 pending=64
[exp8356] phase=benchmark_dense_2 completed=96 pending=32
[exp8356] phase=benchmark_dense_2 completed=128 pending=0
[exp8356] phase=after_benchmark_dense_2 completed=0 pending=0
[exp8356] phase=before_benchmark_active_2 completed=0 pending=0
[exp8356] phase=benchmark_active_2 completed=32 pending=96
[exp8356] phase=benchmark_active_2 completed=64 pending=64
[exp8356] phase=benchmark_active_2 completed=96 pending=32
[exp8356] phase=benchmark_active_2 completed=128 pending=0
[exp8356] phase=after_benchmark_active_2 completed=0 pending=0
[exp8356] phase=before_benchmark_active_3 completed=0 pending=0
[exp8356] phase=benchmark_active_3 completed=32 pending=96
[exp8356] phase=benchmark_active_3 completed=64 pending=64
[exp8356] phase=benchmark_active_3 completed=96 pending=32
[exp8356] phase=benchmark_active_3 completed=128 pending=0
[exp8356] phase=after_benchmark_active_3 completed=0 pending=0
[exp8356] phase=before_benchmark_dense_3 completed=0 pending=0
[exp8356] phase=benchmark_dense_3 completed=32 pending=96
[exp8356] phase=benchmark_dense_3 completed=64 pending=64
[exp8356] phase=benchmark_dense_3 completed=96 pending=32
[exp8356] phase=benchmark_dense_3 completed=128 pending=0
[exp8356] phase=after_benchmark_dense_3 completed=0 pending=0
[exp8356] phase=before_benchmark_dense_4 completed=0 pending=0
[exp8356] phase=benchmark_dense_4 completed=32 pending=96
[exp8356] phase=benchmark_dense_4 completed=64 pending=64
[exp8356] phase=benchmark_dense_4 completed=96 pending=32
[exp8356] phase=benchmark_dense_4 completed=128 pending=0
[exp8356] phase=after_benchmark_dense_4 completed=0 pending=0
[exp8356] phase=before_benchmark_active_4 completed=0 pending=0
[exp8356] phase=benchmark_active_4 completed=32 pending=96
[exp8356] phase=benchmark_active_4 completed=64 pending=64
[exp8356] phase=benchmark_active_4 completed=96 pending=32
[exp8356] phase=benchmark_active_4 completed=128 pending=0
[exp8356] phase=after_benchmark_active_4 completed=0 pending=0
[exp8356] phase=before_authenticate_constructed completed=0 pending=0
[exp8356] phase=after_authenticate_constructed completed=0 pending=0
[exp8356] phase=before_authenticate_natural completed=0 pending=0
[exp8356] phase=after_authenticate_natural completed=0 pending=0
[exp8356] phase=before_authenticate_capacity completed=0 pending=0
[exp8356] phase=after_authenticate_capacity completed=0 pending=0
[exp8356] phase=before_authenticate_tables completed=0 pending=0
[exp8356] phase=before_benchmark_table completed=0 pending=72
[exp8356] phase=after_benchmark_table completed=1 pending=71
[exp8356] phase=before_benchmark_table completed=1 pending=71
[exp8356] phase=after_benchmark_table completed=2 pending=70
[exp8356] phase=before_benchmark_table completed=2 pending=70
[exp8356] phase=after_benchmark_table completed=3 pending=69
[exp8356] phase=before_benchmark_table completed=3 pending=69
[exp8356] phase=after_benchmark_table completed=4 pending=68
[exp8356] phase=before_benchmark_table completed=4 pending=68
[exp8356] phase=after_benchmark_table completed=5 pending=67
[exp8356] phase=before_benchmark_table completed=5 pending=67
[exp8356] phase=after_benchmark_table completed=6 pending=66
[exp8356] phase=before_benchmark_table completed=6 pending=66
[exp8356] phase=after_benchmark_table completed=7 pending=65
[exp8356] phase=before_benchmark_table completed=7 pending=65
[exp8356] phase=after_benchmark_table completed=8 pending=64
[exp8356] phase=before_benchmark_table completed=8 pending=64
[exp8356] phase=after_benchmark_table completed=9 pending=63
[exp8356] phase=before_benchmark_table completed=9 pending=63
[exp8356] phase=after_benchmark_table completed=10 pending=62
[exp8356] phase=before_benchmark_table completed=10 pending=62
[exp8356] phase=after_benchmark_table completed=11 pending=61
[exp8356] phase=before_benchmark_table completed=11 pending=61
[exp8356] phase=after_benchmark_table completed=12 pending=60
[exp8356] phase=before_benchmark_table completed=12 pending=60
[exp8356] phase=after_benchmark_table completed=13 pending=59
[exp8356] phase=before_benchmark_table completed=13 pending=59
[exp8356] phase=after_benchmark_table completed=14 pending=58
[exp8356] phase=before_benchmark_table completed=14 pending=58
[exp8356] phase=after_benchmark_table completed=15 pending=57
[exp8356] phase=before_benchmark_table completed=15 pending=57
[exp8356] phase=after_benchmark_table completed=16 pending=56
[exp8356] phase=before_benchmark_table completed=16 pending=56
[exp8356] phase=after_benchmark_table completed=17 pending=55
[exp8356] phase=before_benchmark_table completed=17 pending=55
[exp8356] phase=after_benchmark_table completed=18 pending=54
[exp8356] phase=before_benchmark_table completed=18 pending=54
[exp8356] phase=after_benchmark_table completed=19 pending=53
[exp8356] phase=before_benchmark_table completed=19 pending=53
[exp8356] phase=after_benchmark_table completed=20 pending=52
[exp8356] phase=before_benchmark_table completed=20 pending=52
[exp8356] phase=after_benchmark_table completed=21 pending=51
[exp8356] phase=before_benchmark_table completed=21 pending=51
[exp8356] phase=after_benchmark_table completed=22 pending=50
[exp8356] phase=before_benchmark_table completed=22 pending=50
[exp8356] phase=after_benchmark_table completed=23 pending=49
[exp8356] phase=before_benchmark_table completed=23 pending=49
[exp8356] phase=after_benchmark_table completed=24 pending=48
[exp8356] phase=before_benchmark_table completed=24 pending=48
[exp8356] phase=after_benchmark_table completed=25 pending=47
[exp8356] phase=before_benchmark_table completed=25 pending=47
[exp8356] phase=after_benchmark_table completed=26 pending=46
[exp8356] phase=before_benchmark_table completed=26 pending=46
[exp8356] phase=after_benchmark_table completed=27 pending=45
[exp8356] phase=before_benchmark_table completed=27 pending=45
[exp8356] phase=after_benchmark_table completed=28 pending=44
[exp8356] phase=before_benchmark_table completed=28 pending=44
[exp8356] phase=after_benchmark_table completed=29 pending=43
[exp8356] phase=before_benchmark_table completed=29 pending=43
[exp8356] phase=after_benchmark_table completed=30 pending=42
[exp8356] phase=before_benchmark_table completed=30 pending=42
[exp8356] phase=after_benchmark_table completed=31 pending=41
[exp8356] phase=before_benchmark_table completed=31 pending=41
[exp8356] phase=after_benchmark_table completed=32 pending=40
[exp8356] phase=before_benchmark_table completed=32 pending=40
[exp8356] phase=after_benchmark_table completed=33 pending=39
[exp8356] phase=before_benchmark_table completed=33 pending=39
[exp8356] phase=after_benchmark_table completed=34 pending=38
[exp8356] phase=before_benchmark_table completed=34 pending=38
[exp8356] phase=after_benchmark_table completed=35 pending=37
[exp8356] phase=before_benchmark_table completed=35 pending=37
[exp8356] phase=after_benchmark_table completed=36 pending=36
[exp8356] phase=before_benchmark_table completed=36 pending=36
[exp8356] phase=after_benchmark_table completed=37 pending=35
[exp8356] phase=before_benchmark_table completed=37 pending=35
[exp8356] phase=after_benchmark_table completed=38 pending=34
[exp8356] phase=before_benchmark_table completed=38 pending=34
[exp8356] phase=after_benchmark_table completed=39 pending=33
[exp8356] phase=before_benchmark_table completed=39 pending=33
[exp8356] phase=after_benchmark_table completed=40 pending=32
[exp8356] phase=before_benchmark_table completed=40 pending=32
[exp8356] phase=after_benchmark_table completed=41 pending=31
[exp8356] phase=before_benchmark_table completed=41 pending=31
[exp8356] phase=after_benchmark_table completed=42 pending=30
[exp8356] phase=before_benchmark_table completed=42 pending=30
[exp8356] phase=after_benchmark_table completed=43 pending=29
[exp8356] phase=before_benchmark_table completed=43 pending=29
[exp8356] phase=after_benchmark_table completed=44 pending=28
[exp8356] phase=before_benchmark_table completed=44 pending=28
[exp8356] phase=after_benchmark_table completed=45 pending=27
[exp8356] phase=before_benchmark_table completed=45 pending=27
[exp8356] phase=after_benchmark_table completed=46 pending=26
[exp8356] phase=before_benchmark_table completed=46 pending=26
[exp8356] phase=after_benchmark_table completed=47 pending=25
[exp8356] phase=before_benchmark_table completed=47 pending=25
[exp8356] phase=after_benchmark_table completed=48 pending=24
[exp8356] phase=before_benchmark_table completed=48 pending=24
[exp8356] phase=after_benchmark_table completed=49 pending=23
[exp8356] phase=before_benchmark_table completed=49 pending=23
[exp8356] phase=after_benchmark_table completed=50 pending=22
[exp8356] phase=before_benchmark_table completed=50 pending=22
[exp8356] phase=after_benchmark_table completed=51 pending=21
[exp8356] phase=before_benchmark_table completed=51 pending=21
[exp8356] phase=after_benchmark_table completed=52 pending=20
[exp8356] phase=before_benchmark_table completed=52 pending=20
[exp8356] phase=after_benchmark_table completed=53 pending=19
[exp8356] phase=before_benchmark_table completed=53 pending=19
[exp8356] phase=after_benchmark_table completed=54 pending=18
[exp8356] phase=before_benchmark_table completed=54 pending=18
[exp8356] phase=after_benchmark_table completed=55 pending=17
[exp8356] phase=before_benchmark_table completed=55 pending=17
[exp8356] phase=after_benchmark_table completed=56 pending=16
[exp8356] phase=before_benchmark_table completed=56 pending=16
[exp8356] phase=after_benchmark_table completed=57 pending=15
[exp8356] phase=before_benchmark_table completed=57 pending=15
[exp8356] phase=after_benchmark_table completed=58 pending=14
[exp8356] phase=before_benchmark_table completed=58 pending=14
[exp8356] phase=after_benchmark_table completed=59 pending=13
[exp8356] phase=before_benchmark_table completed=59 pending=13
[exp8356] phase=after_benchmark_table completed=60 pending=12
[exp8356] phase=before_benchmark_table completed=60 pending=12
[exp8356] phase=after_benchmark_table completed=61 pending=11
[exp8356] phase=before_benchmark_table completed=61 pending=11
[exp8356] phase=after_benchmark_table completed=62 pending=10
[exp8356] phase=before_benchmark_table completed=62 pending=10
[exp8356] phase=after_benchmark_table completed=63 pending=9
[exp8356] phase=before_benchmark_table completed=63 pending=9
[exp8356] phase=after_benchmark_table completed=64 pending=8
[exp8356] phase=before_benchmark_table completed=64 pending=8
[exp8356] phase=after_benchmark_table completed=65 pending=7
[exp8356] phase=before_benchmark_table completed=65 pending=7
[exp8356] phase=after_benchmark_table completed=66 pending=6
[exp8356] phase=before_benchmark_table completed=66 pending=6
[exp8356] phase=after_benchmark_table completed=67 pending=5
[exp8356] phase=before_benchmark_table completed=67 pending=5
[exp8356] phase=after_benchmark_table completed=68 pending=4
[exp8356] phase=before_benchmark_table completed=68 pending=4
[exp8356] phase=after_benchmark_table completed=69 pending=3
[exp8356] phase=before_benchmark_table completed=69 pending=3
[exp8356] phase=after_benchmark_table completed=70 pending=2
[exp8356] phase=before_benchmark_table completed=70 pending=2
[exp8356] phase=after_benchmark_table completed=71 pending=1
[exp8356] phase=before_benchmark_table completed=71 pending=1
[exp8356] phase=after_benchmark_table completed=72 pending=0
[exp8356] phase=after_authenticate_tables completed=60 pending=0
[exp8356] phase=before_hardware_authentication completed=0 pending=0
[exp8356] phase=after_hardware_authentication completed=0 pending=0
