[exp7939] start current capstone CLI
[exp7303-validation] before_subprocess adversarial_verify elapsed_s=0.000 unit=1/1
[exp7303-validation:adversarial_verify] {
[exp7303-validation:adversarial_verify]   "reports": [
[exp7303-validation:adversarial_verify]     {
[exp7303-validation:adversarial_verify]       "artifact": "/tmp/carnot-7939-terminal-r4ivxgj_/candidate.json",
[exp7303-validation:adversarial_verify]       "loaded": true,
[exp7303-validation:adversarial_verify]       "exp_id": 7939,
[exp7303-validation:adversarial_verify]       "title": "",
[exp7303-validation:adversarial_verify]       "honest_verdict": "complete_null_independent_benefit_unshown",
[exp7303-validation:adversarial_verify]       "flag_count": 0,
[exp7303-validation:adversarial_verify]       "max_severity": -1,
[exp7303-validation:adversarial_verify]       "flags": [],
[exp7303-validation:adversarial_verify]       "gate_version": "197e0a5eacacb09ce6607ae8bdfd507498082857f0d02ec2003a62c251b69a24"
[exp7303-validation:adversarial_verify]     }
[exp7303-validation:adversarial_verify]   ],
[exp7303-validation:adversarial_verify]   "flagged_count": 0
[exp7303-validation:adversarial_verify] }
[exp7303-validation] after_subprocess adversarial_verify elapsed_s=0.555 exit=0 unit=1/1
[exp7303-validation] before_subprocess strict_rows elapsed_s=0.000 unit=1/1
[exp7303-validation:strict_rows] 
[exp7303-validation:strict_rows] verdict-row-consistency: checked 1, skipped 0 (no per-unit rows), unreadable 0.
[exp7303-validation:strict_rows]   No row/verdict contradictions among the artifacts that could be checked.
[exp7303-validation] after_subprocess strict_rows elapsed_s=0.028 exit=0 unit=1/1
