[exp8071] phase=start elapsed_s=0.000 completed=0 pending=0
[exp8071] phase=before_model_load elapsed_s=0.042 completed=0 pending=0
[exp8071] phase=after_model_load elapsed_s=7.356 completed=0 pending=0
[exp8059] phase=token_view_seal elapsed_s=7.347 completed=1 pending=7
[exp8059] phase=token_view_seal elapsed_s=7.356 completed=2 pending=6
[exp8059] phase=token_view_seal elapsed_s=7.366 completed=3 pending=5
[exp8059] phase=token_view_seal elapsed_s=7.376 completed=4 pending=4
[exp8059] phase=token_view_seal elapsed_s=7.406 completed=5 pending=3
[exp8059] phase=token_view_seal elapsed_s=7.415 completed=6 pending=2
[exp8059] phase=token_view_seal elapsed_s=7.420 completed=7 pending=1
[exp8059] phase=token_view_seal elapsed_s=7.444 completed=8 pending=0
[exp8071] phase=before_native_forward elapsed_s=7.518 completed=0 pending=0
[exp8022] phase=8033_before_context_create elapsed_s=0.000 completed=0 pending=0
[exp8022] phase=8033_after_context_create elapsed_s=0.030 completed=0 pending=0
[exp8022] phase=8033_before_eval elapsed_s=0.041 completed=0 pending=1568
[exp8022] phase=8033_after_eval elapsed_s=2.318 completed=1568 pending=0
[exp8022] phase=8033_before_context_close elapsed_s=2.718 completed=0 pending=0
[exp8022] phase=8033_after_context_close elapsed_s=3.107 completed=0 pending=0
[exp8071] phase=after_native_forward elapsed_s=10.637 completed=0 pending=0
[exp8071] phase=before_model_cleanup elapsed_s=10.639 completed=0 pending=0
[exp8071] phase=after_model_cleanup elapsed_s=10.810 completed=0 pending=0
