[exp8239] phase=before_preconditions completed=0 pending=0
[exp8205] phase=before_subprocess_python_environment completed=0 pending=1
[exp8205] phase=after_subprocess_python_environment completed=1 pending=0
[exp8239] phase=after_preconditions completed=3 pending=0
[exp8239] phase=before_preconditions completed=0 pending=0
[exp8205] phase=before_subprocess_python_environment completed=0 pending=1
[exp8205] phase=after_subprocess_python_environment completed=1 pending=0
[exp8239] phase=after_preconditions completed=3 pending=0
[exp8239] phase=before_preconditions completed=0 pending=0
[exp8205] phase=before_subprocess_python_environment completed=0 pending=1
[exp8205] phase=after_subprocess_python_environment completed=1 pending=0
[exp8239] phase=before_benchmark_authenticate_seal completed=0 pending=128
[exp8209] phase=score completed=16 pending=112
[exp8209] phase=score completed=32 pending=96
[exp8209] phase=score completed=48 pending=80
[exp8209] phase=score completed=64 pending=64
[exp8209] phase=score completed=80 pending=48
[exp8209] phase=score completed=96 pending=32
[exp8209] phase=score completed=112 pending=16
[exp8209] phase=score completed=128 pending=0
[exp8238] phase=score completed=16 pending=112
[exp8238] phase=score completed=32 pending=96
[exp8238] phase=score completed=48 pending=80
[exp8238] phase=score completed=64 pending=64
[exp8238] phase=score completed=80 pending=48
[exp8238] phase=score completed=96 pending=32
[exp8238] phase=score completed=112 pending=16
[exp8238] phase=score completed=128 pending=0
[exp8239] phase=after_benchmark_authenticate_seal completed=128 pending=0
[exp8239] phase=predictions_authenticated_before_label_access completed=1152 pending=0
[exp8239] phase=after_preconditions completed=450 pending=0
[exp8239] phase=before_benchmark_independent_costs completed=0 pending=128
.[exp8239] phase=before_preconditions completed=0 pending=0
[exp8205] phase=before_subprocess_python_environment completed=0 pending=1
[exp8205] phase=after_subprocess_python_environment completed=1 pending=0
[exp8239] phase=before_benchmark_authenticate_seal completed=0 pending=128
[exp8209] phase=score completed=16 pending=112
[exp8209] phase=score completed=32 pending=96
[exp8209] phase=score completed=48 pending=80
[exp8209] phase=score completed=64 pending=64
[exp8209] phase=score completed=80 pending=48
[exp8209] phase=score completed=96 pending=32
[exp8209] phase=score completed=112 pending=16
[exp8209] phase=score completed=128 pending=0
[exp8238] phase=score completed=16 pending=112
[exp8238] phase=score completed=32 pending=96
[exp8238] phase=score completed=48 pending=80
[exp8238] phase=score completed=64 pending=64
[exp8238] phase=score completed=80 pending=48
[exp8238] phase=score completed=96 pending=32
[exp8238] phase=score completed=112 pending=16
[exp8238] phase=score completed=128 pending=0
[exp8239] phase=after_benchmark_authenticate_seal completed=128 pending=0
[exp8239] phase=predictions_authenticated_before_label_access completed=1152 pending=0
[exp8239] phase=after_preconditions completed=450 pending=0
[exp8239] phase=before_benchmark_independent_costs completed=0 pending=128
[exp8209] phase=score completed=16 pending=112
[exp8209] phase=score completed=32 pending=96
[exp8209] phase=score completed=48 pending=80
[exp8209] phase=score completed=64 pending=64
[exp8209] phase=score completed=80 pending=48
[exp8209] phase=score completed=96 pending=32
[exp8209] phase=score completed=112 pending=16
[exp8209] phase=score completed=128 pending=0
[exp8238] phase=score completed=16 pending=112
[exp8238] phase=score completed=32 pending=96
[exp8238] phase=score completed=48 pending=80
[exp8238] phase=score completed=64 pending=64
[exp8238] phase=score completed=80 pending=48
[exp8238] phase=score completed=96 pending=32
[exp8238] phase=score completed=112 pending=16
[exp8238] phase=score completed=128 pending=0
[exp8185] phase=before_benchmark_source_bootstrap completed=0 pending=10000
[exp8185] phase=after_benchmark_source_bootstrap completed=10000 pending=0
[exp8185] phase=before_benchmark_source_bootstrap completed=0 pending=10000
[exp8185] phase=after_benchmark_source_bootstrap completed=10000 pending=0
[exp8185] phase=before_benchmark_source_bootstrap completed=0 pending=10000
[exp8185] phase=after_benchmark_source_bootstrap completed=10000 pending=0
[exp8185] phase=before_benchmark_source_bootstrap completed=0 pending=10000
[exp8185] phase=after_benchmark_source_bootstrap completed=10000 pending=0
[exp8239] phase=after_benchmark_independent_costs completed=128 pending=0
[exp8205] phase=before_subprocess_true completed=0 pending=1
[exp8205] phase=after_subprocess_true completed=1 pending=0
[exp8209] phase=score completed=16 pending=112
[exp8209] phase=score completed=32 pending=96
[exp8209] phase=score completed=48 pending=80
[exp8209] phase=score completed=64 pending=64
[exp8209] phase=score completed=80 pending=48
[exp8209] phase=score completed=96 pending=32
[exp8209] phase=score completed=112 pending=16
[exp8209] phase=score completed=128 pending=0
[exp8238] phase=score completed=16 pending=112
[exp8238] phase=score completed=32 pending=96
[exp8238] phase=score completed=48 pending=80
[exp8238] phase=score completed=64 pending=64
[exp8238] phase=score completed=80 pending=48
[exp8238] phase=score completed=96 pending=32
[exp8238] phase=score completed=112 pending=16
[exp8238] phase=score completed=128 pending=0
[exp8185] phase=before_benchmark_source_bootstrap completed=0 pending=10000
[exp8185] phase=after_benchmark_source_bootstrap completed=10000 pending=0
[exp8185] phase=before_benchmark_source_bootstrap completed=0 pending=10000
[exp8185] phase=after_benchmark_source_bootstrap completed=10000 pending=0
[exp8185] phase=before_benchmark_source_bootstrap completed=0 pending=10000
[exp8185] phase=after_benchmark_source_bootstrap completed=10000 pending=0
[exp8185] phase=before_benchmark_source_bootstrap completed=0 pending=10000
[exp8185] phase=after_benchmark_source_bootstrap completed=10000 pending=0
[exp8209] phase=score completed=16 pending=112
[exp8209] phase=score completed=32 pending=96
[exp8209] phase=score completed=48 pending=80
[exp8209] phase=score completed=64 pending=64
[exp8209] phase=score completed=80 pending=48
[exp8209] phase=score completed=96 pending=32
[exp8209] phase=score completed=112 pending=16
[exp8209] phase=score completed=128 pending=0
[exp8238] phase=score completed=16 pending=112
[exp8238] phase=score completed=32 pending=96
[exp8238] phase=score completed=48 pending=80
[exp8238] phase=score completed=64 pending=64
[exp8238] phase=score completed=80 pending=48
[exp8238] phase=score completed=96 pending=32
[exp8238] phase=score completed=112 pending=16
[exp8238] phase=score completed=128 pending=0
[exp8185] phase=before_benchmark_source_bootstrap completed=0 pending=10000
[exp8185] phase=after_benchmark_source_bootstrap completed=10000 pending=0
[exp8185] phase=before_benchmark_source_bootstrap completed=0 pending=10000
[exp8185] phase=after_benchmark_source_bootstrap completed=10000 pending=0
[exp8185] phase=before_benchmark_source_bootstrap completed=0 pending=10000
[exp8185] phase=after_benchmark_source_bootstrap completed=10000 pending=0
[exp8185] phase=before_benchmark_source_bootstrap completed=0 pending=10000
[exp8185] phase=after_benchmark_source_bootstrap completed=10000 pending=0
[exp8209] phase=score completed=16 pending=112
[exp8209] phase=score completed=32 pending=96
[exp8209] phase=score completed=48 pending=80
[exp8209] phase=score completed=64 pending=64
[exp8209] phase=score completed=80 pending=48
[exp8209] phase=score completed=96 pending=32
[exp8209] phase=score completed=112 pending=16
[exp8209] phase=score completed=128 pending=0
[exp8238] phase=score completed=16 pending=112
[exp8238] phase=score completed=32 pending=96
[exp8238] phase=score completed=48 pending=80
[exp8238] phase=score completed=64 pending=64
[exp8238] phase=score completed=80 pending=48
[exp8238] phase=score completed=96 pending=32
[exp8238] phase=score completed=112 pending=16
[exp8238] phase=score completed=128 pending=0
[exp8185] phase=before_benchmark_source_bootstrap completed=0 pending=10000
[exp8185] phase=after_benchmark_source_bootstrap completed=10000 pending=0
[exp8185] phase=before_benchmark_source_bootstrap completed=0 pending=10000
[exp8185] phase=after_benchmark_source_bootstrap completed=10000 pending=0
[exp8185] phase=before_benchmark_source_bootstrap completed=0 pending=10000
[exp8185] phase=after_benchmark_source_bootstrap completed=10000 pending=0
[exp8185] phase=before_benchmark_source_bootstrap completed=0 pending=10000
[exp8185] phase=after_benchmark_source_bootstrap completed=10000 pending=0
.[exp8239] phase=before_preconditions completed=0 pending=0
[exp8205] phase=before_subprocess_python_environment completed=0 pending=1
[exp8205] phase=after_subprocess_python_environment completed=1 pending=0
[exp8239] phase=before_benchmark_authenticate_seal completed=0 pending=128
[exp8209] phase=score completed=16 pending=112
[exp8209] phase=score completed=32 pending=96
[exp8209] phase=score completed=48 pending=80
[exp8209] phase=score completed=64 pending=64
[exp8209] phase=score completed=80 pending=48
[exp8209] phase=score completed=96 pending=32
[exp8209] phase=score completed=112 pending=16
[exp8209] phase=score completed=128 pending=0
[exp8238] phase=score completed=16 pending=112
[exp8238] phase=score completed=32 pending=96
[exp8238] phase=score completed=48 pending=80
[exp8238] phase=score completed=64 pending=64
[exp8238] phase=score completed=80 pending=48
[exp8238] phase=score completed=96 pending=32
[exp8238] phase=score completed=112 pending=16
[exp8238] phase=score completed=128 pending=0
[exp8239] phase=after_benchmark_authenticate_seal completed=128 pending=0
[exp8239] phase=predictions_authenticated_before_label_access completed=1152 pending=0
[exp8239] phase=after_preconditions completed=450 pending=0
[exp8239] phase=before_benchmark_independent_costs completed=0 pending=128
[exp8209] phase=score completed=16 pending=112
[exp8209] phase=score completed=32 pending=96
[exp8209] phase=score completed=48 pending=80
[exp8209] phase=score completed=64 pending=64
[exp8209] phase=score completed=80 pending=48
[exp8209] phase=score completed=96 pending=32
[exp8209] phase=score completed=112 pending=16
[exp8209] phase=score completed=128 pending=0
[exp8238] phase=score completed=16 pending=112
[exp8238] phase=score completed=32 pending=96
[exp8238] phase=score completed=48 pending=80
[exp8238] phase=score completed=64 pending=64
[exp8238] phase=score completed=80 pending=48
[exp8238] phase=score completed=96 pending=32
[exp8238] phase=score completed=112 pending=16
[exp8238] phase=score completed=128 pending=0
[exp8185] phase=before_benchmark_source_bootstrap completed=0 pending=10000
[exp8185] phase=after_benchmark_source_bootstrap completed=10000 pending=0
[exp8185] phase=before_benchmark_source_bootstrap completed=0 pending=10000
[exp8185] phase=after_benchmark_source_bootstrap completed=10000 pending=0
[exp8185] phase=before_benchmark_source_bootstrap completed=0 pending=10000
[exp8185] phase=after_benchmark_source_bootstrap completed=10000 pending=0
[exp8185] phase=before_benchmark_source_bootstrap completed=0 pending=10000
[exp8185] phase=after_benchmark_source_bootstrap completed=10000 pending=0
[exp8239] phase=after_benchmark_independent_costs completed=128 pending=0
[exp8209] phase=score completed=16 pending=112
[exp8209] phase=score completed=32 pending=96
[exp8209] phase=score completed=48 pending=80
[exp8209] phase=score completed=64 pending=64
[exp8209] phase=score completed=80 pending=48
[exp8209] phase=score completed=96 pending=32
[exp8209] phase=score completed=112 pending=16
[exp8209] phase=score completed=128 pending=0
[exp8238] phase=score completed=16 pending=112
[exp8238] phase=score completed=32 pending=96
[exp8238] phase=score completed=48 pending=80
[exp8238] phase=score completed=64 pending=64
[exp8238] phase=score completed=80 pending=48
[exp8238] phase=score completed=96 pending=32
[exp8238] phase=score completed=112 pending=16
[exp8238] phase=score completed=128 pending=0
[exp8205] phase=before_subprocess_cold_replay completed=0 pending=1
[exp8205] phase=after_subprocess_cold_replay completed=1 pending=0
.
=============================== warnings summary ===============================
python/carnot/extraction/coace_extractor.py:122
  /home/ianblenke/github.com/ianblenke/carnot/python/carnot/extraction/coace_extractor.py:122: DeprecationWarning: ast.Num is deprecated and will be removed in Python 3.14; use ast.Constant instead
    if hasattr(ast, "Num"):

-- Docs: https://docs.pytest.org/en/stable/how-to/capture-warnings.html
3 passed, 3 deselected, 1 warning in 44.81s
