============================= test session starts ==============================
platform linux -- Python 3.12.13, pytest-9.0.3, pluggy-1.6.0
rootdir: /home/ianblenke/github.com/ianblenke/carnot
configfile: pyproject.toml
plugins: xdist-3.8.0, jaxtyping-0.3.10, cov-7.1.0, hydra-core-1.3.3, anyio-4.13.0, hypothesis-6.155.2
created: 4/4 workers
4 workers [76067 items]

........................................................................ [  0%]
........................................................................ [  0%]
........................................................................ [  0%]
........................................................................ [  0%]
........................................................................ [  0%]
........................................................................ [  0%]
........................................................................ [  0%]
........................................................................ [  0%]
........................................................................ [  0%]
........................................................................ [  0%]
........................................................................ [  1%]
........................................................................ [  1%]
........................................................................ [  1%]
........................................................................ [  1%]
........................................................................ [  1%]
........................................................................ [  1%]
........................................................................ [  1%]
........................................................................ [  1%]
......F......F.F........................................................ [  1%]
..F..................................................................... [  1%]
........................................................................ [  1%]
........................................................................ [  2%]
........................................................................ [  2%]
........................................................................ [  2%]
........................................................................ [  2%]
........................................................................ [  2%]
........................................................................ [  2%]
........................................................................ [  2%]
........................................................................ [  2%]
........................................................................ [  2%]
........................................................................ [  2%]
........................................................................ [  3%]
........................................................................ [  3%]
........................................................................ [  3%]
....................................s................................... [  3%]
........................................................................ [  3%]
........................................................................ [  3%]
........................................................................ [  3%]
........................................................................ [  3%]
........................................................................ [  3%]
........................................................................ [  3%]
...........F............................................................ [  3%]
........................................................................ [  4%]
........................................................................ [  4%]
........................................................................ [  4%]
........................................................................ [  4%]
........................................................................ [  4%]
.........................................................F.............. [  4%]
........F..F.F.......................................................... [  4%]
........................................................................ [  4%]
...F.....F.............................................................. [  4%]
........................................................................ [  4%]
........................................................................ [  5%]
........................................................................ [  5%]
........................................................................ [  5%]
........................................................................ [  5%]
........................................................................ [  5%]
...............F...........F..FF........................................ [  5%]
........................................................................ [  5%]
........................................................................ [  5%]
........................................................................ [  5%]
.......................................................F...F............ [  5%]
........................................................................ [  5%]
........................................................................ [  6%]
........................................................................ [  6%]
........................................................................ [  6%]
........................................................................ [  6%]
........................................................................ [  6%]
.................................................FFFFFFFFFFFFFFFFFFFFFFF [  6%]
FFFFFFFFF..........F.......F.............FF............................. [  6%]
........................................................................ [  6%]
..........................................................F.......F..... [  6%]
...........................................F....F.F..........F.......... [  6%]
............................................................Fssssss..... [  7%]
...s...................................................FFFFFFF.......... [  7%]
........................................................................ [  7%]
...................................................................sssss [  7%]
sssssssssss........................F.................................... [  7%]
.......................................................................F [  7%]
F....................................................................... [  7%]
...F................................F................................... [  7%]
......................................FF................................ [  7%]
........................................................................ [  7%]
........................................................................ [  7%]
........................................................................ [  8%]
........................................................................ [  8%]
........................................................................ [  8%]
........................................................................ [  8%]
........................................................................ [  8%]
........................................................................ [  8%]
........................................................................ [  8%]
.....E.................................................................. [  8%]
........................................................................ [  8%]
........................................................................ [  8%]
........................................................................ [  8%]
........................................................................ [  9%]
........................................................................ [  9%]
........F............................................................... [  9%]
..............................................s......................... [  9%]
.........................................sssss.....ssssss............... [  9%]
........................................................................ [  9%]
........................................................................ [  9%]
........................................................................ [  9%]
........................................................................ [  9%]
........................................................................ [  9%]
........................................................................ [ 10%]
........................................................................ [ 10%]
........................................................................ [ 10%]
........................................................................ [ 10%]
........................................................................ [ 10%]
.................s...................................................... [ 10%]
.............................................................F.......... [ 10%]
........................................................................ [ 10%]
........................................................................ [ 10%]
..............................................................ssssssssss [ 10%]
ssss.....................FF............................................. [ 10%]
FFFFFFFF.....s....................................F..................... [ 11%]
.....................F.........F...F.................................... [ 11%]
.....................F.FF..F.F.......................................... [ 11%]
....FssF....FFFFFFFFFFFFF..........................................FF.F. [ 11%]
.F..FF........................................................FFF....... [ 11%]
....................................................FF.................. [ 11%]
........................................................................ [ 11%]
........................................................................ [ 11%]
..........................................F............................. [ 11%]
............................FF.F........................................ [ 11%]
................................................sss..................... [ 12%]
.......................................................sssssssssssssss.. [ 12%]
........................................................................ [ 12%]
........................................................................ [ 12%]
........................................................................ [ 12%]
....................................................s................... [ 12%]
........................................................................ [ 12%]
........................................................................ [ 12%]
........................................................................ [ 12%]
................................F....................................... [ 12%]
.......................................................F................ [ 12%]
........................................................................ [ 13%]
........................................................................ [ 13%]
........................................................................ [ 13%]
........................................................................ [ 13%]
........................................................................ [ 13%]
........................................................................ [ 13%]
........................................................................ [ 13%]
........................................................................ [ 13%]
........................................................................ [ 13%]
........................................................................ [ 13%]
........................................................................ [ 14%]
................s...............F............................FFFF....... [ 14%]
........................FFF.........................................F... [ 14%]
.FF....................................................sssssssssssF..FF. [ 14%]
.......FF.................................F............................. [ 14%]
........................................................................ [ 14%]
......................................FF............F................... [ 14%]
........................................................................ [ 14%]
........................................................................ [ 14%]
.F...................................................................... [ 14%]
...................F.................................................... [ 14%]
........................................................................ [ 15%]
....................................................................F... [ 15%]
........................................................................ [ 15%]
........................F............................................... [ 15%]
........................................................................ [ 15%]
.......F................................................................ [ 15%]
........................................................................ [ 15%]
........................................................................ [ 15%]
................F..........FF.FFFFFFFFFFFFFFFF.......................... [ 15%]
........................................................................ [ 15%]
.............................FFFFFFFFFFFFFFFFFFFF....................... [ 15%]
...........F............................................................ [ 16%]
........................................................................ [ 16%]
......................................................................s. [ 16%]
........................................................................ [ 16%]
........................................................................ [ 16%]
........................................................................ [ 16%]
........................................................................ [ 16%]
....................................................................../home/ianblenke/github.com/ianblenke/carnot/.venv/lib/python3.12/site-packages/_pytest/main.py:353: PluggyTeardownRaisedWarning: A plugin raised an exception during an old-style hookwrapper teardown.
Plugin: 139836046421952, Hook: pytest_sessionfinish
OSError: cannot send (already closed?)
For more information see https://pluggy.readthedocs.io/en/stable/api_reference.html#pluggy.PluggyTeardownRaisedWarning
  config.hook.pytest_sessionfinish(
/home/ianblenke/github.com/ianblenke/carnot/.venv/lib/python3.12/site-packages/_pytest/main.py:353: PluggyTeardownRaisedWarning: A plugin raised an exception during an old-style hookwrapper teardown.
Plugin: 140634170324752, Hook: pytest_sessionfinish
OSError: cannot send (already closed?)
For more information see https://pluggy.readthedocs.io/en/stable/api_reference.html#pluggy.PluggyTeardownRaisedWarning
  config.hook.pytest_sessionfinish(
/home/ianblenke/github.com/ianblenke/carnot/.venv/lib/python3.12/site-packages/_pytest/main.py:353: PluggyTeardownRaisedWarning: A plugin raised an exception during an old-style hookwrapper teardown.
Plugin: 140287087327376, Hook: pytest_sessionfinish
OSError: cannot send (already closed?)
For more information see https://pluggy.readthedocs.io/en/stable/api_reference.html#pluggy.PluggyTeardownRaisedWarning
  config.hook.pytest_sessionfinish(
