warning: `VIRTUAL_ENV=/home/ianblenke/github.com/Carnot-EBM/carnot-ebm/.venv` does not match the project environment path `.venv` and will be ignored; use `--active` to target the active environment instead
[2026-06-13 12:17:45,773][src.nn.utils.utils][INFO] - [rank: 0] Enforcing tags! <cfg.extras.enforce_tags=True>
[2026-06-13 12:17:45,777][src.nn.utils.utils][INFO] - [rank: 0] Printing config tree with Rich! <cfg.extras.print_config=True>
CONFIG
├── data
│   └── _target_: src.nn.data.SudokuDataModule
│       _recursive_: false
│       batch_size: 768
│       num_workers: 0
│       num_train_puzzles: 0
│       num_val_puzzles: 0
│       num_test_puzzles: 0
│       grid_size: 9
│       max_grid_size: 9
│       min_givens: null
│       max_givens: null
│       seed: 42
│       data_dir: ./data/sudoku_extreme_1k_aug_1k
│       pad_value: 0
│       
├── model
│   └── _target_: src.nn.models.trm.TRMModule
│       _recursive_: false
│       ffn_expansion: 4
│       hidden_size: 512
│       num_layers: 2
│       N_supervision: 16
│       N_supervision_val: 16
│       learning_rate: 0.0001
│       H_cycles: 3
│       L_cycles: 6
│       learning_rate_emb: 0.0001
│       weight_decay: 1.0
│       halt_exploration_prob: 0.1
│       warmup_steps: 2000
│       num_heads: 8
│       puzzle_emb_dim: 0
│       puzzle_emb_len: 0
│       rope_theta: 10000
│       pos_emb_type: 'null'
│       lr_min_ratio: 0.01
│       use_mlp_t: true
│       use_conv_swiglu: false
│       use_board_swiglu: false
│       use_muon: false
│       output_dir: None
│       num_puzzles: 0
│       batch_size: 0
│       pad_value: 0
│       max_grid_size: 0
│       vocab_size: 0
│       seq_len: 0
│       
├── callbacks
│   └── model_checkpoint:
│         _target_: lightning.pytorch.callbacks.ModelCheckpoint
│         dirpath: /home/ianblenke/github.com/ianblenke/carnot/results/trm_runs/
│         filename: epoch_{epoch:03d}
│         monitor: val/exact_accuracy
│         verbose: false
│         save_last: true
│         save_top_k: 1
│         mode: max
│         auto_insert_metric_name: false
│         save_weights_only: false
│         every_n_train_steps: null
│         train_time_interval: null
│         every_n_epochs: null
│         save_on_train_epoch_end: null
│       ema:
│         _target_: src.nn.callbacks.ema.EMACallback
│         decay: 0.999
│         use_ema_for_validation: true
│         use_ema_for_test: true
│       
├── logger
│   └── csv:
│         _target_: lightning.pytorch.loggers.csv_logs.CSVLogger
│         save_dir: /home/ianblenke/github.com/ianblenke/carnot/results/trm_runs
│         name: csv/
│         prefix: ''
│       
├── trainer
│   └── _target_: lightning.pytorch.trainer.Trainer
│       min_epochs: 1
│       max_epochs: 50000
│       accelerator: gpu
│       devices: 1
│       check_val_every_n_epoch: 100
│       deterministic: false
│       precision: bf16-mixed
│       max_time: 00:11:30:00
│       
├── paths
│   └── log_dir: .
│       output_dir: /home/ianblenke/github.com/ianblenke/carnot/results/trm_runs
│       
├── extras
│   └── ignore_warnings: false
│       enforce_tags: true
│       print_config: true
│       
├── task_name
│   └── train
├── tags
│   └── ['sudoku', 'trm', 'extreme']
├── ckpt_path
│   └── /home/ianblenke/github.com/ianblenke/carnot/results/trm_runs/sudoku_extr
├── save_dir
│   └── None
├── seed
│   └── 4108
├── sweep_mode
│   └── False
├── append_wandb_name_to_save_dir
│   └── False
├── timekeeping
│   └── max_epochs: 50000
│       batch_size: 768
│       num_workers: 0
│       
└── model_tuning
    └── learning_rate: 0.0001
        learning_rate_emb: 0.0001
        warmup_steps: 2000
        weight_decay: 1.0
        lr_min_ratio: 0.01
        num_heads: 8
        halt_exploration_prob: 0.1
        N_supervision: 16
        N_supervision_val: 16
        H_cycles: 3
        L_cycles: 6
        num_layers: 2
        puzzle_emb_dim: 0
        puzzle_emb_len: 0
        hidden_size: 512
        ffn_expansion: 4
        rope_theta: 10000
        pos_emb_type: 'null'
        use_mlp_t: true
        use_conv_swiglu: false
        use_board_swiglu: false
        use_muon: false
        
Seed set to 4108
[2026-06-13 12:17:45,798][__main__][INFO] - [rank: 0] Instantiating datamodule <src.nn.data.SudokuDataModule>
[2026-06-13 12:17:45,800][src.nn.data.sudoku_datamodule][INFO] - [rank: 0] ✓ Loaded metadata from ./data/sudoku_extreme_1k_aug_1k/metadata.json
[2026-06-13 12:17:45,800][src.nn.data.sudoku_datamodule][INFO] - [rank: 0]   Train: 1000 groups, 1001000 total puzzles
[2026-06-13 12:17:45,802][__main__][INFO] - [rank: 0] Setting model config from data module:  num_puzzles = 1 batch_size = 768 vocab_size = 12
[2026-06-13 12:17:45,802][__main__][INFO] - [rank: 0] Instantiating model <src.nn.models.trm.TRMModule>
Failed to import adam2
Auto-casting TRM to torch.bfloat16
[2026-06-13 12:17:46,350][src.nn.models.trm][INFO] - [rank: 0] Creating TRM with vocab size=12, seq_len=81, puzzle_emb_len=0 pos_emb_type='null' puzzle_emb_dim=0
[2026-06-13 12:17:46,350][src.nn.models.trm][INFO] - [rank: 0] use_mlp_t=True, use_conv_swiglu=False, use_board_swiglu=False
[2026-06-13 12:17:46,351][src.nn.models.trm][INFO] - [rank: 0] Not using Rotary Embeddings
[2026-06-13 12:17:46,365][src.nn.models.trm][INFO] - [rank: 0] puzzle_emb_dim <= 0, not creating puzzle embeddings
[2026-06-13 12:17:46,365][__main__][INFO] - [rank: 0] Instantiating callbacks...
[2026-06-13 12:17:46,365][src.nn.utils.instantiators][INFO] - [rank: 0] Instantiating callback <lightning.pytorch.callbacks.ModelCheckpoint>
[2026-06-13 12:17:46,366][src.nn.utils.instantiators][INFO] - [rank: 0] Instantiating callback <src.nn.callbacks.ema.EMACallback>
[2026-06-13 12:17:46,367][__main__][INFO] - [rank: 0] Instantiating loggers...
[2026-06-13 12:17:46,367][src.nn.utils.instantiators][INFO] - [rank: 0] Instantiating logger <lightning.pytorch.loggers.csv_logs.CSVLogger>
[2026-06-13 12:17:46,368][__main__][INFO] - [rank: 0] Instantiating trainer <lightning.pytorch.trainer.Trainer>
Using bfloat16 Automatic Mixed Precision (AMP)
GPU available: True (cuda), used: True
TPU available: False, using: 0 TPU cores
💡 Tip: For seamless cloud logging and experiment tracking, try installing [litlogger](https://pypi.org/project/litlogger/) to enable LitLogger, which logs metrics and artifacts automatically to the Lightning Experiments platform.
[2026-06-13 12:17:46,373][__main__][INFO] - [rank: 0] Logging hyperparameters!
[2026-06-13 12:17:46,381][__main__][INFO] - [rank: 0] Starting training!
[2026-06-13 12:17:46,383][__main__][INFO] - [rank: 0] Val check interval: default (1.0)
[2026-06-13 12:17:46,383][__main__][INFO] - [rank: 0] Check val every n epoch: 100
[2026-06-13 12:17:46,384][__main__][INFO] - [rank: 0] Steps per epoch: 1303
[2026-06-13 12:17:46,384][__main__][INFO] - [rank: 0] Max epochs: 50000
[2026-06-13 12:17:46,384][__main__][INFO] - [rank: 0] Batch size: 768
You are using a CUDA device ('NVIDIA GeForce RTX 3090') that has Tensor Cores. To properly utilize them, you should set `torch.set_float32_matmul_precision('medium' | 'high')` which will trade-off precision for performance. For more details, read https://pytorch.org/docs/stable/generated/torch.set_float32_matmul_precision.html#torch.set_float32_matmul_precision
[2026-06-13 12:17:46,617][src.nn.models.trm][INFO] - [rank: 0] Training configuration:
[2026-06-13 12:17:46,617][src.nn.models.trm][INFO] - [rank: 0]   Groups (unique puzzles): 1000
[2026-06-13 12:17:46,617][src.nn.models.trm][INFO] - [rank: 0]   Total puzzles (with aug): 1001000
[2026-06-13 12:17:46,617][src.nn.models.trm][INFO] - [rank: 0]   Steps per epoch: 1
[2026-06-13 12:17:46,617][src.nn.models.trm][INFO] - [rank: 0]   Total steps: 50000
[2026-06-13 12:17:46,617][src.nn.models.trm][INFO] - [rank: 0] ************************************************************
[2026-06-13 12:17:46,617][src.nn.models.trm][INFO] - [rank: 0] torch.compile not available or disabled, running uncompiled
Restoring states from the checkpoint path at /home/ianblenke/github.com/ianblenke/carnot/results/trm_runs/sudoku_extreme_baseline/last.ckpt
[2026-06-13 12:17:46,629][src.nn.models.trm][INFO] - [rank: 0] Restored manual LR step: 19006
LOCAL_RANK: 0 - CUDA_VISIBLE_DEVICES: [0,1]
┏━━━┳━━━━━━━━━━━━━━━━━┳━━━━━━━━━━━━━━━━━┳━━━━━━━━┳━━━━━━━┳━━━━━━━┓
┃   ┃ Name            ┃ Type            ┃ Params ┃ Mode  ┃ FLOPs ┃
┡━━━╇━━━━━━━━━━━━━━━━━╇━━━━━━━━━━━━━━━━━╇━━━━━━━━╇━━━━━━━╇━━━━━━━┩
│ 0 │ input_embedding │ CastedEmbedding │  6.1 K │ train │     0 │
│ 1 │ lenet           │ ReasoningModule │  4.8 M │ train │     0 │
│ 2 │ lm_head         │ CastedLinear    │  6.1 K │ train │     0 │
│ 3 │ q_head          │ CastedLinear    │    513 │ train │     0 │
└───┴─────────────────┴─────────────────┴────────┴───────┴───────┘
Trainable params: 4.9 M                                                         
Non-trainable params: 0                                                         
Total params: 4.9 M                                                             
Total estimated model params size (MB): 19.423                                  
Modules in train mode: 19                                                       
Modules in eval mode: 0                                                         
Total FLOPs: 0                                                                  
Restored all states from the checkpoint at /home/ianblenke/github.com/ianblenke/carnot/results/trm_runs/sudoku_extreme_baseline/last.ckpt
[2026-06-13 12:17:46,700][src.nn.data.sudoku_datamodule][INFO] - [rank: 0] Creating train dataloader with batch size 768 and num_workers 0 and prefetch_factor None
[2026-06-13 12:17:47,563][src.nn.utils.utils][ERROR] - [rank: 0] 
Traceback (most recent call last):
  File "/home/ianblenke/github.com/ianblenke/carnot/nano-trm/src/nn/utils/utils.py", line 75, in wrap
    return_value = task_func(cfg=cfg)
                   ^^^^^^^^^^^^^^^^^^
  File "/home/ianblenke/github.com/ianblenke/carnot/nano-trm/src/nn/train.py", line 124, in train
    trainer.fit(model=model, datamodule=datamodule, ckpt_path=cfg.get("ckpt_path"), weights_only=False)
  File "/home/ianblenke/github.com/ianblenke/carnot/nano-trm/.venv/lib/python3.12/site-packages/lightning/pytorch/trainer/trainer.py", line 584, in fit
    call._call_and_handle_interrupt(
  File "/home/ianblenke/github.com/ianblenke/carnot/nano-trm/.venv/lib/python3.12/site-packages/lightning/pytorch/trainer/call.py", line 49, in _call_and_handle_interrupt
    return trainer_fn(*args, **kwargs)
           ^^^^^^^^^^^^^^^^^^^^^^^^^^^
  File "/home/ianblenke/github.com/ianblenke/carnot/nano-trm/.venv/lib/python3.12/site-packages/lightning/pytorch/trainer/trainer.py", line 630, in _fit_impl
    self._run(model, ckpt_path=ckpt_path, weights_only=weights_only)
  File "/home/ianblenke/github.com/ianblenke/carnot/nano-trm/.venv/lib/python3.12/site-packages/lightning/pytorch/trainer/trainer.py", line 1079, in _run
    results = self._run_stage()
              ^^^^^^^^^^^^^^^^^
  File "/home/ianblenke/github.com/ianblenke/carnot/nano-trm/.venv/lib/python3.12/site-packages/lightning/pytorch/trainer/trainer.py", line 1123, in _run_stage
    self.fit_loop.run()
  File "/home/ianblenke/github.com/ianblenke/carnot/nano-trm/.venv/lib/python3.12/site-packages/lightning/pytorch/loops/fit_loop.py", line 217, in run
    self.advance()
  File "/home/ianblenke/github.com/ianblenke/carnot/nano-trm/.venv/lib/python3.12/site-packages/lightning/pytorch/loops/fit_loop.py", line 469, in advance
    self.epoch_loop.run(self._data_fetcher)
  File "/home/ianblenke/github.com/ianblenke/carnot/nano-trm/.venv/lib/python3.12/site-packages/lightning/pytorch/loops/training_epoch_loop.py", line 153, in run
    self.advance(data_fetcher)
  File "/home/ianblenke/github.com/ianblenke/carnot/nano-trm/.venv/lib/python3.12/site-packages/lightning/pytorch/loops/training_epoch_loop.py", line 354, in advance
    batch_output = self.manual_optimization.run(kwargs)
                   ^^^^^^^^^^^^^^^^^^^^^^^^^^^^^^^^^^^^
  File "/home/ianblenke/github.com/ianblenke/carnot/nano-trm/.venv/lib/python3.12/site-packages/lightning/pytorch/loops/optimization/manual.py", line 95, in run
    self.advance(kwargs)
  File "/home/ianblenke/github.com/ianblenke/carnot/nano-trm/.venv/lib/python3.12/site-packages/lightning/pytorch/loops/optimization/manual.py", line 115, in advance
    training_step_output = call._call_strategy_hook(trainer, "training_step", *kwargs.values())
                           ^^^^^^^^^^^^^^^^^^^^^^^^^^^^^^^^^^^^^^^^^^^^^^^^^^^^^^^^^^^^^^^^^^^^
  File "/home/ianblenke/github.com/ianblenke/carnot/nano-trm/.venv/lib/python3.12/site-packages/lightning/pytorch/trainer/call.py", line 329, in _call_strategy_hook
    output = fn(*args, **kwargs)
             ^^^^^^^^^^^^^^^^^^^
  File "/home/ianblenke/github.com/ianblenke/carnot/nano-trm/.venv/lib/python3.12/site-packages/lightning/pytorch/strategies/strategy.py", line 391, in training_step
    return self.lightning_module.training_step(*args, **kwargs)
           ^^^^^^^^^^^^^^^^^^^^^^^^^^^^^^^^^^^^^^^^^^^^^^^^^^^^
  File "/home/ianblenke/github.com/ianblenke/carnot/nano-trm/src/nn/models/trm.py", line 502, in training_step
    self.carry, loss, metrics, _ = self.compute_loss_and_metrics(self.carry, batch)
                                   ^^^^^^^^^^^^^^^^^^^^^^^^^^^^^^^^^^^^^^^^^^^^^^^^
  File "/home/ianblenke/github.com/ianblenke/carnot/nano-trm/src/nn/models/trm.py", line 425, in compute_loss_and_metrics
    new_carry, outputs = self.forward(carry, batch)
                         ^^^^^^^^^^^^^^^^^^^^^^^^^^
  File "/home/ianblenke/github.com/ianblenke/carnot/nano-trm/src/nn/models/trm.py", line 387, in forward
    new_inner_carry, logits, q_halt_logits = self.inner_forward(
                                             ^^^^^^^^^^^^^^^^^^^
  File "/home/ianblenke/github.com/ianblenke/carnot/nano-trm/src/nn/models/trm.py", line 362, in inner_forward
    z_H = self.lenet(z_H, z_L, **seq_info)
          ^^^^^^^^^^^^^^^^^^^^^^^^^^^^^^^^
  File "/home/ianblenke/github.com/ianblenke/carnot/nano-trm/.venv/lib/python3.12/site-packages/torch/nn/modules/module.py", line 1778, in _wrapped_call_impl
    return self._call_impl(*args, **kwargs)
           ^^^^^^^^^^^^^^^^^^^^^^^^^^^^^^^^
  File "/home/ianblenke/github.com/ianblenke/carnot/nano-trm/.venv/lib/python3.12/site-packages/torch/nn/modules/module.py", line 1789, in _call_impl
    return forward_call(*args, **kwargs)
           ^^^^^^^^^^^^^^^^^^^^^^^^^^^^^
  File "/home/ianblenke/github.com/ianblenke/carnot/nano-trm/src/nn/modules/trm_block.py", line 485, in forward
    hidden_states = layer(hidden_states=hidden_states, **kwargs)
                    ^^^^^^^^^^^^^^^^^^^^^^^^^^^^^^^^^^^^^^^^^^^^
  File "/home/ianblenke/github.com/ianblenke/carnot/nano-trm/.venv/lib/python3.12/site-packages/torch/nn/modules/module.py", line 1778, in _wrapped_call_impl
    return self._call_impl(*args, **kwargs)
           ^^^^^^^^^^^^^^^^^^^^^^^^^^^^^^^^
  File "/home/ianblenke/github.com/ianblenke/carnot/nano-trm/.venv/lib/python3.12/site-packages/torch/nn/modules/module.py", line 1789, in _call_impl
    return forward_call(*args, **kwargs)
           ^^^^^^^^^^^^^^^^^^^^^^^^^^^^^
  File "/home/ianblenke/github.com/ianblenke/carnot/nano-trm/src/nn/modules/trm_block.py", line 463, in forward
    out = self.mlp_t(hidden_states)
          ^^^^^^^^^^^^^^^^^^^^^^^^^
  File "/home/ianblenke/github.com/ianblenke/carnot/nano-trm/.venv/lib/python3.12/site-packages/torch/nn/modules/module.py", line 1778, in _wrapped_call_impl
    return self._call_impl(*args, **kwargs)
           ^^^^^^^^^^^^^^^^^^^^^^^^^^^^^^^^
  File "/home/ianblenke/github.com/ianblenke/carnot/nano-trm/.venv/lib/python3.12/site-packages/torch/nn/modules/module.py", line 1789, in _call_impl
    return forward_call(*args, **kwargs)
           ^^^^^^^^^^^^^^^^^^^^^^^^^^^^^
  File "/home/ianblenke/github.com/ianblenke/carnot/nano-trm/src/nn/modules/trm_block.py", line 190, in forward
    return self.down_proj(F.silu(gate) * up)
                          ~~~~~~~~~~~~~^~~~
torch.OutOfMemoryError: CUDA out of memory. Tried to allocate 192.00 MiB. GPU 0 has a total capacity of 23.56 GiB of which 86.31 MiB is free. Including non-PyTorch memory, this process has 23.46 GiB memory in use. Of the allocated memory 23.07 GiB is allocated by PyTorch, and 89.57 MiB is reserved by PyTorch but unallocated. If reserved but unallocated memory is large try setting PYTORCH_CUDA_ALLOC_CONF=expandable_segments:True to avoid fragmentation.  See documentation for Memory Management  (https://docs.pytorch.org/docs/stable/notes/cuda.html#optimizing-memory-usage-with-pytorch-cuda-alloc-conf)
[2026-06-13 12:17:47,567][src.nn.utils.utils][INFO] - [rank: 0] Output dir: /home/ianblenke/github.com/ianblenke/carnot/results/trm_runs/contiguous_run_hydra
Error executing job with overrides: ['experiment=trm_sudoku_extreme_1k_aug_1k', 'logger=csv', 'save_dir=null', 'append_wandb_name_to_save_dir=false', 'seed=4108', 'data.data_dir=./data/sudoku_extreme_1k_aug_1k', 'ckpt_path=/home/ianblenke/github.com/ianblenke/carnot/results/trm_runs/sudoku_extreme_baseline/last.ckpt', '+trainer.max_time=00:11:30:00', 'callbacks.model_checkpoint.monitor=val/exact_accuracy', 'callbacks.model_checkpoint.mode=max', 'callbacks.model_checkpoint.dirpath=/home/ianblenke/github.com/ianblenke/carnot/results/trm_runs/sudoku_extreme_baseline', 'callbacks.model_checkpoint.save_last=true', 'callbacks.model_checkpoint.save_top_k=1', 'callbacks.model_checkpoint.auto_insert_metric_name=false']
Traceback (most recent call last):
  File "/home/ianblenke/github.com/ianblenke/carnot/nano-trm/src/nn/train.py", line 156, in <module>
    main()
  File "/home/ianblenke/github.com/ianblenke/carnot/nano-trm/.venv/lib/python3.12/site-packages/hydra/main.py", line 94, in decorated_main
    _run_hydra(
  File "/home/ianblenke/github.com/ianblenke/carnot/nano-trm/.venv/lib/python3.12/site-packages/hydra/_internal/utils.py", line 394, in _run_hydra
    _run_app(
  File "/home/ianblenke/github.com/ianblenke/carnot/nano-trm/.venv/lib/python3.12/site-packages/hydra/_internal/utils.py", line 457, in _run_app
    run_and_report(
  File "/home/ianblenke/github.com/ianblenke/carnot/nano-trm/.venv/lib/python3.12/site-packages/hydra/_internal/utils.py", line 223, in run_and_report
    raise ex
  File "/home/ianblenke/github.com/ianblenke/carnot/nano-trm/.venv/lib/python3.12/site-packages/hydra/_internal/utils.py", line 220, in run_and_report
    return func()
           ^^^^^^
  File "/home/ianblenke/github.com/ianblenke/carnot/nano-trm/.venv/lib/python3.12/site-packages/hydra/_internal/utils.py", line 458, in <lambda>
    lambda: hydra.run(
            ^^^^^^^^^^
  File "/home/ianblenke/github.com/ianblenke/carnot/nano-trm/.venv/lib/python3.12/site-packages/hydra/_internal/hydra.py", line 132, in run
    _ = ret.return_value
        ^^^^^^^^^^^^^^^^
  File "/home/ianblenke/github.com/ianblenke/carnot/nano-trm/.venv/lib/python3.12/site-packages/hydra/core/utils.py", line 260, in return_value
    raise self._return_value
  File "/home/ianblenke/github.com/ianblenke/carnot/nano-trm/.venv/lib/python3.12/site-packages/hydra/core/utils.py", line 186, in run_job
    ret.return_value = task_function(task_cfg)
                       ^^^^^^^^^^^^^^^^^^^^^^^
  File "/home/ianblenke/github.com/ianblenke/carnot/nano-trm/src/nn/train.py", line 152, in main
    return train(cfg)
           ^^^^^^^^^^
  File "/home/ianblenke/github.com/ianblenke/carnot/nano-trm/src/nn/utils/utils.py", line 85, in wrap
    raise ex
  File "/home/ianblenke/github.com/ianblenke/carnot/nano-trm/src/nn/utils/utils.py", line 75, in wrap
    return_value = task_func(cfg=cfg)
                   ^^^^^^^^^^^^^^^^^^
  File "/home/ianblenke/github.com/ianblenke/carnot/nano-trm/src/nn/train.py", line 124, in train
    trainer.fit(model=model, datamodule=datamodule, ckpt_path=cfg.get("ckpt_path"), weights_only=False)
  File "/home/ianblenke/github.com/ianblenke/carnot/nano-trm/.venv/lib/python3.12/site-packages/lightning/pytorch/trainer/trainer.py", line 584, in fit
    call._call_and_handle_interrupt(
  File "/home/ianblenke/github.com/ianblenke/carnot/nano-trm/.venv/lib/python3.12/site-packages/lightning/pytorch/trainer/call.py", line 49, in _call_and_handle_interrupt
    return trainer_fn(*args, **kwargs)
           ^^^^^^^^^^^^^^^^^^^^^^^^^^^
  File "/home/ianblenke/github.com/ianblenke/carnot/nano-trm/.venv/lib/python3.12/site-packages/lightning/pytorch/trainer/trainer.py", line 630, in _fit_impl
    self._run(model, ckpt_path=ckpt_path, weights_only=weights_only)
  File "/home/ianblenke/github.com/ianblenke/carnot/nano-trm/.venv/lib/python3.12/site-packages/lightning/pytorch/trainer/trainer.py", line 1079, in _run
    results = self._run_stage()
              ^^^^^^^^^^^^^^^^^
  File "/home/ianblenke/github.com/ianblenke/carnot/nano-trm/.venv/lib/python3.12/site-packages/lightning/pytorch/trainer/trainer.py", line 1123, in _run_stage
    self.fit_loop.run()
  File "/home/ianblenke/github.com/ianblenke/carnot/nano-trm/.venv/lib/python3.12/site-packages/lightning/pytorch/loops/fit_loop.py", line 217, in run
    self.advance()
  File "/home/ianblenke/github.com/ianblenke/carnot/nano-trm/.venv/lib/python3.12/site-packages/lightning/pytorch/loops/fit_loop.py", line 469, in advance
    self.epoch_loop.run(self._data_fetcher)
  File "/home/ianblenke/github.com/ianblenke/carnot/nano-trm/.venv/lib/python3.12/site-packages/lightning/pytorch/loops/training_epoch_loop.py", line 153, in run
    self.advance(data_fetcher)
  File "/home/ianblenke/github.com/ianblenke/carnot/nano-trm/.venv/lib/python3.12/site-packages/lightning/pytorch/loops/training_epoch_loop.py", line 354, in advance
    batch_output = self.manual_optimization.run(kwargs)
                   ^^^^^^^^^^^^^^^^^^^^^^^^^^^^^^^^^^^^
  File "/home/ianblenke/github.com/ianblenke/carnot/nano-trm/.venv/lib/python3.12/site-packages/lightning/pytorch/loops/optimization/manual.py", line 95, in run
    self.advance(kwargs)
  File "/home/ianblenke/github.com/ianblenke/carnot/nano-trm/.venv/lib/python3.12/site-packages/lightning/pytorch/loops/optimization/manual.py", line 115, in advance
    training_step_output = call._call_strategy_hook(trainer, "training_step", *kwargs.values())
                           ^^^^^^^^^^^^^^^^^^^^^^^^^^^^^^^^^^^^^^^^^^^^^^^^^^^^^^^^^^^^^^^^^^^^
  File "/home/ianblenke/github.com/ianblenke/carnot/nano-trm/.venv/lib/python3.12/site-packages/lightning/pytorch/trainer/call.py", line 329, in _call_strategy_hook
    output = fn(*args, **kwargs)
             ^^^^^^^^^^^^^^^^^^^
  File "/home/ianblenke/github.com/ianblenke/carnot/nano-trm/.venv/lib/python3.12/site-packages/lightning/pytorch/strategies/strategy.py", line 391, in training_step
    return self.lightning_module.training_step(*args, **kwargs)
           ^^^^^^^^^^^^^^^^^^^^^^^^^^^^^^^^^^^^^^^^^^^^^^^^^^^^
  File "/home/ianblenke/github.com/ianblenke/carnot/nano-trm/src/nn/models/trm.py", line 502, in training_step
    self.carry, loss, metrics, _ = self.compute_loss_and_metrics(self.carry, batch)
                                   ^^^^^^^^^^^^^^^^^^^^^^^^^^^^^^^^^^^^^^^^^^^^^^^^
  File "/home/ianblenke/github.com/ianblenke/carnot/nano-trm/src/nn/models/trm.py", line 425, in compute_loss_and_metrics
    new_carry, outputs = self.forward(carry, batch)
                         ^^^^^^^^^^^^^^^^^^^^^^^^^^
  File "/home/ianblenke/github.com/ianblenke/carnot/nano-trm/src/nn/models/trm.py", line 387, in forward
    new_inner_carry, logits, q_halt_logits = self.inner_forward(
                                             ^^^^^^^^^^^^^^^^^^^
  File "/home/ianblenke/github.com/ianblenke/carnot/nano-trm/src/nn/models/trm.py", line 362, in inner_forward
    z_H = self.lenet(z_H, z_L, **seq_info)
          ^^^^^^^^^^^^^^^^^^^^^^^^^^^^^^^^
  File "/home/ianblenke/github.com/ianblenke/carnot/nano-trm/.venv/lib/python3.12/site-packages/torch/nn/modules/module.py", line 1778, in _wrapped_call_impl
    return self._call_impl(*args, **kwargs)
           ^^^^^^^^^^^^^^^^^^^^^^^^^^^^^^^^
  File "/home/ianblenke/github.com/ianblenke/carnot/nano-trm/.venv/lib/python3.12/site-packages/torch/nn/modules/module.py", line 1789, in _call_impl
    return forward_call(*args, **kwargs)
           ^^^^^^^^^^^^^^^^^^^^^^^^^^^^^
  File "/home/ianblenke/github.com/ianblenke/carnot/nano-trm/src/nn/modules/trm_block.py", line 485, in forward
    hidden_states = layer(hidden_states=hidden_states, **kwargs)
                    ^^^^^^^^^^^^^^^^^^^^^^^^^^^^^^^^^^^^^^^^^^^^
  File "/home/ianblenke/github.com/ianblenke/carnot/nano-trm/.venv/lib/python3.12/site-packages/torch/nn/modules/module.py", line 1778, in _wrapped_call_impl
    return self._call_impl(*args, **kwargs)
           ^^^^^^^^^^^^^^^^^^^^^^^^^^^^^^^^
  File "/home/ianblenke/github.com/ianblenke/carnot/nano-trm/.venv/lib/python3.12/site-packages/torch/nn/modules/module.py", line 1789, in _call_impl
    return forward_call(*args, **kwargs)
           ^^^^^^^^^^^^^^^^^^^^^^^^^^^^^
  File "/home/ianblenke/github.com/ianblenke/carnot/nano-trm/src/nn/modules/trm_block.py", line 463, in forward
    out = self.mlp_t(hidden_states)
          ^^^^^^^^^^^^^^^^^^^^^^^^^
  File "/home/ianblenke/github.com/ianblenke/carnot/nano-trm/.venv/lib/python3.12/site-packages/torch/nn/modules/module.py", line 1778, in _wrapped_call_impl
    return self._call_impl(*args, **kwargs)
           ^^^^^^^^^^^^^^^^^^^^^^^^^^^^^^^^
  File "/home/ianblenke/github.com/ianblenke/carnot/nano-trm/.venv/lib/python3.12/site-packages/torch/nn/modules/module.py", line 1789, in _call_impl
    return forward_call(*args, **kwargs)
           ^^^^^^^^^^^^^^^^^^^^^^^^^^^^^
  File "/home/ianblenke/github.com/ianblenke/carnot/nano-trm/src/nn/modules/trm_block.py", line 190, in forward
    return self.down_proj(F.silu(gate) * up)
                          ~~~~~~~~~~~~~^~~~
torch.OutOfMemoryError: CUDA out of memory. Tried to allocate 192.00 MiB. GPU 0 has a total capacity of 23.56 GiB of which 86.31 MiB is free. Including non-PyTorch memory, this process has 23.46 GiB memory in use. Of the allocated memory 23.07 GiB is allocated by PyTorch, and 89.57 MiB is reserved by PyTorch but unallocated. If reserved but unallocated memory is large try setting PYTORCH_CUDA_ALLOC_CONF=expandable_segments:True to avoid fragmentation.  See documentation for Memory Management  (https://docs.pytorch.org/docs/stable/notes/cuda.html#optimizing-memory-usage-with-pytorch-cuda-alloc-conf)
warning: `VIRTUAL_ENV=/home/ianblenke/github.com/Carnot-EBM/carnot-ebm/.venv` does not match the project environment path `.venv` and will be ignored; use `--active` to target the active environment instead
[2026-06-13 12:19:23,462][src.nn.utils.utils][INFO] - [rank: 0] Enforcing tags! <cfg.extras.enforce_tags=True>
[2026-06-13 12:19:23,465][src.nn.utils.utils][INFO] - [rank: 0] Printing config tree with Rich! <cfg.extras.print_config=True>
CONFIG
├── data
│   └── _target_: src.nn.data.SudokuDataModule
│       _recursive_: false
│       batch_size: 768
│       num_workers: 0
│       num_train_puzzles: 0
│       num_val_puzzles: 0
│       num_test_puzzles: 0
│       grid_size: 9
│       max_grid_size: 9
│       min_givens: null
│       max_givens: null
│       seed: 42
│       data_dir: ./data/sudoku_extreme_1k_aug_1k
│       pad_value: 0
│       
├── model
│   └── _target_: src.nn.models.trm.TRMModule
│       _recursive_: false
│       ffn_expansion: 4
│       hidden_size: 512
│       num_layers: 2
│       N_supervision: 16
│       N_supervision_val: 16
│       learning_rate: 0.0001
│       H_cycles: 3
│       L_cycles: 6
│       learning_rate_emb: 0.0001
│       weight_decay: 1.0
│       halt_exploration_prob: 0.1
│       warmup_steps: 2000
│       num_heads: 8
│       puzzle_emb_dim: 0
│       puzzle_emb_len: 0
│       rope_theta: 10000
│       pos_emb_type: 'null'
│       lr_min_ratio: 0.01
│       use_mlp_t: true
│       use_conv_swiglu: false
│       use_board_swiglu: false
│       use_muon: false
│       output_dir: None
│       num_puzzles: 0
│       batch_size: 0
│       pad_value: 0
│       max_grid_size: 0
│       vocab_size: 0
│       seq_len: 0
│       
├── callbacks
│   └── model_checkpoint:
│         _target_: lightning.pytorch.callbacks.ModelCheckpoint
│         dirpath: /home/ianblenke/github.com/ianblenke/carnot/results/trm_runs/
│         filename: epoch_{epoch:03d}
│         monitor: val/exact_accuracy
│         verbose: false
│         save_last: true
│         save_top_k: 1
│         mode: max
│         auto_insert_metric_name: false
│         save_weights_only: false
│         every_n_train_steps: null
│         train_time_interval: null
│         every_n_epochs: null
│         save_on_train_epoch_end: null
│       ema:
│         _target_: src.nn.callbacks.ema.EMACallback
│         decay: 0.999
│         use_ema_for_validation: true
│         use_ema_for_test: true
│       
├── logger
│   └── csv:
│         _target_: lightning.pytorch.loggers.csv_logs.CSVLogger
│         save_dir: /home/ianblenke/github.com/ianblenke/carnot/results/trm_runs
│         name: csv/
│         prefix: ''
│       
├── trainer
│   └── _target_: lightning.pytorch.trainer.Trainer
│       min_epochs: 1
│       max_epochs: 50000
│       accelerator: gpu
│       devices: 1
│       check_val_every_n_epoch: 100
│       deterministic: false
│       precision: bf16-mixed
│       max_time: 00:11:30:00
│       
├── paths
│   └── log_dir: .
│       output_dir: /home/ianblenke/github.com/ianblenke/carnot/results/trm_runs
│       
├── extras
│   └── ignore_warnings: false
│       enforce_tags: true
│       print_config: true
│       
├── task_name
│   └── train
├── tags
│   └── ['sudoku', 'trm', 'extreme']
├── ckpt_path
│   └── /home/ianblenke/github.com/ianblenke/carnot/results/trm_runs/sudoku_extr
├── save_dir
│   └── None
├── seed
│   └── 4108
├── sweep_mode
│   └── False
├── append_wandb_name_to_save_dir
│   └── False
├── timekeeping
│   └── max_epochs: 50000
│       batch_size: 768
│       num_workers: 0
│       
└── model_tuning
    └── learning_rate: 0.0001
        learning_rate_emb: 0.0001
        warmup_steps: 2000
        weight_decay: 1.0
        lr_min_ratio: 0.01
        num_heads: 8
        halt_exploration_prob: 0.1
        N_supervision: 16
        N_supervision_val: 16
        H_cycles: 3
        L_cycles: 6
        num_layers: 2
        puzzle_emb_dim: 0
        puzzle_emb_len: 0
        hidden_size: 512
        ffn_expansion: 4
        rope_theta: 10000
        pos_emb_type: 'null'
        use_mlp_t: true
        use_conv_swiglu: false
        use_board_swiglu: false
        use_muon: false
        
Seed set to 4108
[2026-06-13 12:19:23,487][__main__][INFO] - [rank: 0] Instantiating datamodule <src.nn.data.SudokuDataModule>
[2026-06-13 12:19:23,489][src.nn.data.sudoku_datamodule][INFO] - [rank: 0] ✓ Loaded metadata from ./data/sudoku_extreme_1k_aug_1k/metadata.json
[2026-06-13 12:19:23,489][src.nn.data.sudoku_datamodule][INFO] - [rank: 0]   Train: 1000 groups, 1001000 total puzzles
[2026-06-13 12:19:23,490][__main__][INFO] - [rank: 0] Setting model config from data module:  num_puzzles = 1 batch_size = 768 vocab_size = 12
[2026-06-13 12:19:23,491][__main__][INFO] - [rank: 0] Instantiating model <src.nn.models.trm.TRMModule>
Failed to import adam2
Auto-casting TRM to torch.bfloat16
[2026-06-13 12:19:24,129][src.nn.models.trm][INFO] - [rank: 0] Creating TRM with vocab size=12, seq_len=81, puzzle_emb_len=0 pos_emb_type='null' puzzle_emb_dim=0
[2026-06-13 12:19:24,129][src.nn.models.trm][INFO] - [rank: 0] use_mlp_t=True, use_conv_swiglu=False, use_board_swiglu=False
[2026-06-13 12:19:24,131][src.nn.models.trm][INFO] - [rank: 0] Not using Rotary Embeddings
[2026-06-13 12:19:24,151][src.nn.models.trm][INFO] - [rank: 0] puzzle_emb_dim <= 0, not creating puzzle embeddings
[2026-06-13 12:19:24,151][__main__][INFO] - [rank: 0] Instantiating callbacks...
[2026-06-13 12:19:24,152][src.nn.utils.instantiators][INFO] - [rank: 0] Instantiating callback <lightning.pytorch.callbacks.ModelCheckpoint>
[2026-06-13 12:19:24,153][src.nn.utils.instantiators][INFO] - [rank: 0] Instantiating callback <src.nn.callbacks.ema.EMACallback>
[2026-06-13 12:19:24,153][__main__][INFO] - [rank: 0] Instantiating loggers...
[2026-06-13 12:19:24,153][src.nn.utils.instantiators][INFO] - [rank: 0] Instantiating logger <lightning.pytorch.loggers.csv_logs.CSVLogger>
[2026-06-13 12:19:24,154][__main__][INFO] - [rank: 0] Instantiating trainer <lightning.pytorch.trainer.Trainer>
Using bfloat16 Automatic Mixed Precision (AMP)
GPU available: True (cuda), used: True
TPU available: False, using: 0 TPU cores
💡 Tip: For seamless cloud logging and experiment tracking, try installing [litlogger](https://pypi.org/project/litlogger/) to enable LitLogger, which logs metrics and artifacts automatically to the Lightning Experiments platform.
[2026-06-13 12:19:24,161][__main__][INFO] - [rank: 0] Logging hyperparameters!
[2026-06-13 12:19:24,168][__main__][INFO] - [rank: 0] Starting training!
[2026-06-13 12:19:24,170][__main__][INFO] - [rank: 0] Val check interval: default (1.0)
[2026-06-13 12:19:24,170][__main__][INFO] - [rank: 0] Check val every n epoch: 100
[2026-06-13 12:19:24,171][__main__][INFO] - [rank: 0] Steps per epoch: 1303
[2026-06-13 12:19:24,171][__main__][INFO] - [rank: 0] Max epochs: 50000
[2026-06-13 12:19:24,171][__main__][INFO] - [rank: 0] Batch size: 768
You are using a CUDA device ('NVIDIA GeForce RTX 3090') that has Tensor Cores. To properly utilize them, you should set `torch.set_float32_matmul_precision('medium' | 'high')` which will trade-off precision for performance. For more details, read https://pytorch.org/docs/stable/generated/torch.set_float32_matmul_precision.html#torch.set_float32_matmul_precision
[2026-06-13 12:19:24,406][src.nn.models.trm][INFO] - [rank: 0] Training configuration:
[2026-06-13 12:19:24,407][src.nn.models.trm][INFO] - [rank: 0]   Groups (unique puzzles): 1000
[2026-06-13 12:19:24,407][src.nn.models.trm][INFO] - [rank: 0]   Total puzzles (with aug): 1001000
[2026-06-13 12:19:24,407][src.nn.models.trm][INFO] - [rank: 0]   Steps per epoch: 1
[2026-06-13 12:19:24,407][src.nn.models.trm][INFO] - [rank: 0]   Total steps: 50000
[2026-06-13 12:19:24,407][src.nn.models.trm][INFO] - [rank: 0] ************************************************************
[2026-06-13 12:19:24,407][src.nn.models.trm][INFO] - [rank: 0] torch.compile not available or disabled, running uncompiled
Restoring states from the checkpoint path at /home/ianblenke/github.com/ianblenke/carnot/results/trm_runs/sudoku_extreme_baseline/last.ckpt
[2026-06-13 12:19:24,419][src.nn.models.trm][INFO] - [rank: 0] Restored manual LR step: 19006
LOCAL_RANK: 0 - CUDA_VISIBLE_DEVICES: [0,1]
┏━━━┳━━━━━━━━━━━━━━━━━┳━━━━━━━━━━━━━━━━━┳━━━━━━━━┳━━━━━━━┳━━━━━━━┓
┃   ┃ Name            ┃ Type            ┃ Params ┃ Mode  ┃ FLOPs ┃
┡━━━╇━━━━━━━━━━━━━━━━━╇━━━━━━━━━━━━━━━━━╇━━━━━━━━╇━━━━━━━╇━━━━━━━┩
│ 0 │ input_embedding │ CastedEmbedding │  6.1 K │ train │     0 │
│ 1 │ lenet           │ ReasoningModule │  4.8 M │ train │     0 │
│ 2 │ lm_head         │ CastedLinear    │  6.1 K │ train │     0 │
│ 3 │ q_head          │ CastedLinear    │    513 │ train │     0 │
└───┴─────────────────┴─────────────────┴────────┴───────┴───────┘
Trainable params: 4.9 M                                                         
Non-trainable params: 0                                                         
Total params: 4.9 M                                                             
Total estimated model params size (MB): 19.423                                  
Modules in train mode: 19                                                       
Modules in eval mode: 0                                                         
Total FLOPs: 0                                                                  
Restored all states from the checkpoint at /home/ianblenke/github.com/ianblenke/carnot/results/trm_runs/sudoku_extreme_baseline/last.ckpt
[2026-06-13 12:19:24,482][src.nn.data.sudoku_datamodule][INFO] - [rank: 0] Creating train dataloader with batch size 768 and num_workers 0 and prefetch_factor None
[2026-06-13 12:19:25,240][src.nn.utils.utils][ERROR] - [rank: 0] 
Traceback (most recent call last):
  File "/home/ianblenke/github.com/ianblenke/carnot/nano-trm/src/nn/utils/utils.py", line 75, in wrap
    return_value = task_func(cfg=cfg)
                   ^^^^^^^^^^^^^^^^^^
  File "/home/ianblenke/github.com/ianblenke/carnot/nano-trm/src/nn/train.py", line 124, in train
    trainer.fit(model=model, datamodule=datamodule, ckpt_path=cfg.get("ckpt_path"), weights_only=False)
  File "/home/ianblenke/github.com/ianblenke/carnot/nano-trm/.venv/lib/python3.12/site-packages/lightning/pytorch/trainer/trainer.py", line 584, in fit
    call._call_and_handle_interrupt(
  File "/home/ianblenke/github.com/ianblenke/carnot/nano-trm/.venv/lib/python3.12/site-packages/lightning/pytorch/trainer/call.py", line 49, in _call_and_handle_interrupt
    return trainer_fn(*args, **kwargs)
           ^^^^^^^^^^^^^^^^^^^^^^^^^^^
  File "/home/ianblenke/github.com/ianblenke/carnot/nano-trm/.venv/lib/python3.12/site-packages/lightning/pytorch/trainer/trainer.py", line 630, in _fit_impl
    self._run(model, ckpt_path=ckpt_path, weights_only=weights_only)
  File "/home/ianblenke/github.com/ianblenke/carnot/nano-trm/.venv/lib/python3.12/site-packages/lightning/pytorch/trainer/trainer.py", line 1079, in _run
    results = self._run_stage()
              ^^^^^^^^^^^^^^^^^
  File "/home/ianblenke/github.com/ianblenke/carnot/nano-trm/.venv/lib/python3.12/site-packages/lightning/pytorch/trainer/trainer.py", line 1123, in _run_stage
    self.fit_loop.run()
  File "/home/ianblenke/github.com/ianblenke/carnot/nano-trm/.venv/lib/python3.12/site-packages/lightning/pytorch/loops/fit_loop.py", line 217, in run
    self.advance()
  File "/home/ianblenke/github.com/ianblenke/carnot/nano-trm/.venv/lib/python3.12/site-packages/lightning/pytorch/loops/fit_loop.py", line 469, in advance
    self.epoch_loop.run(self._data_fetcher)
  File "/home/ianblenke/github.com/ianblenke/carnot/nano-trm/.venv/lib/python3.12/site-packages/lightning/pytorch/loops/training_epoch_loop.py", line 153, in run
    self.advance(data_fetcher)
  File "/home/ianblenke/github.com/ianblenke/carnot/nano-trm/.venv/lib/python3.12/site-packages/lightning/pytorch/loops/training_epoch_loop.py", line 354, in advance
    batch_output = self.manual_optimization.run(kwargs)
                   ^^^^^^^^^^^^^^^^^^^^^^^^^^^^^^^^^^^^
  File "/home/ianblenke/github.com/ianblenke/carnot/nano-trm/.venv/lib/python3.12/site-packages/lightning/pytorch/loops/optimization/manual.py", line 95, in run
    self.advance(kwargs)
  File "/home/ianblenke/github.com/ianblenke/carnot/nano-trm/.venv/lib/python3.12/site-packages/lightning/pytorch/loops/optimization/manual.py", line 115, in advance
    training_step_output = call._call_strategy_hook(trainer, "training_step", *kwargs.values())
                           ^^^^^^^^^^^^^^^^^^^^^^^^^^^^^^^^^^^^^^^^^^^^^^^^^^^^^^^^^^^^^^^^^^^^
  File "/home/ianblenke/github.com/ianblenke/carnot/nano-trm/.venv/lib/python3.12/site-packages/lightning/pytorch/trainer/call.py", line 329, in _call_strategy_hook
    output = fn(*args, **kwargs)
             ^^^^^^^^^^^^^^^^^^^
  File "/home/ianblenke/github.com/ianblenke/carnot/nano-trm/.venv/lib/python3.12/site-packages/lightning/pytorch/strategies/strategy.py", line 391, in training_step
    return self.lightning_module.training_step(*args, **kwargs)
           ^^^^^^^^^^^^^^^^^^^^^^^^^^^^^^^^^^^^^^^^^^^^^^^^^^^^
  File "/home/ianblenke/github.com/ianblenke/carnot/nano-trm/src/nn/models/trm.py", line 502, in training_step
    self.carry, loss, metrics, _ = self.compute_loss_and_metrics(self.carry, batch)
                                   ^^^^^^^^^^^^^^^^^^^^^^^^^^^^^^^^^^^^^^^^^^^^^^^^
  File "/home/ianblenke/github.com/ianblenke/carnot/nano-trm/src/nn/models/trm.py", line 425, in compute_loss_and_metrics
    new_carry, outputs = self.forward(carry, batch)
                         ^^^^^^^^^^^^^^^^^^^^^^^^^^
  File "/home/ianblenke/github.com/ianblenke/carnot/nano-trm/src/nn/models/trm.py", line 387, in forward
    new_inner_carry, logits, q_halt_logits = self.inner_forward(
                                             ^^^^^^^^^^^^^^^^^^^
  File "/home/ianblenke/github.com/ianblenke/carnot/nano-trm/src/nn/models/trm.py", line 362, in inner_forward
    z_H = self.lenet(z_H, z_L, **seq_info)
          ^^^^^^^^^^^^^^^^^^^^^^^^^^^^^^^^
  File "/home/ianblenke/github.com/ianblenke/carnot/nano-trm/.venv/lib/python3.12/site-packages/torch/nn/modules/module.py", line 1778, in _wrapped_call_impl
    return self._call_impl(*args, **kwargs)
           ^^^^^^^^^^^^^^^^^^^^^^^^^^^^^^^^
  File "/home/ianblenke/github.com/ianblenke/carnot/nano-trm/.venv/lib/python3.12/site-packages/torch/nn/modules/module.py", line 1789, in _call_impl
    return forward_call(*args, **kwargs)
           ^^^^^^^^^^^^^^^^^^^^^^^^^^^^^
  File "/home/ianblenke/github.com/ianblenke/carnot/nano-trm/src/nn/modules/trm_block.py", line 485, in forward
    hidden_states = layer(hidden_states=hidden_states, **kwargs)
                    ^^^^^^^^^^^^^^^^^^^^^^^^^^^^^^^^^^^^^^^^^^^^
  File "/home/ianblenke/github.com/ianblenke/carnot/nano-trm/.venv/lib/python3.12/site-packages/torch/nn/modules/module.py", line 1778, in _wrapped_call_impl
    return self._call_impl(*args, **kwargs)
           ^^^^^^^^^^^^^^^^^^^^^^^^^^^^^^^^
  File "/home/ianblenke/github.com/ianblenke/carnot/nano-trm/.venv/lib/python3.12/site-packages/torch/nn/modules/module.py", line 1789, in _call_impl
    return forward_call(*args, **kwargs)
           ^^^^^^^^^^^^^^^^^^^^^^^^^^^^^
  File "/home/ianblenke/github.com/ianblenke/carnot/nano-trm/src/nn/modules/trm_block.py", line 463, in forward
    out = self.mlp_t(hidden_states)
          ^^^^^^^^^^^^^^^^^^^^^^^^^
  File "/home/ianblenke/github.com/ianblenke/carnot/nano-trm/.venv/lib/python3.12/site-packages/torch/nn/modules/module.py", line 1778, in _wrapped_call_impl
    return self._call_impl(*args, **kwargs)
           ^^^^^^^^^^^^^^^^^^^^^^^^^^^^^^^^
  File "/home/ianblenke/github.com/ianblenke/carnot/nano-trm/.venv/lib/python3.12/site-packages/torch/nn/modules/module.py", line 1789, in _call_impl
    return forward_call(*args, **kwargs)
           ^^^^^^^^^^^^^^^^^^^^^^^^^^^^^
  File "/home/ianblenke/github.com/ianblenke/carnot/nano-trm/src/nn/modules/trm_block.py", line 190, in forward
    return self.down_proj(F.silu(gate) * up)
                          ~~~~~~~~~~~~~^~~~
torch.OutOfMemoryError: CUDA out of memory. Tried to allocate 192.00 MiB. GPU 0 has a total capacity of 23.56 GiB of which 86.31 MiB is free. Including non-PyTorch memory, this process has 23.46 GiB memory in use. Of the allocated memory 23.07 GiB is allocated by PyTorch, and 89.57 MiB is reserved by PyTorch but unallocated. If reserved but unallocated memory is large try setting PYTORCH_CUDA_ALLOC_CONF=expandable_segments:True to avoid fragmentation.  See documentation for Memory Management  (https://docs.pytorch.org/docs/stable/notes/cuda.html#optimizing-memory-usage-with-pytorch-cuda-alloc-conf)
[2026-06-13 12:19:25,242][src.nn.utils.utils][INFO] - [rank: 0] Output dir: /home/ianblenke/github.com/ianblenke/carnot/results/trm_runs/contiguous_run_hydra
Error executing job with overrides: ['experiment=trm_sudoku_extreme_1k_aug_1k', 'logger=csv', 'save_dir=null', 'append_wandb_name_to_save_dir=false', 'seed=4108', 'data.data_dir=./data/sudoku_extreme_1k_aug_1k', 'ckpt_path=/home/ianblenke/github.com/ianblenke/carnot/results/trm_runs/sudoku_extreme_baseline/last.ckpt', '+trainer.max_time=00:11:30:00', 'callbacks.model_checkpoint.monitor=val/exact_accuracy', 'callbacks.model_checkpoint.mode=max', 'callbacks.model_checkpoint.dirpath=/home/ianblenke/github.com/ianblenke/carnot/results/trm_runs/sudoku_extreme_baseline', 'callbacks.model_checkpoint.save_last=true', 'callbacks.model_checkpoint.save_top_k=1', 'callbacks.model_checkpoint.auto_insert_metric_name=false']
Traceback (most recent call last):
  File "/home/ianblenke/github.com/ianblenke/carnot/nano-trm/src/nn/train.py", line 156, in <module>
    main()
  File "/home/ianblenke/github.com/ianblenke/carnot/nano-trm/.venv/lib/python3.12/site-packages/hydra/main.py", line 94, in decorated_main
    _run_hydra(
  File "/home/ianblenke/github.com/ianblenke/carnot/nano-trm/.venv/lib/python3.12/site-packages/hydra/_internal/utils.py", line 394, in _run_hydra
    _run_app(
  File "/home/ianblenke/github.com/ianblenke/carnot/nano-trm/.venv/lib/python3.12/site-packages/hydra/_internal/utils.py", line 457, in _run_app
    run_and_report(
  File "/home/ianblenke/github.com/ianblenke/carnot/nano-trm/.venv/lib/python3.12/site-packages/hydra/_internal/utils.py", line 223, in run_and_report
    raise ex
  File "/home/ianblenke/github.com/ianblenke/carnot/nano-trm/.venv/lib/python3.12/site-packages/hydra/_internal/utils.py", line 220, in run_and_report
    return func()
           ^^^^^^
  File "/home/ianblenke/github.com/ianblenke/carnot/nano-trm/.venv/lib/python3.12/site-packages/hydra/_internal/utils.py", line 458, in <lambda>
    lambda: hydra.run(
            ^^^^^^^^^^
  File "/home/ianblenke/github.com/ianblenke/carnot/nano-trm/.venv/lib/python3.12/site-packages/hydra/_internal/hydra.py", line 132, in run
    _ = ret.return_value
        ^^^^^^^^^^^^^^^^
  File "/home/ianblenke/github.com/ianblenke/carnot/nano-trm/.venv/lib/python3.12/site-packages/hydra/core/utils.py", line 260, in return_value
    raise self._return_value
  File "/home/ianblenke/github.com/ianblenke/carnot/nano-trm/.venv/lib/python3.12/site-packages/hydra/core/utils.py", line 186, in run_job
    ret.return_value = task_function(task_cfg)
                       ^^^^^^^^^^^^^^^^^^^^^^^
  File "/home/ianblenke/github.com/ianblenke/carnot/nano-trm/src/nn/train.py", line 152, in main
    return train(cfg)
           ^^^^^^^^^^
  File "/home/ianblenke/github.com/ianblenke/carnot/nano-trm/src/nn/utils/utils.py", line 85, in wrap
    raise ex
  File "/home/ianblenke/github.com/ianblenke/carnot/nano-trm/src/nn/utils/utils.py", line 75, in wrap
    return_value = task_func(cfg=cfg)
                   ^^^^^^^^^^^^^^^^^^
  File "/home/ianblenke/github.com/ianblenke/carnot/nano-trm/src/nn/train.py", line 124, in train
    trainer.fit(model=model, datamodule=datamodule, ckpt_path=cfg.get("ckpt_path"), weights_only=False)
  File "/home/ianblenke/github.com/ianblenke/carnot/nano-trm/.venv/lib/python3.12/site-packages/lightning/pytorch/trainer/trainer.py", line 584, in fit
    call._call_and_handle_interrupt(
  File "/home/ianblenke/github.com/ianblenke/carnot/nano-trm/.venv/lib/python3.12/site-packages/lightning/pytorch/trainer/call.py", line 49, in _call_and_handle_interrupt
    return trainer_fn(*args, **kwargs)
           ^^^^^^^^^^^^^^^^^^^^^^^^^^^
  File "/home/ianblenke/github.com/ianblenke/carnot/nano-trm/.venv/lib/python3.12/site-packages/lightning/pytorch/trainer/trainer.py", line 630, in _fit_impl
    self._run(model, ckpt_path=ckpt_path, weights_only=weights_only)
  File "/home/ianblenke/github.com/ianblenke/carnot/nano-trm/.venv/lib/python3.12/site-packages/lightning/pytorch/trainer/trainer.py", line 1079, in _run
    results = self._run_stage()
              ^^^^^^^^^^^^^^^^^
  File "/home/ianblenke/github.com/ianblenke/carnot/nano-trm/.venv/lib/python3.12/site-packages/lightning/pytorch/trainer/trainer.py", line 1123, in _run_stage
    self.fit_loop.run()
  File "/home/ianblenke/github.com/ianblenke/carnot/nano-trm/.venv/lib/python3.12/site-packages/lightning/pytorch/loops/fit_loop.py", line 217, in run
    self.advance()
  File "/home/ianblenke/github.com/ianblenke/carnot/nano-trm/.venv/lib/python3.12/site-packages/lightning/pytorch/loops/fit_loop.py", line 469, in advance
    self.epoch_loop.run(self._data_fetcher)
  File "/home/ianblenke/github.com/ianblenke/carnot/nano-trm/.venv/lib/python3.12/site-packages/lightning/pytorch/loops/training_epoch_loop.py", line 153, in run
    self.advance(data_fetcher)
  File "/home/ianblenke/github.com/ianblenke/carnot/nano-trm/.venv/lib/python3.12/site-packages/lightning/pytorch/loops/training_epoch_loop.py", line 354, in advance
    batch_output = self.manual_optimization.run(kwargs)
                   ^^^^^^^^^^^^^^^^^^^^^^^^^^^^^^^^^^^^
  File "/home/ianblenke/github.com/ianblenke/carnot/nano-trm/.venv/lib/python3.12/site-packages/lightning/pytorch/loops/optimization/manual.py", line 95, in run
    self.advance(kwargs)
  File "/home/ianblenke/github.com/ianblenke/carnot/nano-trm/.venv/lib/python3.12/site-packages/lightning/pytorch/loops/optimization/manual.py", line 115, in advance
    training_step_output = call._call_strategy_hook(trainer, "training_step", *kwargs.values())
                           ^^^^^^^^^^^^^^^^^^^^^^^^^^^^^^^^^^^^^^^^^^^^^^^^^^^^^^^^^^^^^^^^^^^^
  File "/home/ianblenke/github.com/ianblenke/carnot/nano-trm/.venv/lib/python3.12/site-packages/lightning/pytorch/trainer/call.py", line 329, in _call_strategy_hook
    output = fn(*args, **kwargs)
             ^^^^^^^^^^^^^^^^^^^
  File "/home/ianblenke/github.com/ianblenke/carnot/nano-trm/.venv/lib/python3.12/site-packages/lightning/pytorch/strategies/strategy.py", line 391, in training_step
    return self.lightning_module.training_step(*args, **kwargs)
           ^^^^^^^^^^^^^^^^^^^^^^^^^^^^^^^^^^^^^^^^^^^^^^^^^^^^
  File "/home/ianblenke/github.com/ianblenke/carnot/nano-trm/src/nn/models/trm.py", line 502, in training_step
    self.carry, loss, metrics, _ = self.compute_loss_and_metrics(self.carry, batch)
                                   ^^^^^^^^^^^^^^^^^^^^^^^^^^^^^^^^^^^^^^^^^^^^^^^^
  File "/home/ianblenke/github.com/ianblenke/carnot/nano-trm/src/nn/models/trm.py", line 425, in compute_loss_and_metrics
    new_carry, outputs = self.forward(carry, batch)
                         ^^^^^^^^^^^^^^^^^^^^^^^^^^
  File "/home/ianblenke/github.com/ianblenke/carnot/nano-trm/src/nn/models/trm.py", line 387, in forward
    new_inner_carry, logits, q_halt_logits = self.inner_forward(
                                             ^^^^^^^^^^^^^^^^^^^
  File "/home/ianblenke/github.com/ianblenke/carnot/nano-trm/src/nn/models/trm.py", line 362, in inner_forward
    z_H = self.lenet(z_H, z_L, **seq_info)
          ^^^^^^^^^^^^^^^^^^^^^^^^^^^^^^^^
  File "/home/ianblenke/github.com/ianblenke/carnot/nano-trm/.venv/lib/python3.12/site-packages/torch/nn/modules/module.py", line 1778, in _wrapped_call_impl
    return self._call_impl(*args, **kwargs)
           ^^^^^^^^^^^^^^^^^^^^^^^^^^^^^^^^
  File "/home/ianblenke/github.com/ianblenke/carnot/nano-trm/.venv/lib/python3.12/site-packages/torch/nn/modules/module.py", line 1789, in _call_impl
    return forward_call(*args, **kwargs)
           ^^^^^^^^^^^^^^^^^^^^^^^^^^^^^
  File "/home/ianblenke/github.com/ianblenke/carnot/nano-trm/src/nn/modules/trm_block.py", line 485, in forward
    hidden_states = layer(hidden_states=hidden_states, **kwargs)
                    ^^^^^^^^^^^^^^^^^^^^^^^^^^^^^^^^^^^^^^^^^^^^
  File "/home/ianblenke/github.com/ianblenke/carnot/nano-trm/.venv/lib/python3.12/site-packages/torch/nn/modules/module.py", line 1778, in _wrapped_call_impl
    return self._call_impl(*args, **kwargs)
           ^^^^^^^^^^^^^^^^^^^^^^^^^^^^^^^^
  File "/home/ianblenke/github.com/ianblenke/carnot/nano-trm/.venv/lib/python3.12/site-packages/torch/nn/modules/module.py", line 1789, in _call_impl
    return forward_call(*args, **kwargs)
           ^^^^^^^^^^^^^^^^^^^^^^^^^^^^^
  File "/home/ianblenke/github.com/ianblenke/carnot/nano-trm/src/nn/modules/trm_block.py", line 463, in forward
    out = self.mlp_t(hidden_states)
          ^^^^^^^^^^^^^^^^^^^^^^^^^
  File "/home/ianblenke/github.com/ianblenke/carnot/nano-trm/.venv/lib/python3.12/site-packages/torch/nn/modules/module.py", line 1778, in _wrapped_call_impl
    return self._call_impl(*args, **kwargs)
           ^^^^^^^^^^^^^^^^^^^^^^^^^^^^^^^^
  File "/home/ianblenke/github.com/ianblenke/carnot/nano-trm/.venv/lib/python3.12/site-packages/torch/nn/modules/module.py", line 1789, in _call_impl
    return forward_call(*args, **kwargs)
           ^^^^^^^^^^^^^^^^^^^^^^^^^^^^^
  File "/home/ianblenke/github.com/ianblenke/carnot/nano-trm/src/nn/modules/trm_block.py", line 190, in forward
    return self.down_proj(F.silu(gate) * up)
                          ~~~~~~~~~~~~~^~~~
torch.OutOfMemoryError: CUDA out of memory. Tried to allocate 192.00 MiB. GPU 0 has a total capacity of 23.56 GiB of which 86.31 MiB is free. Including non-PyTorch memory, this process has 23.46 GiB memory in use. Of the allocated memory 23.07 GiB is allocated by PyTorch, and 89.57 MiB is reserved by PyTorch but unallocated. If reserved but unallocated memory is large try setting PYTORCH_CUDA_ALLOC_CONF=expandable_segments:True to avoid fragmentation.  See documentation for Memory Management  (https://docs.pytorch.org/docs/stable/notes/cuda.html#optimizing-memory-usage-with-pytorch-cuda-alloc-conf)
[[36m2026-06-18 23:14:32,896[0m][[34msrc.nn.utils.utils[0m][[32mINFO[0m] - [rank: 0] Enforcing tags! <cfg.extras.enforce_tags=True>[0m
[[36m2026-06-18 23:14:32,905[0m][[34msrc.nn.utils.utils[0m][[32mINFO[0m] - [rank: 0] Printing config tree with Rich! <cfg.extras.print_config=True>[0m
CONFIG
├── data
│   └── _target_: src.nn.data.SudokuDataModule
│       _recursive_: false
│       batch_size: 768
│       num_workers: 0
│       num_train_puzzles: 0
│       num_val_puzzles: 0
│       num_test_puzzles: 0
│       grid_size: 9
│       max_grid_size: 9
│       min_givens: null
│       max_givens: null
│       seed: 42
│       data_dir: ./data/sudoku_extreme_1k_aug_1k
│       pad_value: 0
│       
├── model
│   └── _target_: src.nn.models.trm.TRMModule
│       _recursive_: false
│       ffn_expansion: 4
│       hidden_size: 512
│       num_layers: 2
│       N_supervision: 16
│       N_supervision_val: 16
│       learning_rate: 0.0001
│       H_cycles: 3
│       L_cycles: 6
│       learning_rate_emb: 0.0001
│       weight_decay: 1.0
│       halt_exploration_prob: 0.1
│       warmup_steps: 2000
│       num_heads: 8
│       puzzle_emb_dim: 0
│       puzzle_emb_len: 0
│       rope_theta: 10000
│       pos_emb_type: 'null'
│       lr_min_ratio: 0.01
│       use_mlp_t: true
│       use_conv_swiglu: false
│       use_board_swiglu: false
│       use_muon: false
│       output_dir: None
│       num_puzzles: 0
│       batch_size: 0
│       pad_value: 0
│       max_grid_size: 0
│       vocab_size: 0
│       seq_len: 0
│       
├── callbacks
│   └── model_checkpoint:
│         _target_: lightning.pytorch.callbacks.ModelCheckpoint
│         dirpath: /home/ianblenke/github.com/ianblenke/carnot/results/trm_runs/
│         filename: epoch_{epoch:03d}
│         monitor: val/exact_accuracy
│         verbose: false
│         save_last: true
│         save_top_k: 1
│         mode: max
│         auto_insert_metric_name: false
│         save_weights_only: false
│         every_n_train_steps: null
│         train_time_interval: null
│         every_n_epochs: null
│         save_on_train_epoch_end: null
│       ema:
│         _target_: src.nn.callbacks.ema.EMACallback
│         decay: 0.999
│         use_ema_for_validation: true
│         use_ema_for_test: true
│       
├── logger
│   └── csv:
│         _target_: lightning.pytorch.loggers.csv_logs.CSVLogger
│         save_dir: /home/ianblenke/github.com/ianblenke/carnot/results/trm_runs
│         name: csv/
│         prefix: ''
│       
├── trainer
│   └── _target_: lightning.pytorch.trainer.Trainer
│       min_epochs: 1
│       max_epochs: 50000
│       accelerator: gpu
│       devices: 1
│       check_val_every_n_epoch: 100
│       deterministic: false
│       precision: bf16-mixed
│       max_time: 00:12:00:00
│       
├── paths
│   └── log_dir: .
│       output_dir: /home/ianblenke/github.com/ianblenke/carnot/results/trm_runs
│       
├── extras
│   └── ignore_warnings: false
│       enforce_tags: true
│       print_config: true
│       
├── task_name
│   └── train
├── tags
│   └── ['sudoku', 'trm', 'extreme']
├── ckpt_path
│   └── /home/ianblenke/github.com/ianblenke/carnot/results/trm_runs/sudoku_extr
├── save_dir
│   └── None
├── seed
│   └── 4108
├── sweep_mode
│   └── False
├── append_wandb_name_to_save_dir
│   └── False
├── timekeeping
│   └── max_epochs: 50000
│       batch_size: 768
│       num_workers: 0
│       
└── model_tuning
    └── learning_rate: 0.0001
        learning_rate_emb: 0.0001
        warmup_steps: 2000
        weight_decay: 1.0
        lr_min_ratio: 0.01
        num_heads: 8
        halt_exploration_prob: 0.1
        N_supervision: 16
        N_supervision_val: 16
        H_cycles: 3
        L_cycles: 6
        num_layers: 2
        puzzle_emb_dim: 0
        puzzle_emb_len: 0
        hidden_size: 512
        ffn_expansion: 4
        rope_theta: 10000
        pos_emb_type: 'null'
        use_mlp_t: true
        use_conv_swiglu: false
        use_board_swiglu: false
        use_muon: false
        
Seed set to 4108
[[36m2026-06-18 23:14:32,963[0m][[34m__main__[0m][[32mINFO[0m] - [rank: 0] Instantiating datamodule <src.nn.data.SudokuDataModule>[0m
[[36m2026-06-18 23:14:32,969[0m][[34msrc.nn.data.sudoku_datamodule[0m][[32mINFO[0m] - [rank: 0] ✓ Loaded metadata from ./data/sudoku_extreme_1k_aug_1k/metadata.json[0m
[[36m2026-06-18 23:14:32,969[0m][[34msrc.nn.data.sudoku_datamodule[0m][[32mINFO[0m] - [rank: 0]   Train: 1000 groups, 1001000 total puzzles[0m
[[36m2026-06-18 23:14:32,983[0m][[34m__main__[0m][[32mINFO[0m] - [rank: 0] Setting model config from data module:  num_puzzles = 1 batch_size = 768 vocab_size = 12[0m
[[36m2026-06-18 23:14:32,984[0m][[34m__main__[0m][[32mINFO[0m] - [rank: 0] Instantiating model <src.nn.models.trm.TRMModule>[0m
Failed to import adam2
Auto-casting TRM to torch.bfloat16
[[36m2026-06-18 23:14:34,135[0m][[34msrc.nn.models.trm[0m][[32mINFO[0m] - [rank: 0] Creating TRM with vocab size=12, seq_len=81, puzzle_emb_len=0 pos_emb_type='null' puzzle_emb_dim=0[0m
[[36m2026-06-18 23:14:34,136[0m][[34msrc.nn.models.trm[0m][[32mINFO[0m] - [rank: 0] use_mlp_t=True, use_conv_swiglu=False, use_board_swiglu=False[0m
[[36m2026-06-18 23:14:34,166[0m][[34msrc.nn.models.trm[0m][[32mINFO[0m] - [rank: 0] Not using Rotary Embeddings[0m
[[36m2026-06-18 23:14:34,229[0m][[34msrc.nn.models.trm[0m][[32mINFO[0m] - [rank: 0] puzzle_emb_dim <= 0, not creating puzzle embeddings[0m
[[36m2026-06-18 23:14:34,229[0m][[34m__main__[0m][[32mINFO[0m] - [rank: 0] Instantiating callbacks...[0m
[[36m2026-06-18 23:14:34,230[0m][[34msrc.nn.utils.instantiators[0m][[32mINFO[0m] - [rank: 0] Instantiating callback <lightning.pytorch.callbacks.ModelCheckpoint>[0m
[[36m2026-06-18 23:14:34,234[0m][[34msrc.nn.utils.instantiators[0m][[32mINFO[0m] - [rank: 0] Instantiating callback <src.nn.callbacks.ema.EMACallback>[0m
[[36m2026-06-18 23:14:34,237[0m][[34m__main__[0m][[32mINFO[0m] - [rank: 0] Instantiating loggers...[0m
[[36m2026-06-18 23:14:34,237[0m][[34msrc.nn.utils.instantiators[0m][[32mINFO[0m] - [rank: 0] Instantiating logger <lightning.pytorch.loggers.csv_logs.CSVLogger>[0m
[[36m2026-06-18 23:14:34,239[0m][[34m__main__[0m][[32mINFO[0m] - [rank: 0] Instantiating trainer <lightning.pytorch.trainer.Trainer>[0m
Using bfloat16 Automatic Mixed Precision (AMP)
GPU available: True (cuda), used: True
TPU available: False, using: 0 TPU cores
💡 Tip: For seamless cloud logging and experiment tracking, try installing [litlogger](https://pypi.org/project/litlogger/) to enable LitLogger, which logs metrics and artifacts automatically to the Lightning Experiments platform.
[[36m2026-06-18 23:14:34,255[0m][[34m__main__[0m][[32mINFO[0m] - [rank: 0] Logging hyperparameters![0m
[[36m2026-06-18 23:14:34,273[0m][[34m__main__[0m][[32mINFO[0m] - [rank: 0] Starting training![0m
[[36m2026-06-18 23:14:34,277[0m][[34m__main__[0m][[32mINFO[0m] - [rank: 0] Val check interval: default (1.0)[0m
[[36m2026-06-18 23:14:34,277[0m][[34m__main__[0m][[32mINFO[0m] - [rank: 0] Check val every n epoch: 100[0m
[[36m2026-06-18 23:14:34,278[0m][[34m__main__[0m][[32mINFO[0m] - [rank: 0] Steps per epoch: 1303[0m
[[36m2026-06-18 23:14:34,278[0m][[34m__main__[0m][[32mINFO[0m] - [rank: 0] Max epochs: 50000[0m
[[36m2026-06-18 23:14:34,278[0m][[34m__main__[0m][[32mINFO[0m] - [rank: 0] Batch size: 768[0m
You are using a CUDA device ('NVIDIA GeForce RTX 3090') that has Tensor Cores. To properly utilize them, you should set `torch.set_float32_matmul_precision('medium' | 'high')` which will trade-off precision for performance. For more details, read https://pytorch.org/docs/stable/generated/torch.set_float32_matmul_precision.html#torch.set_float32_matmul_precision
[[36m2026-06-18 23:14:34,506[0m][[34msrc.nn.models.trm[0m][[32mINFO[0m] - [rank: 0] Training configuration:[0m
[[36m2026-06-18 23:14:34,506[0m][[34msrc.nn.models.trm[0m][[32mINFO[0m] - [rank: 0]   Groups (unique puzzles): 1000[0m
[[36m2026-06-18 23:14:34,506[0m][[34msrc.nn.models.trm[0m][[32mINFO[0m] - [rank: 0]   Total puzzles (with aug): 1001000[0m
[[36m2026-06-18 23:14:34,507[0m][[34msrc.nn.models.trm[0m][[32mINFO[0m] - [rank: 0]   Steps per epoch: 1[0m
[[36m2026-06-18 23:14:34,507[0m][[34msrc.nn.models.trm[0m][[32mINFO[0m] - [rank: 0]   Total steps: 50000[0m
[[36m2026-06-18 23:14:34,507[0m][[34msrc.nn.models.trm[0m][[32mINFO[0m] - [rank: 0] ************************************************************[0m
[[36m2026-06-18 23:14:34,507[0m][[34msrc.nn.models.trm[0m][[32mINFO[0m] - [rank: 0] torch.compile not available or disabled, running uncompiled[0m
Restoring states from the checkpoint path at /home/ianblenke/github.com/ianblenke/carnot/results/trm_runs/sudoku_extreme_baseline/last.ckpt
[[36m2026-06-18 23:14:34,593[0m][[34msrc.nn.models.trm[0m][[32mINFO[0m] - [rank: 0] Restored manual LR step: 40906[0m
LOCAL_RANK: 0 - CUDA_VISIBLE_DEVICES: [1]
┏━━━┳━━━━━━━━━━━━━━━━━┳━━━━━━━━━━━━━━━━━┳━━━━━━━━┳━━━━━━━┳━━━━━━━┓
┃   ┃ Name            ┃ Type            ┃ Params ┃ Mode  ┃ FLOPs ┃
┡━━━╇━━━━━━━━━━━━━━━━━╇━━━━━━━━━━━━━━━━━╇━━━━━━━━╇━━━━━━━╇━━━━━━━┩
│ 0 │ input_embedding │ CastedEmbedding │  6.1 K │ train │     0 │
│ 1 │ lenet           │ ReasoningModule │  4.8 M │ train │     0 │
│ 2 │ lm_head         │ CastedLinear    │  6.1 K │ train │     0 │
│ 3 │ q_head          │ CastedLinear    │    513 │ train │     0 │
└───┴─────────────────┴─────────────────┴────────┴───────┴───────┘
Trainable params: 4.9 M                                                         
Non-trainable params: 0                                                         
Total params: 4.9 M                                                             
Total estimated model params size (MB): 19.423                                  
Modules in train mode: 19                                                       
Modules in eval mode: 0                                                         
Total FLOPs: 0                                                                  
Restored all states from the checkpoint at /home/ianblenke/github.com/ianblenke/carnot/results/trm_runs/sudoku_extreme_baseline/last.ckpt
[[36m2026-06-18 23:14:34,658[0m][[34msrc.nn.data.sudoku_datamodule[0m][[32mINFO[0m] - [rank: 0] Creating train dataloader with batch size 768 and num_workers 0 and prefetch_factor None[0m
[[36m2026-06-18 23:14:36,290[0m][[34msrc.nn.utils.utils[0m][[31mERROR[0m] - [rank: 0] [0m
Traceback (most recent call last):
  File "/home/ianblenke/github.com/ianblenke/carnot/nano-trm/src/nn/utils/utils.py", line 75, in wrap
    return_value = task_func(cfg=cfg)
                   ^^^^^^^^^^^^^^^^^^
  File "/home/ianblenke/github.com/ianblenke/carnot/nano-trm/src/nn/train.py", line 124, in train
    trainer.fit(model=model, datamodule=datamodule, ckpt_path=cfg.get("ckpt_path"), weights_only=False)
  File "/home/ianblenke/github.com/ianblenke/carnot/nano-trm/.venv/lib/python3.12/site-packages/lightning/pytorch/trainer/trainer.py", line 584, in fit
    call._call_and_handle_interrupt(
  File "/home/ianblenke/github.com/ianblenke/carnot/nano-trm/.venv/lib/python3.12/site-packages/lightning/pytorch/trainer/call.py", line 49, in _call_and_handle_interrupt
    return trainer_fn(*args, **kwargs)
           ^^^^^^^^^^^^^^^^^^^^^^^^^^^
  File "/home/ianblenke/github.com/ianblenke/carnot/nano-trm/.venv/lib/python3.12/site-packages/lightning/pytorch/trainer/trainer.py", line 630, in _fit_impl
    self._run(model, ckpt_path=ckpt_path, weights_only=weights_only)
  File "/home/ianblenke/github.com/ianblenke/carnot/nano-trm/.venv/lib/python3.12/site-packages/lightning/pytorch/trainer/trainer.py", line 1079, in _run
    results = self._run_stage()
              ^^^^^^^^^^^^^^^^^
  File "/home/ianblenke/github.com/ianblenke/carnot/nano-trm/.venv/lib/python3.12/site-packages/lightning/pytorch/trainer/trainer.py", line 1123, in _run_stage
    self.fit_loop.run()
  File "/home/ianblenke/github.com/ianblenke/carnot/nano-trm/.venv/lib/python3.12/site-packages/lightning/pytorch/loops/fit_loop.py", line 217, in run
    self.advance()
  File "/home/ianblenke/github.com/ianblenke/carnot/nano-trm/.venv/lib/python3.12/site-packages/lightning/pytorch/loops/fit_loop.py", line 469, in advance
    self.epoch_loop.run(self._data_fetcher)
  File "/home/ianblenke/github.com/ianblenke/carnot/nano-trm/.venv/lib/python3.12/site-packages/lightning/pytorch/loops/training_epoch_loop.py", line 153, in run
    self.advance(data_fetcher)
  File "/home/ianblenke/github.com/ianblenke/carnot/nano-trm/.venv/lib/python3.12/site-packages/lightning/pytorch/loops/training_epoch_loop.py", line 354, in advance
    batch_output = self.manual_optimization.run(kwargs)
                   ^^^^^^^^^^^^^^^^^^^^^^^^^^^^^^^^^^^^
  File "/home/ianblenke/github.com/ianblenke/carnot/nano-trm/.venv/lib/python3.12/site-packages/lightning/pytorch/loops/optimization/manual.py", line 95, in run
    self.advance(kwargs)
  File "/home/ianblenke/github.com/ianblenke/carnot/nano-trm/.venv/lib/python3.12/site-packages/lightning/pytorch/loops/optimization/manual.py", line 115, in advance
    training_step_output = call._call_strategy_hook(trainer, "training_step", *kwargs.values())
                           ^^^^^^^^^^^^^^^^^^^^^^^^^^^^^^^^^^^^^^^^^^^^^^^^^^^^^^^^^^^^^^^^^^^^
  File "/home/ianblenke/github.com/ianblenke/carnot/nano-trm/.venv/lib/python3.12/site-packages/lightning/pytorch/trainer/call.py", line 329, in _call_strategy_hook
    output = fn(*args, **kwargs)
             ^^^^^^^^^^^^^^^^^^^
  File "/home/ianblenke/github.com/ianblenke/carnot/nano-trm/.venv/lib/python3.12/site-packages/lightning/pytorch/strategies/strategy.py", line 391, in training_step
    return self.lightning_module.training_step(*args, **kwargs)
           ^^^^^^^^^^^^^^^^^^^^^^^^^^^^^^^^^^^^^^^^^^^^^^^^^^^^
  File "/home/ianblenke/github.com/ianblenke/carnot/nano-trm/src/nn/models/trm.py", line 502, in training_step
    self.carry, loss, metrics, _ = self.compute_loss_and_metrics(self.carry, batch)
                                   ^^^^^^^^^^^^^^^^^^^^^^^^^^^^^^^^^^^^^^^^^^^^^^^^
  File "/home/ianblenke/github.com/ianblenke/carnot/nano-trm/src/nn/models/trm.py", line 425, in compute_loss_and_metrics
    new_carry, outputs = self.forward(carry, batch)
                         ^^^^^^^^^^^^^^^^^^^^^^^^^^
  File "/home/ianblenke/github.com/ianblenke/carnot/nano-trm/src/nn/models/trm.py", line 387, in forward
    new_inner_carry, logits, q_halt_logits = self.inner_forward(
                                             ^^^^^^^^^^^^^^^^^^^
  File "/home/ianblenke/github.com/ianblenke/carnot/nano-trm/src/nn/models/trm.py", line 362, in inner_forward
    z_H = self.lenet(z_H, z_L, **seq_info)
          ^^^^^^^^^^^^^^^^^^^^^^^^^^^^^^^^
  File "/home/ianblenke/github.com/ianblenke/carnot/nano-trm/.venv/lib/python3.12/site-packages/torch/nn/modules/module.py", line 1778, in _wrapped_call_impl
    return self._call_impl(*args, **kwargs)
           ^^^^^^^^^^^^^^^^^^^^^^^^^^^^^^^^
  File "/home/ianblenke/github.com/ianblenke/carnot/nano-trm/.venv/lib/python3.12/site-packages/torch/nn/modules/module.py", line 1789, in _call_impl
    return forward_call(*args, **kwargs)
           ^^^^^^^^^^^^^^^^^^^^^^^^^^^^^
  File "/home/ianblenke/github.com/ianblenke/carnot/nano-trm/src/nn/modules/trm_block.py", line 485, in forward
    hidden_states = layer(hidden_states=hidden_states, **kwargs)
                    ^^^^^^^^^^^^^^^^^^^^^^^^^^^^^^^^^^^^^^^^^^^^
  File "/home/ianblenke/github.com/ianblenke/carnot/nano-trm/.venv/lib/python3.12/site-packages/torch/nn/modules/module.py", line 1778, in _wrapped_call_impl
    return self._call_impl(*args, **kwargs)
           ^^^^^^^^^^^^^^^^^^^^^^^^^^^^^^^^
  File "/home/ianblenke/github.com/ianblenke/carnot/nano-trm/.venv/lib/python3.12/site-packages/torch/nn/modules/module.py", line 1789, in _call_impl
    return forward_call(*args, **kwargs)
           ^^^^^^^^^^^^^^^^^^^^^^^^^^^^^
  File "/home/ianblenke/github.com/ianblenke/carnot/nano-trm/src/nn/modules/trm_block.py", line 463, in forward
    out = self.mlp_t(hidden_states)
          ^^^^^^^^^^^^^^^^^^^^^^^^^
  File "/home/ianblenke/github.com/ianblenke/carnot/nano-trm/.venv/lib/python3.12/site-packages/torch/nn/modules/module.py", line 1778, in _wrapped_call_impl
    return self._call_impl(*args, **kwargs)
           ^^^^^^^^^^^^^^^^^^^^^^^^^^^^^^^^
  File "/home/ianblenke/github.com/ianblenke/carnot/nano-trm/.venv/lib/python3.12/site-packages/torch/nn/modules/module.py", line 1789, in _call_impl
    return forward_call(*args, **kwargs)
           ^^^^^^^^^^^^^^^^^^^^^^^^^^^^^
  File "/home/ianblenke/github.com/ianblenke/carnot/nano-trm/src/nn/modules/trm_block.py", line 190, in forward
    return self.down_proj(F.silu(gate) * up)
                          ~~~~~~~~~~~~~^~~~
torch.OutOfMemoryError: CUDA out of memory. Tried to allocate 192.00 MiB. GPU 0 has a total capacity of 23.56 GiB of which 86.25 MiB is free. Including non-PyTorch memory, this process has 23.46 GiB memory in use. Of the allocated memory 23.07 GiB is allocated by PyTorch, and 89.57 MiB is reserved by PyTorch but unallocated. If reserved but unallocated memory is large try setting PYTORCH_CUDA_ALLOC_CONF=expandable_segments:True to avoid fragmentation.  See documentation for Memory Management  (https://docs.pytorch.org/docs/stable/notes/cuda.html#optimizing-memory-usage-with-pytorch-cuda-alloc-conf)
[[36m2026-06-18 23:14:36,297[0m][[34msrc.nn.utils.utils[0m][[32mINFO[0m] - [rank: 0] Output dir: /home/ianblenke/github.com/ianblenke/carnot/results/trm_runs/contiguous_run_hydra[0m
Error executing job with overrides: ['experiment=trm_sudoku_extreme_1k_aug_1k', 'logger=csv', 'save_dir=null', 'append_wandb_name_to_save_dir=false', 'seed=4108', 'data.data_dir=./data/sudoku_extreme_1k_aug_1k', 'ckpt_path=/home/ianblenke/github.com/ianblenke/carnot/results/trm_runs/sudoku_extreme_baseline/last.ckpt', '+trainer.max_time=00:12:00:00', 'callbacks.model_checkpoint.monitor=val/exact_accuracy', 'callbacks.model_checkpoint.mode=max', 'callbacks.model_checkpoint.dirpath=/home/ianblenke/github.com/ianblenke/carnot/results/trm_runs/sudoku_extreme_baseline', 'callbacks.model_checkpoint.save_last=true', 'callbacks.model_checkpoint.save_top_k=1', 'callbacks.model_checkpoint.auto_insert_metric_name=false']
Traceback (most recent call last):
  File "/home/ianblenke/github.com/ianblenke/carnot/nano-trm/src/nn/train.py", line 156, in <module>
    main()
  File "/home/ianblenke/github.com/ianblenke/carnot/nano-trm/.venv/lib/python3.12/site-packages/hydra/main.py", line 94, in decorated_main
    _run_hydra(
  File "/home/ianblenke/github.com/ianblenke/carnot/nano-trm/.venv/lib/python3.12/site-packages/hydra/_internal/utils.py", line 394, in _run_hydra
    _run_app(
  File "/home/ianblenke/github.com/ianblenke/carnot/nano-trm/.venv/lib/python3.12/site-packages/hydra/_internal/utils.py", line 457, in _run_app
    run_and_report(
  File "/home/ianblenke/github.com/ianblenke/carnot/nano-trm/.venv/lib/python3.12/site-packages/hydra/_internal/utils.py", line 223, in run_and_report
    raise ex
  File "/home/ianblenke/github.com/ianblenke/carnot/nano-trm/.venv/lib/python3.12/site-packages/hydra/_internal/utils.py", line 220, in run_and_report
    return func()
           ^^^^^^
  File "/home/ianblenke/github.com/ianblenke/carnot/nano-trm/.venv/lib/python3.12/site-packages/hydra/_internal/utils.py", line 458, in <lambda>
    lambda: hydra.run(
            ^^^^^^^^^^
  File "/home/ianblenke/github.com/ianblenke/carnot/nano-trm/.venv/lib/python3.12/site-packages/hydra/_internal/hydra.py", line 132, in run
    _ = ret.return_value
        ^^^^^^^^^^^^^^^^
  File "/home/ianblenke/github.com/ianblenke/carnot/nano-trm/.venv/lib/python3.12/site-packages/hydra/core/utils.py", line 260, in return_value
    raise self._return_value
  File "/home/ianblenke/github.com/ianblenke/carnot/nano-trm/.venv/lib/python3.12/site-packages/hydra/core/utils.py", line 186, in run_job
    ret.return_value = task_function(task_cfg)
                       ^^^^^^^^^^^^^^^^^^^^^^^
  File "/home/ianblenke/github.com/ianblenke/carnot/nano-trm/src/nn/train.py", line 152, in main
    return train(cfg)
           ^^^^^^^^^^
  File "/home/ianblenke/github.com/ianblenke/carnot/nano-trm/src/nn/utils/utils.py", line 85, in wrap
    raise ex
  File "/home/ianblenke/github.com/ianblenke/carnot/nano-trm/src/nn/utils/utils.py", line 75, in wrap
    return_value = task_func(cfg=cfg)
                   ^^^^^^^^^^^^^^^^^^
  File "/home/ianblenke/github.com/ianblenke/carnot/nano-trm/src/nn/train.py", line 124, in train
    trainer.fit(model=model, datamodule=datamodule, ckpt_path=cfg.get("ckpt_path"), weights_only=False)
  File "/home/ianblenke/github.com/ianblenke/carnot/nano-trm/.venv/lib/python3.12/site-packages/lightning/pytorch/trainer/trainer.py", line 584, in fit
    call._call_and_handle_interrupt(
  File "/home/ianblenke/github.com/ianblenke/carnot/nano-trm/.venv/lib/python3.12/site-packages/lightning/pytorch/trainer/call.py", line 49, in _call_and_handle_interrupt
    return trainer_fn(*args, **kwargs)
           ^^^^^^^^^^^^^^^^^^^^^^^^^^^
  File "/home/ianblenke/github.com/ianblenke/carnot/nano-trm/.venv/lib/python3.12/site-packages/lightning/pytorch/trainer/trainer.py", line 630, in _fit_impl
    self._run(model, ckpt_path=ckpt_path, weights_only=weights_only)
  File "/home/ianblenke/github.com/ianblenke/carnot/nano-trm/.venv/lib/python3.12/site-packages/lightning/pytorch/trainer/trainer.py", line 1079, in _run
    results = self._run_stage()
              ^^^^^^^^^^^^^^^^^
  File "/home/ianblenke/github.com/ianblenke/carnot/nano-trm/.venv/lib/python3.12/site-packages/lightning/pytorch/trainer/trainer.py", line 1123, in _run_stage
    self.fit_loop.run()
  File "/home/ianblenke/github.com/ianblenke/carnot/nano-trm/.venv/lib/python3.12/site-packages/lightning/pytorch/loops/fit_loop.py", line 217, in run
    self.advance()
  File "/home/ianblenke/github.com/ianblenke/carnot/nano-trm/.venv/lib/python3.12/site-packages/lightning/pytorch/loops/fit_loop.py", line 469, in advance
    self.epoch_loop.run(self._data_fetcher)
  File "/home/ianblenke/github.com/ianblenke/carnot/nano-trm/.venv/lib/python3.12/site-packages/lightning/pytorch/loops/training_epoch_loop.py", line 153, in run
    self.advance(data_fetcher)
  File "/home/ianblenke/github.com/ianblenke/carnot/nano-trm/.venv/lib/python3.12/site-packages/lightning/pytorch/loops/training_epoch_loop.py", line 354, in advance
    batch_output = self.manual_optimization.run(kwargs)
                   ^^^^^^^^^^^^^^^^^^^^^^^^^^^^^^^^^^^^
  File "/home/ianblenke/github.com/ianblenke/carnot/nano-trm/.venv/lib/python3.12/site-packages/lightning/pytorch/loops/optimization/manual.py", line 95, in run
    self.advance(kwargs)
  File "/home/ianblenke/github.com/ianblenke/carnot/nano-trm/.venv/lib/python3.12/site-packages/lightning/pytorch/loops/optimization/manual.py", line 115, in advance
    training_step_output = call._call_strategy_hook(trainer, "training_step", *kwargs.values())
                           ^^^^^^^^^^^^^^^^^^^^^^^^^^^^^^^^^^^^^^^^^^^^^^^^^^^^^^^^^^^^^^^^^^^^
  File "/home/ianblenke/github.com/ianblenke/carnot/nano-trm/.venv/lib/python3.12/site-packages/lightning/pytorch/trainer/call.py", line 329, in _call_strategy_hook
    output = fn(*args, **kwargs)
             ^^^^^^^^^^^^^^^^^^^
  File "/home/ianblenke/github.com/ianblenke/carnot/nano-trm/.venv/lib/python3.12/site-packages/lightning/pytorch/strategies/strategy.py", line 391, in training_step
    return self.lightning_module.training_step(*args, **kwargs)
           ^^^^^^^^^^^^^^^^^^^^^^^^^^^^^^^^^^^^^^^^^^^^^^^^^^^^
  File "/home/ianblenke/github.com/ianblenke/carnot/nano-trm/src/nn/models/trm.py", line 502, in training_step
    self.carry, loss, metrics, _ = self.compute_loss_and_metrics(self.carry, batch)
                                   ^^^^^^^^^^^^^^^^^^^^^^^^^^^^^^^^^^^^^^^^^^^^^^^^
  File "/home/ianblenke/github.com/ianblenke/carnot/nano-trm/src/nn/models/trm.py", line 425, in compute_loss_and_metrics
    new_carry, outputs = self.forward(carry, batch)
                         ^^^^^^^^^^^^^^^^^^^^^^^^^^
  File "/home/ianblenke/github.com/ianblenke/carnot/nano-trm/src/nn/models/trm.py", line 387, in forward
    new_inner_carry, logits, q_halt_logits = self.inner_forward(
                                             ^^^^^^^^^^^^^^^^^^^
  File "/home/ianblenke/github.com/ianblenke/carnot/nano-trm/src/nn/models/trm.py", line 362, in inner_forward
    z_H = self.lenet(z_H, z_L, **seq_info)
          ^^^^^^^^^^^^^^^^^^^^^^^^^^^^^^^^
  File "/home/ianblenke/github.com/ianblenke/carnot/nano-trm/.venv/lib/python3.12/site-packages/torch/nn/modules/module.py", line 1778, in _wrapped_call_impl
    return self._call_impl(*args, **kwargs)
           ^^^^^^^^^^^^^^^^^^^^^^^^^^^^^^^^
  File "/home/ianblenke/github.com/ianblenke/carnot/nano-trm/.venv/lib/python3.12/site-packages/torch/nn/modules/module.py", line 1789, in _call_impl
    return forward_call(*args, **kwargs)
           ^^^^^^^^^^^^^^^^^^^^^^^^^^^^^
  File "/home/ianblenke/github.com/ianblenke/carnot/nano-trm/src/nn/modules/trm_block.py", line 485, in forward
    hidden_states = layer(hidden_states=hidden_states, **kwargs)
                    ^^^^^^^^^^^^^^^^^^^^^^^^^^^^^^^^^^^^^^^^^^^^
  File "/home/ianblenke/github.com/ianblenke/carnot/nano-trm/.venv/lib/python3.12/site-packages/torch/nn/modules/module.py", line 1778, in _wrapped_call_impl
    return self._call_impl(*args, **kwargs)
           ^^^^^^^^^^^^^^^^^^^^^^^^^^^^^^^^
  File "/home/ianblenke/github.com/ianblenke/carnot/nano-trm/.venv/lib/python3.12/site-packages/torch/nn/modules/module.py", line 1789, in _call_impl
    return forward_call(*args, **kwargs)
           ^^^^^^^^^^^^^^^^^^^^^^^^^^^^^
  File "/home/ianblenke/github.com/ianblenke/carnot/nano-trm/src/nn/modules/trm_block.py", line 463, in forward
    out = self.mlp_t(hidden_states)
          ^^^^^^^^^^^^^^^^^^^^^^^^^
  File "/home/ianblenke/github.com/ianblenke/carnot/nano-trm/.venv/lib/python3.12/site-packages/torch/nn/modules/module.py", line 1778, in _wrapped_call_impl
    return self._call_impl(*args, **kwargs)
           ^^^^^^^^^^^^^^^^^^^^^^^^^^^^^^^^
  File "/home/ianblenke/github.com/ianblenke/carnot/nano-trm/.venv/lib/python3.12/site-packages/torch/nn/modules/module.py", line 1789, in _call_impl
    return forward_call(*args, **kwargs)
           ^^^^^^^^^^^^^^^^^^^^^^^^^^^^^
  File "/home/ianblenke/github.com/ianblenke/carnot/nano-trm/src/nn/modules/trm_block.py", line 190, in forward
    return self.down_proj(F.silu(gate) * up)
                          ~~~~~~~~~~~~~^~~~
torch.OutOfMemoryError: CUDA out of memory. Tried to allocate 192.00 MiB. GPU 0 has a total capacity of 23.56 GiB of which 86.25 MiB is free. Including non-PyTorch memory, this process has 23.46 GiB memory in use. Of the allocated memory 23.07 GiB is allocated by PyTorch, and 89.57 MiB is reserved by PyTorch but unallocated. If reserved but unallocated memory is large try setting PYTORCH_CUDA_ALLOC_CONF=expandable_segments:True to avoid fragmentation.  See documentation for Memory Management  (https://docs.pytorch.org/docs/stable/notes/cuda.html#optimizing-memory-usage-with-pytorch-cuda-alloc-conf)
[[36m2026-06-18 23:17:50,898[0m][[34msrc.nn.utils.utils[0m][[32mINFO[0m] - [rank: 0] Enforcing tags! <cfg.extras.enforce_tags=True>[0m
[[36m2026-06-18 23:17:50,903[0m][[34msrc.nn.utils.utils[0m][[32mINFO[0m] - [rank: 0] Printing config tree with Rich! <cfg.extras.print_config=True>[0m
CONFIG
├── data
│   └── _target_: src.nn.data.SudokuDataModule
│       _recursive_: false
│       batch_size: 384
│       num_workers: 0
│       num_train_puzzles: 0
│       num_val_puzzles: 0
│       num_test_puzzles: 0
│       grid_size: 9
│       max_grid_size: 9
│       min_givens: null
│       max_givens: null
│       seed: 42
│       data_dir: ./data/sudoku_extreme_1k_aug_1k
│       pad_value: 0
│       
├── model
│   └── _target_: src.nn.models.trm.TRMModule
│       _recursive_: false
│       ffn_expansion: 4
│       hidden_size: 512
│       num_layers: 2
│       N_supervision: 16
│       N_supervision_val: 16
│       learning_rate: 0.0001
│       H_cycles: 3
│       L_cycles: 6
│       learning_rate_emb: 0.0001
│       weight_decay: 1.0
│       halt_exploration_prob: 0.1
│       warmup_steps: 2000
│       num_heads: 8
│       puzzle_emb_dim: 0
│       puzzle_emb_len: 0
│       rope_theta: 10000
│       pos_emb_type: 'null'
│       lr_min_ratio: 0.01
│       use_mlp_t: true
│       use_conv_swiglu: false
│       use_board_swiglu: false
│       use_muon: false
│       output_dir: None
│       num_puzzles: 0
│       batch_size: 0
│       pad_value: 0
│       max_grid_size: 0
│       vocab_size: 0
│       seq_len: 0
│       
├── callbacks
│   └── model_checkpoint:
│         _target_: lightning.pytorch.callbacks.ModelCheckpoint
│         dirpath: /home/ianblenke/github.com/ianblenke/carnot/results/trm_runs/
│         filename: epoch_{epoch:03d}
│         monitor: val/exact_accuracy
│         verbose: false
│         save_last: true
│         save_top_k: 1
│         mode: max
│         auto_insert_metric_name: false
│         save_weights_only: false
│         every_n_train_steps: null
│         train_time_interval: null
│         every_n_epochs: null
│         save_on_train_epoch_end: null
│       ema:
│         _target_: src.nn.callbacks.ema.EMACallback
│         decay: 0.999
│         use_ema_for_validation: true
│         use_ema_for_test: true
│       
├── logger
│   └── csv:
│         _target_: lightning.pytorch.loggers.csv_logs.CSVLogger
│         save_dir: /home/ianblenke/github.com/ianblenke/carnot/results/trm_runs
│         name: csv/
│         prefix: ''
│       
├── trainer
│   └── _target_: lightning.pytorch.trainer.Trainer
│       min_epochs: 1
│       max_epochs: 50000
│       accelerator: gpu
│       devices: 1
│       check_val_every_n_epoch: 100
│       deterministic: false
│       precision: bf16-mixed
│       max_time: 00:12:00:00
│       
├── paths
│   └── log_dir: .
│       output_dir: /home/ianblenke/github.com/ianblenke/carnot/results/trm_runs
│       
├── extras
│   └── ignore_warnings: false
│       enforce_tags: true
│       print_config: true
│       
├── task_name
│   └── train
├── tags
│   └── ['sudoku', 'trm', 'extreme']
├── ckpt_path
│   └── /home/ianblenke/github.com/ianblenke/carnot/results/trm_runs/sudoku_extr
├── save_dir
│   └── None
├── seed
│   └── 4108
├── sweep_mode
│   └── False
├── append_wandb_name_to_save_dir
│   └── False
├── timekeeping
│   └── max_epochs: 50000
│       batch_size: 384
│       num_workers: 0
│       
└── model_tuning
    └── learning_rate: 0.0001
        learning_rate_emb: 0.0001
        warmup_steps: 2000
        weight_decay: 1.0
        lr_min_ratio: 0.01
        num_heads: 8
        halt_exploration_prob: 0.1
        N_supervision: 16
        N_supervision_val: 16
        H_cycles: 3
        L_cycles: 6
        num_layers: 2
        puzzle_emb_dim: 0
        puzzle_emb_len: 0
        hidden_size: 512
        ffn_expansion: 4
        rope_theta: 10000
        pos_emb_type: 'null'
        use_mlp_t: true
        use_conv_swiglu: false
        use_board_swiglu: false
        use_muon: false
        
Seed set to 4108
[[36m2026-06-18 23:17:50,938[0m][[34m__main__[0m][[32mINFO[0m] - [rank: 0] Instantiating datamodule <src.nn.data.SudokuDataModule>[0m
[[36m2026-06-18 23:17:50,940[0m][[34msrc.nn.data.sudoku_datamodule[0m][[32mINFO[0m] - [rank: 0] ✓ Loaded metadata from ./data/sudoku_extreme_1k_aug_1k/metadata.json[0m
[[36m2026-06-18 23:17:50,940[0m][[34msrc.nn.data.sudoku_datamodule[0m][[32mINFO[0m] - [rank: 0]   Train: 1000 groups, 1001000 total puzzles[0m
[[36m2026-06-18 23:17:50,943[0m][[34m__main__[0m][[32mINFO[0m] - [rank: 0] Setting model config from data module:  num_puzzles = 1 batch_size = 384 vocab_size = 12[0m
[[36m2026-06-18 23:17:50,943[0m][[34m__main__[0m][[32mINFO[0m] - [rank: 0] Instantiating model <src.nn.models.trm.TRMModule>[0m
Failed to import adam2
Auto-casting TRM to torch.bfloat16
[[36m2026-06-18 23:17:51,678[0m][[34msrc.nn.models.trm[0m][[32mINFO[0m] - [rank: 0] Creating TRM with vocab size=12, seq_len=81, puzzle_emb_len=0 pos_emb_type='null' puzzle_emb_dim=0[0m
[[36m2026-06-18 23:17:51,678[0m][[34msrc.nn.models.trm[0m][[32mINFO[0m] - [rank: 0] use_mlp_t=True, use_conv_swiglu=False, use_board_swiglu=False[0m
[[36m2026-06-18 23:17:51,680[0m][[34msrc.nn.models.trm[0m][[32mINFO[0m] - [rank: 0] Not using Rotary Embeddings[0m
[[36m2026-06-18 23:17:51,706[0m][[34msrc.nn.models.trm[0m][[32mINFO[0m] - [rank: 0] puzzle_emb_dim <= 0, not creating puzzle embeddings[0m
[[36m2026-06-18 23:17:51,707[0m][[34m__main__[0m][[32mINFO[0m] - [rank: 0] Instantiating callbacks...[0m
[[36m2026-06-18 23:17:51,707[0m][[34msrc.nn.utils.instantiators[0m][[32mINFO[0m] - [rank: 0] Instantiating callback <lightning.pytorch.callbacks.ModelCheckpoint>[0m
[[36m2026-06-18 23:17:51,709[0m][[34msrc.nn.utils.instantiators[0m][[32mINFO[0m] - [rank: 0] Instantiating callback <src.nn.callbacks.ema.EMACallback>[0m
[[36m2026-06-18 23:17:51,710[0m][[34m__main__[0m][[32mINFO[0m] - [rank: 0] Instantiating loggers...[0m
[[36m2026-06-18 23:17:51,710[0m][[34msrc.nn.utils.instantiators[0m][[32mINFO[0m] - [rank: 0] Instantiating logger <lightning.pytorch.loggers.csv_logs.CSVLogger>[0m
[[36m2026-06-18 23:17:51,712[0m][[34m__main__[0m][[32mINFO[0m] - [rank: 0] Instantiating trainer <lightning.pytorch.trainer.Trainer>[0m
Using bfloat16 Automatic Mixed Precision (AMP)
GPU available: True (cuda), used: True
TPU available: False, using: 0 TPU cores
💡 Tip: For seamless cloud logging and experiment tracking, try installing [litlogger](https://pypi.org/project/litlogger/) to enable LitLogger, which logs metrics and artifacts automatically to the Lightning Experiments platform.
[[36m2026-06-18 23:17:51,722[0m][[34m__main__[0m][[32mINFO[0m] - [rank: 0] Logging hyperparameters![0m
[[36m2026-06-18 23:17:51,739[0m][[34m__main__[0m][[32mINFO[0m] - [rank: 0] Starting training![0m
[[36m2026-06-18 23:17:51,742[0m][[34m__main__[0m][[32mINFO[0m] - [rank: 0] Val check interval: default (1.0)[0m
[[36m2026-06-18 23:17:51,742[0m][[34m__main__[0m][[32mINFO[0m] - [rank: 0] Check val every n epoch: 100[0m
[[36m2026-06-18 23:17:51,742[0m][[34m__main__[0m][[32mINFO[0m] - [rank: 0] Steps per epoch: 2606[0m
[[36m2026-06-18 23:17:51,743[0m][[34m__main__[0m][[32mINFO[0m] - [rank: 0] Max epochs: 50000[0m
[[36m2026-06-18 23:17:51,743[0m][[34m__main__[0m][[32mINFO[0m] - [rank: 0] Batch size: 384[0m
You are using a CUDA device ('NVIDIA GeForce RTX 3090') that has Tensor Cores. To properly utilize them, you should set `torch.set_float32_matmul_precision('medium' | 'high')` which will trade-off precision for performance. For more details, read https://pytorch.org/docs/stable/generated/torch.set_float32_matmul_precision.html#torch.set_float32_matmul_precision
[[36m2026-06-18 23:17:51,943[0m][[34msrc.nn.models.trm[0m][[32mINFO[0m] - [rank: 0] Training configuration:[0m
[[36m2026-06-18 23:17:51,943[0m][[34msrc.nn.models.trm[0m][[32mINFO[0m] - [rank: 0]   Groups (unique puzzles): 1000[0m
[[36m2026-06-18 23:17:51,943[0m][[34msrc.nn.models.trm[0m][[32mINFO[0m] - [rank: 0]   Total puzzles (with aug): 1001000[0m
[[36m2026-06-18 23:17:51,943[0m][[34msrc.nn.models.trm[0m][[32mINFO[0m] - [rank: 0]   Steps per epoch: 2[0m
[[36m2026-06-18 23:17:51,943[0m][[34msrc.nn.models.trm[0m][[32mINFO[0m] - [rank: 0]   Total steps: 100000[0m
[[36m2026-06-18 23:17:51,943[0m][[34msrc.nn.models.trm[0m][[32mINFO[0m] - [rank: 0] ************************************************************[0m
[[36m2026-06-18 23:17:51,943[0m][[34msrc.nn.models.trm[0m][[32mINFO[0m] - [rank: 0] torch.compile not available or disabled, running uncompiled[0m
Restoring states from the checkpoint path at /home/ianblenke/github.com/ianblenke/carnot/results/trm_runs/sudoku_extreme_baseline/last.ckpt
[[36m2026-06-18 23:17:51,969[0m][[34msrc.nn.models.trm[0m][[32mINFO[0m] - [rank: 0] Restored manual LR step: 40906[0m
LOCAL_RANK: 0 - CUDA_VISIBLE_DEVICES: [1]
┏━━━┳━━━━━━━━━━━━━━━━━┳━━━━━━━━━━━━━━━━━┳━━━━━━━━┳━━━━━━━┳━━━━━━━┓
┃   ┃ Name            ┃ Type            ┃ Params ┃ Mode  ┃ FLOPs ┃
┡━━━╇━━━━━━━━━━━━━━━━━╇━━━━━━━━━━━━━━━━━╇━━━━━━━━╇━━━━━━━╇━━━━━━━┩
│ 0 │ input_embedding │ CastedEmbedding │  6.1 K │ train │     0 │
│ 1 │ lenet           │ ReasoningModule │  4.8 M │ train │     0 │
│ 2 │ lm_head         │ CastedLinear    │  6.1 K │ train │     0 │
│ 3 │ q_head          │ CastedLinear    │    513 │ train │     0 │
└───┴─────────────────┴─────────────────┴────────┴───────┴───────┘
Trainable params: 4.9 M                                                         
Non-trainable params: 0                                                         
Total params: 4.9 M                                                             
Total estimated model params size (MB): 19.423                                  
Modules in train mode: 19                                                       
Modules in eval mode: 0                                                         
Total FLOPs: 0                                                                  
Restored all states from the checkpoint at /home/ianblenke/github.com/ianblenke/carnot/results/trm_runs/sudoku_extreme_baseline/last.ckpt
[[36m2026-06-18 23:17:52,019[0m][[34msrc.nn.data.sudoku_datamodule[0m][[32mINFO[0m] - [rank: 0] Creating train dataloader with batch size 384 and num_workers 0 and prefetch_factor None[0m
[rank: 0] Received SIGTERM: 15
[rank: 0] Received SIGTERM: 15
[[36m2026-06-18 23:54:28,206[0m][[34msrc.nn.utils.utils[0m][[32mINFO[0m] - [rank: 0] Output dir: /home/ianblenke/github.com/ianblenke/carnot/results/trm_runs/contiguous_run_hydra[0m
