[2026-06-13 11:03:13,275][src.nn.utils.utils][INFO] - [rank: 0] Enforcing tags! <cfg.extras.enforce_tags=True>
[2026-06-13 11:03:13,279][src.nn.utils.utils][INFO] - [rank: 0] Printing config tree with Rich! <cfg.extras.print_config=True>
[2026-06-13 11:03:13,303][__main__][INFO] - [rank: 0] Instantiating datamodule <src.nn.data.SudokuDataModule>
[2026-06-13 11:03:13,304][src.nn.data.sudoku_datamodule][INFO] - [rank: 0] ✓ Loaded metadata from ./data/sudoku_extreme_1k_aug_1k/metadata.json
[2026-06-13 11:03:13,304][src.nn.data.sudoku_datamodule][INFO] - [rank: 0]   Train: 1000 groups, 1001000 total puzzles
[2026-06-13 11:03:13,307][__main__][INFO] - [rank: 0] Setting model config from data module:  num_puzzles = 1 batch_size = 768 vocab_size = 12
[2026-06-13 11:03:13,307][__main__][INFO] - [rank: 0] Instantiating model <src.nn.models.trm.TRMModule>
[2026-06-13 11:03:13,871][src.nn.models.trm][INFO] - [rank: 0] Creating TRM with vocab size=12, seq_len=81, puzzle_emb_len=0 pos_emb_type='null' puzzle_emb_dim=0
[2026-06-13 11:03:13,871][src.nn.models.trm][INFO] - [rank: 0] use_mlp_t=True, use_conv_swiglu=False, use_board_swiglu=False
[2026-06-13 11:03:13,872][src.nn.models.trm][INFO] - [rank: 0] Not using Rotary Embeddings
[2026-06-13 11:03:13,892][src.nn.models.trm][INFO] - [rank: 0] puzzle_emb_dim <= 0, not creating puzzle embeddings
[2026-06-13 11:03:13,892][__main__][INFO] - [rank: 0] Instantiating callbacks...
[2026-06-13 11:03:13,892][src.nn.utils.instantiators][INFO] - [rank: 0] Instantiating callback <lightning.pytorch.callbacks.ModelCheckpoint>
[2026-06-13 11:03:13,893][src.nn.utils.instantiators][INFO] - [rank: 0] Instantiating callback <src.nn.callbacks.ema.EMACallback>
[2026-06-13 11:03:13,894][__main__][INFO] - [rank: 0] Instantiating loggers...
[2026-06-13 11:03:13,894][src.nn.utils.instantiators][INFO] - [rank: 0] Instantiating logger <lightning.pytorch.loggers.csv_logs.CSVLogger>
[2026-06-13 11:03:13,895][__main__][INFO] - [rank: 0] Instantiating trainer <lightning.pytorch.trainer.Trainer>
[2026-06-13 11:03:13,900][__main__][INFO] - [rank: 0] Logging hyperparameters!
[2026-06-13 11:03:13,908][__main__][INFO] - [rank: 0] Starting training!
[2026-06-13 11:03:13,910][__main__][INFO] - [rank: 0] Val check interval: default (1.0)
[2026-06-13 11:03:13,911][__main__][INFO] - [rank: 0] Check val every n epoch: 100
[2026-06-13 11:03:13,911][__main__][INFO] - [rank: 0] Steps per epoch: 1303
[2026-06-13 11:03:13,911][__main__][INFO] - [rank: 0] Max epochs: 50000
[2026-06-13 11:03:13,911][__main__][INFO] - [rank: 0] Batch size: 768
[2026-06-13 11:03:14,082][src.nn.models.trm][INFO] - [rank: 0] Training configuration:
[2026-06-13 11:03:14,082][src.nn.models.trm][INFO] - [rank: 0]   Groups (unique puzzles): 1000
[2026-06-13 11:03:14,082][src.nn.models.trm][INFO] - [rank: 0]   Total puzzles (with aug): 1001000
[2026-06-13 11:03:14,082][src.nn.models.trm][INFO] - [rank: 0]   Steps per epoch: 1
[2026-06-13 11:03:14,082][src.nn.models.trm][INFO] - [rank: 0]   Total steps: 50000
[2026-06-13 11:03:14,082][src.nn.models.trm][INFO] - [rank: 0] Compiling inner_forward with torch.compile...
[2026-06-13 11:03:14,083][src.nn.models.trm][INFO] - [rank: 0] Compilation successful
[2026-06-13 11:03:14,098][src.nn.models.trm][INFO] - [rank: 0] Restored manual LR step: 19006
[2026-06-13 11:03:14,140][src.nn.data.sudoku_datamodule][INFO] - [rank: 0] Creating train dataloader with batch size 768 and num_workers 0 and prefetch_factor None
[2026-06-13 11:04:38,191][src.nn.utils.utils][ERROR] - [rank: 0] 
Traceback (most recent call last):
  File "/home/ianblenke/github.com/ianblenke/carnot/nano-trm/src/nn/utils/utils.py", line 75, in wrap
    return_value = task_func(cfg=cfg)
                   ^^^^^^^^^^^^^^^^^^
  File "/home/ianblenke/github.com/ianblenke/carnot/nano-trm/src/nn/train.py", line 124, in train
    trainer.fit(model=model, datamodule=datamodule, ckpt_path=cfg.get("ckpt_path"), weights_only=False)
  File "/home/ianblenke/github.com/ianblenke/carnot/nano-trm/.venv/lib/python3.12/site-packages/lightning/pytorch/trainer/trainer.py", line 584, in fit
    call._call_and_handle_interrupt(
  File "/home/ianblenke/github.com/ianblenke/carnot/nano-trm/.venv/lib/python3.12/site-packages/lightning/pytorch/trainer/call.py", line 49, in _call_and_handle_interrupt
    return trainer_fn(*args, **kwargs)
           ^^^^^^^^^^^^^^^^^^^^^^^^^^^
  File "/home/ianblenke/github.com/ianblenke/carnot/nano-trm/.venv/lib/python3.12/site-packages/lightning/pytorch/trainer/trainer.py", line 630, in _fit_impl
    self._run(model, ckpt_path=ckpt_path, weights_only=weights_only)
  File "/home/ianblenke/github.com/ianblenke/carnot/nano-trm/.venv/lib/python3.12/site-packages/lightning/pytorch/trainer/trainer.py", line 1079, in _run
    results = self._run_stage()
              ^^^^^^^^^^^^^^^^^
  File "/home/ianblenke/github.com/ianblenke/carnot/nano-trm/.venv/lib/python3.12/site-packages/lightning/pytorch/trainer/trainer.py", line 1123, in _run_stage
    self.fit_loop.run()
  File "/home/ianblenke/github.com/ianblenke/carnot/nano-trm/.venv/lib/python3.12/site-packages/lightning/pytorch/loops/fit_loop.py", line 217, in run
    self.advance()
  File "/home/ianblenke/github.com/ianblenke/carnot/nano-trm/.venv/lib/python3.12/site-packages/lightning/pytorch/loops/fit_loop.py", line 469, in advance
    self.epoch_loop.run(self._data_fetcher)
  File "/home/ianblenke/github.com/ianblenke/carnot/nano-trm/.venv/lib/python3.12/site-packages/lightning/pytorch/loops/training_epoch_loop.py", line 153, in run
    self.advance(data_fetcher)
  File "/home/ianblenke/github.com/ianblenke/carnot/nano-trm/.venv/lib/python3.12/site-packages/lightning/pytorch/loops/training_epoch_loop.py", line 354, in advance
    batch_output = self.manual_optimization.run(kwargs)
                   ^^^^^^^^^^^^^^^^^^^^^^^^^^^^^^^^^^^^
  File "/home/ianblenke/github.com/ianblenke/carnot/nano-trm/.venv/lib/python3.12/site-packages/lightning/pytorch/loops/optimization/manual.py", line 95, in run
    self.advance(kwargs)
  File "/home/ianblenke/github.com/ianblenke/carnot/nano-trm/.venv/lib/python3.12/site-packages/lightning/pytorch/loops/optimization/manual.py", line 115, in advance
    training_step_output = call._call_strategy_hook(trainer, "training_step", *kwargs.values())
                           ^^^^^^^^^^^^^^^^^^^^^^^^^^^^^^^^^^^^^^^^^^^^^^^^^^^^^^^^^^^^^^^^^^^^
  File "/home/ianblenke/github.com/ianblenke/carnot/nano-trm/.venv/lib/python3.12/site-packages/lightning/pytorch/trainer/call.py", line 329, in _call_strategy_hook
    output = fn(*args, **kwargs)
             ^^^^^^^^^^^^^^^^^^^
  File "/home/ianblenke/github.com/ianblenke/carnot/nano-trm/.venv/lib/python3.12/site-packages/lightning/pytorch/strategies/strategy.py", line 391, in training_step
    return self.lightning_module.training_step(*args, **kwargs)
           ^^^^^^^^^^^^^^^^^^^^^^^^^^^^^^^^^^^^^^^^^^^^^^^^^^^^
  File "/home/ianblenke/github.com/ianblenke/carnot/nano-trm/src/nn/models/trm.py", line 502, in training_step
    self.carry, loss, metrics, _ = self.compute_loss_and_metrics(self.carry, batch)
                                   ^^^^^^^^^^^^^^^^^^^^^^^^^^^^^^^^^^^^^^^^^^^^^^^^
  File "/home/ianblenke/github.com/ianblenke/carnot/nano-trm/src/nn/models/trm.py", line 425, in compute_loss_and_metrics
    new_carry, outputs = self.forward(carry, batch)
                         ^^^^^^^^^^^^^^^^^^^^^^^^^^
  File "/home/ianblenke/github.com/ianblenke/carnot/nano-trm/src/nn/models/trm.py", line 377, in forward
    new_inner_carry = self.reset_carry(carry.halted, carry.inner_carry)
                      ^^^^^^^^^^^^^^^^^^^^^^^^^^^^^^^^^^^^^^^^^^^^^^^^^
  File "/home/ianblenke/github.com/ianblenke/carnot/nano-trm/src/nn/models/trm.py", line 337, in reset_carry
    z_H=torch.where(reset_flag.view(-1, 1, 1), self.z_H_init, carry.z_H),
        ^^^^^^^^^^^^^^^^^^^^^^^^^^^^^^^^^^^^^^^^^^^^^^^^^^^^^^^^^^^^^^^^
RuntimeError: Error: accessing tensor output of CUDAGraphs that has been overwritten by a subsequent run. Stack trace: File "/home/ianblenke/github.com/ianblenke/carnot/nano-trm/src/nn/models/trm.py", line 345, in inner_forward
    q_logits = self.q_head(z_H[:, 0]).to(. To prevent overwriting, clone the tensor outside of torch.compile() or call torch.compiler.cudagraph_mark_step_begin() before each model invocation.
[2026-06-13 11:04:38,192][src.nn.utils.utils][INFO] - [rank: 0] Output dir: /home/ianblenke/github.com/ianblenke/carnot/results/trm_runs/contiguous_run_hydra
[2026-06-13 11:06:03,459][src.nn.utils.utils][INFO] - [rank: 0] Enforcing tags! <cfg.extras.enforce_tags=True>
[2026-06-13 11:06:03,463][src.nn.utils.utils][INFO] - [rank: 0] Printing config tree with Rich! <cfg.extras.print_config=True>
[2026-06-13 11:06:03,484][__main__][INFO] - [rank: 0] Instantiating datamodule <src.nn.data.SudokuDataModule>
[2026-06-13 11:06:03,486][src.nn.data.sudoku_datamodule][INFO] - [rank: 0] ✓ Loaded metadata from ./data/sudoku_extreme_1k_aug_1k/metadata.json
[2026-06-13 11:06:03,486][src.nn.data.sudoku_datamodule][INFO] - [rank: 0]   Train: 1000 groups, 1001000 total puzzles
[2026-06-13 11:06:03,488][__main__][INFO] - [rank: 0] Setting model config from data module:  num_puzzles = 1 batch_size = 768 vocab_size = 12
[2026-06-13 11:06:03,488][__main__][INFO] - [rank: 0] Instantiating model <src.nn.models.trm.TRMModule>
[2026-06-13 11:06:04,047][src.nn.models.trm][INFO] - [rank: 0] Creating TRM with vocab size=12, seq_len=81, puzzle_emb_len=0 pos_emb_type='null' puzzle_emb_dim=0
[2026-06-13 11:06:04,047][src.nn.models.trm][INFO] - [rank: 0] use_mlp_t=True, use_conv_swiglu=False, use_board_swiglu=False
[2026-06-13 11:06:04,049][src.nn.models.trm][INFO] - [rank: 0] Not using Rotary Embeddings
[2026-06-13 11:06:04,072][src.nn.models.trm][INFO] - [rank: 0] puzzle_emb_dim <= 0, not creating puzzle embeddings
[2026-06-13 11:06:04,072][__main__][INFO] - [rank: 0] Instantiating callbacks...
[2026-06-13 11:06:04,072][src.nn.utils.instantiators][INFO] - [rank: 0] Instantiating callback <lightning.pytorch.callbacks.ModelCheckpoint>
[2026-06-13 11:06:04,073][src.nn.utils.instantiators][INFO] - [rank: 0] Instantiating callback <src.nn.callbacks.ema.EMACallback>
[2026-06-13 11:06:04,074][__main__][INFO] - [rank: 0] Instantiating loggers...
[2026-06-13 11:06:04,074][src.nn.utils.instantiators][INFO] - [rank: 0] Instantiating logger <lightning.pytorch.loggers.csv_logs.CSVLogger>
[2026-06-13 11:06:04,075][__main__][INFO] - [rank: 0] Instantiating trainer <lightning.pytorch.trainer.Trainer>
[2026-06-13 11:06:04,081][__main__][INFO] - [rank: 0] Logging hyperparameters!
[2026-06-13 11:06:04,088][__main__][INFO] - [rank: 0] Starting training!
[2026-06-13 11:06:04,091][__main__][INFO] - [rank: 0] Val check interval: default (1.0)
[2026-06-13 11:06:04,091][__main__][INFO] - [rank: 0] Check val every n epoch: 100
[2026-06-13 11:06:04,091][__main__][INFO] - [rank: 0] Steps per epoch: 1303
[2026-06-13 11:06:04,091][__main__][INFO] - [rank: 0] Max epochs: 50000
[2026-06-13 11:06:04,091][__main__][INFO] - [rank: 0] Batch size: 768
[2026-06-13 11:06:04,274][src.nn.models.trm][INFO] - [rank: 0] Training configuration:
[2026-06-13 11:06:04,274][src.nn.models.trm][INFO] - [rank: 0]   Groups (unique puzzles): 1000
[2026-06-13 11:06:04,274][src.nn.models.trm][INFO] - [rank: 0]   Total puzzles (with aug): 1001000
[2026-06-13 11:06:04,274][src.nn.models.trm][INFO] - [rank: 0]   Steps per epoch: 1
[2026-06-13 11:06:04,274][src.nn.models.trm][INFO] - [rank: 0]   Total steps: 50000
[2026-06-13 11:06:04,274][src.nn.models.trm][INFO] - [rank: 0] ************************************************************
[2026-06-13 11:06:04,275][src.nn.models.trm][INFO] - [rank: 0] torch.compile not available or disabled, running uncompiled
[2026-06-13 11:06:04,290][src.nn.models.trm][INFO] - [rank: 0] Restored manual LR step: 19006
[2026-06-13 11:06:04,329][src.nn.data.sudoku_datamodule][INFO] - [rank: 0] Creating train dataloader with batch size 768 and num_workers 0 and prefetch_factor None
[2026-06-13 11:06:04,950][src.nn.utils.utils][ERROR] - [rank: 0] 
Traceback (most recent call last):
  File "/home/ianblenke/github.com/ianblenke/carnot/nano-trm/src/nn/utils/utils.py", line 75, in wrap
    return_value = task_func(cfg=cfg)
                   ^^^^^^^^^^^^^^^^^^
  File "/home/ianblenke/github.com/ianblenke/carnot/nano-trm/src/nn/train.py", line 124, in train
    trainer.fit(model=model, datamodule=datamodule, ckpt_path=cfg.get("ckpt_path"), weights_only=False)
  File "/home/ianblenke/github.com/ianblenke/carnot/nano-trm/.venv/lib/python3.12/site-packages/lightning/pytorch/trainer/trainer.py", line 584, in fit
    call._call_and_handle_interrupt(
  File "/home/ianblenke/github.com/ianblenke/carnot/nano-trm/.venv/lib/python3.12/site-packages/lightning/pytorch/trainer/call.py", line 49, in _call_and_handle_interrupt
    return trainer_fn(*args, **kwargs)
           ^^^^^^^^^^^^^^^^^^^^^^^^^^^
  File "/home/ianblenke/github.com/ianblenke/carnot/nano-trm/.venv/lib/python3.12/site-packages/lightning/pytorch/trainer/trainer.py", line 630, in _fit_impl
    self._run(model, ckpt_path=ckpt_path, weights_only=weights_only)
  File "/home/ianblenke/github.com/ianblenke/carnot/nano-trm/.venv/lib/python3.12/site-packages/lightning/pytorch/trainer/trainer.py", line 1079, in _run
    results = self._run_stage()
              ^^^^^^^^^^^^^^^^^
  File "/home/ianblenke/github.com/ianblenke/carnot/nano-trm/.venv/lib/python3.12/site-packages/lightning/pytorch/trainer/trainer.py", line 1123, in _run_stage
    self.fit_loop.run()
  File "/home/ianblenke/github.com/ianblenke/carnot/nano-trm/.venv/lib/python3.12/site-packages/lightning/pytorch/loops/fit_loop.py", line 217, in run
    self.advance()
  File "/home/ianblenke/github.com/ianblenke/carnot/nano-trm/.venv/lib/python3.12/site-packages/lightning/pytorch/loops/fit_loop.py", line 469, in advance
    self.epoch_loop.run(self._data_fetcher)
  File "/home/ianblenke/github.com/ianblenke/carnot/nano-trm/.venv/lib/python3.12/site-packages/lightning/pytorch/loops/training_epoch_loop.py", line 153, in run
    self.advance(data_fetcher)
  File "/home/ianblenke/github.com/ianblenke/carnot/nano-trm/.venv/lib/python3.12/site-packages/lightning/pytorch/loops/training_epoch_loop.py", line 354, in advance
    batch_output = self.manual_optimization.run(kwargs)
                   ^^^^^^^^^^^^^^^^^^^^^^^^^^^^^^^^^^^^
  File "/home/ianblenke/github.com/ianblenke/carnot/nano-trm/.venv/lib/python3.12/site-packages/lightning/pytorch/loops/optimization/manual.py", line 95, in run
    self.advance(kwargs)
  File "/home/ianblenke/github.com/ianblenke/carnot/nano-trm/.venv/lib/python3.12/site-packages/lightning/pytorch/loops/optimization/manual.py", line 115, in advance
    training_step_output = call._call_strategy_hook(trainer, "training_step", *kwargs.values())
                           ^^^^^^^^^^^^^^^^^^^^^^^^^^^^^^^^^^^^^^^^^^^^^^^^^^^^^^^^^^^^^^^^^^^^
  File "/home/ianblenke/github.com/ianblenke/carnot/nano-trm/.venv/lib/python3.12/site-packages/lightning/pytorch/trainer/call.py", line 329, in _call_strategy_hook
    output = fn(*args, **kwargs)
             ^^^^^^^^^^^^^^^^^^^
  File "/home/ianblenke/github.com/ianblenke/carnot/nano-trm/.venv/lib/python3.12/site-packages/lightning/pytorch/strategies/strategy.py", line 391, in training_step
    return self.lightning_module.training_step(*args, **kwargs)
           ^^^^^^^^^^^^^^^^^^^^^^^^^^^^^^^^^^^^^^^^^^^^^^^^^^^^
  File "/home/ianblenke/github.com/ianblenke/carnot/nano-trm/src/nn/models/trm.py", line 502, in training_step
    self.carry, loss, metrics, _ = self.compute_loss_and_metrics(self.carry, batch)
                                   ^^^^^^^^^^^^^^^^^^^^^^^^^^^^^^^^^^^^^^^^^^^^^^^^
  File "/home/ianblenke/github.com/ianblenke/carnot/nano-trm/src/nn/models/trm.py", line 425, in compute_loss_and_metrics
    new_carry, outputs = self.forward(carry, batch)
                         ^^^^^^^^^^^^^^^^^^^^^^^^^^
  File "/home/ianblenke/github.com/ianblenke/carnot/nano-trm/src/nn/models/trm.py", line 387, in forward
    new_inner_carry, logits, q_halt_logits = self.inner_forward(
                                             ^^^^^^^^^^^^^^^^^^^
  File "/home/ianblenke/github.com/ianblenke/carnot/nano-trm/src/nn/models/trm.py", line 362, in inner_forward
    z_H = self.lenet(z_H, z_L, **seq_info)
          ^^^^^^^^^^^^^^^^^^^^^^^^^^^^^^^^
  File "/home/ianblenke/github.com/ianblenke/carnot/nano-trm/.venv/lib/python3.12/site-packages/torch/nn/modules/module.py", line 1778, in _wrapped_call_impl
    return self._call_impl(*args, **kwargs)
           ^^^^^^^^^^^^^^^^^^^^^^^^^^^^^^^^
  File "/home/ianblenke/github.com/ianblenke/carnot/nano-trm/.venv/lib/python3.12/site-packages/torch/nn/modules/module.py", line 1789, in _call_impl
    return forward_call(*args, **kwargs)
           ^^^^^^^^^^^^^^^^^^^^^^^^^^^^^
  File "/home/ianblenke/github.com/ianblenke/carnot/nano-trm/src/nn/modules/trm_block.py", line 485, in forward
    hidden_states = layer(hidden_states=hidden_states, **kwargs)
                    ^^^^^^^^^^^^^^^^^^^^^^^^^^^^^^^^^^^^^^^^^^^^
  File "/home/ianblenke/github.com/ianblenke/carnot/nano-trm/.venv/lib/python3.12/site-packages/torch/nn/modules/module.py", line 1778, in _wrapped_call_impl
    return self._call_impl(*args, **kwargs)
           ^^^^^^^^^^^^^^^^^^^^^^^^^^^^^^^^
  File "/home/ianblenke/github.com/ianblenke/carnot/nano-trm/.venv/lib/python3.12/site-packages/torch/nn/modules/module.py", line 1789, in _call_impl
    return forward_call(*args, **kwargs)
           ^^^^^^^^^^^^^^^^^^^^^^^^^^^^^
  File "/home/ianblenke/github.com/ianblenke/carnot/nano-trm/src/nn/modules/trm_block.py", line 463, in forward
    out = self.mlp_t(hidden_states)
          ^^^^^^^^^^^^^^^^^^^^^^^^^
  File "/home/ianblenke/github.com/ianblenke/carnot/nano-trm/.venv/lib/python3.12/site-packages/torch/nn/modules/module.py", line 1778, in _wrapped_call_impl
    return self._call_impl(*args, **kwargs)
           ^^^^^^^^^^^^^^^^^^^^^^^^^^^^^^^^
  File "/home/ianblenke/github.com/ianblenke/carnot/nano-trm/.venv/lib/python3.12/site-packages/torch/nn/modules/module.py", line 1789, in _call_impl
    return forward_call(*args, **kwargs)
           ^^^^^^^^^^^^^^^^^^^^^^^^^^^^^
  File "/home/ianblenke/github.com/ianblenke/carnot/nano-trm/src/nn/modules/trm_block.py", line 190, in forward
    return self.down_proj(F.silu(gate) * up)
                          ^^^^^^^^^^^^
  File "/home/ianblenke/github.com/ianblenke/carnot/nano-trm/.venv/lib/python3.12/site-packages/torch/nn/functional.py", line 2397, in silu
    return torch._C._nn.silu(input)
           ^^^^^^^^^^^^^^^^^^^^^^^^
torch.OutOfMemoryError: CUDA out of memory. Tried to allocate 192.00 MiB. GPU 0 has a total capacity of 23.56 GiB of which 74.31 MiB is free. Including non-PyTorch memory, this process has 23.48 GiB memory in use. Of the allocated memory 22.90 GiB is allocated by PyTorch, and 274.07 MiB is reserved by PyTorch but unallocated. If reserved but unallocated memory is large try setting PYTORCH_CUDA_ALLOC_CONF=expandable_segments:True to avoid fragmentation.  See documentation for Memory Management  (https://docs.pytorch.org/docs/stable/notes/cuda.html#optimizing-memory-usage-with-pytorch-cuda-alloc-conf)
[2026-06-13 11:06:04,952][src.nn.utils.utils][INFO] - [rank: 0] Output dir: /home/ianblenke/github.com/ianblenke/carnot/results/trm_runs/contiguous_run_hydra
