[exp7978] start current capstone CLI
[exp7303-validation] before_subprocess adversarial_verify elapsed_s=0.000 unit=1/1
[exp7303-validation:adversarial_verify] {
[exp7303-validation:adversarial_verify]   "reports": [
[exp7303-validation:adversarial_verify]     {
[exp7303-validation:adversarial_verify]       "artifact": "/tmp/carnot-7978-terminal-6vtskj3k/candidate.json",
[exp7303-validation:adversarial_verify]       "loaded": true,
[exp7303-validation:adversarial_verify]       "exp_id": 7978,
[exp7303-validation:adversarial_verify]       "title": "",
[exp7303-validation:adversarial_verify]       "honest_verdict": "complete_blocked_missing_science",
[exp7303-validation:adversarial_verify]       "flag_count": 0,
[exp7303-validation:adversarial_verify]       "max_severity": -1,
[exp7303-validation:adversarial_verify]       "flags": [],
[exp7303-validation:adversarial_verify]       "gate_version": "197e0a5eacacb09ce6607ae8bdfd507498082857f0d02ec2003a62c251b69a24"
[exp7303-validation:adversarial_verify]     }
[exp7303-validation:adversarial_verify]   ],
[exp7303-validation:adversarial_verify]   "flagged_count": 0
[exp7303-validation:adversarial_verify] }
[exp7303-validation] after_subprocess adversarial_verify elapsed_s=0.604 exit=0 unit=1/1
[exp7303-validation] before_subprocess strict_rows elapsed_s=0.000 unit=1/1
[exp7303-validation:strict_rows] 
[exp7303-validation:strict_rows] verdict-row-consistency: checked 1, skipped 0 (no per-unit rows), unreadable 0.
[exp7303-validation:strict_rows]   No row/verdict contradictions among the artifacts that could be checked.
[exp7303-validation] after_subprocess strict_rows elapsed_s=0.030 exit=0 unit=1/1
[exp7303-validation] before_subprocess terminal_cold_replay elapsed_s=0.000 unit=1/1
[exp7303-validation:terminal_cold_replay] [exp7978] start current capstone CLI
[exp7303-validation:terminal_cold_replay] [exp7978] phase=start completed_units=0 elapsed_s=0.000
[exp7303-validation:terminal_cold_replay] [exp7978] phase=inputs_hashes_invocations_frozen completed_units=12 elapsed_s=24.317
[exp7303-validation:terminal_cold_replay] [exp7978] phase=independent_reduction completed_units=1 elapsed_s=24.318
[exp7303-validation:terminal_cold_replay] [exp7978] phase=independent_reduction completed_units=2 elapsed_s=24.319
[exp7303-validation:terminal_cold_replay] [exp7978] phase=independent_reduction completed_units=3 elapsed_s=24.319
[exp7303-validation:terminal_cold_replay] [exp7978] phase=independent_reduction completed_units=4 elapsed_s=24.321
[exp7303-validation:terminal_cold_replay] [exp7978] phase=independent_reduction completed_units=5 elapsed_s=24.321
[exp7303-validation:terminal_cold_replay] [exp7978] phase=independent_reduction completed_units=6 elapsed_s=24.322
[exp7303-validation:terminal_cold_replay] [exp7978] phase=independent_reduction completed_units=7 elapsed_s=24.322
[exp7303-validation:terminal_cold_replay] [exp7978] phase=independent_reduction completed_units=8 elapsed_s=24.324
[exp7303-validation:terminal_cold_replay] [exp7978] phase=independent_reduction completed_units=9 elapsed_s=24.324
[exp7303-validation:terminal_cold_replay] [exp7978] phase=independent_reduction completed_units=10 elapsed_s=24.325
[exp7303-validation:terminal_cold_replay] [exp7978] phase=independent_reduction completed_units=11 elapsed_s=24.326
[exp7303-validation:terminal_cold_replay] [exp7978] phase=independent_reduction completed_units=12 elapsed_s=24.329
[exp7303-validation:terminal_cold_replay] [exp7978] phase=independent_reduction completed_units=13 elapsed_s=24.331
[exp7303-validation:terminal_cold_replay] {"errors": []}
[exp7303-validation] after_subprocess terminal_cold_replay elapsed_s=25.742 exit=0 unit=1/1
