[exp8039] phase=begin_no_pretrained_loads_or_generations elapsed_s=0.001 completed=0 pending=0
[exp8039] phase=independent_small_head_load_before elapsed_s=0.256 completed=0 pending=0
[exp8039] phase=independent_small_head_load_after elapsed_s=0.301 completed=0 pending=0
[exp8039] phase=independent_benchmark_before elapsed_s=0.372 completed=0 pending=83360
[exp8039] phase=independent_events elapsed_s=0.428 completed=2048 pending=81312
[exp8039] phase=independent_events elapsed_s=0.541 completed=4096 pending=79264
[exp8039] phase=independent_events elapsed_s=0.592 completed=6144 pending=77216
[exp8039] phase=independent_events elapsed_s=0.632 completed=8192 pending=75168
[exp8039] phase=independent_events elapsed_s=0.681 completed=10240 pending=73120
[exp8039] phase=independent_events elapsed_s=0.723 completed=12288 pending=71072
[exp8039] phase=independent_events elapsed_s=0.771 completed=14336 pending=69024
[exp8039] phase=independent_events elapsed_s=0.814 completed=16384 pending=66976
[exp8039] phase=independent_events elapsed_s=0.861 completed=18432 pending=64928
[exp8039] phase=independent_events elapsed_s=0.905 completed=20480 pending=62880
[exp8039] phase=independent_events elapsed_s=0.951 completed=22528 pending=60832
[exp8039] phase=independent_events elapsed_s=0.996 completed=24576 pending=58784
[exp8039] phase=independent_events elapsed_s=1.041 completed=26624 pending=56736
[exp8039] phase=independent_events elapsed_s=1.087 completed=28672 pending=54688
[exp8039] phase=independent_events elapsed_s=1.131 completed=30720 pending=52640
[exp8039] phase=independent_events elapsed_s=1.178 completed=32768 pending=50592
[exp8039] phase=independent_events elapsed_s=1.221 completed=34816 pending=48544
[exp8039] phase=independent_events elapsed_s=1.268 completed=36864 pending=46496
[exp8039] phase=independent_events elapsed_s=1.312 completed=38912 pending=44448
[exp8039] phase=independent_events elapsed_s=1.359 completed=40960 pending=42400
[exp8039] phase=independent_events elapsed_s=1.402 completed=43008 pending=40352
[exp8039] phase=independent_events elapsed_s=1.450 completed=45056 pending=38304
[exp8039] phase=independent_events elapsed_s=1.492 completed=47104 pending=36256
[exp8039] phase=independent_events elapsed_s=1.542 completed=49152 pending=34208
[exp8039] phase=independent_events elapsed_s=1.583 completed=51200 pending=32160
[exp8039] phase=independent_events elapsed_s=1.632 completed=53248 pending=30112
[exp8039] phase=independent_events elapsed_s=1.673 completed=55296 pending=28064
[exp8039] phase=independent_events elapsed_s=1.723 completed=57344 pending=26016
[exp8039] phase=independent_events elapsed_s=1.763 completed=59392 pending=23968
[exp8039] phase=independent_events elapsed_s=1.813 completed=61440 pending=21920
[exp8039] phase=independent_events elapsed_s=1.854 completed=63488 pending=19872
[exp8039] phase=independent_events elapsed_s=1.904 completed=65536 pending=17824
[exp8039] phase=independent_events elapsed_s=1.943 completed=67584 pending=15776
[exp8039] phase=independent_events elapsed_s=1.993 completed=69632 pending=13728
[exp8039] phase=independent_events elapsed_s=2.033 completed=71680 pending=11680
[exp8039] phase=independent_events elapsed_s=2.083 completed=73728 pending=9632
[exp8039] phase=independent_events elapsed_s=2.123 completed=75776 pending=7584
[exp8039] phase=independent_events elapsed_s=2.173 completed=77824 pending=5536
[exp8039] phase=independent_events elapsed_s=2.214 completed=79872 pending=3488
[exp8039] phase=independent_events elapsed_s=2.265 completed=81920 pending=1440
[exp8039] phase=independent_benchmark_after elapsed_s=2.319 completed=83360 pending=0
[exp8039] phase=retention_benchmark_before elapsed_s=2.382 completed=0 pending=0
[exp8039] phase=retention_small_head_load_before elapsed_s=2.382 completed=0 pending=64
[exp8039] phase=retention_small_head_load_after elapsed_s=2.393 completed=64 pending=0
[exp8039] phase=retention_small_head_load_before elapsed_s=2.393 completed=64 pending=64
[exp8039] phase=retention_small_head_load_after elapsed_s=2.405 completed=128 pending=0
[exp8039] phase=retention_small_head_load_before elapsed_s=2.405 completed=128 pending=64
[exp8039] phase=retention_small_head_load_after elapsed_s=2.417 completed=192 pending=0
[exp8039] phase=retention_small_head_load_before elapsed_s=2.417 completed=192 pending=64
[exp8039] phase=retention_small_head_load_after elapsed_s=2.428 completed=256 pending=0
[exp8039] phase=retention_small_head_load_before elapsed_s=2.428 completed=256 pending=64
[exp8039] phase=retention_small_head_load_after elapsed_s=2.440 completed=320 pending=0
[exp8039] phase=retention_small_head_load_before elapsed_s=2.440 completed=320 pending=64
[exp8039] phase=retention_small_head_load_after elapsed_s=2.452 completed=384 pending=0
[exp8039] phase=retention_small_head_load_before elapsed_s=2.452 completed=384 pending=64
[exp8039] phase=retention_small_head_load_after elapsed_s=2.463 completed=448 pending=0
[exp8039] phase=retention_small_head_load_before elapsed_s=2.463 completed=448 pending=64
[exp8039] phase=retention_small_head_load_after elapsed_s=2.475 completed=512 pending=0
[exp8039] phase=retention_small_head_load_before elapsed_s=2.475 completed=512 pending=64
[exp8039] phase=retention_small_head_load_after elapsed_s=2.486 completed=576 pending=0
[exp8039] phase=retention_small_head_load_before elapsed_s=2.486 completed=576 pending=64
[exp8039] phase=retention_small_head_load_after elapsed_s=2.498 completed=640 pending=0
[exp8039] phase=retention_small_head_load_before elapsed_s=2.498 completed=640 pending=64
[exp8039] phase=retention_small_head_load_after elapsed_s=2.510 completed=704 pending=0
[exp8039] phase=retention_small_head_load_before elapsed_s=2.510 completed=704 pending=64
[exp8039] phase=retention_small_head_load_after elapsed_s=2.521 completed=768 pending=0
[exp8039] phase=retention_small_head_load_before elapsed_s=2.521 completed=768 pending=64
[exp8039] phase=retention_small_head_load_after elapsed_s=2.533 completed=832 pending=0
[exp8039] phase=retention_small_head_load_before elapsed_s=2.533 completed=832 pending=64
[exp8039] phase=retention_small_head_load_after elapsed_s=2.544 completed=896 pending=0
[exp8039] phase=retention_small_head_load_before elapsed_s=2.544 completed=896 pending=64
[exp8039] phase=retention_small_head_load_after elapsed_s=2.556 completed=960 pending=0
[exp8039] phase=retention_small_head_load_before elapsed_s=2.556 completed=960 pending=64
[exp8039] phase=retention_small_head_load_after elapsed_s=2.568 completed=1024 pending=0
[exp8039] phase=retention_small_head_load_before elapsed_s=2.568 completed=1024 pending=64
[exp8039] phase=retention_small_head_load_after elapsed_s=2.579 completed=1088 pending=0
[exp8039] phase=retention_small_head_load_before elapsed_s=2.579 completed=1088 pending=64
[exp8039] phase=retention_small_head_load_after elapsed_s=2.591 completed=1152 pending=0
[exp8039] phase=retention_small_head_load_before elapsed_s=2.591 completed=1152 pending=64
[exp8039] phase=retention_small_head_load_after elapsed_s=2.603 completed=1216 pending=0
[exp8039] phase=retention_small_head_load_before elapsed_s=2.603 completed=1216 pending=64
[exp8039] phase=retention_small_head_load_after elapsed_s=2.614 completed=1280 pending=0
[exp8039] phase=retention_small_head_load_before elapsed_s=2.614 completed=1280 pending=64
[exp8039] phase=retention_small_head_load_after elapsed_s=2.626 completed=1344 pending=0
[exp8039] phase=retention_small_head_load_before elapsed_s=2.626 completed=1344 pending=64
[exp8039] phase=retention_small_head_load_after elapsed_s=2.637 completed=1408 pending=0
[exp8039] phase=retention_small_head_load_before elapsed_s=2.637 completed=1408 pending=64
[exp8039] phase=retention_small_head_load_after elapsed_s=2.649 completed=1472 pending=0
[exp8039] phase=retention_small_head_load_before elapsed_s=2.649 completed=1472 pending=64
[exp8039] phase=retention_small_head_load_after elapsed_s=2.660 completed=1536 pending=0
[exp8039] phase=retention_small_head_load_before elapsed_s=2.660 completed=1536 pending=64
[exp8039] phase=retention_small_head_load_after elapsed_s=2.672 completed=1600 pending=0
[exp8039] phase=retention_small_head_load_before elapsed_s=2.672 completed=1600 pending=64
[exp8039] phase=retention_small_head_load_after elapsed_s=2.683 completed=1664 pending=0
[exp8039] phase=retention_small_head_load_before elapsed_s=2.683 completed=1664 pending=64
[exp8039] phase=retention_small_head_load_after elapsed_s=2.695 completed=1728 pending=0
[exp8039] phase=retention_small_head_load_before elapsed_s=2.695 completed=1728 pending=64
[exp8039] phase=retention_small_head_load_after elapsed_s=2.706 completed=1792 pending=0
[exp8039] phase=retention_small_head_load_before elapsed_s=2.706 completed=1792 pending=64
[exp8039] phase=retention_small_head_load_after elapsed_s=2.718 completed=1856 pending=0
[exp8039] phase=retention_small_head_load_before elapsed_s=2.718 completed=1856 pending=64
[exp8039] phase=retention_small_head_load_after elapsed_s=2.730 completed=1920 pending=0
[exp8039] phase=retention_small_head_load_before elapsed_s=2.730 completed=1920 pending=64
[exp8039] phase=retention_small_head_load_after elapsed_s=2.741 completed=1984 pending=0
[exp8039] phase=retention_small_head_load_before elapsed_s=2.741 completed=1984 pending=64
[exp8039] phase=retention_small_head_load_after elapsed_s=2.753 completed=2048 pending=0
[exp8039] phase=retention_small_head_load_before elapsed_s=2.753 completed=2048 pending=64
[exp8039] phase=retention_small_head_load_after elapsed_s=2.764 completed=2112 pending=0
[exp8039] phase=retention_small_head_load_before elapsed_s=2.764 completed=2112 pending=64
[exp8039] phase=retention_small_head_load_after elapsed_s=2.776 completed=2176 pending=0
[exp8039] phase=retention_small_head_load_before elapsed_s=2.776 completed=2176 pending=64
[exp8039] phase=retention_small_head_load_after elapsed_s=2.787 completed=2240 pending=0
[exp8039] phase=retention_small_head_load_before elapsed_s=2.787 completed=2240 pending=64
[exp8039] phase=retention_small_head_load_after elapsed_s=2.799 completed=2304 pending=0
[exp8039] phase=retention_small_head_load_before elapsed_s=2.799 completed=2304 pending=64
[exp8039] phase=retention_small_head_load_after elapsed_s=2.810 completed=2368 pending=0
[exp8039] phase=retention_small_head_load_before elapsed_s=2.810 completed=2368 pending=64
[exp8039] phase=retention_small_head_load_after elapsed_s=2.822 completed=2432 pending=0
[exp8039] phase=retention_small_head_load_before elapsed_s=2.822 completed=2432 pending=64
[exp8039] phase=retention_small_head_load_after elapsed_s=2.834 completed=2496 pending=0
[exp8039] phase=retention_small_head_load_before elapsed_s=2.834 completed=2496 pending=64
[exp8039] phase=retention_small_head_load_after elapsed_s=2.845 completed=2560 pending=0
[exp8039] phase=retention_small_head_load_before elapsed_s=2.845 completed=2560 pending=64
[exp8039] phase=retention_small_head_load_after elapsed_s=2.857 completed=2624 pending=0
[exp8039] phase=retention_small_head_load_before elapsed_s=2.857 completed=2624 pending=64
[exp8039] phase=retention_small_head_load_after elapsed_s=2.868 completed=2688 pending=0
[exp8039] phase=retention_small_head_load_before elapsed_s=2.868 completed=2688 pending=64
[exp8039] phase=retention_small_head_load_after elapsed_s=2.880 completed=2752 pending=0
[exp8039] phase=retention_small_head_load_before elapsed_s=2.880 completed=2752 pending=64
[exp8039] phase=retention_small_head_load_after elapsed_s=2.891 completed=2816 pending=0
[exp8039] phase=retention_small_head_load_before elapsed_s=2.891 completed=2816 pending=64
[exp8039] phase=retention_small_head_load_after elapsed_s=2.903 completed=2880 pending=0
[exp8039] phase=retention_small_head_load_before elapsed_s=2.903 completed=2880 pending=64
[exp8039] phase=retention_small_head_load_after elapsed_s=2.914 completed=2944 pending=0
[exp8039] phase=retention_small_head_load_before elapsed_s=2.914 completed=2944 pending=64
[exp8039] phase=retention_small_head_load_after elapsed_s=2.926 completed=3008 pending=0
[exp8039] phase=retention_small_head_load_before elapsed_s=2.926 completed=3008 pending=64
[exp8039] phase=retention_small_head_load_after elapsed_s=2.937 completed=3072 pending=0
[exp8039] phase=retention_small_head_load_before elapsed_s=2.937 completed=3072 pending=64
[exp8039] phase=retention_small_head_load_after elapsed_s=2.949 completed=3136 pending=0
[exp8039] phase=retention_small_head_load_before elapsed_s=2.949 completed=3136 pending=64
[exp8039] phase=retention_small_head_load_after elapsed_s=2.960 completed=3200 pending=0
[exp8039] phase=retention_small_head_load_before elapsed_s=2.960 completed=3200 pending=64
[exp8039] phase=retention_small_head_load_after elapsed_s=2.972 completed=3264 pending=0
[exp8039] phase=retention_small_head_load_before elapsed_s=2.972 completed=3264 pending=64
[exp8039] phase=retention_small_head_load_after elapsed_s=2.983 completed=3328 pending=0
[exp8039] phase=retention_small_head_load_before elapsed_s=2.983 completed=3328 pending=64
[exp8039] phase=retention_small_head_load_after elapsed_s=2.995 completed=3392 pending=0
[exp8039] phase=retention_small_head_load_before elapsed_s=2.995 completed=3392 pending=64
[exp8039] phase=retention_small_head_load_after elapsed_s=3.007 completed=3456 pending=0
[exp8039] phase=retention_small_head_load_before elapsed_s=3.007 completed=3456 pending=64
[exp8039] phase=retention_small_head_load_after elapsed_s=3.018 completed=3520 pending=0
[exp8039] phase=retention_small_head_load_before elapsed_s=3.018 completed=3520 pending=64
[exp8039] phase=retention_small_head_load_after elapsed_s=3.030 completed=3584 pending=0
[exp8039] phase=retention_small_head_load_before elapsed_s=3.030 completed=3584 pending=64
[exp8039] phase=retention_small_head_load_after elapsed_s=3.041 completed=3648 pending=0
[exp8039] phase=retention_small_head_load_before elapsed_s=3.041 completed=3648 pending=64
[exp8039] phase=retention_small_head_load_after elapsed_s=3.053 completed=3712 pending=0
[exp8039] phase=retention_small_head_load_before elapsed_s=3.053 completed=3712 pending=64
[exp8039] phase=retention_small_head_load_after elapsed_s=3.064 completed=3776 pending=0
[exp8039] phase=retention_small_head_load_before elapsed_s=3.064 completed=3776 pending=64
[exp8039] phase=retention_small_head_load_after elapsed_s=3.076 completed=3840 pending=0
[exp8039] phase=retention_small_head_load_before elapsed_s=3.076 completed=3840 pending=64
[exp8039] phase=retention_small_head_load_after elapsed_s=3.088 completed=3904 pending=0
[exp8039] phase=retention_small_head_load_before elapsed_s=3.088 completed=3904 pending=64
[exp8039] phase=retention_small_head_load_after elapsed_s=3.099 completed=3968 pending=0
[exp8039] phase=retention_small_head_load_before elapsed_s=3.099 completed=3968 pending=64
[exp8039] phase=retention_small_head_load_after elapsed_s=3.111 completed=4032 pending=0
[exp8039] phase=retention_small_head_load_before elapsed_s=3.111 completed=4032 pending=64
[exp8039] phase=retention_small_head_load_after elapsed_s=3.122 completed=4096 pending=0
[exp8039] phase=retention_small_head_load_before elapsed_s=3.122 completed=4096 pending=64
[exp8039] phase=retention_small_head_load_after elapsed_s=3.134 completed=4160 pending=0
[exp8039] phase=retention_small_head_load_before elapsed_s=3.134 completed=4160 pending=64
[exp8039] phase=retention_small_head_load_after elapsed_s=3.146 completed=4224 pending=0
[exp8039] phase=retention_small_head_load_before elapsed_s=3.146 completed=4224 pending=64
[exp8039] phase=retention_small_head_load_after elapsed_s=3.157 completed=4288 pending=0
[exp8039] phase=retention_small_head_load_before elapsed_s=3.157 completed=4288 pending=64
[exp8039] phase=retention_small_head_load_after elapsed_s=3.169 completed=4352 pending=0
[exp8039] phase=retention_small_head_load_before elapsed_s=3.169 completed=4352 pending=64
[exp8039] phase=retention_small_head_load_after elapsed_s=3.180 completed=4416 pending=0
[exp8039] phase=retention_small_head_load_before elapsed_s=3.180 completed=4416 pending=64
[exp8039] phase=retention_small_head_load_after elapsed_s=3.192 completed=4480 pending=0
[exp8039] phase=retention_small_head_load_before elapsed_s=3.192 completed=4480 pending=64
[exp8039] phase=retention_small_head_load_after elapsed_s=3.203 completed=4544 pending=0
[exp8039] phase=retention_small_head_load_before elapsed_s=3.203 completed=4544 pending=64
[exp8039] phase=retention_small_head_load_after elapsed_s=3.215 completed=4608 pending=0
[exp8039] phase=retention_small_head_load_before elapsed_s=3.215 completed=4608 pending=64
[exp8039] phase=retention_small_head_load_after elapsed_s=3.226 completed=4672 pending=0
[exp8039] phase=retention_small_head_load_before elapsed_s=3.226 completed=4672 pending=64
[exp8039] phase=retention_small_head_load_after elapsed_s=3.238 completed=4736 pending=0
[exp8039] phase=retention_small_head_load_before elapsed_s=3.238 completed=4736 pending=64
[exp8039] phase=retention_small_head_load_after elapsed_s=3.249 completed=4800 pending=0
[exp8039] phase=retention_small_head_load_before elapsed_s=3.249 completed=4800 pending=64
[exp8039] phase=retention_small_head_load_after elapsed_s=3.261 completed=4864 pending=0
[exp8039] phase=retention_small_head_load_before elapsed_s=3.261 completed=4864 pending=64
[exp8039] phase=retention_small_head_load_after elapsed_s=3.272 completed=4928 pending=0
[exp8039] phase=retention_small_head_load_before elapsed_s=3.272 completed=4928 pending=64
[exp8039] phase=retention_small_head_load_after elapsed_s=3.284 completed=4992 pending=0
[exp8039] phase=retention_small_head_load_before elapsed_s=3.284 completed=4992 pending=64
[exp8039] phase=retention_small_head_load_after elapsed_s=3.296 completed=5056 pending=0
[exp8039] phase=retention_small_head_load_before elapsed_s=3.296 completed=5056 pending=64
[exp8039] phase=retention_small_head_load_after elapsed_s=3.307 completed=5120 pending=0
[exp8039] phase=retention_predictions_sealed_before_targets elapsed_s=3.325 completed=5120 pending=0
[exp8039] phase=retention_benchmark_after elapsed_s=3.378 completed=5120 pending=0
{"passed": true, "sha256": "sha256:b193d8af13f2cd137f44fee2e073430d34ee0b5374f1c35cbc5a144ceed9a37f"}
