..[exp8249] phase=private_stream completed=1 pending=383
[exp8249] phase=private_stream completed=65 pending=319
[exp8249] phase=private_stream completed=129 pending=255
[exp8249] phase=private_stream completed=193 pending=191
[exp8249] phase=private_stream completed=257 pending=127
[exp8249] phase=private_stream completed=321 pending=63
.[exp8249] phase=before_preconditions completed=0 pending=0
[exp8249] phase=after_preconditions completed=6 pending=0
[exp8249] phase=before_private_benchmark completed=0 pending=0
[exp8249] phase=private_stream completed=1 pending=383
[exp8249] phase=private_stream completed=65 pending=319
[exp8249] phase=private_stream completed=129 pending=255
[exp8249] phase=private_stream completed=193 pending=191
[exp8249] phase=private_stream completed=257 pending=127
[exp8249] phase=private_stream completed=321 pending=63
[exp8249] phase=after_private_benchmark completed=384 pending=0
[exp8249] phase=before_preconditions completed=0 pending=0
[exp8249] phase=after_preconditions completed=12 pending=0
[exp8249] phase=before_preconditions completed=0 pending=0
[exp8249] phase=after_preconditions completed=28 pending=0
[exp8249] phase=before_private_benchmark completed=0 pending=0
[exp8249] phase=private_stream completed=1 pending=383
[exp8249] phase=private_stream completed=65 pending=319
[exp8249] phase=private_stream completed=129 pending=255
[exp8249] phase=private_stream completed=193 pending=191
[exp8249] phase=private_stream completed=257 pending=127
[exp8249] phase=private_stream completed=321 pending=63
[exp8249] phase=after_private_benchmark completed=384 pending=0
.before private8249 subprocess
after private8249 subprocess 2
before private8249 subprocess
after private8249 subprocess 0
before private8249 subprocess
after private8249 subprocess 0
before private8249 subprocess
after private8249 subprocess 1
before private8249 subprocess
after private8249 subprocess 2
before private8249 subprocess
after private8249 subprocess 0
.[exp8249] phase=before_preconditions completed=0 pending=0
[exp8249] phase=after_preconditions completed=6 pending=0
[exp8249] phase=before_private_benchmark completed=0 pending=0
[exp8249] phase=private_stream completed=1 pending=383
[exp8249] phase=private_stream completed=65 pending=319
[exp8249] phase=private_stream completed=129 pending=255
[exp8249] phase=private_stream completed=193 pending=191
[exp8249] phase=private_stream completed=257 pending=127
[exp8249] phase=private_stream completed=321 pending=63
[exp8249] phase=after_private_benchmark completed=384 pending=0
[exp8249] phase=before_preconditions completed=0 pending=0
[exp8249] phase=after_preconditions completed=7 pending=0
.
=============================== warnings summary ===============================
python/carnot/extraction/coace_extractor.py:122
  /home/ianblenke/github.com/ianblenke/carnot/python/carnot/extraction/coace_extractor.py:122: DeprecationWarning: ast.Num is deprecated and will be removed in Python 3.14; use ast.Constant instead
    if hasattr(ast, "Num"):

-- Docs: https://docs.pytest.org/en/stable/how-to/capture-warnings.html
6 passed, 1 warning in 26.84s
