[exp8401] phase=start_no_model_load_current_LLM_calls_0 completed=0 pending=0
[exp8401] phase=worker_before completed=0 pending=0
[exp8401] phase=custody completed=0 pending=37
[exp8389] phase=manifest_validation completed=0 pending=900
[exp8389] phase=manifest_validation completed=100 pending=800
[exp8389] phase=manifest_validation completed=200 pending=700
[exp8389] phase=manifest_validation completed=300 pending=600
[exp8389] phase=manifest_validation completed=400 pending=500
[exp8389] phase=manifest_validation completed=500 pending=400
[exp8389] phase=manifest_validation completed=600 pending=300
[exp8389] phase=manifest_validation completed=700 pending=200
[exp8389] phase=manifest_validation completed=800 pending=100
[exp8389] phase=manifest_validation_complete completed=900 pending=0
[exp8389] phase=manifest_validation completed=0 pending=900
[exp8389] phase=manifest_validation completed=100 pending=800
[exp8389] phase=manifest_validation completed=200 pending=700
[exp8389] phase=manifest_validation completed=300 pending=600
[exp8389] phase=manifest_validation completed=400 pending=500
[exp8389] phase=manifest_validation completed=500 pending=400
[exp8389] phase=manifest_validation completed=600 pending=300
[exp8389] phase=manifest_validation completed=700 pending=200
[exp8389] phase=manifest_validation completed=800 pending=100
[exp8389] phase=manifest_validation_complete completed=900 pending=0
[exp8401] phase=worker_after completed=1 pending=0
