============================= test session starts ==============================
platform linux -- Python 3.12.13, pytest-9.0.3, pluggy-1.6.0
rootdir: /home/ianblenke/github.com/ianblenke/carnot
configfile: pyproject.toml
plugins: xdist-3.8.0, jaxtyping-0.3.10, cov-7.1.0, hydra-core-1.3.3, anyio-4.13.0, hypothesis-6.155.2
created: 4/4 workers
4 workers [75346 items]

........................................................................ [  0%]
........................................................................ [  0%]
........................................................................ [  0%]
........................................................................ [  0%]
........................................................................ [  0%]
........................................................................ [  0%]
........................................................................ [  0%]
.......................................F................................ [  0%]
......................F................................................. [  0%]
........................................................................ [  0%]
........................................................................ [  1%]
........................................................................ [  1%]
.......................................................F....F.F......... [  1%]
........................................................................ [  1%]
........................................................................ [  1%]
..F..................................................................... [  1%]
........................................................................ [  1%]
................................Fssssss........s........................ [  1%]
...................FFFFF.FF............................................. [  1%]
........................................................................ [  1%]
........................................................................ [  2%]
........................................................................ [  2%]
...............................................ssssssssss.ssssss........ [  2%]
........................................................................ [  2%]
...F................................F................................... [  2%]
......F................................................................. [  2%]
........................................................................ [  2%]
........................F..................................F............ [  2%]
.............................................................FF......... [  2%]
........................................................................ [  2%]
........................................................................ [  2%]
........................................................................ [  3%]
........................................................................ [  3%]
................F....................................................... [  3%]
..................................F.........................F....F...... [  3%]
........................................................................ [  3%]
........................................................................ [  3%]
........................................................................ [  3%]
........................................................................ [  3%]
........................................................................ [  3%]
........................................................................ [  3%]
........................................................................ [  4%]
........................................................................ [  4%]
........................................................................ [  4%]
........................................................................ [  4%]
........................................................................ [  4%]
...................................s.................................... [  4%]
........................................................................ [  4%]
........................................................................ [  4%]
........................................................................ [  4%]
........................................................................ [  4%]
..............................................................F......... [  4%]
........................................................................ [  5%]
........................................................................ [  5%]
........................................................................ [  5%]
........................................................................ [  5%]
........................................................................ [  5%]
.....................F......................F..F.F...................... [  5%]
........................................................................ [  5%]
........................................................................ [  5%]
........................................................................ [  5%]
........................................................................ [  5%]
........................................................................ [  6%]
........................................................................ [  6%]
........................................................................ [  6%]
........................................................................ [  6%]
........................................................................ [  6%]
........................................................................ [  6%]
........................................................................ [  6%]
........................................................................ [  6%]
........................................................................ [  6%]
......................F................................................. [  6%]
...............................F........................................ [  6%]
........................................................................ [  7%]
............s........................................................... [  7%]
...........sssss.....ssssss............................................. [  7%]
.............................F.......................................... [  7%]
........................................................................ [  7%]
........................................................................ [  7%]
.............FF......................................................... [  7%]
.............................................................F.......... [  7%]
..............F......................................................... [  7%]
........................................................................ [  7%]
........................................................................ [  8%]
........................................................................ [  8%]
........................................................................ [  8%]
........................................................................ [  8%]
........................................................................ [  8%]
........................................................................ [  8%]
........................................................................ [  8%]
........................................................................ [  8%]
........................................................................ [  8%]
.......................................FFFFFFFFFFFFFFFFFFFFFFFFFFFFFFFF. [  8%]
.........F.......F.............FF....................................... [  8%]
........................................................................ [  9%]
........................................................................ [  9%]
......FF................................................................ [  9%]
........................................................................ [  9%]
........................................................................ [  9%]
........................................................................ [  9%]
........................................................................ [  9%]
........................................................................ [  9%]
...........................................................s............ [  9%]
........................................................................ [  9%]
....................................F................................... [ 10%]
........................................................................ [ 10%]
........................................................................ [ 10%]
.......................................ssssssssssssss................... [ 10%]
...FF..............................................FFFFFFFF.....s....... [ 10%]
.............................F.F...F......F............................. [ 10%]
............................F....FF..F.................................. [ 10%]
........................................................................ [ 10%]
........................................................................ [ 10%]
........................................................................ [ 10%]
......................................................................F. [ 10%]
........................................................................ [ 11%]
...........................FssF....FF.FF..FFFFFF..FF..F................. [ 11%]
...............................FF.F...F..FF............................. [ 11%]
........................................FFF............................. [ 11%]
..............................F...F..................................... [ 11%]
........................................................................ [ 11%]
........................................................................ [ 11%]
..........................................................sss........... [ 11%]
.................................................................sssssss [ 11%]
ssssssss................................................................ [ 11%]
........................................................................ [ 12%]
........................................................................ [ 12%]
..........................................................s............. [ 12%]
........................................................................ [ 12%]
........................................................................ [ 12%]
........................................................................ [ 12%]
.....................................F.................................. [ 12%]
........................................................................ [ 12%]
........................................................................ [ 12%]
........................................................................ [ 12%]
........................................................................ [ 12%]
........................................................................ [ 13%]
........................................................................ [ 13%]
........................................................................ [ 13%]
........................................................................ [ 13%]
...........................s.............F...........................FFF [ 13%]
F........................E.....FFF...................................... [ 13%]
...F....FF.....................................................sssssssss [ 13%]
ssF.......FF........FF.......................................F.......... [ 13%]
........................................................................ [ 13%]
......................................F................................. [ 13%]
........................................................................ [ 14%]
.................F........FF.........F.................................. [ 14%]
.........F.............................................................. [ 14%]
........................................................................ [ 14%]
........................................................................ [ 14%]
........................................................................ [ 14%]
........................................................................ [ 14%]
........................................................................ [ 14%]
........................................................................ [ 14%]
........................................................................ [ 14%]
..........F............................................................. [ 15%]
........................................................................ [ 15%]
........................................................................ [ 15%]
........................................................................ [ 15%]
........................................................................ [ 15%]
........................................................................ [ 15%]
........................................................................ [ 15%]
........................................................................ [ 15%]
........................................................................ [ 15%]
........................................................................ [ 15%]
........................................................................ [ 15%]
........................................................................ [ 16%]
........................................................................ [ 16%]
........................................................................ [ 16%]
........................................................................ [ 16%]
........................................................................ [ 16%]
..........................F............................................. [ 16%]
.....................s......F................................F.......... [ 16%]
.......F.F.............................................................F [ 16%]
F....................................................................... [ 16%]
............................................................../home/ianblenke/github.com/ianblenke/carnot/.venv/lib/python3.12/site-packages/_pytest/main.py:353: PluggyTeardownRaisedWarning: A plugin raised an exception during an old-style hookwrapper teardown.
Plugin: 140161007999200, Hook: pytest_sessionfinish
OSError: cannot send (already closed?)
For more information see https://pluggy.readthedocs.io/en/stable/api_reference.html#pluggy.PluggyTeardownRaisedWarning
  config.hook.pytest_sessionfinish(
/home/ianblenke/github.com/ianblenke/carnot/.venv/lib/python3.12/site-packages/_pytest/main.py:353: PluggyTeardownRaisedWarning: A plugin raised an exception during an old-style hookwrapper teardown.
Plugin: 140609493332336, Hook: pytest_sessionfinish
OSError: cannot send (already closed?)
For more information see https://pluggy.readthedocs.io/en/stable/api_reference.html#pluggy.PluggyTeardownRaisedWarning
  config.hook.pytest_sessionfinish(
/home/ianblenke/github.com/ianblenke/carnot/.venv/lib/python3.12/site-packages/_pytest/main.py:353: PluggyTeardownRaisedWarning: A plugin raised an exception during an old-style hookwrapper teardown.
Plugin: 140607966561392, Hook: pytest_sessionfinish
OSError: cannot send (already closed?)
For more information see https://pluggy.readthedocs.io/en/stable/api_reference.html#pluggy.PluggyTeardownRaisedWarning
  config.hook.pytest_sessionfinish(
