[exp8071] phase=start elapsed_s=0.000 completed=0 pending=0
[exp8071] phase=before_model_load elapsed_s=0.044 completed=0 pending=0
[exp8071] phase=after_model_load elapsed_s=7.732 completed=0 pending=0
[exp8059] phase=token_view_seal elapsed_s=7.721 completed=1 pending=7
[exp8059] phase=token_view_seal elapsed_s=7.731 completed=2 pending=6
[exp8059] phase=token_view_seal elapsed_s=7.741 completed=3 pending=5
[exp8059] phase=token_view_seal elapsed_s=7.752 completed=4 pending=4
[exp8059] phase=token_view_seal elapsed_s=7.784 completed=5 pending=3
[exp8059] phase=token_view_seal elapsed_s=7.794 completed=6 pending=2
[exp8059] phase=token_view_seal elapsed_s=7.799 completed=7 pending=1
[exp8059] phase=token_view_seal elapsed_s=7.824 completed=8 pending=0
[exp8071] phase=before_native_forward elapsed_s=7.899 completed=0 pending=0
[exp8022] phase=8033_before_context_create elapsed_s=0.000 completed=0 pending=0
[exp8022] phase=8033_after_context_create elapsed_s=0.033 completed=0 pending=0
[exp8022] phase=8033_before_eval elapsed_s=0.044 completed=0 pending=160
[exp8022] phase=8033_after_eval elapsed_s=0.612 completed=160 pending=0
[exp8022] phase=8033_before_context_close elapsed_s=0.877 completed=0 pending=0
[exp8022] phase=8033_after_context_close elapsed_s=1.187 completed=0 pending=0
[exp8071] phase=after_native_forward elapsed_s=9.100 completed=0 pending=0
[exp8071] phase=before_model_cleanup elapsed_s=9.102 completed=0 pending=0
[exp8071] phase=after_model_cleanup elapsed_s=9.273 completed=0 pending=0
