[exp8071] phase=start elapsed_s=0.000 completed=0 pending=0
[exp8071] phase=before_model_load elapsed_s=0.043 completed=0 pending=0
[exp8071] phase=after_model_load elapsed_s=7.531 completed=0 pending=0
[exp8059] phase=token_view_seal elapsed_s=7.522 completed=1 pending=7
[exp8059] phase=token_view_seal elapsed_s=7.531 completed=2 pending=6
[exp8059] phase=token_view_seal elapsed_s=7.541 completed=3 pending=5
[exp8059] phase=token_view_seal elapsed_s=7.552 completed=4 pending=4
[exp8059] phase=token_view_seal elapsed_s=7.584 completed=5 pending=3
[exp8059] phase=token_view_seal elapsed_s=7.593 completed=6 pending=2
[exp8059] phase=token_view_seal elapsed_s=7.599 completed=7 pending=1
[exp8059] phase=token_view_seal elapsed_s=7.623 completed=8 pending=0
[exp8071] phase=before_native_forward elapsed_s=7.702 completed=0 pending=0
[exp8022] phase=8033_before_context_create elapsed_s=0.000 completed=0 pending=0
[exp8022] phase=8033_after_context_create elapsed_s=0.036 completed=0 pending=0
[exp8022] phase=8033_before_eval elapsed_s=0.047 completed=0 pending=568
[exp8022] phase=8033_after_eval elapsed_s=1.114 completed=568 pending=0
[exp8022] phase=8033_before_context_close elapsed_s=1.471 completed=0 pending=0
[exp8022] phase=8033_after_context_close elapsed_s=1.940 completed=0 pending=0
[exp8071] phase=after_native_forward elapsed_s=9.654 completed=0 pending=0
[exp8071] phase=before_model_cleanup elapsed_s=9.657 completed=0 pending=0
[exp8071] phase=after_model_cleanup elapsed_s=9.900 completed=0 pending=0
