============================= test session starts ==============================
platform linux -- Python 3.12.13, pytest-9.0.3, pluggy-1.6.0
rootdir: /home/ianblenke/github.com/ianblenke/carnot
configfile: pyproject.toml
plugins: xdist-3.8.0, jaxtyping-0.3.10, cov-7.1.0, hydra-core-1.3.3, anyio-4.13.0, hypothesis-6.155.2
created: 4/4 workers
4 workers [76179 items]

........................................................................ [  0%]
........................................................................ [  0%]
........................................................................ [  0%]
........................................................................ [  0%]
........................................................................ [  0%]
........................................................................ [  0%]
........................................................................ [  0%]
........................................................................ [  0%]
........................................................................ [  0%]
........................................................................ [  0%]
........................................................................ [  1%]
........................................................................ [  1%]
........................................................................ [  1%]
........................................................................ [  1%]
........................................................................ [  1%]
........................................................................ [  1%]
........................................................................ [  1%]
........................................................................ [  1%]
.................F.........F............................................ [  1%]
............F........................................................... [  1%]
........................................................................ [  1%]
........................................................................ [  2%]
........................................................................ [  2%]
........................................................................ [  2%]
.................F...................................................... [  2%]
........................................................................ [  2%]
........................................................................ [  2%]
........................................................................ [  2%]
........................................................................ [  2%]
........................................................................ [  2%]
........................................................................ [  2%]
........................................................................ [  3%]
....................................s................................... [  3%]
........................................................................ [  3%]
........................................................................ [  3%]
........................................................................ [  3%]
........................................................................ [  3%]
........................................................................ [  3%]
........................................................................ [  3%]
........................................................................ [  3%]
........................................................................ [  3%]
........................................................................ [  3%]
........................................................................ [  4%]
.............................................................F.......... [  4%]
........................................................................ [  4%]
........................................................................ [  4%]
........................................................................ [  4%]
....................................................................F... [  4%]
...................F..F.F............................................... [  4%]
.....................................................................FF. [  4%]
........................................................................ [  4%]
........................................................................ [  4%]
........................................................................ [  5%]
........................................................................ [  5%]
........................................................................ [  5%]
........................................................................ [  5%]
............................F..........F................................ [  5%]
...........................FF........................................... [  5%]
........................................................................ [  5%]
........................................................................ [  5%]
........................................................................ [  5%]
........................................................................ [  5%]
.........................................F.......F...................... [  5%]
........................................................................ [  6%]
F....F.F..........F..................................................... [  6%]
.................F.ssssss........s...................................... [  6%]
....FFFFFFF............................................................. [  6%]
........................................................................ [  6%]
................ssssssssssssssss.F...................................... [  6%]
.....................F.................................F................ [  6%]
.........................................................FF............. [  6%]
........................................................................ [  6%]
........................................................................ [  6%]
........................................................................ [  6%]
........................................................................ [  7%]
........................................................................ [  7%]
........................................................................ [  7%]
.............F...F...................................................... [  7%]
........................................................................ [  7%]
........................................................................ [  7%]
........................................................................ [  7%]
........................................................................ [  7%]
....................................FFFF.FFFFFFFFFFFFFFFFFFFFFFFFFFFF... [  7%]
.......F.......F.............FF......................................... [  7%]
........................................................................ [  8%]
........................................................................ [  8%]
........................................................................ [  8%]
........................................................................ [  8%]
........................................................................ [  8%]
........................................................................ [  8%]
.................F...................................................... [  8%]
........................................................................ [  8%]
................................F.F.......................s............. [  8%]
........................................................................ [  8%]
........sssss.....ssssss................................................ [  8%]
........................................................................ [  9%]
........................................................................ [  9%]
........................................................................ [  9%]
........................................................................ [  9%]
........................................................................ [  9%]
........................................................................ [  9%]
........................................................................ [  9%]
........................................................................ [  9%]
.................................................................E...... [  9%]
........................................................................ [  9%]
........................................................................ [ 10%]
........................................................................ [ 10%]
........................................................................ [ 10%]
....................................................................s... [ 10%]
........................................................................ [ 10%]
........................................F............................... [ 10%]
........................................................................ [ 10%]
........................................................................ [ 10%]
.........................................ssssssssssssss................. [ 10%]
....FF............................................FFFFFFFF.....s........ [ 10%]
............................F.F..F..F................................... [ 10%]
......................F.FF..F.F......................................... [ 11%]
.....FssF....FFFFFFFFFFFFF..........................................FF.F [ 11%]
..F..FF........................................................FFF...... [ 11%]
.....................................................FF................. [ 11%]
........................................................................ [ 11%]
........................................................................ [ 11%]
..........................................................sss........... [ 11%]
.................................................................sssssss [ 11%]
ssssssss................................................................ [ 11%]
........................................................................ [ 11%]
........................................................................ [ 12%]
..........................................................s............. [ 12%]
........................................................................ [ 12%]
........................................................................ [ 12%]
........................................................................ [ 12%]
.....................................F.................................. [ 12%]
........................................................................ [ 12%]
........................................................................ [ 12%]
........................................................................ [ 12%]
........................................................................ [ 12%]
........................................................................ [ 12%]
........................................................................ [ 13%]
........................................................................ [ 13%]
........................................................................ [ 13%]
...........................s.............F...........................FFF [ 13%]
F........................FFF.........................................F.. [ 13%]
..FF....................................................sssssssssssF..FF [ 13%]
........FF.............................................................. [ 13%]
..............................F......................................... [ 13%]
........................................................................ [ 13%]
............................................................FF.......... [ 13%]
..F..................................................................... [ 13%]
........................................................................ [ 14%]
..........................F............................................. [ 14%]
.............................................F.......................... [ 14%]
........................................................................ [ 14%]
........................................................................ [ 14%]
......................F................................................. [ 14%]
..................................................F..................... [ 14%]
........................................................................ [ 14%]
........................F............................................... [ 14%]
...............................................F........................ [ 14%]
........................................................................ [ 15%]
........................................................................ [ 15%]
........................................................F..........FFFFF [ 15%]
FFFFFFFFFFFFF........................................................... [ 15%]
.................................................FFFFFFFFFFFFFFFFFFFF... [ 15%]
........................................................................ [ 15%]
........................................................................ [ 15%]
........................................................................ [ 15%]
..........s.............../home/ianblenke/github.com/ianblenke/carnot/.venv/lib/python3.12/site-packages/_pytest/main.py:353: PluggyTeardownRaisedWarning: A plugin raised an exception during an old-style hookwrapper teardown.
Plugin: 140611916935680, Hook: pytest_sessionfinish
OSError: cannot send (already closed?)
For more information see https://pluggy.readthedocs.io/en/stable/api_reference.html#pluggy.PluggyTeardownRaisedWarning
  config.hook.pytest_sessionfinish(
/home/ianblenke/github.com/ianblenke/carnot/.venv/lib/python3.12/site-packages/_pytest/main.py:353: PluggyTeardownRaisedWarning: A plugin raised an exception during an old-style hookwrapper teardown.
Plugin: 140515360177808, Hook: pytest_sessionfinish
OSError: cannot send (already closed?)
For more information see https://pluggy.readthedocs.io/en/stable/api_reference.html#pluggy.PluggyTeardownRaisedWarning
  config.hook.pytest_sessionfinish(
/home/ianblenke/github.com/ianblenke/carnot/.venv/lib/python3.12/site-packages/_pytest/main.py:353: PluggyTeardownRaisedWarning: A plugin raised an exception during an old-style hookwrapper teardown.
Plugin: 139869800157248, Hook: pytest_sessionfinish
OSError: cannot send (already closed?)
For more information see https://pluggy.readthedocs.io/en/stable/api_reference.html#pluggy.PluggyTeardownRaisedWarning
  config.hook.pytest_sessionfinish(
/home/ianblenke/github.com/ianblenke/carnot/.venv/lib/python3.12/site-packages/_pytest/main.py:353: PluggyTeardownRaisedWarning: A plugin raised an exception during an old-style hookwrapper teardown.
Plugin: 140171611426352, Hook: pytest_sessionfinish
OSError: cannot send (already closed?)
For more information see https://pluggy.readthedocs.io/en/stable/api_reference.html#pluggy.PluggyTeardownRaisedWarning
  config.hook.pytest_sessionfinish(
