..F...                                                                   [100%]
=================================== FAILURES ===================================
__________________ test_actual_cli_child_replay_and_recovery ___________________

tmp_path = PosixPath('/tmp/carnot-8334-jrl_n0nn/owned/test_actual_cli_child_replay_a0')
monkeypatch = <_pytest.monkeypatch.MonkeyPatch object at 0x7f48b5583080>

    def test_actual_cli_child_replay_and_recovery(tmp_path, monkeypatch):
        """SCENARIO-VERIFY-8335-CLI: genuine processes retain terminal failures."""
        output = tmp_path / (e.NAME + ".json")
        prefix = [sys.executable]
        if "COVERAGE_RCFILE" in os.environ:
            prefix += ["-m", "coverage", "run", "--rcfile=" + os.environ["COVERAGE_RCFILE"]]
>       result = subprocess.run(
            prefix + [str(e.ROOT / e.CLI), "--private-run", "--output", str(output)],
            capture_output=True,
            timeout=60,
            cwd="/tmp",
        )

tests/python/test_reserved_prediction_seal_8335.py:88: 
_ _ _ _ _ _ _ _ _ _ _ _ _ _ _ _ _ _ _ _ _ _ _ _ _ _ _ _ _ _ _ _ _ _ _ _ _ _ _ _ 
../../../.local/share/uv/python/cpython-3.12.13-linux-x86_64-gnu/lib/python3.12/subprocess.py:550: in run
    stdout, stderr = process.communicate(input, timeout=timeout)
                     ^^^^^^^^^^^^^^^^^^^^^^^^^^^^^^^^^^^^^^^^^^^
../../../.local/share/uv/python/cpython-3.12.13-linux-x86_64-gnu/lib/python3.12/subprocess.py:1209: in communicate
    stdout, stderr = self._communicate(input, endtime, timeout)
                     ^^^^^^^^^^^^^^^^^^^^^^^^^^^^^^^^^^^^^^^^^^
../../../.local/share/uv/python/cpython-3.12.13-linux-x86_64-gnu/lib/python3.12/subprocess.py:2116: in _communicate
    self._check_timeout(endtime, orig_timeout, stdout, stderr)
_ _ _ _ _ _ _ _ _ _ _ _ _ _ _ _ _ _ _ _ _ _ _ _ _ _ _ _ _ _ _ _ _ _ _ _ _ _ _ _ 

self = <Popen: returncode: -9 args: ['/home/ianblenke/github.com/ianblenke/carnot/....>
endtime = 1192325.569678491, orig_timeout = 60
stdout_seq = [b'[exp8335] phase=start completed=0 pending=0\n', b'[exp8335] phase=before_authentication completed=0 pending=0\n', b...er_subprocess_predictor_only_child completed=1 pending=0\n', b'[exp8335] phase=scoring completed=32 pending=96\n', ...]
stderr_seq = [], skip_check_and_raise = False

    def _check_timeout(self, endtime, orig_timeout, stdout_seq, stderr_seq,
                       skip_check_and_raise=False):
        """Convenience for checking if a timeout has expired."""
        if endtime is None:
            return
        if skip_check_and_raise or _time() > endtime:
>           raise TimeoutExpired(
                    self.args, orig_timeout,
                    output=b''.join(stdout_seq) if stdout_seq else None,
                    stderr=b''.join(stderr_seq) if stderr_seq else None)
E           subprocess.TimeoutExpired: Command '['/home/ianblenke/github.com/ianblenke/carnot/.venv/bin/python', '-m', 'coverage', 'run', '--rcfile=/tmp/carnot-8334-jrl_n0nn/coverage.ini', '/home/ianblenke/github.com/ianblenke/carnot/scripts/experiments/experiment_8335_v719_reserved_prediction_seal.py', '--private-run', '--output', '/tmp/carnot-8334-jrl_n0nn/owned/test_actual_cli_child_replay_a0/experiment_8335_v719_reserved_prediction_seal.json']' timed out after 60 seconds

../../../.local/share/uv/python/cpython-3.12.13-linux-x86_64-gnu/lib/python3.12/subprocess.py:1253: TimeoutExpired
=============================== warnings summary ===============================
python/carnot/extraction/coace_extractor.py:122
  /home/ianblenke/github.com/ianblenke/carnot/python/carnot/extraction/coace_extractor.py:122: DeprecationWarning: ast.Num is deprecated and will be removed in Python 3.14; use ast.Constant instead
    if hasattr(ast, "Num"):

-- Docs: https://docs.pytest.org/en/stable/how-to/capture-warnings.html
=========================== short test summary info ============================
FAILED tests/python/test_reserved_prediction_seal_8335.py::test_actual_cli_child_replay_and_recovery
1 failed, 5 passed, 1 warning in 117.75s (0:01:57)
