COMMAND: /opt/oss-cad-suite/bin/nextpnr-himbaechel --device CCGM1A1 --json /home/ianblenke/github.com/ianblenke/carnot/build/gatemate/experiment_3866_gatemate_ising_tile_flash_v2/gatemate_ising_n16.json --write /home/ianblenke/github.com/ianblenke/carnot/build/gatemate/experiment_3866_gatemate_ising_tile_flash_v2/gatemate_ising_n16.pnr.json --freq 12.0 --vopt allow-unconstrained --vopt out=/home/ianblenke/github.com/ianblenke/carnot/build/gatemate/experiment_3866_gatemate_ising_tile_flash_v2/gatemate_ising_n16.cfg.bit
RETURNCODE: 0
STDOUT:

STDERR:
Info: Using uarch 'gatemate' for device 'CCGM1A1'
Info: Using timing mode 'WORST'.
Info: Using performance mode 'SPEED'.

Info: Assign cell region based on attributes..
Info: Packing constants..
Info: Running cleanups..
Info: Packing IOs..
Warning: IO '$iopadmap$gatemate_ising_n16.S_AXI_WDATA' is unconstrained in CCF and will be automatically placed.
Info:     Constraining '$iopadmap$gatemate_ising_n16.S_AXI_WDATA' to pad 'IO_SA_A0'.
Warning: IO '$iopadmap$gatemate_ising_n16.S_AXI_RVALID' is unconstrained in CCF and will be automatically placed.
Info:     Constraining '$iopadmap$gatemate_ising_n16.S_AXI_RVALID' to pad 'IO_SA_B0'.
Warning: IO '$iopadmap$gatemate_ising_n16.S_AXI_RRESP_1' is unconstrained in CCF and will be automatically placed.
Info:     Constraining '$iopadmap$gatemate_ising_n16.S_AXI_RRESP_1' to pad 'IO_SA_A1'.
Warning: IO '$iopadmap$gatemate_ising_n16.S_AXI_RRESP' is unconstrained in CCF and will be automatically placed.
Info:     Constraining '$iopadmap$gatemate_ising_n16.S_AXI_RRESP' to pad 'IO_SA_B1'.
Warning: IO '$iopadmap$gatemate_ising_n16.S_AXI_RREADY' is unconstrained in CCF and will be automatically placed.
Info:     Constraining '$iopadmap$gatemate_ising_n16.S_AXI_RREADY' to pad 'IO_SA_A2'.
Warning: IO '$iopadmap$gatemate_ising_n16.S_AXI_RDATA_9' is unconstrained in CCF and will be automatically placed.
Info:     Constraining '$iopadmap$gatemate_ising_n16.S_AXI_RDATA_9' to pad 'IO_SA_B2'.
Warning: IO '$iopadmap$gatemate_ising_n16.S_AXI_RDATA_8' is unconstrained in CCF and will be automatically placed.
Info:     Constraining '$iopadmap$gatemate_ising_n16.S_AXI_RDATA_8' to pad 'IO_SA_A3'.
Warning: IO '$iopadmap$gatemate_ising_n16.S_AXI_RDATA_7' is unconstrained in CCF and will be automatically placed.
Info:     Constraining '$iopadmap$gatemate_ising_n16.S_AXI_RDATA_7' to pad 'IO_SA_B3'.
Warning: IO '$iopadmap$gatemate_ising_n16.S_AXI_RDATA_6' is unconstrained in CCF and will be automatically placed.
Info:     Constraining '$iopadmap$gatemate_ising_n16.S_AXI_RDATA_6' to pad 'IO_SA_A4'.
Warning: IO '$iopadmap$gatemate_ising_n16.S_AXI_RDATA_5' is unconstrained in CCF and will be automatically placed.
Info:     Constraining '$iopadmap$gatemate_ising_n16.S_AXI_RDATA_5' to pad 'IO_SA_B4'.
Warning: IO '$iopadmap$gatemate_ising_n16.S_AXI_RDATA_4' is unconstrained in CCF and will be automatically placed.
Info:     Constraining '$iopadmap$gatemate_ising_n16.S_AXI_RDATA_4' to pad 'IO_SA_A5'.
Warning: IO '$iopadmap$gatemate_ising_n16.S_AXI_WVALID' is unconstrained in CCF and will be automatically placed.
Info:     Constraining '$iopadmap$gatemate_ising_n16.S_AXI_WVALID' to pad 'IO_SA_B5'.
Warning: IO '$iopadmap$gatemate_ising_n16.S_AXI_RDATA_31' is unconstrained in CCF and will be automatically placed.
Info:     Constraining '$iopadmap$gatemate_ising_n16.S_AXI_RDATA_31' to pad 'IO_SA_A6'.
Warning: IO '$iopadmap$gatemate_ising_n16.S_AXI_WSTRB_3' is unconstrained in CCF and will be automatically placed.
Info:     Constraining '$iopadmap$gatemate_ising_n16.S_AXI_WSTRB_3' to pad 'IO_SA_B6'.
Warning: IO '$iopadmap$gatemate_ising_n16.S_AXI_RDATA_30' is unconstrained in CCF and will be automatically placed.
Info:     Constraining '$iopadmap$gatemate_ising_n16.S_AXI_RDATA_30' to pad 'IO_SA_A7'.
Warning: IO '$iopadmap$gatemate_ising_n16.S_AXI_RDATA_3' is unconstrained in CCF and will be automatically placed.
Info:     Constraining '$iopadmap$gatemate_ising_n16.S_AXI_RDATA_3' to pad 'IO_SA_B7'.
Warning: IO '$iopadmap$gatemate_ising_n16.S_AXI_WSTRB_2' is unconstrained in CCF and will be automatically placed.
Info:     Constraining '$iopadmap$gatemate_ising_n16.S_AXI_WSTRB_2' to pad 'IO_SA_A8'.
Warning: IO '$iopadmap$gatemate_ising_n16.S_AXI_RDATA_29' is unconstrained in CCF and will be automatically placed.
Info:     Constraining '$iopadmap$gatemate_ising_n16.S_AXI_RDATA_29' to pad 'IO_SA_B8'.
Warning: IO '$iopadmap$gatemate_ising_n16.S_AXI_WSTRB_1' is unconstrained in CCF and will be automatically placed.
Info:     Constraining '$iopadmap$gatemate_ising_n16.S_AXI_WSTRB_1' to pad 'IO_SB_A0'.
Warning: IO '$iopadmap$gatemate_ising_n16.S_AXI_RDATA_28' is unconstrained in CCF and will be automatically placed.
Info:     Constraining '$iopadmap$gatemate_ising_n16.S_AXI_RDATA_28' to pad 'IO_SB_B0'.
Warning: IO '$iopadmap$gatemate_ising_n16.S_AXI_WSTRB' is unconstrained in CCF and will be automatically placed.
Info:     Constraining '$iopadmap$gatemate_ising_n16.S_AXI_WSTRB' to pad 'IO_SB_A1'.
Warning: IO '$iopadmap$gatemate_ising_n16.S_AXI_RDATA_27' is unconstrained in CCF and will be automatically placed.
Info:     Constraining '$iopadmap$gatemate_ising_n16.S_AXI_RDATA_27' to pad 'IO_SB_B1'.
Warning: IO '$iopadmap$gatemate_ising_n16.S_AXI_WREADY' is unconstrained in CCF and will be automatically placed.
Info:     Constraining '$iopadmap$gatemate_ising_n16.S_AXI_WREADY' to pad 'IO_SB_A2'.
Warning: IO '$iopadmap$gatemate_ising_n16.S_AXI_RDATA_26' is unconstrained in CCF and will be automatically placed.
Info:     Constraining '$iopadmap$gatemate_ising_n16.S_AXI_RDATA_26' to pad 'IO_SB_B2'.
Warning: IO '$iopadmap$gatemate_ising_n16.S_AXI_WDATA_9' is unconstrained in CCF and will be automatically placed.
Info:     Constraining '$iopadmap$gatemate_ising_n16.S_AXI_WDATA_9' to pad 'IO_SB_A3'.
Warning: IO '$iopadmap$gatemate_ising_n16.S_AXI_RDATA_25' is unconstrained in CCF and will be automatically placed.
Info:     Constraining '$iopadmap$gatemate_ising_n16.S_AXI_RDATA_25' to pad 'IO_SB_B3'.
Warning: IO '$iopadmap$gatemate_ising_n16.S_AXI_WDATA_8' is unconstrained in CCF and will be automatically placed.
Info:     Constraining '$iopadmap$gatemate_ising_n16.S_AXI_WDATA_8' to pad 'IO_SB_A4'.
Warning: IO '$iopadmap$gatemate_ising_n16.S_AXI_RDATA_24' is unconstrained in CCF and will be automatically placed.
Info:     Constraining '$iopadmap$gatemate_ising_n16.S_AXI_RDATA_24' to pad 'IO_SB_B4'.
Warning: IO '$iopadmap$gatemate_ising_n16.S_AXI_WDATA_7' is unconstrained in CCF and will be automatically placed.
Info:     Constraining '$iopadmap$gatemate_ising_n16.S_AXI_WDATA_7' to pad 'IO_SB_A5'.
Warning: IO '$iopadmap$gatemate_ising_n16.S_AXI_RDATA_23' is unconstrained in CCF and will be automatically placed.
Info:     Constraining '$iopadmap$gatemate_ising_n16.S_AXI_RDATA_23' to pad 'IO_SB_B5'.
Warning: IO '$iopadmap$gatemate_ising_n16.S_AXI_WDATA_6' is unconstrained in CCF and will be automatically placed.
Info:     Constraining '$iopadmap$gatemate_ising_n16.S_AXI_WDATA_6' to pad 'IO_SB_A6'.
Warning: IO '$iopadmap$gatemate_ising_n16.S_AXI_RDATA_22' is unconstrained in CCF and will be automatically placed.
Info:     Constraining '$iopadmap$gatemate_ising_n16.S_AXI_RDATA_22' to pad 'IO_SB_B6'.
Warning: IO '$iopadmap$gatemate_ising_n16.S_AXI_WDATA_5' is unconstrained in CCF and will be automatically placed.
Info:     Constraining '$iopadmap$gatemate_ising_n16.S_AXI_WDATA_5' to pad 'IO_SB_A7'.
Warning: IO '$iopadmap$gatemate_ising_n16.S_AXI_RDATA_21' is unconstrained in CCF and will be automatically placed.
Info:     Constraining '$iopadmap$gatemate_ising_n16.S_AXI_RDATA_21' to pad 'IO_SB_B7'.
Warning: IO '$iopadmap$gatemate_ising_n16.S_AXI_WDATA_4' is unconstrained in CCF and will be automatically placed.
Info:     Constraining '$iopadmap$gatemate_ising_n16.S_AXI_WDATA_4' to pad 'IO_SB_A8'.
Warning: IO '$iopadmap$gatemate_ising_n16.S_AXI_RDATA_20' is unconstrained in CCF and will be automatically placed.
Info:     Constraining '$iopadmap$gatemate_ising_n16.S_AXI_RDATA_20' to pad 'IO_SB_B8'.
Warning: IO '$iopadmap$gatemate_ising_n16.S_AXI_RDATA_2' is unconstrained in CCF and will be automatically placed.
Info:     Constraining '$iopadmap$gatemate_ising_n16.S_AXI_RDATA_2' to pad 'IO_WA_A0'.
Warning: IO '$iopadmap$gatemate_ising_n16.S_AXI_WDATA_31' is unconstrained in CCF and will be automatically placed.
Info:     Constraining '$iopadmap$gatemate_ising_n16.S_AXI_WDATA_31' to pad 'IO_WA_B0'.
Warning: IO '$iopadmap$gatemate_ising_n16.S_AXI_RDATA_19' is unconstrained in CCF and will be automatically placed.
Info:     Constraining '$iopadmap$gatemate_ising_n16.S_AXI_RDATA_19' to pad 'IO_WA_A1'.
Warning: IO '$iopadmap$gatemate_ising_n16.S_AXI_WDATA_30' is unconstrained in CCF and will be automatically placed.
Info:     Constraining '$iopadmap$gatemate_ising_n16.S_AXI_WDATA_30' to pad 'IO_WA_B1'.
Warning: IO '$iopadmap$gatemate_ising_n16.S_AXI_RDATA_18' is unconstrained in CCF and will be automatically placed.
Info:     Constraining '$iopadmap$gatemate_ising_n16.S_AXI_RDATA_18' to pad 'IO_WA_A2'.
Warning: IO '$iopadmap$gatemate_ising_n16.S_AXI_WDATA_3' is unconstrained in CCF and will be automatically placed.
Info:     Constraining '$iopadmap$gatemate_ising_n16.S_AXI_WDATA_3' to pad 'IO_WA_B2'.
Warning: IO '$iopadmap$gatemate_ising_n16.S_AXI_RDATA_17' is unconstrained in CCF and will be automatically placed.
Info:     Constraining '$iopadmap$gatemate_ising_n16.S_AXI_RDATA_17' to pad 'IO_WA_A3'.
Warning: IO '$iopadmap$gatemate_ising_n16.S_AXI_WDATA_29' is unconstrained in CCF and will be automatically placed.
Info:     Constraining '$iopadmap$gatemate_ising_n16.S_AXI_WDATA_29' to pad 'IO_WA_B3'.
Warning: IO '$iopadmap$gatemate_ising_n16.S_AXI_RDATA_16' is unconstrained in CCF and will be automatically placed.
Info:     Constraining '$iopadmap$gatemate_ising_n16.S_AXI_RDATA_16' to pad 'IO_WA_A4'.
Warning: IO '$iopadmap$gatemate_ising_n16.S_AXI_RDATA_15' is unconstrained in CCF and will be automatically placed.
Info:     Constraining '$iopadmap$gatemate_ising_n16.S_AXI_RDATA_15' to pad 'IO_WA_B4'.
Warning: IO '$iopadmap$gatemate_ising_n16.S_AXI_RDATA_14' is unconstrained in CCF and will be automatically placed.
Info:     Constraining '$iopadmap$gatemate_ising_n16.S_AXI_RDATA_14' to pad 'IO_WA_A5'.
Warning: IO '$iopadmap$gatemate_ising_n16.S_AXI_RDATA_13' is unconstrained in CCF and will be automatically placed.
Info:     Constraining '$iopadmap$gatemate_ising_n16.S_AXI_RDATA_13' to pad 'IO_WA_B5'.
Warning: IO '$iopadmap$gatemate_ising_n16.S_AXI_RDATA_12' is unconstrained in CCF and will be automatically placed.
Info:     Constraining '$iopadmap$gatemate_ising_n16.S_AXI_RDATA_12' to pad 'IO_WA_A6'.
Warning: IO '$iopadmap$gatemate_ising_n16.S_AXI_RDATA_11' is unconstrained in CCF and will be automatically placed.
Info:     Constraining '$iopadmap$gatemate_ising_n16.S_AXI_RDATA_11' to pad 'IO_WA_B6'.
Warning: IO '$iopadmap$gatemate_ising_n16.S_AXI_RDATA_10' is unconstrained in CCF and will be automatically placed.
Info:     Constraining '$iopadmap$gatemate_ising_n16.S_AXI_RDATA_10' to pad 'IO_WA_A7'.
Warning: IO '$iopadmap$gatemate_ising_n16.S_AXI_RDATA_1' is unconstrained in CCF and will be automatically placed.
Info:     Constraining '$iopadmap$gatemate_ising_n16.S_AXI_RDATA_1' to pad 'IO_WA_B7'.
Warning: IO '$iopadmap$gatemate_ising_n16.S_AXI_RDATA' is unconstrained in CCF and will be automatically placed.
Info:     Constraining '$iopadmap$gatemate_ising_n16.S_AXI_RDATA' to pad 'IO_WA_A8'.
Warning: IO '$iopadmap$gatemate_ising_n16.S_AXI_BVALID' is unconstrained in CCF and will be automatically placed.
Info:     Constraining '$iopadmap$gatemate_ising_n16.S_AXI_BVALID' to pad 'IO_WA_B8'.
Warning: IO '$iopadmap$gatemate_ising_n16.S_AXI_WDATA_28' is unconstrained in CCF and will be automatically placed.
Info:     Constraining '$iopadmap$gatemate_ising_n16.S_AXI_WDATA_28' to pad 'IO_WB_A0'.
Warning: IO '$iopadmap$gatemate_ising_n16.S_AXI_BRESP_1' is unconstrained in CCF and will be automatically placed.
Info:     Constraining '$iopadmap$gatemate_ising_n16.S_AXI_BRESP_1' to pad 'IO_EA_A0'.
Warning: IO '$iopadmap$gatemate_ising_n16.S_AXI_WDATA_27' is unconstrained in CCF and will be automatically placed.
Info:     Constraining '$iopadmap$gatemate_ising_n16.S_AXI_WDATA_27' to pad 'IO_WB_B0'.
Warning: IO '$iopadmap$gatemate_ising_n16.S_AXI_BRESP' is unconstrained in CCF and will be automatically placed.
Info:     Constraining '$iopadmap$gatemate_ising_n16.S_AXI_BRESP' to pad 'IO_EA_B0'.
Warning: IO '$iopadmap$gatemate_ising_n16.S_AXI_BREADY' is unconstrained in CCF and will be automatically placed.
Info:     Constraining '$iopadmap$gatemate_ising_n16.S_AXI_BREADY' to pad 'IO_WB_A1'.
Warning: IO '$iopadmap$gatemate_ising_n16.S_AXI_AWVALID' is unconstrained in CCF and will be automatically placed.
Info:     Constraining '$iopadmap$gatemate_ising_n16.S_AXI_AWVALID' to pad 'IO_EA_A1'.
Warning: IO '$iopadmap$gatemate_ising_n16.S_AXI_AWREADY' is unconstrained in CCF and will be automatically placed.
Info:     Constraining '$iopadmap$gatemate_ising_n16.S_AXI_AWREADY' to pad 'IO_WB_B1'.
Warning: IO '$iopadmap$gatemate_ising_n16.S_AXI_AWADDR_9' is unconstrained in CCF and will be automatically placed.
Info:     Constraining '$iopadmap$gatemate_ising_n16.S_AXI_AWADDR_9' to pad 'IO_EA_B1'.
Warning: IO '$iopadmap$gatemate_ising_n16.S_AXI_AWADDR_8' is unconstrained in CCF and will be automatically placed.
Info:     Constraining '$iopadmap$gatemate_ising_n16.S_AXI_AWADDR_8' to pad 'IO_WB_A2'.
Warning: IO '$iopadmap$gatemate_ising_n16.S_AXI_AWADDR_7' is unconstrained in CCF and will be automatically placed.
Info:     Constraining '$iopadmap$gatemate_ising_n16.S_AXI_AWADDR_7' to pad 'IO_EA_A2'.
Warning: IO '$iopadmap$gatemate_ising_n16.S_AXI_AWADDR_6' is unconstrained in CCF and will be automatically placed.
Info:     Constraining '$iopadmap$gatemate_ising_n16.S_AXI_AWADDR_6' to pad 'IO_WB_B2'.
Warning: IO '$iopadmap$gatemate_ising_n16.S_AXI_AWADDR_5' is unconstrained in CCF and will be automatically placed.
Info:     Constraining '$iopadmap$gatemate_ising_n16.S_AXI_AWADDR_5' to pad 'IO_EA_B2'.
Warning: IO '$iopadmap$gatemate_ising_n16.S_AXI_AWADDR_4' is unconstrained in CCF and will be automatically placed.
Info:     Constraining '$iopadmap$gatemate_ising_n16.S_AXI_AWADDR_4' to pad 'IO_WB_A3'.
Warning: IO '$iopadmap$gatemate_ising_n16.S_AXI_AWADDR_31' is unconstrained in CCF and will be automatically placed.
Info:     Constraining '$iopadmap$gatemate_ising_n16.S_AXI_AWADDR_31' to pad 'IO_EA_A3'.
Warning: IO '$iopadmap$gatemate_ising_n16.S_AXI_AWADDR_30' is unconstrained in CCF and will be automatically placed.
Info:     Constraining '$iopadmap$gatemate_ising_n16.S_AXI_AWADDR_30' to pad 'IO_WB_B3'.
Warning: IO '$iopadmap$gatemate_ising_n16.S_AXI_AWADDR_3' is unconstrained in CCF and will be automatically placed.
Info:     Constraining '$iopadmap$gatemate_ising_n16.S_AXI_AWADDR_3' to pad 'IO_EA_B3'.
Warning: IO '$iopadmap$gatemate_ising_n16.S_AXI_AWADDR_29' is unconstrained in CCF and will be automatically placed.
Info:     Constraining '$iopadmap$gatemate_ising_n16.S_AXI_AWADDR_29' to pad 'IO_WB_A4'.
Warning: IO '$iopadmap$gatemate_ising_n16.S_AXI_AWADDR_28' is unconstrained in CCF and will be automatically placed.
Info:     Constraining '$iopadmap$gatemate_ising_n16.S_AXI_AWADDR_28' to pad 'IO_EA_A4'.
Warning: IO '$iopadmap$gatemate_ising_n16.S_AXI_AWADDR_27' is unconstrained in CCF and will be automatically placed.
Info:     Constraining '$iopadmap$gatemate_ising_n16.S_AXI_AWADDR_27' to pad 'IO_WB_B4'.
Warning: IO '$iopadmap$gatemate_ising_n16.S_AXI_AWADDR_26' is unconstrained in CCF and will be automatically placed.
Info:     Constraining '$iopadmap$gatemate_ising_n16.S_AXI_AWADDR_26' to pad 'IO_EA_B4'.
Warning: IO '$iopadmap$gatemate_ising_n16.S_AXI_AWADDR_25' is unconstrained in CCF and will be automatically placed.
Info:     Constraining '$iopadmap$gatemate_ising_n16.S_AXI_AWADDR_25' to pad 'IO_WB_A5'.
Warning: IO '$iopadmap$gatemate_ising_n16.S_AXI_AWADDR_24' is unconstrained in CCF and will be automatically placed.
Info:     Constraining '$iopadmap$gatemate_ising_n16.S_AXI_AWADDR_24' to pad 'IO_EA_A5'.
Warning: IO '$iopadmap$gatemate_ising_n16.S_AXI_AWADDR_23' is unconstrained in CCF and will be automatically placed.
Info:     Constraining '$iopadmap$gatemate_ising_n16.S_AXI_AWADDR_23' to pad 'IO_WB_B5'.
Warning: IO '$iopadmap$gatemate_ising_n16.S_AXI_AWADDR_22' is unconstrained in CCF and will be automatically placed.
Info:     Constraining '$iopadmap$gatemate_ising_n16.S_AXI_AWADDR_22' to pad 'IO_EA_B5'.
Warning: IO '$iopadmap$gatemate_ising_n16.S_AXI_AWADDR_21' is unconstrained in CCF and will be automatically placed.
Info:     Constraining '$iopadmap$gatemate_ising_n16.S_AXI_AWADDR_21' to pad 'IO_WB_A6'.
Warning: IO '$iopadmap$gatemate_ising_n16.S_AXI_AWADDR_20' is unconstrained in CCF and will be automatically placed.
Info:     Constraining '$iopadmap$gatemate_ising_n16.S_AXI_AWADDR_20' to pad 'IO_EA_A6'.
Warning: IO '$iopadmap$gatemate_ising_n16.S_AXI_AWADDR_2' is unconstrained in CCF and will be automatically placed.
Info:     Constraining '$iopadmap$gatemate_ising_n16.S_AXI_AWADDR_2' to pad 'IO_WB_B6'.
Warning: IO '$iopadmap$gatemate_ising_n16.S_AXI_AWADDR_19' is unconstrained in CCF and will be automatically placed.
Info:     Constraining '$iopadmap$gatemate_ising_n16.S_AXI_AWADDR_19' to pad 'IO_EA_B6'.
Warning: IO '$iopadmap$gatemate_ising_n16.S_AXI_AWADDR_18' is unconstrained in CCF and will be automatically placed.
Info:     Constraining '$iopadmap$gatemate_ising_n16.S_AXI_AWADDR_18' to pad 'IO_WB_A7'.
Warning: IO '$iopadmap$gatemate_ising_n16.S_AXI_AWADDR_17' is unconstrained in CCF and will be automatically placed.
Info:     Constraining '$iopadmap$gatemate_ising_n16.S_AXI_AWADDR_17' to pad 'IO_EA_A7'.
Warning: IO '$iopadmap$gatemate_ising_n16.S_AXI_AWADDR_16' is unconstrained in CCF and will be automatically placed.
Info:     Constraining '$iopadmap$gatemate_ising_n16.S_AXI_AWADDR_16' to pad 'IO_WB_B7'.
Warning: IO '$iopadmap$gatemate_ising_n16.S_AXI_AWADDR_15' is unconstrained in CCF and will be automatically placed.
Info:     Constraining '$iopadmap$gatemate_ising_n16.S_AXI_AWADDR_15' to pad 'IO_EA_B7'.
Warning: IO '$iopadmap$gatemate_ising_n16.S_AXI_AWADDR_14' is unconstrained in CCF and will be automatically placed.
Info:     Constraining '$iopadmap$gatemate_ising_n16.S_AXI_AWADDR_14' to pad 'IO_WB_A8'.
Warning: IO '$iopadmap$gatemate_ising_n16.S_AXI_AWADDR_13' is unconstrained in CCF and will be automatically placed.
Info:     Constraining '$iopadmap$gatemate_ising_n16.S_AXI_AWADDR_13' to pad 'IO_EA_A8'.
Warning: IO '$iopadmap$gatemate_ising_n16.S_AXI_AWADDR_12' is unconstrained in CCF and will be automatically placed.
Info:     Constraining '$iopadmap$gatemate_ising_n16.S_AXI_AWADDR_12' to pad 'IO_WB_B8'.
Warning: IO '$iopadmap$gatemate_ising_n16.S_AXI_AWADDR_11' is unconstrained in CCF and will be automatically placed.
Info:     Constraining '$iopadmap$gatemate_ising_n16.S_AXI_AWADDR_11' to pad 'IO_EA_B8'.
Warning: IO '$iopadmap$gatemate_ising_n16.S_AXI_AWADDR_10' is unconstrained in CCF and will be automatically placed.
Info:     Constraining '$iopadmap$gatemate_ising_n16.S_AXI_AWADDR_10' to pad 'IO_WC_A0'.
Warning: IO '$iopadmap$gatemate_ising_n16.S_AXI_AWADDR_1' is unconstrained in CCF and will be automatically placed.
Info:     Constraining '$iopadmap$gatemate_ising_n16.S_AXI_AWADDR_1' to pad 'IO_EB_A0'.
Warning: IO '$iopadmap$gatemate_ising_n16.S_AXI_AWADDR' is unconstrained in CCF and will be automatically placed.
Info:     Constraining '$iopadmap$gatemate_ising_n16.S_AXI_AWADDR' to pad 'IO_WC_B0'.
Warning: IO '$iopadmap$gatemate_ising_n16.S_AXI_ARVALID' is unconstrained in CCF and will be automatically placed.
Info:     Constraining '$iopadmap$gatemate_ising_n16.S_AXI_ARVALID' to pad 'IO_EB_B0'.
Warning: IO '$iopadmap$gatemate_ising_n16.S_AXI_ARREADY' is unconstrained in CCF and will be automatically placed.
Info:     Constraining '$iopadmap$gatemate_ising_n16.S_AXI_ARREADY' to pad 'IO_WC_A1'.
Warning: IO '$iopadmap$gatemate_ising_n16.S_AXI_ARESETN' is unconstrained in CCF and will be automatically placed.
Info:     Constraining '$iopadmap$gatemate_ising_n16.S_AXI_ARESETN' to pad 'IO_EB_A1'.
Warning: IO '$iopadmap$gatemate_ising_n16.S_AXI_ARADDR_9' is unconstrained in CCF and will be automatically placed.
Info:     Constraining '$iopadmap$gatemate_ising_n16.S_AXI_ARADDR_9' to pad 'IO_WC_B1'.
Warning: IO '$iopadmap$gatemate_ising_n16.S_AXI_ARADDR_8' is unconstrained in CCF and will be automatically placed.
Info:     Constraining '$iopadmap$gatemate_ising_n16.S_AXI_ARADDR_8' to pad 'IO_EB_B1'.
Warning: IO '$iopadmap$gatemate_ising_n16.S_AXI_ARADDR_7' is unconstrained in CCF and will be automatically placed.
Info:     Constraining '$iopadmap$gatemate_ising_n16.S_AXI_ARADDR_7' to pad 'IO_WC_A2'.
Warning: IO '$iopadmap$gatemate_ising_n16.S_AXI_ARADDR_6' is unconstrained in CCF and will be automatically placed.
Info:     Constraining '$iopadmap$gatemate_ising_n16.S_AXI_ARADDR_6' to pad 'IO_EB_A2'.
Warning: IO '$iopadmap$gatemate_ising_n16.S_AXI_ARADDR_5' is unconstrained in CCF and will be automatically placed.
Info:     Constraining '$iopadmap$gatemate_ising_n16.S_AXI_ARADDR_5' to pad 'IO_WC_B2'.
Warning: IO '$iopadmap$gatemate_ising_n16.S_AXI_ARADDR_4' is unconstrained in CCF and will be automatically placed.
Info:     Constraining '$iopadmap$gatemate_ising_n16.S_AXI_ARADDR_4' to pad 'IO_EB_B2'.
Warning: IO '$iopadmap$gatemate_ising_n16.S_AXI_ARADDR_31' is unconstrained in CCF and will be automatically placed.
Info:     Constraining '$iopadmap$gatemate_ising_n16.S_AXI_ARADDR_31' to pad 'IO_WC_A3'.
Warning: IO '$iopadmap$gatemate_ising_n16.S_AXI_ARADDR_30' is unconstrained in CCF and will be automatically placed.
Info:     Constraining '$iopadmap$gatemate_ising_n16.S_AXI_ARADDR_30' to pad 'IO_EB_A3'.
Warning: IO '$iopadmap$gatemate_ising_n16.S_AXI_ARADDR_3' is unconstrained in CCF and will be automatically placed.
Info:     Constraining '$iopadmap$gatemate_ising_n16.S_AXI_ARADDR_3' to pad 'IO_WC_B3'.
Warning: IO '$iopadmap$gatemate_ising_n16.S_AXI_ARADDR_29' is unconstrained in CCF and will be automatically placed.
Info:     Constraining '$iopadmap$gatemate_ising_n16.S_AXI_ARADDR_29' to pad 'IO_EB_B3'.
Warning: IO '$iopadmap$gatemate_ising_n16.S_AXI_ARADDR_28' is unconstrained in CCF and will be automatically placed.
Info:     Constraining '$iopadmap$gatemate_ising_n16.S_AXI_ARADDR_28' to pad 'IO_WC_A4'.
Warning: IO '$iopadmap$gatemate_ising_n16.S_AXI_ARADDR_27' is unconstrained in CCF and will be automatically placed.
Info:     Constraining '$iopadmap$gatemate_ising_n16.S_AXI_ARADDR_27' to pad 'IO_EB_A4'.
Warning: IO '$iopadmap$gatemate_ising_n16.S_AXI_ARADDR_26' is unconstrained in CCF and will be automatically placed.
Info:     Constraining '$iopadmap$gatemate_ising_n16.S_AXI_ARADDR_26' to pad 'IO_WC_B4'.
Warning: IO '$iopadmap$gatemate_ising_n16.S_AXI_ARADDR_25' is unconstrained in CCF and will be automatically placed.
Info:     Constraining '$iopadmap$gatemate_ising_n16.S_AXI_ARADDR_25' to pad 'IO_EB_B4'.
Warning: IO '$iopadmap$gatemate_ising_n16.S_AXI_ARADDR_24' is unconstrained in CCF and will be automatically placed.
Info:     Constraining '$iopadmap$gatemate_ising_n16.S_AXI_ARADDR_24' to pad 'IO_WC_A5'.
Warning: IO '$iopadmap$gatemate_ising_n16.S_AXI_ARADDR_23' is unconstrained in CCF and will be automatically placed.
Info:     Constraining '$iopadmap$gatemate_ising_n16.S_AXI_ARADDR_23' to pad 'IO_EB_A5'.
Warning: IO '$iopadmap$gatemate_ising_n16.S_AXI_ARADDR_22' is unconstrained in CCF and will be automatically placed.
Info:     Constraining '$iopadmap$gatemate_ising_n16.S_AXI_ARADDR_22' to pad 'IO_WC_B5'.
Warning: IO '$iopadmap$gatemate_ising_n16.S_AXI_ARADDR_21' is unconstrained in CCF and will be automatically placed.
Info:     Constraining '$iopadmap$gatemate_ising_n16.S_AXI_ARADDR_21' to pad 'IO_EB_B5'.
Warning: IO '$iopadmap$gatemate_ising_n16.S_AXI_ARADDR_20' is unconstrained in CCF and will be automatically placed.
Info:     Constraining '$iopadmap$gatemate_ising_n16.S_AXI_ARADDR_20' to pad 'IO_WC_A6'.
Warning: IO '$iopadmap$gatemate_ising_n16.S_AXI_ARADDR_2' is unconstrained in CCF and will be automatically placed.
Info:     Constraining '$iopadmap$gatemate_ising_n16.S_AXI_ARADDR_2' to pad 'IO_EB_A6'.
Warning: IO '$iopadmap$gatemate_ising_n16.S_AXI_ARADDR_19' is unconstrained in CCF and will be automatically placed.
Info:     Constraining '$iopadmap$gatemate_ising_n16.S_AXI_ARADDR_19' to pad 'IO_WC_B6'.
Warning: IO '$iopadmap$gatemate_ising_n16.S_AXI_ARADDR_18' is unconstrained in CCF and will be automatically placed.
Info:     Constraining '$iopadmap$gatemate_ising_n16.S_AXI_ARADDR_18' to pad 'IO_EB_B6'.
Warning: IO '$iopadmap$gatemate_ising_n16.S_AXI_ARADDR_17' is unconstrained in CCF and will be automatically placed.
Info:     Constraining '$iopadmap$gatemate_ising_n16.S_AXI_ARADDR_17' to pad 'IO_WC_A7'.
Warning: IO '$iopadmap$gatemate_ising_n16.S_AXI_ARADDR_16' is unconstrained in CCF and will be automatically placed.
Info:     Constraining '$iopadmap$gatemate_ising_n16.S_AXI_ARADDR_16' to pad 'IO_EB_A7'.
Warning: IO '$iopadmap$gatemate_ising_n16.S_AXI_ARADDR_15' is unconstrained in CCF and will be automatically placed.
Info:     Constraining '$iopadmap$gatemate_ising_n16.S_AXI_ARADDR_15' to pad 'IO_WC_B7'.
Warning: IO '$iopadmap$gatemate_ising_n16.S_AXI_ARADDR_14' is unconstrained in CCF and will be automatically placed.
Info:     Constraining '$iopadmap$gatemate_ising_n16.S_AXI_ARADDR_14' to pad 'IO_EB_B7'.
Warning: IO '$iopadmap$gatemate_ising_n16.S_AXI_ARADDR_13' is unconstrained in CCF and will be automatically placed.
Info:     Constraining '$iopadmap$gatemate_ising_n16.S_AXI_ARADDR_13' to pad 'IO_WC_A8'.
Warning: IO '$iopadmap$gatemate_ising_n16.S_AXI_ARADDR_12' is unconstrained in CCF and will be automatically placed.
Info:     Constraining '$iopadmap$gatemate_ising_n16.S_AXI_ARADDR_12' to pad 'IO_EB_A8'.
Warning: IO '$iopadmap$gatemate_ising_n16.S_AXI_ARADDR_11' is unconstrained in CCF and will be automatically placed.
Info:     Constraining '$iopadmap$gatemate_ising_n16.S_AXI_ARADDR_11' to pad 'IO_WC_B8'.
Warning: IO '$iopadmap$gatemate_ising_n16.S_AXI_ARADDR_10' is unconstrained in CCF and will be automatically placed.
Info:     Constraining '$iopadmap$gatemate_ising_n16.S_AXI_ARADDR_10' to pad 'IO_EB_B8'.
Warning: IO '$iopadmap$gatemate_ising_n16.S_AXI_ARADDR_1' is unconstrained in CCF and will be automatically placed.
Info:     Constraining '$iopadmap$gatemate_ising_n16.S_AXI_ARADDR_1' to pad 'IO_NA_A0'.
Warning: IO '$iopadmap$gatemate_ising_n16.S_AXI_ARADDR' is unconstrained in CCF and will be automatically placed.
Info:     Constraining '$iopadmap$gatemate_ising_n16.S_AXI_ARADDR' to pad 'IO_NA_B0'.
Warning: IO '$iopadmap$gatemate_ising_n16.S_AXI_ACLK' is unconstrained in CCF and will be automatically placed.
Info:     Constraining '$iopadmap$gatemate_ising_n16.S_AXI_ACLK' to pad 'IO_NA_A1'.
Warning: IO '$iopadmap$gatemate_ising_n16.S_AXI_WDATA_26' is unconstrained in CCF and will be automatically placed.
Info:     Constraining '$iopadmap$gatemate_ising_n16.S_AXI_WDATA_26' to pad 'IO_NA_B1'.
Warning: IO '$iopadmap$gatemate_ising_n16.S_AXI_WDATA_25' is unconstrained in CCF and will be automatically placed.
Info:     Constraining '$iopadmap$gatemate_ising_n16.S_AXI_WDATA_25' to pad 'IO_NA_A2'.
Warning: IO '$iopadmap$gatemate_ising_n16.S_AXI_WDATA_24' is unconstrained in CCF and will be automatically placed.
Info:     Constraining '$iopadmap$gatemate_ising_n16.S_AXI_WDATA_24' to pad 'IO_NA_B2'.
Warning: IO '$iopadmap$gatemate_ising_n16.S_AXI_WDATA_23' is unconstrained in CCF and will be automatically placed.
Info:     Constraining '$iopadmap$gatemate_ising_n16.S_AXI_WDATA_23' to pad 'IO_NA_A3'.
Warning: IO '$iopadmap$gatemate_ising_n16.S_AXI_WDATA_22' is unconstrained in CCF and will be automatically placed.
Info:     Constraining '$iopadmap$gatemate_ising_n16.S_AXI_WDATA_22' to pad 'IO_NA_B3'.
Warning: IO '$iopadmap$gatemate_ising_n16.S_AXI_WDATA_21' is unconstrained in CCF and will be automatically placed.
Info:     Constraining '$iopadmap$gatemate_ising_n16.S_AXI_WDATA_21' to pad 'IO_NA_A4'.
Warning: IO '$iopadmap$gatemate_ising_n16.S_AXI_WDATA_20' is unconstrained in CCF and will be automatically placed.
Info:     Constraining '$iopadmap$gatemate_ising_n16.S_AXI_WDATA_20' to pad 'IO_NA_B4'.
Warning: IO '$iopadmap$gatemate_ising_n16.S_AXI_WDATA_2' is unconstrained in CCF and will be automatically placed.
Info:     Constraining '$iopadmap$gatemate_ising_n16.S_AXI_WDATA_2' to pad 'IO_NA_A5'.
Warning: IO '$iopadmap$gatemate_ising_n16.S_AXI_WDATA_19' is unconstrained in CCF and will be automatically placed.
Info:     Constraining '$iopadmap$gatemate_ising_n16.S_AXI_WDATA_19' to pad 'IO_NA_B5'.
Warning: IO '$iopadmap$gatemate_ising_n16.S_AXI_WDATA_18' is unconstrained in CCF and will be automatically placed.
Info:     Constraining '$iopadmap$gatemate_ising_n16.S_AXI_WDATA_18' to pad 'IO_NA_A6'.
Warning: IO '$iopadmap$gatemate_ising_n16.S_AXI_WDATA_17' is unconstrained in CCF and will be automatically placed.
Info:     Constraining '$iopadmap$gatemate_ising_n16.S_AXI_WDATA_17' to pad 'IO_NA_B6'.
Warning: IO '$iopadmap$gatemate_ising_n16.S_AXI_WDATA_16' is unconstrained in CCF and will be automatically placed.
Info:     Constraining '$iopadmap$gatemate_ising_n16.S_AXI_WDATA_16' to pad 'IO_NA_A7'.
Warning: IO '$iopadmap$gatemate_ising_n16.S_AXI_WDATA_15' is unconstrained in CCF and will be automatically placed.
Info:     Constraining '$iopadmap$gatemate_ising_n16.S_AXI_WDATA_15' to pad 'IO_NA_B7'.
Warning: IO '$iopadmap$gatemate_ising_n16.S_AXI_WDATA_14' is unconstrained in CCF and will be automatically placed.
Info:     Constraining '$iopadmap$gatemate_ising_n16.S_AXI_WDATA_14' to pad 'IO_NA_A8'.
Warning: IO '$iopadmap$gatemate_ising_n16.S_AXI_WDATA_13' is unconstrained in CCF and will be automatically placed.
Info:     Constraining '$iopadmap$gatemate_ising_n16.S_AXI_WDATA_13' to pad 'IO_NA_B8'.
Warning: IO '$iopadmap$gatemate_ising_n16.S_AXI_WDATA_12' is unconstrained in CCF and will be automatically placed.
Info:     Constraining '$iopadmap$gatemate_ising_n16.S_AXI_WDATA_12' to pad 'IO_NB_A0'.
Warning: IO '$iopadmap$gatemate_ising_n16.S_AXI_WDATA_11' is unconstrained in CCF and will be automatically placed.
Info:     Constraining '$iopadmap$gatemate_ising_n16.S_AXI_WDATA_11' to pad 'IO_NB_B0'.
Warning: IO '$iopadmap$gatemate_ising_n16.S_AXI_WDATA_10' is unconstrained in CCF and will be automatically placed.
Info:     Constraining '$iopadmap$gatemate_ising_n16.S_AXI_WDATA_10' to pad 'IO_NB_A1'.
Warning: IO '$iopadmap$gatemate_ising_n16.S_AXI_WDATA_1' is unconstrained in CCF and will be automatically placed.
Info:     Constraining '$iopadmap$gatemate_ising_n16.S_AXI_WDATA_1' to pad 'IO_NB_B1'.
Info: Insert clocking cells..
Info: Packing PLLs..
Info: Sort BUFGs..
Info: Packing BUFGs..
Info: Packing IO SELs..
Info: Packing misc..
Info: Packing RAMs..
Info: Packing SERDES..
Info: Packing multipliers...
Info: Packing ADDFs..
Info: Packing CPEs..
Info: Removing unused constants..
Info:     Removed unused VCC cell.
Info:     Removed unused GND cell.
Info: Fix cell assigned regions..
Info: Checksum: 0x250809dd

Info: Device utilisation:
Info: 	            USR_RSTN:       0/      1     0%
Info: 	            CPE_COMP:       0/  20480     0%
Info: 	         CPE_CPLINES:       0/  20480     0%
Info: 	               IOSEL:     148/    162    91%
Info: 	                GPIO:     148/    162    91%
Info: 	               CLKIN:       1/      1   100%
Info: 	              GLBOUT:       1/      1   100%
Info: 	                 PLL:       0/      4     0%
Info: 	            CFG_CTRL:       0/      1     0%
Info: 	              SERDES:       0/      1     0%
Info: 	              CPE_LT:     103/  40960     0%
Info: 	              CPE_FF:      53/  40960     0%
Info: 	           CPE_RAMIO:      22/  40960     0%
Info: 	            RAM_HALF:       0/     64     0%

Info: Placed 0 cells based on constraints.
Info: Creating initial analytic placement for 64 cells, random placement wirelen = 14014.
Info:     at initial placer iter 0, wirelen = 5767
Info:     at initial placer iter 1, wirelen = 5586
Info:     at initial placer iter 2, wirelen = 5521
Info:     at initial placer iter 3, wirelen = 5475
Info: Running main analytical placer, max placement attempts per cell = 28322.
Info:     at iteration #1, type ALL: wirelen solved = 5470, spread = 5523, legal = 5540; time = 0.01s
Info: HeAP Placer Time: 0.12s
Info:   of which solving equations: 0.01s
Info:   of which spreading cells: 0.00s
Info:   of which strict legalisation: 0.00s

Info: Running simulated annealing placer for refinement.
Info:   at iteration #1: temp = 0.000000, timing cost = 12, wirelen = 5540
Info:   at iteration #2: temp = 0.000000, timing cost = 5, wirelen = 5639 
Info: SA placement time 0.01s

Info: Max frequency for clock '$iopadmap$S_AXI_ACLK': 334.22 MHz (PASS at 12.00 MHz)

Info: Max delay <async> -> posedge $iopadmap$S_AXI_ACLK: 24.05 ns

Info: Slack histogram:
Info:  legend: * represents 1 endpoint(s)
Info:          + represents [1,1) endpoint(s)
Info: [ 80341,  80423) |* 
Info: [ 80423,  80505) | 
Info: [ 80505,  80587) | 
Info: [ 80587,  80669) |*** 
Info: [ 80669,  80751) | 
Info: [ 80751,  80833) |* 
Info: [ 80833,  80915) |***** 
Info: [ 80915,  80997) |*** 
Info: [ 80997,  81079) |* 
Info: [ 81079,  81161) |* 
Info: [ 81161,  81243) | 
Info: [ 81243,  81325) |** 
Info: [ 81325,  81407) |*** 
Info: [ 81407,  81489) |** 
Info: [ 81489,  81571) |* 
Info: [ 81571,  81653) | 
Info: [ 81653,  81735) |***** 
Info: [ 81735,  81817) |***** 
Info: [ 81817,  81899) |******************** 
Info: [ 81899,  81981) |** 
Info: Checksum: 0xeea80921
Info: Repacking RAMs..
Info: Repacking CPEs..
Info: Remove unused clocking cells..
Info: Routing multipliers...
Info: Routing clock nets...
Info:     routing net '$iopadmap$S_AXI_ACLK' to 53 users
Info: Clock router time 4.19s.
Info: Running router2...
Info: Setting up routing resources...
Info: Running main router loop...
Info:     iter=1 wires=7841 overused=192 overuse=197 resources=150 overused=3 overuse=4 archfail=NA
Info:     iter=2 wires=7874 overused=28 overuse=28 resources=129 overused=0 overuse=0 archfail=NA
Info:     iter=3 wires=7882 overused=10 overuse=10 resources=122 overused=0 overuse=0 archfail=NA
Info:     iter=4 wires=7897 overused=2 overuse=2 resources=125 overused=0 overuse=0 archfail=NA
Info:     iter=5 wires=7901 overused=0 overuse=0 resources=120 overused=0 overuse=0 archfail=0
Info: Router2 time 1.21s
Info: Running router1 to check that route is legal...

Info: Routing..
Info: Setting up routing queue.
Info: Routing 0 arcs.
Info:            |   (re-)routed arcs  |   delta    | remaining|       time spent     |
Info:    IterCnt |  w/ripup   wo/ripup |  w/r  wo/r |      arcs| batch(sec) total(sec)|
Info:          0 |        0          0 |    0     0 |         0|       0.01       0.01|
Info: Routing complete.
Info: Router1 time 0.01s
Info: Checksum: 0x8bf6fbc8

Info: Critical path report for clock '$iopadmap$S_AXI_ACLK' (posedge -> posedge):
Info:       type curr  total name
Info:   clk-skew  0.79  0.79 Net $iopadmap$S_AXI_ACLK (35,43) -> (21,42)
Info:                          Sink $auto$ff.cc:337:slice$284.CLK_INT
Info:   clk-to-q  0.59  1.38 Source $auto$ff.cc:337:slice$412.DOUT
Info:    routing  1.31  2.70 Net awready (35,43) -> (35,42)
Info:                          Sink $abc$566$auto$blifparse.cc:397:parse_blif$607.D0_01
Info:                          Defined in:
Info:                               /home/ianblenke/github.com/ianblenke/carnot/rtl/gatemate_ising_n16.v:41.9-41.16
Info:      logic  0.56  3.26 Source $abc$566$auto$blifparse.cc:397:parse_blif$607.OUT
Info:    routing  1.67  4.93 Net $abc$566$new_n142 (35,42) -> (25,41)
Info:                          Sink $abc$566$auto$blifparse.cc:397:parse_blif$611.D1_01
Info:      logic  0.50  5.43 Source $abc$566$auto$blifparse.cc:397:parse_blif$611.OUT
Info:    routing  1.76  7.19 Net $abc$566$auto$opt_dff.cc:251:make_patterns_logic$149 (25,41) -> (21,42)
Info:                          Sink $auto$ff.cc:337:slice$284.EN_INT
Info:      setup  0.00  7.19 Source $auto$ff.cc:337:slice$284.EN_INT
Info: 1.65 ns logic, 5.53 ns routing

Info: Critical path report for cross-domain path '<async>' -> 'posedge $iopadmap$S_AXI_ACLK':
Info:       type curr  total name
Info:     source  0.00  0.00 Source $iopadmap$gatemate_ising_n16.S_AXI_ARADDR_2.Y
Info:    routing  0.00  0.00 Net $iopadmap$gatemate_ising_n16.S_AXI_ARADDR_2$conn$Y (127,133) -> (127,133)
Info:                          Sink $iopadmap$gatemate_ising_n16.S_AXI_ARADDR_2$iosel.GPIO_IN
Info:      logic  0.38  0.38 Source $iopadmap$gatemate_ising_n16.S_AXI_ARADDR_2$iosel.IN1
Info:    routing  8.46  8.84 Net $iopadmap$S_AXI_ARADDR[2] (127,133) -> (126,28)
Info:                          Sink $abc$566$auto$blifparse.cc:397:parse_blif$589.D1_01
Info:      logic  0.50  9.34 Source $abc$566$auto$blifparse.cc:397:parse_blif$589.OUT
Info:    routing  12.63  21.98 Net $abc$566$new_n124 (126,28) -> (14,44)
Info:                          Sink $abc$566$auto$blifparse.cc:397:parse_blif$603.D0_00
Info:      logic  0.55  22.52 Source $abc$566$auto$blifparse.cc:397:parse_blif$603.OUT
Info:    routing  0.00  22.52 Net $procmux$70.Y[4] (14,44) -> (14,44)
Info:                          Sink $auto$ff.cc:337:slice$247.DIN
Info:                          Defined in:
Info:                               /home/ianblenke/github.com/ianblenke/carnot/rtl/gatemate_ising_n16.v:106.22-106.48
Info:                               /home/ianblenke/github.com/ianblenke/carnot/rtl/gatemate_ising_n16.v:106.18-109.32
Info:                               /opt/oss-cad-suite/lib/../share/yosys/techmap.v:583.21-583.22
Info:      setup  0.10  22.62 Source $auto$ff.cc:337:slice$247.DIN
Info: 1.53 ns logic, 21.09 ns routing

Info: Max frequency for clock '$iopadmap$S_AXI_ACLK': 139.12 MHz (PASS at 12.00 MHz)

Info: Max delay <async> -> posedge $iopadmap$S_AXI_ACLK: 22.62 ns

Info: Slack histogram:
Info:  legend: * represents 1 endpoint(s)
Info:          + represents [1,1) endpoint(s)
Info: [ 76145,  76410) |**** 
Info: [ 76410,  76675) |** 
Info: [ 76675,  76940) | 
Info: [ 76940,  77205) |******* 
Info: [ 77205,  77470) |** 
Info: [ 77470,  77735) |** 
Info: [ 77735,  78000) | 
Info: [ 78000,  78265) | 
Info: [ 78265,  78530) | 
Info: [ 78530,  78795) |* 
Info: [ 78795,  79060) | 
Info: [ 79060,  79325) |** 
Info: [ 79325,  79590) |*** 
Info: [ 79590,  79855) |**** 
Info: [ 79855,  80120) |***** 
Info: [ 80120,  80385) |******* 
Info: [ 80385,  80650) |*********** 
Info: [ 80650,  80915) |**** 
Info: [ 80915,  81180) | 
Info: [ 81180,  81445) |* 
Info: Update configuration based on routing..

148 warnings, 0 errors

Info: Program finished normally.
