[exp8384] phase=start_no_model_load_MODEL_SPECS_empty_LLM_calls_zero completed=0 pending=0
INFO:arc_agi.scorecard:Initialized ScorecardManager with idle_for=0:15:00 and max_open_for=3 days, 0:00:00
[exp8384] episode_before tn36-ef4dde99:11:off
[exp8384] numeric_head_load_before no_LLM_load
[exp8384] numeric_head_load_after no_LLM_load
2026-10-10 10:50:17 | INFO | Created new scorecard: 259cfa7c-529c-4d9a-9f43-77809b1eb902
2026-10-10 10:50:17 | INFO | Successfully loaded game class Tn36 from /home/ianblenke/github.com/ianblenke/carnot/environment_files/tn36/ef4dde99/tn36.py
[exp8384] tn36-ef4dde99:11:off completed=1 pending=255
[exp8384] tn36-ef4dde99:11:off completed=2 pending=254
[exp8384] tn36-ef4dde99:11:off completed=3 pending=253
[exp8384] tn36-ef4dde99:11:off completed=4 pending=252
[exp8384] tn36-ef4dde99:11:off completed=5 pending=251
[exp8384] tn36-ef4dde99:11:off completed=6 pending=250
[exp8384] tn36-ef4dde99:11:off completed=7 pending=249
[exp8384] tn36-ef4dde99:11:off completed=8 pending=248
[exp8384] tn36-ef4dde99:11:off completed=9 pending=247
[exp8384] tn36-ef4dde99:11:off completed=10 pending=246
[exp8384] tn36-ef4dde99:11:off completed=11 pending=245
[exp8384] tn36-ef4dde99:11:off completed=12 pending=244
[exp8384] tn36-ef4dde99:11:off completed=13 pending=243
[exp8384] tn36-ef4dde99:11:off completed=14 pending=242
[exp8384] tn36-ef4dde99:11:off completed=15 pending=241
[exp8384] tn36-ef4dde99:11:off completed=16 pending=240
[exp8384] tn36-ef4dde99:11:off completed=17 pending=239
[exp8384] tn36-ef4dde99:11:off completed=18 pending=238
[exp8384] tn36-ef4dde99:11:off completed=19 pending=237
[exp8384] tn36-ef4dde99:11:off completed=20 pending=236
[exp8384] tn36-ef4dde99:11:off completed=21 pending=235
[exp8384] tn36-ef4dde99:11:off completed=22 pending=234
[exp8384] tn36-ef4dde99:11:off completed=23 pending=233
[exp8384] tn36-ef4dde99:11:off completed=24 pending=232
[exp8384] tn36-ef4dde99:11:off completed=25 pending=231
[exp8384] tn36-ef4dde99:11:off completed=26 pending=230
[exp8384] tn36-ef4dde99:11:off completed=27 pending=229
[exp8384] tn36-ef4dde99:11:off completed=28 pending=228
[exp8384] tn36-ef4dde99:11:off completed=29 pending=227
[exp8384] tn36-ef4dde99:11:off completed=30 pending=226
[exp8384] tn36-ef4dde99:11:off completed=31 pending=225
[exp8384] tn36-ef4dde99:11:off completed=32 pending=224
[exp8384] tn36-ef4dde99:11:off completed=33 pending=223
[exp8384] tn36-ef4dde99:11:off completed=34 pending=222
[exp8384] tn36-ef4dde99:11:off completed=35 pending=221
[exp8384] tn36-ef4dde99:11:off completed=36 pending=220
[exp8384] tn36-ef4dde99:11:off completed=37 pending=219
[exp8384] tn36-ef4dde99:11:off completed=38 pending=218
[exp8384] tn36-ef4dde99:11:off completed=39 pending=217
[exp8384] tn36-ef4dde99:11:off completed=40 pending=216
[exp8384] tn36-ef4dde99:11:off completed=41 pending=215
[exp8384] tn36-ef4dde99:11:off completed=42 pending=214
[exp8384] tn36-ef4dde99:11:off completed=43 pending=213
[exp8384] tn36-ef4dde99:11:off completed=44 pending=212
[exp8384] tn36-ef4dde99:11:off completed=45 pending=211
[exp8384] tn36-ef4dde99:11:off completed=46 pending=210
[exp8384] tn36-ef4dde99:11:off completed=47 pending=209
[exp8384] tn36-ef4dde99:11:off completed=48 pending=208
[exp8384] tn36-ef4dde99:11:off completed=49 pending=207
[exp8384] tn36-ef4dde99:11:off completed=50 pending=206
[exp8384] tn36-ef4dde99:11:off completed=51 pending=205
[exp8384] tn36-ef4dde99:11:off completed=52 pending=204
[exp8384] tn36-ef4dde99:11:off completed=53 pending=203
[exp8384] tn36-ef4dde99:11:off completed=54 pending=202
[exp8384] tn36-ef4dde99:11:off completed=55 pending=201
[exp8384] tn36-ef4dde99:11:off completed=56 pending=200
[exp8384] tn36-ef4dde99:11:off completed=57 pending=199
[exp8384] tn36-ef4dde99:11:off completed=58 pending=198
[exp8384] tn36-ef4dde99:11:off completed=59 pending=197
[exp8384] tn36-ef4dde99:11:off completed=60 pending=196
[exp8384] tn36-ef4dde99:11:off completed=61 pending=195
[exp8384] tn36-ef4dde99:11:off completed=62 pending=194
[exp8384] tn36-ef4dde99:11:off completed=63 pending=193
[exp8384] tn36-ef4dde99:11:off completed=64 pending=192
[exp8384] tn36-ef4dde99:11:off completed=65 pending=191
[exp8384] tn36-ef4dde99:11:off completed=66 pending=190
[exp8384] tn36-ef4dde99:11:off completed=67 pending=189
[exp8384] tn36-ef4dde99:11:off completed=68 pending=188
[exp8384] tn36-ef4dde99:11:off completed=69 pending=187
[exp8384] tn36-ef4dde99:11:off completed=70 pending=186
[exp8384] tn36-ef4dde99:11:off completed=71 pending=185
[exp8384] tn36-ef4dde99:11:off completed=72 pending=184
[exp8384] tn36-ef4dde99:11:off completed=73 pending=183
[exp8384] tn36-ef4dde99:11:off completed=74 pending=182
[exp8384] tn36-ef4dde99:11:off completed=75 pending=181
[exp8384] tn36-ef4dde99:11:off completed=76 pending=180
[exp8384] tn36-ef4dde99:11:off completed=77 pending=179
[exp8384] tn36-ef4dde99:11:off completed=78 pending=178
[exp8384] tn36-ef4dde99:11:off completed=79 pending=177
[exp8384] tn36-ef4dde99:11:off completed=80 pending=176
[exp8384] tn36-ef4dde99:11:off completed=81 pending=175
[exp8384] tn36-ef4dde99:11:off completed=82 pending=174
[exp8384] tn36-ef4dde99:11:off completed=83 pending=173
[exp8384] tn36-ef4dde99:11:off completed=84 pending=172
[exp8384] tn36-ef4dde99:11:off completed=85 pending=171
[exp8384] tn36-ef4dde99:11:off completed=86 pending=170
[exp8384] tn36-ef4dde99:11:off completed=87 pending=169
[exp8384] tn36-ef4dde99:11:off completed=88 pending=168
[exp8384] tn36-ef4dde99:11:off completed=89 pending=167
[exp8384] tn36-ef4dde99:11:off completed=90 pending=166
[exp8384] tn36-ef4dde99:11:off completed=91 pending=165
[exp8384] tn36-ef4dde99:11:off completed=92 pending=164
[exp8384] tn36-ef4dde99:11:off completed=93 pending=163
[exp8384] tn36-ef4dde99:11:off completed=94 pending=162
[exp8384] tn36-ef4dde99:11:off completed=95 pending=161
[exp8384] tn36-ef4dde99:11:off completed=96 pending=160
[exp8384] tn36-ef4dde99:11:off completed=97 pending=159
[exp8384] tn36-ef4dde99:11:off completed=98 pending=158
[exp8384] tn36-ef4dde99:11:off completed=99 pending=157
[exp8384] tn36-ef4dde99:11:off completed=100 pending=156
[exp8384] tn36-ef4dde99:11:off completed=101 pending=155
[exp8384] tn36-ef4dde99:11:off completed=102 pending=154
[exp8384] tn36-ef4dde99:11:off completed=103 pending=153
[exp8384] tn36-ef4dde99:11:off completed=104 pending=152
[exp8384] tn36-ef4dde99:11:off completed=105 pending=151
[exp8384] tn36-ef4dde99:11:off completed=106 pending=150
[exp8384] tn36-ef4dde99:11:off completed=107 pending=149
[exp8384] tn36-ef4dde99:11:off completed=108 pending=148
[exp8384] tn36-ef4dde99:11:off completed=109 pending=147
[exp8384] tn36-ef4dde99:11:off completed=110 pending=146
[exp8384] tn36-ef4dde99:11:off completed=111 pending=145
[exp8384] tn36-ef4dde99:11:off completed=112 pending=144
[exp8384] tn36-ef4dde99:11:off completed=113 pending=143
[exp8384] tn36-ef4dde99:11:off completed=114 pending=142
[exp8384] tn36-ef4dde99:11:off completed=115 pending=141
[exp8384] tn36-ef4dde99:11:off completed=116 pending=140
[exp8384] tn36-ef4dde99:11:off completed=117 pending=139
[exp8384] tn36-ef4dde99:11:off completed=118 pending=138
[exp8384] tn36-ef4dde99:11:off completed=119 pending=137
[exp8384] tn36-ef4dde99:11:off completed=120 pending=136
[exp8384] tn36-ef4dde99:11:off completed=121 pending=135
[exp8384] tn36-ef4dde99:11:off completed=122 pending=134
[exp8384] tn36-ef4dde99:11:off completed=123 pending=133
[exp8384] tn36-ef4dde99:11:off completed=124 pending=132
[exp8384] tn36-ef4dde99:11:off completed=125 pending=131
[exp8384] tn36-ef4dde99:11:off completed=126 pending=130
[exp8384] tn36-ef4dde99:11:off completed=127 pending=129
[exp8384] tn36-ef4dde99:11:off completed=128 pending=128
[exp8384] tn36-ef4dde99:11:off completed=129 pending=127
[exp8384] tn36-ef4dde99:11:off completed=130 pending=126
[exp8384] tn36-ef4dde99:11:off completed=131 pending=125
[exp8384] tn36-ef4dde99:11:off completed=132 pending=124
[exp8384] tn36-ef4dde99:11:off completed=133 pending=123
[exp8384] tn36-ef4dde99:11:off completed=134 pending=122
[exp8384] tn36-ef4dde99:11:off completed=135 pending=121
[exp8384] tn36-ef4dde99:11:off completed=136 pending=120
[exp8384] tn36-ef4dde99:11:off completed=137 pending=119
[exp8384] tn36-ef4dde99:11:off completed=138 pending=118
[exp8384] tn36-ef4dde99:11:off completed=139 pending=117
[exp8384] tn36-ef4dde99:11:off completed=140 pending=116
[exp8384] tn36-ef4dde99:11:off completed=141 pending=115
[exp8384] tn36-ef4dde99:11:off completed=142 pending=114
[exp8384] tn36-ef4dde99:11:off completed=143 pending=113
[exp8384] tn36-ef4dde99:11:off completed=144 pending=112
[exp8384] tn36-ef4dde99:11:off completed=145 pending=111
[exp8384] tn36-ef4dde99:11:off completed=146 pending=110
[exp8384] tn36-ef4dde99:11:off completed=147 pending=109
[exp8384] tn36-ef4dde99:11:off completed=148 pending=108
[exp8384] tn36-ef4dde99:11:off completed=149 pending=107
[exp8384] tn36-ef4dde99:11:off completed=150 pending=106
[exp8384] tn36-ef4dde99:11:off completed=151 pending=105
[exp8384] tn36-ef4dde99:11:off completed=152 pending=104
[exp8384] tn36-ef4dde99:11:off completed=153 pending=103
[exp8384] tn36-ef4dde99:11:off completed=154 pending=102
[exp8384] tn36-ef4dde99:11:off completed=155 pending=101
[exp8384] tn36-ef4dde99:11:off completed=156 pending=100
[exp8384] tn36-ef4dde99:11:off completed=157 pending=99
[exp8384] tn36-ef4dde99:11:off completed=158 pending=98
[exp8384] tn36-ef4dde99:11:off completed=159 pending=97
[exp8384] tn36-ef4dde99:11:off completed=160 pending=96
[exp8384] tn36-ef4dde99:11:off completed=161 pending=95
[exp8384] tn36-ef4dde99:11:off completed=162 pending=94
[exp8384] tn36-ef4dde99:11:off completed=163 pending=93
[exp8384] tn36-ef4dde99:11:off completed=164 pending=92
[exp8384] tn36-ef4dde99:11:off completed=165 pending=91
[exp8384] tn36-ef4dde99:11:off completed=166 pending=90
[exp8384] tn36-ef4dde99:11:off completed=167 pending=89
[exp8384] tn36-ef4dde99:11:off completed=168 pending=88
[exp8384] tn36-ef4dde99:11:off completed=169 pending=87
[exp8384] tn36-ef4dde99:11:off completed=170 pending=86
[exp8384] tn36-ef4dde99:11:off completed=171 pending=85
[exp8384] tn36-ef4dde99:11:off completed=172 pending=84
[exp8384] tn36-ef4dde99:11:off completed=173 pending=83
[exp8384] tn36-ef4dde99:11:off completed=174 pending=82
[exp8384] tn36-ef4dde99:11:off completed=175 pending=81
[exp8384] tn36-ef4dde99:11:off completed=176 pending=80
[exp8384] tn36-ef4dde99:11:off completed=177 pending=79
[exp8384] tn36-ef4dde99:11:off completed=178 pending=78
[exp8384] tn36-ef4dde99:11:off completed=179 pending=77
[exp8384] tn36-ef4dde99:11:off completed=180 pending=76
[exp8384] tn36-ef4dde99:11:off completed=181 pending=75
[exp8384] tn36-ef4dde99:11:off completed=182 pending=74
[exp8384] tn36-ef4dde99:11:off completed=183 pending=73
[exp8384] tn36-ef4dde99:11:off completed=184 pending=72
[exp8384] tn36-ef4dde99:11:off completed=185 pending=71
[exp8384] tn36-ef4dde99:11:off completed=186 pending=70
[exp8384] tn36-ef4dde99:11:off completed=187 pending=69
[exp8384] tn36-ef4dde99:11:off completed=188 pending=68
[exp8384] tn36-ef4dde99:11:off completed=189 pending=67
[exp8384] tn36-ef4dde99:11:off completed=190 pending=66
[exp8384] tn36-ef4dde99:11:off completed=191 pending=65
[exp8384] tn36-ef4dde99:11:off completed=192 pending=64
[exp8384] tn36-ef4dde99:11:off completed=193 pending=63
[exp8384] tn36-ef4dde99:11:off completed=194 pending=62
[exp8384] tn36-ef4dde99:11:off completed=195 pending=61
[exp8384] tn36-ef4dde99:11:off completed=196 pending=60
[exp8384] tn36-ef4dde99:11:off completed=197 pending=59
[exp8384] tn36-ef4dde99:11:off completed=198 pending=58
[exp8384] tn36-ef4dde99:11:off completed=199 pending=57
[exp8384] tn36-ef4dde99:11:off completed=200 pending=56
[exp8384] tn36-ef4dde99:11:off completed=201 pending=55
[exp8384] tn36-ef4dde99:11:off completed=202 pending=54
[exp8384] tn36-ef4dde99:11:off completed=203 pending=53
[exp8384] tn36-ef4dde99:11:off completed=204 pending=52
[exp8384] tn36-ef4dde99:11:off completed=205 pending=51
[exp8384] tn36-ef4dde99:11:off completed=206 pending=50
[exp8384] tn36-ef4dde99:11:off completed=207 pending=49
[exp8384] tn36-ef4dde99:11:off completed=208 pending=48
[exp8384] tn36-ef4dde99:11:off completed=209 pending=47
[exp8384] tn36-ef4dde99:11:off completed=210 pending=46
[exp8384] tn36-ef4dde99:11:off completed=211 pending=45
[exp8384] tn36-ef4dde99:11:off completed=212 pending=44
[exp8384] tn36-ef4dde99:11:off completed=213 pending=43
[exp8384] tn36-ef4dde99:11:off completed=214 pending=42
[exp8384] tn36-ef4dde99:11:off completed=215 pending=41
[exp8384] tn36-ef4dde99:11:off completed=216 pending=40
[exp8384] tn36-ef4dde99:11:off completed=217 pending=39
[exp8384] tn36-ef4dde99:11:off completed=218 pending=38
[exp8384] tn36-ef4dde99:11:off completed=219 pending=37
[exp8384] tn36-ef4dde99:11:off completed=220 pending=36
[exp8384] tn36-ef4dde99:11:off completed=221 pending=35
[exp8384] tn36-ef4dde99:11:off completed=222 pending=34
[exp8384] tn36-ef4dde99:11:off completed=223 pending=33
[exp8384] tn36-ef4dde99:11:off completed=224 pending=32
[exp8384] tn36-ef4dde99:11:off completed=225 pending=31
[exp8384] tn36-ef4dde99:11:off completed=226 pending=30
[exp8384] tn36-ef4dde99:11:off completed=227 pending=29
[exp8384] tn36-ef4dde99:11:off completed=228 pending=28
[exp8384] tn36-ef4dde99:11:off completed=229 pending=27
[exp8384] tn36-ef4dde99:11:off completed=230 pending=26
[exp8384] tn36-ef4dde99:11:off completed=231 pending=25
[exp8384] tn36-ef4dde99:11:off completed=232 pending=24
[exp8384] tn36-ef4dde99:11:off completed=233 pending=23
[exp8384] tn36-ef4dde99:11:off completed=234 pending=22
[exp8384] tn36-ef4dde99:11:off completed=235 pending=21
[exp8384] tn36-ef4dde99:11:off completed=236 pending=20
[exp8384] tn36-ef4dde99:11:off completed=237 pending=19
[exp8384] tn36-ef4dde99:11:off completed=238 pending=18
[exp8384] tn36-ef4dde99:11:off completed=239 pending=17
[exp8384] tn36-ef4dde99:11:off completed=240 pending=16
[exp8384] tn36-ef4dde99:11:off completed=241 pending=15
[exp8384] tn36-ef4dde99:11:off completed=242 pending=14
[exp8384] tn36-ef4dde99:11:off completed=243 pending=13
[exp8384] tn36-ef4dde99:11:off completed=244 pending=12
[exp8384] tn36-ef4dde99:11:off completed=245 pending=11
[exp8384] tn36-ef4dde99:11:off completed=246 pending=10
[exp8384] tn36-ef4dde99:11:off completed=247 pending=9
[exp8384] tn36-ef4dde99:11:off completed=248 pending=8
[exp8384] tn36-ef4dde99:11:off completed=249 pending=7
[exp8384] tn36-ef4dde99:11:off completed=250 pending=6
[exp8384] tn36-ef4dde99:11:off completed=251 pending=5
[exp8384] tn36-ef4dde99:11:off completed=252 pending=4
[exp8384] tn36-ef4dde99:11:off completed=253 pending=3
[exp8384] tn36-ef4dde99:11:off completed=254 pending=2
[exp8384] tn36-ef4dde99:11:off completed=255 pending=1
[exp8384] tn36-ef4dde99:11:off completed=256 pending=0
[exp8384] episode_after tn36-ef4dde99:11:off completed=256 error=None
