[exp8082] phase=start elapsed_s=0.000 completed_units=0 pending=preconditions
[exp8082] phase=cold_replay_before elapsed_s=0.009 completed_units=0 pending=immutable evidence
[exp8074] bootstrap_benchmark_before elapsed_s=10.792 completed=0 pending=10000
[exp8074] bootstrap elapsed_s=10.792 completed=1000 pending=9000
[exp8074] bootstrap elapsed_s=10.793 completed=2000 pending=8000
[exp8074] bootstrap elapsed_s=10.793 completed=3000 pending=7000
[exp8074] bootstrap elapsed_s=10.793 completed=4000 pending=6000
[exp8074] bootstrap elapsed_s=10.793 completed=5000 pending=5000
[exp8074] bootstrap elapsed_s=10.794 completed=6000 pending=4000
[exp8074] bootstrap elapsed_s=10.794 completed=7000 pending=3000
[exp8074] bootstrap elapsed_s=10.794 completed=8000 pending=2000
[exp8074] bootstrap elapsed_s=10.795 completed=9000 pending=1000
[exp8074] bootstrap elapsed_s=10.795 completed=10000 pending=0
[exp8074] bootstrap_benchmark_after elapsed_s=10.795 completed=10000 pending=0
[exp8077] cold_seed_reconstructed completed=1 pending=19
[exp8077] cold_seed_reconstructed completed=2 pending=18
[exp8077] cold_seed_reconstructed completed=3 pending=17
[exp8077] cold_seed_reconstructed completed=4 pending=16
[exp8077] cold_seed_reconstructed completed=5 pending=15
[exp8077] cold_seed_reconstructed completed=6 pending=14
[exp8077] cold_seed_reconstructed completed=7 pending=13
[exp8077] cold_seed_reconstructed completed=8 pending=12
[exp8077] cold_seed_reconstructed completed=9 pending=11
[exp8077] cold_seed_reconstructed completed=10 pending=10
[exp8077] cold_seed_reconstructed completed=11 pending=9
[exp8077] cold_seed_reconstructed completed=12 pending=8
[exp8077] cold_seed_reconstructed completed=13 pending=7
[exp8077] cold_seed_reconstructed completed=14 pending=6
[exp8077] cold_seed_reconstructed completed=15 pending=5
[exp8077] cold_seed_reconstructed completed=16 pending=4
[exp8077] cold_seed_reconstructed completed=17 pending=3
[exp8077] cold_seed_reconstructed completed=18 pending=2
[exp8077] cold_seed_reconstructed completed=19 pending=1
[exp8077] cold_seed_reconstructed completed=20 pending=0
[exp8082] phase=cold_replay_after elapsed_s=25.037 completed_units=12 pending=none
{"errors": []}
