============================= test session starts ==============================
platform linux -- Python 3.12.13, pytest-9.0.3, pluggy-1.6.0
rootdir: /home/ianblenke/github.com/ianblenke/carnot
configfile: pyproject.toml
plugins: xdist-3.8.0, jaxtyping-0.3.10, cov-7.1.0, hydra-core-1.3.3, anyio-4.13.0, hypothesis-6.155.2
created: 4/4 workers
4 workers [75817 items]

........................................................................ [  0%]
........................................................................ [  0%]
........................................................................ [  0%]
........................................................................ [  0%]
........................................................................ [  0%]
........................................................................ [  0%]
........................................................................ [  0%]
........................................................................ [  0%]
........................................................................ [  0%]
........................................................................ [  0%]
........................................................................ [  1%]
........................................................................ [  1%]
........................................................................ [  1%]
........................................................................ [  1%]
........................................................................ [  1%]
........................................................................ [  1%]
.....................................F......F.F.F....................... [  1%]
........................................................................ [  1%]
........................................................................ [  1%]
........................................................................ [  1%]
........................................................................ [  1%]
........................................................................ [  2%]
........................................................................ [  2%]
........................................................................ [  2%]
........................................................................ [  2%]
........................................................................ [  2%]
........................................................................ [  2%]
...............................................................F........ [  2%]
........................................................................ [  2%]
................................................F....................... [  2%]
........................................................................ [  2%]
........................................................................ [  3%]
........................................................................ [  3%]
........................................................s............... [  3%]
........................................................................ [  3%]
........................................................................ [  3%]
........................................................................ [  3%]
........................................................................ [  3%]
........................................................................ [  3%]
.....................................
=================================== FAILURES ===================================
___________ test_live_induction_arguments_at_both_sites[None-stall] ____________
[gw2] linux -- Python 3.12.13 /home/ianblenke/github.com/ianblenke/carnot/.venv/bin/python

monkeypatch = <_pytest.monkeypatch.MonkeyPatch object at 0x7f5d68b3b350>
reason = 'stall', threshold = None

    @pytest.mark.parametrize("reason", ["stall", "level_up_reinduction"])
    @pytest.mark.parametrize("threshold", [None, 1.0, 0.9, 0.75])
    def test_live_induction_arguments_at_both_sites(monkeypatch, reason, threshold):
        """SCENARIO-ARC-WMTE-10025-THRESHOLDS observes the actual live call arguments."""
    
        monkeypatch.delenv("CARNOT_ARC_DISABLE_INDUCTION", raising=False)
        if threshold is None:
            monkeypatch.delenv("CARNOT_ARC_INDUCTION_ACCEPT_THRESHOLD", raising=False)
        else:
            monkeypatch.setenv("CARNOT_ARC_INDUCTION_ACCEPT_THRESHOLD", str(threshold))
        calls = []
    
        def capture(**kwargs):
            calls.append(kwargs)
            return LlmReinductionResult(
                planned=False,
                model_specs="CPU fixture",
                heldout_accuracy=0.0,
                skipped="proposer_failed",
            )
    
        monkeypatch.setattr(agent, "execute_bounded_llm_reinduction", capture)
        policy = agent.E3AgentPolicy(
            "xx11",
            proposer=SimpleNamespace(
                model_specs="CPU fixture", induce=lambda *args, **kwargs: (False, "fixture_declines")
            ),
            value_head=lambda frame: 0.0,
        )
        policy.transitions = [SimpleNamespace(grid=np.array([[0]]))]
        policy.root_grid = np.array([[1]], dtype=np.int16)
        policy._pending_induction_reason = reason
        policy._induce_and_plan()
>       assert len(calls) == 1
E       assert 0 == 1
E        +  where 0 = len([])

tests/python/test_arc_plan_divergence_halt_10025.py:205: AssertionError
____________ test_live_induction_arguments_at_both_sites[1.0-stall] ____________
[gw2] linux -- Python 3.12.13 /home/ianblenke/github.com/ianblenke/carnot/.venv/bin/python

monkeypatch = <_pytest.monkeypatch.MonkeyPatch object at 0x7f5d55c5ff20>
reason = 'stall', threshold = 1.0

    @pytest.mark.parametrize("reason", ["stall", "level_up_reinduction"])
    @pytest.mark.parametrize("threshold", [None, 1.0, 0.9, 0.75])
    def test_live_induction_arguments_at_both_sites(monkeypatch, reason, threshold):
        """SCENARIO-ARC-WMTE-10025-THRESHOLDS observes the actual live call arguments."""
    
        monkeypatch.delenv("CARNOT_ARC_DISABLE_INDUCTION", raising=False)
        if threshold is None:
            monkeypatch.delenv("CARNOT_ARC_INDUCTION_ACCEPT_THRESHOLD", raising=False)
        else:
            monkeypatch.setenv("CARNOT_ARC_INDUCTION_ACCEPT_THRESHOLD", str(threshold))
        calls = []
    
        def capture(**kwargs):
            calls.append(kwargs)
            return LlmReinductionResult(
                planned=False,
                model_specs="CPU fixture",
                heldout_accuracy=0.0,
                skipped="proposer_failed",
            )
    
        monkeypatch.setattr(agent, "execute_bounded_llm_reinduction", capture)
        policy = agent.E3AgentPolicy(
            "xx11",
            proposer=SimpleNamespace(
                model_specs="CPU fixture", induce=lambda *args, **kwargs: (False, "fixture_declines")
            ),
            value_head=lambda frame: 0.0,
        )
        policy.transitions = [SimpleNamespace(grid=np.array([[0]]))]
        policy.root_grid = np.array([[1]], dtype=np.int16)
        policy._pending_induction_reason = reason
        policy._induce_and_plan()
>       assert len(calls) == 1
E       assert 0 == 1
E        +  where 0 = len([])

tests/python/test_arc_plan_divergence_halt_10025.py:205: AssertionError
____________ test_live_induction_arguments_at_both_sites[0.9-stall] ____________
[gw2] linux -- Python 3.12.13 /home/ianblenke/github.com/ianblenke/carnot/.venv/bin/python

monkeypatch = <_pytest.monkeypatch.MonkeyPatch object at 0x7f5d64a873e0>
reason = 'stall', threshold = 0.9

    @pytest.mark.parametrize("reason", ["stall", "level_up_reinduction"])
    @pytest.mark.parametrize("threshold", [None, 1.0, 0.9, 0.75])
    def test_live_induction_arguments_at_both_sites(monkeypatch, reason, threshold):
        """SCENARIO-ARC-WMTE-10025-THRESHOLDS observes the actual live call arguments."""
    
        monkeypatch.delenv("CARNOT_ARC_DISABLE_INDUCTION", raising=False)
        if threshold is None:
            monkeypatch.delenv("CARNOT_ARC_INDUCTION_ACCEPT_THRESHOLD", raising=False)
        else:
            monkeypatch.setenv("CARNOT_ARC_INDUCTION_ACCEPT_THRESHOLD", str(threshold))
        calls = []
    
        def capture(**kwargs):
            calls.append(kwargs)
            return LlmReinductionResult(
                planned=False,
                model_specs="CPU fixture",
                heldout_accuracy=0.0,
                skipped="proposer_failed",
            )
    
        monkeypatch.setattr(agent, "execute_bounded_llm_reinduction", capture)
        policy = agent.E3AgentPolicy(
            "xx11",
            proposer=SimpleNamespace(
                model_specs="CPU fixture", induce=lambda *args, **kwargs: (False, "fixture_declines")
            ),
            value_head=lambda frame: 0.0,
        )
        policy.transitions = [SimpleNamespace(grid=np.array([[0]]))]
        policy.root_grid = np.array([[1]], dtype=np.int16)
        policy._pending_induction_reason = reason
        policy._induce_and_plan()
>       assert len(calls) == 1
E       assert 0 == 1
E        +  where 0 = len([])

tests/python/test_arc_plan_divergence_halt_10025.py:205: AssertionError
___________ test_live_induction_arguments_at_both_sites[0.75-stall] ____________
[gw2] linux -- Python 3.12.13 /home/ianblenke/github.com/ianblenke/carnot/.venv/bin/python

monkeypatch = <_pytest.monkeypatch.MonkeyPatch object at 0x7f5d714ef1a0>
reason = 'stall', threshold = 0.75

    @pytest.mark.parametrize("reason", ["stall", "level_up_reinduction"])
    @pytest.mark.parametrize("threshold", [None, 1.0, 0.9, 0.75])
    def test_live_induction_arguments_at_both_sites(monkeypatch, reason, threshold):
        """SCENARIO-ARC-WMTE-10025-THRESHOLDS observes the actual live call arguments."""
    
        monkeypatch.delenv("CARNOT_ARC_DISABLE_INDUCTION", raising=False)
        if threshold is None:
            monkeypatch.delenv("CARNOT_ARC_INDUCTION_ACCEPT_THRESHOLD", raising=False)
        else:
            monkeypatch.setenv("CARNOT_ARC_INDUCTION_ACCEPT_THRESHOLD", str(threshold))
        calls = []
    
        def capture(**kwargs):
            calls.append(kwargs)
            return LlmReinductionResult(
                planned=False,
                model_specs="CPU fixture",
                heldout_accuracy=0.0,
                skipped="proposer_failed",
            )
    
        monkeypatch.setattr(agent, "execute_bounded_llm_reinduction", capture)
        policy = agent.E3AgentPolicy(
            "xx11",
            proposer=SimpleNamespace(
                model_specs="CPU fixture", induce=lambda *args, **kwargs: (False, "fixture_declines")
            ),
            value_head=lambda frame: 0.0,
        )
        policy.transitions = [SimpleNamespace(grid=np.array([[0]]))]
        policy.root_grid = np.array([[1]], dtype=np.int16)
        policy._pending_induction_reason = reason
        policy._induce_and_plan()
>       assert len(calls) == 1
E       assert 0 == 1
E        +  where 0 = len([])

tests/python/test_arc_plan_divergence_halt_10025.py:205: AssertionError
_________ TestE2ETrainingSampling.test_rosenbrock_langevin_convergence _________
[gw0] linux -- Python 3.12.13 /home/ianblenke/github.com/ianblenke/carnot/.venv/bin/python

self = <test_e2e_training_sampling.TestE2ETrainingSampling object at 0x7fcb4f31fd10>

    def test_rosenbrock_langevin_convergence(self) -> None:
        """SCENARIO-CORE-001: Langevin on Rosenbrock converges toward minimum."""
        rb = Rosenbrock(dim=2)
        sampler = LangevinSampler(step_size=0.0001)
        key = jrandom.PRNGKey(7)
    
        x0 = jnp.array([0.0, 0.0])  # energy = 1.0 at origin
        initial_energy = float(rb.energy(x0))
    
        x_final = sampler.sample(rb, x0, n_steps=10000, key=key)
        final_energy = float(rb.energy(x_final))
    
>       assert final_energy < initial_energy, (
            f"Langevin on Rosenbrock: {initial_energy:.4f} -> {final_energy:.4f}"
        )
E       AssertionError: Langevin on Rosenbrock: 1.0000 -> 1.0217
E       assert 1.0217122630221582 < 1.0

tests/python/test_e2e_training_sampling.py:107: AssertionError
____________ TestE2ETrainingSampling.test_dsm_training_reduces_loss ____________
[gw0] linux -- Python 3.12.13 /home/ianblenke/github.com/ianblenke/carnot/.venv/bin/python

self = <test_e2e_training_sampling.TestE2ETrainingSampling object at 0x7fcb4f4c7f80>

    def test_dsm_training_reduces_loss(self) -> None:
        """REQ-TRAIN-001: DSM training reduces loss over iterations.
    
        Uses a parameterized quadratic model where we can take gradients
        w.r.t. the center parameter. The target data is centered at [1,1,1]
        so training should push the model center toward [1,1,1].
        """
        key = jrandom.PRNGKey(0)
        dim = 3
    
        # Target data centered at [1, 1, 1]
        k1, key = jrandom.split(key)
        target = jnp.ones(dim)
        data = jrandom.normal(k1, (64, dim)) * 0.2 + target
    
        sigma = 0.1
    
        # Initial model: center at origin (wrong), scale = 1.0
        center = jnp.zeros(dim)
        scale = jnp.array(1.0)
    
        # Pre-generate noise for deterministic loss
        k2, key = jrandom.split(key)
        noise = jrandom.normal(k2, data.shape) * sigma
    
        # Compute initial loss
        model_init = _ParameterizedQuadratic(scale, center)
        initial_loss = float(dsm_loss(model_init, data, noise, sigma))
    
        # Train: gradient descent on center parameter
        lr = 0.01
        for step in range(50):
            k_step, key = jrandom.split(key)
            noise_step = jrandom.normal(k_step, data.shape) * sigma
    
            def loss_fn(c):
                m = _ParameterizedQuadratic(scale, c)
                return dsm_loss(m, data, noise_step, sigma)
    
            grad_c = jax.grad(loss_fn)(center)
            center = center - lr * grad_c
    
        # Compute final loss
        k3, key = jrandom.split(key)
        noise_final = jrandom.normal(k3, data.shape) * sigma
        model_final = _ParameterizedQuadratic(scale, center)
        final_loss = float(dsm_loss(model_final, data, noise_final, sigma))
    
>       assert final_loss < initial_loss, (
            f"Training should reduce DSM loss: {initial_loss:.4f} -> {final_loss:.4f}"
        )
E       AssertionError: Training should reduce DSM loss: 240.3799 -> 329.1696
E       assert 329.1695576295807 < 240.37985568780306

tests/python/test_e2e_training_sampling.py:159: AssertionError
=============================== warnings summary ===============================
python/carnot/extraction/coace_extractor.py:122
python/carnot/extraction/coace_extractor.py:122
python/carnot/extraction/coace_extractor.py:122
python/carnot/extraction/coace_extractor.py:122
  /home/ianblenke/github.com/ianblenke/carnot/python/carnot/extraction/coace_extractor.py:122: DeprecationWarning: ast.Num is deprecated and will be removed in Python 3.14; use ast.Constant instead
    if hasattr(ast, "Num"):

python/carnot/autoresearch/transpile.py:58
python/carnot/autoresearch/transpile.py:58
python/carnot/autoresearch/transpile.py:58
python/carnot/autoresearch/transpile.py:58
  /home/ianblenke/github.com/ianblenke/carnot/python/carnot/autoresearch/transpile.py:58: PytestCollectionWarning: cannot collect test class 'TestVector' because it has a __init__ constructor (from: tests/python/test_autoresearch_transpile.py)
    @dataclass

python/carnot/autoresearch/transpile.py:75
python/carnot/autoresearch/transpile.py:75
python/carnot/autoresearch/transpile.py:75
python/carnot/autoresearch/transpile.py:75
  /home/ianblenke/github.com/ianblenke/carnot/python/carnot/autoresearch/transpile.py:75: PytestCollectionWarning: cannot collect test class 'TestVectorSet' because it has a __init__ constructor (from: tests/python/test_autoresearch_transpile.py)
    @dataclass

tests/python/test_energy_premise_v3_3437.py:26
tests/python/test_energy_premise_v3_3437.py:26
tests/python/test_energy_premise_v3_3437.py:26
tests/python/test_energy_premise_v3_3437.py:26
  /home/ianblenke/github.com/ianblenke/carnot/tests/python/test_energy_premise_v3_3437.py:26: PytestUnknownMarkWarning: Unknown pytest.mark.kona - is this a typo?  You can register custom marks to avoid this warning - for details, see https://docs.pytest.org/en/stable/how-to/mark.html
    pytestmark = pytest.mark.kona

.venv/lib/python3.12/site-packages/torch/jit/_script.py:365: 56 warnings
  /home/ianblenke/github.com/ianblenke/carnot/.venv/lib/python3.12/site-packages/torch/jit/_script.py:365: DeprecationWarning: `torch.jit.script_method` is deprecated. Please switch to `torch.compile` or `torch.export`.
    warnings.warn(

tests/python/test_respawn_queue.py:68
tests/python/test_respawn_queue.py:68
tests/python/test_respawn_queue.py:68
tests/python/test_respawn_queue.py:68
  /home/ianblenke/github.com/ianblenke/carnot/tests/python/test_respawn_queue.py:68: PytestUnknownMarkWarning: Unknown pytest.mark.no_cov - is this a typo?  You can register custom marks to avoid this warning - for details, see https://docs.pytest.org/en/stable/how-to/mark.html
    @pytest.mark.no_cov

tests/python/test_respawn_queue.py:97
tests/python/test_respawn_queue.py:97
tests/python/test_respawn_queue.py:97
tests/python/test_respawn_queue.py:97
  /home/ianblenke/github.com/ianblenke/carnot/tests/python/test_respawn_queue.py:97: PytestUnknownMarkWarning: Unknown pytest.mark.no_cov - is this a typo?  You can register custom marks to avoid this warning - for details, see https://docs.pytest.org/en/stable/how-to/mark.html
    @pytest.mark.no_cov

python/carnot/verify/python_types.py:305
python/carnot/verify/python_types.py:305
python/carnot/verify/python_types.py:305
python/carnot/verify/python_types.py:305
  /home/ianblenke/github.com/ianblenke/carnot/python/carnot/verify/python_types.py:305: PytestCollectionWarning: cannot collect test class 'TestPassConstraint' because it has a __init__ constructor (from: tests/python/test_verify_python_types.py)
    class TestPassConstraint(BaseConstraint):

tests/python/models/gibbs/test_igd_sampler.py::test_igd_sampler_sweep
  /home/ianblenke/github.com/ianblenke/carnot/.venv/lib/python3.12/site-packages/jax/_src/ops/scatter.py:104: FutureWarning: scatter inputs have incompatible types: cannot safely cast value from dtype=int64 to dtype=int32 with jax_numpy_dtype_promotion=standard. In future JAX releases this will result in an error.
    warnings.warn(

-- Docs: https://docs.pytest.org/en/stable/how-to/capture-warnings.html
=========================== short test summary info ============================
FAILED tests/python/test_arc_plan_divergence_halt_10025.py::test_live_induction_arguments_at_both_sites[None-stall]
FAILED tests/python/test_arc_plan_divergence_halt_10025.py::test_live_induction_arguments_at_both_sites[1.0-stall]
FAILED tests/python/test_arc_plan_divergence_halt_10025.py::test_live_induction_arguments_at_both_sites[0.9-stall]
FAILED tests/python/test_arc_plan_divergence_halt_10025.py::test_live_induction_arguments_at_both_sites[0.75-stall]
FAILED tests/python/test_e2e_training_sampling.py::TestE2ETrainingSampling::test_rosenbrock_langevin_convergence
FAILED tests/python/test_e2e_training_sampling.py::TestE2ETrainingSampling::test_dsm_training_reduces_loss
!!!!!!!!!!!!!!!!!!!!!!!!!!!!!! KeyboardInterrupt !!!!!!!!!!!!!!!!!!!!!!!!!!!!!!!
/home/ianblenke/.local/share/uv/python/cpython-3.12.13-linux-x86_64-gnu/lib/python3.12/threading.py:359: KeyboardInterrupt
(to show a full traceback on KeyboardInterrupt use --full-trace)
====== 6 failed, 2838 passed, 6 skipped, 85 warnings in 198.65s (0:03:18) ======
