[exp8027] phase=freeze_before elapsed_s=0.001 completed=0 pending=0
[exp8027] phase=small_head_load_before elapsed_s=1.802 completed=0 pending=0
[exp8027] phase=small_head_load_after elapsed_s=5.334 completed=4480 pending=0
[exp8027] phase=freeze_after elapsed_s=5.431 completed=0 pending=0
[exp8027] phase=build_before elapsed_s=5.431 completed=0 pending=0
[phase 3 before] interpreter-bound carnot-python subprocess
warning: unused import: `ndarray::Array2`
 --> crates/carnot-python/src/s2kan.rs:3:5
  |
3 | use ndarray::Array2;
  |     ^^^^^^^^^^^^^^^
  |
  = note: `#[warn(unused_imports)]` (part of `#[warn(unused)]`) on by default

warning: unused import: `std::sync::Arc`
 --> crates/carnot-python/src/s2kan.rs:6:5
  |
6 | use std::sync::Arc;
  |     ^^^^^^^^^^^^^^

warning: use of deprecated method `numpy::IntoPyArray::into_pyarray_bound`: renamed to `IntoPyArray::into_pyarray`
  --> crates/carnot-python/src/s2kan.rs:40:16
   |
40 |         result.into_pyarray_bound(py)
   |                ^^^^^^^^^^^^^^^^^^
   |
   = note: `#[warn(deprecated)]` on by default

warning: `carnot-python` (lib) generated 3 warnings (run `cargo fix --lib -p carnot-python` to apply 2 suggestions)
    Finished `release` profile [optimized] target(s) in 0.04s
[phase 3 after] native build selected=/home/ianblenke/github.com/ianblenke/carnot/target/experiment-7230-load/_rust.cpython-312-x86_64-linux-gnu.so
[exp8027] phase=build_after elapsed_s=5.495 completed=0 pending=0
[exp8027] phase=extension_load_before elapsed_s=5.495 completed=0 pending=0
[exp8027] phase=extension_load_after elapsed_s=5.499 completed=0 pending=0
[exp8027] phase=extension_load_before elapsed_s=5.499 completed=0 pending=0
[exp8027] phase=extension_load_after elapsed_s=5.503 completed=0 pending=0
[exp8027] phase=parity_before elapsed_s=7.712 completed=0 pending=4736
[exp8027] phase=parity_natural elapsed_s=7.736 completed=1 pending=4479
[exp8027] phase=parity_natural elapsed_s=7.842 completed=513 pending=3967
[exp8027] phase=parity_natural elapsed_s=7.947 completed=1025 pending=3455
[exp8027] phase=parity_natural elapsed_s=8.053 completed=1537 pending=2943
[exp8027] phase=parity_natural elapsed_s=8.158 completed=2049 pending=2431
[exp8027] phase=parity_natural elapsed_s=8.263 completed=2561 pending=1919
[exp8027] phase=parity_natural elapsed_s=8.368 completed=3073 pending=1407
[exp8027] phase=parity_natural elapsed_s=8.473 completed=3585 pending=895
[exp8027] phase=parity_natural elapsed_s=8.578 completed=4097 pending=383
[exp8027] phase=parity_after elapsed_s=8.735 completed=4736 pending=0
[exp8027] phase=benchmark_before elapsed_s=8.736 completed=0 pending=180
[exp8027] phase=benchmark_block_before elapsed_s=8.736 completed=0 pending=180
[exp8027] phase=benchmark_block_after elapsed_s=8.786 completed=2 pending=178
[exp8027] phase=benchmark_block_before elapsed_s=8.786 completed=2 pending=178
[exp8027] phase=benchmark_block_after elapsed_s=9.074 completed=4 pending=176
[exp8027] phase=benchmark_block_before elapsed_s=9.074 completed=4 pending=176
[exp8027] phase=benchmark_block_after elapsed_s=9.150 completed=6 pending=174
[exp8027] phase=benchmark_block_before elapsed_s=9.150 completed=6 pending=174
[exp8027] phase=benchmark_block_after elapsed_s=9.366 completed=8 pending=172
[exp8027] phase=benchmark_block_before elapsed_s=9.366 completed=8 pending=172
[exp8027] phase=benchmark_block_after elapsed_s=9.447 completed=10 pending=170
[exp8027] phase=benchmark_block_before elapsed_s=9.447 completed=10 pending=170
[exp8027] phase=benchmark_block_after elapsed_s=9.521 completed=12 pending=168
[exp8027] phase=benchmark_block_before elapsed_s=9.521 completed=12 pending=168
[exp8027] phase=benchmark_block_after elapsed_s=9.555 completed=14 pending=166
[exp8027] phase=benchmark_block_before elapsed_s=9.555 completed=14 pending=166
[exp8027] phase=benchmark_block_after elapsed_s=9.583 completed=16 pending=164
[exp8027] phase=benchmark_block_before elapsed_s=9.583 completed=16 pending=164
[exp8027] phase=benchmark_block_after elapsed_s=9.628 completed=18 pending=162
[exp8027] phase=benchmark_block_before elapsed_s=9.628 completed=18 pending=162
[exp8027] phase=benchmark_block_after elapsed_s=9.658 completed=20 pending=160
[exp8027] phase=benchmark_block_before elapsed_s=9.658 completed=20 pending=160
[exp8027] phase=benchmark_block_after elapsed_s=9.722 completed=22 pending=158
[exp8027] phase=benchmark_block_before elapsed_s=9.722 completed=22 pending=158
[exp8027] phase=benchmark_block_after elapsed_s=9.863 completed=24 pending=156
[exp8027] phase=benchmark_block_before elapsed_s=9.863 completed=24 pending=156
[exp8027] phase=benchmark_block_after elapsed_s=9.932 completed=26 pending=154
[exp8027] phase=benchmark_block_before elapsed_s=9.932 completed=26 pending=154
[exp8027] phase=benchmark_block_after elapsed_s=10.048 completed=28 pending=152
[exp8027] phase=benchmark_block_before elapsed_s=10.048 completed=28 pending=152
[exp8027] phase=benchmark_block_after elapsed_s=10.094 completed=30 pending=150
[exp8027] phase=benchmark_block_before elapsed_s=10.094 completed=30 pending=150
[exp8027] phase=benchmark_block_after elapsed_s=10.154 completed=32 pending=148
[exp8027] phase=benchmark_block_before elapsed_s=10.154 completed=32 pending=148
[exp8027] phase=benchmark_block_after elapsed_s=10.165 completed=34 pending=146
[exp8027] phase=benchmark_block_before elapsed_s=10.165 completed=34 pending=146
[exp8027] phase=benchmark_block_after elapsed_s=10.279 completed=36 pending=144
[exp8027] phase=benchmark_block_before elapsed_s=10.279 completed=36 pending=144
[exp8027] phase=benchmark_block_after elapsed_s=10.339 completed=38 pending=142
[exp8027] phase=benchmark_block_before elapsed_s=10.339 completed=38 pending=142
[exp8027] phase=benchmark_block_after elapsed_s=10.432 completed=40 pending=140
[exp8027] phase=benchmark_block_before elapsed_s=10.432 completed=40 pending=140
[exp8027] phase=benchmark_block_after elapsed_s=10.488 completed=42 pending=138
[exp8027] phase=benchmark_block_before elapsed_s=10.488 completed=42 pending=138
[exp8027] phase=benchmark_block_after elapsed_s=10.604 completed=44 pending=136
[exp8027] phase=benchmark_block_before elapsed_s=10.604 completed=44 pending=136
[exp8027] phase=benchmark_block_after elapsed_s=10.661 completed=46 pending=134
[exp8027] phase=benchmark_block_before elapsed_s=10.661 completed=46 pending=134
[exp8027] phase=benchmark_block_after elapsed_s=10.781 completed=48 pending=132
[exp8027] phase=benchmark_block_before elapsed_s=10.781 completed=48 pending=132
[exp8027] phase=benchmark_block_after elapsed_s=10.863 completed=50 pending=130
[exp8027] phase=benchmark_block_before elapsed_s=10.863 completed=50 pending=130
[exp8027] phase=benchmark_block_after elapsed_s=10.978 completed=52 pending=128
[exp8027] phase=benchmark_block_before elapsed_s=10.978 completed=52 pending=128
[exp8027] phase=benchmark_block_after elapsed_s=11.057 completed=54 pending=126
[exp8027] phase=benchmark_block_before elapsed_s=11.057 completed=54 pending=126
[exp8027] phase=benchmark_block_after elapsed_s=11.175 completed=56 pending=124
[exp8027] phase=benchmark_block_before elapsed_s=11.175 completed=56 pending=124
[exp8027] phase=benchmark_block_after elapsed_s=11.219 completed=58 pending=122
[exp8027] phase=benchmark_block_before elapsed_s=11.219 completed=58 pending=122
[exp8027] phase=benchmark_block_after elapsed_s=11.252 completed=60 pending=120
[exp8027] phase=benchmark_block_before elapsed_s=11.252 completed=60 pending=120
[exp8027] phase=benchmark_block_after elapsed_s=12.637 completed=62 pending=118
[exp8027] phase=benchmark_block_before elapsed_s=12.637 completed=62 pending=118
[exp8027] phase=benchmark_block_after elapsed_s=13.930 completed=64 pending=116
[exp8027] phase=benchmark_block_before elapsed_s=13.930 completed=64 pending=116
[exp8027] phase=benchmark_block_after elapsed_s=15.475 completed=66 pending=114
[exp8027] phase=benchmark_block_before elapsed_s=15.475 completed=66 pending=114
[exp8027] phase=benchmark_block_after elapsed_s=17.021 completed=68 pending=112
[exp8027] phase=benchmark_block_before elapsed_s=17.021 completed=68 pending=112
[exp8027] phase=benchmark_block_after elapsed_s=18.133 completed=70 pending=110
[exp8027] phase=benchmark_block_before elapsed_s=18.133 completed=70 pending=110
[exp8027] phase=benchmark_block_after elapsed_s=19.500 completed=72 pending=108
[exp8027] phase=benchmark_block_before elapsed_s=19.500 completed=72 pending=108
[exp8027] phase=benchmark_block_after elapsed_s=20.911 completed=74 pending=106
[exp8027] phase=benchmark_block_before elapsed_s=20.911 completed=74 pending=106
[exp8027] phase=benchmark_block_after elapsed_s=22.386 completed=76 pending=104
[exp8027] phase=benchmark_block_before elapsed_s=22.386 completed=76 pending=104
[exp8027] phase=benchmark_block_after elapsed_s=24.025 completed=78 pending=102
[exp8027] phase=benchmark_block_before elapsed_s=24.025 completed=78 pending=102
[exp8027] phase=benchmark_block_after elapsed_s=25.864 completed=80 pending=100
[exp8027] phase=benchmark_block_before elapsed_s=25.864 completed=80 pending=100
[exp8027] phase=benchmark_block_after elapsed_s=27.318 completed=82 pending=98
[exp8027] phase=benchmark_block_before elapsed_s=27.318 completed=82 pending=98
[exp8027] phase=benchmark_block_after elapsed_s=28.396 completed=84 pending=96
[exp8027] phase=benchmark_block_before elapsed_s=28.396 completed=84 pending=96
[exp8027] phase=benchmark_block_after elapsed_s=29.658 completed=86 pending=94
[exp8027] phase=benchmark_block_before elapsed_s=29.658 completed=86 pending=94
[exp8027] phase=benchmark_block_after elapsed_s=31.324 completed=88 pending=92
[exp8027] phase=benchmark_block_before elapsed_s=31.324 completed=88 pending=92
[exp8027] phase=benchmark_block_after elapsed_s=32.906 completed=90 pending=90
[exp8027] phase=benchmark_block_before elapsed_s=32.906 completed=90 pending=90
[exp8027] phase=benchmark_block_after elapsed_s=34.306 completed=92 pending=88
[exp8027] phase=benchmark_block_before elapsed_s=34.306 completed=92 pending=88
[exp8027] phase=benchmark_block_after elapsed_s=35.839 completed=94 pending=86
[exp8027] phase=benchmark_block_before elapsed_s=35.839 completed=94 pending=86
[exp8027] phase=benchmark_block_after elapsed_s=37.738 completed=96 pending=84
[exp8027] phase=benchmark_block_before elapsed_s=37.738 completed=96 pending=84
[exp8027] phase=benchmark_block_after elapsed_s=39.042 completed=98 pending=82
[exp8027] phase=benchmark_block_before elapsed_s=39.042 completed=98 pending=82
[exp8027] phase=benchmark_block_after elapsed_s=40.561 completed=100 pending=80
[exp8027] phase=benchmark_block_before elapsed_s=40.561 completed=100 pending=80
[exp8027] phase=benchmark_block_after elapsed_s=42.126 completed=102 pending=78
[exp8027] phase=benchmark_block_before elapsed_s=42.126 completed=102 pending=78
[exp8027] phase=benchmark_block_after elapsed_s=43.632 completed=104 pending=76
[exp8027] phase=benchmark_block_before elapsed_s=43.632 completed=104 pending=76
[exp8027] phase=benchmark_block_after elapsed_s=45.302 completed=106 pending=74
[exp8027] phase=benchmark_block_before elapsed_s=45.302 completed=106 pending=74
[exp8027] phase=benchmark_block_after elapsed_s=47.181 completed=108 pending=72
[exp8027] phase=benchmark_block_before elapsed_s=47.181 completed=108 pending=72
[exp8027] phase=benchmark_block_after elapsed_s=48.669 completed=110 pending=70
[exp8027] phase=benchmark_block_before elapsed_s=48.669 completed=110 pending=70
[exp8027] phase=benchmark_block_after elapsed_s=49.772 completed=112 pending=68
[exp8027] phase=benchmark_block_before elapsed_s=49.772 completed=112 pending=68
[exp8027] phase=benchmark_block_after elapsed_s=51.066 completed=114 pending=66
[exp8027] phase=benchmark_block_before elapsed_s=51.066 completed=114 pending=66
[exp8027] phase=benchmark_block_after elapsed_s=52.764 completed=116 pending=64
[exp8027] phase=benchmark_block_before elapsed_s=52.764 completed=116 pending=64
[exp8027] phase=benchmark_block_after elapsed_s=54.162 completed=118 pending=62
[exp8027] phase=benchmark_block_before elapsed_s=54.162 completed=118 pending=62
[exp8027] phase=benchmark_block_after elapsed_s=55.312 completed=120 pending=60
[exp8027] phase=benchmark_block_before elapsed_s=55.312 completed=120 pending=60
[exp8027] phase=benchmark_block_after elapsed_s=61.291 completed=122 pending=58
[exp8027] phase=benchmark_block_before elapsed_s=61.291 completed=122 pending=58
[exp8027] phase=benchmark_block_after elapsed_s=66.853 completed=124 pending=56
[exp8027] phase=benchmark_block_before elapsed_s=66.853 completed=124 pending=56
[exp8027] phase=benchmark_block_after elapsed_s=73.039 completed=126 pending=54
[exp8027] phase=benchmark_block_before elapsed_s=73.039 completed=126 pending=54
[exp8027] phase=benchmark_block_after elapsed_s=79.075 completed=128 pending=52
[exp8027] phase=benchmark_block_before elapsed_s=79.075 completed=128 pending=52
[exp8027] phase=benchmark_block_after elapsed_s=85.469 completed=130 pending=50
[exp8027] phase=benchmark_block_before elapsed_s=85.469 completed=130 pending=50
[exp8027] phase=benchmark_block_after elapsed_s=92.201 completed=132 pending=48
[exp8027] phase=benchmark_block_before elapsed_s=92.201 completed=132 pending=48
[exp8027] phase=benchmark_block_after elapsed_s=97.844 completed=134 pending=46
[exp8027] phase=benchmark_block_before elapsed_s=97.844 completed=134 pending=46
[exp8027] phase=benchmark_block_after elapsed_s=103.533 completed=136 pending=44
[exp8027] phase=benchmark_block_before elapsed_s=103.533 completed=136 pending=44
[exp8027] phase=benchmark_block_after elapsed_s=109.576 completed=138 pending=42
[exp8027] phase=benchmark_block_before elapsed_s=109.576 completed=138 pending=42
[exp8027] phase=benchmark_block_after elapsed_s=115.855 completed=140 pending=40
[exp8027] phase=benchmark_block_before elapsed_s=115.855 completed=140 pending=40
[exp8027] phase=benchmark_block_after elapsed_s=121.325 completed=142 pending=38
[exp8027] phase=benchmark_block_before elapsed_s=121.325 completed=142 pending=38
[exp8027] phase=benchmark_block_after elapsed_s=126.629 completed=144 pending=36
[exp8027] phase=benchmark_block_before elapsed_s=126.629 completed=144 pending=36
[exp8027] phase=benchmark_block_after elapsed_s=133.202 completed=146 pending=34
[exp8027] phase=benchmark_block_before elapsed_s=133.202 completed=146 pending=34
[exp8027] phase=benchmark_block_after elapsed_s=138.887 completed=148 pending=32
[exp8027] phase=benchmark_block_before elapsed_s=138.887 completed=148 pending=32
[exp8027] phase=benchmark_block_after elapsed_s=143.872 completed=150 pending=30
[exp8027] phase=benchmark_block_before elapsed_s=143.872 completed=150 pending=30
[exp8027] phase=benchmark_block_after elapsed_s=149.524 completed=152 pending=28
[exp8027] phase=benchmark_block_before elapsed_s=149.524 completed=152 pending=28
[exp8027] phase=benchmark_block_after elapsed_s=155.805 completed=154 pending=26
[exp8027] phase=benchmark_block_before elapsed_s=155.805 completed=154 pending=26
[exp8027] phase=benchmark_block_after elapsed_s=161.188 completed=156 pending=24
[exp8027] phase=benchmark_block_before elapsed_s=161.188 completed=156 pending=24
[exp8027] phase=benchmark_block_after elapsed_s=166.676 completed=158 pending=22
[exp8027] phase=benchmark_block_before elapsed_s=166.676 completed=158 pending=22
[exp8027] phase=benchmark_block_after elapsed_s=173.499 completed=160 pending=20
[exp8027] phase=benchmark_block_before elapsed_s=173.499 completed=160 pending=20
[exp8027] phase=benchmark_block_after elapsed_s=179.183 completed=162 pending=18
[exp8027] phase=benchmark_block_before elapsed_s=179.183 completed=162 pending=18
[exp8027] phase=benchmark_block_after elapsed_s=185.059 completed=164 pending=16
[exp8027] phase=benchmark_block_before elapsed_s=185.059 completed=164 pending=16
[exp8027] phase=benchmark_block_after elapsed_s=190.876 completed=166 pending=14
[exp8027] phase=benchmark_block_before elapsed_s=190.876 completed=166 pending=14
[exp8027] phase=benchmark_block_after elapsed_s=197.163 completed=168 pending=12
[exp8027] phase=benchmark_block_before elapsed_s=197.163 completed=168 pending=12
[exp8027] phase=benchmark_block_after elapsed_s=202.791 completed=170 pending=10
[exp8027] phase=benchmark_block_before elapsed_s=202.791 completed=170 pending=10
[exp8027] phase=benchmark_block_after elapsed_s=207.901 completed=172 pending=8
[exp8027] phase=benchmark_block_before elapsed_s=207.901 completed=172 pending=8
[exp8027] phase=benchmark_block_after elapsed_s=214.519 completed=174 pending=6
[exp8027] phase=benchmark_block_before elapsed_s=214.519 completed=174 pending=6
[exp8027] phase=benchmark_block_after elapsed_s=220.232 completed=176 pending=4
[exp8027] phase=benchmark_block_before elapsed_s=220.232 completed=176 pending=4
[exp8027] phase=benchmark_block_after elapsed_s=225.496 completed=178 pending=2
[exp8027] phase=benchmark_block_before elapsed_s=225.496 completed=178 pending=2
[exp8027] phase=benchmark_block_after elapsed_s=231.093 completed=180 pending=0
[exp8027] phase=benchmark_after elapsed_s=231.109 completed=180 pending=0
[exp8027] phase=validation_before elapsed_s=231.113 completed=0 pending=0
[exp7303-validation] before_subprocess unit_consumers_e2e015_019 elapsed_s=0.000 unit=1/13
[exp7303-validation] subprocess_outstanding unit_consumers_e2e015_019 elapsed_s=30.001
[exp7303-validation] subprocess_outstanding unit_consumers_e2e015_019 elapsed_s=60.001
[exp7303-validation:unit_consumers_e2e015_019] ..............................................                           [100%]
[exp7303-validation:unit_consumers_e2e015_019] 46 passed in 59.28s
[exp7303-validation] after_subprocess unit_consumers_e2e015_019 elapsed_s=64.905 exit=-11 unit=1/13
[exp7303-validation] before_subprocess coverage_combine elapsed_s=0.000 unit=2/13
[exp7303-validation:coverage_combine] Combined 1 file
[exp7303-validation] after_subprocess coverage_combine elapsed_s=0.049 exit=0 unit=2/13
[exp7303-validation] before_subprocess coverage_report elapsed_s=0.000 unit=3/13
[exp7303-validation:coverage_report] Name                                                             Stmts   Miss  Cover   Missing
[exp7303-validation:coverage_report] ----------------------------------------------------------------------------------------------
[exp7303-validation:coverage_report] python/carnot/experiment_8027_v695_native_update_cost.py           413      0   100%
[exp7303-validation:coverage_report] scripts/experiments/experiment_8027_v695_native_update_cost.py      10      0   100%
[exp7303-validation:coverage_report] ----------------------------------------------------------------------------------------------
[exp7303-validation:coverage_report] TOTAL                                                              423      0   100%
[exp7303-validation] after_subprocess coverage_report elapsed_s=0.070 exit=0 unit=3/13
[exp7303-validation] before_subprocess coverage_json elapsed_s=0.000 unit=4/13
[exp7303-validation:coverage_json] Wrote JSON report to /tmp/carnot-8027-a3sf5kv3/coverage.json
[exp7303-validation] after_subprocess coverage_json elapsed_s=0.076 exit=0 unit=4/13
[exp7303-validation] before_subprocess ruff_check elapsed_s=0.000 unit=5/13
[exp7303-validation:ruff_check] All checks passed!
[exp7303-validation] after_subprocess ruff_check elapsed_s=0.007 exit=0 unit=5/13
[exp7303-validation] before_subprocess ruff_format elapsed_s=0.000 unit=6/13
[exp7303-validation:ruff_format] 3 files already formatted
[exp7303-validation] after_subprocess ruff_format elapsed_s=0.004 exit=0 unit=6/13
[exp7303-validation] before_subprocess strict_mypy elapsed_s=0.000 unit=7/13
[exp7303-validation:strict_mypy] python/carnot/experiment_8027_v695_native_update_cost.py:27: error: Unused "type: ignore" comment  [unused-ignore]
[exp7303-validation:strict_mypy] Found 1 error in 1 file (checked 2 source files)
[exp7303-validation] after_subprocess strict_mypy elapsed_s=5.427 exit=1 unit=7/13
[exp7303-validation] before_subprocess spec_coverage elapsed_s=0.000 unit=8/13
[exp7303-validation:spec_coverage] OK: All tests reference specification requirements.
[exp7303-validation] after_subprocess spec_coverage elapsed_s=0.016 exit=0 unit=8/13
[exp7303-validation] before_subprocess repository_health elapsed_s=0.000 unit=9/13
[exp7303-validation:repository_health] ============================= test session starts ==============================
[exp7303-validation:repository_health] platform linux -- Python 3.12.13, pytest-9.0.3, pluggy-1.6.0
[exp7303-validation:repository_health] rootdir: /home/ianblenke/github.com/ianblenke/carnot
[exp7303-validation:repository_health] configfile: pyproject.toml
[exp7303-validation:repository_health] plugins: xdist-3.8.0, jaxtyping-0.3.10, cov-7.1.0, hydra-core-1.3.3, anyio-4.13.0, hypothesis-6.155.2
[exp7303-validation:repository_health] created: 4/4 workers
[exp7303-validation] subprocess_outstanding repository_health elapsed_s=30.004
[exp7303-validation] subprocess_outstanding repository_health elapsed_s=60.005
[exp7303-validation] subprocess_outstanding repository_health elapsed_s=90.007
[exp7303-validation] subprocess_outstanding repository_health elapsed_s=120.007
[exp7303-validation] subprocess_outstanding repository_health elapsed_s=150.008
[exp7303-validation] subprocess_outstanding repository_health elapsed_s=180.008
[exp7303-validation:repository_health] /home/ianblenke/github.com/ianblenke/carnot/.venv/lib/python3.12/site-packages/_pytest/main.py:353: PluggyTeardownRaisedWarning: A plugin raised an exception during an old-style hookwrapper teardown.
[exp7303-validation:repository_health] Plugin: 140374581244320, Hook: pytest_sessionfinish
[exp7303-validation:repository_health] OSError: cannot send (already closed?)
[exp7303-validation:repository_health] For more information see https://pluggy.readthedocs.io/en/stable/api_reference.html#pluggy.PluggyTeardownRaisedWarning
[exp7303-validation:repository_health]   config.hook.pytest_sessionfinish(
[exp7303-validation:repository_health] /home/ianblenke/github.com/ianblenke/carnot/.venv/lib/python3.12/site-packages/_pytest/main.py:353: PluggyTeardownRaisedWarning: A plugin raised an exception during an old-style hookwrapper teardown.
[exp7303-validation:repository_health] Plugin: 140174860552432, Hook: pytest_sessionfinish
[exp7303-validation:repository_health] OSError: cannot send (already closed?)
[exp7303-validation:repository_health] For more information see https://pluggy.readthedocs.io/en/stable/api_reference.html#pluggy.PluggyTeardownRaisedWarning
[exp7303-validation:repository_health]   config.hook.pytest_sessionfinish(
[exp7303-validation:repository_health] /home/ianblenke/github.com/ianblenke/carnot/.venv/lib/python3.12/site-packages/_pytest/main.py:353: PluggyTeardownRaisedWarning: A plugin raised an exception during an old-style hookwrapper teardown.
[exp7303-validation:repository_health] Plugin: 140714577217968, Hook: pytest_sessionfinish
[exp7303-validation:repository_health] OSError: cannot send (already closed?)
[exp7303-validation:repository_health] For more information see https://pluggy.readthedocs.io/en/stable/api_reference.html#pluggy.PluggyTeardownRaisedWarning
[exp7303-validation:repository_health]   config.hook.pytest_sessionfinish(
[exp7303-validation:repository_health] /home/ianblenke/github.com/ianblenke/carnot/.venv/lib/python3.12/site-packages/_pytest/main.py:353: PluggyTeardownRaisedWarning: A plugin raised an exception during an old-style hookwrapper teardown.
[exp7303-validation:repository_health] Plugin: 140232742071920, Hook: pytest_sessionfinish
[exp7303-validation:repository_health] OSError: cannot send (already closed?)
[exp7303-validation:repository_health] For more information see https://pluggy.readthedocs.io/en/stable/api_reference.html#pluggy.PluggyTeardownRaisedWarning
[exp7303-validation:repository_health]   config.hook.pytest_sessionfinish(
[exp7303-validation] after_subprocess repository_health elapsed_s=215.819 exit=-15 unit=9/13
[exp7303-validation] before_subprocess cargo_test elapsed_s=0.000 unit=10/13
[exp7303-validation:cargo_test]    Compiling libc v0.2.184
[exp7303-validation:cargo_test]    Compiling proc-macro2 v1.0.106
[exp7303-validation:cargo_test]    Compiling quote v1.0.45
[exp7303-validation:cargo_test]    Compiling unicode-ident v1.0.24
[exp7303-validation:cargo_test]    Compiling cfg-if v1.0.4
[exp7303-validation:cargo_test]    Compiling syn v2.0.117
[exp7303-validation:cargo_test]    Compiling autocfg v1.5.0
[exp7303-validation:cargo_test]    Compiling itoa v1.0.18
[exp7303-validation:cargo_test]    Compiling once_cell v1.21.4
[exp7303-validation:cargo_test]    Compiling zerocopy v0.8.48
[exp7303-validation:cargo_test]    Compiling version_check v0.9.5
[exp7303-validation:cargo_test]    Compiling typenum v1.19.0
[exp7303-validation:cargo_test]    Compiling generic-array v0.14.7
[exp7303-validation:cargo_test]    Compiling ppv-lite86 v0.2.21
[exp7303-validation:cargo_test]    Compiling libm v0.2.16
[exp7303-validation:cargo_test]    Compiling num-traits v0.2.19
[exp7303-validation:cargo_test]    Compiling block-buffer v0.10.4
[exp7303-validation:cargo_test]    Compiling crypto-common v0.1.7
[exp7303-validation:cargo_test]    Compiling getrandom v0.2.17
[exp7303-validation:cargo_test]    Compiling target-lexicon v0.13.5
[exp7303-validation:cargo_test]    Compiling serde_core v1.0.228
[exp7303-validation:cargo_test]    Compiling rand_core v0.6.4
[exp7303-validation:cargo_test]    Compiling digest v0.10.7
[exp7303-validation:cargo_test]    Compiling cpufeatures v0.2.17
[exp7303-validation:cargo_test]    Compiling rand_chacha v0.3.1
[exp7303-validation:cargo_test]    Compiling bytes v1.11.1
[exp7303-validation:cargo_test]    Compiling memchr v2.8.0
[exp7303-validation:cargo_test]    Compiling pyo3-build-config v0.24.2
[exp7303-validation:cargo_test]    Compiling rand v0.8.5
[exp7303-validation:cargo_test]    Compiling matrixmultiply v0.3.10
[exp7303-validation:cargo_test]    Compiling zmij v1.0.21
[exp7303-validation:cargo_test]    Compiling serde v1.0.228
[exp7303-validation:cargo_test]    Compiling serde_derive v1.0.228
[exp7303-validation:cargo_test]    Compiling pin-project-lite v0.2.17
[exp7303-validation:cargo_test]    Compiling serde_json v1.0.149
[exp7303-validation:cargo_test]    Compiling thiserror v2.0.18
[exp7303-validation:cargo_test]    Compiling rawpointer v0.2.1
[exp7303-validation:cargo_test]    Compiling num-complex v0.4.6
[exp7303-validation:cargo_test]    Compiling num-integer v0.1.46
[exp7303-validation:cargo_test]    Compiling thiserror-impl v2.0.18
[exp7303-validation:cargo_test]    Compiling parking_lot_core v0.9.12
[exp7303-validation:cargo_test]    Compiling smallvec v1.15.1
[exp7303-validation:cargo_test]    Compiling futures-core v0.3.32
[exp7303-validation:cargo_test]    Compiling ndarray v0.16.1
[exp7303-validation:cargo_test]    Compiling http v1.4.0
[exp7303-validation:cargo_test]    Compiling scopeguard v1.2.0
[exp7303-validation:cargo_test]    Compiling log v0.4.29
[exp7303-validation:cargo_test]    Compiling lock_api v0.4.14
[exp7303-validation:cargo_test]    Compiling rand_distr v0.4.3
[exp7303-validation:cargo_test]    Compiling errno v0.3.14
[exp7303-validation:cargo_test]    Compiling signal-hook-registry v1.4.8
[exp7303-validation:cargo_test]    Compiling ndarray-rand v0.15.0
[exp7303-validation:cargo_test]    Compiling parking_lot v0.12.5
[exp7303-validation:cargo_test]    Compiling safetensors v0.4.5
[exp7303-validation:cargo_test]    Compiling sha2 v0.10.9
[exp7303-validation:cargo_test]    Compiling tokio-macros v2.7.0
[exp7303-validation:cargo_test]    Compiling mio v1.2.0
[exp7303-validation:cargo_test]    Compiling socket2 v0.6.3
[exp7303-validation:cargo_test]    Compiling bytemuck v1.25.0
[exp7303-validation:cargo_test]    Compiling httparse v1.10.1
[exp7303-validation:cargo_test]    Compiling tokio v1.51.0
[exp7303-validation:cargo_test]    Compiling futures-sink v0.3.32
[exp7303-validation:cargo_test]    Compiling carnot-core v0.1.0 (/home/ianblenke/github.com/ianblenke/carnot/crates/carnot-core)
[exp7303-validation:cargo_test]    Compiling tracing-core v0.1.36
[exp7303-validation:cargo_test]    Compiling futures-macro v0.3.32
[exp7303-validation:cargo_test]    Compiling slab v0.4.12
[exp7303-validation:cargo_test]    Compiling getrandom v0.3.4
[exp7303-validation:cargo_test]    Compiling futures-task v0.3.32
[exp7303-validation:cargo_test]    Compiling futures-util v0.3.32
[exp7303-validation:cargo_test]    Compiling http-body v1.0.1
[exp7303-validation:cargo_test]    Compiling getrandom v0.4.2
[exp7303-validation:cargo_test]    Compiling sha1 v0.10.6
[exp7303-validation:cargo_test]    Compiling tracing-attributes v0.1.31
[exp7303-validation:cargo_test]    Compiling tower-service v0.3.3
[exp7303-validation:cargo_test]    Compiling utf-8 v0.7.6
[exp7303-validation:cargo_test]    Compiling thiserror v1.0.69
[exp7303-validation:cargo_test]    Compiling bitflags v2.11.0
[exp7303-validation:cargo_test]    Compiling data-encoding v2.10.0
[exp7303-validation:cargo_test]    Compiling tracing v0.1.44
[exp7303-validation:cargo_test]    Compiling rand_core v0.9.5
[exp7303-validation:cargo_test]    Compiling pyo3-macros-backend v0.24.2
[exp7303-validation:cargo_test]    Compiling pyo3-ffi v0.24.2
[exp7303-validation:cargo_test]    Compiling thiserror-impl v1.0.69
[exp7303-validation:cargo_test]    Compiling rustversion v1.0.22
[exp7303-validation:cargo_test]    Compiling tower-layer v0.3.3
[exp7303-validation:cargo_test]    Compiling percent-encoding v2.3.2
[exp7303-validation:cargo_test]    Compiling mime v0.3.17
[exp7303-validation:cargo_test]    Compiling unicase v2.9.0
[exp7303-validation:cargo_test]    Compiling httpdate v1.0.3
[exp7303-validation:cargo_test]    Compiling mime_guess v2.0.5
[exp7303-validation:cargo_test]    Compiling rand_chacha v0.9.0
[exp7303-validation:cargo_test]    Compiling http-body-util v0.1.3
[exp7303-validation:cargo_test]    Compiling futures-channel v0.3.32
[exp7303-validation:cargo_test]    Compiling memoffset v0.9.1
[exp7303-validation:cargo_test]    Compiling byteorder v1.5.0
[exp7303-validation:cargo_test]    Compiling heck v0.5.0
[exp7303-validation:cargo_test]    Compiling sync_wrapper v1.0.2
[exp7303-validation:cargo_test]    Compiling atomic-waker v1.1.2
[exp7303-validation:cargo_test]    Compiling rustix v1.1.4
[exp7303-validation:cargo_test]    Compiling hyper v1.9.0
[exp7303-validation] subprocess_outstanding cargo_test elapsed_s=30.001
[exp7303-validation:cargo_test]    Compiling tungstenite v0.24.0
[exp7303-validation:cargo_test]    Compiling rand v0.9.2
[exp7303-validation:cargo_test]    Compiling form_urlencoded v1.2.2
[exp7303-validation:cargo_test]    Compiling pyo3 v0.24.2
[exp7303-validation:cargo_test]    Compiling aho-corasick v1.1.4
[exp7303-validation:cargo_test]    Compiling async-trait v0.1.89
[exp7303-validation:cargo_test]    Compiling ryu v1.0.23
[exp7303-validation:cargo_test]    Compiling lazy_static v1.5.0
[exp7303-validation:cargo_test]    Compiling linux-raw-sys v0.12.1
[exp7303-validation:cargo_test]    Compiling regex-syntax v0.8.10
[exp7303-validation:cargo_test]    Compiling regex-automata v0.4.14
[exp7303-validation:cargo_test]    Compiling sharded-slab v0.1.7
[exp7303-validation:cargo_test]    Compiling serde_urlencoded v0.7.1
[exp7303-validation:cargo_test]    Compiling axum-core v0.4.5
[exp7303-validation:cargo_test]    Compiling tungstenite v0.26.2
[exp7303-validation:cargo_test]    Compiling tokio-tungstenite v0.24.0
[exp7303-validation:cargo_test]    Compiling pyo3-macros v0.24.2
[exp7303-validation:cargo_test]    Compiling hyper-util v0.1.20
[exp7303-validation:cargo_test]    Compiling tower v0.5.3
[exp7303-validation:cargo_test]    Compiling tracing-log v0.2.0
[exp7303-validation:cargo_test]    Compiling tokio-util v0.7.18
[exp7303-validation:cargo_test]    Compiling numpy v0.24.0
[exp7303-validation:cargo_test]    Compiling serde_path_to_error v0.1.20
[exp7303-validation:cargo_test]    Compiling thread_local v1.1.9
[exp7303-validation:cargo_test]    Compiling fastrand v2.3.0
[exp7303-validation:cargo_test]    Compiling matchit v0.7.3
[exp7303-validation:cargo_test]    Compiling indoc v2.0.7
[exp7303-validation:cargo_test]    Compiling http-range-header v0.4.2
[exp7303-validation:cargo_test]    Compiling base64 v0.22.1
[exp7303-validation:cargo_test]    Compiling nu-ansi-term v0.50.3
[exp7303-validation:cargo_test]    Compiling unindent v0.2.4
[exp7303-validation:cargo_test]    Compiling tracing-subscriber v0.3.23
[exp7303-validation:cargo_test]    Compiling axum v0.7.9
[exp7303-validation:cargo_test]    Compiling tower-http v0.5.2
[exp7303-validation:cargo_test]    Compiling tempfile v3.27.0
[exp7303-validation:cargo_test]    Compiling tokio-tungstenite v0.26.2
[exp7303-validation:cargo_test]    Compiling regex v1.12.3
[exp7303-validation:cargo_test]    Compiling uuid v1.23.0
[exp7303-validation:cargo_test]    Compiling carnot-ising v0.1.0 (/home/ianblenke/github.com/ianblenke/carnot/crates/carnot-ising)
[exp7303-validation:cargo_test]    Compiling approx v0.5.1
[exp7303-validation:cargo_test]    Compiling memmap2 v0.9.10
[exp7303-validation:cargo_test]    Compiling rustc-hash v2.1.2
[exp7303-validation:cargo_test]    Compiling carnot-webgpu-gateway v0.1.0 (/home/ianblenke/github.com/ianblenke/carnot/crates/carnot-webgpu-gateway)
[exp7303-validation:cargo_test]    Compiling carnot-constraints v0.1.0 (/home/ianblenke/github.com/ianblenke/carnot/crates/carnot-constraints)
[exp7303-validation:cargo_test]    Compiling carnot-samplers v0.1.0 (/home/ianblenke/github.com/ianblenke/carnot/crates/carnot-samplers)
[exp7303-validation:cargo_test]    Compiling carnot-kan v0.1.0 (/home/ianblenke/github.com/ianblenke/carnot/crates/carnot-kan)
[exp7303-validation:cargo_test]    Compiling carnot-gibbs v0.1.0 (/home/ianblenke/github.com/ianblenke/carnot/crates/carnot-gibbs)
[exp7303-validation:cargo_test]    Compiling carnot-boltzmann v0.1.0 (/home/ianblenke/github.com/ianblenke/carnot/crates/carnot-boltzmann)
[exp7303-validation:cargo_test]    Compiling carnot-python v0.1.0 (/home/ianblenke/github.com/ianblenke/carnot/crates/carnot-python)
[exp7303-validation:cargo_test] warning: unused import: `ndarray::Array2`
[exp7303-validation:cargo_test]  --> crates/carnot-python/src/s2kan.rs:3:5
[exp7303-validation:cargo_test]   |
[exp7303-validation:cargo_test] 3 | use ndarray::Array2;
[exp7303-validation:cargo_test]   |     ^^^^^^^^^^^^^^^
[exp7303-validation:cargo_test]   |
[exp7303-validation:cargo_test]   = note: `#[warn(unused_imports)]` (part of `#[warn(unused)]`) on by default
[exp7303-validation:cargo_test] 
[exp7303-validation:cargo_test] warning: unused import: `std::sync::Arc`
[exp7303-validation:cargo_test]  --> crates/carnot-python/src/s2kan.rs:6:5
[exp7303-validation:cargo_test]   |
[exp7303-validation:cargo_test] 6 | use std::sync::Arc;
[exp7303-validation:cargo_test]   |     ^^^^^^^^^^^^^^
[exp7303-validation:cargo_test] 
[exp7303-validation:cargo_test] warning: use of deprecated method `numpy::IntoPyArray::into_pyarray_bound`: renamed to `IntoPyArray::into_pyarray`
[exp7303-validation:cargo_test]   --> crates/carnot-python/src/s2kan.rs:40:16
[exp7303-validation:cargo_test]    |
[exp7303-validation:cargo_test] 40 |         result.into_pyarray_bound(py)
[exp7303-validation:cargo_test]    |                ^^^^^^^^^^^^^^^^^^
[exp7303-validation:cargo_test]    |
[exp7303-validation:cargo_test]    = note: `#[warn(deprecated)]` on by default
[exp7303-validation:cargo_test] 
[exp7303-validation:cargo_test] warning: `carnot-python` (lib test) generated 3 warnings (run `cargo fix --lib -p carnot-python --tests` to apply 2 suggestions)
[exp7303-validation:cargo_test] warning: unused variable: `repaired`
[exp7303-validation:cargo_test]    --> crates/carnot-core/src/verify/sudoku.rs:305:14
[exp7303-validation:cargo_test]     |
[exp7303-validation:cargo_test] 305 |         let (repaired, history) = repair(&energy_fn, &x, 0.01, 500);
[exp7303-validation:cargo_test]     |              ^^^^^^^^ help: if this is intentional, prefix it with an underscore: `_repaired`
[exp7303-validation:cargo_test]     |
[exp7303-validation:cargo_test]     = note: `#[warn(unused_variables)]` (part of `#[warn(unused)]`) on by default
[exp7303-validation:cargo_test] 
[exp7303-validation:cargo_test] warning: unused variable: `grad_all`
[exp7303-validation:cargo_test]    --> crates/carnot-core/src/verify/mod.rs:859:13
[exp7303-validation:cargo_test]     |
[exp7303-validation:cargo_test] 859 |         let grad_all = composed.grad_energy(&x.view());
[exp7303-validation:cargo_test]     |             ^^^^^^^^ help: if this is intentional, prefix it with an underscore: `_grad_all`
[exp7303-validation:cargo_test] 
[exp7303-validation:cargo_test] warning: `carnot-core` (lib test) generated 2 warnings (run `cargo fix --lib -p carnot-core --tests` to apply 2 suggestions)
[exp7303-validation:cargo_test]     Finished `test` profile [unoptimized + debuginfo] target(s) in 58.62s
[exp7303-validation:cargo_test]      Running unittests src/lib.rs (target/debug/deps/carnot_core-8c4938f928c3e24f)
[exp7303-validation:cargo_test] 
[exp7303-validation:cargo_test] running 3 tests
[exp7303-validation:cargo_test] test numerical_update_8027::tests::test_basis_boundaries_and_nonfinite ... ok
[exp7303-validation:cargo_test] test numerical_update_8027::tests::test_lazy_update_restart ... ok
[exp7303-validation:cargo_test] test numerical_update_8027::tests::test_valid_state_and_negative_probability ... ok
[exp7303-validation:cargo_test] 
[exp7303-validation:cargo_test] test result: ok. 3 passed; 0 failed; 0 ignored; 0 measured; 55 filtered out; finished in 0.00s
[exp7303-validation:cargo_test] 
[exp7303-validation:cargo_test]      Running unittests src/bin/portable-recalibration-service.rs (target/debug/deps/portable_recalibration_service-bed72000091e49f5)
[exp7303-validation:cargo_test] 
[exp7303-validation:cargo_test] running 0 tests
[exp7303-validation:cargo_test] 
[exp7303-validation:cargo_test] test result: ok. 0 passed; 0 failed; 0 ignored; 0 measured; 0 filtered out; finished in 0.00s
[exp7303-validation:cargo_test] 
[exp7303-validation:cargo_test]      Running unittests src/lib.rs (target/debug/deps/carnot_python-439b7cab41b69733)
[exp7303-validation:cargo_test] 
[exp7303-validation:cargo_test] running 1 test
[exp7303-validation:cargo_test] test numerical_update_8027::tests::test_json_and_batch_contract ... ok
[exp7303-validation:cargo_test] 
[exp7303-validation:cargo_test] test result: ok. 1 passed; 0 failed; 0 ignored; 0 measured; 6 filtered out; finished in 0.01s
[exp7303-validation:cargo_test] 
[exp7303-validation] after_subprocess cargo_test elapsed_s=58.659 exit=0 unit=10/13
[exp7303-validation] before_subprocess cargo_fmt elapsed_s=0.000 unit=11/13
[exp7303-validation] after_subprocess cargo_fmt elapsed_s=0.027 exit=0 unit=11/13
[exp7303-validation] before_subprocess cargo_clippy elapsed_s=0.000 unit=12/13
[exp7303-validation:cargo_clippy]    Compiling pyo3-build-config v0.24.2
[exp7303-validation:cargo_clippy]     Checking carnot-core v0.1.0 (/home/ianblenke/github.com/ianblenke/carnot/crates/carnot-core)
[exp7303-validation:cargo_clippy] warning: unneeded late initialization
[exp7303-validation:cargo_clippy]     --> crates/carnot-core/src/adaptive_state.rs:1700:9
[exp7303-validation:cargo_clippy]      |
[exp7303-validation:cargo_clippy] 1700 |         let status;
[exp7303-validation:cargo_clippy]      |         ^^^^^^^^^^^
[exp7303-validation:cargo_clippy]      |
[exp7303-validation:cargo_clippy]      = help: for further information visit https://rust-lang.github.io/rust-clippy/rust-1.98.0/index.html#needless_late_init
[exp7303-validation:cargo_clippy]      = note: `#[warn(clippy::needless_late_init)]` on by default
[exp7303-validation:cargo_clippy] help: move the declaration `status` here and remove the assignments from the branches
[exp7303-validation:cargo_clippy]      |
[exp7303-validation:cargo_clippy] 1700 ~
[exp7303-validation:cargo_clippy] 1701 ~         let status = if operation == "quarantine" {
[exp7303-validation:cargo_clippy] 1702 |             let Some(reason) = reason_code else {
[exp7303-validation:cargo_clippy]  ...
[exp7303-validation:cargo_clippy] 1737 |                 .status = "quarantined".to_string();
[exp7303-validation:cargo_clippy] 1738 ~             "quarantined"
[exp7303-validation:cargo_clippy] 1739 |         } else {
[exp7303-validation:cargo_clippy]  ...
[exp7303-validation:cargo_clippy] 1745 |                 .status = "rejected".to_string();
[exp7303-validation:cargo_clippy] 1746 ~             "rejected"
[exp7303-validation:cargo_clippy] 1747 ~         };
[exp7303-validation:cargo_clippy]      |
[exp7303-validation:cargo_clippy] 
[exp7303-validation:cargo_clippy] warning: `carnot-core` (lib) generated 1 warning (run `cargo clippy --fix --lib -p carnot-core -- --no-deps` to apply 1 suggestion)
[exp7303-validation:cargo_clippy]    Compiling pyo3-ffi v0.24.2
[exp7303-validation:cargo_clippy]    Compiling pyo3-macros-backend v0.24.2
[exp7303-validation:cargo_clippy]    Compiling pyo3 v0.24.2
[exp7303-validation:cargo_clippy]    Compiling pyo3-macros v0.24.2
[exp7303-validation:cargo_clippy]    Compiling numpy v0.24.0
[exp7303-validation:cargo_clippy]     Checking carnot-ising v0.1.0 (/home/ianblenke/github.com/ianblenke/carnot/crates/carnot-ising)
[exp7303-validation:cargo_clippy]     Checking carnot-webgpu-gateway v0.1.0 (/home/ianblenke/github.com/ianblenke/carnot/crates/carnot-webgpu-gateway)
[exp7303-validation:cargo_clippy]     Checking carnot-constraints v0.1.0 (/home/ianblenke/github.com/ianblenke/carnot/crates/carnot-constraints)
[exp7303-validation:cargo_clippy]     Checking carnot-boltzmann v0.1.0 (/home/ianblenke/github.com/ianblenke/carnot/crates/carnot-boltzmann)
[exp7303-validation:cargo_clippy]     Checking carnot-kan v0.1.0 (/home/ianblenke/github.com/ianblenke/carnot/crates/carnot-kan)
[exp7303-validation:cargo_clippy]     Checking carnot-samplers v0.1.0 (/home/ianblenke/github.com/ianblenke/carnot/crates/carnot-samplers)
[exp7303-validation:cargo_clippy]     Checking carnot-gibbs v0.1.0 (/home/ianblenke/github.com/ianblenke/carnot/crates/carnot-gibbs)
[exp7303-validation:cargo_clippy]     Checking carnot-python v0.1.0 (/home/ianblenke/github.com/ianblenke/carnot/crates/carnot-python)
[exp7303-validation:cargo_clippy] warning: unused import: `ndarray::Array2`
[exp7303-validation:cargo_clippy]  --> crates/carnot-python/src/s2kan.rs:3:5
[exp7303-validation:cargo_clippy]   |
[exp7303-validation:cargo_clippy] 3 | use ndarray::Array2;
[exp7303-validation:cargo_clippy]   |     ^^^^^^^^^^^^^^^
[exp7303-validation:cargo_clippy]   |
[exp7303-validation:cargo_clippy]   = note: `#[warn(unused_imports)]` (part of `#[warn(unused)]`) on by default
[exp7303-validation:cargo_clippy] 
[exp7303-validation:cargo_clippy] warning: unused import: `std::sync::Arc`
[exp7303-validation:cargo_clippy]  --> crates/carnot-python/src/s2kan.rs:6:5
[exp7303-validation:cargo_clippy]   |
[exp7303-validation:cargo_clippy] 6 | use std::sync::Arc;
[exp7303-validation:cargo_clippy]   |     ^^^^^^^^^^^^^^
[exp7303-validation:cargo_clippy] 
[exp7303-validation:cargo_clippy] warning: use of deprecated method `numpy::IntoPyArray::into_pyarray_bound`: renamed to `IntoPyArray::into_pyarray`
[exp7303-validation:cargo_clippy]   --> crates/carnot-python/src/s2kan.rs:40:16
[exp7303-validation:cargo_clippy]    |
[exp7303-validation:cargo_clippy] 40 |         result.into_pyarray_bound(py)
[exp7303-validation:cargo_clippy]    |                ^^^^^^^^^^^^^^^^^^
[exp7303-validation:cargo_clippy]    |
[exp7303-validation:cargo_clippy]    = note: `#[warn(deprecated)]` on by default
[exp7303-validation:cargo_clippy] 
[exp7303-validation:cargo_clippy] warning: this function has too many arguments (8/7)
[exp7303-validation:cargo_clippy]    --> crates/carnot-python/src/adaptive_state.rs:162:5
[exp7303-validation:cargo_clippy]     |
[exp7303-validation:cargo_clippy] 162 | /     fn propose<'py>(
[exp7303-validation:cargo_clippy] 163 | |         &mut self,
[exp7303-validation:cargo_clippy] 164 | |         py: Python<'py>,
[exp7303-validation:cargo_clippy] 165 | |         event_id: String,
[exp7303-validation:cargo_clippy] ...   |
[exp7303-validation:cargo_clippy] 170 | |         expected_prior_state_hash: String,
[exp7303-validation:cargo_clippy] 171 | |     ) -> PyResult<Bound<'py, PyDict>> {
[exp7303-validation:cargo_clippy]     | |_____________________________________^
[exp7303-validation:cargo_clippy]     |
[exp7303-validation:cargo_clippy]     = help: for further information visit https://rust-lang.github.io/rust-clippy/rust-1.98.0/index.html#too_many_arguments
[exp7303-validation:cargo_clippy]     = note: `#[warn(clippy::too_many_arguments)]` on by default
[exp7303-validation:cargo_clippy] 
[exp7303-validation:cargo_clippy] warning: this function has too many arguments (15/7)
[exp7303-validation:cargo_clippy]    --> crates/carnot-python/src/adaptive_state.rs:379:1
[exp7303-validation:cargo_clippy]     |
[exp7303-validation:cargo_clippy] 379 | / fn certified_strategy_schema_record<'py>(
[exp7303-validation:cargo_clippy] 380 | |     py: Python<'py>,
[exp7303-validation:cargo_clippy] 381 | |     schema_version_u16: u16,
[exp7303-validation:cargo_clippy] 382 | |     strategy_identity_u64: u64,
[exp7303-validation:cargo_clippy] ...   |
[exp7303-validation:cargo_clippy] 394 | |     flags_u16: u16,
[exp7303-validation:cargo_clippy] 395 | | ) -> PyResult<Bound<'py, PyDict>> {
[exp7303-validation:cargo_clippy]     | |_________________________________^
[exp7303-validation:cargo_clippy]     |
[exp7303-validation:cargo_clippy]     = help: for further information visit https://rust-lang.github.io/rust-clippy/rust-1.98.0/index.html#too_many_arguments
[exp7303-validation:cargo_clippy] 
[exp7303-validation:cargo_clippy] warning: this function has too many arguments (8/7)
[exp7303-validation:cargo_clippy]    --> crates/carnot-python/src/mode_jump.rs:171:5
[exp7303-validation:cargo_clippy]     |
[exp7303-validation:cargo_clippy] 171 | /     fn new(
[exp7303-validation:cargo_clippy] 172 | |         schema: String,
[exp7303-validation:cargo_clippy] 173 | |         shape: Vec<usize>,
[exp7303-validation:cargo_clippy] 174 | |         cardinalities: Vec<usize>,
[exp7303-validation:cargo_clippy] ...   |
[exp7303-validation:cargo_clippy] 179 | |         state_space_size: usize,
[exp7303-validation:cargo_clippy] 180 | |     ) -> PyResult<Self> {
[exp7303-validation:cargo_clippy]     | |_______________________^
[exp7303-validation:cargo_clippy]     |
[exp7303-validation:cargo_clippy]     = help: for further information visit https://rust-lang.github.io/rust-clippy/rust-1.98.0/index.html#too_many_arguments
[exp7303-validation:cargo_clippy] 
[exp7303-validation:cargo_clippy] warning: this function has too many arguments (8/7)
[exp7303-validation:cargo_clippy]    --> crates/carnot-python/src/one_axis_tempering.rs:241:5
[exp7303-validation:cargo_clippy]     |
[exp7303-validation:cargo_clippy] 241 | /     fn run_sweeps<'py>(
[exp7303-validation:cargo_clippy] 242 | |         &self,
[exp7303-validation:cargo_clippy] 243 | |         py: Python<'py>,
[exp7303-validation:cargo_clippy] 244 | |         states: Vec<Vec<i8>>,
[exp7303-validation:cargo_clippy] ...   |
[exp7303-validation:cargo_clippy] 249 | |         n_samples: usize,
[exp7303-validation:cargo_clippy] 250 | |     ) -> PyResult<Bound<'py, PyDict>> {
[exp7303-validation:cargo_clippy]     | |_____________________________________^
[exp7303-validation:cargo_clippy]     |
[exp7303-validation:cargo_clippy]     = help: for further information visit https://rust-lang.github.io/rust-clippy/rust-1.98.0/index.html#too_many_arguments
[exp7303-validation:cargo_clippy] 
[exp7303-validation:cargo_clippy] warning: this function has too many arguments (8/7)
[exp7303-validation:cargo_clippy]    --> crates/carnot-python/src/one_axis_tempering.rs:341:5
[exp7303-validation:cargo_clippy]     |
[exp7303-validation:cargo_clippy] 341 | /     fn run_sweeps_compact<'py>(
[exp7303-validation:cargo_clippy] 342 | |         &self,
[exp7303-validation:cargo_clippy] 343 | |         py: Python<'py>,
[exp7303-validation:cargo_clippy] 344 | |         states: Vec<Vec<i8>>,
[exp7303-validation:cargo_clippy] ...   |
[exp7303-validation:cargo_clippy] 349 | |         n_samples: usize,
[exp7303-validation:cargo_clippy] 350 | |     ) -> PyResult<Bound<'py, PyDict>> {
[exp7303-validation:cargo_clippy]     | |_____________________________________^
[exp7303-validation:cargo_clippy]     |
[exp7303-validation:cargo_clippy]     = help: for further information visit https://rust-lang.github.io/rust-clippy/rust-1.98.0/index.html#too_many_arguments
[exp7303-validation:cargo_clippy] 
[exp7303-validation:cargo_clippy] warning: the loop variable `value` is used to index `votes`
[exp7303-validation:cargo_clippy]   --> crates/carnot-python/src/packed_belief.rs:88:22
[exp7303-validation:cargo_clippy]    |
[exp7303-validation:cargo_clippy] 88 |         for value in 0..DOMAIN_SIZE {
[exp7303-validation:cargo_clippy]    |                      ^^^^^^^^^^^^^^
[exp7303-validation:cargo_clippy]    |
[exp7303-validation:cargo_clippy]    = help: for further information visit https://rust-lang.github.io/rust-clippy/rust-1.98.0/index.html#needless_range_loop
[exp7303-validation:cargo_clippy]    = note: `#[warn(clippy::needless_range_loop)]` on by default
[exp7303-validation:cargo_clippy] help: consider using an iterator and enumerate()
[exp7303-validation:cargo_clippy]    |
[exp7303-validation:cargo_clippy] 88 -         for value in 0..DOMAIN_SIZE {
[exp7303-validation:cargo_clippy] 88 +         for (value, <item>) in votes.iter_mut().enumerate().take(DOMAIN_SIZE) {
[exp7303-validation:cargo_clippy]    |
[exp7303-validation:cargo_clippy] 
[exp7303-validation:cargo_clippy] warning: this function has too many arguments (8/7)
[exp7303-validation:cargo_clippy]    --> crates/carnot-python/src/safety_net.rs:545:1
[exp7303-validation:cargo_clippy]     |
[exp7303-validation:cargo_clippy] 545 | / fn fallback_decision(
[exp7303-validation:cargo_clippy] 546 | |     request_hash: &str,
[exp7303-validation:cargo_clippy] 547 | |     original_order: &[String],
[exp7303-validation:cargo_clippy] 548 | |     reason: &str,
[exp7303-validation:cargo_clippy] ...   |
[exp7303-validation:cargo_clippy] 553 | |     uncertainty_bucket: &str,
[exp7303-validation:cargo_clippy] 554 | | ) -> SafetyNetDecision {
[exp7303-validation:cargo_clippy]     | |______________________^
[exp7303-validation:cargo_clippy]     |
[exp7303-validation:cargo_clippy]     = help: for further information visit https://rust-lang.github.io/rust-clippy/rust-1.98.0/index.html#too_many_arguments
[exp7303-validation:cargo_clippy] 
[exp7303-validation:cargo_clippy] warning: `carnot-python` (lib) generated 10 warnings (run `cargo clippy --fix --lib -p carnot-python -- --no-deps` to apply 2 suggestions)
[exp7303-validation:cargo_clippy]     Finished `dev` profile [unoptimized + debuginfo] target(s) in 5.21s
[exp7303-validation] after_subprocess cargo_clippy elapsed_s=5.241 exit=0 unit=12/13
[exp7303-validation] before_subprocess changed_native_fmt elapsed_s=0.000 unit=13/13
[exp7303-validation] after_subprocess changed_native_fmt elapsed_s=0.010 exit=0 unit=13/13
[exp7303-validation] before_subprocess rust_coverage_tests elapsed_s=0.000 unit=1/1
[exp7303-validation:rust_coverage_tests]    Compiling libc v0.2.184
[exp7303-validation:rust_coverage_tests]    Compiling proc-macro2 v1.0.106
[exp7303-validation:rust_coverage_tests]    Compiling unicode-ident v1.0.24
[exp7303-validation:rust_coverage_tests]    Compiling quote v1.0.45
[exp7303-validation:rust_coverage_tests]    Compiling cfg-if v1.0.4
[exp7303-validation:rust_coverage_tests]    Compiling syn v2.0.117
[exp7303-validation:rust_coverage_tests]    Compiling autocfg v1.5.0
[exp7303-validation:rust_coverage_tests]    Compiling once_cell v1.21.4
[exp7303-validation:rust_coverage_tests]    Compiling itoa v1.0.18
[exp7303-validation:rust_coverage_tests]    Compiling zerocopy v0.8.48
[exp7303-validation:rust_coverage_tests]    Compiling version_check v0.9.5
[exp7303-validation:rust_coverage_tests]    Compiling typenum v1.19.0
[exp7303-validation:rust_coverage_tests]    Compiling generic-array v0.14.7
[exp7303-validation:rust_coverage_tests]    Compiling ppv-lite86 v0.2.21
[exp7303-validation:rust_coverage_tests]    Compiling libm v0.2.16
[exp7303-validation:rust_coverage_tests]    Compiling num-traits v0.2.19
[exp7303-validation:rust_coverage_tests]    Compiling crypto-common v0.1.7
[exp7303-validation:rust_coverage_tests]    Compiling block-buffer v0.10.4
[exp7303-validation:rust_coverage_tests]    Compiling getrandom v0.2.17
[exp7303-validation:rust_coverage_tests]    Compiling serde_core v1.0.228
[exp7303-validation:rust_coverage_tests]    Compiling target-lexicon v0.13.5
[exp7303-validation:rust_coverage_tests]    Compiling rand_core v0.6.4
[exp7303-validation:rust_coverage_tests]    Compiling digest v0.10.7
[exp7303-validation:rust_coverage_tests]    Compiling cpufeatures v0.2.17
[exp7303-validation:rust_coverage_tests]    Compiling rand_chacha v0.3.1
[exp7303-validation:rust_coverage_tests]    Compiling memchr v2.8.0
[exp7303-validation:rust_coverage_tests]    Compiling bytes v1.11.1
[exp7303-validation:rust_coverage_tests]    Compiling pyo3-build-config v0.24.2
[exp7303-validation:rust_coverage_tests]    Compiling rand v0.8.5
[exp7303-validation:rust_coverage_tests]    Compiling matrixmultiply v0.3.10
[exp7303-validation:rust_coverage_tests]    Compiling serde v1.0.228
[exp7303-validation:rust_coverage_tests]    Compiling zmij v1.0.21
[exp7303-validation:rust_coverage_tests]    Compiling serde_derive v1.0.228
[exp7303-validation:rust_coverage_tests]    Compiling serde_json v1.0.149
[exp7303-validation:rust_coverage_tests]    Compiling pin-project-lite v0.2.17
[exp7303-validation:rust_coverage_tests]    Compiling rawpointer v0.2.1
[exp7303-validation:rust_coverage_tests]    Compiling thiserror v2.0.18
[exp7303-validation:rust_coverage_tests]    Compiling num-integer v0.1.46
[exp7303-validation:rust_coverage_tests]    Compiling num-complex v0.4.6
[exp7303-validation:rust_coverage_tests]    Compiling thiserror-impl v2.0.18
[exp7303-validation:rust_coverage_tests]    Compiling futures-core v0.3.32
[exp7303-validation:rust_coverage_tests]    Compiling smallvec v1.15.1
[exp7303-validation:rust_coverage_tests]    Compiling parking_lot_core v0.9.12
[exp7303-validation:rust_coverage_tests]    Compiling ndarray v0.16.1
[exp7303-validation:rust_coverage_tests]    Compiling http v1.4.0
[exp7303-validation:rust_coverage_tests]    Compiling log v0.4.29
[exp7303-validation:rust_coverage_tests]    Compiling scopeguard v1.2.0
[exp7303-validation:rust_coverage_tests]    Compiling lock_api v0.4.14
[exp7303-validation:rust_coverage_tests]    Compiling rand_distr v0.4.3
[exp7303-validation:rust_coverage_tests]    Compiling errno v0.3.14
[exp7303-validation:rust_coverage_tests]    Compiling signal-hook-registry v1.4.8
[exp7303-validation:rust_coverage_tests]    Compiling ndarray-rand v0.15.0
[exp7303-validation:rust_coverage_tests]    Compiling parking_lot v0.12.5
[exp7303-validation:rust_coverage_tests]    Compiling safetensors v0.4.5
[exp7303-validation:rust_coverage_tests]    Compiling sha2 v0.10.9
[exp7303-validation:rust_coverage_tests]    Compiling tokio-macros v2.7.0
[exp7303-validation:rust_coverage_tests]    Compiling socket2 v0.6.3
[exp7303-validation:rust_coverage_tests]    Compiling mio v1.2.0
[exp7303-validation:rust_coverage_tests]    Compiling bytemuck v1.25.0
[exp7303-validation:rust_coverage_tests]    Compiling httparse v1.10.1
[exp7303-validation:rust_coverage_tests]    Compiling tokio v1.51.0
[exp7303-validation:rust_coverage_tests]    Compiling futures-sink v0.3.32
[exp7303-validation:rust_coverage_tests]    Compiling carnot-core v0.1.0 (/home/ianblenke/github.com/ianblenke/carnot/crates/carnot-core)
[exp7303-validation:rust_coverage_tests]    Compiling tracing-core v0.1.36
[exp7303-validation:rust_coverage_tests]    Compiling futures-macro v0.3.32
[exp7303-validation:rust_coverage_tests]    Compiling slab v0.4.12
[exp7303-validation:rust_coverage_tests]    Compiling futures-task v0.3.32
[exp7303-validation:rust_coverage_tests]    Compiling getrandom v0.3.4
[exp7303-validation:rust_coverage_tests]    Compiling futures-util v0.3.32
[exp7303-validation:rust_coverage_tests]    Compiling http-body v1.0.1
[exp7303-validation:rust_coverage_tests]    Compiling getrandom v0.4.2
[exp7303-validation:rust_coverage_tests]    Compiling sha1 v0.10.6
[exp7303-validation:rust_coverage_tests]    Compiling tracing-attributes v0.1.31
[exp7303-validation:rust_coverage_tests]    Compiling tower-service v0.3.3
[exp7303-validation:rust_coverage_tests]    Compiling data-encoding v2.10.0
[exp7303-validation:rust_coverage_tests]    Compiling bitflags v2.11.0
[exp7303-validation:rust_coverage_tests]    Compiling utf-8 v0.7.6
[exp7303-validation:rust_coverage_tests]    Compiling thiserror v1.0.69
[exp7303-validation:rust_coverage_tests]    Compiling tracing v0.1.44
[exp7303-validation:rust_coverage_tests]    Compiling rand_core v0.9.5
[exp7303-validation:rust_coverage_tests]    Compiling pyo3-macros-backend v0.24.2
[exp7303-validation:rust_coverage_tests]    Compiling pyo3-ffi v0.24.2
[exp7303-validation:rust_coverage_tests]    Compiling thiserror-impl v1.0.69
[exp7303-validation:rust_coverage_tests]    Compiling tower-layer v0.3.3
[exp7303-validation:rust_coverage_tests]    Compiling mime v0.3.17
[exp7303-validation:rust_coverage_tests]    Compiling rustversion v1.0.22
[exp7303-validation] subprocess_outstanding rust_coverage_tests elapsed_s=30.001
[exp7303-validation:rust_coverage_tests]    Compiling unicase v2.9.0
[exp7303-validation:rust_coverage_tests]    Compiling httpdate v1.0.3
[exp7303-validation:rust_coverage_tests]    Compiling percent-encoding v2.3.2
[exp7303-validation:rust_coverage_tests]    Compiling mime_guess v2.0.5
[exp7303-validation:rust_coverage_tests]    Compiling rand_chacha v0.9.0
[exp7303-validation:rust_coverage_tests]    Compiling http-body-util v0.1.3
[exp7303-validation:rust_coverage_tests]    Compiling futures-channel v0.3.32
[exp7303-validation:rust_coverage_tests]    Compiling memoffset v0.9.1
[exp7303-validation:rust_coverage_tests]    Compiling byteorder v1.5.0
[exp7303-validation:rust_coverage_tests]    Compiling heck v0.5.0
[exp7303-validation:rust_coverage_tests]    Compiling atomic-waker v1.1.2
[exp7303-validation:rust_coverage_tests]    Compiling sync_wrapper v1.0.2
[exp7303-validation:rust_coverage_tests]    Compiling rustix v1.1.4
[exp7303-validation:rust_coverage_tests]    Compiling hyper v1.9.0
[exp7303-validation:rust_coverage_tests]    Compiling tungstenite v0.24.0
[exp7303-validation:rust_coverage_tests]    Compiling rand v0.9.2
[exp7303-validation:rust_coverage_tests]    Compiling form_urlencoded v1.2.2
[exp7303-validation:rust_coverage_tests]    Compiling pyo3 v0.24.2
[exp7303-validation:rust_coverage_tests]    Compiling aho-corasick v1.1.4
[exp7303-validation:rust_coverage_tests]    Compiling async-trait v0.1.89
[exp7303-validation:rust_coverage_tests]    Compiling linux-raw-sys v0.12.1
[exp7303-validation:rust_coverage_tests]    Compiling lazy_static v1.5.0
[exp7303-validation:rust_coverage_tests]    Compiling regex-syntax v0.8.10
[exp7303-validation:rust_coverage_tests]    Compiling ryu v1.0.23
[exp7303-validation:rust_coverage_tests]    Compiling serde_urlencoded v0.7.1
[exp7303-validation:rust_coverage_tests]    Compiling regex-automata v0.4.14
[exp7303-validation:rust_coverage_tests]    Compiling sharded-slab v0.1.7
[exp7303-validation:rust_coverage_tests]    Compiling axum-core v0.4.5
[exp7303-validation:rust_coverage_tests]    Compiling tungstenite v0.26.2
[exp7303-validation:rust_coverage_tests]    Compiling tokio-tungstenite v0.24.0
[exp7303-validation:rust_coverage_tests]    Compiling pyo3-macros v0.24.2
[exp7303-validation:rust_coverage_tests]    Compiling hyper-util v0.1.20
[exp7303-validation:rust_coverage_tests]    Compiling tower v0.5.3
[exp7303-validation:rust_coverage_tests]    Compiling tracing-log v0.2.0
[exp7303-validation:rust_coverage_tests]    Compiling tokio-util v0.7.18
[exp7303-validation:rust_coverage_tests]    Compiling numpy v0.24.0
[exp7303-validation:rust_coverage_tests]    Compiling serde_path_to_error v0.1.20
[exp7303-validation:rust_coverage_tests]    Compiling thread_local v1.1.9
[exp7303-validation:rust_coverage_tests]    Compiling unindent v0.2.4
[exp7303-validation:rust_coverage_tests]    Compiling fastrand v2.3.0
[exp7303-validation:rust_coverage_tests]    Compiling http-range-header v0.4.2
[exp7303-validation:rust_coverage_tests]    Compiling matchit v0.7.3
[exp7303-validation:rust_coverage_tests]    Compiling base64 v0.22.1
[exp7303-validation:rust_coverage_tests]    Compiling nu-ansi-term v0.50.3
[exp7303-validation:rust_coverage_tests]    Compiling indoc v2.0.7
[exp7303-validation:rust_coverage_tests]    Compiling tracing-subscriber v0.3.23
[exp7303-validation:rust_coverage_tests]    Compiling axum v0.7.9
[exp7303-validation:rust_coverage_tests]    Compiling tower-http v0.5.2
[exp7303-validation:rust_coverage_tests]    Compiling tempfile v3.27.0
[exp7303-validation:rust_coverage_tests]    Compiling tokio-tungstenite v0.26.2
[exp7303-validation:rust_coverage_tests]    Compiling regex v1.12.3
[exp7303-validation:rust_coverage_tests]    Compiling uuid v1.23.0
[exp7303-validation:rust_coverage_tests]    Compiling carnot-ising v0.1.0 (/home/ianblenke/github.com/ianblenke/carnot/crates/carnot-ising)
[exp7303-validation:rust_coverage_tests]    Compiling approx v0.5.1
[exp7303-validation:rust_coverage_tests]    Compiling memmap2 v0.9.10
[exp7303-validation:rust_coverage_tests]    Compiling rustc-hash v2.1.2
[exp7303-validation:rust_coverage_tests]    Compiling carnot-webgpu-gateway v0.1.0 (/home/ianblenke/github.com/ianblenke/carnot/crates/carnot-webgpu-gateway)
[exp7303-validation:rust_coverage_tests]    Compiling carnot-constraints v0.1.0 (/home/ianblenke/github.com/ianblenke/carnot/crates/carnot-constraints)
[exp7303-validation:rust_coverage_tests]    Compiling carnot-boltzmann v0.1.0 (/home/ianblenke/github.com/ianblenke/carnot/crates/carnot-boltzmann)
[exp7303-validation:rust_coverage_tests]    Compiling carnot-kan v0.1.0 (/home/ianblenke/github.com/ianblenke/carnot/crates/carnot-kan)
[exp7303-validation:rust_coverage_tests]    Compiling carnot-samplers v0.1.0 (/home/ianblenke/github.com/ianblenke/carnot/crates/carnot-samplers)
[exp7303-validation:rust_coverage_tests]    Compiling carnot-gibbs v0.1.0 (/home/ianblenke/github.com/ianblenke/carnot/crates/carnot-gibbs)
[exp7303-validation:rust_coverage_tests]    Compiling carnot-python v0.1.0 (/home/ianblenke/github.com/ianblenke/carnot/crates/carnot-python)
[exp7303-validation:rust_coverage_tests] warning: unused import: `ndarray::Array2`
[exp7303-validation:rust_coverage_tests]  --> crates/carnot-python/src/s2kan.rs:3:5
[exp7303-validation:rust_coverage_tests]   |
[exp7303-validation:rust_coverage_tests] 3 | use ndarray::Array2;
[exp7303-validation:rust_coverage_tests]   |     ^^^^^^^^^^^^^^^
[exp7303-validation:rust_coverage_tests]   |
[exp7303-validation:rust_coverage_tests]   = note: `#[warn(unused_imports)]` (part of `#[warn(unused)]`) on by default
[exp7303-validation:rust_coverage_tests] 
[exp7303-validation:rust_coverage_tests] warning: unused import: `std::sync::Arc`
[exp7303-validation:rust_coverage_tests]  --> crates/carnot-python/src/s2kan.rs:6:5
[exp7303-validation:rust_coverage_tests]   |
[exp7303-validation:rust_coverage_tests] 6 | use std::sync::Arc;
[exp7303-validation:rust_coverage_tests]   |     ^^^^^^^^^^^^^^
[exp7303-validation:rust_coverage_tests] 
[exp7303-validation:rust_coverage_tests] warning: use of deprecated method `numpy::IntoPyArray::into_pyarray_bound`: renamed to `IntoPyArray::into_pyarray`
[exp7303-validation:rust_coverage_tests]   --> crates/carnot-python/src/s2kan.rs:40:16
[exp7303-validation:rust_coverage_tests]    |
[exp7303-validation:rust_coverage_tests] 40 |         result.into_pyarray_bound(py)
[exp7303-validation:rust_coverage_tests]    |                ^^^^^^^^^^^^^^^^^^
[exp7303-validation:rust_coverage_tests]    |
[exp7303-validation:rust_coverage_tests]    = note: `#[warn(deprecated)]` on by default
[exp7303-validation:rust_coverage_tests] 
