[exp8053] phase=start_preconditions elapsed_s=0.000 completed=0 pending=0
[exp8053] phase=parity_before elapsed_s=1.471 completed=0 pending=3960
[exp8053] phase=parity_batch elapsed_s=13.192 completed=100 pending=3860
[exp8053] phase=parity_batch elapsed_s=13.354 completed=200 pending=3760
[exp8053] phase=parity_batch elapsed_s=13.518 completed=300 pending=3660
[exp8053] phase=parity_batch elapsed_s=13.681 completed=400 pending=3560
[exp8053] phase=parity_batch elapsed_s=13.847 completed=500 pending=3460
[exp8053] phase=parity_batch elapsed_s=14.013 completed=600 pending=3360
[exp8053] phase=parity_batch elapsed_s=14.178 completed=700 pending=3260
[exp8053] phase=parity_batch elapsed_s=14.344 completed=800 pending=3160
[exp8053] phase=parity_batch elapsed_s=14.510 completed=900 pending=3060
[exp8053] phase=parity_batch elapsed_s=14.676 completed=1000 pending=2960
[exp8053] phase=parity_batch elapsed_s=14.843 completed=1100 pending=2860
[exp8053] phase=parity_batch elapsed_s=15.009 completed=1200 pending=2760
[exp8053] phase=parity_batch elapsed_s=15.176 completed=1300 pending=2660
[exp8053] phase=parity_batch elapsed_s=15.343 completed=1400 pending=2560
[exp8053] phase=parity_batch elapsed_s=15.509 completed=1500 pending=2460
[exp8053] phase=parity_batch elapsed_s=15.676 completed=1600 pending=2360
[exp8053] phase=parity_batch elapsed_s=15.843 completed=1700 pending=2260
[exp8053] phase=parity_batch elapsed_s=16.010 completed=1800 pending=2160
[exp8053] phase=parity_batch elapsed_s=16.182 completed=1900 pending=2060
[exp8053] phase=parity_batch elapsed_s=16.348 completed=2000 pending=1960
[exp8053] phase=parity_batch elapsed_s=16.515 completed=2100 pending=1860
[exp8053] phase=parity_batch elapsed_s=16.682 completed=2200 pending=1760
[exp8053] phase=parity_batch elapsed_s=16.849 completed=2300 pending=1660
[exp8053] phase=parity_batch elapsed_s=17.017 completed=2400 pending=1560
[exp8053] phase=parity_batch elapsed_s=17.185 completed=2500 pending=1460
[exp8053] phase=parity_batch elapsed_s=17.353 completed=2600 pending=1360
[exp8053] phase=parity_batch elapsed_s=17.520 completed=2700 pending=1260
[exp8053] phase=parity_batch elapsed_s=17.687 completed=2800 pending=1160
[exp8053] phase=parity_batch elapsed_s=17.854 completed=2900 pending=1060
[exp8053] phase=parity_batch elapsed_s=18.023 completed=3000 pending=960
[exp8053] phase=parity_batch elapsed_s=18.191 completed=3100 pending=860
[exp8053] phase=parity_batch elapsed_s=18.360 completed=3200 pending=760
[exp8053] phase=parity_batch elapsed_s=18.528 completed=3300 pending=660
[exp8053] phase=parity_batch elapsed_s=18.696 completed=3400 pending=560
[exp8053] phase=parity_batch elapsed_s=18.863 completed=3500 pending=460
[exp8053] phase=parity_batch elapsed_s=19.032 completed=3600 pending=360
[exp8053] phase=parity_batch elapsed_s=19.200 completed=3700 pending=260
[exp8053] phase=parity_batch elapsed_s=19.369 completed=3800 pending=160
[exp8053] phase=parity_batch elapsed_s=19.538 completed=3900 pending=60
[exp8053] phase=parity_after elapsed_s=19.720 completed=3960 pending=0
{"passed": true}
