Exp8137 start: source protocol qualification; current model calls=0
[exp8124] phase=start completed=0 pending=0
[exp8124] phase=v704_source_protocol_frozen completed=1 pending=0
[exp8124] phase=expected_identity_frozen completed=1 pending=0
[exp8124] phase=before_cache_identity completed=0 pending=0
[exp8124] phase=after_cache_identity completed=1 pending=0
[exp8124] phase=frozen_source_fit completed=256 pending=384
[exp8124] phase=frozen_source_tune completed=384 pending=256
[exp8124] phase=frozen_source_evaluation completed=640 pending=0
[exp8124] phase=source_capture_manifest_sealed completed=640 pending=0
[exp8111] phase=rebuild_original_public_selection completed=0 pending=640
[exp8098] public_response_scan completed=1 pending=0
[exp8098] public_response_scan completed=1025 pending=0
[exp8098] public_response_scan completed=2049 pending=0
[exp8098] public_response_scan completed=3073 pending=0
[exp8098] public_response_scan completed=4097 pending=0
[exp8098] public_response_scan completed=5121 pending=0
[exp8098] public_response_scan completed=6145 pending=0
[exp8098] public_response_scan completed=7169 pending=0
[exp8098] public_response_scan completed=8193 pending=0
[exp8098] public_response_scan completed=9217 pending=0
[exp8098] public_response_scan completed=10241 pending=0
[exp8098] public_response_scan completed=11265 pending=0
[exp8098] public_response_scan completed=12289 pending=0
[exp8098] public_response_scan completed=13313 pending=0
[exp8098] public_response_scan completed=14337 pending=0
[exp8098] public_response_scan completed=15361 pending=0
[exp8098] public_response_scan completed=16385 pending=0
[exp8098] public_response_scan completed=17409 pending=0
[exp8111] phase=public_authenticated_evaluator_open completed=640 pending=0
[exp8111] phase=original_annotation_scan completed=1 pending=0
[exp8111] phase=original_annotation_scan completed=1025 pending=0
[exp8111] phase=original_annotation_scan completed=2049 pending=0
[exp8111] phase=original_annotation_scan completed=3073 pending=0
[exp8111] phase=original_annotation_scan completed=4097 pending=0
[exp8111] phase=original_annotation_scan completed=5121 pending=0
[exp8111] phase=original_annotation_scan completed=6145 pending=0
[exp8111] phase=original_annotation_scan completed=7169 pending=0
[exp8111] phase=original_annotation_scan completed=8193 pending=0
[exp8111] phase=original_annotation_scan completed=9217 pending=0
[exp8111] phase=original_annotation_scan completed=10241 pending=0
[exp8111] phase=original_annotation_scan completed=11265 pending=0
[exp8111] phase=original_annotation_scan completed=12289 pending=0
[exp8111] phase=original_annotation_scan completed=13313 pending=0
[exp8111] phase=original_annotation_scan completed=14337 pending=0
[exp8111] phase=original_annotation_scan completed=15361 pending=0
[exp8111] phase=original_annotation_scan completed=16385 pending=0
[exp8111] phase=original_annotation_scan completed=17409 pending=0
[exp8124] phase=source_custody_complete completed=320 pending=0
[exp8124] phase=source_measurement_normal_exit completed=320 pending=0
