.[exp8098] public_selection_before_labels completed=0 pending=0
[exp8098] public_response_scan completed=1 pending=0
[exp8098] public_sealed_evaluator_open completed=640 pending=0
[exp8098] evaluator_scan completed=1 pending=0
[exp8098] evaluator_completed completed=640 pending=0
[exp8111] phase=before_methods completed=0 pending=0
[exp8111] phase=rebuild_original_public_selection completed=0 pending=640
[exp8098] public_response_scan completed=1 pending=0
[exp8111] phase=public_authenticated_evaluator_open completed=640 pending=0
[exp8111] phase=original_annotation_scan completed=1 pending=0
[exp8111] phase=after_methods completed=1 pending=0
[exp8111] phase=before_stream_input completed=0 pending=0
[exp8111] phase=historical_completion_custody completed=0 pending=320
[exp8111] phase=historical_completion_custody completed=64 pending=256
[exp8111] phase=historical_completion_custody completed=128 pending=192
[exp8111] phase=historical_completion_custody completed=192 pending=128
[exp8111] phase=historical_completion_custody completed=256 pending=64
[exp8111] phase=after_stream_input completed=1 pending=0
[exp8111] phase=measurement_normal_exit completed=640 pending=0
[exp8124] phase=expected_identity_frozen completed=1 pending=0
[exp8124] phase=before_cache_identity completed=0 pending=0
[exp8124] phase=after_cache_identity completed=1 pending=0
.[exp8124] phase=expected_identity_frozen completed=1 pending=0
[exp8124] phase=before_cache_identity completed=0 pending=0
[exp8124] phase=after_cache_identity completed=1 pending=0
.[exp8124] phase=v704_source_protocol_frozen completed=1 pending=0
[exp8124] phase=expected_identity_frozen completed=1 pending=0
[exp8124] phase=before_cache_identity completed=0 pending=0
[exp8124] phase=after_cache_identity completed=1 pending=0
[exp8124] phase=frozen_source_fit completed=256 pending=384
[exp8124] phase=frozen_source_tune completed=384 pending=256
[exp8124] phase=frozen_source_evaluation completed=640 pending=0
[exp8124] phase=source_capture_manifest_sealed completed=640 pending=0
[exp8111] phase=rebuild_original_public_selection completed=0 pending=640
[exp8098] public_response_scan completed=1 pending=0
[exp8111] phase=public_authenticated_evaluator_open completed=640 pending=0
[exp8111] phase=original_annotation_scan completed=1 pending=0
[exp8124] phase=source_custody_complete completed=320 pending=0
[exp8124] phase=source_measurement_normal_exit completed=320 pending=0
.[exp8124] phase=v704_source_protocol_frozen completed=1 pending=0
[exp8124] phase=expected_identity_frozen completed=1 pending=0
[exp8124] phase=before_cache_identity completed=0 pending=0
[exp8124] phase=after_cache_identity completed=1 pending=0
[exp8124] phase=frozen_source_fit completed=256 pending=384
[exp8124] phase=frozen_source_tune completed=384 pending=256
[exp8124] phase=frozen_source_evaluation completed=640 pending=0
[exp8124] phase=source_capture_manifest_sealed completed=640 pending=0
[exp8111] phase=rebuild_original_public_selection completed=0 pending=640
[exp8098] public_response_scan completed=1 pending=0
[exp8124] phase=source_custody_complete completed=320 pending=0
[exp8124] phase=source_measurement_normal_exit completed=320 pending=0
[exp8124] phase=v704_source_protocol_frozen completed=1 pending=0
[exp8124] phase=upstream_unavailable_experiment_8102_v701_learning_stream_capture completed=0 pending=0
[exp8124] phase=upstream_unavailable_experiment_8111_v702_methods_and_stream_custody completed=0 pending=0
[exp8124] phase=upstream_unavailable_experiment_8118_v702_fresh_acquisition_cost completed=0 pending=0
[exp8124] phase=expected_identity_frozen completed=1 pending=0
[exp8124] phase=before_cache_identity completed=0 pending=0
[exp8124] phase=after_cache_identity completed=1 pending=0
[exp8124] phase=source_capture_manifest_sealed completed=0 pending=0
[exp8124] phase=source_custody_complete completed=320 pending=0
[exp8124] phase=source_measurement_normal_exit completed=320 pending=0
[exp8124] phase=v704_source_protocol_frozen completed=1 pending=0
[exp8124] phase=upstream_unavailable_experiment_8102_v701_learning_stream_capture completed=0 pending=0
[exp8124] phase=upstream_unavailable_experiment_8111_v702_methods_and_stream_custody completed=0 pending=0
[exp8124] phase=upstream_unavailable_experiment_8118_v702_fresh_acquisition_cost completed=0 pending=0
[exp8124] phase=expected_identity_frozen completed=1 pending=0
[exp8124] phase=before_cache_identity completed=0 pending=0
[exp8124] phase=after_cache_identity completed=1 pending=0
[exp8124] phase=source_capture_manifest_sealed completed=0 pending=0
[exp8124] phase=source_custody_complete completed=320 pending=0
[exp8124] phase=source_measurement_normal_exit completed=320 pending=0
.before Exp8137 private subprocess
after Exp8137 private subprocess exit=0
before Exp8137 private subprocess
after Exp8137 private subprocess exit=0
before Exp8137 private subprocess
after Exp8137 private subprocess exit=1
before Exp8137 private subprocess
after Exp8137 private subprocess exit=0
before Exp8137 private subprocess
after Exp8137 private subprocess exit=0
..[exp8098] public_selection_before_labels completed=0 pending=0
[exp8098] public_response_scan completed=1 pending=0
[exp8098] public_sealed_evaluator_open completed=640 pending=0
[exp8098] evaluator_scan completed=1 pending=0
[exp8098] evaluator_completed completed=640 pending=0
[exp8111] phase=before_methods completed=0 pending=0
[exp8111] phase=rebuild_original_public_selection completed=0 pending=640
[exp8098] public_response_scan completed=1 pending=0
[exp8111] phase=public_authenticated_evaluator_open completed=640 pending=0
[exp8111] phase=original_annotation_scan completed=1 pending=0
[exp8111] phase=after_methods completed=1 pending=0
[exp8111] phase=before_stream_input completed=0 pending=0
[exp8111] phase=historical_completion_custody completed=0 pending=320
[exp8111] phase=historical_completion_custody completed=64 pending=256
[exp8111] phase=historical_completion_custody completed=128 pending=192
[exp8111] phase=historical_completion_custody completed=192 pending=128
[exp8111] phase=historical_completion_custody completed=256 pending=64
[exp8111] phase=after_stream_input completed=1 pending=0
[exp8111] phase=measurement_normal_exit completed=640 pending=0
[exp8124] phase=expected_identity_frozen completed=1 pending=0
[exp8124] phase=before_cache_identity completed=0 pending=0
[exp8124] phase=after_cache_identity completed=1 pending=0
.[exp8124] phase=expected_identity_frozen completed=1 pending=0
[exp8124] phase=before_cache_identity completed=0 pending=0
[exp8124] phase=after_cache_identity completed=1 pending=0
.[exp8124] phase=expected_identity_frozen completed=1 pending=0
[exp8124] phase=before_cache_identity completed=0 pending=0
[exp8124] phase=after_cache_identity completed=1 pending=0
.[exp8124] phase=expected_identity_frozen completed=1 pending=0
[exp8124] phase=before_cache_identity completed=0 pending=0
[exp8124] phase=after_cache_identity completed=1 pending=0
.[exp8124] phase=expected_identity_frozen completed=1 pending=0
[exp8124] phase=before_cache_identity completed=0 pending=0
[exp8124] phase=after_cache_identity completed=1 pending=0
.[exp8124] phase=expected_identity_frozen completed=1 pending=0
[exp8124] phase=before_cache_identity completed=0 pending=0
[exp8124] phase=after_cache_identity completed=1 pending=0
.[exp8124] phase=expected_identity_frozen completed=1 pending=0
[exp8124] phase=before_cache_identity completed=0 pending=0
[exp8124] phase=after_cache_identity completed=1 pending=0
.before private CLI subprocess
after private CLI subprocess exit=0
before private CLI subprocess
after private CLI subprocess exit=0
before private CLI subprocess
after private CLI subprocess exit=1
before private CLI subprocess
after private CLI subprocess exit=0
before private CLI subprocess
after private CLI subprocess exit=0
.[exp8124] phase=public_protocol_frozen completed=1 pending=0
[exp8124] phase=expected_identity_frozen completed=1 pending=0
[exp8124] phase=before_cache_identity completed=0 pending=0
[exp8124] phase=after_cache_identity completed=1 pending=0
[exp8124] phase=frozen_fit completed=256 pending=384
[exp8124] phase=frozen_tune completed=384 pending=256
[exp8124] phase=frozen_evaluation completed=640 pending=0
[exp8124] phase=source_and_arm_order_frozen completed=640 pending=0
[exp8111] phase=before_methods completed=0 pending=0
[exp8111] phase=rebuild_original_public_selection completed=0 pending=640
[exp8098] public_response_scan completed=1 pending=0
[exp8111] phase=public_authenticated_evaluator_open completed=640 pending=0
[exp8111] phase=original_annotation_scan completed=1 pending=0
[exp8111] phase=after_methods completed=1 pending=0
[exp8111] phase=before_stream_input completed=0 pending=0
[exp8111] phase=historical_completion_custody completed=0 pending=320
[exp8111] phase=historical_completion_custody completed=64 pending=256
[exp8111] phase=historical_completion_custody completed=128 pending=192
[exp8111] phase=historical_completion_custody completed=192 pending=128
[exp8111] phase=historical_completion_custody completed=256 pending=64
[exp8111] phase=after_stream_input completed=1 pending=0
[exp8111] phase=measurement_normal_exit completed=640 pending=0
[exp8124] phase=evidence_protocol_normal_exit completed=640 pending=0
.
16 passed in 38.16s
