[exp8207] phase=start completed=0 pending=0
[exp8207] phase=before_preconditions completed=0 pending=0
[exp8207] phase=after_preconditions completed=18 pending=0
[exp8207] phase=before_benchmark_fixture_natural completed=0 pending=3
[exp8194] phase=before_benchmark_8207_energy completed=0 pending=3
[exp8194] phase=after_benchmark_8207_energy completed=1 pending=2
[exp8194] phase=before_benchmark_8207_additive completed=1 pending=2
[exp8194] phase=after_benchmark_8207_additive completed=2 pending=1
[exp8194] phase=before_benchmark_8207_logistic completed=2 pending=1
[exp8194] phase=after_benchmark_8207_logistic completed=3 pending=0
[exp8207] phase=after_benchmark_fixture_natural completed=1 pending=2
[exp8207] phase=before_benchmark_fixture_constant completed=1 pending=2
[exp8194] phase=before_benchmark_8207_energy completed=0 pending=3
[exp8194] phase=after_benchmark_8207_energy completed=1 pending=2
[exp8194] phase=before_benchmark_8207_additive completed=1 pending=2
[exp8194] phase=after_benchmark_8207_additive completed=2 pending=1
[exp8194] phase=before_benchmark_8207_logistic completed=2 pending=1
[exp8194] phase=after_benchmark_8207_logistic completed=3 pending=0
[exp8207] phase=after_benchmark_fixture_constant completed=2 pending=1
[exp8207] phase=before_benchmark_fixture_shuffled completed=2 pending=1
[exp8194] phase=before_benchmark_8207_energy completed=0 pending=3
[exp8194] phase=after_benchmark_8207_energy completed=1 pending=2
[exp8194] phase=before_benchmark_8207_additive completed=1 pending=2
[exp8194] phase=after_benchmark_8207_additive completed=2 pending=1
[exp8194] phase=before_benchmark_8207_logistic completed=2 pending=1
[exp8194] phase=after_benchmark_8207_logistic completed=3 pending=0
[exp8207] phase=after_benchmark_fixture_shuffled completed=3 pending=0
[exp8207] phase=measurement_complete completed=4 pending=0
