[exp8056] phase=start elapsed_s=0.000 completed_units=0 pending=preconditions
[exp8056] phase=preconditions_before elapsed_s=1.673 completed_units=0 pending=named inputs and Python tools
[exp8056] phase=preconditions_after elapsed_s=1.704 completed_units=23 pending=immutable authority
[exp8056] phase=freeze_before elapsed_s=1.738 completed_units=0 pending=methods, identities and code
[exp8056] phase=freeze_after elapsed_s=2.519 completed_units=13 pending=primitive reduction
[exp8017] phase=task_reduced elapsed_s=3.107 completed_units=1 pending=11
[exp8017] phase=task_reduced elapsed_s=3.108 completed_units=2 pending=10
[exp8017] phase=task_reduced elapsed_s=3.117 completed_units=3 pending=9
[exp8017] phase=task_reduced elapsed_s=3.117 completed_units=4 pending=8
[exp8017] phase=task_reduced elapsed_s=3.117 completed_units=5 pending=7
[exp8017] phase=task_reduced elapsed_s=3.117 completed_units=6 pending=6
[exp8017] phase=task_reduced elapsed_s=3.117 completed_units=7 pending=5
[exp8017] phase=task_reduced elapsed_s=3.256 completed_units=8 pending=4
[exp8017] phase=task_reduced elapsed_s=3.403 completed_units=9 pending=3
[exp8017] phase=task_reduced elapsed_s=4.370 completed_units=10 pending=2
[exp8017] phase=task_reduced elapsed_s=4.372 completed_units=11 pending=1
[exp8017] phase=task_reduced elapsed_s=4.541 completed_units=12 pending=0
[exp8030] phase=independent_task_reduced elapsed_s=4.561 completed_units=1 pending=11
[exp8030] phase=independent_task_reduced elapsed_s=4.563 completed_units=2 pending=10
[exp8030] phase=independent_task_reduced elapsed_s=4.567 completed_units=3 pending=9
[exp8030] phase=independent_task_reduced elapsed_s=4.567 completed_units=4 pending=8
[exp8030] phase=independent_task_reduced elapsed_s=4.567 completed_units=5 pending=7
[exp8030] phase=independent_task_reduced elapsed_s=4.567 completed_units=6 pending=6
[exp8030] phase=independent_task_reduced elapsed_s=4.567 completed_units=7 pending=5
[exp8030] phase=independent_task_reduced elapsed_s=4.656 completed_units=8 pending=4
[exp8030] phase=independent_task_reduced elapsed_s=4.735 completed_units=9 pending=3
[exp8030] phase=independent_task_reduced elapsed_s=4.761 completed_units=10 pending=2
[exp8030] phase=independent_task_reduced elapsed_s=4.764 completed_units=11 pending=1
[exp8030] phase=independent_task_reduced elapsed_s=4.837 completed_units=12 pending=0
[exp8043] phase=independent_task_reduced elapsed_s=4.834 completed_units=1 pending=11
[exp8043] phase=independent_task_reduced elapsed_s=4.834 completed_units=2 pending=10
[exp8043] phase=independent_task_reduced elapsed_s=4.836 completed_units=3 pending=9
[exp8043] phase=independent_task_reduced elapsed_s=4.836 completed_units=4 pending=8
[exp8043] phase=independent_task_reduced elapsed_s=4.836 completed_units=5 pending=7
[exp8043] phase=independent_task_reduced elapsed_s=4.836 completed_units=6 pending=6
[exp8043] phase=independent_task_reduced elapsed_s=4.836 completed_units=7 pending=5
[exp8043] phase=independent_task_reduced elapsed_s=4.912 completed_units=8 pending=4
[exp8043] phase=independent_task_reduced elapsed_s=4.981 completed_units=9 pending=3
[exp8043] phase=independent_task_reduced elapsed_s=5.005 completed_units=10 pending=2
[exp8043] phase=independent_task_reduced elapsed_s=5.012 completed_units=11 pending=1
[exp8043] phase=independent_task_reduced elapsed_s=5.076 completed_units=12 pending=0
[exp8056] phase=independent_task_after elapsed_s=5.080 completed_units=1 pending=11
[exp8056] phase=independent_task_after elapsed_s=5.081 completed_units=2 pending=10
[exp8056] phase=independent_task_after elapsed_s=5.082 completed_units=3 pending=9
[exp8056] phase=independent_task_after elapsed_s=5.082 completed_units=4 pending=8
[exp8056] phase=independent_task_after elapsed_s=5.082 completed_units=5 pending=7
[exp8056] phase=independent_task_after elapsed_s=5.082 completed_units=6 pending=6
[exp8056] phase=independent_task_after elapsed_s=5.082 completed_units=7 pending=5
[exp8056] phase=independent_task_after elapsed_s=5.166 completed_units=8 pending=4
[exp8052] phase=independent_head_load_before elapsed_s=5.232 completed=0 pending=0
[exp8052] phase=independent_head_load_after elapsed_s=5.272 completed=0 pending=0
[exp8052] phase=replayed_arm elapsed_s=5.346 completed=1 pending=59
[exp8052] phase=replayed_arm elapsed_s=5.416 completed=2 pending=58
[exp8052] phase=replayed_arm elapsed_s=5.458 completed=3 pending=57
[exp8052] phase=replayed_arm elapsed_s=5.531 completed=4 pending=56
[exp8052] phase=replayed_arm elapsed_s=5.601 completed=5 pending=55
[exp8052] phase=replayed_arm elapsed_s=5.644 completed=6 pending=54
[exp8052] phase=replayed_arm elapsed_s=5.717 completed=7 pending=53
[exp8052] phase=replayed_arm elapsed_s=5.786 completed=8 pending=52
[exp8052] phase=replayed_arm elapsed_s=5.830 completed=9 pending=51
[exp8052] phase=replayed_arm elapsed_s=5.902 completed=10 pending=50
[exp8052] phase=replayed_arm elapsed_s=5.971 completed=11 pending=49
[exp8052] phase=replayed_arm elapsed_s=6.014 completed=12 pending=48
[exp8052] phase=replayed_arm elapsed_s=6.087 completed=13 pending=47
[exp8052] phase=replayed_arm elapsed_s=6.156 completed=14 pending=46
[exp8052] phase=replayed_arm elapsed_s=6.199 completed=15 pending=45
[exp8052] phase=replayed_arm elapsed_s=6.271 completed=16 pending=44
[exp8052] phase=replayed_arm elapsed_s=6.340 completed=17 pending=43
[exp8052] phase=replayed_arm elapsed_s=6.383 completed=18 pending=42
[exp8052] phase=replayed_arm elapsed_s=6.456 completed=19 pending=41
[exp8052] phase=replayed_arm elapsed_s=6.525 completed=20 pending=40
[exp8052] phase=replayed_arm elapsed_s=6.568 completed=21 pending=39
[exp8052] phase=replayed_arm elapsed_s=6.640 completed=22 pending=38
[exp8052] phase=replayed_arm elapsed_s=6.709 completed=23 pending=37
[exp8052] phase=replayed_arm elapsed_s=6.752 completed=24 pending=36
[exp8052] phase=replayed_arm elapsed_s=6.824 completed=25 pending=35
[exp8052] phase=replayed_arm elapsed_s=6.894 completed=26 pending=34
[exp8052] phase=replayed_arm elapsed_s=6.937 completed=27 pending=33
[exp8052] phase=replayed_arm elapsed_s=7.009 completed=28 pending=32
[exp8052] phase=replayed_arm elapsed_s=7.078 completed=29 pending=31
[exp8052] phase=replayed_arm elapsed_s=7.120 completed=30 pending=30
[exp8052] phase=replayed_arm elapsed_s=7.193 completed=31 pending=29
[exp8052] phase=replayed_arm elapsed_s=7.262 completed=32 pending=28
[exp8052] phase=replayed_arm elapsed_s=7.305 completed=33 pending=27
[exp8052] phase=replayed_arm elapsed_s=7.377 completed=34 pending=26
[exp8052] phase=replayed_arm elapsed_s=7.446 completed=35 pending=25
[exp8052] phase=replayed_arm elapsed_s=7.489 completed=36 pending=24
[exp8052] phase=replayed_arm elapsed_s=7.561 completed=37 pending=23
[exp8052] phase=replayed_arm elapsed_s=7.631 completed=38 pending=22
[exp8052] phase=replayed_arm elapsed_s=7.674 completed=39 pending=21
[exp8052] phase=replayed_arm elapsed_s=7.831 completed=40 pending=20
[exp8052] phase=replayed_arm elapsed_s=7.901 completed=41 pending=19
[exp8052] phase=replayed_arm elapsed_s=7.944 completed=42 pending=18
[exp8052] phase=replayed_arm elapsed_s=8.016 completed=43 pending=17
[exp8052] phase=replayed_arm elapsed_s=8.086 completed=44 pending=16
[exp8052] phase=replayed_arm elapsed_s=8.130 completed=45 pending=15
[exp8052] phase=replayed_arm elapsed_s=8.202 completed=46 pending=14
[exp8052] phase=replayed_arm elapsed_s=8.272 completed=47 pending=13
[exp8052] phase=replayed_arm elapsed_s=8.315 completed=48 pending=12
[exp8052] phase=replayed_arm elapsed_s=8.388 completed=49 pending=11
[exp8052] phase=replayed_arm elapsed_s=8.457 completed=50 pending=10
[exp8052] phase=replayed_arm elapsed_s=8.500 completed=51 pending=9
[exp8052] phase=replayed_arm elapsed_s=8.573 completed=52 pending=8
[exp8052] phase=replayed_arm elapsed_s=8.643 completed=53 pending=7
[exp8052] phase=replayed_arm elapsed_s=8.686 completed=54 pending=6
[exp8052] phase=replayed_arm elapsed_s=8.759 completed=55 pending=5
[exp8052] phase=replayed_arm elapsed_s=8.829 completed=56 pending=4
[exp8052] phase=replayed_arm elapsed_s=8.872 completed=57 pending=3
[exp8052] phase=replayed_arm elapsed_s=8.945 completed=58 pending=2
[exp8052] phase=replayed_arm elapsed_s=9.014 completed=59 pending=1
[exp8052] phase=replayed_arm elapsed_s=9.057 completed=60 pending=0
[exp8052] phase=terminal_heads_and_retention_predictions_sealed elapsed_s=9.674 completed=3840 pending=0
[exp8056] phase=independent_task_after elapsed_s=9.943 completed_units=9 pending=3
[exp8056] phase=independent_task_after elapsed_s=9.963 completed_units=10 pending=2
[exp8056] phase=independent_task_after elapsed_s=9.963 completed_units=11 pending=1
[exp8056] phase=independent_task_after elapsed_s=10.043 completed_units=12 pending=0
[exp8056] phase=durable_inputs elapsed_s=20.644 completed_units=0 pending=4630
Traceback (most recent call last):
  File "/home/ianblenke/github.com/ianblenke/carnot/scripts/experiments/experiment_8056_v697_capstone.py", line 15, in <module>
    raise SystemExit(main())
                     ^^^^^^
  File "/home/ianblenke/github.com/ianblenke/carnot/python/carnot/reporting/v697_capstone.py", line 617, in main
    value = build(root, args.date, durable)
            ^^^^^^^^^^^^^^^^^^^^^^^^^^^^^^^
  File "/home/ianblenke/github.com/ianblenke/carnot/python/carnot/reporting/v697_capstone.py", line 320, in build
    frozen_refs.append(save(ref, durable))
                       ^^^^^^^^^^^^^^^^^^
  File "/home/ianblenke/github.com/ianblenke/carnot/python/carnot/reporting/v697_capstone.py", line 119, in save
    raise ValueError("raw_shard_exceeds_90MB:" + str(source))
ValueError: raw_shard_exceeds_90MB:/home/ianblenke/github.com/ianblenke/carnot/results/raw/experiment_8044_v697_contract_methods/historical/primary_8042-9dd4cf7f2200c4e8be9606b438d1abcbb7c4339824601c5e6653b04818e6c8ef.bin
