[exp8401] phase=start_no_model_load_current_LLM_calls_0 completed=0 pending=0
[exp8401] phase=worker_before completed=0 pending=0
[exp8401] phase=custody completed=0 pending=353
[exp8401] phase=custody completed=50 pending=303
[exp8401] phase=custody completed=100 pending=253
[exp8401] phase=custody completed=150 pending=203
[exp8401] phase=custody completed=200 pending=153
[exp8401] phase=custody completed=250 pending=103
[exp8401] phase=custody completed=300 pending=53
[exp8401] phase=custody completed=350 pending=3
[exp8388] phase=current_authority_and_inputs_before completed=0 pending=0
[exp8374] phase=resource_preconditions_checked completed=0 pending=0
[exp8374] phase=authority_before completed=0 pending=0
[exp8374] phase=authority_after completed=14 pending=0
[exp8346] phase=source_bound completed=13 pending=2
[exp8346] phase=heads_bound completed=35 pending=1
[exp8346] phase=predictions_bound completed=59 pending=0
[exp8374] phase=kernel_authentication_before completed=0 pending=0
[exp8374] phase=kernel_authentication_after completed=1 pending=0
[exp8374] phase=trajectory_authentication_before completed=0 pending=0
[exp8374] phase=trajectory_authentication_after completed=1 pending=0
[exp8374] phase=inputs_sealed completed=153 pending=0
[exp8388] phase=current_authority_and_inputs_after completed=14 pending=0
[exp8374] phase=resource_preconditions_checked completed=0 pending=0
[exp8374] phase=authority_before completed=0 pending=0
[exp8374] phase=authority_after completed=14 pending=0
[exp8346] phase=source_bound completed=13 pending=2
[exp8346] phase=heads_bound completed=35 pending=1
[exp8346] phase=predictions_bound completed=59 pending=0
[exp8374] phase=kernel_authentication_before completed=0 pending=0
[exp8374] phase=kernel_authentication_after completed=1 pending=0
[exp8374] phase=trajectory_authentication_before completed=0 pending=0
[exp8374] phase=trajectory_authentication_after completed=1 pending=0
[exp8374] phase=inputs_sealed completed=159 pending=0
[exp8401] phase=worker_after completed=1 pending=0
