[exp8154] phase=before_benchmark_8208_energy completed=0 pending=3
[exp8154] phase=fold_completed_8208 completed=1 pending=59
[exp8154] phase=fold_completed_8208 completed=2 pending=58
[exp8154] phase=fold_completed_8208 completed=3 pending=57
[exp8154] phase=fold_completed_8208 completed=4 pending=56
[exp8154] phase=fold_completed_8208 completed=5 pending=55
[exp8154] phase=fold_completed_8208 completed=6 pending=54
[exp8154] phase=fold_completed_8208 completed=7 pending=53
[exp8154] phase=fold_completed_8208 completed=8 pending=52
[exp8154] phase=fold_completed_8208 completed=9 pending=51
[exp8154] phase=fold_completed_8208 completed=10 pending=50
[exp8154] phase=fold_completed_8208 completed=11 pending=49
[exp8154] phase=fold_completed_8208 completed=12 pending=48
[exp8154] phase=fold_completed_8208 completed=13 pending=47
[exp8154] phase=fold_completed_8208 completed=14 pending=46
[exp8154] phase=fold_completed_8208 completed=15 pending=45
[exp8154] phase=fold_completed_8208 completed=16 pending=44
[exp8154] phase=fold_completed_8208 completed=17 pending=43
[exp8154] phase=fold_completed_8208 completed=18 pending=42
[exp8154] phase=fold_completed_8208 completed=19 pending=41
[exp8154] phase=fold_completed_8208 completed=20 pending=40
[exp8154] phase=after_benchmark_8208_energy completed=1 pending=2
[exp8154] phase=before_benchmark_temperature_8208_energy completed=0 pending=0
[exp8154] phase=after_benchmark_temperature_8208_energy completed=1 pending=0
[exp8154] phase=before_benchmark_8208_additive completed=1 pending=2
[exp8154] phase=fold_completed_8208 completed=21 pending=39
[exp8154] phase=fold_completed_8208 completed=22 pending=38
[exp8154] phase=fold_completed_8208 completed=23 pending=37
[exp8154] phase=fold_completed_8208 completed=24 pending=36
[exp8154] phase=fold_completed_8208 completed=25 pending=35
[exp8154] phase=fold_completed_8208 completed=26 pending=34
[exp8154] phase=fold_completed_8208 completed=27 pending=33
[exp8154] phase=fold_completed_8208 completed=28 pending=32
[exp8154] phase=fold_completed_8208 completed=29 pending=31
[exp8154] phase=fold_completed_8208 completed=30 pending=30
[exp8154] phase=fold_completed_8208 completed=31 pending=29
[exp8154] phase=fold_completed_8208 completed=32 pending=28
[exp8154] phase=fold_completed_8208 completed=33 pending=27
[exp8154] phase=fold_completed_8208 completed=34 pending=26
[exp8154] phase=fold_completed_8208 completed=35 pending=25
[exp8154] phase=fold_completed_8208 completed=36 pending=24
[exp8154] phase=fold_completed_8208 completed=37 pending=23
[exp8154] phase=fold_completed_8208 completed=38 pending=22
[exp8154] phase=fold_completed_8208 completed=39 pending=21
[exp8154] phase=fold_completed_8208 completed=40 pending=20
[exp8154] phase=after_benchmark_8208_additive completed=2 pending=1
[exp8154] phase=before_benchmark_temperature_8208_additive completed=0 pending=0
[exp8154] phase=after_benchmark_temperature_8208_additive completed=1 pending=0
[exp8154] phase=before_benchmark_8208_logistic completed=2 pending=1
[exp8154] phase=fold_completed_8208 completed=41 pending=19
[exp8154] phase=fold_completed_8208 completed=42 pending=18
[exp8154] phase=fold_completed_8208 completed=43 pending=17
[exp8154] phase=fold_completed_8208 completed=44 pending=16
[exp8154] phase=fold_completed_8208 completed=45 pending=15
[exp8154] phase=fold_completed_8208 completed=46 pending=14
[exp8154] phase=fold_completed_8208 completed=47 pending=13
[exp8154] phase=fold_completed_8208 completed=48 pending=12
[exp8154] phase=fold_completed_8208 completed=49 pending=11
[exp8154] phase=fold_completed_8208 completed=50 pending=10
[exp8154] phase=fold_completed_8208 completed=51 pending=9
[exp8154] phase=fold_completed_8208 completed=52 pending=8
[exp8154] phase=fold_completed_8208 completed=53 pending=7
[exp8154] phase=fold_completed_8208 completed=54 pending=6
[exp8154] phase=fold_completed_8208 completed=55 pending=5
[exp8154] phase=fold_completed_8208 completed=56 pending=4
[exp8154] phase=fold_completed_8208 completed=57 pending=3
[exp8154] phase=fold_completed_8208 completed=58 pending=2
[exp8154] phase=fold_completed_8208 completed=59 pending=1
[exp8154] phase=fold_completed_8208 completed=60 pending=0
[exp8154] phase=after_benchmark_8208_logistic completed=3 pending=0
[exp8154] phase=before_benchmark_temperature_8208_logistic completed=0 pending=0
[exp8154] phase=after_benchmark_temperature_8208_logistic completed=1 pending=0
[exp8154] phase=before_benchmark_8208_energy completed=0 pending=3
[exp8154] phase=fold_completed_8208 completed=1 pending=59
[exp8154] phase=fold_completed_8208 completed=2 pending=58
[exp8154] phase=fold_completed_8208 completed=3 pending=57
[exp8154] phase=fold_completed_8208 completed=4 pending=56
[exp8154] phase=fold_completed_8208 completed=5 pending=55
[exp8154] phase=fold_completed_8208 completed=6 pending=54
[exp8154] phase=fold_completed_8208 completed=7 pending=53
[exp8154] phase=fold_completed_8208 completed=8 pending=52
[exp8154] phase=fold_completed_8208 completed=9 pending=51
[exp8154] phase=fold_completed_8208 completed=10 pending=50
[exp8154] phase=fold_completed_8208 completed=11 pending=49
[exp8154] phase=fold_completed_8208 completed=12 pending=48
[exp8154] phase=fold_completed_8208 completed=13 pending=47
[exp8154] phase=fold_completed_8208 completed=14 pending=46
[exp8154] phase=fold_completed_8208 completed=15 pending=45
[exp8154] phase=fold_completed_8208 completed=16 pending=44
[exp8154] phase=fold_completed_8208 completed=17 pending=43
[exp8154] phase=fold_completed_8208 completed=18 pending=42
[exp8154] phase=fold_completed_8208 completed=19 pending=41
[exp8154] phase=fold_completed_8208 completed=20 pending=40
[exp8154] phase=after_benchmark_8208_energy completed=1 pending=2
[exp8154] phase=before_benchmark_temperature_8208_energy completed=0 pending=0
[exp8154] phase=after_benchmark_temperature_8208_energy completed=1 pending=0
[exp8154] phase=before_benchmark_8208_additive completed=1 pending=2
[exp8154] phase=fold_completed_8208 completed=21 pending=39
[exp8154] phase=fold_completed_8208 completed=22 pending=38
[exp8154] phase=fold_completed_8208 completed=23 pending=37
[exp8154] phase=fold_completed_8208 completed=24 pending=36
[exp8154] phase=fold_completed_8208 completed=25 pending=35
[exp8154] phase=fold_completed_8208 completed=26 pending=34
[exp8154] phase=fold_completed_8208 completed=27 pending=33
[exp8154] phase=fold_completed_8208 completed=28 pending=32
[exp8154] phase=fold_completed_8208 completed=29 pending=31
[exp8154] phase=fold_completed_8208 completed=30 pending=30
[exp8154] phase=fold_completed_8208 completed=31 pending=29
[exp8154] phase=fold_completed_8208 completed=32 pending=28
[exp8154] phase=fold_completed_8208 completed=33 pending=27
[exp8154] phase=fold_completed_8208 completed=34 pending=26
[exp8154] phase=fold_completed_8208 completed=35 pending=25
[exp8154] phase=fold_completed_8208 completed=36 pending=24
[exp8154] phase=fold_completed_8208 completed=37 pending=23
[exp8154] phase=fold_completed_8208 completed=38 pending=22
[exp8154] phase=fold_completed_8208 completed=39 pending=21
[exp8154] phase=fold_completed_8208 completed=40 pending=20
[exp8154] phase=after_benchmark_8208_additive completed=2 pending=1
[exp8154] phase=before_benchmark_temperature_8208_additive completed=0 pending=0
[exp8154] phase=after_benchmark_temperature_8208_additive completed=1 pending=0
[exp8154] phase=before_benchmark_8208_logistic completed=2 pending=1
[exp8154] phase=fold_completed_8208 completed=41 pending=19
[exp8154] phase=fold_completed_8208 completed=42 pending=18
[exp8154] phase=fold_completed_8208 completed=43 pending=17
[exp8154] phase=fold_completed_8208 completed=44 pending=16
[exp8154] phase=fold_completed_8208 completed=45 pending=15
[exp8154] phase=fold_completed_8208 completed=46 pending=14
[exp8154] phase=fold_completed_8208 completed=47 pending=13
[exp8154] phase=fold_completed_8208 completed=48 pending=12
[exp8154] phase=fold_completed_8208 completed=49 pending=11
[exp8154] phase=fold_completed_8208 completed=50 pending=10
[exp8154] phase=fold_completed_8208 completed=51 pending=9
[exp8154] phase=fold_completed_8208 completed=52 pending=8
[exp8154] phase=fold_completed_8208 completed=53 pending=7
[exp8154] phase=fold_completed_8208 completed=54 pending=6
[exp8154] phase=fold_completed_8208 completed=55 pending=5
[exp8154] phase=fold_completed_8208 completed=56 pending=4
[exp8154] phase=fold_completed_8208 completed=57 pending=3
[exp8154] phase=fold_completed_8208 completed=58 pending=2
[exp8154] phase=fold_completed_8208 completed=59 pending=1
[exp8154] phase=fold_completed_8208 completed=60 pending=0
[exp8154] phase=after_benchmark_8208_logistic completed=3 pending=0
[exp8154] phase=before_benchmark_temperature_8208_logistic completed=0 pending=0
[exp8154] phase=after_benchmark_temperature_8208_logistic completed=1 pending=0
.[exp8154] phase=before_benchmark_8208_energy completed=0 pending=3
.before private8208 CLI
after private8208 CLI 0
before private8208 CLI
after private8208 CLI 0
before private8208 CLI
after private8208 CLI 1
before private8208 CLI
after private8208 CLI 0
before private8208 CLI
after private8208 CLI 2
before private8208 CLI
after private8208 CLI 2
.[exp8154] phase=before_benchmark_8208_energy completed=0 pending=3
[exp8154] phase=fold_completed_8208 completed=1 pending=59
[exp8154] phase=fold_completed_8208 completed=2 pending=58
[exp8154] phase=fold_completed_8208 completed=3 pending=57
[exp8154] phase=fold_completed_8208 completed=4 pending=56
[exp8154] phase=fold_completed_8208 completed=5 pending=55
[exp8154] phase=fold_completed_8208 completed=6 pending=54
[exp8154] phase=fold_completed_8208 completed=7 pending=53
[exp8154] phase=fold_completed_8208 completed=8 pending=52
[exp8154] phase=fold_completed_8208 completed=9 pending=51
[exp8154] phase=fold_completed_8208 completed=10 pending=50
[exp8154] phase=fold_completed_8208 completed=11 pending=49
[exp8154] phase=fold_completed_8208 completed=12 pending=48
[exp8154] phase=fold_completed_8208 completed=13 pending=47
[exp8154] phase=fold_completed_8208 completed=14 pending=46
[exp8154] phase=fold_completed_8208 completed=15 pending=45
[exp8154] phase=fold_completed_8208 completed=16 pending=44
[exp8154] phase=fold_completed_8208 completed=17 pending=43
[exp8154] phase=fold_completed_8208 completed=18 pending=42
[exp8154] phase=fold_completed_8208 completed=19 pending=41
[exp8154] phase=fold_completed_8208 completed=20 pending=40
[exp8154] phase=after_benchmark_8208_energy completed=1 pending=2
[exp8154] phase=before_benchmark_temperature_8208_energy completed=0 pending=0
[exp8154] phase=before_benchmark_8208_energy completed=0 pending=3
[exp8154] phase=fold_completed_8208 completed=1 pending=59
[exp8154] phase=fold_completed_8208 completed=2 pending=58
[exp8154] phase=fold_completed_8208 completed=3 pending=57
[exp8154] phase=fold_completed_8208 completed=4 pending=56
[exp8154] phase=fold_completed_8208 completed=5 pending=55
[exp8154] phase=fold_completed_8208 completed=6 pending=54
[exp8154] phase=fold_completed_8208 completed=7 pending=53
[exp8154] phase=fold_completed_8208 completed=8 pending=52
[exp8154] phase=fold_completed_8208 completed=9 pending=51
[exp8154] phase=fold_completed_8208 completed=10 pending=50
[exp8154] phase=fold_completed_8208 completed=11 pending=49
[exp8154] phase=fold_completed_8208 completed=12 pending=48
[exp8154] phase=fold_completed_8208 completed=13 pending=47
[exp8154] phase=fold_completed_8208 completed=14 pending=46
[exp8154] phase=fold_completed_8208 completed=15 pending=45
[exp8154] phase=fold_completed_8208 completed=16 pending=44
[exp8154] phase=fold_completed_8208 completed=17 pending=43
[exp8154] phase=fold_completed_8208 completed=18 pending=42
[exp8154] phase=fold_completed_8208 completed=19 pending=41
[exp8154] phase=fold_completed_8208 completed=20 pending=40
[exp8154] phase=after_benchmark_8208_energy completed=1 pending=2
[exp8154] phase=before_benchmark_temperature_8208_energy completed=0 pending=0
[exp8154] phase=after_benchmark_temperature_8208_energy completed=1 pending=0
[exp8154] phase=before_benchmark_8208_additive completed=1 pending=2
[exp8154] phase=fold_completed_8208 completed=21 pending=39
[exp8154] phase=fold_completed_8208 completed=22 pending=38
[exp8154] phase=fold_completed_8208 completed=23 pending=37
[exp8154] phase=fold_completed_8208 completed=24 pending=36
[exp8154] phase=fold_completed_8208 completed=25 pending=35
[exp8154] phase=fold_completed_8208 completed=26 pending=34
[exp8154] phase=fold_completed_8208 completed=27 pending=33
[exp8154] phase=fold_completed_8208 completed=28 pending=32
[exp8154] phase=fold_completed_8208 completed=29 pending=31
[exp8154] phase=fold_completed_8208 completed=30 pending=30
[exp8154] phase=fold_completed_8208 completed=31 pending=29
[exp8154] phase=fold_completed_8208 completed=32 pending=28
[exp8154] phase=fold_completed_8208 completed=33 pending=27
[exp8154] phase=fold_completed_8208 completed=34 pending=26
[exp8154] phase=fold_completed_8208 completed=35 pending=25
[exp8154] phase=fold_completed_8208 completed=36 pending=24
[exp8154] phase=fold_completed_8208 completed=37 pending=23
[exp8154] phase=fold_completed_8208 completed=38 pending=22
[exp8154] phase=fold_completed_8208 completed=39 pending=21
[exp8154] phase=fold_completed_8208 completed=40 pending=20
[exp8154] phase=after_benchmark_8208_additive completed=2 pending=1
[exp8154] phase=before_benchmark_temperature_8208_additive completed=0 pending=0
[exp8154] phase=after_benchmark_temperature_8208_additive completed=1 pending=0
[exp8154] phase=before_benchmark_8208_logistic completed=2 pending=1
[exp8154] phase=fold_completed_8208 completed=41 pending=19
[exp8154] phase=fold_completed_8208 completed=42 pending=18
[exp8154] phase=fold_completed_8208 completed=43 pending=17
[exp8154] phase=fold_completed_8208 completed=44 pending=16
[exp8154] phase=fold_completed_8208 completed=45 pending=15
[exp8154] phase=fold_completed_8208 completed=46 pending=14
[exp8154] phase=fold_completed_8208 completed=47 pending=13
[exp8154] phase=fold_completed_8208 completed=48 pending=12
[exp8154] phase=fold_completed_8208 completed=49 pending=11
[exp8154] phase=fold_completed_8208 completed=50 pending=10
[exp8154] phase=fold_completed_8208 completed=51 pending=9
[exp8154] phase=fold_completed_8208 completed=52 pending=8
[exp8154] phase=fold_completed_8208 completed=53 pending=7
[exp8154] phase=fold_completed_8208 completed=54 pending=6
[exp8154] phase=fold_completed_8208 completed=55 pending=5
[exp8154] phase=fold_completed_8208 completed=56 pending=4
[exp8154] phase=fold_completed_8208 completed=57 pending=3
[exp8154] phase=fold_completed_8208 completed=58 pending=2
[exp8154] phase=fold_completed_8208 completed=59 pending=1
[exp8154] phase=fold_completed_8208 completed=60 pending=0
[exp8154] phase=after_benchmark_8208_logistic completed=3 pending=0
[exp8154] phase=before_benchmark_temperature_8208_logistic completed=0 pending=0
[exp8154] phase=after_benchmark_temperature_8208_logistic completed=1 pending=0
.[exp8208] phase=before_preconditions completed=0 pending=0
[exp8208] phase=after_preconditions completed=192 pending=0
[exp8208] phase=before_benchmark_natural_fit completed=0 pending=0
[exp8208] phase=terminal_operand_or_fit_failure completed=3 pending=0
[exp8208] phase=before_preconditions completed=0 pending=0
[exp8208] phase=terminal_operand_or_fit_failure completed=3 pending=0
[exp8208] phase=before_preconditions completed=0 pending=0
[exp8208] phase=terminal_operand_or_fit_failure completed=3 pending=0
.before private8208 CLI
after private8208 CLI 0
.[exp8208] phase=before_preconditions completed=0 pending=0
[exp8208] phase=terminal_operand_or_fit_failure completed=10 pending=0
.
=============================== warnings summary ===============================
python/carnot/extraction/coace_extractor.py:122
  /home/ianblenke/github.com/ianblenke/carnot/python/carnot/extraction/coace_extractor.py:122: DeprecationWarning: ast.Num is deprecated and will be removed in Python 3.14; use ast.Constant instead
    if hasattr(ast, "Num"):

-- Docs: https://docs.pytest.org/en/stable/how-to/capture-warnings.html
7 passed, 1 warning in 45.63s
