Loading weights:   0%|          | 0/2076 [00:00<?, ?it/s]Loading weights:  94%|█████████▍| 1960/2076 [00:00<00:00, 19595.07it/s]Loading weights: 100%|██████████| 2076/2076 [00:00<00:00, 19635.17it/s]
Traceback (most recent call last):
  File "/home/ianblenke/github.com/ianblenke/carnot/scripts/experiments/verifier_reward_code_lora_rft_3arm.py", line 250, in <module>
    raise SystemExit(main())
                     ^^^^^^
  File "/home/ianblenke/github.com/ianblenke/carnot/scripts/experiments/verifier_reward_code_lora_rft_3arm.py", line 236, in main
    artifact = run(
               ^^^^
  File "/home/ianblenke/github.com/ianblenke/carnot/scripts/experiments/verifier_reward_code_lora_rft_3arm.py", line 173, in run
    "arm_a": _train_lora_sft(
             ^^^^^^^^^^^^^^^^
  File "/home/ianblenke/github.com/ianblenke/carnot/scripts/experiments/verifier_reward_code_lora_rft_3arm.py", line 150, in _train_lora_sft
    loss.backward()
  File "/home/ianblenke/github.com/Carnot-EBM/carnot-ebm/.venv/lib/python3.12/site-packages/torch/_tensor.py", line 631, in backward
    torch.autograd.backward(
  File "/home/ianblenke/github.com/Carnot-EBM/carnot-ebm/.venv/lib/python3.12/site-packages/torch/autograd/__init__.py", line 381, in backward
    _engine_run_backward(
  File "/home/ianblenke/github.com/Carnot-EBM/carnot-ebm/.venv/lib/python3.12/site-packages/torch/autograd/graph.py", line 869, in _engine_run_backward
    return Variable._execution_engine.run_backward(  # Calls into the C++ engine to run the backward pass
           ^^^^^^^^^^^^^^^^^^^^^^^^^^^^^^^^^^^^^^^^^^^^^^^^^^^^^^^^^^^^^^^^^^^^^^^^^^^^^^^^^^^^^^^^^^^^^^
RuntimeError: element 0 of tensors does not require grad and does not have a grad_fn
