[exp8071] phase=start elapsed_s=0.000 completed=0 pending=0
[exp8071] phase=before_model_load elapsed_s=0.046 completed=0 pending=0
[exp8071] phase=after_model_load elapsed_s=7.521 completed=0 pending=0
[exp8059] phase=token_view_seal elapsed_s=7.507 completed=1 pending=7
[exp8059] phase=token_view_seal elapsed_s=7.517 completed=2 pending=6
[exp8059] phase=token_view_seal elapsed_s=7.527 completed=3 pending=5
[exp8059] phase=token_view_seal elapsed_s=7.538 completed=4 pending=4
[exp8059] phase=token_view_seal elapsed_s=7.569 completed=5 pending=3
[exp8059] phase=token_view_seal elapsed_s=7.579 completed=6 pending=2
[exp8059] phase=token_view_seal elapsed_s=7.584 completed=7 pending=1
[exp8059] phase=token_view_seal elapsed_s=7.609 completed=8 pending=0
[exp8071] phase=before_native_forward elapsed_s=7.693 completed=0 pending=0
[exp8022] phase=8033_before_context_create elapsed_s=0.000 completed=0 pending=0
[exp8022] phase=8033_after_context_create elapsed_s=0.034 completed=0 pending=0
[exp8022] phase=8033_before_eval elapsed_s=0.045 completed=0 pending=1011
[exp8022] phase=8033_after_eval elapsed_s=1.606 completed=1011 pending=0
[exp8022] phase=8033_before_context_close elapsed_s=2.101 completed=0 pending=0
[exp8022] phase=8033_after_context_close elapsed_s=2.523 completed=0 pending=0
[exp8071] phase=after_native_forward elapsed_s=10.229 completed=0 pending=0
[exp8071] phase=before_model_cleanup elapsed_s=10.231 completed=0 pending=0
[exp8071] phase=after_model_cleanup elapsed_s=10.477 completed=0 pending=0
