[exp8178] phase=mutation_before completed=0 pending=13
[exp8178] phase=mutation_after completed=1 pending=12
[exp8178] phase=mutation_before completed=1 pending=12
[exp8178] phase=mutation_after completed=2 pending=11
[exp8178] phase=mutation_before completed=2 pending=11
[exp8178] phase=mutation_after completed=3 pending=10
[exp8178] phase=mutation_before completed=3 pending=10
[exp8178] phase=mutation_after completed=4 pending=9
[exp8178] phase=mutation_before completed=4 pending=9
[exp8178] phase=mutation_after completed=5 pending=8
[exp8178] phase=mutation_before completed=5 pending=8
[exp8178] phase=mutation_after completed=6 pending=7
[exp8178] phase=mutation_before completed=6 pending=7
[exp8178] phase=mutation_after completed=7 pending=6
[exp8178] phase=mutation_before completed=7 pending=6
[exp8178] phase=mutation_after completed=8 pending=5
[exp8178] phase=mutation_before completed=8 pending=5
[exp8178] phase=mutation_after completed=9 pending=4
[exp8178] phase=mutation_before completed=9 pending=4
[exp8178] phase=mutation_after completed=10 pending=3
[exp8178] phase=mutation_before completed=10 pending=3
[exp8178] phase=mutation_after completed=11 pending=2
[exp8178] phase=mutation_before completed=11 pending=2
[exp8178] phase=mutation_after completed=12 pending=1
[exp8178] phase=mutation_before completed=12 pending=1
[exp8178] phase=mutation_after completed=13 pending=0
.[exp8178] phase=preconditions_before completed=0 pending=0
[exp8178] phase=preconditions_after completed=5 pending=0
[exp8178] phase=authority_after completed=14 pending=0
[exp8178] phase=historical completed=0 pending=14
[exp8178] phase=historical completed=1 pending=13
[exp8178] phase=historical completed=2 pending=12
[exp8178] phase=historical completed=3 pending=11
[exp8178] phase=historical completed=4 pending=10
[exp8178] phase=historical completed=5 pending=9
[exp8178] phase=historical completed=6 pending=8
[exp8178] phase=historical completed=7 pending=7
[exp8178] phase=historical completed=8 pending=6
[exp8178] phase=historical completed=9 pending=5
[exp8178] phase=historical completed=10 pending=4
[exp8178] phase=historical completed=11 pending=3
[exp8178] phase=historical completed=12 pending=2
[exp8178] phase=historical completed=13 pending=1
[exp8178] phase=historical_hashes completed=0 pending=1
[exp8178] phase=mutation_before completed=0 pending=13
[exp8178] phase=mutation_after completed=1 pending=12
[exp8178] phase=mutation_before completed=1 pending=12
[exp8178] phase=mutation_after completed=2 pending=11
[exp8178] phase=mutation_before completed=2 pending=11
[exp8178] phase=mutation_after completed=3 pending=10
[exp8178] phase=mutation_before completed=3 pending=10
[exp8178] phase=mutation_after completed=4 pending=9
[exp8178] phase=mutation_before completed=4 pending=9
[exp8178] phase=mutation_after completed=5 pending=8
[exp8178] phase=mutation_before completed=5 pending=8
[exp8178] phase=mutation_after completed=6 pending=7
[exp8178] phase=mutation_before completed=6 pending=7
[exp8178] phase=mutation_after completed=7 pending=6
[exp8178] phase=mutation_before completed=7 pending=6
[exp8178] phase=mutation_after completed=8 pending=5
[exp8178] phase=mutation_before completed=8 pending=5
[exp8178] phase=mutation_after completed=9 pending=4
[exp8178] phase=mutation_before completed=9 pending=4
[exp8178] phase=mutation_after completed=10 pending=3
[exp8178] phase=mutation_before completed=10 pending=3
[exp8178] phase=mutation_after completed=11 pending=2
[exp8178] phase=mutation_before completed=11 pending=2
[exp8178] phase=mutation_after completed=12 pending=1
[exp8178] phase=mutation_before completed=12 pending=1
[exp8178] phase=mutation_after completed=13 pending=0
.[exp8178] phase=preconditions_before completed=0 pending=0
[exp8178] phase=preconditions_after completed=5 pending=0
[exp8178] phase=authority_after completed=14 pending=0
[exp8178] phase=historical completed=0 pending=14
[exp8178] phase=historical completed=1 pending=13
[exp8178] phase=historical completed=2 pending=12
[exp8178] phase=historical completed=3 pending=11
[exp8178] phase=historical completed=4 pending=10
[exp8178] phase=historical completed=5 pending=9
[exp8178] phase=historical completed=6 pending=8
[exp8178] phase=historical completed=7 pending=7
[exp8178] phase=historical completed=8 pending=6
[exp8178] phase=historical completed=9 pending=5
[exp8178] phase=historical completed=10 pending=4
[exp8178] phase=historical completed=11 pending=3
[exp8178] phase=historical completed=12 pending=2
[exp8178] phase=historical completed=13 pending=1
[exp8178] phase=historical_hashes completed=0 pending=1
[exp8178] phase=mutation_before completed=0 pending=13
[exp8178] phase=mutation_after completed=1 pending=12
[exp8178] phase=mutation_before completed=1 pending=12
[exp8178] phase=mutation_after completed=2 pending=11
[exp8178] phase=mutation_before completed=2 pending=11
[exp8178] phase=mutation_after completed=3 pending=10
[exp8178] phase=mutation_before completed=3 pending=10
[exp8178] phase=mutation_after completed=4 pending=9
[exp8178] phase=mutation_before completed=4 pending=9
[exp8178] phase=mutation_after completed=5 pending=8
[exp8178] phase=mutation_before completed=5 pending=8
[exp8178] phase=mutation_after completed=6 pending=7
[exp8178] phase=mutation_before completed=6 pending=7
[exp8178] phase=mutation_after completed=7 pending=6
[exp8178] phase=mutation_before completed=7 pending=6
[exp8178] phase=mutation_after completed=8 pending=5
[exp8178] phase=mutation_before completed=8 pending=5
[exp8178] phase=mutation_after completed=9 pending=4
[exp8178] phase=mutation_before completed=9 pending=4
[exp8178] phase=mutation_after completed=10 pending=3
[exp8178] phase=mutation_before completed=10 pending=3
[exp8178] phase=mutation_after completed=11 pending=2
[exp8178] phase=mutation_before completed=11 pending=2
[exp8178] phase=mutation_after completed=12 pending=1
[exp8178] phase=mutation_before completed=12 pending=1
[exp8178] phase=mutation_after completed=13 pending=0
[exp8178] phase=mutation_before completed=0 pending=13
[exp8178] phase=mutation_after completed=1 pending=12
[exp8178] phase=mutation_before completed=1 pending=12
[exp8178] phase=mutation_after completed=2 pending=11
[exp8178] phase=mutation_before completed=2 pending=11
[exp8178] phase=mutation_after completed=3 pending=10
[exp8178] phase=mutation_before completed=3 pending=10
[exp8178] phase=mutation_after completed=4 pending=9
[exp8178] phase=mutation_before completed=4 pending=9
[exp8178] phase=mutation_after completed=5 pending=8
[exp8178] phase=mutation_before completed=5 pending=8
[exp8178] phase=mutation_after completed=6 pending=7
[exp8178] phase=mutation_before completed=6 pending=7
[exp8178] phase=mutation_after completed=7 pending=6
[exp8178] phase=mutation_before completed=7 pending=6
[exp8178] phase=mutation_after completed=8 pending=5
[exp8178] phase=mutation_before completed=8 pending=5
[exp8178] phase=mutation_after completed=9 pending=4
[exp8178] phase=mutation_before completed=9 pending=4
[exp8178] phase=mutation_after completed=10 pending=3
[exp8178] phase=mutation_before completed=10 pending=3
[exp8178] phase=mutation_after completed=11 pending=2
[exp8178] phase=mutation_before completed=11 pending=2
[exp8178] phase=mutation_after completed=12 pending=1
[exp8178] phase=mutation_before completed=12 pending=1
[exp8178] phase=mutation_after completed=13 pending=0
[exp8178] phase=historical completed=0 pending=14
[exp8178] phase=historical completed=1 pending=13
[exp8178] phase=historical completed=2 pending=12
[exp8178] phase=historical completed=3 pending=11
[exp8178] phase=historical completed=4 pending=10
[exp8178] phase=historical completed=5 pending=9
[exp8178] phase=historical completed=6 pending=8
[exp8178] phase=historical completed=7 pending=7
[exp8178] phase=historical completed=8 pending=6
[exp8178] phase=historical completed=9 pending=5
[exp8178] phase=historical completed=10 pending=4
[exp8178] phase=historical completed=11 pending=3
[exp8178] phase=historical completed=12 pending=2
[exp8178] phase=historical completed=13 pending=1
[exp8178] phase=historical_hashes completed=0 pending=1
[exp8178] phase=mutation_before completed=0 pending=13
[exp8178] phase=mutation_after completed=1 pending=12
[exp8178] phase=mutation_before completed=1 pending=12
[exp8178] phase=mutation_after completed=2 pending=11
[exp8178] phase=mutation_before completed=2 pending=11
[exp8178] phase=mutation_after completed=3 pending=10
[exp8178] phase=mutation_before completed=3 pending=10
[exp8178] phase=mutation_after completed=4 pending=9
[exp8178] phase=mutation_before completed=4 pending=9
[exp8178] phase=mutation_after completed=5 pending=8
[exp8178] phase=mutation_before completed=5 pending=8
[exp8178] phase=mutation_after completed=6 pending=7
[exp8178] phase=mutation_before completed=6 pending=7
[exp8178] phase=mutation_after completed=7 pending=6
[exp8178] phase=mutation_before completed=7 pending=6
[exp8178] phase=mutation_after completed=8 pending=5
[exp8178] phase=mutation_before completed=8 pending=5
[exp8178] phase=mutation_after completed=9 pending=4
[exp8178] phase=mutation_before completed=9 pending=4
[exp8178] phase=mutation_after completed=10 pending=3
[exp8178] phase=mutation_before completed=10 pending=3
[exp8178] phase=mutation_after completed=11 pending=2
[exp8178] phase=mutation_before completed=11 pending=2
[exp8178] phase=mutation_after completed=12 pending=1
[exp8178] phase=mutation_before completed=12 pending=1
[exp8178] phase=mutation_after completed=13 pending=0
[exp8178] phase=historical completed=0 pending=14
[exp8178] phase=historical completed=1 pending=13
[exp8178] phase=historical completed=2 pending=12
[exp8178] phase=historical completed=3 pending=11
[exp8178] phase=historical completed=4 pending=10
[exp8178] phase=historical completed=5 pending=9
[exp8178] phase=historical completed=6 pending=8
[exp8178] phase=historical completed=7 pending=7
[exp8178] phase=historical completed=8 pending=6
[exp8178] phase=historical completed=9 pending=5
[exp8178] phase=historical completed=10 pending=4
[exp8178] phase=historical completed=11 pending=3
[exp8178] phase=historical completed=12 pending=2
[exp8178] phase=historical completed=13 pending=1
[exp8178] phase=historical_hashes completed=0 pending=1
[exp8178] phase=mutation_before completed=0 pending=13
[exp8178] phase=mutation_after completed=1 pending=12
[exp8178] phase=mutation_before completed=1 pending=12
[exp8178] phase=mutation_after completed=2 pending=11
[exp8178] phase=mutation_before completed=2 pending=11
[exp8178] phase=mutation_after completed=3 pending=10
[exp8178] phase=mutation_before completed=3 pending=10
[exp8178] phase=mutation_after completed=4 pending=9
[exp8178] phase=mutation_before completed=4 pending=9
[exp8178] phase=mutation_after completed=5 pending=8
[exp8178] phase=mutation_before completed=5 pending=8
[exp8178] phase=mutation_after completed=6 pending=7
[exp8178] phase=mutation_before completed=6 pending=7
[exp8178] phase=mutation_after completed=7 pending=6
[exp8178] phase=mutation_before completed=7 pending=6
[exp8178] phase=mutation_after completed=8 pending=5
[exp8178] phase=mutation_before completed=8 pending=5
[exp8178] phase=mutation_after completed=9 pending=4
[exp8178] phase=mutation_before completed=9 pending=4
[exp8178] phase=mutation_after completed=10 pending=3
[exp8178] phase=mutation_before completed=10 pending=3
[exp8178] phase=mutation_after completed=11 pending=2
[exp8178] phase=mutation_before completed=11 pending=2
[exp8178] phase=mutation_after completed=12 pending=1
[exp8178] phase=mutation_before completed=12 pending=1
[exp8178] phase=mutation_after completed=13 pending=0
[exp8178] phase=historical completed=0 pending=14
[exp8178] phase=historical completed=1 pending=13
[exp8178] phase=historical completed=2 pending=12
[exp8178] phase=historical completed=3 pending=11
[exp8178] phase=historical completed=4 pending=10
[exp8178] phase=historical completed=5 pending=9
[exp8178] phase=historical completed=6 pending=8
[exp8178] phase=historical completed=7 pending=7
[exp8178] phase=historical completed=8 pending=6
[exp8178] phase=historical completed=9 pending=5
[exp8178] phase=historical completed=10 pending=4
[exp8178] phase=historical completed=11 pending=3
[exp8178] phase=historical completed=12 pending=2
[exp8178] phase=historical completed=13 pending=1
[exp8178] phase=historical_hashes completed=0 pending=1
[exp8178] phase=mutation_before completed=0 pending=13
[exp8178] phase=mutation_after completed=1 pending=12
[exp8178] phase=mutation_before completed=1 pending=12
[exp8178] phase=mutation_after completed=2 pending=11
[exp8178] phase=mutation_before completed=2 pending=11
[exp8178] phase=mutation_after completed=3 pending=10
[exp8178] phase=mutation_before completed=3 pending=10
[exp8178] phase=mutation_after completed=4 pending=9
[exp8178] phase=mutation_before completed=4 pending=9
[exp8178] phase=mutation_after completed=5 pending=8
[exp8178] phase=mutation_before completed=5 pending=8
[exp8178] phase=mutation_after completed=6 pending=7
[exp8178] phase=mutation_before completed=6 pending=7
[exp8178] phase=mutation_after completed=7 pending=6
[exp8178] phase=mutation_before completed=7 pending=6
[exp8178] phase=mutation_after completed=8 pending=5
[exp8178] phase=mutation_before completed=8 pending=5
[exp8178] phase=mutation_after completed=9 pending=4
[exp8178] phase=mutation_before completed=9 pending=4
[exp8178] phase=mutation_after completed=10 pending=3
[exp8178] phase=mutation_before completed=10 pending=3
[exp8178] phase=mutation_after completed=11 pending=2
[exp8178] phase=mutation_before completed=11 pending=2
[exp8178] phase=mutation_after completed=12 pending=1
[exp8178] phase=mutation_before completed=12 pending=1
[exp8178] phase=mutation_after completed=13 pending=0
[exp8178] phase=historical completed=0 pending=14
[exp8178] phase=historical completed=1 pending=13
[exp8178] phase=historical completed=2 pending=12
[exp8178] phase=historical completed=3 pending=11
[exp8178] phase=historical completed=4 pending=10
[exp8178] phase=historical completed=5 pending=9
[exp8178] phase=historical completed=6 pending=8
[exp8178] phase=historical completed=7 pending=7
[exp8178] phase=historical completed=8 pending=6
[exp8178] phase=historical completed=9 pending=5
[exp8178] phase=historical completed=10 pending=4
[exp8178] phase=historical completed=11 pending=3
[exp8178] phase=historical completed=12 pending=2
[exp8178] phase=historical completed=13 pending=1
[exp8178] phase=historical_hashes completed=0 pending=1
[exp8178] phase=mutation_before completed=0 pending=13
[exp8178] phase=mutation_after completed=1 pending=12
[exp8178] phase=mutation_before completed=1 pending=12
[exp8178] phase=mutation_after completed=2 pending=11
[exp8178] phase=mutation_before completed=2 pending=11
[exp8178] phase=mutation_after completed=3 pending=10
[exp8178] phase=mutation_before completed=3 pending=10
[exp8178] phase=mutation_after completed=4 pending=9
[exp8178] phase=mutation_before completed=4 pending=9
[exp8178] phase=mutation_after completed=5 pending=8
[exp8178] phase=mutation_before completed=5 pending=8
[exp8178] phase=mutation_after completed=6 pending=7
[exp8178] phase=mutation_before completed=6 pending=7
[exp8178] phase=mutation_after completed=7 pending=6
[exp8178] phase=mutation_before completed=7 pending=6
[exp8178] phase=mutation_after completed=8 pending=5
[exp8178] phase=mutation_before completed=8 pending=5
[exp8178] phase=mutation_after completed=9 pending=4
[exp8178] phase=mutation_before completed=9 pending=4
[exp8178] phase=mutation_after completed=10 pending=3
[exp8178] phase=mutation_before completed=10 pending=3
[exp8178] phase=mutation_after completed=11 pending=2
[exp8178] phase=mutation_before completed=11 pending=2
[exp8178] phase=mutation_after completed=12 pending=1
[exp8178] phase=mutation_before completed=12 pending=1
[exp8178] phase=mutation_after completed=13 pending=0
[exp8178] phase=historical completed=0 pending=14
[exp8178] phase=historical completed=1 pending=13
[exp8178] phase=historical completed=2 pending=12
[exp8178] phase=historical completed=3 pending=11
[exp8178] phase=historical completed=4 pending=10
[exp8178] phase=historical completed=5 pending=9
[exp8178] phase=historical completed=6 pending=8
[exp8178] phase=historical completed=7 pending=7
[exp8178] phase=historical completed=8 pending=6
[exp8178] phase=historical completed=9 pending=5
[exp8178] phase=historical completed=10 pending=4
[exp8178] phase=historical completed=11 pending=3
[exp8178] phase=historical completed=12 pending=2
[exp8178] phase=historical completed=13 pending=1
[exp8178] phase=historical_hashes completed=0 pending=1
[exp8178] phase=mutation_before completed=0 pending=13
[exp8178] phase=mutation_after completed=1 pending=12
[exp8178] phase=mutation_before completed=1 pending=12
[exp8178] phase=mutation_after completed=2 pending=11
[exp8178] phase=mutation_before completed=2 pending=11
[exp8178] phase=mutation_after completed=3 pending=10
[exp8178] phase=mutation_before completed=3 pending=10
[exp8178] phase=mutation_after completed=4 pending=9
[exp8178] phase=mutation_before completed=4 pending=9
[exp8178] phase=mutation_after completed=5 pending=8
[exp8178] phase=mutation_before completed=5 pending=8
[exp8178] phase=mutation_after completed=6 pending=7
[exp8178] phase=mutation_before completed=6 pending=7
[exp8178] phase=mutation_after completed=7 pending=6
[exp8178] phase=mutation_before completed=7 pending=6
[exp8178] phase=mutation_after completed=8 pending=5
[exp8178] phase=mutation_before completed=8 pending=5
[exp8178] phase=mutation_after completed=9 pending=4
[exp8178] phase=mutation_before completed=9 pending=4
[exp8178] phase=mutation_after completed=10 pending=3
[exp8178] phase=mutation_before completed=10 pending=3
[exp8178] phase=mutation_after completed=11 pending=2
[exp8178] phase=mutation_before completed=11 pending=2
[exp8178] phase=mutation_after completed=12 pending=1
[exp8178] phase=mutation_before completed=12 pending=1
[exp8178] phase=mutation_after completed=13 pending=0
[exp8178] phase=historical completed=0 pending=14
[exp8178] phase=historical completed=1 pending=13
[exp8178] phase=historical completed=2 pending=12
[exp8178] phase=historical completed=3 pending=11
[exp8178] phase=historical completed=4 pending=10
[exp8178] phase=historical completed=5 pending=9
[exp8178] phase=historical completed=6 pending=8
[exp8178] phase=historical completed=7 pending=7
[exp8178] phase=historical completed=8 pending=6
[exp8178] phase=historical completed=9 pending=5
[exp8178] phase=historical completed=10 pending=4
[exp8178] phase=historical completed=11 pending=3
[exp8178] phase=historical completed=12 pending=2
[exp8178] phase=historical completed=13 pending=1
[exp8178] phase=historical_hashes completed=0 pending=1
[exp8178] phase=mutation_before completed=0 pending=13
[exp8178] phase=mutation_after completed=1 pending=12
[exp8178] phase=mutation_before completed=1 pending=12
[exp8178] phase=mutation_after completed=2 pending=11
[exp8178] phase=mutation_before completed=2 pending=11
[exp8178] phase=mutation_after completed=3 pending=10
[exp8178] phase=mutation_before completed=3 pending=10
[exp8178] phase=mutation_after completed=4 pending=9
[exp8178] phase=mutation_before completed=4 pending=9
[exp8178] phase=mutation_after completed=5 pending=8
[exp8178] phase=mutation_before completed=5 pending=8
[exp8178] phase=mutation_after completed=6 pending=7
[exp8178] phase=mutation_before completed=6 pending=7
[exp8178] phase=mutation_after completed=7 pending=6
[exp8178] phase=mutation_before completed=7 pending=6
[exp8178] phase=mutation_after completed=8 pending=5
[exp8178] phase=mutation_before completed=8 pending=5
[exp8178] phase=mutation_after completed=9 pending=4
[exp8178] phase=mutation_before completed=9 pending=4
[exp8178] phase=mutation_after completed=10 pending=3
[exp8178] phase=mutation_before completed=10 pending=3
[exp8178] phase=mutation_after completed=11 pending=2
[exp8178] phase=mutation_before completed=11 pending=2
[exp8178] phase=mutation_after completed=12 pending=1
[exp8178] phase=mutation_before completed=12 pending=1
[exp8178] phase=mutation_after completed=13 pending=0
[exp8178] phase=historical completed=0 pending=14
[exp8178] phase=historical completed=1 pending=13
[exp8178] phase=historical completed=2 pending=12
[exp8178] phase=historical completed=3 pending=11
[exp8178] phase=historical completed=4 pending=10
[exp8178] phase=historical completed=5 pending=9
[exp8178] phase=historical completed=6 pending=8
[exp8178] phase=historical completed=7 pending=7
[exp8178] phase=historical completed=8 pending=6
[exp8178] phase=historical completed=9 pending=5
[exp8178] phase=historical completed=10 pending=4
[exp8178] phase=historical completed=11 pending=3
[exp8178] phase=historical completed=12 pending=2
[exp8178] phase=historical completed=13 pending=1
[exp8178] phase=historical_hashes completed=0 pending=1
[exp8178] phase=mutation_before completed=0 pending=13
[exp8178] phase=mutation_after completed=1 pending=12
[exp8178] phase=mutation_before completed=1 pending=12
[exp8178] phase=mutation_after completed=2 pending=11
[exp8178] phase=mutation_before completed=2 pending=11
[exp8178] phase=mutation_after completed=3 pending=10
[exp8178] phase=mutation_before completed=3 pending=10
[exp8178] phase=mutation_after completed=4 pending=9
[exp8178] phase=mutation_before completed=4 pending=9
[exp8178] phase=mutation_after completed=5 pending=8
[exp8178] phase=mutation_before completed=5 pending=8
[exp8178] phase=mutation_after completed=6 pending=7
[exp8178] phase=mutation_before completed=6 pending=7
[exp8178] phase=mutation_after completed=7 pending=6
[exp8178] phase=mutation_before completed=7 pending=6
[exp8178] phase=mutation_after completed=8 pending=5
[exp8178] phase=mutation_before completed=8 pending=5
[exp8178] phase=mutation_after completed=9 pending=4
[exp8178] phase=mutation_before completed=9 pending=4
[exp8178] phase=mutation_after completed=10 pending=3
[exp8178] phase=mutation_before completed=10 pending=3
[exp8178] phase=mutation_after completed=11 pending=2
[exp8178] phase=mutation_before completed=11 pending=2
[exp8178] phase=mutation_after completed=12 pending=1
[exp8178] phase=mutation_before completed=12 pending=1
[exp8178] phase=mutation_after completed=13 pending=0
[exp8178] phase=mutation_before completed=0 pending=13
[exp8178] phase=mutation_after completed=1 pending=12
[exp8178] phase=mutation_before completed=1 pending=12
[exp8178] phase=mutation_after completed=2 pending=11
[exp8178] phase=mutation_before completed=2 pending=11
[exp8178] phase=mutation_after completed=3 pending=10
[exp8178] phase=mutation_before completed=3 pending=10
[exp8178] phase=mutation_after completed=4 pending=9
[exp8178] phase=mutation_before completed=4 pending=9
[exp8178] phase=mutation_after completed=5 pending=8
[exp8178] phase=mutation_before completed=5 pending=8
[exp8178] phase=mutation_after completed=6 pending=7
[exp8178] phase=mutation_before completed=6 pending=7
[exp8178] phase=mutation_after completed=7 pending=6
[exp8178] phase=mutation_before completed=7 pending=6
[exp8178] phase=mutation_after completed=8 pending=5
[exp8178] phase=mutation_before completed=8 pending=5
[exp8178] phase=mutation_after completed=9 pending=4
[exp8178] phase=mutation_before completed=9 pending=4
[exp8178] phase=mutation_after completed=10 pending=3
[exp8178] phase=mutation_before completed=10 pending=3
[exp8178] phase=mutation_after completed=11 pending=2
[exp8178] phase=mutation_before completed=11 pending=2
[exp8178] phase=mutation_after completed=12 pending=1
[exp8178] phase=mutation_before completed=12 pending=1
[exp8178] phase=mutation_after completed=13 pending=0
[exp8178] phase=historical completed=0 pending=14
[exp8178] phase=historical completed=1 pending=13
[exp8178] phase=historical completed=2 pending=12
[exp8178] phase=historical completed=3 pending=11
[exp8178] phase=historical completed=4 pending=10
[exp8178] phase=historical completed=5 pending=9
[exp8178] phase=historical completed=6 pending=8
[exp8178] phase=historical completed=7 pending=7
[exp8178] phase=historical completed=8 pending=6
[exp8178] phase=historical completed=9 pending=5
[exp8178] phase=historical completed=10 pending=4
[exp8178] phase=historical completed=11 pending=3
[exp8178] phase=historical completed=12 pending=2
[exp8178] phase=historical completed=13 pending=1
[exp8178] phase=historical_hashes completed=0 pending=1
.[exp8178] phase=preconditions_before completed=0 pending=0
[exp8178] phase=preconditions_after completed=5 pending=0
[exp8178] phase=authority_after completed=14 pending=0
[exp8178] phase=historical completed=0 pending=14
[exp8178] phase=historical completed=1 pending=13
[exp8178] phase=historical completed=2 pending=12
[exp8178] phase=historical completed=3 pending=11
[exp8178] phase=historical completed=4 pending=10
[exp8178] phase=historical completed=5 pending=9
[exp8178] phase=historical completed=6 pending=8
[exp8178] phase=historical completed=7 pending=7
[exp8178] phase=historical completed=8 pending=6
[exp8178] phase=historical completed=9 pending=5
[exp8178] phase=historical completed=10 pending=4
[exp8178] phase=historical completed=11 pending=3
[exp8178] phase=historical completed=12 pending=2
[exp8178] phase=historical completed=13 pending=1
[exp8178] phase=historical_hashes completed=0 pending=1
[exp8178] phase=mutation_before completed=0 pending=13
[exp8178] phase=mutation_after completed=1 pending=12
[exp8178] phase=mutation_before completed=1 pending=12
[exp8178] phase=mutation_after completed=2 pending=11
[exp8178] phase=mutation_before completed=2 pending=11
[exp8178] phase=mutation_after completed=3 pending=10
[exp8178] phase=mutation_before completed=3 pending=10
[exp8178] phase=mutation_after completed=4 pending=9
[exp8178] phase=mutation_before completed=4 pending=9
[exp8178] phase=mutation_after completed=5 pending=8
[exp8178] phase=mutation_before completed=5 pending=8
[exp8178] phase=mutation_after completed=6 pending=7
[exp8178] phase=mutation_before completed=6 pending=7
[exp8178] phase=mutation_after completed=7 pending=6
[exp8178] phase=mutation_before completed=7 pending=6
[exp8178] phase=mutation_after completed=8 pending=5
[exp8178] phase=mutation_before completed=8 pending=5
[exp8178] phase=mutation_after completed=9 pending=4
[exp8178] phase=mutation_before completed=9 pending=4
[exp8178] phase=mutation_after completed=10 pending=3
[exp8178] phase=mutation_before completed=10 pending=3
[exp8178] phase=mutation_after completed=11 pending=2
[exp8178] phase=mutation_before completed=11 pending=2
[exp8178] phase=mutation_after completed=12 pending=1
[exp8178] phase=mutation_before completed=12 pending=1
[exp8178] phase=mutation_after completed=13 pending=0
[exp8178] phase=historical completed=0 pending=14
[exp8178] phase=historical completed=1 pending=13
[exp8178] phase=historical completed=2 pending=12
[exp8178] phase=historical completed=3 pending=11
[exp8178] phase=historical completed=4 pending=10
[exp8178] phase=historical completed=5 pending=9
[exp8178] phase=historical completed=6 pending=8
[exp8178] phase=historical completed=7 pending=7
[exp8178] phase=historical completed=8 pending=6
[exp8178] phase=historical completed=9 pending=5
[exp8178] phase=historical completed=10 pending=4
[exp8178] phase=historical completed=11 pending=3
[exp8178] phase=historical completed=12 pending=2
[exp8178] phase=historical completed=13 pending=1
[exp8178] phase=historical_hashes completed=0 pending=1
.Exp8178 test subprocess before
Exp8178 test subprocess after exit=0
Exp8178 test subprocess before
Exp8178 test subprocess after exit=0
Exp8178 test subprocess before
Exp8178 test subprocess after exit=0
Exp8178 test subprocess before
Exp8178 test subprocess after exit=0
Exp8178 test subprocess before
Exp8178 test subprocess after exit=1
Exp8178 test subprocess before
Exp8178 test subprocess after exit=2
.[exp8178] phase=preconditions_before completed=0 pending=0
[exp8178] phase=preconditions_after completed=21 pending=0
[exp8178] phase=authority_after completed=14 pending=0
[exp8178] phase=historical completed=0 pending=14
[exp8178] phase=historical completed=1 pending=13
[exp8178] phase=historical completed=2 pending=12
[exp8178] phase=historical completed=3 pending=11
[exp8178] phase=historical completed=4 pending=10
[exp8178] phase=historical completed=5 pending=9
[exp8178] phase=historical completed=6 pending=8
[exp8178] phase=historical completed=7 pending=7
[exp8178] phase=historical completed=8 pending=6
[exp8178] phase=historical completed=9 pending=5
[exp8178] phase=historical completed=10 pending=4
[exp8178] phase=historical completed=11 pending=3
[exp8178] phase=historical completed=12 pending=2
[exp8178] phase=historical completed=13 pending=1
[exp8178] phase=historical_hashes completed=0 pending=1
[exp8178] phase=mutation_before completed=0 pending=13
[exp8178] phase=mutation_after completed=1 pending=12
[exp8178] phase=mutation_before completed=1 pending=12
[exp8178] phase=mutation_after completed=2 pending=11
[exp8178] phase=mutation_before completed=2 pending=11
[exp8178] phase=mutation_after completed=3 pending=10
[exp8178] phase=mutation_before completed=3 pending=10
[exp8178] phase=mutation_after completed=4 pending=9
[exp8178] phase=mutation_before completed=4 pending=9
[exp8178] phase=mutation_after completed=5 pending=8
[exp8178] phase=mutation_before completed=5 pending=8
[exp8178] phase=mutation_after completed=6 pending=7
[exp8178] phase=mutation_before completed=6 pending=7
[exp8178] phase=mutation_after completed=7 pending=6
[exp8178] phase=mutation_before completed=7 pending=6
[exp8178] phase=mutation_after completed=8 pending=5
[exp8178] phase=mutation_before completed=8 pending=5
[exp8178] phase=mutation_after completed=9 pending=4
[exp8178] phase=mutation_before completed=9 pending=4
[exp8178] phase=mutation_after completed=10 pending=3
[exp8178] phase=mutation_before completed=10 pending=3
[exp8178] phase=mutation_after completed=11 pending=2
[exp8178] phase=mutation_before completed=11 pending=2
[exp8178] phase=mutation_after completed=12 pending=1
[exp8178] phase=mutation_before completed=12 pending=1
[exp8178] phase=mutation_after completed=13 pending=0
.[exp8178] phase=historical completed=0 pending=14
[exp8178] phase=historical completed=1 pending=13
[exp8178] phase=historical completed=2 pending=12
[exp8178] phase=historical completed=3 pending=11
[exp8178] phase=historical completed=4 pending=10
[exp8178] phase=historical completed=5 pending=9
[exp8178] phase=historical completed=6 pending=8
[exp8178] phase=historical completed=7 pending=7
[exp8178] phase=historical completed=8 pending=6
[exp8178] phase=historical completed=9 pending=5
[exp8178] phase=historical completed=10 pending=4
[exp8178] phase=historical completed=11 pending=3
[exp8178] phase=historical completed=12 pending=2
[exp8178] phase=historical completed=13 pending=1
[exp8178] phase=historical_hashes completed=0 pending=2
..[exp8083] phase=historical_primary_before completed=0 pending=13
[exp8083] phase=historical_primary_after completed=1 pending=12
[exp8083] phase=historical_primary_before completed=1 pending=12
[exp8083] phase=historical_primary_after completed=2 pending=11
[exp8083] phase=historical_primary_before completed=2 pending=11
[exp8083] phase=historical_primary_after completed=3 pending=10
[exp8083] phase=historical_primary_before completed=3 pending=10
[exp8083] phase=historical_primary_after completed=4 pending=9
[exp8083] phase=historical_primary_before completed=4 pending=9
[exp8083] phase=historical_primary_after completed=5 pending=8
[exp8083] phase=historical_primary_before completed=5 pending=8
[exp8083] phase=historical_primary_after completed=6 pending=7
[exp8083] phase=historical_primary_before completed=6 pending=7
[exp8083] phase=historical_primary_after completed=7 pending=6
[exp8083] phase=historical_primary_before completed=7 pending=6
[exp8083] phase=historical_primary_after completed=8 pending=5
[exp8083] phase=historical_primary_before completed=8 pending=5
[exp8083] phase=historical_primary_after completed=9 pending=4
[exp8083] phase=historical_primary_before completed=9 pending=4
[exp8083] phase=historical_primary_after completed=10 pending=3
[exp8083] phase=historical_primary_before completed=10 pending=3
[exp8083] phase=historical_primary_after completed=11 pending=2
[exp8083] phase=historical_primary_before completed=11 pending=2
[exp8083] phase=historical_primary_after completed=12 pending=1
[exp8083] phase=historical_primary_before completed=12 pending=1
[exp8083] phase=historical_primary_after completed=13 pending=0
.private CLI before argv=('--fixture-output', PosixPath('/tmp/pytest-carnot-ianblenke/20261006T002446-3527225-8d772d4f/test_cli_external_routes_and_f0/results/experiment_8083_v700_contract_custody.json'), '--root', PosixPath('/tmp/pytest-carnot-ianblenke/20261006T002446-3527225-8d772d4f/test_cli_external_routes_and_f0'), '--design', PosixPath('/tmp/pytest-carnot-ianblenke/20261006T002446-3527225-8d772d4f/test_cli_external_routes_and_f0/authority/design.md'), '--staged', PosixPath('/tmp/pytest-carnot-ianblenke/20261006T002446-3527225-8d772d4f/test_cli_external_routes_and_f0/authority/staged.yaml'), '--active', PosixPath('/tmp/pytest-carnot-ianblenke/20261006T002446-3527225-8d772d4f/test_cli_external_routes_and_f0/authority/active.yaml'))
private CLI after exit=0
private CLI before argv=('--cold-replay', PosixPath('/tmp/pytest-carnot-ianblenke/20261006T002446-3527225-8d772d4f/test_cli_external_routes_and_f0/results/experiment_8083_v700_contract_custody.json'))
private CLI after exit=0
private CLI before argv=('--fixture-output', PosixPath('/tmp/pytest-carnot-ianblenke/20261006T002446-3527225-8d772d4f/test_cli_external_routes_and_f0/results/experiment_8083_v700_contract_custody.json'), '--root', PosixPath('/tmp/pytest-carnot-ianblenke/20261006T002446-3527225-8d772d4f/test_cli_external_routes_and_f0'), '--design', PosixPath('/tmp/pytest-carnot-ianblenke/20261006T002446-3527225-8d772d4f/test_cli_external_routes_and_f0/authority/design.md'), '--staged', PosixPath('/tmp/pytest-carnot-ianblenke/20261006T002446-3527225-8d772d4f/test_cli_external_routes_and_f0/authority/staged.yaml'), '--active', PosixPath('/tmp/pytest-carnot-ianblenke/20261006T002446-3527225-8d772d4f/test_cli_external_routes_and_f0/authority/active.yaml'), '--mutate')
private CLI after exit=0
private CLI before argv=('--fixture-output', PosixPath('/tmp/pytest-carnot-ianblenke/20261006T002446-3527225-8d772d4f/test_cli_external_routes_and_f0/results/experiment_8083_v700_contract_custody.json'), '--root', PosixPath('/tmp/pytest-carnot-ianblenke/20261006T002446-3527225-8d772d4f/test_cli_external_routes_and_f0'), '--design', PosixPath('/tmp/pytest-carnot-ianblenke/20261006T002446-3527225-8d772d4f/test_cli_external_routes_and_f0/authority/design.md'), '--staged', PosixPath('/tmp/pytest-carnot-ianblenke/20261006T002446-3527225-8d772d4f/test_cli_external_routes_and_f0/authority/staged.yaml'), '--active', PosixPath('/tmp/pytest-carnot-ianblenke/20261006T002446-3527225-8d772d4f/test_cli_external_routes_and_f0/authority/active.yaml'), '--root', PosixPath('/tmp/pytest-carnot-ianblenke/20261006T002446-3527225-8d772d4f/test_cli_external_routes_and_f0/missing'))
private CLI after exit=0
private CLI before argv=('--cold-replay', PosixPath('/tmp/pytest-carnot-ianblenke/20261006T002446-3527225-8d772d4f/test_cli_external_routes_and_f0/results/experiment_8083_v700_contract_custody.json'))
private CLI after exit=0
private CLI before argv=('--cold-replay', PosixPath('/tmp/pytest-carnot-ianblenke/20261006T002446-3527225-8d772d4f/test_cli_external_routes_and_f0/results/experiment_8083_v700_contract_custody.json'))
private CLI after exit=1
private CLI before argv=('--cold-replay', PosixPath('/tmp/pytest-carnot-ianblenke/20261006T002446-3527225-8d772d4f/test_cli_external_routes_and_f0/results/experiment_8083_v700_contract_custody.json'))
private CLI after exit=1
private CLI before argv=('--cold-replay', PosixPath('/tmp/pytest-carnot-ianblenke/20261006T002446-3527225-8d772d4f/test_cli_external_routes_and_f0/results/experiment_8083_v700_contract_custody.json'))
private CLI after exit=1
private CLI before argv=('--cold-replay', PosixPath('/tmp/pytest-carnot-ianblenke/20261006T002446-3527225-8d772d4f/test_cli_external_routes_and_f0/results/experiment_8083_v700_contract_custody.json'))
private CLI after exit=1
private CLI before argv=('--cold-replay', PosixPath('/tmp/pytest-carnot-ianblenke/20261006T002446-3527225-8d772d4f/test_cli_external_routes_and_f0/results/experiment_8083_v700_contract_custody.json'))
private CLI after exit=1
private CLI before argv=('--cold-replay', PosixPath('/tmp/pytest-carnot-ianblenke/20261006T002446-3527225-8d772d4f/test_cli_external_routes_and_f0/missing'))
private CLI after exit=1
private CLI before argv=('--date', 'wrong')
private CLI after exit=2
.[exp8083] phase=start completed=0 pending=0
[exp8083] phase=before_measurement completed=0 pending=0
[exp8083] phase=preconditions_before completed=0 pending=0
[exp8083] phase=preconditions_after completed=11 pending=0
[exp8083] phase=authority_after completed=14 pending=0
[exp8083] phase=historical_primary_before completed=0 pending=13
[exp8083] phase=historical_primary_after completed=1 pending=12
[exp8083] phase=historical_primary_before completed=1 pending=12
[exp8083] phase=historical_primary_after completed=2 pending=11
[exp8083] phase=historical_primary_before completed=2 pending=11
[exp8083] phase=historical_primary_after completed=3 pending=10
[exp8083] phase=historical_primary_before completed=3 pending=10
[exp8083] phase=historical_primary_after completed=4 pending=9
[exp8083] phase=historical_primary_before completed=4 pending=9
[exp8083] phase=historical_primary_after completed=5 pending=8
[exp8083] phase=historical_primary_before completed=5 pending=8
[exp8083] phase=historical_primary_after completed=6 pending=7
[exp8083] phase=historical_primary_before completed=6 pending=7
[exp8083] phase=historical_primary_after completed=7 pending=6
[exp8083] phase=historical_primary_before completed=7 pending=6
[exp8083] phase=historical_primary_after completed=8 pending=5
[exp8083] phase=historical_primary_before completed=8 pending=5
[exp8083] phase=historical_primary_after completed=9 pending=4
[exp8083] phase=historical_primary_before completed=9 pending=4
[exp8083] phase=historical_primary_after completed=10 pending=3
[exp8083] phase=historical_primary_before completed=10 pending=3
[exp8083] phase=historical_primary_after completed=11 pending=2
[exp8083] phase=historical_primary_before completed=11 pending=2
[exp8083] phase=historical_primary_after completed=12 pending=1
[exp8083] phase=historical_primary_before completed=12 pending=1
[exp8083] phase=historical_primary_after completed=13 pending=0
[exp8083] phase=historical_after completed=13 pending=0
[exp8083] phase=after_measurement completed=0 pending=0
[exp8083] phase=before_focused_E2E018 completed=0 pending=9
[exp8083] phase=after_focused_E2E018 completed=1 pending=8
[exp8083] phase=before_consumer_tests completed=1 pending=8
[exp8083] phase=after_consumer_tests completed=2 pending=7
[exp8083] phase=before_coverage_combine completed=2 pending=7
[exp8083] phase=after_coverage_combine completed=3 pending=6
[exp8083] phase=before_coverage_report completed=3 pending=6
[exp8083] phase=after_coverage_report completed=4 pending=5
[exp8083] phase=before_coverage_json completed=4 pending=5
[exp8083] phase=after_coverage_json completed=5 pending=4
[exp8083] phase=before_ruff_check completed=5 pending=4
[exp8083] phase=after_ruff_check completed=6 pending=3
[exp8083] phase=before_ruff_format completed=6 pending=3
[exp8083] phase=after_ruff_format completed=7 pending=2
[exp8083] phase=before_strict_mypy completed=7 pending=2
[exp8083] phase=after_strict_mypy completed=8 pending=1
[exp8083] phase=before_scoped_spec_coverage completed=8 pending=1
[exp8083] phase=after_scoped_spec_coverage completed=9 pending=0
[exp8083] phase=before_repository_health completed=0 pending=0
[exp8083] phase=after_repository_health completed=0 pending=0
[exp8083] phase=before_publication completed=0 pending=0
[exp8083] phase=before_cold_replay completed=0 pending=0
[exp8083] phase=after_cold_replay completed=0 pending=0
[exp8083] phase=before_adversarial_verify completed=0 pending=0
[exp8083] phase=after_adversarial_verify completed=0 pending=0
[exp8083] phase=before_strict_row_lint completed=0 pending=0
[exp8083] phase=after_strict_row_lint completed=0 pending=0
[exp8083] phase=after_publication completed=14 pending=0
[exp8083] phase=start completed=0 pending=0
[exp8083] phase=replay_passed completed=0 pending=0
[exp8083] phase=start completed=0 pending=0
[exp8083] phase=preconditions_before completed=0 pending=0
[exp8083] phase=preconditions_after completed=23 pending=0
[exp8083] phase=authority_after completed=0 pending=14
[exp8083] phase=historical_after completed=0 pending=13
[exp8083] phase=measurement_normal_exit completed=0 pending=0
.[exp8083] phase=preconditions_before completed=0 pending=0
[exp8083] phase=preconditions_after completed=18 pending=0
[exp8083] phase=authority_after completed=14 pending=0
[exp8083] phase=historical_after completed=0 pending=13
[exp8083] phase=preconditions_before completed=0 pending=0
[exp8083] phase=preconditions_after completed=11 pending=0
[exp8083] phase=authority_after completed=14 pending=0
[exp8083] phase=historical_after completed=0 pending=13
.[exp8083] phase=start completed=0 pending=0
[exp8083] phase=preconditions_before completed=0 pending=0
[exp8083] phase=preconditions_after completed=11 pending=0
[exp8083] phase=authority_after completed=14 pending=0
[exp8083] phase=historical_primary_before completed=0 pending=13
[exp8083] phase=historical_primary_after completed=1 pending=12
[exp8083] phase=historical_primary_before completed=1 pending=12
[exp8083] phase=historical_primary_after completed=2 pending=11
[exp8083] phase=historical_primary_before completed=2 pending=11
[exp8083] phase=historical_primary_after completed=3 pending=10
[exp8083] phase=historical_primary_before completed=3 pending=10
[exp8083] phase=historical_primary_after completed=4 pending=9
[exp8083] phase=historical_primary_before completed=4 pending=9
[exp8083] phase=historical_primary_after completed=5 pending=8
[exp8083] phase=historical_primary_before completed=5 pending=8
[exp8083] phase=historical_primary_after completed=6 pending=7
[exp8083] phase=historical_primary_before completed=6 pending=7
[exp8083] phase=historical_primary_after completed=7 pending=6
[exp8083] phase=historical_primary_before completed=7 pending=6
[exp8083] phase=historical_primary_after completed=8 pending=5
[exp8083] phase=historical_primary_before completed=8 pending=5
[exp8083] phase=historical_primary_after completed=9 pending=4
[exp8083] phase=historical_primary_before completed=9 pending=4
[exp8083] phase=historical_primary_after completed=10 pending=3
[exp8083] phase=historical_primary_before completed=10 pending=3
[exp8083] phase=historical_primary_after completed=11 pending=2
[exp8083] phase=historical_primary_before completed=11 pending=2
[exp8083] phase=historical_primary_after completed=12 pending=1
[exp8083] phase=historical_primary_before completed=12 pending=1
[exp8083] phase=historical_primary_after completed=13 pending=0
[exp8083] phase=historical_after completed=13 pending=0
[exp8083] phase=before_publication completed=0 pending=0
[exp8083] phase=before_cold_replay completed=0 pending=0
[exp8083] phase=after_cold_replay completed=0 pending=0
[exp8083] phase=before_adversarial_verify completed=0 pending=0
[exp8083] phase=after_adversarial_verify completed=0 pending=0
[exp8083] phase=before_strict_row_lint completed=0 pending=0
[exp8083] phase=after_strict_row_lint completed=0 pending=0
[exp8083] phase=after_publication completed=14 pending=0
.[exp8083] phase=historical_primary_before completed=0 pending=13
[exp8083] phase=historical_primary_after completed=1 pending=12
[exp8083] phase=historical_primary_before completed=1 pending=12
[exp8083] phase=historical_primary_after completed=2 pending=11
[exp8083] phase=historical_primary_before completed=2 pending=11
[exp8083] phase=historical_primary_after completed=3 pending=10
[exp8083] phase=historical_primary_before completed=3 pending=10
[exp8083] phase=historical_primary_after completed=4 pending=9
[exp8083] phase=historical_primary_before completed=4 pending=9
[exp8083] phase=historical_primary_after completed=5 pending=8
[exp8083] phase=historical_primary_before completed=5 pending=8
[exp8083] phase=historical_primary_after completed=6 pending=7
[exp8083] phase=historical_primary_before completed=6 pending=7
[exp8083] phase=historical_primary_after completed=7 pending=6
[exp8083] phase=historical_primary_before completed=7 pending=6
[exp8083] phase=historical_primary_after completed=8 pending=5
[exp8083] phase=historical_primary_before completed=8 pending=5
[exp8083] phase=historical_primary_after completed=9 pending=4
[exp8083] phase=historical_primary_before completed=9 pending=4
[exp8083] phase=historical_primary_after completed=10 pending=3
[exp8083] phase=historical_primary_before completed=10 pending=3
[exp8083] phase=historical_primary_after completed=11 pending=2
[exp8083] phase=historical_primary_before completed=11 pending=2
[exp8083] phase=historical_primary_after completed=12 pending=1
[exp8083] phase=historical_primary_before completed=12 pending=1
[exp8083] phase=historical_primary_after completed=13 pending=0
..............[exp7891] phase=startup event=start elapsed_s=95.568 completed_units=0
.[exp7891] phase=deadline_probe event=before_subprocess elapsed_s=95.569 completed_units=0
[exp7891] phase=deadline_probe event=heartbeat elapsed_s=95.670 completed_units=0
[exp7891] phase=deadline_probe event=after_subprocess elapsed_s=95.671 completed_units=1
.[exp7891] phase=preconditions event=start elapsed_s=95.674 completed_units=0
[exp7891] phase=preconditions event=complete elapsed_s=96.103 completed_units=3
[exp7891] phase=preconditions event=start elapsed_s=96.114 completed_units=0
[exp7891] phase=preconditions event=complete elapsed_s=96.543 completed_units=3
[exp7891] phase=preconditions event=start elapsed_s=97.023 completed_units=0
[exp7891] phase=preconditions event=complete elapsed_s=97.601 completed_units=3
.[exp7891] phase=startup event=start elapsed_s=97.614 completed_units=0
[exp7891] phase=publication event=complete elapsed_s=97.614 completed_units=12
.[exp7891] phase=startup event=start elapsed_s=97.616 completed_units=0
[exp7891] phase=cold_replay event=complete elapsed_s=97.616 completed_units=1
[exp7891] phase=startup event=start elapsed_s=97.616 completed_units=0
[exp7891] phase=startup event=start elapsed_s=97.618 completed_units=0
usage: exp7891 [-h] [--date DATE] [--design DESIGN] [--staged STAGED]
               [--active ACTIVE] [--output OUTPUT] [--raw RAW]
               [--cold-replay COLD_REPLAY] [--no-validation]
exp7891: error: run_date must be 20260929
.
32 passed in 104.30s (0:01:44)
