[exp8179] phase=before_input_authentication completed=0 pending=0
[exp8166] phase=before_input_authentication completed=0 pending=0
[exp8166] phase=after_input_authentication completed=320 pending=0
[exp8179] phase=before_transport_preflight completed=0 pending=320
[exp8179] phase=source_preflight completed=8 pending=312
[exp8179] phase=source_preflight completed=16 pending=304
[exp8179] phase=source_preflight completed=24 pending=296
[exp8179] phase=source_preflight completed=32 pending=288
[exp8179] phase=source_preflight completed=40 pending=280
[exp8179] phase=source_preflight completed=48 pending=272
[exp8179] phase=source_preflight completed=56 pending=264
[exp8179] phase=source_preflight completed=64 pending=256
[exp8179] phase=source_preflight completed=72 pending=248
[exp8179] phase=source_preflight completed=80 pending=240
[exp8179] phase=source_preflight completed=88 pending=232
[exp8179] phase=source_preflight completed=96 pending=224
[exp8179] phase=source_preflight completed=104 pending=216
[exp8179] phase=source_preflight completed=112 pending=208
[exp8179] phase=source_preflight completed=120 pending=200
[exp8179] phase=source_preflight completed=128 pending=192
[exp8179] phase=source_preflight completed=136 pending=184
[exp8179] phase=source_preflight completed=144 pending=176
[exp8179] phase=source_preflight completed=152 pending=168
[exp8179] phase=source_preflight completed=160 pending=160
[exp8179] phase=source_preflight completed=168 pending=152
[exp8179] phase=source_preflight completed=176 pending=144
[exp8179] phase=source_preflight completed=184 pending=136
[exp8179] phase=source_preflight completed=192 pending=128
[exp8179] phase=source_preflight completed=200 pending=120
[exp8179] phase=source_preflight completed=208 pending=112
[exp8179] phase=source_preflight completed=216 pending=104
[exp8179] phase=source_preflight completed=224 pending=96
[exp8179] phase=source_preflight completed=232 pending=88
[exp8179] phase=source_preflight completed=240 pending=80
[exp8179] phase=source_preflight completed=248 pending=72
[exp8179] phase=source_preflight completed=256 pending=64
[exp8179] phase=source_preflight completed=264 pending=56
[exp8179] phase=source_preflight completed=272 pending=48
[exp8179] phase=source_preflight completed=280 pending=40
[exp8179] phase=source_preflight completed=288 pending=32
[exp8179] phase=source_preflight completed=296 pending=24
[exp8179] phase=source_preflight completed=304 pending=16
[exp8179] phase=source_preflight completed=312 pending=8
[exp8179] phase=source_preflight completed=320 pending=0
[exp8179] phase=after_transport_preflight completed=320 pending=0
[exp8179] phase=source_preflight completed=8 pending=312
[exp8179] phase=source_preflight completed=16 pending=304
[exp8179] phase=source_preflight completed=24 pending=296
[exp8179] phase=source_preflight completed=32 pending=288
[exp8179] phase=source_preflight completed=40 pending=280
[exp8179] phase=source_preflight completed=48 pending=272
[exp8179] phase=source_preflight completed=56 pending=264
[exp8179] phase=source_preflight completed=64 pending=256
[exp8179] phase=source_preflight completed=72 pending=248
[exp8179] phase=source_preflight completed=80 pending=240
[exp8179] phase=source_preflight completed=88 pending=232
[exp8179] phase=source_preflight completed=96 pending=224
[exp8179] phase=source_preflight completed=104 pending=216
[exp8179] phase=source_preflight completed=112 pending=208
[exp8179] phase=source_preflight completed=120 pending=200
[exp8179] phase=source_preflight completed=128 pending=192
[exp8179] phase=source_preflight completed=136 pending=184
[exp8179] phase=source_preflight completed=144 pending=176
[exp8179] phase=source_preflight completed=152 pending=168
[exp8179] phase=source_preflight completed=160 pending=160
[exp8179] phase=source_preflight completed=168 pending=152
[exp8179] phase=source_preflight completed=176 pending=144
[exp8179] phase=source_preflight completed=184 pending=136
[exp8179] phase=source_preflight completed=192 pending=128
[exp8179] phase=source_preflight completed=200 pending=120
[exp8179] phase=source_preflight completed=208 pending=112
[exp8179] phase=source_preflight completed=216 pending=104
[exp8179] phase=source_preflight completed=224 pending=96
[exp8179] phase=source_preflight completed=232 pending=88
[exp8179] phase=source_preflight completed=240 pending=80
[exp8179] phase=source_preflight completed=248 pending=72
[exp8179] phase=source_preflight completed=256 pending=64
[exp8179] phase=source_preflight completed=264 pending=56
[exp8179] phase=source_preflight completed=272 pending=48
[exp8179] phase=source_preflight completed=280 pending=40
[exp8179] phase=source_preflight completed=288 pending=32
[exp8179] phase=source_preflight completed=296 pending=24
[exp8179] phase=source_preflight completed=304 pending=16
[exp8179] phase=source_preflight completed=312 pending=8
[exp8179] phase=source_preflight completed=320 pending=0
[exp8179] phase=source_preflight completed=8 pending=312
[exp8179] phase=source_preflight completed=16 pending=304
[exp8179] phase=source_preflight completed=24 pending=296
[exp8179] phase=source_preflight completed=32 pending=288
[exp8179] phase=source_preflight completed=40 pending=280
[exp8179] phase=source_preflight completed=48 pending=272
[exp8179] phase=source_preflight completed=56 pending=264
[exp8179] phase=source_preflight completed=64 pending=256
[exp8179] phase=source_preflight completed=72 pending=248
[exp8179] phase=source_preflight completed=80 pending=240
[exp8179] phase=source_preflight completed=88 pending=232
[exp8179] phase=source_preflight completed=96 pending=224
[exp8179] phase=source_preflight completed=104 pending=216
[exp8179] phase=source_preflight completed=112 pending=208
[exp8179] phase=source_preflight completed=120 pending=200
[exp8179] phase=source_preflight completed=128 pending=192
[exp8179] phase=source_preflight completed=136 pending=184
[exp8179] phase=source_preflight completed=144 pending=176
[exp8179] phase=source_preflight completed=152 pending=168
[exp8179] phase=source_preflight completed=160 pending=160
[exp8179] phase=source_preflight completed=168 pending=152
[exp8179] phase=source_preflight completed=176 pending=144
[exp8179] phase=source_preflight completed=184 pending=136
[exp8179] phase=source_preflight completed=192 pending=128
[exp8179] phase=source_preflight completed=200 pending=120
[exp8179] phase=source_preflight completed=208 pending=112
[exp8179] phase=source_preflight completed=216 pending=104
[exp8179] phase=source_preflight completed=224 pending=96
[exp8179] phase=source_preflight completed=232 pending=88
[exp8179] phase=source_preflight completed=240 pending=80
[exp8179] phase=source_preflight completed=248 pending=72
[exp8179] phase=source_preflight completed=256 pending=64
[exp8179] phase=source_preflight completed=264 pending=56
[exp8179] phase=source_preflight completed=272 pending=48
[exp8179] phase=source_preflight completed=280 pending=40
[exp8179] phase=source_preflight completed=288 pending=32
[exp8179] phase=source_preflight completed=296 pending=24
[exp8179] phase=source_preflight completed=304 pending=16
[exp8179] phase=source_preflight completed=312 pending=8
[exp8179] phase=source_preflight completed=320 pending=0
[exp8179] phase=source_preflight completed=8 pending=312
[exp8179] phase=source_preflight completed=16 pending=304
[exp8179] phase=source_preflight completed=24 pending=296
[exp8179] phase=source_preflight completed=32 pending=288
[exp8179] phase=source_preflight completed=40 pending=280
[exp8179] phase=source_preflight completed=48 pending=272
[exp8179] phase=source_preflight completed=56 pending=264
[exp8179] phase=source_preflight completed=64 pending=256
[exp8179] phase=source_preflight completed=72 pending=248
[exp8179] phase=source_preflight completed=80 pending=240
[exp8179] phase=source_preflight completed=88 pending=232
[exp8179] phase=source_preflight completed=96 pending=224
[exp8179] phase=source_preflight completed=104 pending=216
[exp8179] phase=source_preflight completed=112 pending=208
[exp8179] phase=source_preflight completed=120 pending=200
[exp8179] phase=source_preflight completed=128 pending=192
[exp8179] phase=source_preflight completed=136 pending=184
[exp8179] phase=source_preflight completed=144 pending=176
[exp8179] phase=source_preflight completed=152 pending=168
[exp8179] phase=source_preflight completed=160 pending=160
[exp8179] phase=source_preflight completed=168 pending=152
[exp8179] phase=source_preflight completed=176 pending=144
[exp8179] phase=source_preflight completed=184 pending=136
[exp8179] phase=source_preflight completed=192 pending=128
[exp8179] phase=source_preflight completed=200 pending=120
[exp8179] phase=source_preflight completed=208 pending=112
[exp8179] phase=source_preflight completed=216 pending=104
[exp8179] phase=source_preflight completed=224 pending=96
[exp8179] phase=source_preflight completed=232 pending=88
[exp8179] phase=source_preflight completed=240 pending=80
[exp8179] phase=source_preflight completed=248 pending=72
[exp8179] phase=source_preflight completed=256 pending=64
[exp8179] phase=source_preflight completed=264 pending=56
[exp8179] phase=source_preflight completed=272 pending=48
[exp8179] phase=source_preflight completed=280 pending=40
[exp8179] phase=source_preflight completed=288 pending=32
[exp8179] phase=source_preflight completed=296 pending=24
[exp8179] phase=source_preflight completed=304 pending=16
[exp8179] phase=source_preflight completed=312 pending=8
[exp8179] phase=source_preflight completed=320 pending=0
[exp8179] phase=source_preflight completed=8 pending=312
[exp8179] phase=source_preflight completed=16 pending=304
[exp8179] phase=source_preflight completed=24 pending=296
[exp8179] phase=source_preflight completed=32 pending=288
[exp8179] phase=source_preflight completed=40 pending=280
[exp8179] phase=source_preflight completed=48 pending=272
[exp8179] phase=source_preflight completed=56 pending=264
[exp8179] phase=source_preflight completed=64 pending=256
[exp8179] phase=source_preflight completed=72 pending=248
[exp8179] phase=source_preflight completed=80 pending=240
[exp8179] phase=source_preflight completed=88 pending=232
[exp8179] phase=source_preflight completed=96 pending=224
[exp8179] phase=source_preflight completed=104 pending=216
[exp8179] phase=source_preflight completed=112 pending=208
[exp8179] phase=source_preflight completed=120 pending=200
[exp8179] phase=source_preflight completed=128 pending=192
[exp8179] phase=source_preflight completed=136 pending=184
[exp8179] phase=source_preflight completed=144 pending=176
[exp8179] phase=source_preflight completed=152 pending=168
[exp8179] phase=source_preflight completed=160 pending=160
[exp8179] phase=source_preflight completed=168 pending=152
[exp8179] phase=source_preflight completed=176 pending=144
[exp8179] phase=source_preflight completed=184 pending=136
[exp8179] phase=source_preflight completed=192 pending=128
[exp8179] phase=source_preflight completed=200 pending=120
[exp8179] phase=source_preflight completed=208 pending=112
[exp8179] phase=source_preflight completed=216 pending=104
[exp8179] phase=source_preflight completed=224 pending=96
[exp8179] phase=source_preflight completed=232 pending=88
[exp8179] phase=source_preflight completed=240 pending=80
[exp8179] phase=source_preflight completed=248 pending=72
[exp8179] phase=source_preflight completed=256 pending=64
[exp8179] phase=source_preflight completed=264 pending=56
[exp8179] phase=source_preflight completed=272 pending=48
[exp8179] phase=source_preflight completed=280 pending=40
[exp8179] phase=source_preflight completed=288 pending=32
[exp8179] phase=source_preflight completed=296 pending=24
[exp8179] phase=source_preflight completed=304 pending=16
[exp8179] phase=source_preflight completed=312 pending=8
[exp8179] phase=source_preflight completed=320 pending=0
[exp8179] phase=source_preflight completed=8 pending=312
[exp8179] phase=source_preflight completed=16 pending=304
[exp8179] phase=source_preflight completed=24 pending=296
[exp8179] phase=source_preflight completed=32 pending=288
[exp8179] phase=source_preflight completed=40 pending=280
[exp8179] phase=source_preflight completed=48 pending=272
[exp8179] phase=source_preflight completed=56 pending=264
[exp8179] phase=source_preflight completed=64 pending=256
[exp8179] phase=source_preflight completed=72 pending=248
[exp8179] phase=source_preflight completed=80 pending=240
[exp8179] phase=source_preflight completed=88 pending=232
[exp8179] phase=source_preflight completed=96 pending=224
[exp8179] phase=source_preflight completed=104 pending=216
[exp8179] phase=source_preflight completed=112 pending=208
[exp8179] phase=source_preflight completed=120 pending=200
[exp8179] phase=source_preflight completed=128 pending=192
[exp8179] phase=source_preflight completed=136 pending=184
[exp8179] phase=source_preflight completed=144 pending=176
[exp8179] phase=source_preflight completed=152 pending=168
[exp8179] phase=source_preflight completed=160 pending=160
[exp8179] phase=source_preflight completed=168 pending=152
[exp8179] phase=source_preflight completed=176 pending=144
[exp8179] phase=source_preflight completed=184 pending=136
[exp8179] phase=source_preflight completed=192 pending=128
[exp8179] phase=source_preflight completed=200 pending=120
[exp8179] phase=source_preflight completed=208 pending=112
[exp8179] phase=source_preflight completed=216 pending=104
[exp8179] phase=source_preflight completed=224 pending=96
[exp8179] phase=source_preflight completed=232 pending=88
[exp8179] phase=source_preflight completed=240 pending=80
[exp8179] phase=source_preflight completed=248 pending=72
[exp8179] phase=source_preflight completed=256 pending=64
[exp8179] phase=source_preflight completed=264 pending=56
[exp8179] phase=source_preflight completed=272 pending=48
[exp8179] phase=source_preflight completed=280 pending=40
[exp8179] phase=source_preflight completed=288 pending=32
[exp8179] phase=source_preflight completed=296 pending=24
[exp8179] phase=source_preflight completed=304 pending=16
[exp8179] phase=source_preflight completed=312 pending=8
[exp8179] phase=source_preflight completed=320 pending=0
.[exp8179] phase=before_input_authentication completed=0 pending=0
[exp8166] phase=before_input_authentication completed=0 pending=0
[exp8166] phase=after_input_authentication completed=320 pending=0
[exp8179] phase=before_transport_preflight completed=0 pending=320
[exp8179] phase=source_preflight completed=8 pending=312
[exp8179] phase=source_preflight completed=16 pending=304
[exp8179] phase=source_preflight completed=24 pending=296
[exp8179] phase=source_preflight completed=32 pending=288
[exp8179] phase=source_preflight completed=40 pending=280
[exp8179] phase=source_preflight completed=48 pending=272
[exp8179] phase=source_preflight completed=56 pending=264
[exp8179] phase=source_preflight completed=64 pending=256
[exp8179] phase=source_preflight completed=72 pending=248
[exp8179] phase=source_preflight completed=80 pending=240
[exp8179] phase=source_preflight completed=88 pending=232
[exp8179] phase=source_preflight completed=96 pending=224
[exp8179] phase=source_preflight completed=104 pending=216
[exp8179] phase=source_preflight completed=112 pending=208
[exp8179] phase=source_preflight completed=120 pending=200
[exp8179] phase=source_preflight completed=128 pending=192
[exp8179] phase=source_preflight completed=136 pending=184
[exp8179] phase=source_preflight completed=144 pending=176
[exp8179] phase=source_preflight completed=152 pending=168
[exp8179] phase=source_preflight completed=160 pending=160
[exp8179] phase=source_preflight completed=168 pending=152
[exp8179] phase=source_preflight completed=176 pending=144
[exp8179] phase=source_preflight completed=184 pending=136
[exp8179] phase=source_preflight completed=192 pending=128
[exp8179] phase=source_preflight completed=200 pending=120
[exp8179] phase=source_preflight completed=208 pending=112
[exp8179] phase=source_preflight completed=216 pending=104
[exp8179] phase=source_preflight completed=224 pending=96
[exp8179] phase=source_preflight completed=232 pending=88
[exp8179] phase=source_preflight completed=240 pending=80
[exp8179] phase=source_preflight completed=248 pending=72
[exp8179] phase=source_preflight completed=256 pending=64
[exp8179] phase=source_preflight completed=264 pending=56
[exp8179] phase=source_preflight completed=272 pending=48
[exp8179] phase=source_preflight completed=280 pending=40
[exp8179] phase=source_preflight completed=288 pending=32
[exp8179] phase=source_preflight completed=296 pending=24
[exp8179] phase=source_preflight completed=304 pending=16
[exp8179] phase=source_preflight completed=312 pending=8
[exp8179] phase=source_preflight completed=320 pending=0
[exp8179] phase=after_transport_preflight completed=320 pending=0
[exp8179] phase=before_input_authentication completed=0 pending=0
[exp8166] phase=before_input_authentication completed=0 pending=0
[exp8166] phase=after_input_authentication completed=320 pending=0
[exp8179] phase=before_transport_preflight completed=0 pending=320
[exp8179] phase=source_preflight completed=8 pending=312
[exp8179] phase=source_preflight completed=16 pending=304
[exp8179] phase=source_preflight completed=24 pending=296
[exp8179] phase=source_preflight completed=32 pending=288
[exp8179] phase=source_preflight completed=40 pending=280
[exp8179] phase=source_preflight completed=48 pending=272
[exp8179] phase=source_preflight completed=56 pending=264
[exp8179] phase=source_preflight completed=64 pending=256
[exp8179] phase=source_preflight completed=72 pending=248
[exp8179] phase=source_preflight completed=80 pending=240
[exp8179] phase=source_preflight completed=88 pending=232
[exp8179] phase=source_preflight completed=96 pending=224
[exp8179] phase=source_preflight completed=104 pending=216
[exp8179] phase=source_preflight completed=112 pending=208
[exp8179] phase=source_preflight completed=120 pending=200
[exp8179] phase=source_preflight completed=128 pending=192
[exp8179] phase=source_preflight completed=136 pending=184
[exp8179] phase=source_preflight completed=144 pending=176
[exp8179] phase=source_preflight completed=152 pending=168
[exp8179] phase=source_preflight completed=160 pending=160
[exp8179] phase=source_preflight completed=168 pending=152
[exp8179] phase=source_preflight completed=176 pending=144
[exp8179] phase=source_preflight completed=184 pending=136
[exp8179] phase=source_preflight completed=192 pending=128
[exp8179] phase=source_preflight completed=200 pending=120
[exp8179] phase=source_preflight completed=208 pending=112
[exp8179] phase=source_preflight completed=216 pending=104
[exp8179] phase=source_preflight completed=224 pending=96
[exp8179] phase=source_preflight completed=232 pending=88
[exp8179] phase=source_preflight completed=240 pending=80
[exp8179] phase=source_preflight completed=248 pending=72
[exp8179] phase=source_preflight completed=256 pending=64
[exp8179] phase=source_preflight completed=264 pending=56
[exp8179] phase=source_preflight completed=272 pending=48
[exp8179] phase=source_preflight completed=280 pending=40
[exp8179] phase=source_preflight completed=288 pending=32
[exp8179] phase=source_preflight completed=296 pending=24
[exp8179] phase=source_preflight completed=304 pending=16
[exp8179] phase=source_preflight completed=312 pending=8
[exp8179] phase=source_preflight completed=320 pending=0
[exp8179] phase=after_transport_preflight completed=320 pending=0
..[exp8179] phase=before_tokenizer_vocabulary_read completed=0 pending=0
[exp8179] phase=after_tokenizer_vocabulary_read completed=1 pending=0
[exp8179] phase=before_tokenizer_vocabulary_read completed=0 pending=0
[exp8179] phase=after_tokenizer_vocabulary_read_blocked completed=0 pending=0
.[exp8179] phase=before_input_authentication completed=0 pending=0
[exp8166] phase=before_input_authentication completed=0 pending=0
[exp8166] phase=after_input_authentication completed=320 pending=0
[exp8179] phase=before_transport_preflight completed=0 pending=320
[exp8179] phase=source_preflight completed=8 pending=312
[exp8179] phase=source_preflight completed=16 pending=304
[exp8179] phase=source_preflight completed=24 pending=296
[exp8179] phase=source_preflight completed=32 pending=288
[exp8179] phase=source_preflight completed=40 pending=280
[exp8179] phase=source_preflight completed=48 pending=272
[exp8179] phase=source_preflight completed=56 pending=264
[exp8179] phase=source_preflight completed=64 pending=256
[exp8179] phase=source_preflight completed=72 pending=248
[exp8179] phase=source_preflight completed=80 pending=240
[exp8179] phase=source_preflight completed=88 pending=232
[exp8179] phase=source_preflight completed=96 pending=224
[exp8179] phase=source_preflight completed=104 pending=216
[exp8179] phase=source_preflight completed=112 pending=208
[exp8179] phase=source_preflight completed=120 pending=200
[exp8179] phase=source_preflight completed=128 pending=192
[exp8179] phase=source_preflight completed=136 pending=184
[exp8179] phase=source_preflight completed=144 pending=176
[exp8179] phase=source_preflight completed=152 pending=168
[exp8179] phase=source_preflight completed=160 pending=160
[exp8179] phase=source_preflight completed=168 pending=152
[exp8179] phase=source_preflight completed=176 pending=144
[exp8179] phase=source_preflight completed=184 pending=136
[exp8179] phase=source_preflight completed=192 pending=128
[exp8179] phase=source_preflight completed=200 pending=120
[exp8179] phase=source_preflight completed=208 pending=112
[exp8179] phase=source_preflight completed=216 pending=104
[exp8179] phase=source_preflight completed=224 pending=96
[exp8179] phase=source_preflight completed=232 pending=88
[exp8179] phase=source_preflight completed=240 pending=80
[exp8179] phase=source_preflight completed=248 pending=72
[exp8179] phase=source_preflight completed=256 pending=64
[exp8179] phase=source_preflight completed=264 pending=56
[exp8179] phase=source_preflight completed=272 pending=48
[exp8179] phase=source_preflight completed=280 pending=40
[exp8179] phase=source_preflight completed=288 pending=32
[exp8179] phase=source_preflight completed=296 pending=24
[exp8179] phase=source_preflight completed=304 pending=16
[exp8179] phase=source_preflight completed=312 pending=8
[exp8179] phase=source_preflight completed=320 pending=0
[exp8179] phase=after_transport_preflight completed=320 pending=0
[exp8166] phase=before_input_authentication completed=0 pending=0
[exp8166] phase=after_input_authentication completed=320 pending=0
.[exp8179] phase=before_input_authentication completed=0 pending=0
[exp8166] phase=before_input_authentication completed=0 pending=0
[exp8166] phase=after_input_authentication completed=320 pending=0
[exp8179] phase=before_transport_preflight completed=0 pending=320
[exp8179] phase=source_preflight completed=8 pending=312
[exp8179] phase=source_preflight completed=16 pending=304
[exp8179] phase=source_preflight completed=24 pending=296
[exp8179] phase=source_preflight completed=32 pending=288
[exp8179] phase=source_preflight completed=40 pending=280
[exp8179] phase=source_preflight completed=48 pending=272
[exp8179] phase=source_preflight completed=56 pending=264
[exp8179] phase=source_preflight completed=64 pending=256
[exp8179] phase=source_preflight completed=72 pending=248
[exp8179] phase=source_preflight completed=80 pending=240
[exp8179] phase=source_preflight completed=88 pending=232
[exp8179] phase=source_preflight completed=96 pending=224
[exp8179] phase=source_preflight completed=104 pending=216
[exp8179] phase=source_preflight completed=112 pending=208
[exp8179] phase=source_preflight completed=120 pending=200
[exp8179] phase=source_preflight completed=128 pending=192
[exp8179] phase=source_preflight completed=136 pending=184
[exp8179] phase=source_preflight completed=144 pending=176
[exp8179] phase=source_preflight completed=152 pending=168
[exp8179] phase=source_preflight completed=160 pending=160
[exp8179] phase=source_preflight completed=168 pending=152
[exp8179] phase=source_preflight completed=176 pending=144
[exp8179] phase=source_preflight completed=184 pending=136
[exp8179] phase=source_preflight completed=192 pending=128
[exp8179] phase=source_preflight completed=200 pending=120
[exp8179] phase=source_preflight completed=208 pending=112
[exp8179] phase=source_preflight completed=216 pending=104
[exp8179] phase=source_preflight completed=224 pending=96
[exp8179] phase=source_preflight completed=232 pending=88
[exp8179] phase=source_preflight completed=240 pending=80
[exp8179] phase=source_preflight completed=248 pending=72
[exp8179] phase=source_preflight completed=256 pending=64
[exp8179] phase=source_preflight completed=264 pending=56
[exp8179] phase=source_preflight completed=272 pending=48
[exp8179] phase=source_preflight completed=280 pending=40
[exp8179] phase=source_preflight completed=288 pending=32
[exp8179] phase=source_preflight completed=296 pending=24
[exp8179] phase=source_preflight completed=304 pending=16
[exp8179] phase=source_preflight completed=312 pending=8
[exp8179] phase=source_preflight completed=320 pending=0
[exp8179] phase=after_transport_preflight completed=320 pending=0
[exp8179] phase=source_preflight completed=8 pending=312
[exp8179] phase=source_preflight completed=16 pending=304
[exp8179] phase=source_preflight completed=24 pending=296
[exp8179] phase=source_preflight completed=32 pending=288
[exp8179] phase=source_preflight completed=40 pending=280
[exp8179] phase=source_preflight completed=48 pending=272
[exp8179] phase=source_preflight completed=56 pending=264
[exp8179] phase=source_preflight completed=64 pending=256
[exp8179] phase=source_preflight completed=72 pending=248
[exp8179] phase=source_preflight completed=80 pending=240
[exp8179] phase=source_preflight completed=88 pending=232
[exp8179] phase=source_preflight completed=96 pending=224
[exp8179] phase=source_preflight completed=104 pending=216
[exp8179] phase=source_preflight completed=112 pending=208
[exp8179] phase=source_preflight completed=120 pending=200
[exp8179] phase=source_preflight completed=128 pending=192
[exp8179] phase=source_preflight completed=136 pending=184
[exp8179] phase=source_preflight completed=144 pending=176
[exp8179] phase=source_preflight completed=152 pending=168
[exp8179] phase=source_preflight completed=160 pending=160
[exp8179] phase=source_preflight completed=168 pending=152
[exp8179] phase=source_preflight completed=176 pending=144
[exp8179] phase=source_preflight completed=184 pending=136
[exp8179] phase=source_preflight completed=192 pending=128
[exp8179] phase=source_preflight completed=200 pending=120
[exp8179] phase=source_preflight completed=208 pending=112
[exp8179] phase=source_preflight completed=216 pending=104
[exp8179] phase=source_preflight completed=224 pending=96
[exp8179] phase=source_preflight completed=232 pending=88
[exp8179] phase=source_preflight completed=240 pending=80
[exp8179] phase=source_preflight completed=248 pending=72
[exp8179] phase=source_preflight completed=256 pending=64
[exp8179] phase=source_preflight completed=264 pending=56
[exp8179] phase=source_preflight completed=272 pending=48
[exp8179] phase=source_preflight completed=280 pending=40
[exp8179] phase=source_preflight completed=288 pending=32
[exp8179] phase=source_preflight completed=296 pending=24
[exp8179] phase=source_preflight completed=304 pending=16
[exp8179] phase=source_preflight completed=312 pending=8
[exp8179] phase=source_preflight completed=320 pending=0
[exp8179] phase=source_preflight completed=8 pending=312
[exp8179] phase=source_preflight completed=16 pending=304
[exp8179] phase=source_preflight completed=24 pending=296
[exp8179] phase=source_preflight completed=32 pending=288
[exp8179] phase=source_preflight completed=40 pending=280
[exp8179] phase=source_preflight completed=48 pending=272
[exp8179] phase=source_preflight completed=56 pending=264
[exp8179] phase=source_preflight completed=64 pending=256
[exp8179] phase=source_preflight completed=72 pending=248
[exp8179] phase=source_preflight completed=80 pending=240
[exp8179] phase=source_preflight completed=88 pending=232
[exp8179] phase=source_preflight completed=96 pending=224
[exp8179] phase=source_preflight completed=104 pending=216
[exp8179] phase=source_preflight completed=112 pending=208
[exp8179] phase=source_preflight completed=120 pending=200
[exp8179] phase=source_preflight completed=128 pending=192
[exp8179] phase=source_preflight completed=136 pending=184
[exp8179] phase=source_preflight completed=144 pending=176
[exp8179] phase=source_preflight completed=152 pending=168
[exp8179] phase=source_preflight completed=160 pending=160
[exp8179] phase=source_preflight completed=168 pending=152
[exp8179] phase=source_preflight completed=176 pending=144
[exp8179] phase=source_preflight completed=184 pending=136
[exp8179] phase=source_preflight completed=192 pending=128
[exp8179] phase=source_preflight completed=200 pending=120
[exp8179] phase=source_preflight completed=208 pending=112
[exp8179] phase=source_preflight completed=216 pending=104
[exp8179] phase=source_preflight completed=224 pending=96
[exp8179] phase=source_preflight completed=232 pending=88
[exp8179] phase=source_preflight completed=240 pending=80
[exp8179] phase=source_preflight completed=248 pending=72
[exp8179] phase=source_preflight completed=256 pending=64
[exp8179] phase=source_preflight completed=264 pending=56
[exp8179] phase=source_preflight completed=272 pending=48
[exp8179] phase=source_preflight completed=280 pending=40
[exp8179] phase=source_preflight completed=288 pending=32
[exp8179] phase=source_preflight completed=296 pending=24
[exp8179] phase=source_preflight completed=304 pending=16
[exp8179] phase=source_preflight completed=312 pending=8
[exp8179] phase=source_preflight completed=320 pending=0
[exp8179] phase=source_preflight completed=8 pending=312
[exp8179] phase=source_preflight completed=16 pending=304
[exp8179] phase=source_preflight completed=24 pending=296
[exp8179] phase=source_preflight completed=32 pending=288
[exp8179] phase=source_preflight completed=40 pending=280
[exp8179] phase=source_preflight completed=48 pending=272
[exp8179] phase=source_preflight completed=56 pending=264
[exp8179] phase=source_preflight completed=64 pending=256
[exp8179] phase=source_preflight completed=72 pending=248
[exp8179] phase=source_preflight completed=80 pending=240
[exp8179] phase=source_preflight completed=88 pending=232
[exp8179] phase=source_preflight completed=96 pending=224
[exp8179] phase=source_preflight completed=104 pending=216
[exp8179] phase=source_preflight completed=112 pending=208
[exp8179] phase=source_preflight completed=120 pending=200
[exp8179] phase=source_preflight completed=128 pending=192
[exp8179] phase=source_preflight completed=136 pending=184
[exp8179] phase=source_preflight completed=144 pending=176
[exp8179] phase=source_preflight completed=152 pending=168
[exp8179] phase=source_preflight completed=160 pending=160
[exp8179] phase=source_preflight completed=168 pending=152
[exp8179] phase=source_preflight completed=176 pending=144
[exp8179] phase=source_preflight completed=184 pending=136
[exp8179] phase=source_preflight completed=192 pending=128
[exp8179] phase=source_preflight completed=200 pending=120
[exp8179] phase=source_preflight completed=208 pending=112
[exp8179] phase=source_preflight completed=216 pending=104
[exp8179] phase=source_preflight completed=224 pending=96
[exp8179] phase=source_preflight completed=232 pending=88
[exp8179] phase=source_preflight completed=240 pending=80
[exp8179] phase=source_preflight completed=248 pending=72
[exp8179] phase=source_preflight completed=256 pending=64
[exp8179] phase=source_preflight completed=264 pending=56
[exp8179] phase=source_preflight completed=272 pending=48
[exp8179] phase=source_preflight completed=280 pending=40
[exp8179] phase=source_preflight completed=288 pending=32
[exp8179] phase=source_preflight completed=296 pending=24
[exp8179] phase=source_preflight completed=304 pending=16
[exp8179] phase=source_preflight completed=312 pending=8
[exp8179] phase=source_preflight completed=320 pending=0
..[exp8179] phase=before_input_authentication completed=0 pending=0
[exp8166] phase=before_input_authentication completed=0 pending=0
[exp8166] phase=after_input_authentication completed=0 pending=320
[exp8179] phase=before_transport_preflight completed=0 pending=0
[exp8179] phase=after_transport_preflight completed=0 pending=320
.[exp8166] phase=before_input_authentication completed=0 pending=0
[exp8166] phase=after_input_authentication completed=320 pending=0
.[exp8179] phase=before_tokenizer_vocabulary_read completed=0 pending=0
[exp8179] phase=after_tokenizer_vocabulary_read_blocked completed=0 pending=0
.[exp8179] phase=before_tokenizer_vocabulary_read completed=0 pending=0
[exp8179] phase=after_tokenizer_vocabulary_read completed=1 pending=0
.....
15 passed in 22.63s
