[exp8248] phase=start completed=0 pending=14
[exp8179] phase=before_tokenizer_vocabulary_read completed=0 pending=0
[exp8179] phase=after_tokenizer_vocabulary_read completed=1 pending=0
[exp8248] phase=views_frozen completed=1 pending=319
[exp8248] phase=views_frozen completed=2 pending=318
[exp8248] phase=views_frozen completed=3 pending=317
[exp8248] phase=views_frozen completed=4 pending=316
[exp8248] phase=views_frozen completed=5 pending=315
[exp8248] phase=views_frozen completed=6 pending=314
[exp8248] phase=views_frozen completed=7 pending=313
[exp8248] phase=views_frozen completed=8 pending=312
[exp8248] phase=views_frozen completed=9 pending=311
[exp8248] phase=views_frozen completed=10 pending=310
[exp8248] phase=views_frozen completed=11 pending=309
[exp8248] phase=views_frozen completed=12 pending=308
[exp8248] phase=views_frozen completed=13 pending=307
[exp8248] phase=views_frozen completed=14 pending=306
[exp8248] phase=views_frozen completed=15 pending=305
[exp8248] phase=views_frozen completed=16 pending=304
[exp8248] phase=views_frozen completed=17 pending=303
[exp8248] phase=views_frozen completed=18 pending=302
[exp8248] phase=views_frozen completed=19 pending=301
[exp8248] phase=views_frozen completed=20 pending=300
[exp8248] phase=views_frozen completed=21 pending=299
[exp8248] phase=views_frozen completed=22 pending=298
[exp8248] phase=views_frozen completed=23 pending=297
[exp8248] phase=views_frozen completed=24 pending=296
[exp8248] phase=views_frozen completed=25 pending=295
[exp8248] phase=views_frozen completed=26 pending=294
[exp8248] phase=views_frozen completed=27 pending=293
[exp8248] phase=views_frozen completed=28 pending=292
[exp8248] phase=views_frozen completed=29 pending=291
[exp8248] phase=views_frozen completed=30 pending=290
[exp8248] phase=views_frozen completed=31 pending=289
[exp8248] phase=views_frozen completed=32 pending=288
[exp8248] phase=views_frozen completed=33 pending=287
[exp8248] phase=views_frozen completed=34 pending=286
[exp8248] phase=views_frozen completed=35 pending=285
[exp8248] phase=views_frozen completed=36 pending=284
[exp8248] phase=views_frozen completed=37 pending=283
[exp8248] phase=views_frozen completed=38 pending=282
[exp8248] phase=views_frozen completed=39 pending=281
[exp8248] phase=views_frozen completed=40 pending=280
[exp8248] phase=views_frozen completed=41 pending=279
[exp8248] phase=views_frozen completed=42 pending=278
[exp8248] phase=views_frozen completed=43 pending=277
[exp8248] phase=views_frozen completed=44 pending=276
[exp8248] phase=views_frozen completed=45 pending=275
[exp8248] phase=views_frozen completed=46 pending=274
[exp8248] phase=views_frozen completed=47 pending=273
[exp8248] phase=views_frozen completed=48 pending=272
[exp8248] phase=views_frozen completed=49 pending=271
[exp8248] phase=views_frozen completed=50 pending=270
[exp8248] phase=views_frozen completed=51 pending=269
[exp8248] phase=views_frozen completed=52 pending=268
[exp8248] phase=views_frozen completed=53 pending=267
[exp8248] phase=views_frozen completed=54 pending=266
[exp8248] phase=views_frozen completed=55 pending=265
[exp8248] phase=views_frozen completed=56 pending=264
[exp8248] phase=views_frozen completed=57 pending=263
[exp8248] phase=views_frozen completed=58 pending=262
[exp8248] phase=views_frozen completed=59 pending=261
[exp8248] phase=views_frozen completed=60 pending=260
[exp8248] phase=views_frozen completed=61 pending=259
[exp8248] phase=views_frozen completed=62 pending=258
[exp8248] phase=views_frozen completed=63 pending=257
[exp8248] phase=views_frozen completed=64 pending=256
[exp8248] phase=views_frozen completed=65 pending=255
[exp8248] phase=views_frozen completed=66 pending=254
[exp8248] phase=views_frozen completed=67 pending=253
[exp8248] phase=views_frozen completed=68 pending=252
[exp8248] phase=views_frozen completed=69 pending=251
[exp8248] phase=views_frozen completed=70 pending=250
[exp8248] phase=views_frozen completed=71 pending=249
[exp8248] phase=views_frozen completed=72 pending=248
[exp8248] phase=views_frozen completed=73 pending=247
[exp8248] phase=views_frozen completed=74 pending=246
[exp8248] phase=views_frozen completed=75 pending=245
[exp8248] phase=views_frozen completed=76 pending=244
[exp8248] phase=views_frozen completed=77 pending=243
[exp8248] phase=views_frozen completed=78 pending=242
[exp8248] phase=views_frozen completed=79 pending=241
[exp8248] phase=views_frozen completed=80 pending=240
[exp8248] phase=views_frozen completed=81 pending=239
[exp8248] phase=views_frozen completed=82 pending=238
[exp8248] phase=views_frozen completed=83 pending=237
[exp8248] phase=views_frozen completed=84 pending=236
[exp8248] phase=views_frozen completed=85 pending=235
[exp8248] phase=views_frozen completed=86 pending=234
[exp8248] phase=views_frozen completed=87 pending=233
[exp8248] phase=views_frozen completed=88 pending=232
[exp8248] phase=views_frozen completed=89 pending=231
[exp8248] phase=views_frozen completed=90 pending=230
[exp8248] phase=views_frozen completed=91 pending=229
[exp8248] phase=views_frozen completed=92 pending=228
[exp8248] phase=views_frozen completed=93 pending=227
[exp8248] phase=views_frozen completed=94 pending=226
[exp8248] phase=views_frozen completed=95 pending=225
[exp8248] phase=views_frozen completed=96 pending=224
[exp8248] phase=views_frozen completed=97 pending=223
[exp8248] phase=views_frozen completed=98 pending=222
[exp8248] phase=views_frozen completed=99 pending=221
[exp8248] phase=views_frozen completed=100 pending=220
[exp8248] phase=views_frozen completed=101 pending=219
[exp8248] phase=views_frozen completed=102 pending=218
[exp8248] phase=views_frozen completed=103 pending=217
[exp8248] phase=views_frozen completed=104 pending=216
[exp8248] phase=views_frozen completed=105 pending=215
[exp8248] phase=views_frozen completed=106 pending=214
[exp8248] phase=views_frozen completed=107 pending=213
[exp8248] phase=views_frozen completed=108 pending=212
[exp8248] phase=views_frozen completed=109 pending=211
[exp8248] phase=views_frozen completed=110 pending=210
[exp8248] phase=views_frozen completed=111 pending=209
[exp8248] phase=views_frozen completed=112 pending=208
[exp8248] phase=views_frozen completed=113 pending=207
[exp8248] phase=views_frozen completed=114 pending=206
[exp8248] phase=views_frozen completed=115 pending=205
[exp8248] phase=views_frozen completed=116 pending=204
[exp8248] phase=views_frozen completed=117 pending=203
[exp8248] phase=views_frozen completed=118 pending=202
[exp8248] phase=views_frozen completed=119 pending=201
[exp8248] phase=views_frozen completed=120 pending=200
[exp8248] phase=views_frozen completed=121 pending=199
[exp8248] phase=views_frozen completed=122 pending=198
[exp8248] phase=views_frozen completed=123 pending=197
[exp8248] phase=views_frozen completed=124 pending=196
[exp8248] phase=views_frozen completed=125 pending=195
[exp8248] phase=views_frozen completed=126 pending=194
[exp8248] phase=views_frozen completed=127 pending=193
[exp8248] phase=views_frozen completed=128 pending=192
[exp8248] phase=views_frozen completed=129 pending=191
[exp8248] phase=views_frozen completed=130 pending=190
[exp8248] phase=views_frozen completed=131 pending=189
[exp8248] phase=views_frozen completed=132 pending=188
[exp8248] phase=views_frozen completed=133 pending=187
[exp8248] phase=views_frozen completed=134 pending=186
[exp8248] phase=views_frozen completed=135 pending=185
[exp8248] phase=views_frozen completed=136 pending=184
[exp8248] phase=views_frozen completed=137 pending=183
[exp8248] phase=views_frozen completed=138 pending=182
[exp8248] phase=views_frozen completed=139 pending=181
[exp8248] phase=views_frozen completed=140 pending=180
[exp8248] phase=views_frozen completed=141 pending=179
[exp8248] phase=views_frozen completed=142 pending=178
[exp8248] phase=views_frozen completed=143 pending=177
[exp8248] phase=views_frozen completed=144 pending=176
[exp8248] phase=views_frozen completed=145 pending=175
[exp8248] phase=views_frozen completed=146 pending=174
[exp8248] phase=views_frozen completed=147 pending=173
[exp8248] phase=views_frozen completed=148 pending=172
[exp8248] phase=views_frozen completed=149 pending=171
[exp8248] phase=views_frozen completed=150 pending=170
[exp8248] phase=views_frozen completed=151 pending=169
[exp8248] phase=views_frozen completed=152 pending=168
[exp8248] phase=views_frozen completed=153 pending=167
[exp8248] phase=views_frozen completed=154 pending=166
[exp8248] phase=views_frozen completed=155 pending=165
[exp8248] phase=views_frozen completed=156 pending=164
[exp8248] phase=views_frozen completed=157 pending=163
[exp8248] phase=views_frozen completed=158 pending=162
[exp8248] phase=views_frozen completed=159 pending=161
[exp8248] phase=views_frozen completed=160 pending=160
[exp8248] phase=views_frozen completed=161 pending=159
[exp8248] phase=views_frozen completed=162 pending=158
[exp8248] phase=views_frozen completed=163 pending=157
[exp8248] phase=views_frozen completed=164 pending=156
[exp8248] phase=views_frozen completed=165 pending=155
[exp8248] phase=views_frozen completed=166 pending=154
[exp8248] phase=views_frozen completed=167 pending=153
[exp8248] phase=views_frozen completed=168 pending=152
[exp8248] phase=views_frozen completed=169 pending=151
[exp8248] phase=views_frozen completed=170 pending=150
[exp8248] phase=views_frozen completed=171 pending=149
[exp8248] phase=views_frozen completed=172 pending=148
[exp8248] phase=views_frozen completed=173 pending=147
[exp8248] phase=views_frozen completed=174 pending=146
[exp8248] phase=views_frozen completed=175 pending=145
[exp8248] phase=views_frozen completed=176 pending=144
[exp8248] phase=views_frozen completed=177 pending=143
[exp8248] phase=views_frozen completed=178 pending=142
[exp8248] phase=views_frozen completed=179 pending=141
[exp8248] phase=views_frozen completed=180 pending=140
[exp8248] phase=views_frozen completed=181 pending=139
[exp8248] phase=views_frozen completed=182 pending=138
[exp8248] phase=views_frozen completed=183 pending=137
[exp8248] phase=views_frozen completed=184 pending=136
[exp8248] phase=views_frozen completed=185 pending=135
[exp8248] phase=views_frozen completed=186 pending=134
[exp8248] phase=views_frozen completed=187 pending=133
[exp8248] phase=views_frozen completed=188 pending=132
[exp8248] phase=views_frozen completed=189 pending=131
[exp8248] phase=views_frozen completed=190 pending=130
[exp8248] phase=views_frozen completed=191 pending=129
[exp8248] phase=views_frozen completed=192 pending=128
[exp8248] phase=views_frozen completed=193 pending=127
[exp8248] phase=views_frozen completed=194 pending=126
[exp8248] phase=views_frozen completed=195 pending=125
[exp8248] phase=views_frozen completed=196 pending=124
[exp8248] phase=views_frozen completed=197 pending=123
[exp8248] phase=views_frozen completed=198 pending=122
[exp8248] phase=views_frozen completed=199 pending=121
[exp8248] phase=views_frozen completed=200 pending=120
[exp8248] phase=views_frozen completed=201 pending=119
[exp8248] phase=views_frozen completed=202 pending=118
[exp8248] phase=views_frozen completed=203 pending=117
[exp8248] phase=views_frozen completed=204 pending=116
[exp8248] phase=views_frozen completed=205 pending=115
[exp8248] phase=views_frozen completed=206 pending=114
[exp8248] phase=views_frozen completed=207 pending=113
[exp8248] phase=views_frozen completed=208 pending=112
[exp8248] phase=views_frozen completed=209 pending=111
[exp8248] phase=views_frozen completed=210 pending=110
[exp8248] phase=views_frozen completed=211 pending=109
[exp8248] phase=views_frozen completed=212 pending=108
[exp8248] phase=views_frozen completed=213 pending=107
[exp8248] phase=views_frozen completed=214 pending=106
[exp8248] phase=views_frozen completed=215 pending=105
[exp8248] phase=views_frozen completed=216 pending=104
[exp8248] phase=views_frozen completed=217 pending=103
[exp8248] phase=views_frozen completed=218 pending=102
[exp8248] phase=views_frozen completed=219 pending=101
[exp8248] phase=views_frozen completed=220 pending=100
[exp8248] phase=views_frozen completed=221 pending=99
[exp8248] phase=views_frozen completed=222 pending=98
[exp8248] phase=views_frozen completed=223 pending=97
[exp8248] phase=views_frozen completed=224 pending=96
[exp8248] phase=views_frozen completed=225 pending=95
[exp8248] phase=views_frozen completed=226 pending=94
[exp8248] phase=views_frozen completed=227 pending=93
[exp8248] phase=views_frozen completed=228 pending=92
[exp8248] phase=views_frozen completed=229 pending=91
[exp8248] phase=views_frozen completed=230 pending=90
[exp8248] phase=views_frozen completed=231 pending=89
[exp8248] phase=views_frozen completed=232 pending=88
[exp8248] phase=views_frozen completed=233 pending=87
[exp8248] phase=views_frozen completed=234 pending=86
[exp8248] phase=views_frozen completed=235 pending=85
[exp8248] phase=views_frozen completed=236 pending=84
[exp8248] phase=views_frozen completed=237 pending=83
[exp8248] phase=views_frozen completed=238 pending=82
[exp8248] phase=views_frozen completed=239 pending=81
[exp8248] phase=views_frozen completed=240 pending=80
[exp8248] phase=views_frozen completed=241 pending=79
[exp8248] phase=views_frozen completed=242 pending=78
[exp8248] phase=views_frozen completed=243 pending=77
[exp8248] phase=views_frozen completed=244 pending=76
[exp8248] phase=views_frozen completed=245 pending=75
[exp8248] phase=views_frozen completed=246 pending=74
[exp8248] phase=views_frozen completed=247 pending=73
[exp8248] phase=views_frozen completed=248 pending=72
[exp8248] phase=views_frozen completed=249 pending=71
[exp8248] phase=views_frozen completed=250 pending=70
[exp8248] phase=views_frozen completed=251 pending=69
[exp8248] phase=views_frozen completed=252 pending=68
[exp8248] phase=views_frozen completed=253 pending=67
[exp8248] phase=views_frozen completed=254 pending=66
[exp8248] phase=views_frozen completed=255 pending=65
[exp8248] phase=views_frozen completed=256 pending=64
[exp8248] phase=views_frozen completed=257 pending=63
[exp8248] phase=views_frozen completed=258 pending=62
[exp8248] phase=views_frozen completed=259 pending=61
[exp8248] phase=views_frozen completed=260 pending=60
[exp8248] phase=views_frozen completed=261 pending=59
[exp8248] phase=views_frozen completed=262 pending=58
[exp8248] phase=views_frozen completed=263 pending=57
[exp8248] phase=views_frozen completed=264 pending=56
[exp8248] phase=views_frozen completed=265 pending=55
[exp8248] phase=views_frozen completed=266 pending=54
[exp8248] phase=views_frozen completed=267 pending=53
[exp8248] phase=views_frozen completed=268 pending=52
[exp8248] phase=views_frozen completed=269 pending=51
[exp8248] phase=views_frozen completed=270 pending=50
[exp8248] phase=views_frozen completed=271 pending=49
[exp8248] phase=views_frozen completed=272 pending=48
[exp8248] phase=views_frozen completed=273 pending=47
[exp8248] phase=views_frozen completed=274 pending=46
[exp8248] phase=views_frozen completed=275 pending=45
[exp8248] phase=views_frozen completed=276 pending=44
[exp8248] phase=views_frozen completed=277 pending=43
[exp8248] phase=views_frozen completed=278 pending=42
[exp8248] phase=views_frozen completed=279 pending=41
[exp8248] phase=views_frozen completed=280 pending=40
[exp8248] phase=views_frozen completed=281 pending=39
[exp8248] phase=views_frozen completed=282 pending=38
[exp8248] phase=views_frozen completed=283 pending=37
[exp8248] phase=views_frozen completed=284 pending=36
[exp8248] phase=views_frozen completed=285 pending=35
[exp8248] phase=views_frozen completed=286 pending=34
[exp8248] phase=views_frozen completed=287 pending=33
[exp8248] phase=views_frozen completed=288 pending=32
[exp8248] phase=views_frozen completed=289 pending=31
[exp8248] phase=views_frozen completed=290 pending=30
[exp8248] phase=views_frozen completed=291 pending=29
[exp8248] phase=views_frozen completed=292 pending=28
[exp8248] phase=views_frozen completed=293 pending=27
[exp8248] phase=views_frozen completed=294 pending=26
[exp8248] phase=views_frozen completed=295 pending=25
[exp8248] phase=views_frozen completed=296 pending=24
[exp8248] phase=views_frozen completed=297 pending=23
[exp8248] phase=views_frozen completed=298 pending=22
[exp8248] phase=views_frozen completed=299 pending=21
[exp8248] phase=views_frozen completed=300 pending=20
[exp8248] phase=views_frozen completed=301 pending=19
[exp8248] phase=views_frozen completed=302 pending=18
[exp8248] phase=views_frozen completed=303 pending=17
[exp8248] phase=views_frozen completed=304 pending=16
[exp8248] phase=views_frozen completed=305 pending=15
[exp8248] phase=views_frozen completed=306 pending=14
[exp8248] phase=views_frozen completed=307 pending=13
[exp8248] phase=views_frozen completed=308 pending=12
[exp8248] phase=views_frozen completed=309 pending=11
[exp8248] phase=views_frozen completed=310 pending=10
[exp8248] phase=views_frozen completed=311 pending=9
[exp8248] phase=views_frozen completed=312 pending=8
[exp8248] phase=views_frozen completed=313 pending=7
[exp8248] phase=views_frozen completed=314 pending=6
[exp8248] phase=views_frozen completed=315 pending=5
[exp8248] phase=views_frozen completed=316 pending=4
[exp8248] phase=views_frozen completed=317 pending=3
[exp8248] phase=views_frozen completed=318 pending=2
[exp8248] phase=views_frozen completed=319 pending=1
[exp8248] phase=views_frozen completed=320 pending=0
{"passed": true, "rows_checksum": "sha256:b07f778d10fd76d74c116a93fdae6d8faa9bcd38ff5eb8f0b3b1a8aeeb0df414"}
