[exp8345] phase=start completed=0 pending=0
[exp8345] phase=historical_before completed=0 pending=0
[exp8331] phase=measurement_before completed=0 pending=14
[exp8331] phase=input_before completed=0 pending=13
[exp8331] phase=input_after completed=1 pending=12
[exp8331] phase=input_before completed=1 pending=12
[exp8331] phase=input_after completed=2 pending=11
[exp8331] phase=input_before completed=2 pending=11
[exp8331] phase=input_after completed=3 pending=10
[exp8331] phase=input_before completed=3 pending=10
[exp8331] phase=input_after completed=4 pending=9
[exp8331] phase=input_before completed=4 pending=9
[exp8331] phase=input_after completed=5 pending=8
[exp8331] phase=input_before completed=5 pending=8
[exp8331] phase=input_after completed=6 pending=7
[exp8331] phase=input_before completed=6 pending=7
[exp8331] phase=input_after completed=7 pending=6
[exp8331] phase=input_before completed=7 pending=6
[exp8331] phase=input_after completed=8 pending=5
[exp8331] phase=input_before completed=8 pending=5
[exp8331] phase=input_after completed=9 pending=4
[exp8331] phase=input_before completed=9 pending=4
[exp8331] phase=input_after completed=10 pending=3
[exp8331] phase=input_before completed=10 pending=3
[exp8331] phase=input_after completed=11 pending=2
[exp8331] phase=input_before completed=11 pending=2
[exp8331] phase=input_after completed=12 pending=1
[exp8331] phase=input_before completed=12 pending=1
[exp8331] phase=input_after completed=13 pending=0
[exp8205] phase=validation completed=0 pending=4
[exp8205] phase=before_subprocess_branch_8318_replay completed=0 pending=1
[exp8205] phase=after_subprocess_branch_8318_replay completed=1 pending=0
[exp8205] phase=validation completed=1 pending=3
[exp8205] phase=before_subprocess_branch_8328_replay completed=0 pending=1
[exp8205] phase=after_subprocess_branch_8328_replay completed=1 pending=0
[exp8205] phase=validation completed=2 pending=2
[exp8205] phase=before_subprocess_branch_8329_replay completed=0 pending=1
[exp8205] phase=after_subprocess_branch_8329_replay completed=1 pending=0
[exp8205] phase=validation completed=3 pending=1
[exp8205] phase=before_subprocess_branch_8330_replay completed=0 pending=1
[exp8205] phase=after_subprocess_branch_8330_replay completed=1 pending=0
[exp8205] phase=validation_complete completed=4 pending=0
[exp8205] phase=validation completed=0 pending=1
[exp8205] phase=before_subprocess_publication_gate completed=0 pending=1
[exp8205] phase=after_subprocess_publication_gate completed=1 pending=0
[exp8205] phase=validation_complete completed=1 pending=0
[exp8331] phase=measurement_after completed=13 pending=1
[exp8345] phase=historical_after completed=1 pending=0
