This is pdfTeX, Version 3.141592653-2.6-1.40.29 (TeX Live 2026/Arch Linux) (preloaded format=pdflatex 2026.5.20)  22 MAY 2026 03:34
entering extended mode
 restricted \write18 enabled.
 %&-line parsing enabled.
**main.tex
(./main.tex
LaTeX2e <2025-11-01>
L3 programming layer <2026-01-19>
(/usr/share/texmf-dist/tex/latex/base/article.cls
Document Class: article 2025/01/22 v1.4n Standard LaTeX document class
(/usr/share/texmf-dist/tex/latex/base/size10.clo
File: size10.clo 2025/01/22 v1.4n Standard LaTeX file (size option)
)
\c@part=\count275
\c@section=\count276
\c@subsection=\count277
\c@subsubsection=\count278
\c@paragraph=\count279
\c@subparagraph=\count280
\c@figure=\count281
\c@table=\count282
\abovecaptionskip=\skip49
\belowcaptionskip=\skip50
\bibindent=\dimen148
)
(/usr/share/texmf-dist/tex/latex/base/inputenc.sty
Package: inputenc 2024/02/08 v1.3d Input encoding file
\inpenc@prehook=\toks17
\inpenc@posthook=\toks18
)
(/usr/share/texmf-dist/tex/latex/amsmath/amsmath.sty
Package: amsmath 2025/07/09 v2.17z AMS math features
\@mathmargin=\skip51

For additional information on amsmath, use the `?' option.
(/usr/share/texmf-dist/tex/latex/amsmath/amstext.sty
Package: amstext 2024/11/17 v2.01 AMS text

(/usr/share/texmf-dist/tex/latex/amsmath/amsgen.sty
File: amsgen.sty 1999/11/30 v2.0 generic functions
\@emptytoks=\toks19
\ex@=\dimen149
))
(/usr/share/texmf-dist/tex/latex/amsmath/amsbsy.sty
Package: amsbsy 1999/11/29 v1.2d Bold Symbols
\pmbraise@=\dimen150
)
(/usr/share/texmf-dist/tex/latex/amsmath/amsopn.sty
Package: amsopn 2022/04/08 v2.04 operator names
)
\inf@bad=\count283
LaTeX Info: Redefining \frac on input line 233.
\uproot@=\count284
\leftroot@=\count285
LaTeX Info: Redefining \overline on input line 398.
LaTeX Info: Redefining \colon on input line 409.
\classnum@=\count286
\DOTSCASE@=\count287
LaTeX Info: Redefining \ldots on input line 495.
LaTeX Info: Redefining \dots on input line 498.
LaTeX Info: Redefining \cdots on input line 619.
\Mathstrutbox@=\box53
\strutbox@=\box54
LaTeX Info: Redefining \big on input line 721.
LaTeX Info: Redefining \Big on input line 722.
LaTeX Info: Redefining \bigg on input line 723.
LaTeX Info: Redefining \Bigg on input line 724.
\big@size=\dimen151
LaTeX Font Info:    Redeclaring font encoding OML on input line 742.
LaTeX Font Info:    Redeclaring font encoding OMS on input line 743.
\macc@depth=\count288
LaTeX Info: Redefining \bmod on input line 904.
LaTeX Info: Redefining \pmod on input line 909.
LaTeX Info: Redefining \smash on input line 939.
LaTeX Info: Redefining \relbar on input line 969.
LaTeX Info: Redefining \Relbar on input line 970.
\c@MaxMatrixCols=\count289
\dotsspace@=\muskip17
\c@parentequation=\count290
\dspbrk@lvl=\count291
\tag@help=\toks20
\row@=\count292
\column@=\count293
\maxfields@=\count294
\andhelp@=\toks21
\eqnshift@=\dimen152
\alignsep@=\dimen153
\tagshift@=\dimen154
\tagwidth@=\dimen155
\totwidth@=\dimen156
\lineht@=\dimen157
\@envbody=\toks22
\multlinegap=\skip52
\multlinetaggap=\skip53
\mathdisplay@stack=\toks23
LaTeX Info: Redefining \[ on input line 2950.
LaTeX Info: Redefining \] on input line 2951.
)
(/usr/share/texmf-dist/tex/latex/amsfonts/amssymb.sty
Package: amssymb 2013/01/14 v3.01 AMS font symbols

(/usr/share/texmf-dist/tex/latex/amsfonts/amsfonts.sty
Package: amsfonts 2013/01/14 v3.01 Basic AMSFonts support
\symAMSa=\mathgroup4
\symAMSb=\mathgroup5
LaTeX Font Info:    Redeclaring math symbol \hbar on input line 98.
LaTeX Font Info:    Overwriting math alphabet `\mathfrak' in version `bold'
(Font)                  U/euf/m/n --> U/euf/b/n on input line 106.
))
(/usr/share/texmf-dist/tex/latex/amscls/amsthm.sty
Package: amsthm 2020/05/29 v2.20.6
\thm@style=\toks24
\thm@bodyfont=\toks25
\thm@headfont=\toks26
\thm@notefont=\toks27
\thm@headpunct=\toks28
\thm@preskip=\skip54
\thm@postskip=\skip55
\thm@headsep=\skip56
\dth@everypar=\toks29
)
(/usr/share/texmf-dist/tex/latex/graphics/graphicx.sty
Package: graphicx 2024/12/31 v1.2e Enhanced LaTeX Graphics (DPC,SPQR)

(/usr/share/texmf-dist/tex/latex/graphics/keyval.sty
Package: keyval 2022/05/29 v1.15 key=value parser (DPC)
\KV@toks@=\toks30
)
(/usr/share/texmf-dist/tex/latex/graphics/graphics.sty
Package: graphics 2024/08/06 v1.4g Standard LaTeX Graphics (DPC,SPQR)

(/usr/share/texmf-dist/tex/latex/graphics/trig.sty
Package: trig 2023/12/02 v1.11 sin cos tan (DPC)
)
(/usr/share/texmf-dist/tex/latex/graphics-cfg/graphics.cfg
File: graphics.cfg 2016/06/04 v1.11 sample graphics configuration
)
Package graphics Info: Driver file: pdftex.def on input line 106.

(/usr/share/texmf-dist/tex/latex/graphics-def/pdftex.def
File: pdftex.def 2025/09/29 v1.2d Graphics/color driver for pdftex
))
\Gin@req@height=\dimen158
\Gin@req@width=\dimen159
)
(/usr/share/texmf-dist/tex/latex/booktabs/booktabs.sty
Package: booktabs 2020/01/12 v1.61803398 Publication quality tables
\heavyrulewidth=\dimen160
\lightrulewidth=\dimen161
\cmidrulewidth=\dimen162
\belowrulesep=\dimen163
\belowbottomsep=\dimen164
\aboverulesep=\dimen165
\abovetopsep=\dimen166
\cmidrulesep=\dimen167
\cmidrulekern=\dimen168
\defaultaddspace=\dimen169
\@cmidla=\count295
\@cmidlb=\count296
\@aboverulesep=\dimen170
\@belowrulesep=\dimen171
\@thisruleclass=\count297
\@lastruleclass=\count298
\@thisrulewidth=\dimen172
)
(/usr/share/texmf-dist/tex/latex/hyperref/hyperref.sty
Package: hyperref 2026-01-29 v7.01p Hypertext links for LaTeX

(/usr/share/texmf-dist/tex/generic/iftex/iftex.sty
Package: iftex 2024/12/12 v1.0g TeX engine tests
)
(/usr/share/texmf-dist/tex/latex/kvsetkeys/kvsetkeys.sty
Package: kvsetkeys 2022-10-05 v1.19 Key value parser (HO)
)
(/usr/share/texmf-dist/tex/generic/kvdefinekeys/kvdefinekeys.sty
Package: kvdefinekeys 2019-12-19 v1.6 Define keys (HO)
)
(/usr/share/texmf-dist/tex/generic/pdfescape/pdfescape.sty
Package: pdfescape 2019/12/09 v1.15 Implements pdfTeX's escape features (HO)

(/usr/share/texmf-dist/tex/generic/ltxcmds/ltxcmds.sty
Package: ltxcmds 2023-12-04 v1.26 LaTeX kernel commands for general use (HO)
)
(/usr/share/texmf-dist/tex/generic/pdftexcmds/pdftexcmds.sty
Package: pdftexcmds 2020-06-27 v0.33 Utility functions of pdfTeX for LuaTeX (HO
)

(/usr/share/texmf-dist/tex/generic/infwarerr/infwarerr.sty
Package: infwarerr 2019/12/03 v1.5 Providing info/warning/error messages (HO)
)
Package pdftexcmds Info: \pdf@primitive is available.
Package pdftexcmds Info: \pdf@ifprimitive is available.
Package pdftexcmds Info: \pdfdraftmode found.
))
(/usr/share/texmf-dist/tex/latex/hycolor/hycolor.sty
Package: hycolor 2020-01-27 v1.10 Color options for hyperref/bookmark (HO)
)
(/usr/share/texmf-dist/tex/latex/hyperref/nameref.sty
Package: nameref 2026-01-29 v2.58 Cross-referencing by name of section

(/usr/share/texmf-dist/tex/latex/refcount/refcount.sty
Package: refcount 2019/12/15 v3.6 Data extraction from label references (HO)
)
(/usr/share/texmf-dist/tex/generic/gettitlestring/gettitlestring.sty
Package: gettitlestring 2019/12/15 v1.6 Cleanup title references (HO)

(/usr/share/texmf-dist/tex/latex/kvoptions/kvoptions.sty
Package: kvoptions 2022-06-15 v3.15 Key value format for package options (HO)
))
\c@section@level=\count299
)
(/usr/share/texmf-dist/tex/latex/etoolbox/etoolbox.sty
Package: etoolbox 2025/10/02 v2.5m e-TeX tools for LaTeX (JAW)
\etb@tempcnta=\count300
)
(/usr/share/texmf-dist/tex/generic/stringenc/stringenc.sty
Package: stringenc 2019/11/29 v1.12 Convert strings between diff. encodings (HO
)
)
\@linkdim=\dimen173
\Hy@linkcounter=\count301
\Hy@pagecounter=\count302

(/usr/share/texmf-dist/tex/latex/hyperref/pd1enc.def
File: pd1enc.def 2026-01-29 v7.01p Hyperref: PDFDocEncoding definition (HO)
Now handling font encoding PD1 ...
... no UTF-8 mapping file for font encoding PD1
)
(/usr/share/texmf-dist/tex/generic/intcalc/intcalc.sty
Package: intcalc 2019/12/15 v1.3 Expandable calculations with integers (HO)
)
\Hy@SavedSpaceFactor=\count303

(/usr/share/texmf-dist/tex/latex/hyperref/puenc.def
File: puenc.def 2026-01-29 v7.01p Hyperref: PDF Unicode definition (HO)
Now handling font encoding PU ...
... no UTF-8 mapping file for font encoding PU
)
Package hyperref Info: Hyper figures OFF on input line 4201.
Package hyperref Info: Link nesting OFF on input line 4206.
Package hyperref Info: Hyper index ON on input line 4209.
Package hyperref Info: Plain pages OFF on input line 4216.
Package hyperref Info: Backreferencing OFF on input line 4221.
Package hyperref Info: Implicit mode ON; LaTeX internals redefined.
Package hyperref Info: Bookmarks ON on input line 4468.
\c@Hy@tempcnt=\count304

(/usr/share/texmf-dist/tex/latex/url/url.sty
\Urlmuskip=\muskip18
Package: url 2013/09/16  ver 3.4  Verb mode for urls, etc.
)
LaTeX Info: Redefining \url on input line 4807.
\XeTeXLinkMargin=\dimen174

(/usr/share/texmf-dist/tex/generic/bitset/bitset.sty
Package: bitset 2019/12/09 v1.3 Handle bit-vector datatype (HO)

(/usr/share/texmf-dist/tex/generic/bigintcalc/bigintcalc.sty
Package: bigintcalc 2019/12/15 v1.5 Expandable calculations on big integers (HO
)
))
\Fld@menulength=\count305
\Field@Width=\dimen175
\Fld@charsize=\dimen176
Package hyperref Info: Hyper figures OFF on input line 6084.
Package hyperref Info: Link nesting OFF on input line 6089.
Package hyperref Info: Hyper index ON on input line 6092.
Package hyperref Info: backreferencing OFF on input line 6099.
Package hyperref Info: Link coloring OFF on input line 6104.
Package hyperref Info: Link coloring with OCG OFF on input line 6109.
Package hyperref Info: PDF/A mode OFF on input line 6114.
\Hy@abspage=\count306
\c@Item=\count307
\c@Hfootnote=\count308
)
Package hyperref Info: Driver (autodetected): hpdftex.

(/usr/share/texmf-dist/tex/latex/hyperref/hpdftex.def
File: hpdftex.def 2026-01-29 v7.01p Hyperref driver for pdfTeX
\Fld@listcount=\count309
\c@bookmark@seq@number=\count310

(/usr/share/texmf-dist/tex/latex/rerunfilecheck/rerunfilecheck.sty
Package: rerunfilecheck 2025-06-21 v1.11 Rerun checks for auxiliary files (HO)

(/usr/share/texmf-dist/tex/generic/uniquecounter/uniquecounter.sty
Package: uniquecounter 2019/12/15 v1.4 Provide unlimited unique counter (HO)
)
Package uniquecounter Info: New unique counter `rerunfilecheck' on input line 2
84.
)
\Hy@SectionHShift=\skip57
)
(/usr/share/texmf-dist/tex/latex/geometry/geometry.sty
Package: geometry 2020/01/02 v5.9 Page Geometry

(/usr/share/texmf-dist/tex/generic/iftex/ifvtex.sty
Package: ifvtex 2019/10/25 v1.7 ifvtex legacy package. Use iftex instead.
)
\Gm@cnth=\count311
\Gm@cntv=\count312
\c@Gm@tempcnt=\count313
\Gm@bindingoffset=\dimen177
\Gm@wd@mp=\dimen178
\Gm@odd@mp=\dimen179
\Gm@even@mp=\dimen180
\Gm@layoutwidth=\dimen181
\Gm@layoutheight=\dimen182
\Gm@layouthoffset=\dimen183
\Gm@layoutvoffset=\dimen184
\Gm@dimlist=\toks31
)
(/usr/share/texmf-dist/tex/latex/cite/cite.sty
LaTeX Info: Redefining \cite on input line 302.
LaTeX Info: Redefining \nocite on input line 332.
Package: cite 2015/02/27  v 5.5
)
(/usr/share/texmf-dist/tex/latex/xcolor/xcolor.sty
Package: xcolor 2024/09/29 v3.02 LaTeX color extensions (UK)

(/usr/share/texmf-dist/tex/latex/graphics-cfg/color.cfg
File: color.cfg 2016/01/02 v1.6 sample color configuration
)
Package xcolor Info: Driver file: pdftex.def on input line 274.

(/usr/share/texmf-dist/tex/latex/graphics/mathcolor.ltx)
Package xcolor Info: Model `cmy' substituted by `cmy0' on input line 1349.
Package xcolor Info: Model `hsb' substituted by `rgb' on input line 1353.
Package xcolor Info: Model `RGB' extended on input line 1365.
Package xcolor Info: Model `HTML' substituted by `rgb' on input line 1367.
Package xcolor Info: Model `Hsb' substituted by `hsb' on input line 1368.
Package xcolor Info: Model `tHsb' substituted by `hsb' on input line 1369.
Package xcolor Info: Model `HSB' substituted by `hsb' on input line 1370.
Package xcolor Info: Model `Gray' substituted by `gray' on input line 1371.
Package xcolor Info: Model `wave' substituted by `hsb' on input line 1372.
)
(/usr/share/texmf-dist/tex/latex/caption/caption.sty
Package: caption 2023/08/05 v3.6o Customizing captions (AR)

(/usr/share/texmf-dist/tex/latex/caption/caption3.sty
Package: caption3 2023/07/31 v2.4d caption3 kernel (AR)
\caption@tempdima=\dimen185
\captionmargin=\dimen186
\caption@leftmargin=\dimen187
\caption@rightmargin=\dimen188
\caption@width=\dimen189
\caption@indent=\dimen190
\caption@parindent=\dimen191
\caption@hangindent=\dimen192
Package caption Info: Standard document class detected.
)
\c@caption@flags=\count314
\c@continuedfloat=\count315
Package caption Info: hyperref package is loaded.
)
Package hyperref Info: Option `colorlinks' set `true' on input line 18.

(/usr/share/texmf-dist/tex/latex/l3backend/l3backend-pdftex.def
File: l3backend-pdftex.def 2025-10-09 L3 backend support: PDF output (pdfTeX)
\l__color_backend_stack_int=\count316
) (./main.aux)
\openout1 = `main.aux'.

LaTeX Font Info:    Checking defaults for OML/cmm/m/it on input line 27.
LaTeX Font Info:    ... okay on input line 27.
LaTeX Font Info:    Checking defaults for OMS/cmsy/m/n on input line 27.
LaTeX Font Info:    ... okay on input line 27.
LaTeX Font Info:    Checking defaults for OT1/cmr/m/n on input line 27.
LaTeX Font Info:    ... okay on input line 27.
LaTeX Font Info:    Checking defaults for T1/cmr/m/n on input line 27.
LaTeX Font Info:    ... okay on input line 27.
LaTeX Font Info:    Checking defaults for TS1/cmr/m/n on input line 27.
LaTeX Font Info:    ... okay on input line 27.
LaTeX Font Info:    Checking defaults for OMX/cmex/m/n on input line 27.
LaTeX Font Info:    ... okay on input line 27.
LaTeX Font Info:    Checking defaults for U/cmr/m/n on input line 27.
LaTeX Font Info:    ... okay on input line 27.
LaTeX Font Info:    Checking defaults for PD1/pdf/m/n on input line 27.
LaTeX Font Info:    ... okay on input line 27.
LaTeX Font Info:    Checking defaults for PU/pdf/m/n on input line 27.
LaTeX Font Info:    ... okay on input line 27.

(/usr/share/texmf-dist/tex/context/base/mkii/supp-pdf.mkii
[Loading MPS to PDF converter (version 2006.09.02).]
\scratchcounter=\count317
\scratchdimen=\dimen193
\scratchbox=\box55
\nofMPsegments=\count318
\nofMParguments=\count319
\everyMPshowfont=\toks32
\MPscratchCnt=\count320
\MPscratchDim=\dimen194
\MPnumerator=\count321
\makeMPintoPDFobject=\count322
\everyMPtoPDFconversion=\toks33
) (/usr/share/texmf-dist/tex/latex/epstopdf-pkg/epstopdf-base.sty
Package: epstopdf-base 2020-01-24 v2.11 Base part for package epstopdf
Package epstopdf-base Info: Redefining graphics rule for `.eps' on input line 4
85.

(/usr/share/texmf-dist/tex/latex/latexconfig/epstopdf-sys.cfg
File: epstopdf-sys.cfg 2010/07/13 v1.3 Configuration of (r)epstopdf for TeX Liv
e
))
Package hyperref Info: Link coloring ON on input line 27.
 (./main.out)
(./main.out)
\@outlinefile=\write3
\openout3 = `main.out'.


*geometry* driver: auto-detecting
*geometry* detected driver: pdftex
*geometry* verbose mode - [ preamble ] result:
* driver: pdftex
* paper: <default>
* layout: <same size as paper>
* layoutoffset:(h,v)=(0.0pt,0.0pt)
* modes: 
* h-part:(L,W,R)=(72.26999pt, 469.75502pt, 72.26999pt)
* v-part:(T,H,B)=(72.26999pt, 650.43001pt, 72.26999pt)
* \paperwidth=614.295pt
* \paperheight=794.96999pt
* \textwidth=469.75502pt
* \textheight=650.43001pt
* \oddsidemargin=0.0pt
* \evensidemargin=0.0pt
* \topmargin=-37.0pt
* \headheight=12.0pt
* \headsep=25.0pt
* \topskip=10.0pt
* \footskip=30.0pt
* \marginparwidth=65.0pt
* \marginparsep=11.0pt
* \columnsep=10.0pt
* \skip\footins=9.0pt plus 4.0pt minus 2.0pt
* \hoffset=0.0pt
* \voffset=0.0pt
* \mag=1000
* \@twocolumnfalse
* \@twosidefalse
* \@mparswitchfalse
* \@reversemarginfalse
* (1in=72.27pt=25.4mm, 1cm=28.453pt)

Package caption Info: Begin \AtBeginDocument code.
Package caption Info: End \AtBeginDocument code.
LaTeX Font Info:    Trying to load font information for U+msa on input line 30.

(/usr/share/texmf-dist/tex/latex/amsfonts/umsa.fd
File: umsa.fd 2013/01/14 v3.01 AMS symbols A
)
LaTeX Font Info:    Trying to load font information for U+msb on input line 30.


(/usr/share/texmf-dist/tex/latex/amsfonts/umsb.fd
File: umsb.fd 2013/01/14 v3.01 AMS symbols B
) [1

{/var/lib/texmf/fonts/map/pdftex/updmap/pdftex.map}{/usr/share/texmf-dist/fonts
/enc/dvips/cm-super/cm-super-ts1.enc}] [2]

LaTeX Warning: Citation `logicalintelligence2026kona' on page 3 undefined on in
put line 205.


LaTeX Warning: Citation `gladstone2025ebt' on page 3 undefined on input line 20
6.


LaTeX Warning: Citation `blondel2025arm' on page 3 undefined on input line 215.



Overfull \hbox (6.68562pt too wide) in paragraph at lines 218--222
\OT1/cmtt/m/n/10 space _ measurement . json$\OT1/cmr/m/n/10 , $\OT1/cmtt/m/n/10
 results / experiment _ 1224 _ phase5c _ adversarial _ probe . json$\OT1/cmr/m/
n/10 , $\OT1/cmtt/m/n/10 results /
 []


Overfull \hbox (0.28929pt too wide) in paragraph at lines 218--222
\OT1/cmtt/m/n/10 experiment _ 1256 _ verifier _ orthogonality _ audit _ v3 . js
on$\OT1/cmr/m/n/10 . The-o-ret-i-cal sup-port: sqrt(det(Sigma))
 []


Overfull \hbox (17.21326pt too wide) in paragraph at lines 222--226
\OT1/cmtt/m/n/10 experiment _ 1094 _ phase2a _ sampler _ correctness _ audit . 
json$\OT1/cmr/m/n/10 , $\OT1/cmtt/m/n/10 results / experiment _ 1451 _ discrete
 _
 []


LaTeX Warning: Citation `diff_conformal_2026' on page 3 undefined on input line
 226.


Overfull \hbox (6.92473pt too wide) in paragraph at lines 226--230
[]\OT1/cmr/bx/n/10 CLAIM-3 --- En-ergy ver-i-fier cal-i-bra-tion is distributio
n-bound. \OT1/cmr/m/n/10 Carnot may claim in-distribution
 []


Overfull \hbox (9.70778pt too wide) in paragraph at lines 226--230
\OT1/cmr/m/n/10 re-train that fixes the ob-served in-ver-sion on its val-i-da-t
ion split. Em-pir-i-cal ar-ti-facts: $\OT1/cmtt/m/n/10 results / experiment _
 []


Overfull \hbox (22.46321pt too wide) in paragraph at lines 226--230
\OT1/cmtt/m/n/10 1072 _ sos _ kan _ v3 _ neural _ gram . json$\OT1/cmr/m/n/10 ,
 $\OT1/cmtt/m/n/10 results / experiment _ 1100 _ cascade _ validation _ sota _ 
outputs .
 []


Overfull \hbox (11.93558pt too wide) in paragraph at lines 226--230
\OT1/cmtt/m/n/10 json$\OT1/cmr/m/n/10 , $\OT1/cmtt/m/n/10 results / experiment 
_ 1120 _ energy _ verifier _ retrain _ sota . json$\OT1/cmr/m/n/10 , $\OT1/cmtt
/m/n/10 results / experiment _ 1265 _
 []


Overfull \hbox (1.4634pt too wide) in paragraph at lines 230--234
\OT1/cmtt/m/n/10 v3 _ verifier _ selected _ or _ csp _ fallback . json$\OT1/cmr
/m/n/10 , $\OT1/cmtt/m/n/10 results / experiment _ 1433 _ fr11 _ self _ learnin
g _
 []


Overfull \hbox (11.93558pt too wide) in paragraph at lines 230--234
\OT1/cmtt/m/n/10 v6 _ dvi _ v3 _ gated . json$\OT1/cmr/m/n/10 , $\OT1/cmtt/m/n/
10 results / experiment _ 1447 _ fr11 _ v7 _ memory _ policy _ growth . json$\O
T1/cmr/m/n/10 , $\OT1/cmtt/m/n/10 results /
 []

[3]

LaTeX Warning: Citation `gladstone2025ebt' on page 4 undefined on input line 24
6.


LaTeX Warning: Citation `nie2025llada' on page 4 undefined on input line 257.


LaTeX Warning: Citation `hao2024coconut' on page 4 undefined on input line 266.



LaTeX Warning: Citation `ma2026odar' on page 4 undefined on input line 269.


LaTeX Warning: Citation `logicalintelligence2026kona' on page 4 undefined on in
put line 272.


LaTeX Warning: Citation `gladstone2025ebt' on page 4 undefined on input line 28
7.


LaTeX Warning: Citation `nie2025llada' on page 4 undefined on input line 292.


LaTeX Warning: Citation `lee2024nrgpt' on page 4 undefined on input line 296.


LaTeX Warning: Citation `hao2024coconut' on page 4 undefined on input line 306.



LaTeX Warning: Citation `logicalintelligence2026kona' on page 4 undefined on in
put line 307.


LaTeX Warning: Citation `ma2026odar' on page 4 undefined on input line 311.

[4]

LaTeX Warning: Citation `logicalconsistency2026' on page 5 undefined on input l
ine 327.


Overfull \hbox (9.50201pt too wide) in paragraph at lines 326--334
[]\OT1/cmr/bx/n/10 Logical Con-sis-tency Ver-i-fi-ca-tion. \OT1/cmr/m/n/10 Con-
cur-rent work by [\OT1/cmr/bx/n/10 ?\OT1/cmr/m/n/10 ] (arXiv:2605.03971) de-riv
es logical-consistency
 []


LaTeX Warning: Citation `dynhallucination2026' on page 5 undefined on input lin
e 336.


LaTeX Warning: Citation `set_consistency_2025' on page 5 undefined on input lin
e 360.


Underfull \hbox (badness 1931) in paragraph at lines 412--412
[][][]\OT1/cmr/m/n/8 The 9-round Phase-3 Deep Think syn-the-sis is com-mit-ted 
to the project repos-i-tory at $\OT1/cmtt/m/n/8 docs / research-[]notes /
 []

[5]

LaTeX Warning: Citation `patil2026sentinelagent' on page 6 undefined on input l
ine 426.


LaTeX Warning: Citation `spera2026noncomposability' on page 6 undefined on inpu
t line 433.


Overfull \hbox (5.66473pt too wide) in paragraph at lines 432--445
 []$\OML/cmm/m/it/10 k[]$ \OT1/cmr/bx/n/10 ver-sus $\OML/cmm/m/it/10 k[]$\OT1/c
mr/bx/n/10 .[] \OT1/cmr/m/n/10 A cen-tral hon-est fram-ing of this pa-per, shar
p-ened by Spera's 2026 non-compositionality
 []


LaTeX Warning: Citation `dantas2025four' on page 6 undefined on input line 501.



LaTeX Warning: Citation `hashimoto2026fst' on page 6 undefined on input line 50
8.

[6]
<figures/fig1.pdf, id=280, 794.97pt x 397.485pt>
File: figures/fig1.pdf Graphic file (type pdf)
<use figures/fig1.pdf>
Package pdftex.def Info: figures/fig1.pdf  used on input line 515.
(pdftex.def)             Requested size: 399.29463pt x 199.65178pt.
 [7 <./figures/fig1.pdf>]
Overfull \hbox (427.54364pt too wide) in paragraph at lines 593--603
 [][] 
 []


Overfull \hbox (9.9049pt too wide) in paragraph at lines 611--612
\OT1/cmr/m/n/10 low-signal: tier0s[]arithmetic[]gap, tier0u[]logical[]consisten
cy. The non-FoVer diversity-gap flag is \OT1/cmtt/m/n/10 true\OT1/cmr/m/n/10 . 
Method-
 []


Package hyperref Warning: Token not allowed in a PDF string (Unicode):
(hyperref)                removing `math shift' on input line 619.


Package hyperref Warning: Token not allowed in a PDF string (Unicode):
(hyperref)                removing `\@ifnextchar' on input line 619.


Package hyperref Warning: Token not allowed in a PDF string (Unicode):
(hyperref)                removing `\det' on input line 619.


Package hyperref Warning: Token not allowed in a PDF string (Unicode):
(hyperref)                removing `\Sigma' on input line 619.


Package hyperref Warning: Token not allowed in a PDF string (Unicode):
(hyperref)                removing `math shift' on input line 619.

[8]

Package hyperref Warning: Token not allowed in a PDF string (Unicode):
(hyperref)                removing `math shift' on input line 668.


Package hyperref Warning: Token not allowed in a PDF string (Unicode):
(hyperref)                removing `subscript' on input line 668.


Package hyperref Warning: Token not allowed in a PDF string (Unicode):
(hyperref)                removing `math shift' on input line 668.


Package hyperref Warning: Token not allowed in a PDF string (Unicode):
(hyperref)                removing `math shift' on input line 668.


Package hyperref Warning: Token not allowed in a PDF string (Unicode):
(hyperref)                removing `superscript' on input line 668.


Package hyperref Warning: Token not allowed in a PDF string (Unicode):
(hyperref)                removing `\leq' on input line 668.


Package hyperref Warning: Token not allowed in a PDF string (Unicode):
(hyperref)                removing `math shift' on input line 668.

<figures/fig6.pdf, id=425, 578.16pt x 433.62pt>
File: figures/fig6.pdf Graphic file (type pdf)
<use figures/fig6.pdf>
Package pdftex.def Info: figures/fig6.pdf  used on input line 721.
(pdftex.def)             Requested size: 352.31625pt x 264.23654pt.
[9] [10 <./figures/fig6.pdf>]
<figures/fig7.pdf, id=517, 578.16pt x 433.62pt>
File: figures/fig7.pdf Graphic file (type pdf)
<use figures/fig7.pdf>
Package pdftex.def Info: figures/fig7.pdf  used on input line 800.
(pdftex.def)             Requested size: 352.31625pt x 264.23654pt.
 [11 <./figures/fig7.pdf>]

LaTeX Warning: Citation `zhu2026parallelisingmachine' on page 12 undefined on i
nput line 851.


Package hyperref Warning: Token not allowed in a PDF string (Unicode):
(hyperref)                removing `math shift' on input line 864.


Package hyperref Warning: Token not allowed in a PDF string (Unicode):
(hyperref)                removing `\chi' on input line 864.


Package hyperref Warning: Token not allowed in a PDF string (Unicode):
(hyperref)                removing `\leq' on input line 864.


Package hyperref Warning: Token not allowed in a PDF string (Unicode):
(hyperref)                removing `math shift' on input line 864.


LaTeX Warning: Citation `aifer2025efficient' on page 12 undefined on input line
 907.

[12]

LaTeX Warning: Citation `cong2025programmable' on page 13 undefined on input li
ne 912.

[13]

LaTeX Warning: Citation `rewardunderattack2026' on page 14 undefined on input l
ine 1030.


LaTeX Warning: Citation `llmsgamingverifiers2026' on page 14 undefined on input
 line 1030.

LaTeX Font Info:    Trying to load font information for OMS+cmr on input line 1
071.
(/usr/share/texmf-dist/tex/latex/base/omscmr.fd
File: omscmr.fd 2024/11/19 v2.5n Standard LaTeX font definitions
)
LaTeX Font Info:    Font shape `OMS/cmr/m/n' in size <10> not available
(Font)              Font shape `OMS/cmsy/m/n' tried instead on input line 1071.


Overfull \hbox (29.24596pt too wide) in paragraph at lines 1069--1077
\OT1/cmr/m/n/10 stack \OMS/cmsy/m/n/10 f\OT1/cmr/m/n/10 SOSKANEnergyV3, SemEn-e
r-gyProbe, AST-Struc-tureVer-i-fier, Se-man-tic-Consis-ten-cyVer-i-fier, Z3Math
Verifier\OMS/cmsy/m/n/10 g
 []


Overfull \hbox (21.0641pt too wide) in paragraph at lines 1078--1090
[]\OT1/cmr/bx/n/10 SOSKANEnergyV3 out-of-distribution col-lapse. \OT1/cmr/m/n/1
0 On the FoVer train-ing cor-pus (n=6,548), SOSKANEn-
 []

[14]
Underfull \hbox (badness 10000) in paragraph at lines 1139--1139
[]\OT1/cmr/m/n/9 exp1369--1371 se-
 []


Underfull \hbox (badness 1325) in paragraph at lines 1140--1143
[]\OT1/cmr/m/n/9 validator ex-e-cu-tion $= 1\OML/cmm/m/it/9 :\OT1/cmr/m/n/9 0$;
 Z3
 []


Underfull \hbox (badness 2790) in paragraph at lines 1140--1143
\OT1/cmr/m/n/9 ac-cepted[]violation[]delta $= \OMS/cmsy/m/n/9 ^^@\OT1/cmr/m/n/9
 2$;
 []


Underfull \hbox (badness 1127) in paragraph at lines 1144--1147
[]\OT1/cmr/m/n/9 Local re-play over the exp1366 parsed
 []


Underfull \hbox (badness 10000) in paragraph at lines 1147--1147
[]\OT1/cmr/m/n/9 exp1374 self-
 []


Underfull \hbox (badness 10000) in paragraph at lines 1148--1150
[]\OT1/cmr/m/n/9 primary[]semantic[]verified path;
 []


Underfull \hbox (badness 6332) in paragraph at lines 1151--1154
[]\OT1/cmr/m/n/9 Headline self-learning is al-lowed for
 []


Underfull \hbox (badness 2582) in paragraph at lines 1154--1154
[]\OT1/cmr/m/n/9 exp1372 GS-KAN
 []


Underfull \hbox (badness 10000) in paragraph at lines 1155--1157
[]\OT1/cmr/m/n/9 PWA/MILP sta-tus ver-
 []


Underfull \hbox (badness 10000) in paragraph at lines 1155--1157
\OT1/cmr/m/n/9 i-fied; LP up-per bound
 []


Underfull \hbox (badness 10000) in paragraph at lines 1155--1157
\OT1/cmr/m/n/9 5\OML/cmm/m/it/9 :\OT1/cmr/m/n/9 5571795257855365$ be-low
 []


Underfull \hbox (badness 10000) in paragraph at lines 1155--1157
\OT1/cmr/m/n/9 thresh-old $5\OML/cmm/m/it/9 :\OT1/cmr/m/n/9 562736705311322$;
 []


Underfull \hbox (badness 10000) in paragraph at lines 1161--1162
[]\OT1/cmr/m/n/9 DiffuTruth-style AU-ROC
 []


Underfull \hbox (badness 10000) in paragraph at lines 1161--1162
\OT1/cmr/m/n/9 0\OML/cmm/m/it/9 :\OT1/cmr/m/n/9 866841$, KAN cor-re-la-tion
 []

[15]
Overfull \hbox (40.27376pt too wide) in paragraph at lines 1234--1247
 [][] 
 []


Underfull \hbox (badness 3199) in paragraph at lines 1247--1247
[]\OT1/cmr/m/n/10 Table 7: |AU-ROC re-sults ta-ble. The Best .241 En-sem-ble ro
w is ad-ver-sar-i-ally ver-i-fied (5-
 []


Underfull \hbox (badness 3657) in paragraph at lines 1247--1247
\OT1/cmr/m/n/10 seed group-conditional repli-ca-tion, exp2498). Note: the re-po
rted \OT1/cmtt/m/n/10 best[]241[]auroc=0.975 \OT1/cmr/m/n/10 and
 []


Package hyperref Warning: Token not allowed in a PDF string (Unicode):
(hyperref)                removing `math shift' on input line 1251.


Package hyperref Warning: Token not allowed in a PDF string (Unicode):
(hyperref)                removing `subscript' on input line 1251.


Package hyperref Warning: Token not allowed in a PDF string (Unicode):
(hyperref)                removing `math shift' on input line 1251.

[16]

Package hyperref Warning: Token not allowed in a PDF string (Unicode):
(hyperref)                removing `math shift' on input line 1276.


Package hyperref Warning: Token not allowed in a PDF string (Unicode):
(hyperref)                removing `math shift' on input line 1276.

[17]
<figures/fig2.pdf, id=635, 505.89pt x 433.62pt>
File: figures/fig2.pdf Graphic file (type pdf)
<use figures/fig2.pdf>
Package pdftex.def Info: figures/fig2.pdf  used on input line 1334.
(pdftex.def)             Requested size: 352.31625pt x 301.99028pt.
<figures/fig4.pdf, id=636, 542.025pt x 433.62pt>
File: figures/fig4.pdf Graphic file (type pdf)
<use figures/fig4.pdf>
Package pdftex.def Info: figures/fig4.pdf  used on input line 1346.
(pdftex.def)             Requested size: 352.31625pt x 281.86288pt.
<figures/fig5.pdf, id=637, 469.0116pt x 373.3529pt>
File: figures/fig5.pdf Graphic file (type pdf)
<use figures/fig5.pdf>
Package pdftex.def Info: figures/fig5.pdf  used on input line 1357.
(pdftex.def)             Requested size: 352.31625pt x 280.46404pt.


Package hyperref Warning: Token not allowed in a PDF string (Unicode):
(hyperref)                removing `math shift' on input line 1367.


Package hyperref Warning: Token not allowed in a PDF string (Unicode):
(hyperref)                removing `math shift' on input line 1367.

[18 <./figures/fig2.pdf>]

LaTeX Warning: Citation `scenergyacl2025' on page 19 undefined on input line 14
04.


Underfull \hbox (badness 10000) in paragraph at lines 1447--1450
\OT1/cmr/m/n/10 the random-legal-greedy
 []


Underfull \hbox (badness 4403) in paragraph at lines 1447--1450
\OT1/cmr/m/n/10 base-line (exp1165; note:
 []


Underfull \hbox (badness 7344) in paragraph at lines 1447--1450
\OT1/cmr/m/n/10 see exp1189 for re-sults
 []


Underfull \hbox (badness 10000) in paragraph at lines 1452--1452
[]\OT1/cmr/m/n/10 Energy-trace mono-tone
 []


Underfull \hbox (badness 5302) in paragraph at lines 1453--1455
\OT1/cmr/m/n/10 mono-ton-i-cally un-der the
 []


Underfull \hbox (badness 10000) in paragraph at lines 1453--1455
\OT1/cmr/m/n/10 mea-sured free-energy
 []


Underfull \hbox (badness 10000) in paragraph at lines 1456--1458
[]\OT1/cmr/m/n/10 Terminal proxy states
 []


Underfull \hbox (badness 10000) in paragraph at lines 1456--1458
\OT1/cmr/m/n/10 reached zero mea-sured
 []


Underfull \hbox (badness 10000) in paragraph at lines 1456--1458
\OT1/cmr/m/n/10 resid-ual en-ergy on the
 []

[19 <./figures/fig4.pdf>]

LaTeX Warning: Citation `arcagi3' on page 20 undefined on input line 1473.


Underfull \hbox (badness 5607) in paragraph at lines 1503--1507
\OT1/cmr/m/n/10 pub-lic demon-stra-
 []


Underfull \hbox (badness 10000) in paragraph at lines 1514--1514
[]\OT1/cmr/m/n/10 Frontier au-tore-gres-sive
 []


LaTeX Warning: Citation `wu2025arm-ebm' on page 20 undefined on input line 1536
.


LaTeX Warning: Citation `tan2025rltunedebm' on page 20 undefined on input line 
1536.

[20 <./figures/fig5.pdf>]

LaTeX Warning: Citation `bouchaffra2026gamefep' on page 21 undefined on input l
ine 1552.

[21]

LaTeX Warning: Citation `hive2026' on page 22 undefined on input line 1584.


Package hyperref Warning: Token not allowed in a PDF string (Unicode):
(hyperref)                removing `math shift' on input line 1594.


Package hyperref Warning: Token not allowed in a PDF string (Unicode):
(hyperref)                removing `\delta' on input line 1594.


Package hyperref Warning: Token not allowed in a PDF string (Unicode):
(hyperref)                removing `subscript' on input line 1594.


Package hyperref Warning: Token not allowed in a PDF string (Unicode):
(hyperref)                removing `\alpha' on input line 1594.


Package hyperref Warning: Token not allowed in a PDF string (Unicode):
(hyperref)                removing `math shift' on input line 1594.

[22]

LaTeX Warning: Citation `goodfire2026' on page 23 undefined on input line 1654.



LaTeX Warning: Citation `vas_blog_qwen_censorship' on page 23 undefined on inpu
t line 1695.

[23] [24] [25]
No file main.bbl.

Overfull \hbox (11.63087pt too wide) in paragraph at lines 1873--1875
\OT1/cmr/m/n/10 Sup-port-ing in-put: $\OT1/cmtt/m/n/10 results / experiment _ 1
459 _ self _ learning _ nonheadline _ lineage _ decision . json$\OT1/cmr/m/n/10
 . 
 []


Underfull \hbox (badness 1337) in paragraph at lines 1895--1895
[]\OT1/cmr/m/n/9 Prior CPU-vs-FPGA speedup
 []


Underfull \hbox (badness 1874) in paragraph at lines 1916--1917
\OT1/cmr/m/n/9 in-ver-sion on SOTA out-puts as Good-hart
 []

[26] [27] (./main.aux)
 ***********
LaTeX2e <2025-11-01>
L3 programming layer <2026-01-19>
 ***********


LaTeX Warning: There were undefined references.


LaTeX Warning: Label(s) may have changed. Rerun to get cross-references right.

Package rerunfilecheck Info: File `main.out' has not changed.
(rerunfilecheck)             Checksum: 43F5525CC7EF98642E6B31AEEADB5F11;11148.
 ) 
Here is how much of TeX's memory you used:
 12552 strings out of 469515
 192955 string characters out of 5470807
 620907 words of memory out of 5000000
 40903 multiletter control sequences out of 15000+600000
 642052 words of font info for 94 fonts, out of 8000000 for 9000
 14 hyphenation exceptions out of 8191
 75i,18n,79p,1173b,560s stack positions out of 10000i,1000n,20000p,200000b,200000s

pdfTeX warning (dest): name{Hfootnote.4} has been referenced but does not exist
, replaced by a fixed one

</usr/share/texmf-dist/fonts/type1/public/amsfonts/cm/cmbx10.pfb></usr/share/te
xmf-dist/fonts/type1/public/amsfonts/cm/cmbx12.pfb></usr/share/texmf-dist/fonts
/type1/public/amsfonts/cm/cmbx7.pfb></usr/share/texmf-dist/fonts/type1/public/a
msfonts/cm/cmbx9.pfb></usr/share/texmf-dist/fonts/type1/public/amsfonts/cm/cmbx
ti10.pfb></usr/share/texmf-dist/fonts/type1/public/amsfonts/cm/cmex10.pfb></usr
/share/texmf-dist/fonts/type1/public/amsfonts/cmextra/cmex9.pfb></usr/share/tex
mf-dist/fonts/type1/public/amsfonts/cm/cmmi10.pfb></usr/share/texmf-dist/fonts/
type1/public/amsfonts/cm/cmmi12.pfb></usr/share/texmf-dist/fonts/type1/public/a
msfonts/cm/cmmi6.pfb></usr/share/texmf-dist/fonts/type1/public/amsfonts/cm/cmmi
7.pfb></usr/share/texmf-dist/fonts/type1/public/amsfonts/cm/cmmi8.pfb></usr/sha
re/texmf-dist/fonts/type1/public/amsfonts/cm/cmmi9.pfb></usr/share/texmf-dist/f
onts/type1/public/amsfonts/cm/cmmib10.pfb></usr/share/texmf-dist/fonts/type1/pu
blic/amsfonts/cmextra/cmmib7.pfb></usr/share/texmf-dist/fonts/type1/public/amsf
onts/cm/cmr10.pfb></usr/share/texmf-dist/fonts/type1/public/amsfonts/cm/cmr12.p
fb></usr/share/texmf-dist/fonts/type1/public/amsfonts/cm/cmr17.pfb></usr/share/
texmf-dist/fonts/type1/public/amsfonts/cm/cmr6.pfb></usr/share/texmf-dist/fonts
/type1/public/amsfonts/cm/cmr7.pfb></usr/share/texmf-dist/fonts/type1/public/am
sfonts/cm/cmr8.pfb></usr/share/texmf-dist/fonts/type1/public/amsfonts/cm/cmr9.p
fb></usr/share/texmf-dist/fonts/type1/public/amsfonts/cm/cmsy10.pfb></usr/share
/texmf-dist/fonts/type1/public/amsfonts/cm/cmsy6.pfb></usr/share/texmf-dist/fon
ts/type1/public/amsfonts/cm/cmsy7.pfb></usr/share/texmf-dist/fonts/type1/public
/amsfonts/cm/cmsy8.pfb></usr/share/texmf-dist/fonts/type1/public/amsfonts/cm/cm
sy9.pfb></usr/share/texmf-dist/fonts/type1/public/amsfonts/cm/cmti10.pfb></usr/
share/texmf-dist/fonts/type1/public/amsfonts/cm/cmtt10.pfb></usr/share/texmf-di
st/fonts/type1/public/amsfonts/cm/cmtt12.pfb></usr/share/texmf-dist/fonts/type1
/public/amsfonts/cm/cmtt8.pfb></usr/share/texmf-dist/fonts/type1/public/amsfont
s/symbols/msbm10.pfb></usr/share/texmf-dist/fonts/type1/public/cm-super/sfrm100
0.pfb>
Output written on main.pdf (27 pages, 648947 bytes).
PDF statistics:
 1152 PDF objects out of 1200 (max. 8388607)
 578 compressed objects within 6 object streams
 144 named destinations out of 1000 (max. 500000)
 415 words of extra memory for PDF output out of 10000 (max. 10000000)

