[exp8010] phase=start elapsed_s=0.000 units=0 pending=0
[exp8010] phase=public_roster_freeze elapsed_s=0.060 units=0 pending=0
[exp8010] phase=scripted_HTTP_capture elapsed_s=0.110 units=64 pending=192
[exp7303-validation] before_subprocess private_script_capture elapsed_s=0.000 unit=1/1
[exp7303-validation:private_script_capture] [exp8010] phase=start elapsed_s=0.000 units=0 pending=0
[exp7303-validation:private_script_capture] [exp7995] before_slot=0 elapsed_s=0.000
[exp7303-validation:private_script_capture] [exp7995] before_token_admission=0
[exp7303-validation:private_script_capture] [exp7995] after_token_admission=0
[exp7303-validation:private_script_capture] [exp7995] before_generation=0
[exp7303-validation:private_script_capture] [exp7995] after_generation=0
[exp7303-validation:private_script_capture] [exp7995] checkpoint completed_slots=1
[exp7303-validation:private_script_capture] [exp7995] before_slot=1 elapsed_s=0.011
[exp7303-validation:private_script_capture] [exp7995] before_token_admission=1
[exp7303-validation:private_script_capture] [exp7995] after_token_admission=1
[exp7303-validation:private_script_capture] [exp7995] before_generation=1
[exp7303-validation:private_script_capture] [exp7995] after_generation=1
[exp7303-validation:private_script_capture] [exp7995] checkpoint completed_slots=2
[exp7303-validation:private_script_capture] [exp7995] before_slot=2 elapsed_s=0.016
[exp7303-validation:private_script_capture] [exp7995] before_token_admission=2
[exp7303-validation:private_script_capture] [exp7995] after_token_admission=2
[exp7303-validation:private_script_capture] [exp7995] before_generation=2
[exp7303-validation:private_script_capture] [exp7995] after_generation=2
[exp7303-validation:private_script_capture] [exp7995] checkpoint completed_slots=3
[exp7303-validation:private_script_capture] [exp7995] before_slot=3 elapsed_s=0.021
[exp7303-validation:private_script_capture] [exp7995] checkpoint completed_slots=4
[exp7303-validation:private_script_capture] [exp7995] before_slot=4 elapsed_s=0.021
[exp7303-validation:private_script_capture] [exp7995] checkpoint completed_slots=5
[exp7303-validation:private_script_capture] [exp7995] before_slot=5 elapsed_s=0.022
[exp7303-validation:private_script_capture] [exp7995] checkpoint completed_slots=6
[exp7303-validation:private_script_capture] [exp7995] before_slot=6 elapsed_s=0.022
[exp7303-validation:private_script_capture] [exp7995] before_token_admission=6
[exp7303-validation:private_script_capture] [exp7995] after_token_admission=6
[exp7303-validation:private_script_capture] [exp7995] before_generation=6
[exp7303-validation:private_script_capture] [exp7995] after_generation=6
[exp7303-validation:private_script_capture] [exp7995] checkpoint completed_slots=7
[exp7303-validation:private_script_capture] [exp7995] before_slot=7 elapsed_s=0.027
[exp7303-validation:private_script_capture] [exp7995] before_token_admission=7
[exp7303-validation:private_script_capture] [exp7995] after_token_admission=7
[exp7303-validation:private_script_capture] [exp7995] before_generation=7
[exp7303-validation:private_script_capture] [exp7995] after_generation=7
[exp7303-validation:private_script_capture] [exp7995] checkpoint completed_slots=8
[exp7303-validation:private_script_capture] [exp7995] before_slot=8 elapsed_s=0.031
[exp7303-validation:private_script_capture] [exp7995] before_token_admission=8
[exp7303-validation:private_script_capture] [exp7995] after_token_admission=8
[exp7303-validation:private_script_capture] [exp7995] before_generation=8
[exp7303-validation:private_script_capture] [exp7995] after_generation=8
[exp7303-validation:private_script_capture] [exp7995] checkpoint completed_slots=9
[exp7303-validation:private_script_capture] [exp7995] before_slot=9 elapsed_s=0.036
[exp7303-validation:private_script_capture] [exp7995] checkpoint completed_slots=10
[exp7303-validation:private_script_capture] [exp7995] before_slot=10 elapsed_s=0.036
[exp7303-validation:private_script_capture] [exp7995] checkpoint completed_slots=11
[exp7303-validation:private_script_capture] [exp7995] before_slot=11 elapsed_s=0.037
[exp7303-validation:private_script_capture] [exp7995] checkpoint completed_slots=12
[exp7303-validation:private_script_capture] [exp7995] before_slot=12 elapsed_s=0.038
[exp7303-validation:private_script_capture] [exp7995] before_token_admission=12
[exp7303-validation:private_script_capture] [exp7995] after_token_admission=12
[exp7303-validation:private_script_capture] [exp7995] before_generation=12
[exp7303-validation:private_script_capture] [exp7995] after_generation=12
[exp7303-validation:private_script_capture] [exp7995] checkpoint completed_slots=13
[exp7303-validation:private_script_capture] [exp7995] before_slot=13 elapsed_s=0.043
[exp7303-validation:private_script_capture] [exp7995] before_token_admission=13
[exp7303-validation:private_script_capture] [exp7995] after_token_admission=13
[exp7303-validation:private_script_capture] [exp7995] before_generation=13
[exp7303-validation:private_script_capture] [exp7995] after_generation=13
[exp7303-validation:private_script_capture] [exp7995] checkpoint completed_slots=14
[exp7303-validation:private_script_capture] [exp7995] before_slot=14 elapsed_s=0.048
[exp7303-validation:private_script_capture] [exp7995] before_token_admission=14
[exp7303-validation:private_script_capture] [exp7995] after_token_admission=14
[exp7303-validation:private_script_capture] [exp7995] before_generation=14
[exp7303-validation:private_script_capture] [exp7995] after_generation=14
[exp7303-validation:private_script_capture] [exp7995] checkpoint completed_slots=15
[exp7303-validation:private_script_capture] [exp7995] before_slot=15 elapsed_s=0.053
[exp7303-validation:private_script_capture] [exp7995] before_token_admission=15
[exp7303-validation:private_script_capture] [exp7995] after_token_admission=15
[exp7303-validation:private_script_capture] [exp7995] before_generation=15
[exp7303-validation:private_script_capture] [exp7995] after_generation=15
[exp7303-validation:private_script_capture] [exp7995] checkpoint completed_slots=16
[exp7303-validation:private_script_capture] [exp7995] before_slot=16 elapsed_s=0.057
[exp7303-validation:private_script_capture] [exp7995] before_token_admission=16
[exp7303-validation:private_script_capture] [exp7995] after_token_admission=16
[exp7303-validation:private_script_capture] [exp7995] before_generation=16
[exp7303-validation:private_script_capture] [exp7995] after_generation=16
[exp7303-validation:private_script_capture] [exp7995] checkpoint completed_slots=17
[exp7303-validation:private_script_capture] [exp7995] before_slot=17 elapsed_s=0.062
[exp7303-validation:private_script_capture] [exp7995] before_token_admission=17
[exp7303-validation:private_script_capture] [exp7995] after_token_admission=17
[exp7303-validation:private_script_capture] [exp7995] before_generation=17
[exp7303-validation:private_script_capture] [exp7995] after_generation=17
[exp7303-validation:private_script_capture] [exp7995] checkpoint completed_slots=18
[exp7303-validation:private_script_capture] [exp7995] before_slot=18 elapsed_s=0.066
[exp7303-validation:private_script_capture] [exp7995] before_token_admission=18
[exp7303-validation:private_script_capture] [exp7995] after_token_admission=18
[exp7303-validation:private_script_capture] [exp7995] before_generation=18
[exp7303-validation:private_script_capture] [exp7995] after_generation=18
[exp7303-validation:private_script_capture] [exp7995] checkpoint completed_slots=19
[exp7303-validation:private_script_capture] [exp7995] before_slot=19 elapsed_s=0.070
[exp7303-validation:private_script_capture] [exp7995] before_token_admission=19
[exp7303-validation:private_script_capture] [exp7995] after_token_admission=19
[exp7303-validation:private_script_capture] [exp7995] before_generation=19
[exp7303-validation:private_script_capture] [exp7995] after_generation=19
[exp7303-validation:private_script_capture] [exp7995] checkpoint completed_slots=20
[exp7303-validation:private_script_capture] [exp7995] before_slot=20 elapsed_s=0.075
[exp7303-validation:private_script_capture] [exp7995] before_token_admission=20
[exp7303-validation:private_script_capture] [exp7995] after_token_admission=20
[exp7303-validation:private_script_capture] [exp7995] before_generation=20
[exp7303-validation:private_script_capture] [exp7995] after_generation=20
[exp7303-validation:private_script_capture] [exp7995] checkpoint completed_slots=21
[exp7303-validation:private_script_capture] [exp7995] before_slot=21 elapsed_s=0.079
[exp7303-validation:private_script_capture] [exp7995] before_token_admission=21
[exp7303-validation:private_script_capture] [exp7995] after_token_admission=21
[exp7303-validation:private_script_capture] [exp7995] before_generation=21
[exp7303-validation:private_script_capture] [exp7995] after_generation=21
[exp7303-validation:private_script_capture] [exp7995] checkpoint completed_slots=22
[exp7303-validation:private_script_capture] [exp7995] before_slot=22 elapsed_s=0.084
[exp7303-validation:private_script_capture] [exp7995] before_token_admission=22
[exp7303-validation:private_script_capture] [exp7995] after_token_admission=22
[exp7303-validation:private_script_capture] [exp7995] before_generation=22
[exp7303-validation:private_script_capture] [exp7995] after_generation=22
[exp7303-validation:private_script_capture] [exp7995] checkpoint completed_slots=23
[exp7303-validation:private_script_capture] [exp7995] before_slot=23 elapsed_s=0.088
[exp7303-validation:private_script_capture] [exp7995] before_token_admission=23
[exp7303-validation:private_script_capture] [exp7995] after_token_admission=23
[exp7303-validation:private_script_capture] [exp7995] before_generation=23
[exp7303-validation:private_script_capture] [exp7995] after_generation=23
[exp7303-validation:private_script_capture] [exp7995] checkpoint completed_slots=24
[exp7303-validation:private_script_capture] [exp7995] before_slot=24 elapsed_s=0.093
[exp7303-validation:private_script_capture] [exp7995] before_token_admission=24
[exp7303-validation:private_script_capture] [exp7995] after_token_admission=24
[exp7303-validation:private_script_capture] [exp7995] before_generation=24
[exp7303-validation:private_script_capture] [exp7995] after_generation=24
[exp7303-validation:private_script_capture] [exp7995] checkpoint completed_slots=25
[exp7303-validation:private_script_capture] [exp7995] before_slot=25 elapsed_s=0.097
[exp7303-validation:private_script_capture] [exp7995] before_token_admission=25
[exp7303-validation:private_script_capture] [exp7995] after_token_admission=25
[exp7303-validation:private_script_capture] [exp7995] before_generation=25
[exp7303-validation:private_script_capture] [exp7995] after_generation=25
[exp7303-validation:private_script_capture] [exp7995] checkpoint completed_slots=26
[exp7303-validation:private_script_capture] [exp7995] before_slot=26 elapsed_s=0.102
[exp7303-validation:private_script_capture] [exp7995] before_token_admission=26
[exp7303-validation:private_script_capture] [exp7995] after_token_admission=26
[exp7303-validation:private_script_capture] [exp7995] before_generation=26
[exp7303-validation:private_script_capture] [exp7995] after_generation=26
[exp7303-validation:private_script_capture] [exp7995] checkpoint completed_slots=27
[exp7303-validation:private_script_capture] [exp7995] before_slot=27 elapsed_s=0.107
[exp7303-validation:private_script_capture] [exp7995] before_token_admission=27
[exp7303-validation:private_script_capture] [exp7995] after_token_admission=27
[exp7303-validation:private_script_capture] [exp7995] before_generation=27
[exp7303-validation:private_script_capture] [exp7995] after_generation=27
[exp7303-validation:private_script_capture] [exp7995] checkpoint completed_slots=28
[exp7303-validation:private_script_capture] [exp7995] before_slot=28 elapsed_s=0.111
[exp7303-validation:private_script_capture] [exp7995] before_token_admission=28
[exp7303-validation:private_script_capture] [exp7995] after_token_admission=28
[exp7303-validation:private_script_capture] [exp7995] before_generation=28
[exp7303-validation:private_script_capture] [exp7995] after_generation=28
[exp7303-validation:private_script_capture] [exp7995] checkpoint completed_slots=29
[exp7303-validation:private_script_capture] [exp7995] before_slot=29 elapsed_s=0.116
[exp7303-validation:private_script_capture] [exp7995] before_token_admission=29
[exp7303-validation:private_script_capture] [exp7995] after_token_admission=29
[exp7303-validation:private_script_capture] [exp7995] before_generation=29
[exp7303-validation:private_script_capture] [exp7995] after_generation=29
[exp7303-validation:private_script_capture] [exp7995] checkpoint completed_slots=30
[exp7303-validation:private_script_capture] [exp7995] before_slot=30 elapsed_s=0.121
[exp7303-validation:private_script_capture] [exp7995] before_token_admission=30
[exp7303-validation:private_script_capture] [exp7995] after_token_admission=30
[exp7303-validation:private_script_capture] [exp7995] before_generation=30
[exp7303-validation:private_script_capture] [exp7995] after_generation=30
[exp7303-validation:private_script_capture] [exp7995] checkpoint completed_slots=31
[exp7303-validation:private_script_capture] [exp7995] before_slot=31 elapsed_s=0.125
[exp7303-validation:private_script_capture] [exp7995] before_token_admission=31
[exp7303-validation:private_script_capture] [exp7995] after_token_admission=31
[exp7303-validation:private_script_capture] [exp7995] before_generation=31
[exp7303-validation:private_script_capture] [exp7995] after_generation=31
[exp7303-validation:private_script_capture] [exp7995] checkpoint completed_slots=32
[exp7303-validation:private_script_capture] [exp7995] before_slot=32 elapsed_s=0.130
[exp7303-validation:private_script_capture] [exp7995] before_token_admission=32
[exp7303-validation:private_script_capture] [exp7995] after_token_admission=32
[exp7303-validation:private_script_capture] [exp7995] before_generation=32
[exp7303-validation:private_script_capture] [exp7995] after_generation=32
[exp7303-validation:private_script_capture] [exp7995] checkpoint completed_slots=33
[exp7303-validation:private_script_capture] [exp7995] before_slot=33 elapsed_s=0.135
[exp7303-validation:private_script_capture] [exp7995] before_token_admission=33
[exp7303-validation:private_script_capture] [exp7995] after_token_admission=33
[exp7303-validation:private_script_capture] [exp7995] before_generation=33
[exp7303-validation:private_script_capture] [exp7995] after_generation=33
[exp7303-validation:private_script_capture] [exp7995] checkpoint completed_slots=34
[exp7303-validation:private_script_capture] [exp7995] before_slot=34 elapsed_s=0.139
[exp7303-validation:private_script_capture] [exp7995] before_token_admission=34
[exp7303-validation:private_script_capture] [exp7995] after_token_admission=34
[exp7303-validation:private_script_capture] [exp7995] before_generation=34
[exp7303-validation:private_script_capture] [exp7995] after_generation=34
[exp7303-validation:private_script_capture] [exp7995] checkpoint completed_slots=35
[exp7303-validation:private_script_capture] [exp7995] before_slot=35 elapsed_s=0.144
[exp7303-validation:private_script_capture] [exp7995] before_token_admission=35
[exp7303-validation:private_script_capture] [exp7995] after_token_admission=35
[exp7303-validation:private_script_capture] [exp7995] before_generation=35
[exp7303-validation:private_script_capture] [exp7995] after_generation=35
[exp7303-validation:private_script_capture] [exp7995] checkpoint completed_slots=36
[exp7303-validation:private_script_capture] [exp7995] before_slot=36 elapsed_s=0.149
[exp7303-validation:private_script_capture] [exp7995] before_token_admission=36
[exp7303-validation:private_script_capture] [exp7995] after_token_admission=36
[exp7303-validation:private_script_capture] [exp7995] before_generation=36
[exp7303-validation:private_script_capture] [exp7995] after_generation=36
[exp7303-validation:private_script_capture] [exp7995] checkpoint completed_slots=37
[exp7303-validation:private_script_capture] [exp7995] before_slot=37 elapsed_s=0.154
[exp7303-validation:private_script_capture] [exp7995] before_token_admission=37
[exp7303-validation:private_script_capture] [exp7995] after_token_admission=37
[exp7303-validation:private_script_capture] [exp7995] before_generation=37
[exp7303-validation:private_script_capture] [exp7995] after_generation=37
[exp7303-validation:private_script_capture] [exp7995] checkpoint completed_slots=38
[exp7303-validation:private_script_capture] [exp7995] before_slot=38 elapsed_s=0.158
[exp7303-validation:private_script_capture] [exp7995] before_token_admission=38
[exp7303-validation:private_script_capture] [exp7995] after_token_admission=38
[exp7303-validation:private_script_capture] [exp7995] before_generation=38
[exp7303-validation:private_script_capture] [exp7995] after_generation=38
[exp7303-validation:private_script_capture] [exp7995] checkpoint completed_slots=39
[exp7303-validation:private_script_capture] [exp7995] before_slot=39 elapsed_s=0.163
[exp7303-validation:private_script_capture] [exp7995] before_token_admission=39
[exp7303-validation:private_script_capture] [exp7995] after_token_admission=39
[exp7303-validation:private_script_capture] [exp7995] before_generation=39
[exp7303-validation:private_script_capture] [exp7995] after_generation=39
[exp7303-validation:private_script_capture] [exp7995] checkpoint completed_slots=40
[exp7303-validation:private_script_capture] [exp7995] before_slot=40 elapsed_s=0.167
[exp7303-validation:private_script_capture] [exp7995] before_token_admission=40
[exp7303-validation:private_script_capture] [exp7995] after_token_admission=40
[exp7303-validation:private_script_capture] [exp7995] before_generation=40
[exp7303-validation:private_script_capture] [exp7995] after_generation=40
[exp7303-validation:private_script_capture] [exp7995] checkpoint completed_slots=41
[exp7303-validation:private_script_capture] [exp7995] before_slot=41 elapsed_s=0.172
[exp7303-validation:private_script_capture] [exp7995] before_token_admission=41
[exp7303-validation:private_script_capture] [exp7995] after_token_admission=41
[exp7303-validation:private_script_capture] [exp7995] before_generation=41
[exp7303-validation:private_script_capture] [exp7995] after_generation=41
[exp7303-validation:private_script_capture] [exp7995] checkpoint completed_slots=42
[exp7303-validation:private_script_capture] [exp7995] before_slot=42 elapsed_s=0.177
[exp7303-validation:private_script_capture] [exp7995] before_token_admission=42
[exp7303-validation:private_script_capture] [exp7995] after_token_admission=42
[exp7303-validation:private_script_capture] [exp7995] before_generation=42
[exp7303-validation:private_script_capture] [exp7995] after_generation=42
[exp7303-validation:private_script_capture] [exp7995] checkpoint completed_slots=43
[exp7303-validation:private_script_capture] [exp7995] before_slot=43 elapsed_s=0.182
[exp7303-validation:private_script_capture] [exp7995] before_token_admission=43
[exp7303-validation:private_script_capture] [exp7995] after_token_admission=43
[exp7303-validation:private_script_capture] [exp7995] before_generation=43
[exp7303-validation:private_script_capture] [exp7995] after_generation=43
[exp7303-validation:private_script_capture] [exp7995] checkpoint completed_slots=44
[exp7303-validation:private_script_capture] [exp7995] before_slot=44 elapsed_s=0.187
[exp7303-validation:private_script_capture] [exp7995] before_token_admission=44
[exp7303-validation:private_script_capture] [exp7995] after_token_admission=44
[exp7303-validation:private_script_capture] [exp7995] before_generation=44
[exp7303-validation:private_script_capture] [exp7995] after_generation=44
[exp7303-validation:private_script_capture] [exp7995] checkpoint completed_slots=45
[exp7303-validation:private_script_capture] [exp7995] before_slot=45 elapsed_s=0.191
[exp7303-validation:private_script_capture] [exp7995] before_token_admission=45
[exp7303-validation:private_script_capture] [exp7995] after_token_admission=45
[exp7303-validation:private_script_capture] [exp7995] before_generation=45
[exp7303-validation:private_script_capture] [exp7995] after_generation=45
[exp7303-validation:private_script_capture] [exp7995] checkpoint completed_slots=46
[exp7303-validation:private_script_capture] [exp7995] before_slot=46 elapsed_s=0.196
[exp7303-validation:private_script_capture] [exp7995] before_token_admission=46
[exp7303-validation:private_script_capture] [exp7995] after_token_admission=46
[exp7303-validation:private_script_capture] [exp7995] before_generation=46
[exp7303-validation:private_script_capture] [exp7995] after_generation=46
[exp7303-validation:private_script_capture] [exp7995] checkpoint completed_slots=47
[exp7303-validation:private_script_capture] [exp7995] before_slot=47 elapsed_s=0.201
[exp7303-validation:private_script_capture] [exp7995] before_token_admission=47
[exp7303-validation:private_script_capture] [exp7995] after_token_admission=47
[exp7303-validation:private_script_capture] [exp7995] before_generation=47
[exp7303-validation:private_script_capture] [exp7995] after_generation=47
[exp7303-validation:private_script_capture] [exp7995] checkpoint completed_slots=48
[exp7303-validation:private_script_capture] [exp7995] before_slot=48 elapsed_s=0.206
[exp7303-validation:private_script_capture] [exp7995] checkpoint completed_slots=49
[exp7303-validation:private_script_capture] [exp7995] before_slot=49 elapsed_s=0.207
[exp7303-validation:private_script_capture] [exp7995] checkpoint completed_slots=50
[exp7303-validation:private_script_capture] [exp7995] before_slot=50 elapsed_s=0.207
[exp7303-validation:private_script_capture] [exp7995] checkpoint completed_slots=51
[exp7303-validation:private_script_capture] [exp7995] before_slot=51 elapsed_s=0.208
[exp7303-validation:private_script_capture] [exp7995] before_token_admission=51
[exp7303-validation:private_script_capture] [exp7995] after_token_admission=51
[exp7303-validation:private_script_capture] [exp7995] before_generation=51
[exp7303-validation:private_script_capture] [exp7995] after_generation=51
[exp7303-validation:private_script_capture] [exp7995] checkpoint completed_slots=52
[exp7303-validation:private_script_capture] [exp7995] before_slot=52 elapsed_s=0.213
[exp7303-validation:private_script_capture] [exp7995] before_token_admission=52
[exp7303-validation:private_script_capture] [exp7995] after_token_admission=52
[exp7303-validation:private_script_capture] [exp7995] before_generation=52
[exp7303-validation:private_script_capture] [exp7995] after_generation=52
[exp7303-validation:private_script_capture] [exp7995] checkpoint completed_slots=53
[exp7303-validation:private_script_capture] [exp7995] before_slot=53 elapsed_s=0.218
[exp7303-validation:private_script_capture] [exp7995] before_token_admission=53
[exp7303-validation:private_script_capture] [exp7995] after_token_admission=53
[exp7303-validation:private_script_capture] [exp7995] before_generation=53
[exp7303-validation:private_script_capture] [exp7995] after_generation=53
[exp7303-validation:private_script_capture] [exp7995] checkpoint completed_slots=54
[exp7303-validation:private_script_capture] [exp7995] before_slot=54 elapsed_s=0.223
[exp7303-validation:private_script_capture] [exp7995] before_token_admission=54
[exp7303-validation:private_script_capture] [exp7995] after_token_admission=54
[exp7303-validation:private_script_capture] [exp7995] before_generation=54
[exp7303-validation:private_script_capture] [exp7995] after_generation=54
[exp7303-validation:private_script_capture] [exp7995] checkpoint completed_slots=55
[exp7303-validation:private_script_capture] [exp7995] before_slot=55 elapsed_s=0.229
[exp7303-validation:private_script_capture] [exp7995] before_token_admission=55
[exp7303-validation:private_script_capture] [exp7995] after_token_admission=55
[exp7303-validation:private_script_capture] [exp7995] before_generation=55
[exp7303-validation:private_script_capture] [exp7995] after_generation=55
[exp7303-validation:private_script_capture] [exp7995] checkpoint completed_slots=56
[exp7303-validation:private_script_capture] [exp7995] before_slot=56 elapsed_s=0.234
[exp7303-validation:private_script_capture] [exp7995] before_token_admission=56
[exp7303-validation:private_script_capture] [exp7995] after_token_admission=56
[exp7303-validation:private_script_capture] [exp7995] before_generation=56
[exp7303-validation:private_script_capture] [exp7995] after_generation=56
[exp7303-validation:private_script_capture] [exp7995] checkpoint completed_slots=57
[exp7303-validation:private_script_capture] [exp7995] before_slot=57 elapsed_s=0.240
[exp7303-validation:private_script_capture] [exp7995] before_token_admission=57
[exp7303-validation:private_script_capture] [exp7995] after_token_admission=57
[exp7303-validation:private_script_capture] [exp7995] before_generation=57
[exp7303-validation:private_script_capture] [exp7995] after_generation=57
[exp7303-validation:private_script_capture] [exp7995] checkpoint completed_slots=58
[exp7303-validation:private_script_capture] [exp7995] before_slot=58 elapsed_s=0.245
[exp7303-validation:private_script_capture] [exp7995] before_token_admission=58
[exp7303-validation:private_script_capture] [exp7995] after_token_admission=58
[exp7303-validation:private_script_capture] [exp7995] before_generation=58
[exp7303-validation:private_script_capture] [exp7995] after_generation=58
[exp7303-validation:private_script_capture] [exp7995] checkpoint completed_slots=59
[exp7303-validation:private_script_capture] [exp7995] before_slot=59 elapsed_s=0.250
[exp7303-validation:private_script_capture] [exp7995] before_token_admission=59
[exp7303-validation:private_script_capture] [exp7995] after_token_admission=59
[exp7303-validation:private_script_capture] [exp7995] before_generation=59
[exp7303-validation:private_script_capture] [exp7995] after_generation=59
[exp7303-validation:private_script_capture] [exp7995] checkpoint completed_slots=60
[exp7303-validation:private_script_capture] [exp7995] before_slot=60 elapsed_s=0.256
[exp7303-validation:private_script_capture] [exp7995] before_token_admission=60
[exp7303-validation:private_script_capture] [exp7995] after_token_admission=60
[exp7303-validation:private_script_capture] [exp7995] before_generation=60
[exp7303-validation:private_script_capture] [exp7995] after_generation=60
[exp7303-validation:private_script_capture] [exp7995] checkpoint completed_slots=61
[exp7303-validation:private_script_capture] [exp7995] before_slot=61 elapsed_s=0.261
[exp7303-validation:private_script_capture] [exp7995] before_token_admission=61
[exp7303-validation:private_script_capture] [exp7995] after_token_admission=61
[exp7303-validation:private_script_capture] [exp7995] before_generation=61
[exp7303-validation:private_script_capture] [exp7995] after_generation=61
[exp7303-validation:private_script_capture] [exp7995] checkpoint completed_slots=62
[exp7303-validation:private_script_capture] [exp7995] before_slot=62 elapsed_s=0.267
[exp7303-validation:private_script_capture] [exp7995] before_token_admission=62
[exp7303-validation:private_script_capture] [exp7995] after_token_admission=62
[exp7303-validation:private_script_capture] [exp7995] before_generation=62
[exp7303-validation:private_script_capture] [exp7995] after_generation=62
[exp7303-validation:private_script_capture] [exp7995] checkpoint completed_slots=63
[exp7303-validation:private_script_capture] [exp7995] before_slot=63 elapsed_s=0.272
[exp7303-validation:private_script_capture] [exp7995] checkpoint completed_slots=64
[exp7303-validation:private_script_capture] [exp7995] before_slot=64 elapsed_s=0.273
[exp7303-validation:private_script_capture] [exp7995] checkpoint completed_slots=65
[exp7303-validation:private_script_capture] [exp7995] before_slot=65 elapsed_s=0.274
[exp7303-validation:private_script_capture] [exp7995] checkpoint completed_slots=66
[exp7303-validation:private_script_capture] [exp7995] before_slot=66 elapsed_s=0.274
[exp7303-validation:private_script_capture] [exp7995] before_token_admission=66
[exp7303-validation:private_script_capture] [exp7995] after_token_admission=66
[exp7303-validation:private_script_capture] [exp7995] before_generation=66
[exp7303-validation:private_script_capture] [exp7995] after_generation=66
[exp7303-validation:private_script_capture] [exp7995] checkpoint completed_slots=67
[exp7303-validation:private_script_capture] [exp7995] before_slot=67 elapsed_s=0.280
[exp7303-validation:private_script_capture] [exp7995] before_token_admission=67
[exp7303-validation:private_script_capture] [exp7995] after_token_admission=67
[exp7303-validation:private_script_capture] [exp7995] before_generation=67
[exp7303-validation:private_script_capture] [exp7995] after_generation=67
[exp7303-validation:private_script_capture] [exp7995] checkpoint completed_slots=68
[exp7303-validation:private_script_capture] [exp7995] before_slot=68 elapsed_s=0.285
[exp7303-validation:private_script_capture] [exp7995] before_token_admission=68
[exp7303-validation:private_script_capture] [exp7995] after_token_admission=68
[exp7303-validation:private_script_capture] [exp7995] before_generation=68
[exp7303-validation:private_script_capture] [exp7995] after_generation=68
[exp7303-validation:private_script_capture] [exp7995] checkpoint completed_slots=69
[exp7303-validation:private_script_capture] [exp7995] before_slot=69 elapsed_s=0.291
[exp7303-validation:private_script_capture] [exp7995] before_token_admission=69
[exp7303-validation:private_script_capture] [exp7995] after_token_admission=69
[exp7303-validation:private_script_capture] [exp7995] before_generation=69
[exp7303-validation:private_script_capture] [exp7995] after_generation=69
[exp7303-validation:private_script_capture] [exp7995] checkpoint completed_slots=70
[exp7303-validation:private_script_capture] [exp7995] before_slot=70 elapsed_s=0.296
[exp7303-validation:private_script_capture] [exp7995] before_token_admission=70
[exp7303-validation:private_script_capture] [exp7995] after_token_admission=70
[exp7303-validation:private_script_capture] [exp7995] before_generation=70
[exp7303-validation:private_script_capture] [exp7995] after_generation=70
[exp7303-validation:private_script_capture] [exp7995] checkpoint completed_slots=71
[exp7303-validation:private_script_capture] [exp7995] before_slot=71 elapsed_s=0.301
[exp7303-validation:private_script_capture] [exp7995] before_token_admission=71
[exp7303-validation:private_script_capture] [exp7995] after_token_admission=71
[exp7303-validation:private_script_capture] [exp7995] before_generation=71
[exp7303-validation:private_script_capture] [exp7995] after_generation=71
[exp7303-validation:private_script_capture] [exp7995] checkpoint completed_slots=72
[exp7303-validation:private_script_capture] [exp7995] before_slot=72 elapsed_s=0.307
[exp7303-validation:private_script_capture] [exp7995] before_token_admission=72
[exp7303-validation:private_script_capture] [exp7995] after_token_admission=72
[exp7303-validation:private_script_capture] [exp7995] before_generation=72
[exp7303-validation:private_script_capture] [exp7995] after_generation=72
[exp7303-validation:private_script_capture] [exp7995] checkpoint completed_slots=73
[exp7303-validation:private_script_capture] [exp7995] before_slot=73 elapsed_s=0.312
[exp7303-validation:private_script_capture] [exp7995] before_token_admission=73
[exp7303-validation:private_script_capture] [exp7995] after_token_admission=73
[exp7303-validation:private_script_capture] [exp7995] before_generation=73
[exp7303-validation:private_script_capture] [exp7995] after_generation=73
[exp7303-validation:private_script_capture] [exp7995] checkpoint completed_slots=74
[exp7303-validation:private_script_capture] [exp7995] before_slot=74 elapsed_s=0.318
[exp7303-validation:private_script_capture] [exp7995] before_token_admission=74
[exp7303-validation:private_script_capture] [exp7995] after_token_admission=74
[exp7303-validation:private_script_capture] [exp7995] before_generation=74
[exp7303-validation:private_script_capture] [exp7995] after_generation=74
[exp7303-validation:private_script_capture] [exp7995] checkpoint completed_slots=75
[exp7303-validation:private_script_capture] [exp7995] before_slot=75 elapsed_s=0.323
[exp7303-validation:private_script_capture] [exp7995] before_token_admission=75
[exp7303-validation:private_script_capture] [exp7995] after_token_admission=75
[exp7303-validation:private_script_capture] [exp7995] before_generation=75
[exp7303-validation:private_script_capture] [exp7995] after_generation=75
[exp7303-validation:private_script_capture] [exp7995] checkpoint completed_slots=76
[exp7303-validation:private_script_capture] [exp7995] before_slot=76 elapsed_s=0.329
[exp7303-validation:private_script_capture] [exp7995] before_token_admission=76
[exp7303-validation:private_script_capture] [exp7995] after_token_admission=76
[exp7303-validation:private_script_capture] [exp7995] before_generation=76
[exp7303-validation:private_script_capture] [exp7995] after_generation=76
[exp7303-validation:private_script_capture] [exp7995] checkpoint completed_slots=77
[exp7303-validation:private_script_capture] [exp7995] before_slot=77 elapsed_s=0.335
[exp7303-validation:private_script_capture] [exp7995] before_token_admission=77
[exp7303-validation:private_script_capture] [exp7995] after_token_admission=77
[exp7303-validation:private_script_capture] [exp7995] before_generation=77
[exp7303-validation:private_script_capture] [exp7995] after_generation=77
[exp7303-validation:private_script_capture] [exp7995] checkpoint completed_slots=78
[exp7303-validation:private_script_capture] [exp7995] before_slot=78 elapsed_s=0.340
[exp7303-validation:private_script_capture] [exp7995] before_token_admission=78
[exp7303-validation:private_script_capture] [exp7995] after_token_admission=78
[exp7303-validation:private_script_capture] [exp7995] before_generation=78
[exp7303-validation:private_script_capture] [exp7995] after_generation=78
[exp7303-validation:private_script_capture] [exp7995] checkpoint completed_slots=79
[exp7303-validation:private_script_capture] [exp7995] before_slot=79 elapsed_s=0.346
[exp7303-validation:private_script_capture] [exp7995] before_token_admission=79
[exp7303-validation:private_script_capture] [exp7995] after_token_admission=79
[exp7303-validation:private_script_capture] [exp7995] before_generation=79
[exp7303-validation:private_script_capture] [exp7995] after_generation=79
[exp7303-validation:private_script_capture] [exp7995] checkpoint completed_slots=80
[exp7303-validation:private_script_capture] [exp7995] before_slot=80 elapsed_s=0.351
[exp7303-validation:private_script_capture] [exp7995] before_token_admission=80
[exp7303-validation:private_script_capture] [exp7995] after_token_admission=80
[exp7303-validation:private_script_capture] [exp7995] before_generation=80
[exp7303-validation:private_script_capture] [exp7995] after_generation=80
[exp7303-validation:private_script_capture] [exp7995] checkpoint completed_slots=81
[exp7303-validation:private_script_capture] [exp7995] before_slot=81 elapsed_s=0.357
[exp7303-validation:private_script_capture] [exp7995] checkpoint completed_slots=82
[exp7303-validation:private_script_capture] [exp7995] before_slot=82 elapsed_s=0.358
[exp7303-validation:private_script_capture] [exp7995] checkpoint completed_slots=83
[exp7303-validation:private_script_capture] [exp7995] before_slot=83 elapsed_s=0.358
[exp7303-validation:private_script_capture] [exp7995] checkpoint completed_slots=84
[exp7303-validation:private_script_capture] [exp7995] before_slot=84 elapsed_s=0.359
[exp7303-validation:private_script_capture] [exp7995] before_token_admission=84
[exp7303-validation:private_script_capture] [exp7995] after_token_admission=84
[exp7303-validation:private_script_capture] [exp7995] before_generation=84
[exp7303-validation:private_script_capture] [exp7995] after_generation=84
[exp7303-validation:private_script_capture] [exp7995] checkpoint completed_slots=85
[exp7303-validation:private_script_capture] [exp7995] before_slot=85 elapsed_s=0.365
[exp7303-validation:private_script_capture] [exp7995] before_token_admission=85
[exp7303-validation:private_script_capture] [exp7995] after_token_admission=85
[exp7303-validation:private_script_capture] [exp7995] before_generation=85
[exp7303-validation:private_script_capture] [exp7995] after_generation=85
[exp7303-validation:private_script_capture] [exp7995] checkpoint completed_slots=86
[exp7303-validation:private_script_capture] [exp7995] before_slot=86 elapsed_s=0.371
[exp7303-validation:private_script_capture] [exp7995] before_token_admission=86
[exp7303-validation:private_script_capture] [exp7995] after_token_admission=86
[exp7303-validation:private_script_capture] [exp7995] before_generation=86
[exp7303-validation:private_script_capture] [exp7995] after_generation=86
[exp7303-validation:private_script_capture] [exp7995] checkpoint completed_slots=87
[exp7303-validation:private_script_capture] [exp7995] before_slot=87 elapsed_s=0.377
[exp7303-validation:private_script_capture] [exp7995] before_token_admission=87
[exp7303-validation:private_script_capture] [exp7995] after_token_admission=87
[exp7303-validation:private_script_capture] [exp7995] before_generation=87
[exp7303-validation:private_script_capture] [exp7995] after_generation=87
[exp7303-validation:private_script_capture] [exp7995] checkpoint completed_slots=88
[exp7303-validation:private_script_capture] [exp7995] before_slot=88 elapsed_s=0.383
[exp7303-validation:private_script_capture] [exp7995] before_token_admission=88
[exp7303-validation:private_script_capture] [exp7995] after_token_admission=88
[exp7303-validation:private_script_capture] [exp7995] before_generation=88
[exp7303-validation:private_script_capture] [exp7995] after_generation=88
[exp7303-validation:private_script_capture] [exp7995] checkpoint completed_slots=89
[exp7303-validation:private_script_capture] [exp7995] before_slot=89 elapsed_s=0.389
[exp7303-validation:private_script_capture] [exp7995] before_token_admission=89
[exp7303-validation:private_script_capture] [exp7995] after_token_admission=89
[exp7303-validation:private_script_capture] [exp7995] before_generation=89
[exp7303-validation:private_script_capture] [exp7995] after_generation=89
[exp7303-validation:private_script_capture] [exp7995] checkpoint completed_slots=90
[exp7303-validation:private_script_capture] [exp7995] before_slot=90 elapsed_s=0.394
[exp7303-validation:private_script_capture] [exp7995] checkpoint completed_slots=91
[exp7303-validation:private_script_capture] [exp7995] before_slot=91 elapsed_s=0.394
[exp7303-validation:private_script_capture] [exp7995] checkpoint completed_slots=92
[exp7303-validation:private_script_capture] [exp7995] before_slot=92 elapsed_s=0.395
[exp7303-validation:private_script_capture] [exp7995] checkpoint completed_slots=93
[exp7303-validation:private_script_capture] [exp7995] before_slot=93 elapsed_s=0.395
[exp7303-validation:private_script_capture] [exp7995] before_token_admission=93
[exp7303-validation:private_script_capture] [exp7995] after_token_admission=93
[exp7303-validation:private_script_capture] [exp7995] before_generation=93
[exp7303-validation:private_script_capture] [exp7995] after_generation=93
[exp7303-validation:private_script_capture] [exp7995] checkpoint completed_slots=94
[exp7303-validation:private_script_capture] [exp7995] before_slot=94 elapsed_s=0.401
[exp7303-validation:private_script_capture] [exp7995] before_token_admission=94
[exp7303-validation:private_script_capture] [exp7995] after_token_admission=94
[exp7303-validation:private_script_capture] [exp7995] before_generation=94
[exp7303-validation:private_script_capture] [exp7995] after_generation=94
[exp7303-validation:private_script_capture] [exp7995] checkpoint completed_slots=95
[exp7303-validation:private_script_capture] [exp7995] before_slot=95 elapsed_s=0.406
[exp7303-validation:private_script_capture] [exp7995] before_token_admission=95
[exp7303-validation:private_script_capture] [exp7995] after_token_admission=95
[exp7303-validation:private_script_capture] [exp7995] before_generation=95
[exp7303-validation:private_script_capture] [exp7995] after_generation=95
[exp7303-validation:private_script_capture] [exp7995] checkpoint completed_slots=96
[exp7303-validation:private_script_capture] [exp7995] before_slot=96 elapsed_s=0.411
[exp7303-validation:private_script_capture] [exp7995] checkpoint completed_slots=97
[exp7303-validation:private_script_capture] [exp7995] before_slot=97 elapsed_s=0.411
[exp7303-validation:private_script_capture] [exp7995] checkpoint completed_slots=98
[exp7303-validation:private_script_capture] [exp7995] before_slot=98 elapsed_s=0.411
[exp7303-validation:private_script_capture] [exp7995] checkpoint completed_slots=99
[exp7303-validation:private_script_capture] [exp7995] before_slot=99 elapsed_s=0.412
[exp7303-validation:private_script_capture] [exp7995] checkpoint completed_slots=100
[exp7303-validation:private_script_capture] [exp7995] before_slot=100 elapsed_s=0.412
[exp7303-validation:private_script_capture] [exp7995] checkpoint completed_slots=101
[exp7303-validation:private_script_capture] [exp7995] before_slot=101 elapsed_s=0.412
[exp7303-validation:private_script_capture] [exp7995] checkpoint completed_slots=102
[exp7303-validation:private_script_capture] [exp7995] before_slot=102 elapsed_s=0.413
[exp7303-validation:private_script_capture] [exp7995] before_token_admission=102
[exp7303-validation:private_script_capture] [exp7995] after_token_admission=102
[exp7303-validation:private_script_capture] [exp7995] before_generation=102
[exp7303-validation:private_script_capture] [exp7995] after_generation=102
[exp7303-validation:private_script_capture] [exp7995] checkpoint completed_slots=103
[exp7303-validation:private_script_capture] [exp7995] before_slot=103 elapsed_s=0.419
[exp7303-validation:private_script_capture] [exp7995] before_token_admission=103
[exp7303-validation:private_script_capture] [exp7995] after_token_admission=103
[exp7303-validation:private_script_capture] [exp7995] before_generation=103
[exp7303-validation:private_script_capture] [exp7995] after_generation=103
[exp7303-validation:private_script_capture] [exp7995] checkpoint completed_slots=104
[exp7303-validation:private_script_capture] [exp7995] before_slot=104 elapsed_s=0.423
[exp7303-validation:private_script_capture] [exp7995] before_token_admission=104
[exp7303-validation:private_script_capture] [exp7995] after_token_admission=104
[exp7303-validation:private_script_capture] [exp7995] before_generation=104
[exp7303-validation:private_script_capture] [exp7995] after_generation=104
[exp7303-validation:private_script_capture] [exp7995] checkpoint completed_slots=105
[exp7303-validation:private_script_capture] [exp7995] before_slot=105 elapsed_s=0.429
[exp7303-validation:private_script_capture] [exp7995] before_token_admission=105
[exp7303-validation:private_script_capture] [exp7995] after_token_admission=105
[exp7303-validation:private_script_capture] [exp7995] before_generation=105
[exp7303-validation:private_script_capture] [exp7995] after_generation=105
[exp7303-validation:private_script_capture] [exp7995] checkpoint completed_slots=106
[exp7303-validation:private_script_capture] [exp7995] before_slot=106 elapsed_s=0.434
[exp7303-validation:private_script_capture] [exp7995] before_token_admission=106
[exp7303-validation:private_script_capture] [exp7995] after_token_admission=106
[exp7303-validation:private_script_capture] [exp7995] before_generation=106
[exp7303-validation:private_script_capture] [exp7995] after_generation=106
[exp7303-validation:private_script_capture] [exp7995] checkpoint completed_slots=107
[exp7303-validation:private_script_capture] [exp7995] before_slot=107 elapsed_s=0.440
[exp7303-validation:private_script_capture] [exp7995] before_token_admission=107
[exp7303-validation:private_script_capture] [exp7995] after_token_admission=107
[exp7303-validation:private_script_capture] [exp7995] before_generation=107
[exp7303-validation:private_script_capture] [exp7995] after_generation=107
[exp7303-validation:private_script_capture] [exp7995] checkpoint completed_slots=108
[exp7303-validation:private_script_capture] [exp7995] before_slot=108 elapsed_s=0.446
[exp7303-validation:private_script_capture] [exp7995] before_token_admission=108
[exp7303-validation:private_script_capture] [exp7995] after_token_admission=108
[exp7303-validation:private_script_capture] [exp7995] before_generation=108
[exp7303-validation:private_script_capture] [exp7995] after_generation=108
[exp7303-validation:private_script_capture] [exp7995] checkpoint completed_slots=109
[exp7303-validation:private_script_capture] [exp7995] before_slot=109 elapsed_s=0.451
[exp7303-validation:private_script_capture] [exp7995] before_token_admission=109
[exp7303-validation:private_script_capture] [exp7995] after_token_admission=109
[exp7303-validation:private_script_capture] [exp7995] before_generation=109
[exp7303-validation:private_script_capture] [exp7995] after_generation=109
[exp7303-validation:private_script_capture] [exp7995] checkpoint completed_slots=110
[exp7303-validation:private_script_capture] [exp7995] before_slot=110 elapsed_s=0.457
[exp7303-validation:private_script_capture] [exp7995] before_token_admission=110
[exp7303-validation:private_script_capture] [exp7995] after_token_admission=110
[exp7303-validation:private_script_capture] [exp7995] before_generation=110
[exp7303-validation:private_script_capture] [exp7995] after_generation=110
[exp7303-validation:private_script_capture] [exp7995] checkpoint completed_slots=111
[exp7303-validation:private_script_capture] [exp7995] before_slot=111 elapsed_s=0.463
[exp7303-validation:private_script_capture] [exp7995] before_token_admission=111
[exp7303-validation:private_script_capture] [exp7995] after_token_admission=111
[exp7303-validation:private_script_capture] [exp7995] before_generation=111
[exp7303-validation:private_script_capture] [exp7995] after_generation=111
[exp7303-validation:private_script_capture] [exp7995] checkpoint completed_slots=112
[exp7303-validation:private_script_capture] [exp7995] before_slot=112 elapsed_s=0.469
[exp7303-validation:private_script_capture] [exp7995] before_token_admission=112
[exp7303-validation:private_script_capture] [exp7995] after_token_admission=112
[exp7303-validation:private_script_capture] [exp7995] before_generation=112
[exp7303-validation:private_script_capture] [exp7995] after_generation=112
[exp7303-validation:private_script_capture] [exp7995] checkpoint completed_slots=113
[exp7303-validation:private_script_capture] [exp7995] before_slot=113 elapsed_s=0.475
[exp7303-validation:private_script_capture] [exp7995] before_token_admission=113
[exp7303-validation:private_script_capture] [exp7995] after_token_admission=113
[exp7303-validation:private_script_capture] [exp7995] before_generation=113
[exp7303-validation:private_script_capture] [exp7995] after_generation=113
[exp7303-validation:private_script_capture] [exp7995] checkpoint completed_slots=114
[exp7303-validation:private_script_capture] [exp7995] before_slot=114 elapsed_s=0.481
[exp7303-validation:private_script_capture] [exp7995] before_token_admission=114
[exp7303-validation:private_script_capture] [exp7995] after_token_admission=114
[exp7303-validation:private_script_capture] [exp7995] before_generation=114
[exp7303-validation:private_script_capture] [exp7995] after_generation=114
[exp7303-validation:private_script_capture] [exp7995] checkpoint completed_slots=115
[exp7303-validation:private_script_capture] [exp7995] before_slot=115 elapsed_s=0.488
[exp7303-validation:private_script_capture] [exp7995] before_token_admission=115
[exp7303-validation:private_script_capture] [exp7995] after_token_admission=115
[exp7303-validation:private_script_capture] [exp7995] before_generation=115
[exp7303-validation:private_script_capture] [exp7995] after_generation=115
[exp7303-validation:private_script_capture] [exp7995] checkpoint completed_slots=116
[exp7303-validation:private_script_capture] [exp7995] before_slot=116 elapsed_s=0.493
[exp7303-validation:private_script_capture] [exp7995] before_token_admission=116
[exp7303-validation:private_script_capture] [exp7995] after_token_admission=116
[exp7303-validation:private_script_capture] [exp7995] before_generation=116
[exp7303-validation:private_script_capture] [exp7995] after_generation=116
[exp7303-validation:private_script_capture] [exp7995] checkpoint completed_slots=117
[exp7303-validation:private_script_capture] [exp7995] before_slot=117 elapsed_s=0.500
[exp7303-validation:private_script_capture] [exp7995] before_token_admission=117
[exp7303-validation:private_script_capture] [exp7995] after_token_admission=117
[exp7303-validation:private_script_capture] [exp7995] before_generation=117
[exp7303-validation:private_script_capture] [exp7995] after_generation=117
[exp7303-validation:private_script_capture] [exp7995] checkpoint completed_slots=118
[exp7303-validation:private_script_capture] [exp7995] before_slot=118 elapsed_s=0.506
[exp7303-validation:private_script_capture] [exp7995] before_token_admission=118
[exp7303-validation:private_script_capture] [exp7995] after_token_admission=118
[exp7303-validation:private_script_capture] [exp7995] before_generation=118
[exp7303-validation:private_script_capture] [exp7995] after_generation=118
[exp7303-validation:private_script_capture] [exp7995] checkpoint completed_slots=119
[exp7303-validation:private_script_capture] [exp7995] before_slot=119 elapsed_s=0.512
[exp7303-validation:private_script_capture] [exp7995] before_token_admission=119
[exp7303-validation:private_script_capture] [exp7995] after_token_admission=119
[exp7303-validation:private_script_capture] [exp7995] before_generation=119
[exp7303-validation:private_script_capture] [exp7995] after_generation=119
[exp7303-validation:private_script_capture] [exp7995] checkpoint completed_slots=120
[exp7303-validation:private_script_capture] [exp7995] before_slot=120 elapsed_s=0.519
[exp7303-validation:private_script_capture] [exp7995] checkpoint completed_slots=121
[exp7303-validation:private_script_capture] [exp7995] before_slot=121 elapsed_s=0.519
[exp7303-validation:private_script_capture] [exp7995] checkpoint completed_slots=122
[exp7303-validation:private_script_capture] [exp7995] before_slot=122 elapsed_s=0.520
[exp7303-validation:private_script_capture] [exp7995] checkpoint completed_slots=123
[exp7303-validation:private_script_capture] [exp7995] before_slot=123 elapsed_s=0.520
[exp7303-validation:private_script_capture] [exp7995] before_token_admission=123
[exp7303-validation:private_script_capture] [exp7995] after_token_admission=123
[exp7303-validation:private_script_capture] [exp7995] before_generation=123
[exp7303-validation:private_script_capture] [exp7995] after_generation=123
[exp7303-validation:private_script_capture] [exp7995] checkpoint completed_slots=124
[exp7303-validation:private_script_capture] [exp7995] before_slot=124 elapsed_s=0.527
[exp7303-validation:private_script_capture] [exp7995] before_token_admission=124
[exp7303-validation:private_script_capture] [exp7995] after_token_admission=124
[exp7303-validation:private_script_capture] [exp7995] before_generation=124
[exp7303-validation:private_script_capture] [exp7995] after_generation=124
[exp7303-validation:private_script_capture] [exp7995] checkpoint completed_slots=125
[exp7303-validation:private_script_capture] [exp7995] before_slot=125 elapsed_s=0.533
[exp7303-validation:private_script_capture] [exp7995] before_token_admission=125
[exp7303-validation:private_script_capture] [exp7995] after_token_admission=125
[exp7303-validation:private_script_capture] [exp7995] before_generation=125
[exp7303-validation:private_script_capture] [exp7995] after_generation=125
[exp7303-validation:private_script_capture] [exp7995] checkpoint completed_slots=126
[exp7303-validation:private_script_capture] [exp7995] before_slot=126 elapsed_s=0.540
[exp7303-validation:private_script_capture] [exp7995] before_token_admission=126
[exp7303-validation:private_script_capture] [exp7995] after_token_admission=126
[exp7303-validation:private_script_capture] [exp7995] before_generation=126
[exp7303-validation:private_script_capture] [exp7995] after_generation=126
[exp7303-validation:private_script_capture] [exp7995] checkpoint completed_slots=127
[exp7303-validation:private_script_capture] [exp7995] before_slot=127 elapsed_s=0.546
[exp7303-validation:private_script_capture] [exp7995] before_token_admission=127
[exp7303-validation:private_script_capture] [exp7995] after_token_admission=127
[exp7303-validation:private_script_capture] [exp7995] before_generation=127
[exp7303-validation:private_script_capture] [exp7995] after_generation=127
[exp7303-validation:private_script_capture] [exp7995] checkpoint completed_slots=128
[exp7303-validation:private_script_capture] [exp7995] before_slot=128 elapsed_s=0.553
[exp7303-validation:private_script_capture] [exp7995] before_token_admission=128
[exp7303-validation:private_script_capture] [exp7995] after_token_admission=128
[exp7303-validation:private_script_capture] [exp7995] before_generation=128
[exp7303-validation:private_script_capture] [exp7995] after_generation=128
[exp7303-validation:private_script_capture] [exp7995] checkpoint completed_slots=129
[exp7303-validation:private_script_capture] [exp7995] before_slot=129 elapsed_s=0.560
[exp7303-validation:private_script_capture] [exp7995] before_token_admission=129
[exp7303-validation:private_script_capture] [exp7995] after_token_admission=129
[exp7303-validation:private_script_capture] [exp7995] before_generation=129
[exp7303-validation:private_script_capture] [exp7995] after_generation=129
[exp7303-validation:private_script_capture] [exp7995] checkpoint completed_slots=130
[exp7303-validation:private_script_capture] [exp7995] before_slot=130 elapsed_s=0.567
[exp7303-validation:private_script_capture] [exp7995] before_token_admission=130
[exp7303-validation:private_script_capture] [exp7995] after_token_admission=130
[exp7303-validation:private_script_capture] [exp7995] before_generation=130
[exp7303-validation:private_script_capture] [exp7995] after_generation=130
[exp7303-validation:private_script_capture] [exp7995] checkpoint completed_slots=131
[exp7303-validation:private_script_capture] [exp7995] before_slot=131 elapsed_s=0.574
[exp7303-validation:private_script_capture] [exp7995] before_token_admission=131
[exp7303-validation:private_script_capture] [exp7995] after_token_admission=131
[exp7303-validation:private_script_capture] [exp7995] before_generation=131
[exp7303-validation:private_script_capture] [exp7995] after_generation=131
[exp7303-validation:private_script_capture] [exp7995] checkpoint completed_slots=132
[exp7303-validation:private_script_capture] [exp7995] before_slot=132 elapsed_s=0.580
[exp7303-validation:private_script_capture] [exp7995] checkpoint completed_slots=133
[exp7303-validation:private_script_capture] [exp7995] before_slot=133 elapsed_s=0.581
[exp7303-validation:private_script_capture] [exp7995] checkpoint completed_slots=134
[exp7303-validation:private_script_capture] [exp7995] before_slot=134 elapsed_s=0.581
[exp7303-validation:private_script_capture] [exp7995] checkpoint completed_slots=135
[exp7303-validation:private_script_capture] [exp7995] before_slot=135 elapsed_s=0.582
[exp7303-validation:private_script_capture] [exp7995] checkpoint completed_slots=136
[exp7303-validation:private_script_capture] [exp7995] before_slot=136 elapsed_s=0.582
[exp7303-validation:private_script_capture] [exp7995] checkpoint completed_slots=137
[exp7303-validation:private_script_capture] [exp7995] before_slot=137 elapsed_s=0.583
[exp7303-validation:private_script_capture] [exp7995] checkpoint completed_slots=138
[exp7303-validation:private_script_capture] [exp7995] before_slot=138 elapsed_s=0.583
[exp7303-validation:private_script_capture] [exp7995] checkpoint completed_slots=139
[exp7303-validation:private_script_capture] [exp7995] before_slot=139 elapsed_s=0.584
[exp7303-validation:private_script_capture] [exp7995] checkpoint completed_slots=140
[exp7303-validation:private_script_capture] [exp7995] before_slot=140 elapsed_s=0.584
[exp7303-validation:private_script_capture] [exp7995] checkpoint completed_slots=141
[exp7303-validation:private_script_capture] [exp7995] before_slot=141 elapsed_s=0.585
[exp7303-validation:private_script_capture] [exp7995] before_token_admission=141
[exp7303-validation:private_script_capture] [exp7995] after_token_admission=141
[exp7303-validation:private_script_capture] [exp7995] before_generation=141
[exp7303-validation:private_script_capture] [exp7995] after_generation=141
[exp7303-validation:private_script_capture] [exp7995] checkpoint completed_slots=142
[exp7303-validation:private_script_capture] [exp7995] before_slot=142 elapsed_s=0.592
[exp7303-validation:private_script_capture] [exp7995] before_token_admission=142
[exp7303-validation:private_script_capture] [exp7995] after_token_admission=142
[exp7303-validation:private_script_capture] [exp7995] before_generation=142
[exp7303-validation:private_script_capture] [exp7995] after_generation=142
[exp7303-validation:private_script_capture] [exp7995] checkpoint completed_slots=143
[exp7303-validation:private_script_capture] [exp7995] before_slot=143 elapsed_s=0.597
[exp7303-validation:private_script_capture] [exp7995] before_token_admission=143
[exp7303-validation:private_script_capture] [exp7995] after_token_admission=143
[exp7303-validation:private_script_capture] [exp7995] before_generation=143
[exp7303-validation:private_script_capture] [exp7995] after_generation=143
[exp7303-validation:private_script_capture] [exp7995] checkpoint completed_slots=144
[exp7303-validation:private_script_capture] [exp7995] before_slot=144 elapsed_s=0.604
[exp7303-validation:private_script_capture] [exp7995] before_token_admission=144
[exp7303-validation:private_script_capture] [exp7995] after_token_admission=144
[exp7303-validation:private_script_capture] [exp7995] before_generation=144
[exp7303-validation:private_script_capture] [exp7995] after_generation=144
[exp7303-validation:private_script_capture] [exp7995] checkpoint completed_slots=145
[exp7303-validation:private_script_capture] [exp7995] before_slot=145 elapsed_s=0.610
[exp7303-validation:private_script_capture] [exp7995] before_token_admission=145
[exp7303-validation:private_script_capture] [exp7995] after_token_admission=145
[exp7303-validation:private_script_capture] [exp7995] before_generation=145
[exp7303-validation:private_script_capture] [exp7995] after_generation=145
[exp7303-validation:private_script_capture] [exp7995] checkpoint completed_slots=146
[exp7303-validation:private_script_capture] [exp7995] before_slot=146 elapsed_s=0.617
[exp7303-validation:private_script_capture] [exp7995] before_token_admission=146
[exp7303-validation:private_script_capture] [exp7995] after_token_admission=146
[exp7303-validation:private_script_capture] [exp7995] before_generation=146
[exp7303-validation:private_script_capture] [exp7995] after_generation=146
[exp7303-validation:private_script_capture] [exp7995] checkpoint completed_slots=147
[exp7303-validation:private_script_capture] [exp7995] before_slot=147 elapsed_s=0.623
[exp7303-validation:private_script_capture] [exp7995] before_token_admission=147
[exp7303-validation:private_script_capture] [exp7995] after_token_admission=147
[exp7303-validation:private_script_capture] [exp7995] before_generation=147
[exp7303-validation:private_script_capture] [exp7995] after_generation=147
[exp7303-validation:private_script_capture] [exp7995] checkpoint completed_slots=148
[exp7303-validation:private_script_capture] [exp7995] before_slot=148 elapsed_s=0.630
[exp7303-validation:private_script_capture] [exp7995] before_token_admission=148
[exp7303-validation:private_script_capture] [exp7995] after_token_admission=148
[exp7303-validation:private_script_capture] [exp7995] before_generation=148
[exp7303-validation:private_script_capture] [exp7995] after_generation=148
[exp7303-validation:private_script_capture] [exp7995] checkpoint completed_slots=149
[exp7303-validation:private_script_capture] [exp7995] before_slot=149 elapsed_s=0.636
[exp7303-validation:private_script_capture] [exp7995] before_token_admission=149
[exp7303-validation:private_script_capture] [exp7995] after_token_admission=149
[exp7303-validation:private_script_capture] [exp7995] before_generation=149
[exp7303-validation:private_script_capture] [exp7995] after_generation=149
[exp7303-validation:private_script_capture] [exp7995] checkpoint completed_slots=150
[exp7303-validation:private_script_capture] [exp7995] before_slot=150 elapsed_s=0.642
[exp7303-validation:private_script_capture] [exp7995] before_token_admission=150
[exp7303-validation:private_script_capture] [exp7995] after_token_admission=150
[exp7303-validation:private_script_capture] [exp7995] before_generation=150
[exp7303-validation:private_script_capture] [exp7995] after_generation=150
[exp7303-validation:private_script_capture] [exp7995] checkpoint completed_slots=151
[exp7303-validation:private_script_capture] [exp7995] before_slot=151 elapsed_s=0.649
[exp7303-validation:private_script_capture] [exp7995] before_token_admission=151
[exp7303-validation:private_script_capture] [exp7995] after_token_admission=151
[exp7303-validation:private_script_capture] [exp7995] before_generation=151
[exp7303-validation:private_script_capture] [exp7995] after_generation=151
[exp7303-validation:private_script_capture] [exp7995] checkpoint completed_slots=152
[exp7303-validation:private_script_capture] [exp7995] before_slot=152 elapsed_s=0.655
[exp7303-validation:private_script_capture] [exp7995] before_token_admission=152
[exp7303-validation:private_script_capture] [exp7995] after_token_admission=152
[exp7303-validation:private_script_capture] [exp7995] before_generation=152
[exp7303-validation:private_script_capture] [exp7995] after_generation=152
[exp7303-validation:private_script_capture] [exp7995] checkpoint completed_slots=153
[exp7303-validation:private_script_capture] [exp7995] before_slot=153 elapsed_s=0.662
[exp7303-validation:private_script_capture] [exp7995] before_token_admission=153
[exp7303-validation:private_script_capture] [exp7995] after_token_admission=153
[exp7303-validation:private_script_capture] [exp7995] before_generation=153
[exp7303-validation:private_script_capture] [exp7995] after_generation=153
[exp7303-validation:private_script_capture] [exp7995] checkpoint completed_slots=154
[exp7303-validation:private_script_capture] [exp7995] before_slot=154 elapsed_s=0.668
[exp7303-validation:private_script_capture] [exp7995] before_token_admission=154
[exp7303-validation:private_script_capture] [exp7995] after_token_admission=154
[exp7303-validation:private_script_capture] [exp7995] before_generation=154
[exp7303-validation:private_script_capture] [exp7995] after_generation=154
[exp7303-validation:private_script_capture] [exp7995] checkpoint completed_slots=155
[exp7303-validation:private_script_capture] [exp7995] before_slot=155 elapsed_s=0.674
[exp7303-validation:private_script_capture] [exp7995] before_token_admission=155
[exp7303-validation:private_script_capture] [exp7995] after_token_admission=155
[exp7303-validation:private_script_capture] [exp7995] before_generation=155
[exp7303-validation:private_script_capture] [exp7995] after_generation=155
[exp7303-validation:private_script_capture] [exp7995] checkpoint completed_slots=156
[exp7303-validation:private_script_capture] [exp7995] before_slot=156 elapsed_s=0.681
[exp7303-validation:private_script_capture] [exp7995] before_token_admission=156
[exp7303-validation:private_script_capture] [exp7995] after_token_admission=156
[exp7303-validation:private_script_capture] [exp7995] before_generation=156
[exp7303-validation:private_script_capture] [exp7995] after_generation=156
[exp7303-validation:private_script_capture] [exp7995] checkpoint completed_slots=157
[exp7303-validation:private_script_capture] [exp7995] before_slot=157 elapsed_s=0.688
[exp7303-validation:private_script_capture] [exp7995] before_token_admission=157
[exp7303-validation:private_script_capture] [exp7995] after_token_admission=157
[exp7303-validation:private_script_capture] [exp7995] before_generation=157
[exp7303-validation:private_script_capture] [exp7995] after_generation=157
[exp7303-validation:private_script_capture] [exp7995] checkpoint completed_slots=158
[exp7303-validation:private_script_capture] [exp7995] before_slot=158 elapsed_s=0.695
[exp7303-validation:private_script_capture] [exp7995] before_token_admission=158
[exp7303-validation:private_script_capture] [exp7995] after_token_admission=158
[exp7303-validation:private_script_capture] [exp7995] before_generation=158
[exp7303-validation:private_script_capture] [exp7995] after_generation=158
[exp7303-validation:private_script_capture] [exp7995] checkpoint completed_slots=159
[exp7303-validation:private_script_capture] [exp7995] before_slot=159 elapsed_s=0.701
[exp7303-validation:private_script_capture] [exp7995] before_token_admission=159
[exp7303-validation:private_script_capture] [exp7995] after_token_admission=159
[exp7303-validation:private_script_capture] [exp7995] before_generation=159
[exp7303-validation:private_script_capture] [exp7995] after_generation=159
[exp7303-validation:private_script_capture] [exp7995] checkpoint completed_slots=160
[exp7303-validation:private_script_capture] [exp7995] before_slot=160 elapsed_s=0.708
[exp7303-validation:private_script_capture] [exp7995] before_token_admission=160
[exp7303-validation:private_script_capture] [exp7995] after_token_admission=160
[exp7303-validation:private_script_capture] [exp7995] before_generation=160
[exp7303-validation:private_script_capture] [exp7995] after_generation=160
[exp7303-validation:private_script_capture] [exp7995] checkpoint completed_slots=161
[exp7303-validation:private_script_capture] [exp7995] before_slot=161 elapsed_s=0.714
[exp7303-validation:private_script_capture] [exp7995] before_token_admission=161
[exp7303-validation:private_script_capture] [exp7995] after_token_admission=161
[exp7303-validation:private_script_capture] [exp7995] before_generation=161
[exp7303-validation:private_script_capture] [exp7995] after_generation=161
[exp7303-validation:private_script_capture] [exp7995] checkpoint completed_slots=162
[exp7303-validation:private_script_capture] [exp7995] before_slot=162 elapsed_s=0.721
[exp7303-validation:private_script_capture] [exp7995] before_token_admission=162
[exp7303-validation:private_script_capture] [exp7995] after_token_admission=162
[exp7303-validation:private_script_capture] [exp7995] before_generation=162
[exp7303-validation:private_script_capture] [exp7995] after_generation=162
[exp7303-validation:private_script_capture] [exp7995] checkpoint completed_slots=163
[exp7303-validation:private_script_capture] [exp7995] before_slot=163 elapsed_s=0.728
[exp7303-validation:private_script_capture] [exp7995] before_token_admission=163
[exp7303-validation:private_script_capture] [exp7995] after_token_admission=163
[exp7303-validation:private_script_capture] [exp7995] before_generation=163
[exp7303-validation:private_script_capture] [exp7995] after_generation=163
[exp7303-validation:private_script_capture] [exp7995] checkpoint completed_slots=164
[exp7303-validation:private_script_capture] [exp7995] before_slot=164 elapsed_s=0.735
[exp7303-validation:private_script_capture] [exp7995] before_token_admission=164
[exp7303-validation:private_script_capture] [exp7995] after_token_admission=164
[exp7303-validation:private_script_capture] [exp7995] before_generation=164
[exp7303-validation:private_script_capture] [exp7995] after_generation=164
[exp7303-validation:private_script_capture] [exp7995] checkpoint completed_slots=165
[exp7303-validation:private_script_capture] [exp7995] before_slot=165 elapsed_s=0.742
[exp7303-validation:private_script_capture] [exp7995] before_token_admission=165
[exp7303-validation:private_script_capture] [exp7995] after_token_admission=165
[exp7303-validation:private_script_capture] [exp7995] before_generation=165
[exp7303-validation:private_script_capture] [exp7995] after_generation=165
[exp7303-validation:private_script_capture] [exp7995] checkpoint completed_slots=166
[exp7303-validation:private_script_capture] [exp7995] before_slot=166 elapsed_s=0.749
[exp7303-validation:private_script_capture] [exp7995] before_token_admission=166
[exp7303-validation:private_script_capture] [exp7995] after_token_admission=166
[exp7303-validation:private_script_capture] [exp7995] before_generation=166
[exp7303-validation:private_script_capture] [exp7995] after_generation=166
[exp7303-validation:private_script_capture] [exp7995] checkpoint completed_slots=167
[exp7303-validation:private_script_capture] [exp7995] before_slot=167 elapsed_s=0.756
[exp7303-validation:private_script_capture] [exp7995] before_token_admission=167
[exp7303-validation:private_script_capture] [exp7995] after_token_admission=167
[exp7303-validation:private_script_capture] [exp7995] before_generation=167
[exp7303-validation:private_script_capture] [exp7995] after_generation=167
[exp7303-validation:private_script_capture] [exp7995] checkpoint completed_slots=168
[exp7303-validation:private_script_capture] [exp7995] before_slot=168 elapsed_s=0.763
[exp7303-validation:private_script_capture] [exp7995] before_token_admission=168
[exp7303-validation:private_script_capture] [exp7995] after_token_admission=168
[exp7303-validation:private_script_capture] [exp7995] before_generation=168
[exp7303-validation:private_script_capture] [exp7995] after_generation=168
[exp7303-validation:private_script_capture] [exp7995] checkpoint completed_slots=169
[exp7303-validation:private_script_capture] [exp7995] before_slot=169 elapsed_s=0.778
[exp7303-validation:private_script_capture] [exp7995] before_token_admission=169
[exp7303-validation:private_script_capture] [exp7995] after_token_admission=169
[exp7303-validation:private_script_capture] [exp7995] before_generation=169
[exp7303-validation:private_script_capture] [exp7995] after_generation=169
[exp7303-validation:private_script_capture] [exp7995] checkpoint completed_slots=170
[exp7303-validation:private_script_capture] [exp7995] before_slot=170 elapsed_s=0.784
[exp7303-validation:private_script_capture] [exp7995] before_token_admission=170
[exp7303-validation:private_script_capture] [exp7995] after_token_admission=170
[exp7303-validation:private_script_capture] [exp7995] before_generation=170
[exp7303-validation:private_script_capture] [exp7995] after_generation=170
[exp7303-validation:private_script_capture] [exp7995] checkpoint completed_slots=171
[exp7303-validation:private_script_capture] [exp7995] before_slot=171 elapsed_s=0.792
[exp7303-validation:private_script_capture] [exp7995] before_token_admission=171
[exp7303-validation:private_script_capture] [exp7995] after_token_admission=171
[exp7303-validation:private_script_capture] [exp7995] before_generation=171
[exp7303-validation:private_script_capture] [exp7995] after_generation=171
[exp7303-validation:private_script_capture] [exp7995] checkpoint completed_slots=172
[exp7303-validation:private_script_capture] [exp7995] before_slot=172 elapsed_s=0.800
[exp7303-validation:private_script_capture] [exp7995] before_token_admission=172
[exp7303-validation:private_script_capture] [exp7995] after_token_admission=172
[exp7303-validation:private_script_capture] [exp7995] before_generation=172
[exp7303-validation:private_script_capture] [exp7995] after_generation=172
[exp7303-validation:private_script_capture] [exp7995] checkpoint completed_slots=173
[exp7303-validation:private_script_capture] [exp7995] before_slot=173 elapsed_s=0.807
[exp7303-validation:private_script_capture] [exp7995] before_token_admission=173
[exp7303-validation:private_script_capture] [exp7995] after_token_admission=173
[exp7303-validation:private_script_capture] [exp7995] before_generation=173
[exp7303-validation:private_script_capture] [exp7995] after_generation=173
[exp7303-validation:private_script_capture] [exp7995] checkpoint completed_slots=174
[exp7303-validation:private_script_capture] [exp7995] before_slot=174 elapsed_s=0.815
[exp7303-validation:private_script_capture] [exp7995] before_token_admission=174
[exp7303-validation:private_script_capture] [exp7995] after_token_admission=174
[exp7303-validation:private_script_capture] [exp7995] before_generation=174
[exp7303-validation:private_script_capture] [exp7995] after_generation=174
[exp7303-validation:private_script_capture] [exp7995] checkpoint completed_slots=175
[exp7303-validation:private_script_capture] [exp7995] before_slot=175 elapsed_s=0.821
[exp7303-validation:private_script_capture] [exp7995] before_token_admission=175
[exp7303-validation:private_script_capture] [exp7995] after_token_admission=175
[exp7303-validation:private_script_capture] [exp7995] before_generation=175
[exp7303-validation:private_script_capture] [exp7995] after_generation=175
[exp7303-validation:private_script_capture] [exp7995] checkpoint completed_slots=176
[exp7303-validation:private_script_capture] [exp7995] before_slot=176 elapsed_s=0.829
[exp7303-validation:private_script_capture] [exp7995] before_token_admission=176
[exp7303-validation:private_script_capture] [exp7995] after_token_admission=176
[exp7303-validation:private_script_capture] [exp7995] before_generation=176
[exp7303-validation:private_script_capture] [exp7995] after_generation=176
[exp7303-validation:private_script_capture] [exp7995] checkpoint completed_slots=177
[exp7303-validation:private_script_capture] [exp7995] before_slot=177 elapsed_s=0.836
[exp7303-validation:private_script_capture] [exp7995] checkpoint completed_slots=178
[exp7303-validation:private_script_capture] [exp7995] before_slot=178 elapsed_s=0.837
[exp7303-validation:private_script_capture] [exp7995] checkpoint completed_slots=179
[exp7303-validation:private_script_capture] [exp7995] before_slot=179 elapsed_s=0.838
[exp7303-validation:private_script_capture] [exp7995] checkpoint completed_slots=180
[exp7303-validation:private_script_capture] [exp7995] before_slot=180 elapsed_s=0.838
[exp7303-validation:private_script_capture] [exp7995] before_token_admission=180
[exp7303-validation:private_script_capture] [exp7995] after_token_admission=180
[exp7303-validation:private_script_capture] [exp7995] before_generation=180
[exp7303-validation:private_script_capture] [exp7995] after_generation=180
[exp7303-validation:private_script_capture] [exp7995] checkpoint completed_slots=181
[exp7303-validation:private_script_capture] [exp7995] before_slot=181 elapsed_s=0.846
[exp7303-validation:private_script_capture] [exp7995] before_token_admission=181
[exp7303-validation:private_script_capture] [exp7995] after_token_admission=181
[exp7303-validation:private_script_capture] [exp7995] before_generation=181
[exp7303-validation:private_script_capture] [exp7995] after_generation=181
[exp7303-validation:private_script_capture] [exp7995] checkpoint completed_slots=182
[exp7303-validation:private_script_capture] [exp7995] before_slot=182 elapsed_s=0.853
[exp7303-validation:private_script_capture] [exp7995] before_token_admission=182
[exp7303-validation:private_script_capture] [exp7995] after_token_admission=182
[exp7303-validation:private_script_capture] [exp7995] before_generation=182
[exp7303-validation:private_script_capture] [exp7995] after_generation=182
[exp7303-validation:private_script_capture] [exp7995] checkpoint completed_slots=183
[exp7303-validation:private_script_capture] [exp7995] before_slot=183 elapsed_s=0.861
[exp7303-validation:private_script_capture] [exp7995] before_token_admission=183
[exp7303-validation:private_script_capture] [exp7995] after_token_admission=183
[exp7303-validation:private_script_capture] [exp7995] before_generation=183
[exp7303-validation:private_script_capture] [exp7995] after_generation=183
[exp7303-validation:private_script_capture] [exp7995] checkpoint completed_slots=184
[exp7303-validation:private_script_capture] [exp7995] before_slot=184 elapsed_s=0.869
[exp7303-validation:private_script_capture] [exp7995] before_token_admission=184
[exp7303-validation:private_script_capture] [exp7995] after_token_admission=184
[exp7303-validation:private_script_capture] [exp7995] before_generation=184
[exp7303-validation:private_script_capture] [exp7995] after_generation=184
[exp7303-validation:private_script_capture] [exp7995] checkpoint completed_slots=185
[exp7303-validation:private_script_capture] [exp7995] before_slot=185 elapsed_s=0.876
[exp7303-validation:private_script_capture] [exp7995] before_token_admission=185
[exp7303-validation:private_script_capture] [exp7995] after_token_admission=185
[exp7303-validation:private_script_capture] [exp7995] before_generation=185
[exp7303-validation:private_script_capture] [exp7995] after_generation=185
[exp7303-validation:private_script_capture] [exp7995] checkpoint completed_slots=186
[exp7303-validation:private_script_capture] [exp7995] before_slot=186 elapsed_s=0.885
[exp7303-validation:private_script_capture] [exp7995] before_token_admission=186
[exp7303-validation:private_script_capture] [exp7995] after_token_admission=186
[exp7303-validation:private_script_capture] [exp7995] before_generation=186
[exp7303-validation:private_script_capture] [exp7995] after_generation=186
[exp7303-validation:private_script_capture] [exp7995] checkpoint completed_slots=187
[exp7303-validation:private_script_capture] [exp7995] before_slot=187 elapsed_s=0.893
[exp7303-validation:private_script_capture] [exp7995] before_token_admission=187
[exp7303-validation:private_script_capture] [exp7995] after_token_admission=187
[exp7303-validation:private_script_capture] [exp7995] before_generation=187
[exp7303-validation:private_script_capture] [exp7995] after_generation=187
[exp7303-validation:private_script_capture] [exp7995] checkpoint completed_slots=188
[exp7303-validation:private_script_capture] [exp7995] before_slot=188 elapsed_s=0.901
[exp7303-validation:private_script_capture] [exp7995] before_token_admission=188
[exp7303-validation:private_script_capture] [exp7995] after_token_admission=188
[exp7303-validation:private_script_capture] [exp7995] before_generation=188
[exp7303-validation:private_script_capture] [exp7995] after_generation=188
[exp7303-validation:private_script_capture] [exp7995] checkpoint completed_slots=189
[exp7303-validation:private_script_capture] [exp7995] before_slot=189 elapsed_s=0.908
[exp7303-validation:private_script_capture] [exp7995] before_token_admission=189
[exp7303-validation:private_script_capture] [exp7995] after_token_admission=189
[exp7303-validation:private_script_capture] [exp7995] before_generation=189
[exp7303-validation:private_script_capture] [exp7995] after_generation=189
[exp7303-validation:private_script_capture] [exp7995] checkpoint completed_slots=190
[exp7303-validation:private_script_capture] [exp7995] before_slot=190 elapsed_s=0.916
[exp7303-validation:private_script_capture] [exp7995] before_token_admission=190
[exp7303-validation:private_script_capture] [exp7995] after_token_admission=190
[exp7303-validation:private_script_capture] [exp7995] before_generation=190
[exp7303-validation:private_script_capture] [exp7995] after_generation=190
[exp7303-validation:private_script_capture] [exp7995] checkpoint completed_slots=191
[exp7303-validation:private_script_capture] [exp7995] before_slot=191 elapsed_s=0.924
[exp7303-validation:private_script_capture] [exp7995] before_token_admission=191
[exp7303-validation:private_script_capture] [exp7995] after_token_admission=191
[exp7303-validation:private_script_capture] [exp7995] before_generation=191
[exp7303-validation:private_script_capture] [exp7995] after_generation=191
[exp7303-validation:private_script_capture] [exp7995] checkpoint completed_slots=192
[exp7303-validation:private_script_capture] [exp8010] phase=scripted_capture_complete elapsed_s=1.441 units=0 pending=0
[exp7303-validation] after_subprocess private_script_capture elapsed_s=2.777 exit=0 unit=1/1
[exp8010] phase=owned_validation elapsed_s=2.887 units=0 pending=0
[exp7303-validation] before_subprocess focused elapsed_s=0.000 unit=1/11
[exp7303-validation] subprocess_outstanding focused elapsed_s=10.001
[exp7303-validation] subprocess_outstanding focused elapsed_s=20.001
[exp7303-validation] subprocess_outstanding focused elapsed_s=30.001
[exp7303-validation] subprocess_outstanding focused elapsed_s=40.001
[exp7303-validation] subprocess_outstanding focused elapsed_s=50.002
[exp7303-validation] subprocess_outstanding focused elapsed_s=60.002
[exp7303-validation] subprocess_outstanding focused elapsed_s=70.003
[exp7303-validation:focused] ...........                                                              [100%]
[exp7303-validation:focused] 11 passed in 75.94s (0:01:15)
[exp7303-validation] subprocess_outstanding focused elapsed_s=80.003
[exp7303-validation] after_subprocess focused elapsed_s=80.192 exit=0 unit=1/11
[exp7303-validation] before_subprocess combine elapsed_s=0.000 unit=2/11
[exp7303-validation:combine] Combined 13 files, skipped 1
[exp7303-validation] after_subprocess combine elapsed_s=0.059 exit=0 unit=2/11
[exp7303-validation] before_subprocess coverage elapsed_s=0.000 unit=3/11
[exp7303-validation:coverage] Wrote JSON report to /tmp/carnot-8010-grm0uv2m/coverage.json
[exp7303-validation] after_subprocess coverage elapsed_s=0.075 exit=0 unit=3/11
[exp7303-validation] before_subprocess consumers_E2E015_7995 elapsed_s=0.000 unit=4/11
[exp7303-validation] subprocess_outstanding consumers_E2E015_7995 elapsed_s=10.001
[exp7303-validation] subprocess_outstanding consumers_E2E015_7995 elapsed_s=20.002
[exp7303-validation:consumers_E2E015_7995] ............................................                             [100%]
[exp7303-validation:consumers_E2E015_7995] 44 passed in 21.77s
[exp7303-validation] after_subprocess consumers_E2E015_7995 elapsed_s=24.786 exit=0 unit=4/11
[exp7303-validation] before_subprocess E2E016_fixture elapsed_s=0.000 unit=5/11
[exp7303-validation:E2E016_fixture] [exp7868] phase=fixture event=begin elapsed_s=0.000 completed_units=0
[exp7303-validation:E2E016_fixture] [exp7868] phase=fixture event=batch elapsed_s=0.001 completed_units=6
[exp7303-validation:E2E016_fixture] [exp7868] phase=fixture event=batch elapsed_s=0.002 completed_units=12
[exp7303-validation:E2E016_fixture] [exp7868] phase=fixture event=batch elapsed_s=0.003 completed_units=18
[exp7303-validation:E2E016_fixture] [exp7868] phase=fixture event=batch elapsed_s=0.004 completed_units=24
[exp7303-validation:E2E016_fixture] [exp7868] phase=fixture event=complete elapsed_s=0.005 completed_units=24
[exp7303-validation:E2E016_fixture] {"independent_families": 24}
[exp7303-validation] after_subprocess E2E016_fixture elapsed_s=1.261 exit=0 unit=5/11
[exp7303-validation] before_subprocess E2E016_replay elapsed_s=0.000 unit=6/11
[exp7303-validation:E2E016_replay] {"families": 24, "rows": 24}
[exp7303-validation] after_subprocess E2E016_replay elapsed_s=1.266 exit=0 unit=6/11
[exp7303-validation] before_subprocess ruff elapsed_s=0.000 unit=7/11
[exp7303-validation:ruff] All checks passed!
[exp7303-validation] after_subprocess ruff elapsed_s=0.036 exit=0 unit=7/11
[exp7303-validation] before_subprocess format elapsed_s=0.000 unit=8/11
[exp7303-validation:format] 3 files already formatted
[exp7303-validation] after_subprocess format elapsed_s=0.036 exit=0 unit=8/11
[exp7303-validation] before_subprocess mypy elapsed_s=0.000 unit=9/11
[exp7303-validation:mypy] pyproject.toml: note: unused section(s): module = ['carnot.autoresearch.*', 'carnot.benchmarks.*', 'carnot.embeddings.*', 'carnot.embeddings.fast_embedding', 'carnot.embeddings.jepa_energy', 'carnot.extraction.*', 'carnot.hardware.*', 'carnot.pipeline.*', 'carnot.pipeline.agentic', 'carnot.pipeline.gemma_loader', 'carnot.pipeline.grammar_constrained_decoder', 'carnot.pipeline.verify_repair', 'carnot.probes.*', 'carnot.probes.drift_probe', 'carnot.samplers.parallel_ising', 'carnot.sampling._vendored_thrml.*', 'carnot.training.capo_loss', 'carnot.training.nce', 'carnot.training.score_matching', 'carnot.training.snl', 'carnot.verify.*']
[exp7303-validation:mypy] Success: no issues found in 2 source files
[exp7303-validation] after_subprocess mypy elapsed_s=0.148 exit=0 unit=9/11
[exp7303-validation] before_subprocess spec elapsed_s=0.000 unit=10/11
[exp7303-validation:spec] OK: All tests reference specification requirements.
[exp7303-validation] after_subprocess spec elapsed_s=0.022 exit=0 unit=10/11
[exp7303-validation] before_subprocess repository_health elapsed_s=0.000 unit=11/11
[exp7303-validation:repository_health] ============================= test session starts ==============================
[exp7303-validation:repository_health] platform linux -- Python 3.12.13, pytest-9.0.3, pluggy-1.6.0
[exp7303-validation:repository_health] rootdir: /home/ianblenke/github.com/ianblenke/carnot
[exp7303-validation:repository_health] configfile: pyproject.toml
[exp7303-validation:repository_health] plugins: xdist-3.8.0, jaxtyping-0.3.10, cov-7.1.0, hydra-core-1.3.3, anyio-4.13.0, hypothesis-6.155.2
[exp7303-validation:repository_health] created: 4/4 workers
[exp7303-validation] subprocess_outstanding repository_health elapsed_s=10.001
[exp7303-validation] subprocess_outstanding repository_health elapsed_s=20.001
[exp7303-validation] subprocess_outstanding repository_health elapsed_s=30.001
[exp7303-validation] subprocess_outstanding repository_health elapsed_s=40.002
[exp7303-validation] subprocess_outstanding repository_health elapsed_s=50.002
[exp7303-validation] subprocess_outstanding repository_health elapsed_s=60.002
[exp7303-validation] subprocess_outstanding repository_health elapsed_s=70.003
[exp7303-validation:repository_health] 4 workers [74616 items]
[exp7303-validation:repository_health] 
[exp7303-validation:repository_health] ........................................................................ [  0%]
[exp7303-validation:repository_health] ........................................................................ [  0%]
[exp7303-validation:repository_health] ........................................................................ [  0%]
[exp7303-validation] subprocess_outstanding repository_health elapsed_s=80.003
[exp7303-validation:repository_health] ........................................................................ [  0%]
[exp7303-validation:repository_health] ........................................................................ [  0%]
[exp7303-validation:repository_health] ........................................................................ [  0%]
[exp7303-validation:repository_health] ........................................................................ [  0%]
[exp7303-validation:repository_health] ..................F..................................................... [  0%]
[exp7303-validation:repository_health] .............F.......................................................... [  0%]
[exp7303-validation:repository_health] ........................................................................ [  0%]
[exp7303-validation:repository_health] ........................................................................ [  1%]
[exp7303-validation:repository_health] ........................................................................ [  1%]
[exp7303-validation:repository_health] ...............................F........................F............... [  1%]
[exp7303-validation:repository_health] ...F.................................................................... [  1%]
[exp7303-validation:repository_health] ..................................................................F..... [  1%]
[exp7303-validation:repository_health] ...................................................................Fssss [  1%]
[exp7303-validation:repository_health] ss........s..........................................FFFFFFF............ [  1%]
[exp7303-validation:repository_health] ........................................................................ [  1%]
[exp7303-validation:repository_health] ........................................................................ [  1%]
[exp7303-validation] subprocess_outstanding repository_health elapsed_s=90.003
[exp7303-validation:repository_health] ...ssssssssssssssss..................................................... [  1%]
[exp7303-validation:repository_health] ......F........................F........................................ [  2%]
[exp7303-validation:repository_health] ........................................................................ [  2%]
[exp7303-validation:repository_health] ........................................................................ [  2%]
[exp7303-validation:repository_health] ............................................F........................... [  2%]
[exp7303-validation:repository_health] ........................................................................ [  2%]
[exp7303-validation] subprocess_outstanding repository_health elapsed_s=100.004
[exp7303-validation:repository_health] ........................................................................ [  2%]
[exp7303-validation:repository_health] .......................F................................................ [  2%]
[exp7303-validation:repository_health] ..............F......................................................... [  2%]
[exp7303-validation:repository_health] ................FF...................................................... [  2%]
[exp7303-validation:repository_health] ........................................................................ [  2%]
[exp7303-validation] subprocess_outstanding repository_health elapsed_s=110.004
[exp7303-validation:repository_health] ........................................................................ [  2%]
[exp7303-validation:repository_health] ........................................................................ [  3%]
[exp7303-validation:repository_health] ........................................................................ [  3%]
[exp7303-validation] subprocess_outstanding repository_health elapsed_s=120.004
[exp7303-validation:repository_health] ..................................................../home/ianblenke/github.com/ianblenke/carnot/.venv/lib/python3.12/site-packages/_pytest/main.py:353: PluggyTeardownRaisedWarning: A plugin raised an exception during an old-style hookwrapper teardown.
[exp7303-validation:repository_health] Plugin: 140557107521120, Hook: pytest_sessionfinish
[exp7303-validation:repository_health] OSError: cannot send (already closed?)
[exp7303-validation:repository_health] For more information see https://pluggy.readthedocs.io/en/stable/api_reference.html#pluggy.PluggyTeardownRaisedWarning
[exp7303-validation:repository_health]   config.hook.pytest_sessionfinish(
[exp7303-validation:repository_health] /home/ianblenke/github.com/ianblenke/carnot/.venv/lib/python3.12/site-packages/_pytest/main.py:353: PluggyTeardownRaisedWarning: A plugin raised an exception during an old-style hookwrapper teardown.
[exp7303-validation:repository_health] Plugin: 139901556870896, Hook: pytest_sessionfinish
[exp7303-validation:repository_health] OSError: cannot send (already closed?)
[exp7303-validation:repository_health] For more information see https://pluggy.readthedocs.io/en/stable/api_reference.html#pluggy.PluggyTeardownRaisedWarning
[exp7303-validation:repository_health]   config.hook.pytest_sessionfinish(
[exp7303-validation:repository_health] /home/ianblenke/github.com/ianblenke/carnot/.venv/lib/python3.12/site-packages/_pytest/main.py:353: PluggyTeardownRaisedWarning: A plugin raised an exception during an old-style hookwrapper teardown.
[exp7303-validation:repository_health] Plugin: 139809685975696, Hook: pytest_sessionfinish
[exp7303-validation:repository_health] OSError: cannot send (already closed?)
[exp7303-validation:repository_health] For more information see https://pluggy.readthedocs.io/en/stable/api_reference.html#pluggy.PluggyTeardownRaisedWarning
[exp7303-validation:repository_health]   config.hook.pytest_sessionfinish(
[exp7303-validation:repository_health] /home/ianblenke/github.com/ianblenke/carnot/.venv/lib/python3.12/site-packages/_pytest/main.py:353: PluggyTeardownRaisedWarning: A plugin raised an exception during an old-style hookwrapper teardown.
[exp7303-validation:repository_health] Plugin: 140713824405744, Hook: pytest_sessionfinish
[exp7303-validation:repository_health] OSError: cannot send (already closed?)
[exp7303-validation:repository_health] For more information see https://pluggy.readthedocs.io/en/stable/api_reference.html#pluggy.PluggyTeardownRaisedWarning
[exp7303-validation:repository_health]   config.hook.pytest_sessionfinish(
[exp7303-validation] after_subprocess repository_health elapsed_s=143.517 exit=-15 unit=11/11
[exp8010] phase=cold_reduction elapsed_s=254.296 units=192 pending=0
[exp7303-validation] before_subprocess fresh_process_cold_reduction elapsed_s=0.000 unit=1/1
[exp7303-validation:fresh_process_cold_reduction] [exp8010] phase=start elapsed_s=0.000 units=0 pending=0
[exp7303-validation:fresh_process_cold_reduction] [exp8010] phase=replay_passed elapsed_s=0.066 units=0 pending=0
[exp7303-validation] after_subprocess fresh_process_cold_reduction elapsed_s=1.540 exit=0 unit=1/1
[exp8010] phase=terminal_validation elapsed_s=255.855 units=0 pending=0
[exp7303-validation] before_subprocess adversarial elapsed_s=0.000 unit=1/2
[exp7303-validation:adversarial] {
[exp7303-validation:adversarial]   "reports": [
[exp7303-validation:adversarial]     {
[exp7303-validation:adversarial]       "artifact": "/home/ianblenke/github.com/ianblenke/carnot/results/raw/experiment_8010_v694_source_intervention_protocol/experiment_8010_v694_source_intervention_protocol.json",
[exp7303-validation:adversarial]       "loaded": true,
[exp7303-validation:adversarial]       "exp_id": 8010,
[exp7303-validation:adversarial]       "title": "",
[exp7303-validation:adversarial]       "honest_verdict": "complete_null_source_intervention_protocol",
[exp7303-validation:adversarial]       "flag_count": 0,
[exp7303-validation:adversarial]       "max_severity": -1,
[exp7303-validation:adversarial]       "flags": [],
[exp7303-validation:adversarial]       "gate_version": "197e0a5eacacb09ce6607ae8bdfd507498082857f0d02ec2003a62c251b69a24"
[exp7303-validation:adversarial]     }
[exp7303-validation:adversarial]   ],
[exp7303-validation:adversarial]   "flagged_count": 0
[exp7303-validation:adversarial] }
[exp7303-validation] after_subprocess adversarial elapsed_s=0.745 exit=0 unit=1/2
[exp7303-validation] before_subprocess strict_rows elapsed_s=0.000 unit=2/2
[exp7303-validation:strict_rows] 
[exp7303-validation:strict_rows] verdict-row-consistency: checked 1, skipped 0 (no per-unit rows), unreadable 0.
[exp7303-validation:strict_rows]   No row/verdict contradictions among the artifacts that could be checked.
[exp7303-validation] after_subprocess strict_rows elapsed_s=0.039 exit=0 unit=2/2
[exp7303-validation] before_subprocess adversarial elapsed_s=0.000 unit=1/2
[exp7303-validation:adversarial] {
[exp7303-validation:adversarial]   "reports": [
[exp7303-validation:adversarial]     {
[exp7303-validation:adversarial]       "artifact": "/home/ianblenke/github.com/ianblenke/carnot/results/experiment_8010_v694_source_intervention_protocol.json",
[exp7303-validation:adversarial]       "loaded": true,
[exp7303-validation:adversarial]       "exp_id": 8010,
[exp7303-validation:adversarial]       "title": "",
[exp7303-validation:adversarial]       "honest_verdict": "complete_null_source_intervention_protocol",
[exp7303-validation:adversarial]       "flag_count": 0,
[exp7303-validation:adversarial]       "max_severity": -1,
[exp7303-validation:adversarial]       "flags": [],
[exp7303-validation:adversarial]       "gate_version": "197e0a5eacacb09ce6607ae8bdfd507498082857f0d02ec2003a62c251b69a24"
[exp7303-validation:adversarial]     }
[exp7303-validation:adversarial]   ],
[exp7303-validation:adversarial]   "flagged_count": 0
[exp7303-validation:adversarial] }
[exp7303-validation] after_subprocess adversarial elapsed_s=0.755 exit=0 unit=1/2
[exp7303-validation] before_subprocess strict_rows elapsed_s=0.000 unit=2/2
[exp7303-validation:strict_rows] 
[exp7303-validation:strict_rows] verdict-row-consistency: checked 1, skipped 0 (no per-unit rows), unreadable 0.
[exp7303-validation:strict_rows]   No row/verdict contradictions among the artifacts that could be checked.
[exp7303-validation] after_subprocess strict_rows elapsed_s=0.037 exit=0 unit=2/2
[exp8010] phase=complete elapsed_s=257.689 units=192 pending=0
