[exp8224] phase=before_preconditions completed=0 pending=0
[exp8205] phase=before_subprocess_python_environment completed=0 pending=1
[exp8205] phase=after_subprocess_python_environment completed=1 pending=0
[exp8209] phase=score completed=16 pending=112
[exp8209] phase=score completed=32 pending=96
[exp8209] phase=score completed=48 pending=80
[exp8209] phase=score completed=64 pending=64
[exp8209] phase=score completed=80 pending=48
[exp8209] phase=score completed=96 pending=32
[exp8209] phase=score completed=112 pending=16
[exp8209] phase=score completed=128 pending=0
[exp8223] phase=corrected_score completed=16 pending=112
[exp8223] phase=corrected_score completed=32 pending=96
[exp8223] phase=corrected_score completed=48 pending=80
[exp8223] phase=corrected_score completed=64 pending=64
[exp8223] phase=corrected_score completed=80 pending=48
[exp8223] phase=corrected_score completed=96 pending=32
[exp8223] phase=corrected_score completed=112 pending=16
[exp8223] phase=corrected_score completed=128 pending=0
[exp8224] phase=predictions_authenticated_before_label_access completed=9472 pending=0
[exp8224] phase=after_preconditions completed=438 pending=0
[exp8224] phase=before_benchmark_independent_costs completed=0 pending=128
[exp8209] phase=score completed=16 pending=112
[exp8209] phase=score completed=32 pending=96
[exp8209] phase=score completed=48 pending=80
[exp8209] phase=score completed=64 pending=64
[exp8209] phase=score completed=80 pending=48
[exp8209] phase=score completed=96 pending=32
[exp8209] phase=score completed=112 pending=16
[exp8209] phase=score completed=128 pending=0
[exp8223] phase=corrected_score completed=16 pending=112
[exp8223] phase=corrected_score completed=32 pending=96
[exp8223] phase=corrected_score completed=48 pending=80
[exp8223] phase=corrected_score completed=64 pending=64
[exp8223] phase=corrected_score completed=80 pending=48
[exp8223] phase=corrected_score completed=96 pending=32
[exp8223] phase=corrected_score completed=112 pending=16
[exp8223] phase=corrected_score completed=128 pending=0
[exp8185] phase=before_benchmark_source_bootstrap completed=0 pending=10000
[exp8185] phase=after_benchmark_source_bootstrap completed=10000 pending=0
[exp8185] phase=before_benchmark_source_bootstrap completed=0 pending=10000
[exp8185] phase=after_benchmark_source_bootstrap completed=10000 pending=0
[exp8224] phase=after_benchmark_independent_costs completed=128 pending=0
[exp8209] phase=score completed=16 pending=112
[exp8209] phase=score completed=32 pending=96
[exp8209] phase=score completed=48 pending=80
[exp8209] phase=score completed=64 pending=64
[exp8209] phase=score completed=80 pending=48
[exp8209] phase=score completed=96 pending=32
[exp8209] phase=score completed=112 pending=16
[exp8209] phase=score completed=128 pending=0
[exp8223] phase=corrected_score completed=16 pending=112
[exp8223] phase=corrected_score completed=32 pending=96
[exp8223] phase=corrected_score completed=48 pending=80
[exp8223] phase=corrected_score completed=64 pending=64
[exp8223] phase=corrected_score completed=80 pending=48
[exp8223] phase=corrected_score completed=96 pending=32
[exp8223] phase=corrected_score completed=112 pending=16
[exp8223] phase=corrected_score completed=128 pending=0
[exp8185] phase=before_benchmark_source_bootstrap completed=0 pending=10000
[exp8185] phase=after_benchmark_source_bootstrap completed=10000 pending=0
[exp8185] phase=before_benchmark_source_bootstrap completed=0 pending=10000
[exp8185] phase=after_benchmark_source_bootstrap completed=10000 pending=0
[exp8209] phase=score completed=16 pending=112
[exp8209] phase=score completed=32 pending=96
[exp8209] phase=score completed=48 pending=80
[exp8209] phase=score completed=64 pending=64
[exp8209] phase=score completed=80 pending=48
[exp8209] phase=score completed=96 pending=32
[exp8209] phase=score completed=112 pending=16
[exp8209] phase=score completed=128 pending=0
[exp8223] phase=corrected_score completed=16 pending=112
[exp8223] phase=corrected_score completed=32 pending=96
[exp8223] phase=corrected_score completed=48 pending=80
[exp8223] phase=corrected_score completed=64 pending=64
[exp8223] phase=corrected_score completed=80 pending=48
[exp8223] phase=corrected_score completed=96 pending=32
[exp8223] phase=corrected_score completed=112 pending=16
[exp8223] phase=corrected_score completed=128 pending=0
[exp8209] phase=score completed=16 pending=112
[exp8209] phase=score completed=32 pending=96
[exp8209] phase=score completed=48 pending=80
[exp8209] phase=score completed=64 pending=64
[exp8209] phase=score completed=80 pending=48
[exp8209] phase=score completed=96 pending=32
[exp8209] phase=score completed=112 pending=16
[exp8209] phase=score completed=128 pending=0
[exp8223] phase=corrected_score completed=16 pending=112
[exp8223] phase=corrected_score completed=32 pending=96
[exp8223] phase=corrected_score completed=48 pending=80
[exp8223] phase=corrected_score completed=64 pending=64
[exp8223] phase=corrected_score completed=80 pending=48
[exp8223] phase=corrected_score completed=96 pending=32
[exp8223] phase=corrected_score completed=112 pending=16
[exp8223] phase=corrected_score completed=128 pending=0
[exp8209] phase=score completed=16 pending=112
[exp8209] phase=score completed=32 pending=96
[exp8209] phase=score completed=48 pending=80
[exp8209] phase=score completed=64 pending=64
[exp8209] phase=score completed=80 pending=48
[exp8209] phase=score completed=96 pending=32
[exp8209] phase=score completed=112 pending=16
[exp8209] phase=score completed=128 pending=0
[exp8223] phase=corrected_score completed=16 pending=112
[exp8223] phase=corrected_score completed=32 pending=96
[exp8223] phase=corrected_score completed=48 pending=80
[exp8223] phase=corrected_score completed=64 pending=64
[exp8223] phase=corrected_score completed=80 pending=48
[exp8223] phase=corrected_score completed=96 pending=32
[exp8223] phase=corrected_score completed=112 pending=16
[exp8223] phase=corrected_score completed=128 pending=0
[exp8209] phase=score completed=16 pending=112
[exp8209] phase=score completed=32 pending=96
[exp8209] phase=score completed=48 pending=80
[exp8209] phase=score completed=64 pending=64
[exp8209] phase=score completed=80 pending=48
[exp8209] phase=score completed=96 pending=32
[exp8209] phase=score completed=112 pending=16
[exp8209] phase=score completed=128 pending=0
[exp8223] phase=corrected_score completed=16 pending=112
[exp8223] phase=corrected_score completed=32 pending=96
[exp8223] phase=corrected_score completed=48 pending=80
[exp8223] phase=corrected_score completed=64 pending=64
[exp8223] phase=corrected_score completed=80 pending=48
[exp8223] phase=corrected_score completed=96 pending=32
[exp8223] phase=corrected_score completed=112 pending=16
[exp8223] phase=corrected_score completed=128 pending=0
[exp8209] phase=score completed=16 pending=112
[exp8209] phase=score completed=32 pending=96
[exp8209] phase=score completed=48 pending=80
[exp8209] phase=score completed=64 pending=64
[exp8209] phase=score completed=80 pending=48
[exp8209] phase=score completed=96 pending=32
[exp8209] phase=score completed=112 pending=16
[exp8209] phase=score completed=128 pending=0
[exp8223] phase=corrected_score completed=16 pending=112
[exp8223] phase=corrected_score completed=32 pending=96
[exp8223] phase=corrected_score completed=48 pending=80
[exp8223] phase=corrected_score completed=64 pending=64
[exp8223] phase=corrected_score completed=80 pending=48
[exp8223] phase=corrected_score completed=96 pending=32
[exp8223] phase=corrected_score completed=112 pending=16
[exp8223] phase=corrected_score completed=128 pending=0
.[exp8224] phase=before_preconditions completed=0 pending=0
[exp8205] phase=before_subprocess_python_environment completed=0 pending=1
[exp8205] phase=after_subprocess_python_environment completed=1 pending=0
[exp8209] phase=score completed=16 pending=112
[exp8209] phase=score completed=32 pending=96
[exp8209] phase=score completed=48 pending=80
[exp8209] phase=score completed=64 pending=64
[exp8209] phase=score completed=80 pending=48
[exp8209] phase=score completed=96 pending=32
[exp8209] phase=score completed=112 pending=16
[exp8209] phase=score completed=128 pending=0
[exp8223] phase=corrected_score completed=16 pending=112
[exp8223] phase=corrected_score completed=32 pending=96
[exp8223] phase=corrected_score completed=48 pending=80
[exp8223] phase=corrected_score completed=64 pending=64
[exp8223] phase=corrected_score completed=80 pending=48
[exp8223] phase=corrected_score completed=96 pending=32
[exp8223] phase=corrected_score completed=112 pending=16
[exp8223] phase=corrected_score completed=128 pending=0
[exp8224] phase=predictions_authenticated_before_label_access completed=9472 pending=0
[exp8224] phase=after_preconditions completed=438 pending=0
[exp8224] phase=before_benchmark_independent_costs completed=0 pending=128
[exp8209] phase=score completed=16 pending=112
[exp8209] phase=score completed=32 pending=96
[exp8209] phase=score completed=48 pending=80
[exp8209] phase=score completed=64 pending=64
[exp8209] phase=score completed=80 pending=48
[exp8209] phase=score completed=96 pending=32
[exp8209] phase=score completed=112 pending=16
[exp8209] phase=score completed=128 pending=0
[exp8223] phase=corrected_score completed=16 pending=112
[exp8223] phase=corrected_score completed=32 pending=96
[exp8223] phase=corrected_score completed=48 pending=80
[exp8223] phase=corrected_score completed=64 pending=64
[exp8223] phase=corrected_score completed=80 pending=48
[exp8223] phase=corrected_score completed=96 pending=32
[exp8223] phase=corrected_score completed=112 pending=16
[exp8223] phase=corrected_score completed=128 pending=0
[exp8185] phase=before_benchmark_source_bootstrap completed=0 pending=10000
[exp8185] phase=after_benchmark_source_bootstrap completed=10000 pending=0
[exp8185] phase=before_benchmark_source_bootstrap completed=0 pending=10000
[exp8185] phase=after_benchmark_source_bootstrap completed=10000 pending=0
[exp8224] phase=after_benchmark_independent_costs completed=128 pending=0
[exp8185] phase=before_benchmark_source_bootstrap completed=0 pending=10000
[exp8185] phase=after_benchmark_source_bootstrap completed=10000 pending=0
[exp8185] phase=before_benchmark_source_bootstrap completed=0 pending=10000
[exp8185] phase=after_benchmark_source_bootstrap completed=10000 pending=0
[exp8185] phase=before_benchmark_source_bootstrap completed=0 pending=10000
[exp8185] phase=after_benchmark_source_bootstrap completed=10000 pending=0
[exp8185] phase=before_benchmark_source_bootstrap completed=0 pending=10000
[exp8185] phase=after_benchmark_source_bootstrap completed=10000 pending=0
[exp8185] phase=before_benchmark_source_bootstrap completed=0 pending=10000
[exp8185] phase=after_benchmark_source_bootstrap completed=10000 pending=0
[exp8185] phase=before_benchmark_source_bootstrap completed=0 pending=10000
[exp8185] phase=after_benchmark_source_bootstrap completed=10000 pending=0
[exp8185] phase=before_benchmark_source_bootstrap completed=0 pending=10000
[exp8185] phase=after_benchmark_source_bootstrap completed=10000 pending=0
[exp8185] phase=before_benchmark_source_bootstrap completed=0 pending=10000
[exp8185] phase=after_benchmark_source_bootstrap completed=10000 pending=0
[exp8185] phase=before_benchmark_source_bootstrap completed=0 pending=10000
[exp8185] phase=after_benchmark_source_bootstrap completed=10000 pending=0
[exp8185] phase=before_benchmark_source_bootstrap completed=0 pending=10000
[exp8185] phase=after_benchmark_source_bootstrap completed=10000 pending=0
[exp8185] phase=before_benchmark_source_bootstrap completed=0 pending=10000
[exp8185] phase=after_benchmark_source_bootstrap completed=10000 pending=0
[exp8185] phase=before_benchmark_source_bootstrap completed=0 pending=10000
[exp8185] phase=after_benchmark_source_bootstrap completed=10000 pending=0
.before private8224 CLI
after private8224 CLI 0 [exp8224] phase=start completed=0 pending=0
[exp8224] phase=before_preconditions completed=0 pending=0
[exp8205] phase=before_subprocess_python_environment completed=0 pending=1
[exp8205] phase=after_subprocess_python_environment completed=1 pending=0
[exp8209] phase=score completed=16 pending=112
[exp8209] phase=score completed=32 pending=96
[exp8209] phase=score completed=48 pending=80
[exp8209] phase=score completed=64 pending=64
[exp8209] phase=score completed=80 pending=48
[exp8209] phase=score completed=96 pending=32
[exp8209] phase=score completed=112 pending=16
[exp8209] phase=score completed=128 pending=0
[exp8223] phase=corrected_score completed=16 pending=112
[exp8223] phase=corrected_score completed=32 pending=96
[exp8223] phase=corrected_score completed=48 pending=80
[exp8223] phase=corrected_score completed=64 pending=64
[exp8223] phase=corrected_score completed=80 pending=48
[exp8223] phase=corrected_score completed=96 pending=32
[exp8223] phase=corrected_score completed=112 pending=16
[exp8223] phase=corrected_score completed=128 pending=0
[exp8224] phase=predictions_authenticated_before_label_access completed=9472 pending=0
[exp8224] phase=after_preconditions completed=438 pending=0
[exp8224] phase=before_benchmark_independent_costs completed=0 pending=128
[exp8209] phase=score completed=16 pending=112
[exp8209] phase=score completed=32 pending=96
[exp8209] phase=score completed=48 pending=80
[exp8209] phase=score completed=64 pending=64
[exp8209] phase=score completed=80 pending=48
[exp8209] phase=score completed=96 pending=32
[exp8209] phase=score completed=112 pending=16
[exp8209] phase=score completed=128 pending=0
[exp8223] phase=corrected_score completed=16 pending=112
[exp8223] phase=corrected_score completed=32 pending=96
[exp8223] phase=corrected_score completed=48 pending=80
[exp8223] phase=corrected_score completed=64 pending=64
[exp8223] phase=corrected_score completed=80 pending=48
[exp8223] phase=corrected_score completed=96 pending=32
[exp8223] phase=corrected_score completed=112 pending=16
[exp8223] phase=corrected_score completed=128 pending=0
[exp8185] phase=before_benchmark_source_bootstrap completed=0 pending=10000
[exp8185] phase=after_benchmark_source_bootstrap completed=10000 pending=0
[exp8185] phase=before_benchmark_source_bootstrap completed=0 pending=10000
[exp8185] phase=after_benchmark_source_bootstrap completed=10000 pending=0
[exp8224] phase=after_benchmark_independent_costs completed=128 pending=0
[exp8209] phase=score completed=16 pending=112
[exp8209] phase=score completed=32 pending=96
[exp8209] phase=score completed=48 pending=80
[exp8209] phase=score completed=64 pending=64
[exp8209] phase=score completed=80 pending=48
[exp8209] phase=score completed=96 pending=32
[exp8209] phase=score completed=112 pending=16
[exp8209] phase=score completed=128 pending=0
[exp8223] phase=corrected_score completed=16 pending=112
[exp8223] phase=corrected_score completed=32 pending=96
[exp8223] phase=corrected_score completed=48 pending=80
[exp8223] phase=corrected_score completed=64 pending=64
[exp8223] phase=corrected_score completed=80 pending=48
[exp8223] phase=corrected_score completed=96 pending=32
[exp8223] phase=corrected_score completed=112 pending=16
[exp8223] phase=corrected_score completed=128 pending=0
[exp8185] phase=before_benchmark_source_bootstrap completed=0 pending=10000
[exp8185] phase=after_benchmark_source_bootstrap completed=10000 pending=0
[exp8185] phase=before_benchmark_source_bootstrap completed=0 pending=10000
[exp8185] phase=after_benchmark_source_bootstrap completed=10000 pending=0
[exp8224] phase=publication_complete completed=1 pending=0
 
before private8224 CLI
after private8224 CLI 0 [exp8224] phase=start completed=0 pending=0
[exp8209] phase=score completed=16 pending=112
[exp8209] phase=score completed=32 pending=96
[exp8209] phase=score completed=48 pending=80
[exp8209] phase=score completed=64 pending=64
[exp8209] phase=score completed=80 pending=48
[exp8209] phase=score completed=96 pending=32
[exp8209] phase=score completed=112 pending=16
[exp8209] phase=score completed=128 pending=0
[exp8223] phase=corrected_score completed=16 pending=112
[exp8223] phase=corrected_score completed=32 pending=96
[exp8223] phase=corrected_score completed=48 pending=80
[exp8223] phase=corrected_score completed=64 pending=64
[exp8223] phase=corrected_score completed=80 pending=48
[exp8223] phase=corrected_score completed=96 pending=32
[exp8223] phase=corrected_score completed=112 pending=16
[exp8223] phase=corrected_score completed=128 pending=0
[exp8185] phase=before_benchmark_source_bootstrap completed=0 pending=10000
[exp8185] phase=after_benchmark_source_bootstrap completed=10000 pending=0
[exp8185] phase=before_benchmark_source_bootstrap completed=0 pending=10000
[exp8185] phase=after_benchmark_source_bootstrap completed=10000 pending=0
[exp8224] phase=replay_passed completed=0 pending=0
 
before private8224 CLI
after private8224 CLI 1 [exp8224] phase=start completed=0 pending=0
[exp8209] phase=score completed=16 pending=112
[exp8209] phase=score completed=32 pending=96
[exp8209] phase=score completed=48 pending=80
[exp8209] phase=score completed=64 pending=64
[exp8209] phase=score completed=80 pending=48
[exp8209] phase=score completed=96 pending=32
[exp8209] phase=score completed=112 pending=16
[exp8209] phase=score completed=128 pending=0
[exp8223] phase=corrected_score completed=16 pending=112
[exp8223] phase=corrected_score completed=32 pending=96
[exp8223] phase=corrected_score completed=48 pending=80
[exp8223] phase=corrected_score completed=64 pending=64
[exp8223] phase=corrected_score completed=80 pending=48
[exp8223] phase=corrected_score completed=96 pending=32
[exp8223] phase=corrected_score completed=112 pending=16
[exp8223] phase=corrected_score completed=128 pending=0
[exp8185] phase=before_benchmark_source_bootstrap completed=0 pending=10000
[exp8185] phase=after_benchmark_source_bootstrap completed=10000 pending=0
[exp8185] phase=before_benchmark_source_bootstrap completed=0 pending=10000
[exp8185] phase=after_benchmark_source_bootstrap completed=10000 pending=0
[exp8224] phase=reduction_drift completed=0 pending=0
 
before private8224 CLI
after private8224 CLI 0 [exp8224] phase=start completed=0 pending=0
[exp8224] phase=before_preconditions completed=0 pending=0
[exp8205] phase=before_subprocess_python_environment completed=0 pending=1
[exp8205] phase=after_subprocess_python_environment completed=1 pending=0
[exp8224] phase=after_preconditions completed=3 pending=0
[exp8224] phase=publication_complete completed=1 pending=0
 
before private8224 CLI
after private8224 CLI 0 [exp8224] phase=start completed=0 pending=0
[exp8224] phase=replay_passed completed=0 pending=0
 
before private8224 CLI
after private8224 CLI 2 [exp8224] phase=start completed=0 pending=0
 usage: experiment_8224_v711_utility_audit.py [-h] [--date {20261007}]
                                             [--root ROOT] [--output OUTPUT]
                                             [--fixture-output FIXTURE_OUTPUT]
                                             [--worker-output WORKER_OUTPUT]
                                             [--stream-path STREAM_PATH]
                                             [--mutation {,labels,roles,slots,source}]
                                             [--cold-replay COLD_REPLAY]
experiment_8224_v711_utility_audit.py: error: argument --date: invalid choice: '19000101' (choose from 20261007)

before private8224 CLI
after private8224 CLI 2 [exp8224] phase=start completed=0 pending=0
 usage: experiment_8224_v711_utility_audit.py [-h] [--date {20261007}]
                                             [--root ROOT] [--output OUTPUT]
                                             [--fixture-output FIXTURE_OUTPUT]
                                             [--worker-output WORKER_OUTPUT]
                                             [--stream-path STREAM_PATH]
                                             [--mutation {,labels,roles,slots,source}]
                                             [--cold-replay COLD_REPLAY]
experiment_8224_v711_utility_audit.py: error: fixture outputs must be private

before private8224 CLI
after private8224 CLI 0 [exp8224] phase=start completed=0 pending=0
[exp8224] phase=before_preconditions completed=0 pending=0
[exp8205] phase=before_subprocess_python_environment completed=0 pending=1
[exp8205] phase=after_subprocess_python_environment completed=1 pending=0
[exp8209] phase=score completed=16 pending=112
[exp8209] phase=score completed=32 pending=96
[exp8209] phase=score completed=48 pending=80
[exp8209] phase=score completed=64 pending=64
[exp8209] phase=score completed=80 pending=48
[exp8209] phase=score completed=96 pending=32
[exp8209] phase=score completed=112 pending=16
[exp8209] phase=score completed=128 pending=0
[exp8223] phase=corrected_score completed=16 pending=112
[exp8223] phase=corrected_score completed=32 pending=96
[exp8223] phase=corrected_score completed=48 pending=80
[exp8223] phase=corrected_score completed=64 pending=64
[exp8223] phase=corrected_score completed=80 pending=48
[exp8223] phase=corrected_score completed=96 pending=32
[exp8223] phase=corrected_score completed=112 pending=16
[exp8223] phase=corrected_score completed=128 pending=0
[exp8224] phase=predictions_authenticated_before_label_access completed=9472 pending=0
[exp8224] phase=after_preconditions completed=438 pending=0
[exp8224] phase=before_benchmark_independent_costs completed=0 pending=128
[exp8209] phase=score completed=16 pending=112
[exp8209] phase=score completed=32 pending=96
[exp8209] phase=score completed=48 pending=80
[exp8209] phase=score completed=64 pending=64
[exp8209] phase=score completed=80 pending=48
[exp8209] phase=score completed=96 pending=32
[exp8209] phase=score completed=112 pending=16
[exp8209] phase=score completed=128 pending=0
[exp8223] phase=corrected_score completed=16 pending=112
[exp8223] phase=corrected_score completed=32 pending=96
[exp8223] phase=corrected_score completed=48 pending=80
[exp8223] phase=corrected_score completed=64 pending=64
[exp8223] phase=corrected_score completed=80 pending=48
[exp8223] phase=corrected_score completed=96 pending=32
[exp8223] phase=corrected_score completed=112 pending=16
[exp8223] phase=corrected_score completed=128 pending=0
[exp8185] phase=before_benchmark_source_bootstrap completed=0 pending=10000
[exp8185] phase=after_benchmark_source_bootstrap completed=10000 pending=0
[exp8185] phase=before_benchmark_source_bootstrap completed=0 pending=10000
[exp8185] phase=after_benchmark_source_bootstrap completed=10000 pending=0
[exp8224] phase=after_benchmark_independent_costs completed=128 pending=0
 
.[exp8224] phase=before_preconditions completed=0 pending=0
[exp8205] phase=before_subprocess_python_environment completed=0 pending=1
[exp8205] phase=after_subprocess_python_environment completed=1 pending=0
[exp8224] phase=after_preconditions completed=3 pending=0
[exp8224] phase=before_preconditions completed=0 pending=0
[exp8205] phase=before_subprocess_python_environment completed=0 pending=1
[exp8205] phase=after_subprocess_python_environment completed=1 pending=0
[exp8224] phase=after_preconditions completed=3 pending=0
[exp8224] phase=before_preconditions completed=0 pending=0
[exp8205] phase=before_subprocess_python_environment completed=0 pending=1
[exp8205] phase=after_subprocess_python_environment completed=1 pending=0
[exp8209] phase=score completed=16 pending=112
[exp8209] phase=score completed=32 pending=96
[exp8209] phase=score completed=48 pending=80
[exp8209] phase=score completed=64 pending=64
[exp8209] phase=score completed=80 pending=48
[exp8209] phase=score completed=96 pending=32
[exp8209] phase=score completed=112 pending=16
[exp8209] phase=score completed=128 pending=0
[exp8223] phase=corrected_score completed=16 pending=112
[exp8223] phase=corrected_score completed=32 pending=96
[exp8223] phase=corrected_score completed=48 pending=80
[exp8223] phase=corrected_score completed=64 pending=64
[exp8223] phase=corrected_score completed=80 pending=48
[exp8223] phase=corrected_score completed=96 pending=32
[exp8223] phase=corrected_score completed=112 pending=16
[exp8223] phase=corrected_score completed=128 pending=0
[exp8224] phase=predictions_authenticated_before_label_access completed=9472 pending=0
[exp8224] phase=after_preconditions completed=438 pending=0
[exp8224] phase=before_benchmark_independent_costs completed=0 pending=128
.[exp8224] phase=before_preconditions completed=0 pending=0
[exp8205] phase=before_subprocess_python_environment completed=0 pending=1
[exp8205] phase=after_subprocess_python_environment completed=1 pending=0
[exp8209] phase=score completed=16 pending=112
[exp8209] phase=score completed=32 pending=96
[exp8209] phase=score completed=48 pending=80
[exp8209] phase=score completed=64 pending=64
[exp8209] phase=score completed=80 pending=48
[exp8209] phase=score completed=96 pending=32
[exp8209] phase=score completed=112 pending=16
[exp8209] phase=score completed=128 pending=0
[exp8223] phase=corrected_score completed=16 pending=112
[exp8223] phase=corrected_score completed=32 pending=96
[exp8223] phase=corrected_score completed=48 pending=80
[exp8223] phase=corrected_score completed=64 pending=64
[exp8223] phase=corrected_score completed=80 pending=48
[exp8223] phase=corrected_score completed=96 pending=32
[exp8223] phase=corrected_score completed=112 pending=16
[exp8223] phase=corrected_score completed=128 pending=0
[exp8224] phase=predictions_authenticated_before_label_access completed=9472 pending=0
[exp8224] phase=after_preconditions completed=438 pending=0
[exp8224] phase=before_benchmark_independent_costs completed=0 pending=128
[exp8209] phase=score completed=16 pending=112
[exp8209] phase=score completed=32 pending=96
[exp8209] phase=score completed=48 pending=80
[exp8209] phase=score completed=64 pending=64
[exp8209] phase=score completed=80 pending=48
[exp8209] phase=score completed=96 pending=32
[exp8209] phase=score completed=112 pending=16
[exp8209] phase=score completed=128 pending=0
[exp8223] phase=corrected_score completed=16 pending=112
[exp8223] phase=corrected_score completed=32 pending=96
[exp8223] phase=corrected_score completed=48 pending=80
[exp8223] phase=corrected_score completed=64 pending=64
[exp8223] phase=corrected_score completed=80 pending=48
[exp8223] phase=corrected_score completed=96 pending=32
[exp8223] phase=corrected_score completed=112 pending=16
[exp8223] phase=corrected_score completed=128 pending=0
[exp8185] phase=before_benchmark_source_bootstrap completed=0 pending=10000
[exp8185] phase=after_benchmark_source_bootstrap completed=10000 pending=0
[exp8185] phase=before_benchmark_source_bootstrap completed=0 pending=10000
[exp8185] phase=after_benchmark_source_bootstrap completed=10000 pending=0
[exp8224] phase=after_benchmark_independent_costs completed=128 pending=0
[exp8205] phase=before_subprocess_true completed=0 pending=1
[exp8205] phase=after_subprocess_true completed=1 pending=0
[exp8209] phase=score completed=16 pending=112
[exp8209] phase=score completed=32 pending=96
[exp8209] phase=score completed=48 pending=80
[exp8209] phase=score completed=64 pending=64
[exp8209] phase=score completed=80 pending=48
[exp8209] phase=score completed=96 pending=32
[exp8209] phase=score completed=112 pending=16
[exp8209] phase=score completed=128 pending=0
[exp8223] phase=corrected_score completed=16 pending=112
[exp8223] phase=corrected_score completed=32 pending=96
[exp8223] phase=corrected_score completed=48 pending=80
[exp8223] phase=corrected_score completed=64 pending=64
[exp8223] phase=corrected_score completed=80 pending=48
[exp8223] phase=corrected_score completed=96 pending=32
[exp8223] phase=corrected_score completed=112 pending=16
[exp8223] phase=corrected_score completed=128 pending=0
[exp8185] phase=before_benchmark_source_bootstrap completed=0 pending=10000
[exp8185] phase=after_benchmark_source_bootstrap completed=10000 pending=0
[exp8185] phase=before_benchmark_source_bootstrap completed=0 pending=10000
[exp8185] phase=after_benchmark_source_bootstrap completed=10000 pending=0
[exp8209] phase=score completed=16 pending=112
[exp8209] phase=score completed=32 pending=96
[exp8209] phase=score completed=48 pending=80
[exp8209] phase=score completed=64 pending=64
[exp8209] phase=score completed=80 pending=48
[exp8209] phase=score completed=96 pending=32
[exp8209] phase=score completed=112 pending=16
[exp8209] phase=score completed=128 pending=0
[exp8223] phase=corrected_score completed=16 pending=112
[exp8223] phase=corrected_score completed=32 pending=96
[exp8223] phase=corrected_score completed=48 pending=80
[exp8223] phase=corrected_score completed=64 pending=64
[exp8223] phase=corrected_score completed=80 pending=48
[exp8223] phase=corrected_score completed=96 pending=32
[exp8223] phase=corrected_score completed=112 pending=16
[exp8223] phase=corrected_score completed=128 pending=0
[exp8185] phase=before_benchmark_source_bootstrap completed=0 pending=10000
[exp8185] phase=after_benchmark_source_bootstrap completed=10000 pending=0
[exp8185] phase=before_benchmark_source_bootstrap completed=0 pending=10000
[exp8185] phase=after_benchmark_source_bootstrap completed=10000 pending=0
