[exp8071] phase=start elapsed_s=0.000 completed=0 pending=0
[exp8071] phase=before_model_load elapsed_s=0.042 completed=0 pending=0
[exp8071] phase=after_model_load elapsed_s=7.700 completed=0 pending=0
[exp8059] phase=token_view_seal elapsed_s=7.692 completed=1 pending=7
[exp8059] phase=token_view_seal elapsed_s=7.702 completed=2 pending=6
[exp8059] phase=token_view_seal elapsed_s=7.711 completed=3 pending=5
[exp8059] phase=token_view_seal elapsed_s=7.723 completed=4 pending=4
[exp8059] phase=token_view_seal elapsed_s=7.754 completed=5 pending=3
[exp8059] phase=token_view_seal elapsed_s=7.763 completed=6 pending=2
[exp8059] phase=token_view_seal elapsed_s=7.769 completed=7 pending=1
[exp8059] phase=token_view_seal elapsed_s=7.793 completed=8 pending=0
[exp8071] phase=before_native_forward elapsed_s=7.868 completed=0 pending=0
[exp8022] phase=8033_before_context_create elapsed_s=0.000 completed=0 pending=0
[exp8022] phase=8033_after_context_create elapsed_s=0.037 completed=0 pending=0
[exp8022] phase=8033_before_eval elapsed_s=0.047 completed=0 pending=270
[exp8022] phase=8033_after_eval elapsed_s=0.755 completed=270 pending=0
[exp8022] phase=8033_before_context_close elapsed_s=1.325 completed=0 pending=0
[exp8022] phase=8033_after_context_close elapsed_s=1.686 completed=0 pending=0
[exp8071] phase=after_native_forward elapsed_s=9.567 completed=0 pending=0
[exp8071] phase=before_model_cleanup elapsed_s=9.569 completed=0 pending=0
[exp8071] phase=after_model_cleanup elapsed_s=9.792 completed=0 pending=0
