[exp8044] phase=start elapsed_s=0.000 completed_units=0 pending=arguments
[exp8044] phase=preconditions elapsed_s=0.001 completed_units=0 pending=local resources, terminal sidecars and invocation authority
[exp8044] phase=inputs_frozen elapsed_s=35.184 completed_units=13 pending=twelve private mutations and exact validation manifest
[exp7953] phase=mutations completed_units=1/12 elapsed_s=0.225
[exp7953] phase=mutations completed_units=2/12 elapsed_s=0.460
[exp7953] phase=mutations completed_units=3/12 elapsed_s=0.694
[exp7953] phase=mutations completed_units=4/12 elapsed_s=0.929
[exp7953] phase=mutations completed_units=5/12 elapsed_s=1.165
[exp7953] phase=mutations completed_units=6/12 elapsed_s=1.471
[exp7953] phase=mutations completed_units=7/12 elapsed_s=1.707
[exp7953] phase=mutations completed_units=8/12 elapsed_s=1.942
[exp7953] phase=mutations completed_units=9/12 elapsed_s=2.177
[exp7953] phase=mutations completed_units=10/12 elapsed_s=2.410
[exp7953] phase=mutations completed_units=11/12 elapsed_s=2.644
[exp7953] phase=mutations completed_units=12/12 elapsed_s=2.921
[exp8044] phase=subprocess_before_consumer_pytest elapsed_s=38.136 completed_units=0 pending=owned checks
[exp7303-validation] before_subprocess consumer_pytest elapsed_s=0.000 unit=1/1
[exp7303-validation:consumer_pytest] ........................................................................ [ 67%]
[exp7303-validation:consumer_pytest] ..................................                                       [100%]
[exp7303-validation:consumer_pytest] 106 passed in 7.58s
[exp7303-validation] after_subprocess consumer_pytest elapsed_s=10.556 exit=0 unit=1/1
[exp8044] phase=subprocess_after_consumer_pytest elapsed_s=48.693 completed_units=1 pending=remaining checks
[exp8044] phase=subprocess_before_coverage_unit elapsed_s=48.693 completed_units=1 pending=owned checks
[exp7303-validation] before_subprocess coverage_unit elapsed_s=0.000 unit=1/1
[exp7303-validation] subprocess_outstanding coverage_unit elapsed_s=30.001
[exp7303-validation] subprocess_outstanding coverage_unit elapsed_s=60.001
[exp7303-validation] subprocess_outstanding coverage_unit elapsed_s=90.002
[exp7303-validation] subprocess_outstanding coverage_unit elapsed_s=120.002
[exp7303-validation] subprocess_outstanding coverage_unit elapsed_s=150.003
[exp7303-validation] subprocess_outstanding coverage_unit elapsed_s=180.003
[exp7303-validation] subprocess_outstanding coverage_unit elapsed_s=210.004
[exp7303-validation:coverage_unit] ...........................                                              [100%]
[exp7303-validation:coverage_unit] 27 passed in 218.98s (0:03:38)
[exp7303-validation] after_subprocess coverage_unit elapsed_s=224.095 exit=0 unit=1/1
[exp8044] phase=subprocess_after_coverage_unit elapsed_s=272.788 completed_units=2 pending=remaining checks
[exp8044] phase=subprocess_before_coverage_cli_success elapsed_s=272.788 completed_units=2 pending=owned checks
[exp7303-validation] before_subprocess coverage_cli_success elapsed_s=0.000 unit=1/1
[exp7303-validation:coverage_cli_success] [exp8044] phase=start elapsed_s=0.000 completed_units=0 pending=arguments
[exp7303-validation:coverage_cli_success] [exp8044] phase=preconditions elapsed_s=0.002 completed_units=0 pending=local resources, terminal sidecars and invocation authority
[exp7303-validation] subprocess_outstanding coverage_cli_success elapsed_s=30.001
[exp7303-validation:coverage_cli_success] [exp8044] phase=inputs_frozen elapsed_s=38.466 completed_units=13 pending=twelve private mutations and exact validation manifest
[exp7303-validation:coverage_cli_success] [exp7953] phase=mutations completed_units=1/12 elapsed_s=0.615
[exp7303-validation:coverage_cli_success] [exp7953] phase=mutations completed_units=2/12 elapsed_s=1.252
[exp7303-validation:coverage_cli_success] [exp7953] phase=mutations completed_units=3/12 elapsed_s=1.970
[exp7303-validation:coverage_cli_success] [exp7953] phase=mutations completed_units=4/12 elapsed_s=2.598
[exp7303-validation:coverage_cli_success] [exp7953] phase=mutations completed_units=5/12 elapsed_s=3.224
[exp7303-validation:coverage_cli_success] [exp7953] phase=mutations completed_units=6/12 elapsed_s=3.837
[exp7303-validation:coverage_cli_success] [exp7953] phase=mutations completed_units=7/12 elapsed_s=4.467
[exp7303-validation:coverage_cli_success] [exp7953] phase=mutations completed_units=8/12 elapsed_s=5.097
[exp7303-validation:coverage_cli_success] [exp7953] phase=mutations completed_units=9/12 elapsed_s=5.722
[exp7303-validation:coverage_cli_success] [exp7953] phase=mutations completed_units=10/12 elapsed_s=6.347
[exp7303-validation:coverage_cli_success] [exp7953] phase=mutations completed_units=11/12 elapsed_s=6.973
[exp7303-validation:coverage_cli_success] [exp7953] phase=mutations completed_units=12/12 elapsed_s=7.713
[exp7303-validation:coverage_cli_success] [exp8044] phase=published elapsed_s=46.439 completed_units=13 pending=none
[exp7303-validation] after_subprocess coverage_cli_success elapsed_s=48.840 exit=0 unit=1/1
[exp8044] phase=subprocess_after_coverage_cli_success elapsed_s=321.629 completed_units=3 pending=remaining checks
[exp8044] phase=subprocess_before_coverage_expected_failure elapsed_s=321.629 completed_units=3 pending=owned checks
[exp7303-validation] before_subprocess coverage_expected_failure elapsed_s=0.000 unit=1/1
[exp7303-validation:coverage_expected_failure] [exp8044] phase=start elapsed_s=0.000 completed_units=0 pending=arguments
[exp7303-validation:coverage_expected_failure] cold_replay_mismatch
[exp7303-validation] after_subprocess coverage_expected_failure elapsed_s=2.469 exit=1 unit=1/1
[exp8044] phase=subprocess_after_coverage_expected_failure elapsed_s=324.098 completed_units=4 pending=remaining checks
[exp8044] phase=subprocess_before_coverage_cold_replay elapsed_s=324.098 completed_units=4 pending=owned checks
[exp7303-validation] before_subprocess coverage_cold_replay elapsed_s=0.000 unit=1/1
[exp7303-validation:coverage_cold_replay] [exp8044] phase=start elapsed_s=0.000 completed_units=0 pending=arguments
[exp7303-validation:coverage_cold_replay] cold_replay_passed
[exp7303-validation] after_subprocess coverage_cold_replay elapsed_s=3.923 exit=0 unit=1/1
[exp8044] phase=subprocess_after_coverage_cold_replay elapsed_s=328.021 completed_units=5 pending=remaining checks
[exp8044] phase=subprocess_before_coverage_combine elapsed_s=328.021 completed_units=5 pending=owned checks
[exp7303-validation] before_subprocess coverage_combine elapsed_s=0.000 unit=1/1
[exp7303-validation:coverage_combine] Combined 4 files
[exp7303-validation] after_subprocess coverage_combine elapsed_s=0.055 exit=0 unit=1/1
[exp8044] phase=subprocess_after_coverage_combine elapsed_s=328.077 completed_units=6 pending=remaining checks
[exp8044] phase=subprocess_before_coverage_report elapsed_s=328.077 completed_units=6 pending=owned checks
[exp7303-validation] before_subprocess coverage_report elapsed_s=0.000 unit=1/1
[exp7303-validation:coverage_report] Name                                                           Stmts   Miss  Cover   Missing
[exp7303-validation:coverage_report] --------------------------------------------------------------------------------------------
[exp7303-validation:coverage_report] python/carnot/reporting/v697_contract_methods.py                 156      0   100%
[exp7303-validation:coverage_report] python/carnot/reporting/v697_evidence.py                         100      0   100%
[exp7303-validation:coverage_report] scripts/experiments/experiment_8044_v697_contract_methods.py      31      0   100%
[exp7303-validation:coverage_report] --------------------------------------------------------------------------------------------
[exp7303-validation:coverage_report] TOTAL                                                            287      0   100%
[exp7303-validation] after_subprocess coverage_report elapsed_s=0.074 exit=0 unit=1/1
[exp8044] phase=subprocess_after_coverage_report elapsed_s=328.151 completed_units=7 pending=remaining checks
[exp8044] phase=subprocess_before_coverage_json elapsed_s=328.151 completed_units=7 pending=owned checks
[exp7303-validation] before_subprocess coverage_json elapsed_s=0.000 unit=1/1
[exp7303-validation:coverage_json] Wrote JSON report to /tmp/exp8044-zq1b1jn4/coverage.json
[exp7303-validation] after_subprocess coverage_json elapsed_s=0.077 exit=0 unit=1/1
[exp8044] phase=subprocess_after_coverage_json elapsed_s=328.229 completed_units=8 pending=remaining checks
[exp8044] phase=subprocess_before_ruff_check elapsed_s=328.229 completed_units=8 pending=owned checks
[exp7303-validation] before_subprocess ruff_check elapsed_s=0.000 unit=1/1
[exp7303-validation:ruff_check] All checks passed!
[exp7303-validation] after_subprocess ruff_check elapsed_s=0.012 exit=0 unit=1/1
[exp8044] phase=subprocess_after_ruff_check elapsed_s=328.241 completed_units=9 pending=remaining checks
[exp8044] phase=subprocess_before_ruff_format elapsed_s=328.241 completed_units=9 pending=owned checks
[exp7303-validation] before_subprocess ruff_format elapsed_s=0.000 unit=1/1
[exp7303-validation:ruff_format] 4 files already formatted
[exp7303-validation] after_subprocess ruff_format elapsed_s=0.011 exit=0 unit=1/1
[exp8044] phase=subprocess_after_ruff_format elapsed_s=328.253 completed_units=10 pending=remaining checks
[exp8044] phase=subprocess_before_mypy_strict elapsed_s=328.253 completed_units=10 pending=owned checks
[exp7303-validation] before_subprocess mypy_strict elapsed_s=0.000 unit=1/1
[exp7303-validation:mypy_strict] usage: mypy [-h] [-v] [-V] [more options; see below]
[exp7303-validation:mypy_strict]             [-m MODULE] [-p PACKAGE] [-c PROGRAM_TEXT] [files ...]
[exp7303-validation:mypy_strict] mypy: error: unrecognized arguments: python/carnot/reporting/v697_evidence.py
[exp7303-validation] after_subprocess mypy_strict elapsed_s=0.083 exit=2 unit=1/1
[exp8044] phase=subprocess_after_mypy_strict elapsed_s=328.336 completed_units=11 pending=remaining checks
[exp8044] phase=subprocess_before_scoped_spec_coverage elapsed_s=328.336 completed_units=11 pending=owned checks
[exp7303-validation] before_subprocess scoped_spec_coverage elapsed_s=0.000 unit=1/1
[exp7303-validation:scoped_spec_coverage] OK: All tests reference specification requirements.
[exp7303-validation] after_subprocess scoped_spec_coverage elapsed_s=0.025 exit=0 unit=1/1
[exp8044] phase=subprocess_after_scoped_spec_coverage elapsed_s=328.362 completed_units=12 pending=remaining checks
[exp8044] phase=subprocess_before_repository_full_suite elapsed_s=328.362 completed_units=12 pending=owned checks
[exp7303-validation] before_subprocess repository_full_suite elapsed_s=0.000 unit=1/1
[exp7303-validation:repository_full_suite] ============================= test session starts ==============================
[exp7303-validation:repository_full_suite] platform linux -- Python 3.12.13, pytest-9.0.3, pluggy-1.6.0
[exp7303-validation:repository_full_suite] rootdir: /home/ianblenke/github.com/ianblenke/carnot
[exp7303-validation:repository_full_suite] configfile: pyproject.toml
[exp7303-validation:repository_full_suite] plugins: xdist-3.8.0, jaxtyping-0.3.10, cov-7.1.0, hydra-core-1.3.3, anyio-4.13.0, hypothesis-6.155.2
[exp7303-validation:repository_full_suite] created: 4/4 workers
[exp7303-validation] subprocess_outstanding repository_full_suite elapsed_s=30.001
[exp7303-validation] subprocess_outstanding repository_full_suite elapsed_s=60.001
[exp7303-validation:repository_full_suite] 4 workers [74981 items]
[exp7303-validation:repository_full_suite] 
[exp7303-validation:repository_full_suite] ........................................................................ [  0%]
[exp7303-validation:repository_full_suite] ........................................................................ [  0%]
[exp7303-validation:repository_full_suite] ........................................................................ [  0%]
[exp7303-validation:repository_full_suite] ........................................................................ [  0%]
[exp7303-validation:repository_full_suite] ........................................................................ [  0%]
[exp7303-validation:repository_full_suite] ........................................................................ [  0%]
[exp7303-validation:repository_full_suite] ........................................................................ [  0%]
[exp7303-validation:repository_full_suite] ......................................................F.........F....... [  0%]
[exp7303-validation:repository_full_suite] ........................................................................ [  0%]
[exp7303-validation:repository_full_suite] ........................................................................ [  0%]
[exp7303-validation:repository_full_suite] ........................................................................ [  1%]
[exp7303-validation:repository_full_suite] ........................................................................ [  1%]
[exp7303-validation] subprocess_outstanding repository_full_suite elapsed_s=90.001
[exp7303-validation:repository_full_suite] ..................../home/ianblenke/github.com/ianblenke/carnot/.venv/lib/python3.12/site-packages/_pytest/main.py:353: PluggyTeardownRaisedWarning: A plugin raised an exception during an old-style hookwrapper teardown.
[exp7303-validation:repository_full_suite] Plugin: 140164080183120, Hook: pytest_sessionfinish
[exp7303-validation:repository_full_suite] OSError: cannot send (already closed?)
[exp7303-validation:repository_full_suite] For more information see https://pluggy.readthedocs.io/en/stable/api_reference.html#pluggy.PluggyTeardownRaisedWarning
[exp7303-validation:repository_full_suite]   config.hook.pytest_sessionfinish(
[exp7303-validation:repository_full_suite] /home/ianblenke/github.com/ianblenke/carnot/.venv/lib/python3.12/site-packages/_pytest/main.py:353: PluggyTeardownRaisedWarning: A plugin raised an exception during an old-style hookwrapper teardown.
[exp7303-validation:repository_full_suite] Plugin: 140280209736192, Hook: pytest_sessionfinish
[exp7303-validation:repository_full_suite] OSError: cannot send (already closed?)
[exp7303-validation:repository_full_suite] For more information see https://pluggy.readthedocs.io/en/stable/api_reference.html#pluggy.PluggyTeardownRaisedWarning
[exp7303-validation:repository_full_suite]   config.hook.pytest_sessionfinish(
[exp7303-validation:repository_full_suite] /home/ianblenke/github.com/ianblenke/carnot/.venv/lib/python3.12/site-packages/_pytest/main.py:353: PluggyTeardownRaisedWarning: A plugin raised an exception during an old-style hookwrapper teardown.
[exp7303-validation:repository_full_suite] Plugin: 140192398029552, Hook: pytest_sessionfinish
[exp7303-validation:repository_full_suite] OSError: cannot send (already closed?)
[exp7303-validation:repository_full_suite] For more information see https://pluggy.readthedocs.io/en/stable/api_reference.html#pluggy.PluggyTeardownRaisedWarning
[exp7303-validation:repository_full_suite]   config.hook.pytest_sessionfinish(
[exp7303-validation:repository_full_suite] /home/ianblenke/github.com/ianblenke/carnot/.venv/lib/python3.12/site-packages/_pytest/main.py:353: PluggyTeardownRaisedWarning: A plugin raised an exception during an old-style hookwrapper teardown.
[exp7303-validation:repository_full_suite] Plugin: 140672660430128, Hook: pytest_sessionfinish
[exp7303-validation:repository_full_suite] OSError: cannot send (already closed?)
[exp7303-validation:repository_full_suite] For more information see https://pluggy.readthedocs.io/en/stable/api_reference.html#pluggy.PluggyTeardownRaisedWarning
[exp7303-validation:repository_full_suite]   config.hook.pytest_sessionfinish(
[exp7303-validation] after_subprocess repository_full_suite elapsed_s=114.207 exit=-15 unit=1/1
[exp8044] phase=subprocess_after_repository_full_suite elapsed_s=442.570 completed_units=13 pending=remaining checks
[exp8044] phase=subprocess_before_roadmap_schema elapsed_s=442.570 completed_units=13 pending=owned checks
[exp7303-validation] before_subprocess roadmap_schema elapsed_s=0.000 unit=1/1
[exp7303-validation:roadmap_schema] schema_passed
[exp7303-validation] after_subprocess roadmap_schema elapsed_s=0.124 exit=0 unit=1/1
[exp8044] phase=subprocess_after_roadmap_schema elapsed_s=442.698 completed_units=14 pending=remaining checks
[exp8044] phase=subprocess_before_roadmap_gate_audit elapsed_s=442.698 completed_units=14 pending=owned checks
[exp7303-validation] before_subprocess roadmap_gate_audit elapsed_s=0.000 unit=1/1
[exp7303-validation:roadmap_gate_audit] {
[exp7303-validation:roadmap_gate_audit]   "audit_script_written": true,
[exp7303-validation:roadmap_gate_audit]   "failure_details": [],
[exp7303-validation:roadmap_gate_audit]   "honest_verdict": "all_checks_pass",
[exp7303-validation:roadmap_gate_audit]   "luna_tasks_requiring_review": [],
[exp7303-validation:roadmap_gate_audit]   "n_gate_field_cross_ref_failures": 0,
[exp7303-validation:roadmap_gate_audit]   "n_gate_upstream_checks": 42,
[exp7303-validation:roadmap_gate_audit]   "n_gate_upstream_failures": 0,
[exp7303-validation:roadmap_gate_audit]   "n_model_agent_coherence_failures": 0,
[exp7303-validation:roadmap_gate_audit]   "n_prior_failures_checks": 13,
[exp7303-validation:roadmap_gate_audit]   "n_prior_failures_missing": 0,
[exp7303-validation:roadmap_gate_audit]   "n_tasks_audited": 13,
[exp7303-validation:roadmap_gate_audit]   "roadmap_gate_audit_passed": true,
[exp7303-validation:roadmap_gate_audit]   "roadmap_path_note": "requested roadmap path exists",
[exp7303-validation:roadmap_gate_audit]   "roadmap_path_used": "research-roadmap.yaml"
[exp7303-validation:roadmap_gate_audit] }
[exp7303-validation] after_subprocess roadmap_gate_audit elapsed_s=4.076 exit=0 unit=1/1
[exp8044] phase=subprocess_after_roadmap_gate_audit elapsed_s=446.774 completed_units=15 pending=remaining checks
[exp8044] phase=subprocess_before_exclusion_manifest elapsed_s=446.774 completed_units=15 pending=owned checks
[exp7303-validation] before_subprocess exclusion_manifest elapsed_s=0.000 unit=1/1
[exp7303-validation:exclusion_manifest] Exclusion-manifest lint clean: research-roadmap.yaml
[exp7303-validation] after_subprocess exclusion_manifest elapsed_s=15.631 exit=0 unit=1/1
[exp8044] phase=subprocess_after_exclusion_manifest elapsed_s=462.406 completed_units=16 pending=remaining checks
[exp8044] phase=subprocess_before_candidate_cold_replay elapsed_s=462.522 completed_units=0 pending=terminal validation
[exp7303-validation] before_subprocess candidate_cold_replay elapsed_s=0.000 unit=1/1
[exp7303-validation:candidate_cold_replay] [exp8044] phase=start elapsed_s=0.000 completed_units=0 pending=arguments
[exp7303-validation:candidate_cold_replay] cold_replay_passed
[exp7303-validation] after_subprocess candidate_cold_replay elapsed_s=2.918 exit=0 unit=1/1
[exp8044] phase=subprocess_after_candidate_cold_replay elapsed_s=465.439 completed_units=1 pending=terminal validation
[exp8044] phase=subprocess_before_candidate_adversarial elapsed_s=465.439 completed_units=1 pending=terminal validation
[exp7303-validation] before_subprocess candidate_adversarial elapsed_s=0.000 unit=1/1
[exp7303-validation:candidate_adversarial] {
[exp7303-validation:candidate_adversarial]   "reports": [
[exp7303-validation:candidate_adversarial]     {
[exp7303-validation:candidate_adversarial]       "artifact": "/tmp/exp8044-zq1b1jn4/experiment_8044_v697_contract_methods.json",
[exp7303-validation:candidate_adversarial]       "loaded": true,
[exp7303-validation:candidate_adversarial]       "exp_id": 8044,
[exp7303-validation:candidate_adversarial]       "title": "",
[exp7303-validation:candidate_adversarial]       "honest_verdict": "complete_disqualified_required_validation",
[exp7303-validation:candidate_adversarial]       "flag_count": 0,
[exp7303-validation:candidate_adversarial]       "max_severity": -1,
[exp7303-validation:candidate_adversarial]       "flags": [],
[exp7303-validation:candidate_adversarial]       "gate_version": "07ddacadae8c3b8d3250ad0977bda6f747d5bcb02bb7af3119b80db2547b62c7"
[exp7303-validation:candidate_adversarial]     }
[exp7303-validation:candidate_adversarial]   ],
[exp7303-validation:candidate_adversarial]   "flagged_count": 0
[exp7303-validation:candidate_adversarial] }
[exp7303-validation] after_subprocess candidate_adversarial elapsed_s=0.715 exit=0 unit=1/1
[exp8044] phase=subprocess_after_candidate_adversarial elapsed_s=466.154 completed_units=2 pending=terminal validation
[exp8044] phase=subprocess_before_candidate_strict_rows elapsed_s=466.154 completed_units=2 pending=terminal validation
[exp7303-validation] before_subprocess candidate_strict_rows elapsed_s=0.000 unit=1/1
[exp7303-validation:candidate_strict_rows] 
[exp7303-validation:candidate_strict_rows] verdict-row-consistency: checked 1, skipped 0 (no per-unit rows), unreadable 0.
[exp7303-validation:candidate_strict_rows]   No row/verdict contradictions among the artifacts that could be checked.
[exp7303-validation] after_subprocess candidate_strict_rows elapsed_s=0.026 exit=0 unit=1/1
[exp8044] phase=subprocess_after_candidate_strict_rows elapsed_s=466.180 completed_units=3 pending=terminal validation
[exp8044] phase=subprocess_before_published_cold_replay elapsed_s=467.708 completed_units=3 pending=terminal validation
[exp7303-validation] before_subprocess published_cold_replay elapsed_s=0.000 unit=1/1
[exp7303-validation:published_cold_replay] [exp8044] phase=start elapsed_s=0.000 completed_units=0 pending=arguments
[exp7303-validation:published_cold_replay] cold_replay_passed
[exp7303-validation] after_subprocess published_cold_replay elapsed_s=2.908 exit=0 unit=1/1
[exp8044] phase=subprocess_after_published_cold_replay elapsed_s=470.617 completed_units=4 pending=terminal validation
[exp8044] phase=subprocess_before_published_adversarial elapsed_s=470.617 completed_units=4 pending=terminal validation
[exp7303-validation] before_subprocess published_adversarial elapsed_s=0.000 unit=1/1
[exp7303-validation:published_adversarial] {
[exp7303-validation:published_adversarial]   "reports": [
[exp7303-validation:published_adversarial]     {
[exp7303-validation:published_adversarial]       "artifact": "/home/ianblenke/github.com/ianblenke/carnot/results/experiment_8044_v697_contract_methods.json",
[exp7303-validation:published_adversarial]       "loaded": true,
[exp7303-validation:published_adversarial]       "exp_id": 8044,
[exp7303-validation:published_adversarial]       "title": "",
[exp7303-validation:published_adversarial]       "honest_verdict": "complete_disqualified_required_validation",
[exp7303-validation:published_adversarial]       "flag_count": 0,
[exp7303-validation:published_adversarial]       "max_severity": -1,
[exp7303-validation:published_adversarial]       "flags": [],
[exp7303-validation:published_adversarial]       "gate_version": "07ddacadae8c3b8d3250ad0977bda6f747d5bcb02bb7af3119b80db2547b62c7"
[exp7303-validation:published_adversarial]     }
[exp7303-validation:published_adversarial]   ],
[exp7303-validation:published_adversarial]   "flagged_count": 0
[exp7303-validation:published_adversarial] }
[exp7303-validation] after_subprocess published_adversarial elapsed_s=0.714 exit=0 unit=1/1
[exp8044] phase=subprocess_after_published_adversarial elapsed_s=471.332 completed_units=5 pending=terminal validation
[exp8044] phase=subprocess_before_published_strict_rows elapsed_s=471.332 completed_units=5 pending=terminal validation
[exp7303-validation] before_subprocess published_strict_rows elapsed_s=0.000 unit=1/1
[exp7303-validation:published_strict_rows] 
[exp7303-validation:published_strict_rows] verdict-row-consistency: checked 1, skipped 0 (no per-unit rows), unreadable 0.
[exp7303-validation:published_strict_rows]   No row/verdict contradictions among the artifacts that could be checked.
[exp7303-validation] after_subprocess published_strict_rows elapsed_s=0.028 exit=0 unit=1/1
[exp8044] phase=subprocess_after_published_strict_rows elapsed_s=471.360 completed_units=6 pending=terminal validation
[exp8044] phase=published elapsed_s=471.451 completed_units=13 pending=none
