[2026-06-12 14:27:15,832][src.nn.utils.utils][INFO] - [rank: 0] Enforcing tags! <cfg.extras.enforce_tags=True>
[2026-06-12 14:27:15,835][src.nn.utils.utils][INFO] - [rank: 0] Printing config tree with Rich! <cfg.extras.print_config=True>
[2026-06-12 14:27:15,874][__main__][INFO] - [rank: 0] Instantiating datamodule <src.nn.data.SudokuDataModule>
[2026-06-12 14:27:15,877][src.nn.data.sudoku_datamodule][INFO] - [rank: 0] ✓ Loaded metadata from ./data/sudoku_extreme_1k_aug_1k/metadata.json
[2026-06-12 14:27:15,878][src.nn.data.sudoku_datamodule][INFO] - [rank: 0]   Train: 1000 groups, 1001000 total puzzles
[2026-06-12 14:27:15,882][__main__][INFO] - [rank: 0] Setting model config from data module:  num_puzzles = 1 batch_size = 768 vocab_size = 12
[2026-06-12 14:27:15,882][__main__][INFO] - [rank: 0] Instantiating model <src.nn.models.trm.TRMModule>
[2026-06-12 14:27:16,714][src.nn.models.trm][INFO] - [rank: 0] Creating TRM with vocab size=12, seq_len=81, puzzle_emb_len=0 pos_emb_type='null' puzzle_emb_dim=0
[2026-06-12 14:27:16,714][src.nn.models.trm][INFO] - [rank: 0] use_mlp_t=True, use_conv_swiglu=False, use_board_swiglu=False
[2026-06-12 14:27:16,716][src.nn.models.trm][INFO] - [rank: 0] Not using Rotary Embeddings
[2026-06-12 14:27:16,734][src.nn.models.trm][INFO] - [rank: 0] puzzle_emb_dim <= 0, not creating puzzle embeddings
[2026-06-12 14:27:16,734][__main__][INFO] - [rank: 0] Instantiating callbacks...
[2026-06-12 14:27:16,734][src.nn.utils.instantiators][INFO] - [rank: 0] Instantiating callback <lightning.pytorch.callbacks.ModelCheckpoint>
[2026-06-12 14:27:16,736][src.nn.utils.instantiators][INFO] - [rank: 0] Instantiating callback <src.nn.callbacks.ema.EMACallback>
[2026-06-12 14:27:16,736][src.nn.utils.instantiators][INFO] - [rank: 0] Instantiating callback <carnot.experiment_4108_nanotrm_sudoku_extreme_baseline.NanoTrmExtremeProgressPrinter>
[2026-06-12 14:27:16,745][__main__][INFO] - [rank: 0] Instantiating loggers...
[2026-06-12 14:27:16,745][src.nn.utils.instantiators][INFO] - [rank: 0] Instantiating logger <lightning.pytorch.loggers.csv_logs.CSVLogger>
[2026-06-12 14:27:16,746][__main__][INFO] - [rank: 0] Instantiating trainer <lightning.pytorch.trainer.Trainer>
[2026-06-12 14:27:16,752][__main__][INFO] - [rank: 0] Logging hyperparameters!
[2026-06-12 14:27:16,760][__main__][INFO] - [rank: 0] Starting training!
[2026-06-12 14:27:16,762][__main__][INFO] - [rank: 0] Val check interval: default (1.0)
[2026-06-12 14:27:16,762][__main__][INFO] - [rank: 0] Check val every n epoch: 100
[2026-06-12 14:27:16,763][__main__][INFO] - [rank: 0] Steps per epoch: 1303
[2026-06-12 14:27:16,763][__main__][INFO] - [rank: 0] Max epochs: 50000
[2026-06-12 14:27:16,763][__main__][INFO] - [rank: 0] Batch size: 768
[2026-06-12 14:27:17,016][src.nn.models.trm][INFO] - [rank: 0] Training configuration:
[2026-06-12 14:27:17,016][src.nn.models.trm][INFO] - [rank: 0]   Groups (unique puzzles): 1000
[2026-06-12 14:27:17,016][src.nn.models.trm][INFO] - [rank: 0]   Total puzzles (with aug): 1001000
[2026-06-12 14:27:17,016][src.nn.models.trm][INFO] - [rank: 0]   Steps per epoch: 1
[2026-06-12 14:27:17,016][src.nn.models.trm][INFO] - [rank: 0]   Total steps: 50000
[2026-06-12 14:27:17,016][src.nn.models.trm][INFO] - [rank: 0] Compiling inner_forward with torch.compile...
[2026-06-12 14:27:17,018][src.nn.models.trm][INFO] - [rank: 0] Compilation successful
[2026-06-12 14:27:40,480][src.nn.data.sudoku_datamodule][INFO] - [rank: 0] Creating train dataloader with batch size 768 and num_workers 0 and prefetch_factor None
[2026-06-12 14:33:49,323][src.nn.utils.utils][ERROR] - [rank: 0] 
Traceback (most recent call last):
  File "/home/ianblenke/github.com/ianblenke/carnot/nano-trm/src/nn/utils/utils.py", line 75, in wrap
    return_value = task_func(cfg=cfg)
                   ^^^^^^^^^^^^^^^^^^
  File "/home/ianblenke/github.com/ianblenke/carnot/nano-trm/src/nn/train.py", line 124, in train
    trainer.fit(model=model, datamodule=datamodule, ckpt_path=cfg.get("ckpt_path"))
  File "/home/ianblenke/github.com/ianblenke/carnot/nano-trm/.venv/lib/python3.12/site-packages/lightning/pytorch/trainer/trainer.py", line 584, in fit
    call._call_and_handle_interrupt(
  File "/home/ianblenke/github.com/ianblenke/carnot/nano-trm/.venv/lib/python3.12/site-packages/lightning/pytorch/trainer/call.py", line 49, in _call_and_handle_interrupt
    return trainer_fn(*args, **kwargs)
           ^^^^^^^^^^^^^^^^^^^^^^^^^^^
  File "/home/ianblenke/github.com/ianblenke/carnot/nano-trm/.venv/lib/python3.12/site-packages/lightning/pytorch/trainer/trainer.py", line 630, in _fit_impl
    self._run(model, ckpt_path=ckpt_path, weights_only=weights_only)
  File "/home/ianblenke/github.com/ianblenke/carnot/nano-trm/.venv/lib/python3.12/site-packages/lightning/pytorch/trainer/trainer.py", line 1079, in _run
    results = self._run_stage()
              ^^^^^^^^^^^^^^^^^
  File "/home/ianblenke/github.com/ianblenke/carnot/nano-trm/.venv/lib/python3.12/site-packages/lightning/pytorch/trainer/trainer.py", line 1123, in _run_stage
    self.fit_loop.run()
  File "/home/ianblenke/github.com/ianblenke/carnot/nano-trm/.venv/lib/python3.12/site-packages/lightning/pytorch/loops/fit_loop.py", line 217, in run
    self.advance()
  File "/home/ianblenke/github.com/ianblenke/carnot/nano-trm/.venv/lib/python3.12/site-packages/lightning/pytorch/loops/fit_loop.py", line 469, in advance
    self.epoch_loop.run(self._data_fetcher)
  File "/home/ianblenke/github.com/ianblenke/carnot/nano-trm/.venv/lib/python3.12/site-packages/lightning/pytorch/loops/training_epoch_loop.py", line 153, in run
    self.advance(data_fetcher)
  File "/home/ianblenke/github.com/ianblenke/carnot/nano-trm/.venv/lib/python3.12/site-packages/lightning/pytorch/loops/training_epoch_loop.py", line 375, in advance
    call._call_callback_hooks(trainer, "on_train_batch_end", batch_output, batch, batch_idx)
  File "/home/ianblenke/github.com/ianblenke/carnot/nano-trm/.venv/lib/python3.12/site-packages/lightning/pytorch/trainer/call.py", line 228, in _call_callback_hooks
    fn(trainer, trainer.lightning_module, *args, **kwargs)
  File "/home/ianblenke/github.com/ianblenke/carnot/python/carnot/experiment_4108_nanotrm_sudoku_extreme_baseline.py", line 177, in on_train_batch_end
    print(
  File "/home/ianblenke/github.com/ianblenke/carnot/nano-trm/.venv/lib/python3.12/site-packages/wandb/sdk/lib/console_capture.py", line 184, in write_with_callbacks
    n = orig_write(s)
        ^^^^^^^^^^^^^
BrokenPipeError: [Errno 32] Broken pipe
[2026-06-12 14:33:49,325][src.nn.utils.utils][INFO] - [rank: 0] Output dir: /home/ianblenke/github.com/ianblenke/carnot/results/trm_runs/experiment_4108_nanotrm_sudoku_extreme_baseline_hydra
