[exp8030] phase=cli_start elapsed_s=0.000 completed_units=0 pending=arguments
[exp8030] phase=cold_replay_before elapsed_s=0.036 completed_units=0 pending=durable primitive reduction
[exp8017] phase=task_reduced elapsed_s=3.699 completed_units=1 pending=11
[exp8017] phase=task_reduced elapsed_s=3.840 completed_units=2 pending=10
[exp8017] phase=task_reduced elapsed_s=3.872 completed_units=3 pending=9
[exp8017] phase=task_reduced elapsed_s=3.998 completed_units=4 pending=8
[exp8017] phase=task_reduced elapsed_s=4.077 completed_units=5 pending=7
[exp8017] phase=task_reduced elapsed_s=4.351 completed_units=6 pending=6
[exp8017] phase=task_reduced elapsed_s=4.383 completed_units=7 pending=5
[exp8017] phase=task_reduced elapsed_s=5.130 completed_units=8 pending=4
[exp8017] phase=task_reduced elapsed_s=5.423 completed_units=9 pending=3
[exp8017] phase=task_reduced elapsed_s=5.912 completed_units=10 pending=2
[exp8017] phase=task_reduced elapsed_s=5.913 completed_units=11 pending=1
[exp8017] phase=task_reduced elapsed_s=6.181 completed_units=12 pending=0
[exp8030] phase=independent_task_reduced elapsed_s=6.332 completed_units=1 pending=11
[exp8019] phase=mask_frozen_fit elapsed_s=6.366 completed=256 pending=448
[exp8019] phase=mask_frozen_tune elapsed_s=6.371 completed=320 pending=384
[exp8019] phase=mask_frozen_calibration elapsed_s=6.375 completed=384 pending=320
[exp8019] phase=mask_frozen_stream elapsed_s=6.391 completed=640 pending=64
[exp8019] phase=mask_frozen_retention elapsed_s=6.395 completed=704 pending=0
[exp8030] phase=independent_task_reduced elapsed_s=6.395 completed_units=2 pending=10
[exp8030] phase=independent_task_reduced elapsed_s=6.397 completed_units=3 pending=9
[exp8021] phase=bootstrap_before elapsed_s=6.627 completed=0 pending=10000
[exp8021] phase=bootstrap_draws elapsed_s=6.633 completed=1000 pending=9000
[exp8021] phase=bootstrap_draws elapsed_s=6.638 completed=2000 pending=8000
[exp8021] phase=bootstrap_draws elapsed_s=6.644 completed=3000 pending=7000
[exp8021] phase=bootstrap_draws elapsed_s=6.650 completed=4000 pending=6000
[exp8021] phase=bootstrap_draws elapsed_s=6.655 completed=5000 pending=5000
[exp8021] phase=bootstrap_draws elapsed_s=6.661 completed=6000 pending=4000
[exp8021] phase=bootstrap_draws elapsed_s=6.667 completed=7000 pending=3000
[exp8021] phase=bootstrap_draws elapsed_s=6.781 completed=8000 pending=2000
[exp8021] phase=bootstrap_draws elapsed_s=6.786 completed=9000 pending=1000
[exp8021] phase=bootstrap_draws elapsed_s=6.791 completed=10000 pending=0
[exp8030] phase=independent_task_reduced elapsed_s=6.974 completed_units=4 pending=8
[exp8030] phase=independent_task_reduced elapsed_s=7.050 completed_units=5 pending=7
[exp8030] phase=independent_task_reduced elapsed_s=7.216 completed_units=6 pending=6
[exp8030] phase=independent_task_reduced elapsed_s=7.229 completed_units=7 pending=5
[exp8030] phase=independent_task_reduced elapsed_s=8.532 completed_units=8 pending=4
[exp8025] phase=independent_benchmark_before elapsed_s=8.879 completed=0 pending=25600
[exp8025] phase=independent_issues elapsed_s=8.896 completed=256 pending=25344
[exp8025] phase=independent_issues elapsed_s=8.931 completed=512 pending=25088
[exp8025] phase=independent_issues elapsed_s=8.966 completed=768 pending=24832
[exp8025] phase=independent_issues elapsed_s=9.001 completed=1024 pending=24576
[exp8025] phase=independent_issues elapsed_s=9.035 completed=1280 pending=24320
[exp8025] phase=independent_issues elapsed_s=9.051 completed=1536 pending=24064
[exp8025] phase=independent_issues elapsed_s=9.087 completed=1792 pending=23808
[exp8025] phase=independent_issues elapsed_s=9.122 completed=2048 pending=23552
[exp8025] phase=independent_issues elapsed_s=9.157 completed=2304 pending=23296
[exp8025] phase=independent_issues elapsed_s=9.187 completed=2560 pending=23040
[exp8025] phase=independent_issues elapsed_s=9.203 completed=2816 pending=22784
[exp8025] phase=independent_issues elapsed_s=9.238 completed=3072 pending=22528
[exp8025] phase=independent_issues elapsed_s=9.274 completed=3328 pending=22272
[exp8025] phase=independent_issues elapsed_s=9.306 completed=3584 pending=22016
[exp8025] phase=independent_issues elapsed_s=9.336 completed=3840 pending=21760
[exp8025] phase=independent_issues elapsed_s=9.352 completed=4096 pending=21504
[exp8025] phase=independent_issues elapsed_s=9.387 completed=4352 pending=21248
[exp8025] phase=independent_issues elapsed_s=9.421 completed=4608 pending=20992
[exp8025] phase=independent_issues elapsed_s=9.454 completed=4864 pending=20736
[exp8025] phase=independent_issues elapsed_s=9.484 completed=5120 pending=20480
[exp8025] phase=independent_issues elapsed_s=9.500 completed=5376 pending=20224
[exp8025] phase=independent_issues elapsed_s=9.535 completed=5632 pending=19968
[exp8025] phase=independent_issues elapsed_s=9.570 completed=5888 pending=19712
[exp8025] phase=independent_issues elapsed_s=9.602 completed=6144 pending=19456
[exp8025] phase=independent_issues elapsed_s=9.632 completed=6400 pending=19200
[exp8025] phase=independent_issues elapsed_s=9.648 completed=6656 pending=18944
[exp8025] phase=independent_issues elapsed_s=9.683 completed=6912 pending=18688
[exp8025] phase=independent_issues elapsed_s=9.718 completed=7168 pending=18432
[exp8025] phase=independent_issues elapsed_s=9.750 completed=7424 pending=18176
[exp8025] phase=independent_issues elapsed_s=9.780 completed=7680 pending=17920
[exp8025] phase=independent_issues elapsed_s=9.797 completed=7936 pending=17664
[exp8025] phase=independent_issues elapsed_s=9.831 completed=8192 pending=17408
[exp8025] phase=independent_issues elapsed_s=9.867 completed=8448 pending=17152
[exp8025] phase=independent_issues elapsed_s=9.898 completed=8704 pending=16896
[exp8025] phase=independent_issues elapsed_s=9.928 completed=8960 pending=16640
[exp8025] phase=independent_issues elapsed_s=9.944 completed=9216 pending=16384
[exp8025] phase=independent_issues elapsed_s=9.979 completed=9472 pending=16128
[exp8025] phase=independent_issues elapsed_s=10.013 completed=9728 pending=15872
[exp8025] phase=independent_issues elapsed_s=10.045 completed=9984 pending=15616
[exp8025] phase=independent_issues elapsed_s=10.075 completed=10240 pending=15360
[exp8025] phase=independent_issues elapsed_s=10.091 completed=10496 pending=15104
[exp8025] phase=independent_issues elapsed_s=10.126 completed=10752 pending=14848
[exp8025] phase=independent_issues elapsed_s=10.161 completed=11008 pending=14592
[exp8025] phase=independent_issues elapsed_s=10.192 completed=11264 pending=14336
[exp8025] phase=independent_issues elapsed_s=10.222 completed=11520 pending=14080
[exp8025] phase=independent_issues elapsed_s=10.238 completed=11776 pending=13824
[exp8025] phase=independent_issues elapsed_s=10.273 completed=12032 pending=13568
[exp8025] phase=independent_issues elapsed_s=10.308 completed=12288 pending=13312
[exp8025] phase=independent_issues elapsed_s=10.340 completed=12544 pending=13056
[exp8025] phase=independent_issues elapsed_s=10.370 completed=12800 pending=12800
[exp8025] phase=independent_issues elapsed_s=10.386 completed=13056 pending=12544
[exp8025] phase=independent_issues elapsed_s=10.420 completed=13312 pending=12288
[exp8025] phase=independent_issues elapsed_s=10.455 completed=13568 pending=12032
[exp8025] phase=independent_issues elapsed_s=10.487 completed=13824 pending=11776
[exp8025] phase=independent_issues elapsed_s=10.517 completed=14080 pending=11520
[exp8025] phase=independent_issues elapsed_s=10.533 completed=14336 pending=11264
[exp8025] phase=independent_issues elapsed_s=10.567 completed=14592 pending=11008
[exp8025] phase=independent_issues elapsed_s=10.602 completed=14848 pending=10752
[exp8025] phase=independent_issues elapsed_s=10.634 completed=15104 pending=10496
[exp8025] phase=independent_issues elapsed_s=10.664 completed=15360 pending=10240
[exp8025] phase=independent_issues elapsed_s=10.680 completed=15616 pending=9984
[exp8025] phase=independent_issues elapsed_s=10.715 completed=15872 pending=9728
[exp8025] phase=independent_issues elapsed_s=10.750 completed=16128 pending=9472
[exp8025] phase=independent_issues elapsed_s=10.782 completed=16384 pending=9216
[exp8025] phase=independent_issues elapsed_s=10.812 completed=16640 pending=8960
[exp8025] phase=independent_issues elapsed_s=10.828 completed=16896 pending=8704
[exp8025] phase=independent_issues elapsed_s=10.862 completed=17152 pending=8448
[exp8025] phase=independent_issues elapsed_s=10.897 completed=17408 pending=8192
[exp8025] phase=independent_issues elapsed_s=10.929 completed=17664 pending=7936
[exp8025] phase=independent_issues elapsed_s=10.959 completed=17920 pending=7680
[exp8025] phase=independent_issues elapsed_s=10.975 completed=18176 pending=7424
[exp8025] phase=independent_issues elapsed_s=11.010 completed=18432 pending=7168
[exp8025] phase=independent_issues elapsed_s=11.044 completed=18688 pending=6912
[exp8025] phase=independent_issues elapsed_s=11.076 completed=18944 pending=6656
[exp8025] phase=independent_issues elapsed_s=11.106 completed=19200 pending=6400
[exp8025] phase=independent_issues elapsed_s=11.122 completed=19456 pending=6144
[exp8025] phase=independent_issues elapsed_s=11.157 completed=19712 pending=5888
[exp8025] phase=independent_issues elapsed_s=11.191 completed=19968 pending=5632
[exp8025] phase=independent_issues elapsed_s=11.223 completed=20224 pending=5376
[exp8025] phase=independent_issues elapsed_s=11.253 completed=20480 pending=5120
[exp8025] phase=independent_issues elapsed_s=11.269 completed=20736 pending=4864
[exp8025] phase=independent_issues elapsed_s=11.304 completed=20992 pending=4608
[exp8025] phase=independent_issues elapsed_s=11.338 completed=21248 pending=4352
[exp8025] phase=independent_issues elapsed_s=11.370 completed=21504 pending=4096
[exp8025] phase=independent_issues elapsed_s=11.400 completed=21760 pending=3840
[exp8025] phase=independent_issues elapsed_s=11.416 completed=22016 pending=3584
[exp8025] phase=independent_issues elapsed_s=11.451 completed=22272 pending=3328
[exp8025] phase=independent_issues elapsed_s=11.486 completed=22528 pending=3072
[exp8025] phase=independent_issues elapsed_s=11.518 completed=22784 pending=2816
[exp8025] phase=independent_issues elapsed_s=11.548 completed=23040 pending=2560
[exp8025] phase=independent_issues elapsed_s=11.565 completed=23296 pending=2304
[exp8025] phase=independent_issues elapsed_s=11.598 completed=23552 pending=2048
[exp8025] phase=independent_issues elapsed_s=11.631 completed=23808 pending=1792
[exp8025] phase=independent_issues elapsed_s=11.663 completed=24064 pending=1536
[exp8025] phase=independent_issues elapsed_s=11.692 completed=24320 pending=1280
[exp8025] phase=independent_issues elapsed_s=11.708 completed=24576 pending=1024
[exp8025] phase=independent_issues elapsed_s=11.742 completed=24832 pending=768
[exp8025] phase=independent_issues elapsed_s=11.777 completed=25088 pending=512
[exp8025] phase=independent_issues elapsed_s=11.808 completed=25344 pending=256
[exp8025] phase=independent_issues elapsed_s=11.837 completed=25600 pending=0
[exp8025] phase=independent_benchmark_after elapsed_s=12.276 completed=25600 pending=0
[exp8025] phase=retention_prediction_seal_before_target_access elapsed_s=13.458 completed=6400 pending=0
[exp8030] phase=independent_task_reduced elapsed_s=13.797 completed_units=9 pending=3
[exp8030] phase=independent_task_reduced elapsed_s=13.849 completed_units=10 pending=2
[exp8030] phase=independent_task_reduced elapsed_s=13.852 completed_units=11 pending=1
[exp8030] phase=independent_task_reduced elapsed_s=14.107 completed_units=12 pending=0
[exp8030] phase=cold_replay_after elapsed_s=14.437 completed_units=13 pending=none
{"errors": []}
