[exp8030] phase=cli_start elapsed_s=0.000 completed_units=0 pending=arguments
[exp8030] phase=cold_replay_before elapsed_s=0.038 completed_units=0 pending=durable primitive reduction
[exp8017] phase=task_reduced elapsed_s=3.681 completed_units=1 pending=11
[exp8017] phase=task_reduced elapsed_s=3.822 completed_units=2 pending=10
[exp8017] phase=task_reduced elapsed_s=3.854 completed_units=3 pending=9
[exp8017] phase=task_reduced elapsed_s=3.979 completed_units=4 pending=8
[exp8017] phase=task_reduced elapsed_s=4.058 completed_units=5 pending=7
[exp8017] phase=task_reduced elapsed_s=4.332 completed_units=6 pending=6
[exp8017] phase=task_reduced elapsed_s=4.364 completed_units=7 pending=5
[exp8017] phase=task_reduced elapsed_s=5.102 completed_units=8 pending=4
[exp8017] phase=task_reduced elapsed_s=5.391 completed_units=9 pending=3
[exp8017] phase=task_reduced elapsed_s=5.876 completed_units=10 pending=2
[exp8017] phase=task_reduced elapsed_s=5.878 completed_units=11 pending=1
[exp8017] phase=task_reduced elapsed_s=6.142 completed_units=12 pending=0
[exp8030] phase=independent_task_reduced elapsed_s=6.295 completed_units=1 pending=11
[exp8019] phase=mask_frozen_fit elapsed_s=6.329 completed=256 pending=448
[exp8019] phase=mask_frozen_tune elapsed_s=6.333 completed=320 pending=384
[exp8019] phase=mask_frozen_calibration elapsed_s=6.338 completed=384 pending=320
[exp8019] phase=mask_frozen_stream elapsed_s=6.353 completed=640 pending=64
[exp8019] phase=mask_frozen_retention elapsed_s=6.357 completed=704 pending=0
[exp8030] phase=independent_task_reduced elapsed_s=6.357 completed_units=2 pending=10
[exp8030] phase=independent_task_reduced elapsed_s=6.359 completed_units=3 pending=9
[exp8021] phase=bootstrap_before elapsed_s=6.588 completed=0 pending=10000
[exp8021] phase=bootstrap_draws elapsed_s=6.593 completed=1000 pending=9000
[exp8021] phase=bootstrap_draws elapsed_s=6.599 completed=2000 pending=8000
[exp8021] phase=bootstrap_draws elapsed_s=6.604 completed=3000 pending=7000
[exp8021] phase=bootstrap_draws elapsed_s=6.610 completed=4000 pending=6000
[exp8021] phase=bootstrap_draws elapsed_s=6.615 completed=5000 pending=5000
[exp8021] phase=bootstrap_draws elapsed_s=6.621 completed=6000 pending=4000
[exp8021] phase=bootstrap_draws elapsed_s=6.626 completed=7000 pending=3000
[exp8021] phase=bootstrap_draws elapsed_s=6.741 completed=8000 pending=2000
[exp8021] phase=bootstrap_draws elapsed_s=6.745 completed=9000 pending=1000
[exp8021] phase=bootstrap_draws elapsed_s=6.750 completed=10000 pending=0
[exp8030] phase=independent_task_reduced elapsed_s=6.930 completed_units=4 pending=8
[exp8030] phase=independent_task_reduced elapsed_s=7.005 completed_units=5 pending=7
[exp8030] phase=independent_task_reduced elapsed_s=7.171 completed_units=6 pending=6
[exp8030] phase=independent_task_reduced elapsed_s=7.185 completed_units=7 pending=5
[exp8030] phase=independent_task_reduced elapsed_s=8.465 completed_units=8 pending=4
[exp8025] phase=independent_benchmark_before elapsed_s=8.809 completed=0 pending=25600
[exp8025] phase=independent_issues elapsed_s=8.826 completed=256 pending=25344
[exp8025] phase=independent_issues elapsed_s=8.860 completed=512 pending=25088
[exp8025] phase=independent_issues elapsed_s=8.894 completed=768 pending=24832
[exp8025] phase=independent_issues elapsed_s=8.928 completed=1024 pending=24576
[exp8025] phase=independent_issues elapsed_s=8.960 completed=1280 pending=24320
[exp8025] phase=independent_issues elapsed_s=8.976 completed=1536 pending=24064
[exp8025] phase=independent_issues elapsed_s=9.010 completed=1792 pending=23808
[exp8025] phase=independent_issues elapsed_s=9.044 completed=2048 pending=23552
[exp8025] phase=independent_issues elapsed_s=9.078 completed=2304 pending=23296
[exp8025] phase=independent_issues elapsed_s=9.107 completed=2560 pending=23040
[exp8025] phase=independent_issues elapsed_s=9.122 completed=2816 pending=22784
[exp8025] phase=independent_issues elapsed_s=9.156 completed=3072 pending=22528
[exp8025] phase=independent_issues elapsed_s=9.190 completed=3328 pending=22272
[exp8025] phase=independent_issues elapsed_s=9.221 completed=3584 pending=22016
[exp8025] phase=independent_issues elapsed_s=9.250 completed=3840 pending=21760
[exp8025] phase=independent_issues elapsed_s=9.266 completed=4096 pending=21504
[exp8025] phase=independent_issues elapsed_s=9.299 completed=4352 pending=21248
[exp8025] phase=independent_issues elapsed_s=9.333 completed=4608 pending=20992
[exp8025] phase=independent_issues elapsed_s=9.364 completed=4864 pending=20736
[exp8025] phase=independent_issues elapsed_s=9.393 completed=5120 pending=20480
[exp8025] phase=independent_issues elapsed_s=9.408 completed=5376 pending=20224
[exp8025] phase=independent_issues elapsed_s=9.442 completed=5632 pending=19968
[exp8025] phase=independent_issues elapsed_s=9.476 completed=5888 pending=19712
[exp8025] phase=independent_issues elapsed_s=9.506 completed=6144 pending=19456
[exp8025] phase=independent_issues elapsed_s=9.535 completed=6400 pending=19200
[exp8025] phase=independent_issues elapsed_s=9.551 completed=6656 pending=18944
[exp8025] phase=independent_issues elapsed_s=9.585 completed=6912 pending=18688
[exp8025] phase=independent_issues elapsed_s=9.618 completed=7168 pending=18432
[exp8025] phase=independent_issues elapsed_s=9.649 completed=7424 pending=18176
[exp8025] phase=independent_issues elapsed_s=9.678 completed=7680 pending=17920
[exp8025] phase=independent_issues elapsed_s=9.694 completed=7936 pending=17664
[exp8025] phase=independent_issues elapsed_s=9.727 completed=8192 pending=17408
[exp8025] phase=independent_issues elapsed_s=9.761 completed=8448 pending=17152
[exp8025] phase=independent_issues elapsed_s=9.792 completed=8704 pending=16896
[exp8025] phase=independent_issues elapsed_s=9.821 completed=8960 pending=16640
[exp8025] phase=independent_issues elapsed_s=9.836 completed=9216 pending=16384
[exp8025] phase=independent_issues elapsed_s=9.870 completed=9472 pending=16128
[exp8025] phase=independent_issues elapsed_s=9.903 completed=9728 pending=15872
[exp8025] phase=independent_issues elapsed_s=9.934 completed=9984 pending=15616
[exp8025] phase=independent_issues elapsed_s=9.962 completed=10240 pending=15360
[exp8025] phase=independent_issues elapsed_s=9.978 completed=10496 pending=15104
[exp8025] phase=independent_issues elapsed_s=10.011 completed=10752 pending=14848
[exp8025] phase=independent_issues elapsed_s=10.045 completed=11008 pending=14592
[exp8025] phase=independent_issues elapsed_s=10.075 completed=11264 pending=14336
[exp8025] phase=independent_issues elapsed_s=10.104 completed=11520 pending=14080
[exp8025] phase=independent_issues elapsed_s=10.120 completed=11776 pending=13824
[exp8025] phase=independent_issues elapsed_s=10.153 completed=12032 pending=13568
[exp8025] phase=independent_issues elapsed_s=10.187 completed=12288 pending=13312
[exp8025] phase=independent_issues elapsed_s=10.217 completed=12544 pending=13056
[exp8025] phase=independent_issues elapsed_s=10.246 completed=12800 pending=12800
[exp8025] phase=independent_issues elapsed_s=10.262 completed=13056 pending=12544
[exp8025] phase=independent_issues elapsed_s=10.295 completed=13312 pending=12288
[exp8025] phase=independent_issues elapsed_s=10.328 completed=13568 pending=12032
[exp8025] phase=independent_issues elapsed_s=10.359 completed=13824 pending=11776
[exp8025] phase=independent_issues elapsed_s=10.388 completed=14080 pending=11520
[exp8025] phase=independent_issues elapsed_s=10.403 completed=14336 pending=11264
[exp8025] phase=independent_issues elapsed_s=10.436 completed=14592 pending=11008
[exp8025] phase=independent_issues elapsed_s=10.470 completed=14848 pending=10752
[exp8025] phase=independent_issues elapsed_s=10.501 completed=15104 pending=10496
[exp8025] phase=independent_issues elapsed_s=10.529 completed=15360 pending=10240
[exp8025] phase=independent_issues elapsed_s=10.545 completed=15616 pending=9984
[exp8025] phase=independent_issues elapsed_s=10.579 completed=15872 pending=9728
[exp8025] phase=independent_issues elapsed_s=10.612 completed=16128 pending=9472
[exp8025] phase=independent_issues elapsed_s=10.643 completed=16384 pending=9216
[exp8025] phase=independent_issues elapsed_s=10.672 completed=16640 pending=8960
[exp8025] phase=independent_issues elapsed_s=10.687 completed=16896 pending=8704
[exp8025] phase=independent_issues elapsed_s=10.721 completed=17152 pending=8448
[exp8025] phase=independent_issues elapsed_s=10.754 completed=17408 pending=8192
[exp8025] phase=independent_issues elapsed_s=10.785 completed=17664 pending=7936
[exp8025] phase=independent_issues elapsed_s=10.814 completed=17920 pending=7680
[exp8025] phase=independent_issues elapsed_s=10.830 completed=18176 pending=7424
[exp8025] phase=independent_issues elapsed_s=10.863 completed=18432 pending=7168
[exp8025] phase=independent_issues elapsed_s=10.897 completed=18688 pending=6912
[exp8025] phase=independent_issues elapsed_s=10.928 completed=18944 pending=6656
[exp8025] phase=independent_issues elapsed_s=10.956 completed=19200 pending=6400
[exp8025] phase=independent_issues elapsed_s=10.972 completed=19456 pending=6144
[exp8025] phase=independent_issues elapsed_s=11.005 completed=19712 pending=5888
[exp8025] phase=independent_issues elapsed_s=11.039 completed=19968 pending=5632
[exp8025] phase=independent_issues elapsed_s=11.070 completed=20224 pending=5376
[exp8025] phase=independent_issues elapsed_s=11.099 completed=20480 pending=5120
[exp8025] phase=independent_issues elapsed_s=11.115 completed=20736 pending=4864
[exp8025] phase=independent_issues elapsed_s=11.148 completed=20992 pending=4608
[exp8025] phase=independent_issues elapsed_s=11.182 completed=21248 pending=4352
[exp8025] phase=independent_issues elapsed_s=11.213 completed=21504 pending=4096
[exp8025] phase=independent_issues elapsed_s=11.242 completed=21760 pending=3840
[exp8025] phase=independent_issues elapsed_s=11.258 completed=22016 pending=3584
[exp8025] phase=independent_issues elapsed_s=11.292 completed=22272 pending=3328
[exp8025] phase=independent_issues elapsed_s=11.325 completed=22528 pending=3072
[exp8025] phase=independent_issues elapsed_s=11.356 completed=22784 pending=2816
[exp8025] phase=independent_issues elapsed_s=11.385 completed=23040 pending=2560
[exp8025] phase=independent_issues elapsed_s=11.400 completed=23296 pending=2304
[exp8025] phase=independent_issues elapsed_s=11.434 completed=23552 pending=2048
[exp8025] phase=independent_issues elapsed_s=11.468 completed=23808 pending=1792
[exp8025] phase=independent_issues elapsed_s=11.499 completed=24064 pending=1536
[exp8025] phase=independent_issues elapsed_s=11.528 completed=24320 pending=1280
[exp8025] phase=independent_issues elapsed_s=11.543 completed=24576 pending=1024
[exp8025] phase=independent_issues elapsed_s=11.577 completed=24832 pending=768
[exp8025] phase=independent_issues elapsed_s=11.611 completed=25088 pending=512
[exp8025] phase=independent_issues elapsed_s=11.642 completed=25344 pending=256
[exp8025] phase=independent_issues elapsed_s=11.671 completed=25600 pending=0
[exp8025] phase=independent_benchmark_after elapsed_s=12.146 completed=25600 pending=0
[exp8025] phase=retention_prediction_seal_before_target_access elapsed_s=13.336 completed=6400 pending=0
[exp8030] phase=independent_task_reduced elapsed_s=13.671 completed_units=9 pending=3
[exp8030] phase=independent_task_reduced elapsed_s=13.722 completed_units=10 pending=2
[exp8030] phase=independent_task_reduced elapsed_s=13.726 completed_units=11 pending=1
[exp8030] phase=independent_task_reduced elapsed_s=13.979 completed_units=12 pending=0
[exp8030] phase=cold_replay_after elapsed_s=14.309 completed_units=13 pending=none
{"errors": []}
