EEEEEEE.EE.EEE.                                                          [100%]
==================================== ERRORS ====================================
_____ ERROR at setup of test_disabled_recorder_is_noop_and_writes_nothing ______

self = PosixPath('/tmp/carnot-exp7625-v665-fn9w7xin/e2e/e2e-011'), mode = 448
parents = False, exist_ok = False

    def mkdir(self, mode=0o777, parents=False, exist_ok=False):
        """
        Create a new directory at this given path.
        """
        try:
>           os.mkdir(self, mode)
E           FileNotFoundError: [Errno 2] No such file or directory: '/tmp/carnot-exp7625-v665-fn9w7xin/e2e/e2e-011'

../../../.local/share/uv/python/cpython-3.12.13-linux-x86_64-gnu/lib/python3.12/pathlib.py:1311: FileNotFoundError
____ ERROR at setup of test_enabled_recorder_writes_valid_jsonl_and_summary ____

self = PosixPath('/tmp/carnot-exp7625-v665-fn9w7xin/e2e/e2e-011'), mode = 448
parents = False, exist_ok = False

    def mkdir(self, mode=0o777, parents=False, exist_ok=False):
        """
        Create a new directory at this given path.
        """
        try:
>           os.mkdir(self, mode)
E           FileNotFoundError: [Errno 2] No such file or directory: '/tmp/carnot-exp7625-v665-fn9w7xin/e2e/e2e-011'

../../../.local/share/uv/python/cpython-3.12.13-linux-x86_64-gnu/lib/python3.12/pathlib.py:1311: FileNotFoundError
___ ERROR at setup of test_option_and_episode_caps_write_one_truncation_row ____

self = PosixPath('/tmp/carnot-exp7625-v665-fn9w7xin/e2e/e2e-011'), mode = 448
parents = False, exist_ok = False

    def mkdir(self, mode=0o777, parents=False, exist_ok=False):
        """
        Create a new directory at this given path.
        """
        try:
>           os.mkdir(self, mode)
E           FileNotFoundError: [Errno 2] No such file or directory: '/tmp/carnot-exp7625-v665-fn9w7xin/e2e/e2e-011'

../../../.local/share/uv/python/cpython-3.12.13-linux-x86_64-gnu/lib/python3.12/pathlib.py:1311: FileNotFoundError
________ ERROR at setup of test_run_byte_cap_writes_one_truncation_row _________

self = PosixPath('/tmp/carnot-exp7625-v665-fn9w7xin/e2e/e2e-011'), mode = 448
parents = False, exist_ok = False

    def mkdir(self, mode=0o777, parents=False, exist_ok=False):
        """
        Create a new directory at this given path.
        """
        try:
>           os.mkdir(self, mode)
E           FileNotFoundError: [Errno 2] No such file or directory: '/tmp/carnot-exp7625-v665-fn9w7xin/e2e/e2e-011'

../../../.local/share/uv/python/cpython-3.12.13-linux-x86_64-gnu/lib/python3.12/pathlib.py:1311: FileNotFoundError
________ ERROR at setup of test_write_errors_are_swallowed_and_counted _________

self = PosixPath('/tmp/carnot-exp7625-v665-fn9w7xin/e2e/e2e-011'), mode = 448
parents = False, exist_ok = False

    def mkdir(self, mode=0o777, parents=False, exist_ok=False):
        """
        Create a new directory at this given path.
        """
        try:
>           os.mkdir(self, mode)
E           FileNotFoundError: [Errno 2] No such file or directory: '/tmp/carnot-exp7625-v665-fn9w7xin/e2e/e2e-011'

../../../.local/share/uv/python/cpython-3.12.13-linux-x86_64-gnu/lib/python3.12/pathlib.py:1311: FileNotFoundError
__ ERROR at setup of test_candidate_metadata_errors_are_swallowed_and_counted __

self = PosixPath('/tmp/carnot-exp7625-v665-fn9w7xin/e2e/e2e-011'), mode = 448
parents = False, exist_ok = False

    def mkdir(self, mode=0o777, parents=False, exist_ok=False):
        """
        Create a new directory at this given path.
        """
        try:
>           os.mkdir(self, mode)
E           FileNotFoundError: [Errno 2] No such file or directory: '/tmp/carnot-exp7625-v665-fn9w7xin/e2e/e2e-011'

../../../.local/share/uv/python/cpython-3.12.13-linux-x86_64-gnu/lib/python3.12/pathlib.py:1311: FileNotFoundError
_____ ERROR at setup of test_no_game_source_or_hidden_keys_are_serialized ______

self = PosixPath('/tmp/carnot-exp7625-v665-fn9w7xin/e2e/e2e-011'), mode = 448
parents = False, exist_ok = False

    def mkdir(self, mode=0o777, parents=False, exist_ok=False):
        """
        Create a new directory at this given path.
        """
        try:
>           os.mkdir(self, mode)
E           FileNotFoundError: [Errno 2] No such file or directory: '/tmp/carnot-exp7625-v665-fn9w7xin/e2e/e2e-011'

../../../.local/share/uv/python/cpython-3.12.13-linux-x86_64-gnu/lib/python3.12/pathlib.py:1311: FileNotFoundError
__ ERROR at setup of test_world_gate_and_supervisor_rows_keep_decision_fields __

self = PosixPath('/tmp/carnot-exp7625-v665-fn9w7xin/e2e/e2e-011'), mode = 448
parents = False, exist_ok = False

    def mkdir(self, mode=0o777, parents=False, exist_ok=False):
        """
        Create a new directory at this given path.
        """
        try:
>           os.mkdir(self, mode)
E           FileNotFoundError: [Errno 2] No such file or directory: '/tmp/carnot-exp7625-v665-fn9w7xin/e2e/e2e-011'

../../../.local/share/uv/python/cpython-3.12.13-linux-x86_64-gnu/lib/python3.12/pathlib.py:1311: FileNotFoundError
_ ERROR at setup of test_telemetry_on_off_preserves_actions_provenance_calls_and_rng _

self = PosixPath('/tmp/carnot-exp7625-v665-fn9w7xin/e2e/e2e-011'), mode = 448
parents = False, exist_ok = False

    def mkdir(self, mode=0o777, parents=False, exist_ok=False):
        """
        Create a new directory at this given path.
        """
        try:
>           os.mkdir(self, mode)
E           FileNotFoundError: [Errno 2] No such file or directory: '/tmp/carnot-exp7625-v665-fn9w7xin/e2e/e2e-011'

../../../.local/share/uv/python/cpython-3.12.13-linux-x86_64-gnu/lib/python3.12/pathlib.py:1311: FileNotFoundError
_ ERROR at setup of test_fired_attempt_joins_tokens_verifier_and_frame_progress _

self = PosixPath('/tmp/carnot-exp7625-v665-fn9w7xin/e2e/e2e-011'), mode = 448
parents = False, exist_ok = False

    def mkdir(self, mode=0o777, parents=False, exist_ok=False):
        """
        Create a new directory at this given path.
        """
        try:
>           os.mkdir(self, mode)
E           FileNotFoundError: [Errno 2] No such file or directory: '/tmp/carnot-exp7625-v665-fn9w7xin/e2e/e2e-011'

../../../.local/share/uv/python/cpython-3.12.13-linux-x86_64-gnu/lib/python3.12/pathlib.py:1311: FileNotFoundError
_ ERROR at setup of test_attempt_without_progress_closes_at_fixed_action_window _

self = PosixPath('/tmp/carnot-exp7625-v665-fn9w7xin/e2e/e2e-011'), mode = 448
parents = False, exist_ok = False

    def mkdir(self, mode=0o777, parents=False, exist_ok=False):
        """
        Create a new directory at this given path.
        """
        try:
>           os.mkdir(self, mode)
E           FileNotFoundError: [Errno 2] No such file or directory: '/tmp/carnot-exp7625-v665-fn9w7xin/e2e/e2e-011'

../../../.local/share/uv/python/cpython-3.12.13-linux-x86_64-gnu/lib/python3.12/pathlib.py:1311: FileNotFoundError
___ ERROR at setup of test_episode_end_censors_an_unfinished_progress_window ___

self = PosixPath('/tmp/carnot-exp7625-v665-fn9w7xin/e2e/e2e-011'), mode = 448
parents = False, exist_ok = False

    def mkdir(self, mode=0o777, parents=False, exist_ok=False):
        """
        Create a new directory at this given path.
        """
        try:
>           os.mkdir(self, mode)
E           FileNotFoundError: [Errno 2] No such file or directory: '/tmp/carnot-exp7625-v665-fn9w7xin/e2e/e2e-011'

../../../.local/share/uv/python/cpython-3.12.13-linux-x86_64-gnu/lib/python3.12/pathlib.py:1311: FileNotFoundError
=========================== short test summary info ============================
ERROR tests/python/test_arc_decision_telemetry.py::test_disabled_recorder_is_noop_and_writes_nothing
ERROR tests/python/test_arc_decision_telemetry.py::test_enabled_recorder_writes_valid_jsonl_and_summary
ERROR tests/python/test_arc_decision_telemetry.py::test_option_and_episode_caps_write_one_truncation_row
ERROR tests/python/test_arc_decision_telemetry.py::test_run_byte_cap_writes_one_truncation_row
ERROR tests/python/test_arc_decision_telemetry.py::test_write_errors_are_swallowed_and_counted
ERROR tests/python/test_arc_decision_telemetry.py::test_candidate_metadata_errors_are_swallowed_and_counted
ERROR tests/python/test_arc_decision_telemetry.py::test_no_game_source_or_hidden_keys_are_serialized
ERROR tests/python/test_arc_decision_telemetry.py::test_world_gate_and_supervisor_rows_keep_decision_fields
ERROR tests/python/test_arc_decision_telemetry.py::test_telemetry_on_off_preserves_actions_provenance_calls_and_rng
ERROR tests/python/test_arc_decision_telemetry.py::test_fired_attempt_joins_tokens_verifier_and_frame_progress
ERROR tests/python/test_arc_decision_telemetry.py::test_attempt_without_progress_closes_at_fixed_action_window
ERROR tests/python/test_arc_decision_telemetry.py::test_episode_end_censors_an_unfinished_progress_window
3 passed, 12 errors in 1.93s
