[exp8071] phase=start elapsed_s=0.000 completed=0 pending=0
[exp8071] phase=before_model_load elapsed_s=0.042 completed=0 pending=0
[exp8071] phase=after_model_load elapsed_s=7.569 completed=0 pending=0
[exp8059] phase=token_view_seal elapsed_s=7.560 completed=1 pending=7
[exp8059] phase=token_view_seal elapsed_s=7.569 completed=2 pending=6
[exp8059] phase=token_view_seal elapsed_s=7.578 completed=3 pending=5
[exp8059] phase=token_view_seal elapsed_s=7.589 completed=4 pending=4
[exp8059] phase=token_view_seal elapsed_s=7.620 completed=5 pending=3
[exp8059] phase=token_view_seal elapsed_s=7.628 completed=6 pending=2
[exp8059] phase=token_view_seal elapsed_s=7.634 completed=7 pending=1
[exp8059] phase=token_view_seal elapsed_s=7.657 completed=8 pending=0
[exp8071] phase=before_native_forward elapsed_s=7.732 completed=0 pending=0
[exp8022] phase=8033_before_context_create elapsed_s=0.000 completed=0 pending=0
[exp8022] phase=8033_after_context_create elapsed_s=0.048 completed=0 pending=0
[exp8022] phase=8033_before_eval elapsed_s=0.059 completed=0 pending=570
[exp8022] phase=8033_after_eval elapsed_s=1.126 completed=570 pending=0
[exp8022] phase=8033_before_context_close elapsed_s=1.433 completed=0 pending=0
[exp8022] phase=8033_after_context_close elapsed_s=1.963 completed=0 pending=0
[exp8071] phase=after_native_forward elapsed_s=9.708 completed=0 pending=0
[exp8071] phase=before_model_cleanup elapsed_s=9.710 completed=0 pending=0
[exp8071] phase=after_model_cleanup elapsed_s=9.955 completed=0 pending=0
