[exp8052] phase=start_preconditions_no_pretrained_calls elapsed_s=0.001 completed=0 pending=0
[exp8052] phase=independent_head_load_before elapsed_s=0.183 completed=0 pending=0
[exp8052] phase=independent_head_load_after elapsed_s=0.232 completed=0 pending=0
[exp8052] phase=replayed_arm elapsed_s=0.317 completed=1 pending=59
[exp8052] phase=replayed_arm elapsed_s=0.398 completed=2 pending=58
[exp8052] phase=replayed_arm elapsed_s=0.447 completed=3 pending=57
[exp8052] phase=replayed_arm elapsed_s=0.532 completed=4 pending=56
[exp8052] phase=replayed_arm elapsed_s=0.614 completed=5 pending=55
[exp8052] phase=replayed_arm elapsed_s=0.664 completed=6 pending=54
[exp8052] phase=replayed_arm elapsed_s=0.748 completed=7 pending=53
[exp8052] phase=replayed_arm elapsed_s=0.828 completed=8 pending=52
[exp8052] phase=replayed_arm elapsed_s=0.877 completed=9 pending=51
[exp8052] phase=replayed_arm elapsed_s=0.959 completed=10 pending=50
[exp8052] phase=replayed_arm elapsed_s=1.038 completed=11 pending=49
[exp8052] phase=replayed_arm elapsed_s=1.088 completed=12 pending=48
[exp8052] phase=replayed_arm elapsed_s=1.171 completed=13 pending=47
[exp8052] phase=replayed_arm elapsed_s=1.251 completed=14 pending=46
[exp8052] phase=replayed_arm elapsed_s=1.300 completed=15 pending=45
[exp8052] phase=replayed_arm elapsed_s=1.383 completed=16 pending=44
[exp8052] phase=replayed_arm elapsed_s=1.463 completed=17 pending=43
[exp8052] phase=replayed_arm elapsed_s=1.512 completed=18 pending=42
[exp8052] phase=replayed_arm elapsed_s=1.595 completed=19 pending=41
[exp8052] phase=replayed_arm elapsed_s=1.674 completed=20 pending=40
[exp8052] phase=replayed_arm elapsed_s=1.723 completed=21 pending=39
[exp8052] phase=replayed_arm elapsed_s=1.806 completed=22 pending=38
[exp8052] phase=replayed_arm elapsed_s=1.886 completed=23 pending=37
[exp8052] phase=replayed_arm elapsed_s=1.935 completed=24 pending=36
[exp8052] phase=replayed_arm elapsed_s=2.018 completed=25 pending=35
[exp8052] phase=replayed_arm elapsed_s=2.098 completed=26 pending=34
[exp8052] phase=replayed_arm elapsed_s=2.148 completed=27 pending=33
[exp8052] phase=replayed_arm elapsed_s=2.232 completed=28 pending=32
[exp8052] phase=replayed_arm elapsed_s=2.311 completed=29 pending=31
[exp8052] phase=replayed_arm elapsed_s=2.361 completed=30 pending=30
[exp8052] phase=replayed_arm elapsed_s=2.444 completed=31 pending=29
[exp8052] phase=replayed_arm elapsed_s=2.524 completed=32 pending=28
[exp8052] phase=replayed_arm elapsed_s=2.574 completed=33 pending=27
[exp8052] phase=replayed_arm elapsed_s=2.656 completed=34 pending=26
[exp8052] phase=replayed_arm elapsed_s=2.736 completed=35 pending=25
[exp8052] phase=replayed_arm elapsed_s=2.786 completed=36 pending=24
[exp8052] phase=replayed_arm elapsed_s=2.869 completed=37 pending=23
[exp8052] phase=replayed_arm elapsed_s=2.949 completed=38 pending=22
[exp8052] phase=replayed_arm elapsed_s=2.998 completed=39 pending=21
[exp8052] phase=replayed_arm elapsed_s=3.081 completed=40 pending=20
[exp8052] phase=replayed_arm elapsed_s=3.161 completed=41 pending=19
[exp8052] phase=replayed_arm elapsed_s=3.210 completed=42 pending=18
[exp8052] phase=replayed_arm elapsed_s=3.293 completed=43 pending=17
[exp8052] phase=replayed_arm elapsed_s=3.373 completed=44 pending=16
[exp8052] phase=replayed_arm elapsed_s=3.422 completed=45 pending=15
[exp8052] phase=replayed_arm elapsed_s=3.505 completed=46 pending=14
[exp8052] phase=replayed_arm elapsed_s=3.584 completed=47 pending=13
[exp8052] phase=replayed_arm elapsed_s=3.633 completed=48 pending=12
[exp8052] phase=replayed_arm elapsed_s=3.716 completed=49 pending=11
[exp8052] phase=replayed_arm elapsed_s=3.796 completed=50 pending=10
[exp8052] phase=replayed_arm elapsed_s=3.846 completed=51 pending=9
[exp8052] phase=replayed_arm elapsed_s=3.928 completed=52 pending=8
[exp8052] phase=replayed_arm elapsed_s=4.007 completed=53 pending=7
[exp8052] phase=replayed_arm elapsed_s=4.057 completed=54 pending=6
[exp8052] phase=replayed_arm elapsed_s=4.139 completed=55 pending=5
[exp8052] phase=replayed_arm elapsed_s=4.219 completed=56 pending=4
[exp8052] phase=replayed_arm elapsed_s=4.268 completed=57 pending=3
[exp8052] phase=replayed_arm elapsed_s=4.350 completed=58 pending=2
[exp8052] phase=replayed_arm elapsed_s=4.429 completed=59 pending=1
[exp8052] phase=replayed_arm elapsed_s=4.478 completed=60 pending=0
[exp8052] phase=terminal_heads_and_retention_predictions_sealed elapsed_s=5.171 completed=3840 pending=0
{"passed": true, "sha256": "sha256:6124c1da1854394ff6a17122ba9aaa549cbd99616bcc868da72ecfac5c4223d8"}
