.[exp8098] public_selection_before_labels completed=0 pending=0
[exp8098] public_response_scan completed=1 pending=0
[exp8098] public_sealed_evaluator_open completed=640 pending=0
[exp8098] evaluator_scan completed=1 pending=0
[exp8098] evaluator_completed completed=640 pending=0
[exp8111] phase=before_methods completed=0 pending=0
[exp8111] phase=rebuild_original_public_selection completed=0 pending=640
[exp8098] public_response_scan completed=1 pending=0
[exp8111] phase=public_authenticated_evaluator_open completed=640 pending=0
[exp8111] phase=original_annotation_scan completed=1 pending=0
[exp8111] phase=after_methods completed=1 pending=0
[exp8111] phase=before_stream_input completed=0 pending=0
[exp8111] phase=historical_completion_custody completed=0 pending=320
[exp8111] phase=historical_completion_custody completed=64 pending=256
[exp8111] phase=historical_completion_custody completed=128 pending=192
[exp8111] phase=historical_completion_custody completed=192 pending=128
[exp8111] phase=historical_completion_custody completed=256 pending=64
[exp8111] phase=after_stream_input completed=1 pending=0
[exp8111] phase=measurement_normal_exit completed=640 pending=0
[exp8124] phase=v704_source_protocol_frozen completed=1 pending=0
[exp8124] phase=expected_identity_frozen completed=1 pending=0
[exp8124] phase=before_cache_identity completed=0 pending=0
[exp8124] phase=after_cache_identity completed=1 pending=0
[exp8124] phase=frozen_source_fit completed=256 pending=384
[exp8124] phase=frozen_source_tune completed=384 pending=256
[exp8124] phase=frozen_source_evaluation completed=640 pending=0
[exp8124] phase=source_capture_manifest_sealed completed=640 pending=0
[exp8111] phase=rebuild_original_public_selection completed=0 pending=640
[exp8098] public_response_scan completed=1 pending=0
[exp8111] phase=public_authenticated_evaluator_open completed=640 pending=0
[exp8111] phase=original_annotation_scan completed=1 pending=0
[exp8124] phase=source_custody_complete completed=320 pending=0
[exp8124] phase=source_measurement_normal_exit completed=320 pending=0
[exp8124] phase=immutable_v701_methods_before completed=0 pending=0
[exp8124] phase=v704_source_protocol_frozen completed=1 pending=0
[exp8124] phase=expected_qwen_identity_frozen completed=1 pending=0
[exp8124] phase=before_cache_identity completed=0 pending=0
[exp8124] phase=after_cache_identity completed=4 pending=0
[exp8124] phase=frozen_source_fit completed=256 pending=384
[exp8124] phase=frozen_source_tune completed=384 pending=256
[exp8124] phase=frozen_source_evaluation completed=640 pending=0
[exp8124] phase=source_capture_manifest_sealed completed=640 pending=0
[exp8124] phase=source_custody_complete completed=320 pending=0
[exp8124] phase=source_measurement_normal_exit completed=320 pending=0
[exp8124] phase=immutable_source_measurement_complete completed=320 pending=0
.[exp8124] phase=v704_source_protocol_frozen completed=1 pending=0
[exp8124] phase=expected_identity_frozen completed=1 pending=0
[exp8124] phase=before_cache_identity completed=0 pending=0
[exp8124] phase=after_cache_identity completed=1 pending=0
[exp8124] phase=frozen_source_fit completed=256 pending=384
[exp8124] phase=frozen_source_tune completed=384 pending=256
[exp8124] phase=frozen_source_evaluation completed=640 pending=0
[exp8124] phase=source_capture_manifest_sealed completed=640 pending=0
[exp8111] phase=rebuild_original_public_selection completed=0 pending=640
[exp8098] public_response_scan completed=1 pending=0
[exp8111] phase=public_authenticated_evaluator_open completed=640 pending=0
[exp8111] phase=original_annotation_scan completed=1 pending=0
[exp8124] phase=source_custody_complete completed=320 pending=0
[exp8124] phase=source_measurement_normal_exit completed=320 pending=0
[exp8124] phase=immutable_v701_methods_before completed=0 pending=0
[exp8124] phase=v704_source_protocol_frozen completed=1 pending=0
[exp8124] phase=expected_qwen_identity_frozen completed=1 pending=0
[exp8124] phase=before_cache_identity completed=0 pending=0
[exp8124] phase=after_cache_identity completed=4 pending=0
[exp8124] phase=frozen_source_fit completed=256 pending=384
[exp8124] phase=frozen_source_tune completed=384 pending=256
[exp8124] phase=frozen_source_evaluation completed=640 pending=0
[exp8124] phase=source_capture_manifest_sealed completed=640 pending=0
[exp8124] phase=source_custody_complete completed=320 pending=0
[exp8124] phase=source_measurement_normal_exit completed=320 pending=0
[exp8124] phase=immutable_source_measurement_complete completed=320 pending=0
[exp8124] phase=immutable_v701_methods_before completed=0 pending=0
[exp8124] phase=v704_source_protocol_frozen completed=1 pending=0
[exp8124] phase=expected_qwen_identity_frozen completed=1 pending=0
[exp8124] phase=before_cache_identity completed=0 pending=0
[exp8124] phase=after_cache_identity completed=4 pending=0
[exp8124] phase=source_capture_manifest_sealed completed=0 pending=0
[exp8124] phase=source_custody_complete completed=320 pending=0
[exp8124] phase=source_measurement_normal_exit completed=320 pending=0
[exp8124] phase=immutable_source_measurement_complete completed=320 pending=0
.[exp8124] phase=v704_source_protocol_frozen completed=1 pending=0
[exp8124] phase=expected_identity_frozen completed=1 pending=0
[exp8124] phase=before_cache_identity completed=0 pending=0
[exp8124] phase=after_cache_identity completed=1 pending=0
[exp8124] phase=frozen_source_fit completed=256 pending=384
[exp8124] phase=frozen_source_tune completed=384 pending=256
[exp8124] phase=frozen_source_evaluation completed=640 pending=0
[exp8124] phase=source_capture_manifest_sealed completed=640 pending=0
[exp8111] phase=rebuild_original_public_selection completed=0 pending=640
[exp8098] public_response_scan completed=1 pending=0
[exp8111] phase=public_authenticated_evaluator_open completed=640 pending=0
[exp8111] phase=original_annotation_scan completed=1 pending=0
[exp8124] phase=source_custody_complete completed=320 pending=0
[exp8124] phase=source_measurement_normal_exit completed=320 pending=0
before private subprocess
after private subprocess exit=0
before private subprocess
after private subprocess exit=0
before private subprocess
after private subprocess exit=1
before private subprocess
after private subprocess exit=0
before private subprocess
after private subprocess exit=0
..[exp8124] phase=v704_source_protocol_frozen completed=1 pending=0
[exp8124] phase=expected_identity_frozen completed=1 pending=0
[exp8124] phase=before_cache_identity completed=0 pending=0
[exp8124] phase=after_cache_identity completed=1 pending=0
[exp8124] phase=frozen_source_fit completed=256 pending=384
[exp8124] phase=frozen_source_tune completed=384 pending=256
[exp8124] phase=frozen_source_evaluation completed=640 pending=0
[exp8124] phase=source_capture_manifest_sealed completed=640 pending=0
[exp8111] phase=rebuild_original_public_selection completed=0 pending=640
[exp8098] public_response_scan completed=1 pending=0
[exp8111] phase=public_authenticated_evaluator_open completed=640 pending=0
[exp8111] phase=original_annotation_scan completed=1 pending=0
[exp8124] phase=source_custody_complete completed=320 pending=0
[exp8124] phase=source_measurement_normal_exit completed=320 pending=0
[exp8124] phase=expected_qwen_identity_frozen completed=1 pending=0
[exp8124] phase=before_cache_identity completed=0 pending=0
[exp8124] phase=after_cache_identity completed=4 pending=0
[exp8124] phase=expected_qwen_identity_frozen completed=1 pending=0
[exp8124] phase=before_cache_identity completed=0 pending=0
[exp8124] phase=after_cache_identity completed=4 pending=0
..[exp8124] phase=v704_source_protocol_frozen completed=1 pending=0
[exp8124] phase=expected_identity_frozen completed=1 pending=0
[exp8124] phase=before_cache_identity completed=0 pending=0
[exp8124] phase=after_cache_identity completed=1 pending=0
[exp8124] phase=frozen_source_fit completed=256 pending=384
[exp8124] phase=frozen_source_tune completed=384 pending=256
[exp8124] phase=frozen_source_evaluation completed=640 pending=0
[exp8124] phase=source_capture_manifest_sealed completed=640 pending=0
[exp8111] phase=rebuild_original_public_selection completed=0 pending=640
[exp8098] public_response_scan completed=1 pending=0
[exp8111] phase=public_authenticated_evaluator_open completed=640 pending=0
[exp8111] phase=original_annotation_scan completed=1 pending=0
[exp8124] phase=source_custody_complete completed=320 pending=0
[exp8124] phase=source_measurement_normal_exit completed=320 pending=0
[exp8124] phase=immutable_v701_methods_before completed=0 pending=0
[exp8124] phase=v704_source_protocol_frozen completed=1 pending=0
[exp8124] phase=expected_qwen_identity_frozen completed=1 pending=0
[exp8124] phase=before_cache_identity completed=0 pending=0
[exp8124] phase=after_cache_identity completed=4 pending=0
[exp8124] phase=frozen_source_fit completed=256 pending=384
[exp8124] phase=frozen_source_tune completed=384 pending=256
[exp8124] phase=frozen_source_evaluation completed=640 pending=0
[exp8124] phase=source_capture_manifest_sealed completed=640 pending=0
[exp8124] phase=source_custody_complete completed=320 pending=0
[exp8124] phase=source_measurement_normal_exit completed=320 pending=0
[exp8124] phase=immutable_source_measurement_complete completed=320 pending=0
...[exp8098] public_selection_before_labels completed=0 pending=0
[exp8098] public_response_scan completed=1 pending=0
[exp8098] public_sealed_evaluator_open completed=640 pending=0
[exp8098] evaluator_scan completed=1 pending=0
[exp8098] evaluator_completed completed=640 pending=0
[exp8111] phase=before_methods completed=0 pending=0
[exp8111] phase=rebuild_original_public_selection completed=0 pending=640
[exp8098] public_response_scan completed=1 pending=0
[exp8111] phase=public_authenticated_evaluator_open completed=640 pending=0
[exp8111] phase=original_annotation_scan completed=1 pending=0
[exp8111] phase=after_methods completed=1 pending=0
[exp8111] phase=before_stream_input completed=0 pending=0
[exp8111] phase=historical_completion_custody completed=0 pending=320
[exp8111] phase=historical_completion_custody completed=64 pending=256
[exp8111] phase=historical_completion_custody completed=128 pending=192
[exp8111] phase=historical_completion_custody completed=192 pending=128
[exp8111] phase=historical_completion_custody completed=256 pending=64
[exp8111] phase=after_stream_input completed=1 pending=0
[exp8111] phase=measurement_normal_exit completed=640 pending=0
[exp8124] phase=expected_identity_frozen completed=1 pending=0
[exp8124] phase=before_cache_identity completed=0 pending=0
[exp8124] phase=after_cache_identity completed=1 pending=0
.[exp8124] phase=expected_identity_frozen completed=1 pending=0
[exp8124] phase=before_cache_identity completed=0 pending=0
[exp8124] phase=after_cache_identity completed=1 pending=0
.[exp8124] phase=v704_source_protocol_frozen completed=1 pending=0
[exp8124] phase=expected_identity_frozen completed=1 pending=0
[exp8124] phase=before_cache_identity completed=0 pending=0
[exp8124] phase=after_cache_identity completed=1 pending=0
[exp8124] phase=frozen_source_fit completed=256 pending=384
[exp8124] phase=frozen_source_tune completed=384 pending=256
[exp8124] phase=frozen_source_evaluation completed=640 pending=0
[exp8124] phase=source_capture_manifest_sealed completed=640 pending=0
[exp8111] phase=rebuild_original_public_selection completed=0 pending=640
[exp8098] public_response_scan completed=1 pending=0
[exp8111] phase=public_authenticated_evaluator_open completed=640 pending=0
[exp8111] phase=original_annotation_scan completed=1 pending=0
[exp8124] phase=source_custody_complete completed=320 pending=0
[exp8124] phase=source_measurement_normal_exit completed=320 pending=0
.[exp8124] phase=v704_source_protocol_frozen completed=1 pending=0
[exp8124] phase=expected_identity_frozen completed=1 pending=0
[exp8124] phase=before_cache_identity completed=0 pending=0
[exp8124] phase=after_cache_identity completed=1 pending=0
[exp8124] phase=frozen_source_fit completed=256 pending=384
[exp8124] phase=frozen_source_tune completed=384 pending=256
[exp8124] phase=frozen_source_evaluation completed=640 pending=0
[exp8124] phase=source_capture_manifest_sealed completed=640 pending=0
[exp8111] phase=rebuild_original_public_selection completed=0 pending=640
[exp8098] public_response_scan completed=1 pending=0
[exp8124] phase=source_custody_complete completed=320 pending=0
[exp8124] phase=source_measurement_normal_exit completed=320 pending=0
[exp8124] phase=v704_source_protocol_frozen completed=1 pending=0
[exp8124] phase=upstream_unavailable_experiment_8102_v701_learning_stream_capture completed=0 pending=0
[exp8124] phase=upstream_unavailable_experiment_8111_v702_methods_and_stream_custody completed=0 pending=0
[exp8124] phase=upstream_unavailable_experiment_8118_v702_fresh_acquisition_cost completed=0 pending=0
[exp8124] phase=expected_identity_frozen completed=1 pending=0
[exp8124] phase=before_cache_identity completed=0 pending=0
[exp8124] phase=after_cache_identity completed=1 pending=0
[exp8124] phase=source_capture_manifest_sealed completed=0 pending=0
[exp8124] phase=source_custody_complete completed=320 pending=0
[exp8124] phase=source_measurement_normal_exit completed=320 pending=0
[exp8124] phase=v704_source_protocol_frozen completed=1 pending=0
[exp8124] phase=upstream_unavailable_experiment_8102_v701_learning_stream_capture completed=0 pending=0
[exp8124] phase=upstream_unavailable_experiment_8111_v702_methods_and_stream_custody completed=0 pending=0
[exp8124] phase=upstream_unavailable_experiment_8118_v702_fresh_acquisition_cost completed=0 pending=0
[exp8124] phase=expected_identity_frozen completed=1 pending=0
[exp8124] phase=before_cache_identity completed=0 pending=0
[exp8124] phase=after_cache_identity completed=1 pending=0
[exp8124] phase=source_capture_manifest_sealed completed=0 pending=0
[exp8124] phase=source_custody_complete completed=320 pending=0
[exp8124] phase=source_measurement_normal_exit completed=320 pending=0
.before Exp8137 private subprocess
after Exp8137 private subprocess exit=0
before Exp8137 private subprocess
after Exp8137 private subprocess exit=0
before Exp8137 private subprocess
after Exp8137 private subprocess exit=1
before Exp8137 private subprocess
after Exp8137 private subprocess exit=0
before Exp8137 private subprocess
after Exp8137 private subprocess exit=0
..[exp8098] public_selection_before_labels completed=0 pending=0
[exp8098] public_response_scan completed=1 pending=0
[exp8098] public_sealed_evaluator_open completed=640 pending=0
[exp8098] evaluator_scan completed=1 pending=0
[exp8098] evaluator_completed completed=640 pending=0
[exp8111] phase=before_methods completed=0 pending=0
[exp8111] phase=rebuild_original_public_selection completed=0 pending=640
[exp8098] public_response_scan completed=1 pending=0
[exp8111] phase=public_authenticated_evaluator_open completed=640 pending=0
[exp8111] phase=original_annotation_scan completed=1 pending=0
[exp8111] phase=after_methods completed=1 pending=0
[exp8111] phase=before_stream_input completed=0 pending=0
[exp8111] phase=historical_completion_custody completed=0 pending=320
[exp8111] phase=historical_completion_custody completed=64 pending=256
[exp8111] phase=historical_completion_custody completed=128 pending=192
[exp8111] phase=historical_completion_custody completed=192 pending=128
[exp8111] phase=historical_completion_custody completed=256 pending=64
[exp8111] phase=after_stream_input completed=1 pending=0
[exp8111] phase=measurement_normal_exit completed=640 pending=0
[exp8124] phase=expected_identity_frozen completed=1 pending=0
[exp8124] phase=before_cache_identity completed=0 pending=0
[exp8124] phase=after_cache_identity completed=1 pending=0
.[exp8124] phase=expected_identity_frozen completed=1 pending=0
[exp8124] phase=before_cache_identity completed=0 pending=0
[exp8124] phase=after_cache_identity completed=1 pending=0
.[exp8124] phase=expected_identity_frozen completed=1 pending=0
[exp8124] phase=before_cache_identity completed=0 pending=0
[exp8124] phase=after_cache_identity completed=1 pending=0
.[exp8124] phase=expected_identity_frozen completed=1 pending=0
[exp8124] phase=before_cache_identity completed=0 pending=0
[exp8124] phase=after_cache_identity completed=1 pending=0
.[exp8124] phase=expected_identity_frozen completed=1 pending=0
[exp8124] phase=before_cache_identity completed=0 pending=0
[exp8124] phase=after_cache_identity completed=1 pending=0
.[exp8124] phase=expected_identity_frozen completed=1 pending=0
[exp8124] phase=before_cache_identity completed=0 pending=0
[exp8124] phase=after_cache_identity completed=1 pending=0
.[exp8124] phase=expected_identity_frozen completed=1 pending=0
[exp8124] phase=before_cache_identity completed=0 pending=0
[exp8124] phase=after_cache_identity completed=1 pending=0
.before private CLI subprocess
after private CLI subprocess exit=0
before private CLI subprocess
after private CLI subprocess exit=0
before private CLI subprocess
after private CLI subprocess exit=1
before private CLI subprocess
after private CLI subprocess exit=0
before private CLI subprocess
after private CLI subprocess exit=0
.[exp8124] phase=public_protocol_frozen completed=1 pending=0
[exp8124] phase=expected_identity_frozen completed=1 pending=0
[exp8124] phase=before_cache_identity completed=0 pending=0
[exp8124] phase=after_cache_identity completed=1 pending=0
[exp8124] phase=frozen_fit completed=256 pending=384
[exp8124] phase=frozen_tune completed=384 pending=256
[exp8124] phase=frozen_evaluation completed=640 pending=0
[exp8124] phase=source_and_arm_order_frozen completed=640 pending=0
[exp8111] phase=before_methods completed=0 pending=0
[exp8111] phase=rebuild_original_public_selection completed=0 pending=640
[exp8098] public_response_scan completed=1 pending=0
[exp8111] phase=public_authenticated_evaluator_open completed=640 pending=0
[exp8111] phase=original_annotation_scan completed=1 pending=0
[exp8111] phase=after_methods completed=1 pending=0
[exp8111] phase=before_stream_input completed=0 pending=0
[exp8111] phase=historical_completion_custody completed=0 pending=320
[exp8111] phase=historical_completion_custody completed=64 pending=256
[exp8111] phase=historical_completion_custody completed=128 pending=192
[exp8111] phase=historical_completion_custody completed=192 pending=128
[exp8111] phase=historical_completion_custody completed=256 pending=64
[exp8111] phase=after_stream_input completed=1 pending=0
[exp8111] phase=measurement_normal_exit completed=640 pending=0
[exp8124] phase=evidence_protocol_normal_exit completed=640 pending=0
.
=============================== warnings summary ===============================
.venv/lib/python3.12/site-packages/pluggy/_callers.py:121
  /home/ianblenke/github.com/ianblenke/carnot/.venv/lib/python3.12/site-packages/pluggy/_callers.py:121: PytestWarning: This test run modified 1 tracked file(s) that were clean before it. Commits are blocked until this is resolved -- run `python3 scripts/test_suite_mutation_check.py --gate` to list every affected file. NOT ATTRIBUTED (1): ['ops/dogfood-memory.json']. This run was not observed writing these; they may be a concurrent agent's in-flight work. Do NOT blanket `git checkout --` them -- check authorship first. Do NOT reach for `--check` here: it needs a baseline taken before the run under a matching --run-id, and this hook keeps its baseline in memory rather than on disk, so `--check` would refuse.
    res = hook_impl.function(*args)

-- Docs: https://docs.pytest.org/en/stable/how-to/capture-warnings.html
25 passed, 1 warning in 63.42s (0:01:03)
