[exp8116] phase=start completed=0 pending=0
[exp8116] phase=before_authentication completed=0 pending=0
[exp8116] phase=after_authentication completed=320 pending=0
[exp8116] phase=before_CPU_head completed=0 pending=20
[exp8116] phase=seed_slots completed=64 pending=192
[exp8116] phase=seed_slots completed=128 pending=128
[exp8116] phase=seed_slots completed=192 pending=64
[exp8116] phase=seed_slots completed=256 pending=0
[exp8116] phase=seed_slots completed=64 pending=192
[exp8116] phase=seed_slots completed=128 pending=128
[exp8116] phase=seed_slots completed=192 pending=64
[exp8116] phase=seed_slots completed=256 pending=0
[exp8116] phase=seed_slots completed=64 pending=192
[exp8116] phase=seed_slots completed=128 pending=128
[exp8116] phase=seed_slots completed=192 pending=64
[exp8116] phase=seed_slots completed=256 pending=0
[exp8116] phase=seed_slots completed=64 pending=192
[exp8116] phase=seed_slots completed=128 pending=128
[exp8116] phase=seed_slots completed=192 pending=64
[exp8116] phase=seed_slots completed=256 pending=0
[exp8116] phase=after_CPU_head completed=1 pending=19
[exp8116] phase=before_CPU_head completed=1 pending=19
[exp8116] phase=seed_slots completed=64 pending=192
[exp8116] phase=seed_slots completed=128 pending=128
[exp8116] phase=seed_slots completed=192 pending=64
[exp8116] phase=seed_slots completed=256 pending=0
[exp8116] phase=seed_slots completed=64 pending=192
[exp8116] phase=seed_slots completed=128 pending=128
[exp8116] phase=seed_slots completed=192 pending=64
[exp8116] phase=seed_slots completed=256 pending=0
[exp8116] phase=seed_slots completed=64 pending=192
[exp8116] phase=seed_slots completed=128 pending=128
[exp8116] phase=seed_slots completed=192 pending=64
[exp8116] phase=seed_slots completed=256 pending=0
[exp8116] phase=seed_slots completed=64 pending=192
[exp8116] phase=seed_slots completed=128 pending=128
[exp8116] phase=seed_slots completed=192 pending=64
[exp8116] phase=seed_slots completed=256 pending=0
[exp8116] phase=after_CPU_head completed=2 pending=18
[exp8116] phase=before_CPU_head completed=2 pending=18
[exp8116] phase=seed_slots completed=64 pending=192
[exp8116] phase=seed_slots completed=128 pending=128
[exp8116] phase=seed_slots completed=192 pending=64
[exp8116] phase=seed_slots completed=256 pending=0
[exp8116] phase=seed_slots completed=64 pending=192
[exp8116] phase=seed_slots completed=128 pending=128
[exp8116] phase=seed_slots completed=192 pending=64
[exp8116] phase=seed_slots completed=256 pending=0
[exp8116] phase=seed_slots completed=64 pending=192
[exp8116] phase=seed_slots completed=128 pending=128
[exp8116] phase=seed_slots completed=192 pending=64
[exp8116] phase=seed_slots completed=256 pending=0
[exp8116] phase=seed_slots completed=64 pending=192
[exp8116] phase=seed_slots completed=128 pending=128
[exp8116] phase=seed_slots completed=192 pending=64
[exp8116] phase=seed_slots completed=256 pending=0
[exp8116] phase=after_CPU_head completed=3 pending=17
[exp8116] phase=before_CPU_head completed=3 pending=17
[exp8116] phase=seed_slots completed=64 pending=192
[exp8116] phase=seed_slots completed=128 pending=128
[exp8116] phase=seed_slots completed=192 pending=64
[exp8116] phase=seed_slots completed=256 pending=0
[exp8116] phase=seed_slots completed=64 pending=192
[exp8116] phase=seed_slots completed=128 pending=128
[exp8116] phase=seed_slots completed=192 pending=64
[exp8116] phase=seed_slots completed=256 pending=0
[exp8116] phase=seed_slots completed=64 pending=192
[exp8116] phase=seed_slots completed=128 pending=128
[exp8116] phase=seed_slots completed=192 pending=64
[exp8116] phase=seed_slots completed=256 pending=0
[exp8116] phase=seed_slots completed=64 pending=192
[exp8116] phase=seed_slots completed=128 pending=128
[exp8116] phase=seed_slots completed=192 pending=64
[exp8116] phase=seed_slots completed=256 pending=0
[exp8116] phase=after_CPU_head completed=4 pending=16
[exp8116] phase=before_CPU_head completed=4 pending=16
[exp8116] phase=seed_slots completed=64 pending=192
[exp8116] phase=seed_slots completed=128 pending=128
[exp8116] phase=seed_slots completed=192 pending=64
[exp8116] phase=seed_slots completed=256 pending=0
[exp8116] phase=seed_slots completed=64 pending=192
[exp8116] phase=seed_slots completed=128 pending=128
[exp8116] phase=seed_slots completed=192 pending=64
[exp8116] phase=seed_slots completed=256 pending=0
[exp8116] phase=seed_slots completed=64 pending=192
[exp8116] phase=seed_slots completed=128 pending=128
[exp8116] phase=seed_slots completed=192 pending=64
[exp8116] phase=seed_slots completed=256 pending=0
[exp8116] phase=seed_slots completed=64 pending=192
[exp8116] phase=seed_slots completed=128 pending=128
[exp8116] phase=seed_slots completed=192 pending=64
[exp8116] phase=seed_slots completed=256 pending=0
[exp8116] phase=after_CPU_head completed=5 pending=15
[exp8116] phase=before_CPU_head completed=5 pending=15
[exp8116] phase=seed_slots completed=64 pending=192
[exp8116] phase=seed_slots completed=128 pending=128
[exp8116] phase=seed_slots completed=192 pending=64
[exp8116] phase=seed_slots completed=256 pending=0
[exp8116] phase=seed_slots completed=64 pending=192
[exp8116] phase=seed_slots completed=128 pending=128
[exp8116] phase=seed_slots completed=192 pending=64
[exp8116] phase=seed_slots completed=256 pending=0
[exp8116] phase=seed_slots completed=64 pending=192
[exp8116] phase=seed_slots completed=128 pending=128
[exp8116] phase=seed_slots completed=192 pending=64
[exp8116] phase=seed_slots completed=256 pending=0
[exp8116] phase=seed_slots completed=64 pending=192
[exp8116] phase=seed_slots completed=128 pending=128
[exp8116] phase=seed_slots completed=192 pending=64
[exp8116] phase=seed_slots completed=256 pending=0
[exp8116] phase=after_CPU_head completed=6 pending=14
[exp8116] phase=before_CPU_head completed=6 pending=14
[exp8116] phase=seed_slots completed=64 pending=192
[exp8116] phase=seed_slots completed=128 pending=128
[exp8116] phase=seed_slots completed=192 pending=64
[exp8116] phase=seed_slots completed=256 pending=0
[exp8116] phase=seed_slots completed=64 pending=192
[exp8116] phase=seed_slots completed=128 pending=128
[exp8116] phase=seed_slots completed=192 pending=64
[exp8116] phase=seed_slots completed=256 pending=0
[exp8116] phase=seed_slots completed=64 pending=192
[exp8116] phase=seed_slots completed=128 pending=128
[exp8116] phase=seed_slots completed=192 pending=64
[exp8116] phase=seed_slots completed=256 pending=0
[exp8116] phase=seed_slots completed=64 pending=192
[exp8116] phase=seed_slots completed=128 pending=128
[exp8116] phase=seed_slots completed=192 pending=64
[exp8116] phase=seed_slots completed=256 pending=0
[exp8116] phase=after_CPU_head completed=7 pending=13
[exp8116] phase=before_CPU_head completed=7 pending=13
[exp8116] phase=seed_slots completed=64 pending=192
[exp8116] phase=seed_slots completed=128 pending=128
[exp8116] phase=seed_slots completed=192 pending=64
[exp8116] phase=seed_slots completed=256 pending=0
[exp8116] phase=seed_slots completed=64 pending=192
[exp8116] phase=seed_slots completed=128 pending=128
[exp8116] phase=seed_slots completed=192 pending=64
[exp8116] phase=seed_slots completed=256 pending=0
[exp8116] phase=seed_slots completed=64 pending=192
[exp8116] phase=seed_slots completed=128 pending=128
[exp8116] phase=seed_slots completed=192 pending=64
[exp8116] phase=seed_slots completed=256 pending=0
[exp8116] phase=seed_slots completed=64 pending=192
[exp8116] phase=seed_slots completed=128 pending=128
[exp8116] phase=seed_slots completed=192 pending=64
[exp8116] phase=seed_slots completed=256 pending=0
[exp8116] phase=after_CPU_head completed=8 pending=12
[exp8116] phase=before_CPU_head completed=8 pending=12
[exp8116] phase=seed_slots completed=64 pending=192
[exp8116] phase=seed_slots completed=128 pending=128
[exp8116] phase=seed_slots completed=192 pending=64
[exp8116] phase=seed_slots completed=256 pending=0
[exp8116] phase=seed_slots completed=64 pending=192
[exp8116] phase=seed_slots completed=128 pending=128
[exp8116] phase=seed_slots completed=192 pending=64
[exp8116] phase=seed_slots completed=256 pending=0
[exp8116] phase=seed_slots completed=64 pending=192
[exp8116] phase=seed_slots completed=128 pending=128
[exp8116] phase=seed_slots completed=192 pending=64
[exp8116] phase=seed_slots completed=256 pending=0
[exp8116] phase=seed_slots completed=64 pending=192
[exp8116] phase=seed_slots completed=128 pending=128
[exp8116] phase=seed_slots completed=192 pending=64
[exp8116] phase=seed_slots completed=256 pending=0
[exp8116] phase=after_CPU_head completed=9 pending=11
[exp8116] phase=before_CPU_head completed=9 pending=11
[exp8116] phase=seed_slots completed=64 pending=192
[exp8116] phase=seed_slots completed=128 pending=128
[exp8116] phase=seed_slots completed=192 pending=64
[exp8116] phase=seed_slots completed=256 pending=0
[exp8116] phase=seed_slots completed=64 pending=192
[exp8116] phase=seed_slots completed=128 pending=128
[exp8116] phase=seed_slots completed=192 pending=64
[exp8116] phase=seed_slots completed=256 pending=0
[exp8116] phase=seed_slots completed=64 pending=192
[exp8116] phase=seed_slots completed=128 pending=128
[exp8116] phase=seed_slots completed=192 pending=64
[exp8116] phase=seed_slots completed=256 pending=0
[exp8116] phase=seed_slots completed=64 pending=192
[exp8116] phase=seed_slots completed=128 pending=128
[exp8116] phase=seed_slots completed=192 pending=64
[exp8116] phase=seed_slots completed=256 pending=0
[exp8116] phase=after_CPU_head completed=10 pending=10
[exp8116] phase=before_CPU_head completed=10 pending=10
[exp8116] phase=seed_slots completed=64 pending=192
[exp8116] phase=seed_slots completed=128 pending=128
[exp8116] phase=seed_slots completed=192 pending=64
[exp8116] phase=seed_slots completed=256 pending=0
[exp8116] phase=seed_slots completed=64 pending=192
[exp8116] phase=seed_slots completed=128 pending=128
[exp8116] phase=seed_slots completed=192 pending=64
[exp8116] phase=seed_slots completed=256 pending=0
[exp8116] phase=seed_slots completed=64 pending=192
[exp8116] phase=seed_slots completed=128 pending=128
[exp8116] phase=seed_slots completed=192 pending=64
[exp8116] phase=seed_slots completed=256 pending=0
[exp8116] phase=seed_slots completed=64 pending=192
[exp8116] phase=seed_slots completed=128 pending=128
[exp8116] phase=seed_slots completed=192 pending=64
[exp8116] phase=seed_slots completed=256 pending=0
[exp8116] phase=after_CPU_head completed=11 pending=9
[exp8116] phase=before_CPU_head completed=11 pending=9
[exp8116] phase=seed_slots completed=64 pending=192
[exp8116] phase=seed_slots completed=128 pending=128
[exp8116] phase=seed_slots completed=192 pending=64
[exp8116] phase=seed_slots completed=256 pending=0
[exp8116] phase=seed_slots completed=64 pending=192
[exp8116] phase=seed_slots completed=128 pending=128
[exp8116] phase=seed_slots completed=192 pending=64
[exp8116] phase=seed_slots completed=256 pending=0
[exp8116] phase=seed_slots completed=64 pending=192
[exp8116] phase=seed_slots completed=128 pending=128
[exp8116] phase=seed_slots completed=192 pending=64
[exp8116] phase=seed_slots completed=256 pending=0
[exp8116] phase=seed_slots completed=64 pending=192
[exp8116] phase=seed_slots completed=128 pending=128
[exp8116] phase=seed_slots completed=192 pending=64
[exp8116] phase=seed_slots completed=256 pending=0
[exp8116] phase=after_CPU_head completed=12 pending=8
[exp8116] phase=before_CPU_head completed=12 pending=8
[exp8116] phase=seed_slots completed=64 pending=192
[exp8116] phase=seed_slots completed=128 pending=128
[exp8116] phase=seed_slots completed=192 pending=64
[exp8116] phase=seed_slots completed=256 pending=0
[exp8116] phase=seed_slots completed=64 pending=192
[exp8116] phase=seed_slots completed=128 pending=128
[exp8116] phase=seed_slots completed=192 pending=64
[exp8116] phase=seed_slots completed=256 pending=0
[exp8116] phase=seed_slots completed=64 pending=192
[exp8116] phase=seed_slots completed=128 pending=128
[exp8116] phase=seed_slots completed=192 pending=64
[exp8116] phase=seed_slots completed=256 pending=0
[exp8116] phase=seed_slots completed=64 pending=192
[exp8116] phase=seed_slots completed=128 pending=128
[exp8116] phase=seed_slots completed=192 pending=64
[exp8116] phase=seed_slots completed=256 pending=0
[exp8116] phase=after_CPU_head completed=13 pending=7
[exp8116] phase=before_CPU_head completed=13 pending=7
[exp8116] phase=seed_slots completed=64 pending=192
[exp8116] phase=seed_slots completed=128 pending=128
[exp8116] phase=seed_slots completed=192 pending=64
[exp8116] phase=seed_slots completed=256 pending=0
[exp8116] phase=seed_slots completed=64 pending=192
[exp8116] phase=seed_slots completed=128 pending=128
[exp8116] phase=seed_slots completed=192 pending=64
[exp8116] phase=seed_slots completed=256 pending=0
[exp8116] phase=seed_slots completed=64 pending=192
[exp8116] phase=seed_slots completed=128 pending=128
[exp8116] phase=seed_slots completed=192 pending=64
[exp8116] phase=seed_slots completed=256 pending=0
[exp8116] phase=seed_slots completed=64 pending=192
[exp8116] phase=seed_slots completed=128 pending=128
[exp8116] phase=seed_slots completed=192 pending=64
[exp8116] phase=seed_slots completed=256 pending=0
[exp8116] phase=after_CPU_head completed=14 pending=6
[exp8116] phase=before_CPU_head completed=14 pending=6
[exp8116] phase=seed_slots completed=64 pending=192
[exp8116] phase=seed_slots completed=128 pending=128
[exp8116] phase=seed_slots completed=192 pending=64
[exp8116] phase=seed_slots completed=256 pending=0
[exp8116] phase=seed_slots completed=64 pending=192
[exp8116] phase=seed_slots completed=128 pending=128
[exp8116] phase=seed_slots completed=192 pending=64
[exp8116] phase=seed_slots completed=256 pending=0
[exp8116] phase=seed_slots completed=64 pending=192
[exp8116] phase=seed_slots completed=128 pending=128
[exp8116] phase=seed_slots completed=192 pending=64
[exp8116] phase=seed_slots completed=256 pending=0
[exp8116] phase=seed_slots completed=64 pending=192
[exp8116] phase=seed_slots completed=128 pending=128
[exp8116] phase=seed_slots completed=192 pending=64
[exp8116] phase=seed_slots completed=256 pending=0
[exp8116] phase=after_CPU_head completed=15 pending=5
[exp8116] phase=before_CPU_head completed=15 pending=5
[exp8116] phase=seed_slots completed=64 pending=192
[exp8116] phase=seed_slots completed=128 pending=128
[exp8116] phase=seed_slots completed=192 pending=64
[exp8116] phase=seed_slots completed=256 pending=0
[exp8116] phase=seed_slots completed=64 pending=192
[exp8116] phase=seed_slots completed=128 pending=128
[exp8116] phase=seed_slots completed=192 pending=64
[exp8116] phase=seed_slots completed=256 pending=0
[exp8116] phase=seed_slots completed=64 pending=192
[exp8116] phase=seed_slots completed=128 pending=128
[exp8116] phase=seed_slots completed=192 pending=64
[exp8116] phase=seed_slots completed=256 pending=0
[exp8116] phase=seed_slots completed=64 pending=192
[exp8116] phase=seed_slots completed=128 pending=128
[exp8116] phase=seed_slots completed=192 pending=64
[exp8116] phase=seed_slots completed=256 pending=0
[exp8116] phase=after_CPU_head completed=16 pending=4
[exp8116] phase=before_CPU_head completed=16 pending=4
[exp8116] phase=seed_slots completed=64 pending=192
[exp8116] phase=seed_slots completed=128 pending=128
[exp8116] phase=seed_slots completed=192 pending=64
[exp8116] phase=seed_slots completed=256 pending=0
[exp8116] phase=seed_slots completed=64 pending=192
[exp8116] phase=seed_slots completed=128 pending=128
[exp8116] phase=seed_slots completed=192 pending=64
[exp8116] phase=seed_slots completed=256 pending=0
[exp8116] phase=seed_slots completed=64 pending=192
[exp8116] phase=seed_slots completed=128 pending=128
[exp8116] phase=seed_slots completed=192 pending=64
[exp8116] phase=seed_slots completed=256 pending=0
[exp8116] phase=seed_slots completed=64 pending=192
[exp8116] phase=seed_slots completed=128 pending=128
[exp8116] phase=seed_slots completed=192 pending=64
[exp8116] phase=seed_slots completed=256 pending=0
[exp8116] phase=after_CPU_head completed=17 pending=3
[exp8116] phase=before_CPU_head completed=17 pending=3
[exp8116] phase=seed_slots completed=64 pending=192
[exp8116] phase=seed_slots completed=128 pending=128
[exp8116] phase=seed_slots completed=192 pending=64
[exp8116] phase=seed_slots completed=256 pending=0
[exp8116] phase=seed_slots completed=64 pending=192
[exp8116] phase=seed_slots completed=128 pending=128
[exp8116] phase=seed_slots completed=192 pending=64
[exp8116] phase=seed_slots completed=256 pending=0
[exp8116] phase=seed_slots completed=64 pending=192
[exp8116] phase=seed_slots completed=128 pending=128
[exp8116] phase=seed_slots completed=192 pending=64
[exp8116] phase=seed_slots completed=256 pending=0
[exp8116] phase=seed_slots completed=64 pending=192
[exp8116] phase=seed_slots completed=128 pending=128
[exp8116] phase=seed_slots completed=192 pending=64
[exp8116] phase=seed_slots completed=256 pending=0
[exp8116] phase=after_CPU_head completed=18 pending=2
[exp8116] phase=before_CPU_head completed=18 pending=2
[exp8116] phase=seed_slots completed=64 pending=192
[exp8116] phase=seed_slots completed=128 pending=128
[exp8116] phase=seed_slots completed=192 pending=64
[exp8116] phase=seed_slots completed=256 pending=0
[exp8116] phase=seed_slots completed=64 pending=192
[exp8116] phase=seed_slots completed=128 pending=128
[exp8116] phase=seed_slots completed=192 pending=64
[exp8116] phase=seed_slots completed=256 pending=0
[exp8116] phase=seed_slots completed=64 pending=192
[exp8116] phase=seed_slots completed=128 pending=128
[exp8116] phase=seed_slots completed=192 pending=64
[exp8116] phase=seed_slots completed=256 pending=0
[exp8116] phase=seed_slots completed=64 pending=192
[exp8116] phase=seed_slots completed=128 pending=128
[exp8116] phase=seed_slots completed=192 pending=64
[exp8116] phase=seed_slots completed=256 pending=0
[exp8116] phase=after_CPU_head completed=19 pending=1
[exp8116] phase=before_CPU_head completed=19 pending=1
[exp8116] phase=seed_slots completed=64 pending=192
[exp8116] phase=seed_slots completed=128 pending=128
[exp8116] phase=seed_slots completed=192 pending=64
[exp8116] phase=seed_slots completed=256 pending=0
[exp8116] phase=seed_slots completed=64 pending=192
[exp8116] phase=seed_slots completed=128 pending=128
[exp8116] phase=seed_slots completed=192 pending=64
[exp8116] phase=seed_slots completed=256 pending=0
[exp8116] phase=seed_slots completed=64 pending=192
[exp8116] phase=seed_slots completed=128 pending=128
[exp8116] phase=seed_slots completed=192 pending=64
[exp8116] phase=seed_slots completed=256 pending=0
[exp8116] phase=seed_slots completed=64 pending=192
[exp8116] phase=seed_slots completed=128 pending=128
[exp8116] phase=seed_slots completed=192 pending=64
[exp8116] phase=seed_slots completed=256 pending=0
[exp8116] phase=after_CPU_head completed=20 pending=0
[exp8116] phase=retention_predictions_sealed_before_evaluator completed=1280 pending=0
[exp8116] phase=measurement_normal_exit completed=20 pending=0
