.[exp8116] phase=seed_slots completed=64 pending=192
[exp8116] phase=seed_slots completed=128 pending=128
[exp8116] phase=seed_slots completed=192 pending=64
[exp8116] phase=seed_slots completed=256 pending=0
.[exp8116] phase=seed_slots completed=64 pending=192
[exp8116] phase=seed_slots completed=128 pending=128
[exp8116] phase=seed_slots completed=192 pending=64
[exp8116] phase=seed_slots completed=256 pending=0
[exp8116] phase=seed_slots completed=64 pending=192
[exp8116] phase=seed_slots completed=128 pending=128
[exp8116] phase=seed_slots completed=192 pending=64
[exp8116] phase=seed_slots completed=256 pending=0
.[exp8116] phase=seed_slots completed=64 pending=192
[exp8116] phase=seed_slots completed=128 pending=128
[exp8116] phase=seed_slots completed=192 pending=64
[exp8116] phase=seed_slots completed=256 pending=0
[exp8116] phase=seed_slots completed=64 pending=192
[exp8116] phase=seed_slots completed=128 pending=128
[exp8116] phase=seed_slots completed=192 pending=64
[exp8116] phase=seed_slots completed=256 pending=0
.[exp8116] phase=seed_slots completed=64 pending=192
[exp8116] phase=seed_slots completed=128 pending=128
[exp8116] phase=seed_slots completed=192 pending=64
[exp8116] phase=seed_slots completed=256 pending=0
[exp8116] phase=seed_slots completed=64 pending=192
[exp8116] phase=seed_slots completed=128 pending=128
[exp8116] phase=seed_slots completed=192 pending=64
[exp8116] phase=seed_slots completed=256 pending=0
.[exp8116] phase=seed_slots completed=64 pending=192
.[exp8116] phase=before_authentication completed=0 pending=0
[exp8116] phase=after_authentication completed=320 pending=0
[exp8116] phase=before_CPU_head completed=0 pending=1
[exp8116] phase=seed_slots completed=64 pending=192
[exp8116] phase=seed_slots completed=128 pending=128
[exp8116] phase=seed_slots completed=192 pending=64
[exp8116] phase=seed_slots completed=256 pending=0
[exp8116] phase=seed_slots completed=64 pending=192
[exp8116] phase=seed_slots completed=128 pending=128
[exp8116] phase=seed_slots completed=192 pending=64
[exp8116] phase=seed_slots completed=256 pending=0
[exp8116] phase=seed_slots completed=64 pending=192
[exp8116] phase=seed_slots completed=128 pending=128
[exp8116] phase=seed_slots completed=192 pending=64
[exp8116] phase=seed_slots completed=256 pending=0
[exp8116] phase=seed_slots completed=64 pending=192
[exp8116] phase=seed_slots completed=128 pending=128
[exp8116] phase=seed_slots completed=192 pending=64
[exp8116] phase=seed_slots completed=256 pending=0
[exp8116] phase=after_CPU_head completed=1 pending=0
[exp8116] phase=retention_predictions_sealed_before_evaluator completed=64 pending=0
[exp8116] phase=measurement_normal_exit completed=1 pending=0
[exp8116] phase=independent_cold_seed completed=0 pending=1
[exp8116] phase=seed_slots completed=64 pending=192
[exp8116] phase=seed_slots completed=128 pending=128
[exp8116] phase=seed_slots completed=192 pending=64
[exp8116] phase=seed_slots completed=256 pending=0
.[exp8116] phase=before_authentication completed=0 pending=0
[exp8116] phase=measurement_normal_exit completed=0 pending=0
.[exp8116] phase=start completed=0 pending=0
[exp8116] phase=before_authentication completed=0 pending=0
[exp8116] phase=after_authentication completed=320 pending=0
[exp8116] phase=before_CPU_head completed=0 pending=1
[exp8116] phase=seed_slots completed=64 pending=192
[exp8116] phase=seed_slots completed=128 pending=128
[exp8116] phase=seed_slots completed=192 pending=64
[exp8116] phase=seed_slots completed=256 pending=0
[exp8116] phase=seed_slots completed=64 pending=192
[exp8116] phase=seed_slots completed=128 pending=128
[exp8116] phase=seed_slots completed=192 pending=64
[exp8116] phase=seed_slots completed=256 pending=0
[exp8116] phase=seed_slots completed=64 pending=192
[exp8116] phase=seed_slots completed=128 pending=128
[exp8116] phase=seed_slots completed=192 pending=64
[exp8116] phase=seed_slots completed=256 pending=0
[exp8116] phase=seed_slots completed=64 pending=192
[exp8116] phase=seed_slots completed=128 pending=128
[exp8116] phase=seed_slots completed=192 pending=64
[exp8116] phase=seed_slots completed=256 pending=0
[exp8116] phase=after_CPU_head completed=1 pending=0
[exp8116] phase=retention_predictions_sealed_before_evaluator completed=64 pending=0
[exp8116] phase=measurement_normal_exit completed=1 pending=0
[exp8116] phase=independent_cold_seed completed=0 pending=1
[exp8116] phase=seed_slots completed=64 pending=192
[exp8116] phase=seed_slots completed=128 pending=128
[exp8116] phase=seed_slots completed=192 pending=64
[exp8116] phase=seed_slots completed=256 pending=0
[exp8116] phase=publication_complete completed=1 pending=0
 
[exp8116] phase=start completed=0 pending=0
[exp8116] phase=independent_cold_seed completed=0 pending=1
[exp8116] phase=seed_slots completed=64 pending=192
[exp8116] phase=seed_slots completed=128 pending=128
[exp8116] phase=seed_slots completed=192 pending=64
[exp8116] phase=seed_slots completed=256 pending=0
[exp8116] phase=replay_passed completed=0 pending=0
 
[exp8116] phase=start completed=0 pending=0
[exp8116] phase=reduction_drift completed=0 pending=0
 
[exp8116] phase=start completed=0 pending=0
[exp8116] phase=before_authentication completed=0 pending=0
[exp8116] phase=measurement_normal_exit completed=0 pending=0
[exp8116] phase=publication_complete completed=1 pending=0
 
[exp8116] phase=start completed=0 pending=0
[exp8116] phase=replay_passed completed=0 pending=0
 
[exp8116] phase=start completed=0 pending=0
[exp8116] phase=reduction_drift completed=0 pending=0
 
[exp8116] phase=start completed=0 pending=0
[exp8116] phase=before_authentication completed=0 pending=0
[exp8116] phase=after_authentication completed=320 pending=0
[exp8116] phase=before_CPU_head completed=0 pending=1
[exp8116] phase=measurement_normal_exit completed=0 pending=0
[exp8116] phase=publication_complete completed=1 pending=0
 
[exp8116] phase=start completed=0 pending=0
[exp8116] phase=replay_passed completed=0 pending=0
 
[exp8116] phase=start completed=0 pending=0
[exp8116] phase=reduction_drift completed=0 pending=0
 
[exp8116] phase=start completed=0 pending=0
 usage: experiment_8116_v702_independent_online_memory.py [-h]
                                                         [--date {20261004}]
                                                         [--root ROOT]
                                                         [--output OUTPUT]
                                                         [--fixture-output FIXTURE_OUTPUT]
                                                         [--worker-output WORKER_OUTPUT]
                                                         [--cold-replay COLD_REPLAY]
                                                         [--mutation {,future-label}]
experiment_8116_v702_independent_online_memory.py: error: argument --date: invalid choice: 'wrong' (choose from 20261004)

[exp8116] phase=start completed=0 pending=0
 usage: experiment_8116_v702_independent_online_memory.py [-h]
                                                         [--date {20261004}]
                                                         [--root ROOT]
                                                         [--output OUTPUT]
                                                         [--fixture-output FIXTURE_OUTPUT]
                                                         [--worker-output WORKER_OUTPUT]
                                                         [--cold-replay COLD_REPLAY]
                                                         [--mutation {,future-label}]
experiment_8116_v702_independent_online_memory.py: error: fixture outputs must be private

..[exp8116] phase=before_authentication completed=0 pending=0
[exp8116] phase=after_authentication completed=320 pending=0
[exp8116] phase=before_CPU_head completed=0 pending=1
[exp8116] phase=seed_slots completed=64 pending=192
[exp8116] phase=seed_slots completed=128 pending=128
[exp8116] phase=seed_slots completed=192 pending=64
[exp8116] phase=seed_slots completed=256 pending=0
[exp8116] phase=seed_slots completed=64 pending=192
[exp8116] phase=seed_slots completed=128 pending=128
[exp8116] phase=seed_slots completed=192 pending=64
[exp8116] phase=seed_slots completed=256 pending=0
[exp8116] phase=seed_slots completed=64 pending=192
[exp8116] phase=seed_slots completed=128 pending=128
[exp8116] phase=seed_slots completed=192 pending=64
[exp8116] phase=seed_slots completed=256 pending=0
[exp8116] phase=seed_slots completed=64 pending=192
[exp8116] phase=seed_slots completed=128 pending=128
[exp8116] phase=seed_slots completed=192 pending=64
[exp8116] phase=seed_slots completed=256 pending=0
[exp8116] phase=after_CPU_head completed=1 pending=0
[exp8116] phase=retention_predictions_sealed_before_evaluator completed=64 pending=0
[exp8116] phase=measurement_normal_exit completed=1 pending=0
[exp8116] phase=independent_cold_seed completed=0 pending=1
[exp8116] phase=seed_slots completed=64 pending=192
[exp8116] phase=seed_slots completed=128 pending=128
[exp8116] phase=seed_slots completed=192 pending=64
[exp8116] phase=seed_slots completed=256 pending=0
..[exp8116] phase=start completed=0 pending=0
[exp8116] phase=before_measurement_subprocess completed=0 pending=0
[exp8116] phase=start completed=0 pending=0
[exp8116] phase=before_authentication completed=0 pending=0
[exp8116] phase=after_authentication completed=320 pending=0
[exp8116] phase=before_CPU_head completed=0 pending=1
[exp8116] phase=seed_slots completed=64 pending=192
[exp8116] phase=seed_slots completed=128 pending=128
[exp8116] phase=seed_slots completed=192 pending=64
[exp8116] phase=seed_slots completed=256 pending=0
[exp8116] phase=seed_slots completed=64 pending=192
[exp8116] phase=seed_slots completed=128 pending=128
[exp8116] phase=seed_slots completed=192 pending=64
[exp8116] phase=seed_slots completed=256 pending=0
[exp8116] phase=seed_slots completed=64 pending=192
[exp8116] phase=seed_slots completed=128 pending=128
[exp8116] phase=seed_slots completed=192 pending=64
[exp8116] phase=seed_slots completed=256 pending=0
[exp8116] phase=seed_slots completed=64 pending=192
[exp8116] phase=seed_slots completed=128 pending=128
[exp8116] phase=seed_slots completed=192 pending=64
[exp8116] phase=seed_slots completed=256 pending=0
[exp8116] phase=after_CPU_head completed=1 pending=0
[exp8116] phase=retention_predictions_sealed_before_evaluator completed=64 pending=0
[exp8116] phase=measurement_normal_exit completed=1 pending=0
[exp8116] phase=after_measurement_subprocess completed=0 pending=0
[exp8116] phase=before_subprocess_owned_unit_and_private_CLI completed=0 pending=9
[exp8116] phase=after_subprocess_owned_unit_and_private_CLI completed=1 pending=8
[exp8116] phase=before_subprocess_consumer_and_E2E015_019 completed=1 pending=8
[exp8116] phase=after_subprocess_consumer_and_E2E015_019 completed=2 pending=7
[exp8116] phase=before_subprocess_coverage_combine completed=2 pending=7
[exp8116] phase=after_subprocess_coverage_combine completed=3 pending=6
[exp8116] phase=before_subprocess_coverage_report completed=3 pending=6
[exp8116] phase=after_subprocess_coverage_report completed=4 pending=5
[exp8116] phase=before_subprocess_coverage_json completed=4 pending=5
[exp8116] phase=after_subprocess_coverage_json completed=5 pending=4
[exp8116] phase=before_subprocess_ruff_check completed=5 pending=4
[exp8116] phase=after_subprocess_ruff_check completed=6 pending=3
[exp8116] phase=before_subprocess_ruff_format completed=6 pending=3
[exp8116] phase=after_subprocess_ruff_format completed=7 pending=2
[exp8116] phase=before_subprocess_strict_mypy completed=7 pending=2
[exp8116] phase=after_subprocess_strict_mypy completed=8 pending=1
[exp8116] phase=before_subprocess_spec_coverage completed=8 pending=1
[exp8116] phase=after_subprocess_spec_coverage completed=9 pending=0
[exp8116] phase=before_repository_health_subprocess completed=0 pending=0
[exp8116] phase=after_repository_health_subprocess completed=0 pending=0
[exp8116] phase=before_subprocess_cold_replay completed=0 pending=0
[exp8116] phase=after_subprocess_cold_replay completed=1 pending=2
[exp8116] phase=before_subprocess_adversarial_verify completed=0 pending=0
[exp8116] phase=after_subprocess_adversarial_verify completed=2 pending=1
[exp8116] phase=before_subprocess_strict_row_lint completed=0 pending=0
[exp8116] phase=after_subprocess_strict_row_lint completed=3 pending=0
[exp8116] phase=publication_complete completed=1 pending=0
[exp8116] phase=start completed=0 pending=0
[exp8116] phase=before_measurement_subprocess completed=0 pending=0
[exp8116] phase=start completed=0 pending=0
[exp8116] phase=before_authentication completed=0 pending=0
[exp8116] phase=after_authentication completed=320 pending=0
[exp8116] phase=before_CPU_head completed=0 pending=1
[exp8116] phase=seed_slots completed=64 pending=192
[exp8116] phase=seed_slots completed=128 pending=128
[exp8116] phase=seed_slots completed=192 pending=64
[exp8116] phase=seed_slots completed=256 pending=0
[exp8116] phase=seed_slots completed=64 pending=192
[exp8116] phase=seed_slots completed=128 pending=128
[exp8116] phase=seed_slots completed=192 pending=64
[exp8116] phase=seed_slots completed=256 pending=0
[exp8116] phase=seed_slots completed=64 pending=192
[exp8116] phase=seed_slots completed=128 pending=128
[exp8116] phase=seed_slots completed=192 pending=64
[exp8116] phase=seed_slots completed=256 pending=0
[exp8116] phase=seed_slots completed=64 pending=192
[exp8116] phase=seed_slots completed=128 pending=128
[exp8116] phase=seed_slots completed=192 pending=64
[exp8116] phase=seed_slots completed=256 pending=0
[exp8116] phase=after_CPU_head completed=1 pending=0
[exp8116] phase=retention_predictions_sealed_before_evaluator completed=64 pending=0
[exp8116] phase=measurement_normal_exit completed=1 pending=0
[exp8116] phase=after_measurement_subprocess completed=0 pending=0
[exp8116] phase=before_subprocess_owned_unit_and_private_CLI completed=0 pending=9
[exp8116] phase=after_subprocess_owned_unit_and_private_CLI completed=1 pending=8
[exp8116] phase=before_subprocess_consumer_and_E2E015_019 completed=1 pending=8
[exp8116] phase=after_subprocess_consumer_and_E2E015_019 completed=2 pending=7
[exp8116] phase=before_subprocess_coverage_combine completed=2 pending=7
[exp8116] phase=after_subprocess_coverage_combine completed=3 pending=6
[exp8116] phase=before_subprocess_coverage_report completed=3 pending=6
[exp8116] phase=after_subprocess_coverage_report completed=4 pending=5
[exp8116] phase=before_subprocess_coverage_json completed=4 pending=5
[exp8116] phase=after_subprocess_coverage_json completed=5 pending=4
[exp8116] phase=before_subprocess_ruff_check completed=5 pending=4
[exp8116] phase=after_subprocess_ruff_check completed=6 pending=3
[exp8116] phase=before_subprocess_ruff_format completed=6 pending=3
[exp8116] phase=after_subprocess_ruff_format completed=7 pending=2
[exp8116] phase=before_subprocess_strict_mypy completed=7 pending=2
[exp8116] phase=after_subprocess_strict_mypy completed=8 pending=1
[exp8116] phase=before_subprocess_spec_coverage completed=8 pending=1
[exp8116] phase=after_subprocess_spec_coverage completed=9 pending=0
[exp8116] phase=before_repository_health_subprocess completed=0 pending=0
[exp8116] phase=after_repository_health_subprocess completed=0 pending=0
[exp8116] phase=before_subprocess_cold_replay completed=0 pending=0
[exp8116] phase=after_subprocess_cold_replay completed=1 pending=2
[exp8116] phase=before_subprocess_adversarial_verify completed=0 pending=0
[exp8116] phase=after_subprocess_adversarial_verify completed=2 pending=1
[exp8116] phase=before_subprocess_strict_row_lint completed=0 pending=0
[exp8116] phase=after_subprocess_strict_row_lint completed=3 pending=0
[exp8116] phase=independent_cold_seed completed=0 pending=1
[exp8116] phase=seed_slots completed=64 pending=192
[exp8116] phase=seed_slots completed=128 pending=128
[exp8116] phase=seed_slots completed=192 pending=64
[exp8116] phase=seed_slots completed=256 pending=0
[exp8116] phase=publication_complete completed=1 pending=0
.[exp8116] phase=before_authentication completed=0 pending=0
[exp8116] phase=after_authentication completed=320 pending=0
[exp8116] phase=before_CPU_head completed=0 pending=1
[exp8116] phase=seed_slots completed=64 pending=192
[exp8116] phase=seed_slots completed=128 pending=128
[exp8116] phase=seed_slots completed=192 pending=64
[exp8116] phase=seed_slots completed=256 pending=0
[exp8116] phase=seed_slots completed=64 pending=192
[exp8116] phase=seed_slots completed=128 pending=128
[exp8116] phase=seed_slots completed=192 pending=64
[exp8116] phase=seed_slots completed=256 pending=0
[exp8116] phase=seed_slots completed=64 pending=192
[exp8116] phase=seed_slots completed=128 pending=128
[exp8116] phase=seed_slots completed=192 pending=64
[exp8116] phase=seed_slots completed=256 pending=0
[exp8116] phase=seed_slots completed=64 pending=192
[exp8116] phase=seed_slots completed=128 pending=128
[exp8116] phase=seed_slots completed=192 pending=64
[exp8116] phase=seed_slots completed=256 pending=0
[exp8116] phase=after_CPU_head completed=1 pending=0
[exp8116] phase=retention_predictions_sealed_before_evaluator completed=64 pending=0
[exp8116] phase=measurement_normal_exit completed=1 pending=0
[exp8116] phase=independent_cold_seed completed=0 pending=1
[exp8116] phase=seed_slots completed=64 pending=192
[exp8116] phase=seed_slots completed=128 pending=128
[exp8116] phase=seed_slots completed=192 pending=64
[exp8116] phase=seed_slots completed=256 pending=0
[exp8116] phase=independent_cold_seed completed=0 pending=1
[exp8116] phase=seed_slots completed=64 pending=192
[exp8116] phase=seed_slots completed=128 pending=128
[exp8116] phase=seed_slots completed=192 pending=64
[exp8116] phase=seed_slots completed=256 pending=0
[exp8116] phase=independent_cold_seed completed=0 pending=1
[exp8116] phase=seed_slots completed=64 pending=192
[exp8116] phase=seed_slots completed=128 pending=128
[exp8116] phase=seed_slots completed=192 pending=64
[exp8116] phase=seed_slots completed=256 pending=0
.[exp8116] phase=before_authentication completed=0 pending=0
[exp8116] phase=after_authentication completed=320 pending=0
[exp8116] phase=before_CPU_head completed=0 pending=1
[exp8116] phase=seed_slots completed=64 pending=192
[exp8116] phase=seed_slots completed=128 pending=128
[exp8116] phase=seed_slots completed=192 pending=64
[exp8116] phase=seed_slots completed=256 pending=0
[exp8116] phase=seed_slots completed=64 pending=192
[exp8116] phase=seed_slots completed=128 pending=128
[exp8116] phase=seed_slots completed=192 pending=64
[exp8116] phase=seed_slots completed=256 pending=0
[exp8116] phase=seed_slots completed=64 pending=192
[exp8116] phase=seed_slots completed=128 pending=128
[exp8116] phase=seed_slots completed=192 pending=64
[exp8116] phase=seed_slots completed=256 pending=0
[exp8116] phase=seed_slots completed=64 pending=192
[exp8116] phase=seed_slots completed=128 pending=128
[exp8116] phase=seed_slots completed=192 pending=64
[exp8116] phase=seed_slots completed=256 pending=0
[exp8116] phase=after_CPU_head completed=1 pending=0
[exp8116] phase=retention_predictions_sealed_before_evaluator completed=64 pending=0
[exp8116] phase=measurement_normal_exit completed=0 pending=0
.[exp8116] phase=seed_slots completed=64 pending=192
.[exp8116] phase=before_authentication completed=0 pending=0
[exp8116] phase=after_authentication completed=320 pending=0
[exp8116] phase=before_CPU_head completed=0 pending=1
[exp8116] phase=seed_slots completed=64 pending=192
[exp8116] phase=seed_slots completed=128 pending=128
[exp8116] phase=seed_slots completed=192 pending=64
[exp8116] phase=seed_slots completed=256 pending=0
[exp8116] phase=seed_slots completed=64 pending=192
[exp8116] phase=seed_slots completed=128 pending=128
[exp8116] phase=seed_slots completed=192 pending=64
[exp8116] phase=seed_slots completed=256 pending=0
[exp8116] phase=seed_slots completed=64 pending=192
[exp8116] phase=seed_slots completed=128 pending=128
[exp8116] phase=seed_slots completed=192 pending=64
[exp8116] phase=seed_slots completed=256 pending=0
[exp8116] phase=seed_slots completed=64 pending=192
[exp8116] phase=seed_slots completed=128 pending=128
[exp8116] phase=seed_slots completed=192 pending=64
[exp8116] phase=seed_slots completed=256 pending=0
[exp8116] phase=after_CPU_head completed=1 pending=0
[exp8116] phase=retention_predictions_sealed_before_evaluator completed=64 pending=0
[exp8116] phase=measurement_normal_exit completed=1 pending=0
.
17 passed in 285.94s (0:04:45)
