[exp8053] phase=start_preconditions elapsed_s=0.000 completed=0 pending=0
[exp8053] phase=qualified_small_head_load_before elapsed_s=0.526 completed=0 pending=0
[exp8053] phase=qualified_small_head_load_after elapsed_s=1.552 completed=3960 pending=0
[exp8053] phase=freeze_after elapsed_s=1.655 completed=0 pending=0
[exp7303-validation] before_subprocess mapped_inode_regression elapsed_s=0.000 unit=1/1
[exp7303-validation:mapped_inode_regression] ..                                                                       [100%]
[exp7303-validation:mapped_inode_regression] 2 passed in 2.82s
[exp7303-validation] after_subprocess mapped_inode_regression elapsed_s=6.099 exit=0 unit=1/1
[exp8040] phase=native_library_load_before elapsed_s=7.878 completed=0 pending=0
[exp8040] phase=native_library_load_after elapsed_s=7.883 completed=0 pending=0
[exp7303-validation] before_subprocess unit_consumers_e2e015_019 elapsed_s=0.000 unit=1/9
[exp7303-validation] subprocess_outstanding unit_consumers_e2e015_019 elapsed_s=10.001
[exp7303-validation] subprocess_outstanding unit_consumers_e2e015_019 elapsed_s=20.001
[exp7303-validation] subprocess_outstanding unit_consumers_e2e015_019 elapsed_s=30.001
[exp7303-validation] subprocess_outstanding unit_consumers_e2e015_019 elapsed_s=40.002
[exp7303-validation] subprocess_outstanding unit_consumers_e2e015_019 elapsed_s=50.002
[exp7303-validation] subprocess_outstanding unit_consumers_e2e015_019 elapsed_s=60.003
[exp7303-validation] subprocess_outstanding unit_consumers_e2e015_019 elapsed_s=70.003
[exp7303-validation] subprocess_outstanding unit_consumers_e2e015_019 elapsed_s=80.003
[exp7303-validation] subprocess_outstanding unit_consumers_e2e015_019 elapsed_s=90.003
[exp7303-validation] subprocess_outstanding unit_consumers_e2e015_019 elapsed_s=100.004
[exp7303-validation:unit_consumers_e2e015_019] ...................                                                      [100%]
[exp7303-validation:unit_consumers_e2e015_019] 19 passed in 104.09s (0:01:44)
[exp7303-validation] after_subprocess unit_consumers_e2e015_019 elapsed_s=109.344 exit=0 unit=1/9
[exp7303-validation] before_subprocess coverage_combine elapsed_s=0.000 unit=2/9
[exp7303-validation:coverage_combine] Combined 1 file
[exp7303-validation] after_subprocess coverage_combine elapsed_s=0.064 exit=0 unit=2/9
[exp7303-validation] before_subprocess coverage_report elapsed_s=0.000 unit=3/9
[exp7303-validation:coverage_report] Name                                                                   Stmts   Miss  Cover   Missing
[exp7303-validation:coverage_report] ----------------------------------------------------------------------------------------------------
[exp7303-validation:coverage_report] python/carnot/experiment_8053_v697_guarded_transaction_cost.py           238      0   100%
[exp7303-validation:coverage_report] python/carnot/verify/guarded_transaction_8053.py                         257      0   100%
[exp7303-validation:coverage_report] scripts/experiments/experiment_8053_v697_guarded_transaction_cost.py      10      0   100%
[exp7303-validation:coverage_report] ----------------------------------------------------------------------------------------------------
[exp7303-validation:coverage_report] TOTAL                                                                    505      0   100%
[exp7303-validation] after_subprocess coverage_report elapsed_s=0.113 exit=0 unit=3/9
[exp7303-validation] before_subprocess coverage_json elapsed_s=0.000 unit=4/9
[exp7303-validation:coverage_json] Wrote JSON report to /tmp/carnot-8053-8nn0t029/coverage.json
[exp7303-validation] after_subprocess coverage_json elapsed_s=0.106 exit=0 unit=4/9
[exp7303-validation] before_subprocess ruff_check elapsed_s=0.000 unit=5/9
[exp7303-validation:ruff_check] All checks passed!
[exp7303-validation] after_subprocess ruff_check elapsed_s=0.013 exit=0 unit=5/9
[exp7303-validation] before_subprocess ruff_format elapsed_s=0.000 unit=6/9
[exp7303-validation:ruff_format] 4 files already formatted
[exp7303-validation] after_subprocess ruff_format elapsed_s=0.011 exit=0 unit=6/9
[exp7303-validation] before_subprocess strict_mypy elapsed_s=0.000 unit=7/9
[exp7303-validation:strict_mypy] pyproject.toml: note: unused section(s): module = ['carnot.autoresearch.*', 'carnot.benchmarks.*', 'carnot.embeddings.*', 'carnot.embeddings.fast_embedding', 'carnot.embeddings.jepa_energy', 'carnot.extraction.*', 'carnot.hardware.*', 'carnot.inference.*', 'carnot.pipeline.*', 'carnot.pipeline.agentic', 'carnot.pipeline.gemma_loader', 'carnot.pipeline.grammar_constrained_decoder', 'carnot.pipeline.verify_repair', 'carnot.probes.*', 'carnot.probes.drift_probe', 'carnot.samplers.parallel_ising', 'carnot.sampling._vendored_thrml.*', 'carnot.training.capo_loss', 'carnot.training.nce', 'carnot.training.score_matching', 'carnot.training.snl']
[exp7303-validation:strict_mypy] Success: no issues found in 3 source files
[exp7303-validation] after_subprocess strict_mypy elapsed_s=0.127 exit=0 unit=7/9
[exp7303-validation] before_subprocess spec_coverage elapsed_s=0.000 unit=8/9
[exp7303-validation:spec_coverage] OK: All tests reference specification requirements.
[exp7303-validation] after_subprocess spec_coverage elapsed_s=0.024 exit=0 unit=8/9
[exp7303-validation] before_subprocess repository_health elapsed_s=0.000 unit=9/9
[exp7303-validation:repository_health] ============================= test session starts ==============================
[exp7303-validation:repository_health] platform linux -- Python 3.12.13, pytest-9.0.3, pluggy-1.6.0
[exp7303-validation:repository_health] rootdir: /home/ianblenke/github.com/ianblenke/carnot
[exp7303-validation:repository_health] configfile: pyproject.toml
[exp7303-validation:repository_health] plugins: xdist-3.8.0, jaxtyping-0.3.10, cov-7.1.0, hydra-core-1.3.3, anyio-4.13.0, hypothesis-6.155.2
[exp7303-validation:repository_health] created: 4/4 workers
[exp7303-validation] subprocess_outstanding repository_health elapsed_s=10.001
[exp7303-validation] subprocess_outstanding repository_health elapsed_s=20.002
[exp7303-validation] subprocess_outstanding repository_health elapsed_s=30.002
[exp7303-validation] subprocess_outstanding repository_health elapsed_s=40.002
[exp7303-validation] subprocess_outstanding repository_health elapsed_s=50.002
[exp7303-validation] subprocess_outstanding repository_health elapsed_s=60.002
[exp7303-validation] subprocess_outstanding repository_health elapsed_s=70.003
[exp7303-validation] subprocess_outstanding repository_health elapsed_s=80.003
[exp7303-validation] subprocess_outstanding repository_health elapsed_s=90.003
[exp7303-validation:repository_health] 4 workers [75033 items]
[exp7303-validation:repository_health] 
[exp7303-validation:repository_health] ........................................................................ [  0%]
[exp7303-validation:repository_health] ........................................................................ [  0%]
[exp7303-validation:repository_health] ........................................................................ [  0%]
[exp7303-validation:repository_health] ........................................................................ [  0%]
[exp7303-validation:repository_health] ........................................................................ [  0%]
[exp7303-validation:repository_health] ........................................................................ [  0%]
[exp7303-validation:repository_health] ........................................................................ [  0%]
[exp7303-validation:repository_health] .................................................F...................... [  0%]
[exp7303-validation:repository_health] ...................................................F.................... [  0%]
[exp7303-validation:repository_health] ........................................................................ [  0%]
[exp7303-validation:repository_health] ........................................................................ [  1%]
[exp7303-validation:repository_health] ........................................................................ [  1%]
[exp7303-validation:repository_health] ........................................................................ [  1%]
[exp7303-validation:repository_health] ........................F....F..F....................................... [  1%]
[exp7303-validation:repository_health] ........................................................................ [  1%]
[exp7303-validation] subprocess_outstanding repository_health elapsed_s=100.003
[exp7303-validation:repository_health] .....................................................................F.. [  1%]
[exp7303-validation:repository_health] ........................................................................ [  1%]
[exp7303-validation:repository_health] ..........................................F.......s........s.........sss [  1%]
[exp7303-validation:repository_health] s........s..............................................F.........F..... [  1%]
[exp7303-validation:repository_health] ..F.............F....................................................... [  1%]
[exp7303-validation:repository_health] ..F.F.F................................................................. [  2%]
[exp7303-validation:repository_health] ........................................................................ [  2%]
[exp7303-validation:repository_health] ..................................ssssssssssssssss...................... [  2%]
[exp7303-validation:repository_health] .....................................F...F.............................. [  2%]
[exp7303-validation:repository_health] ..................................................F..................... [  2%]
[exp7303-validation] subprocess_outstanding repository_health elapsed_s=110.004
[exp7303-validation:repository_health] ........................................................................ [  2%]
[exp7303-validation:repository_health] ...........................................................F............ [  2%]
[exp7303-validation:repository_health] ..........................F............................................. [  2%]
[exp7303-validation:repository_health] ...............................FF....................................... [  2%]
[exp7303-validation:repository_health] ........................................................................ [  2%]
[exp7303-validation] subprocess_outstanding repository_health elapsed_s=120.004
[exp7303-validation:repository_health] ..../home/ianblenke/github.com/ianblenke/carnot/.venv/lib/python3.12/site-packages/_pytest/main.py:353: PluggyTeardownRaisedWarning: A plugin raised an exception during an old-style hookwrapper teardown.
[exp7303-validation:repository_health] Plugin: 139882485515808, Hook: pytest_sessionfinish
[exp7303-validation:repository_health] OSError: cannot send (already closed?)
[exp7303-validation:repository_health] For more information see https://pluggy.readthedocs.io/en/stable/api_reference.html#pluggy.PluggyTeardownRaisedWarning
[exp7303-validation:repository_health]   config.hook.pytest_sessionfinish(
[exp7303-validation:repository_health] /home/ianblenke/github.com/ianblenke/carnot/.venv/lib/python3.12/site-packages/_pytest/main.py:353: PluggyTeardownRaisedWarning: A plugin raised an exception during an old-style hookwrapper teardown.
[exp7303-validation:repository_health] Plugin: 140183751135152, Hook: pytest_sessionfinish
[exp7303-validation:repository_health] OSError: cannot send (already closed?)
[exp7303-validation:repository_health] For more information see https://pluggy.readthedocs.io/en/stable/api_reference.html#pluggy.PluggyTeardownRaisedWarning
[exp7303-validation:repository_health]   config.hook.pytest_sessionfinish(
[exp7303-validation:repository_health] /home/ianblenke/github.com/ianblenke/carnot/.venv/lib/python3.12/site-packages/_pytest/main.py:353: PluggyTeardownRaisedWarning: A plugin raised an exception during an old-style hookwrapper teardown.
[exp7303-validation:repository_health] Plugin: 139621879558080, Hook: pytest_sessionfinish
[exp7303-validation:repository_health] OSError: cannot send (already closed?)
[exp7303-validation:repository_health] For more information see https://pluggy.readthedocs.io/en/stable/api_reference.html#pluggy.PluggyTeardownRaisedWarning
[exp7303-validation:repository_health]   config.hook.pytest_sessionfinish(
[exp7303-validation:repository_health] /home/ianblenke/github.com/ianblenke/carnot/.venv/lib/python3.12/site-packages/_pytest/main.py:353: PluggyTeardownRaisedWarning: A plugin raised an exception during an old-style hookwrapper teardown.
[exp7303-validation:repository_health] Plugin: 140617973238048, Hook: pytest_sessionfinish
[exp7303-validation:repository_health] OSError: cannot send (already closed?)
[exp7303-validation:repository_health] For more information see https://pluggy.readthedocs.io/en/stable/api_reference.html#pluggy.PluggyTeardownRaisedWarning
[exp7303-validation:repository_health]   config.hook.pytest_sessionfinish(
[exp7303-validation] after_subprocess repository_health elapsed_s=142.881 exit=-15 unit=9/9
[exp8053] phase=measurement_before elapsed_s=264.411 completed=0 pending=0
[exp8053] phase=parity_before elapsed_s=264.411 completed=0 pending=3960
[exp8053] phase=parity_batch elapsed_s=276.804 completed=100 pending=3860
[exp8053] phase=parity_batch elapsed_s=276.940 completed=200 pending=3760
[exp8053] phase=parity_batch elapsed_s=277.074 completed=300 pending=3660
[exp8053] phase=parity_batch elapsed_s=277.208 completed=400 pending=3560
[exp8053] phase=parity_batch elapsed_s=277.342 completed=500 pending=3460
[exp8053] phase=parity_batch elapsed_s=277.476 completed=600 pending=3360
[exp8053] phase=parity_batch elapsed_s=277.810 completed=700 pending=3260
[exp8053] phase=parity_batch elapsed_s=277.945 completed=800 pending=3160
[exp8053] phase=parity_batch elapsed_s=278.079 completed=900 pending=3060
[exp8053] phase=parity_batch elapsed_s=278.214 completed=1000 pending=2960
[exp8053] phase=parity_batch elapsed_s=278.348 completed=1100 pending=2860
[exp8053] phase=parity_batch elapsed_s=278.482 completed=1200 pending=2760
[exp8053] phase=parity_batch elapsed_s=278.616 completed=1300 pending=2660
[exp8053] phase=parity_batch elapsed_s=278.750 completed=1400 pending=2560
[exp8053] phase=parity_batch elapsed_s=278.884 completed=1500 pending=2460
[exp8053] phase=parity_batch elapsed_s=279.018 completed=1600 pending=2360
[exp8053] phase=parity_batch elapsed_s=279.153 completed=1700 pending=2260
[exp8053] phase=parity_batch elapsed_s=279.288 completed=1800 pending=2160
[exp8053] phase=parity_batch elapsed_s=279.423 completed=1900 pending=2060
[exp8053] phase=parity_batch elapsed_s=279.557 completed=2000 pending=1960
[exp8053] phase=parity_batch elapsed_s=279.692 completed=2100 pending=1860
[exp8053] phase=parity_batch elapsed_s=279.827 completed=2200 pending=1760
[exp8053] phase=parity_batch elapsed_s=279.962 completed=2300 pending=1660
[exp8053] phase=parity_batch elapsed_s=280.097 completed=2400 pending=1560
[exp8053] phase=parity_batch elapsed_s=280.232 completed=2500 pending=1460
[exp8053] phase=parity_batch elapsed_s=280.367 completed=2600 pending=1360
[exp8053] phase=parity_batch elapsed_s=280.501 completed=2700 pending=1260
[exp8053] phase=parity_batch elapsed_s=280.636 completed=2800 pending=1160
[exp8053] phase=parity_batch elapsed_s=280.771 completed=2900 pending=1060
[exp8053] phase=parity_batch elapsed_s=280.906 completed=3000 pending=960
[exp8053] phase=parity_batch elapsed_s=281.042 completed=3100 pending=860
[exp8053] phase=parity_batch elapsed_s=281.177 completed=3200 pending=760
[exp8053] phase=parity_batch elapsed_s=281.312 completed=3300 pending=660
[exp8053] phase=parity_batch elapsed_s=281.448 completed=3400 pending=560
[exp8053] phase=parity_batch elapsed_s=281.583 completed=3500 pending=460
[exp8053] phase=parity_batch elapsed_s=281.718 completed=3600 pending=360
[exp8053] phase=parity_batch elapsed_s=281.854 completed=3700 pending=260
[exp8053] phase=parity_batch elapsed_s=281.991 completed=3800 pending=160
[exp8053] phase=parity_batch elapsed_s=282.127 completed=3900 pending=60
[exp8053] phase=parity_after elapsed_s=282.277 completed=3960 pending=0
[exp8027] phase=parity_before elapsed_s=282.396 completed=0 pending=256
[exp8027] phase=parity_after elapsed_s=282.424 completed=256 pending=0
[exp8053] phase=benchmark_before elapsed_s=282.308 completed=0 pending=280
[exp8053] phase=benchmark_pair_after elapsed_s=286.035 completed=2 pending=278
[exp8053] phase=benchmark_pair_after elapsed_s=289.692 completed=4 pending=276
[exp8053] phase=benchmark_pair_after elapsed_s=292.295 completed=6 pending=274
[exp8053] phase=benchmark_pair_after elapsed_s=295.892 completed=8 pending=272
[exp8053] phase=benchmark_pair_after elapsed_s=301.503 completed=10 pending=270
[exp8053] phase=benchmark_pair_after elapsed_s=304.603 completed=12 pending=268
[exp8053] phase=benchmark_pair_after elapsed_s=310.080 completed=14 pending=266
[exp8053] phase=benchmark_pair_after elapsed_s=313.828 completed=16 pending=264
[exp8053] phase=benchmark_pair_after elapsed_s=316.922 completed=18 pending=262
[exp8053] phase=benchmark_pair_after elapsed_s=320.642 completed=20 pending=260
[exp8053] phase=benchmark_pair_after elapsed_s=323.572 completed=22 pending=258
[exp8053] phase=benchmark_pair_after elapsed_s=327.288 completed=24 pending=256
[exp8053] phase=benchmark_pair_after elapsed_s=331.751 completed=26 pending=254
[exp8053] phase=benchmark_pair_after elapsed_s=337.331 completed=28 pending=252
[exp8053] phase=benchmark_pair_after elapsed_s=340.957 completed=30 pending=250
[exp8053] phase=benchmark_pair_after elapsed_s=345.874 completed=32 pending=248
