{
  "reports": [
    {
      "artifact": "/tmp/carnot-8349-lsjth_mx/candidate.json",
      "loaded": true,
      "exp_id": 8349,
      "title": "",
      "honest_verdict": "complete_circular_positive_bounded_feedback_capacity",
      "flag_count": 2,
      "max_severity": 1,
      "flags": [
        {
          "kind": "IMPLAUSIBLE_PERFECT",
          "severity": "info",
          "detail": "dense_sparse_error_max=0.0 (exactly zero). Confirm this is not a stub default."
        },
        {
          "kind": "METHODOLOGY_MISSING",
          "severity": "warn",
          "detail": "Compute-bound artifact missing: model_specs/target_model. Methodology unverifiable."
        }
      ],
      "gate_version": "38e6c300bcbcf8e5649026dbf73383305e0b3b2ac77a16a15147fc463659432e"
    }
  ],
  "flagged_count": 1
}
