[exp8043] phase=cli_start elapsed_s=0.000 completed_units=0 pending=arguments
[exp8043] phase=cold_replay_before elapsed_s=0.014 completed_units=0 pending=durable inputs and checkpoints
[exp8017] phase=task_reduced elapsed_s=1.941 completed_units=1 pending=11
[exp8017] phase=task_reduced elapsed_s=2.164 completed_units=2 pending=10
[exp8017] phase=task_reduced elapsed_s=2.191 completed_units=3 pending=9
[exp8017] phase=task_reduced elapsed_s=2.198 completed_units=4 pending=8
[exp8017] phase=task_reduced elapsed_s=2.198 completed_units=5 pending=7
[exp8017] phase=task_reduced elapsed_s=2.204 completed_units=6 pending=6
[exp8017] phase=task_reduced elapsed_s=2.204 completed_units=7 pending=5
[exp8017] phase=task_reduced elapsed_s=2.723 completed_units=8 pending=4
[exp8017] phase=task_reduced elapsed_s=2.885 completed_units=9 pending=3
[exp8017] phase=task_reduced elapsed_s=3.027 completed_units=10 pending=2
[exp8017] phase=task_reduced elapsed_s=3.029 completed_units=11 pending=1
[exp8017] phase=task_reduced elapsed_s=3.299 completed_units=12 pending=0
[exp8030] phase=independent_task_reduced elapsed_s=3.352 completed_units=1 pending=11
[exp8030] phase=independent_task_reduced elapsed_s=3.353 completed_units=2 pending=10
[exp8030] phase=independent_task_reduced elapsed_s=3.396 completed_units=3 pending=9
[exp8030] phase=independent_task_reduced elapsed_s=3.399 completed_units=4 pending=8
[exp8030] phase=independent_task_reduced elapsed_s=3.399 completed_units=5 pending=7
[exp8030] phase=independent_task_reduced elapsed_s=3.399 completed_units=6 pending=6
[exp8030] phase=independent_task_reduced elapsed_s=3.399 completed_units=7 pending=5
[exp8030] phase=independent_task_reduced elapsed_s=3.740 completed_units=8 pending=4
[exp8030] phase=independent_task_reduced elapsed_s=3.882 completed_units=9 pending=3
[exp8030] phase=independent_task_reduced elapsed_s=3.904 completed_units=10 pending=2
[exp8030] phase=independent_task_reduced elapsed_s=3.905 completed_units=11 pending=1
[exp8030] phase=independent_task_reduced elapsed_s=4.238 completed_units=12 pending=0
[exp8043] phase=independent_task_reduced elapsed_s=4.256 completed_units=1 pending=11
[exp8043] phase=independent_task_reduced elapsed_s=4.257 completed_units=2 pending=10
[exp8043] phase=independent_task_reduced elapsed_s=4.288 completed_units=3 pending=9
[exp8043] phase=independent_task_reduced elapsed_s=4.290 completed_units=4 pending=8
[exp8043] phase=independent_task_reduced elapsed_s=4.290 completed_units=5 pending=7
[exp8043] phase=independent_task_reduced elapsed_s=4.291 completed_units=6 pending=6
[exp8043] phase=independent_task_reduced elapsed_s=4.291 completed_units=7 pending=5
[exp8043] phase=independent_task_reduced elapsed_s=4.596 completed_units=8 pending=4
[exp8039] phase=independent_small_head_load_before elapsed_s=4.788 completed=0 pending=0
[exp8039] phase=independent_small_head_load_after elapsed_s=4.833 completed=0 pending=0
[exp8039] phase=independent_benchmark_before elapsed_s=4.897 completed=0 pending=83360
[exp8039] phase=independent_events elapsed_s=4.948 completed=2048 pending=81312
[exp8039] phase=independent_events elapsed_s=4.987 completed=4096 pending=79264
[exp8039] phase=independent_events elapsed_s=5.039 completed=6144 pending=77216
[exp8039] phase=independent_events elapsed_s=5.079 completed=8192 pending=75168
[exp8039] phase=independent_events elapsed_s=5.127 completed=10240 pending=73120
[exp8039] phase=independent_events elapsed_s=5.168 completed=12288 pending=71072
[exp8039] phase=independent_events elapsed_s=5.215 completed=14336 pending=69024
[exp8039] phase=independent_events elapsed_s=5.258 completed=16384 pending=66976
[exp8039] phase=independent_events elapsed_s=5.305 completed=18432 pending=64928
[exp8039] phase=independent_events elapsed_s=5.348 completed=20480 pending=62880
[exp8039] phase=independent_events elapsed_s=5.394 completed=22528 pending=60832
[exp8039] phase=independent_events elapsed_s=5.438 completed=24576 pending=58784
[exp8039] phase=independent_events elapsed_s=5.482 completed=26624 pending=56736
[exp8039] phase=independent_events elapsed_s=5.527 completed=28672 pending=54688
[exp8039] phase=independent_events elapsed_s=5.571 completed=30720 pending=52640
[exp8039] phase=independent_events elapsed_s=5.617 completed=32768 pending=50592
[exp8039] phase=independent_events elapsed_s=5.660 completed=34816 pending=48544
[exp8039] phase=independent_events elapsed_s=5.706 completed=36864 pending=46496
[exp8039] phase=independent_events elapsed_s=5.749 completed=38912 pending=44448
[exp8039] phase=independent_events elapsed_s=5.796 completed=40960 pending=42400
[exp8039] phase=independent_events elapsed_s=5.838 completed=43008 pending=40352
[exp8039] phase=independent_events elapsed_s=5.972 completed=45056 pending=38304
[exp8039] phase=independent_events elapsed_s=6.013 completed=47104 pending=36256
[exp8039] phase=independent_events elapsed_s=6.061 completed=49152 pending=34208
[exp8039] phase=independent_events elapsed_s=6.103 completed=51200 pending=32160
[exp8039] phase=independent_events elapsed_s=6.152 completed=53248 pending=30112
[exp8039] phase=independent_events elapsed_s=6.192 completed=55296 pending=28064
[exp8039] phase=independent_events elapsed_s=6.242 completed=57344 pending=26016
[exp8039] phase=independent_events elapsed_s=6.282 completed=59392 pending=23968
[exp8039] phase=independent_events elapsed_s=6.332 completed=61440 pending=21920
[exp8039] phase=independent_events elapsed_s=6.372 completed=63488 pending=19872
[exp8039] phase=independent_events elapsed_s=6.421 completed=65536 pending=17824
[exp8039] phase=independent_events elapsed_s=6.461 completed=67584 pending=15776
[exp8039] phase=independent_events elapsed_s=6.510 completed=69632 pending=13728
[exp8039] phase=independent_events elapsed_s=6.551 completed=71680 pending=11680
[exp8039] phase=independent_events elapsed_s=6.600 completed=73728 pending=9632
[exp8039] phase=independent_events elapsed_s=6.640 completed=75776 pending=7584
[exp8039] phase=independent_events elapsed_s=6.690 completed=77824 pending=5536
[exp8039] phase=independent_events elapsed_s=6.731 completed=79872 pending=3488
[exp8039] phase=independent_events elapsed_s=6.780 completed=81920 pending=1440
[exp8039] phase=independent_benchmark_after elapsed_s=6.835 completed=83360 pending=0
[exp8039] phase=retention_benchmark_before elapsed_s=6.898 completed=0 pending=0
[exp8039] phase=retention_small_head_load_before elapsed_s=6.898 completed=0 pending=64
[exp8039] phase=retention_small_head_load_after elapsed_s=6.910 completed=64 pending=0
[exp8039] phase=retention_small_head_load_before elapsed_s=6.910 completed=64 pending=64
[exp8039] phase=retention_small_head_load_after elapsed_s=6.922 completed=128 pending=0
[exp8039] phase=retention_small_head_load_before elapsed_s=6.922 completed=128 pending=64
[exp8039] phase=retention_small_head_load_after elapsed_s=6.933 completed=192 pending=0
[exp8039] phase=retention_small_head_load_before elapsed_s=6.933 completed=192 pending=64
[exp8039] phase=retention_small_head_load_after elapsed_s=6.945 completed=256 pending=0
[exp8039] phase=retention_small_head_load_before elapsed_s=6.945 completed=256 pending=64
[exp8039] phase=retention_small_head_load_after elapsed_s=6.956 completed=320 pending=0
[exp8039] phase=retention_small_head_load_before elapsed_s=6.956 completed=320 pending=64
[exp8039] phase=retention_small_head_load_after elapsed_s=6.968 completed=384 pending=0
[exp8039] phase=retention_small_head_load_before elapsed_s=6.968 completed=384 pending=64
[exp8039] phase=retention_small_head_load_after elapsed_s=6.979 completed=448 pending=0
[exp8039] phase=retention_small_head_load_before elapsed_s=6.979 completed=448 pending=64
[exp8039] phase=retention_small_head_load_after elapsed_s=6.991 completed=512 pending=0
[exp8039] phase=retention_small_head_load_before elapsed_s=6.991 completed=512 pending=64
[exp8039] phase=retention_small_head_load_after elapsed_s=7.002 completed=576 pending=0
[exp8039] phase=retention_small_head_load_before elapsed_s=7.002 completed=576 pending=64
[exp8039] phase=retention_small_head_load_after elapsed_s=7.014 completed=640 pending=0
[exp8039] phase=retention_small_head_load_before elapsed_s=7.014 completed=640 pending=64
[exp8039] phase=retention_small_head_load_after elapsed_s=7.026 completed=704 pending=0
[exp8039] phase=retention_small_head_load_before elapsed_s=7.026 completed=704 pending=64
[exp8039] phase=retention_small_head_load_after elapsed_s=7.037 completed=768 pending=0
[exp8039] phase=retention_small_head_load_before elapsed_s=7.037 completed=768 pending=64
[exp8039] phase=retention_small_head_load_after elapsed_s=7.048 completed=832 pending=0
[exp8039] phase=retention_small_head_load_before elapsed_s=7.048 completed=832 pending=64
[exp8039] phase=retention_small_head_load_after elapsed_s=7.060 completed=896 pending=0
[exp8039] phase=retention_small_head_load_before elapsed_s=7.060 completed=896 pending=64
[exp8039] phase=retention_small_head_load_after elapsed_s=7.071 completed=960 pending=0
[exp8039] phase=retention_small_head_load_before elapsed_s=7.071 completed=960 pending=64
[exp8039] phase=retention_small_head_load_after elapsed_s=7.083 completed=1024 pending=0
[exp8039] phase=retention_small_head_load_before elapsed_s=7.083 completed=1024 pending=64
[exp8039] phase=retention_small_head_load_after elapsed_s=7.094 completed=1088 pending=0
[exp8039] phase=retention_small_head_load_before elapsed_s=7.094 completed=1088 pending=64
[exp8039] phase=retention_small_head_load_after elapsed_s=7.106 completed=1152 pending=0
[exp8039] phase=retention_small_head_load_before elapsed_s=7.106 completed=1152 pending=64
[exp8039] phase=retention_small_head_load_after elapsed_s=7.117 completed=1216 pending=0
[exp8039] phase=retention_small_head_load_before elapsed_s=7.117 completed=1216 pending=64
[exp8039] phase=retention_small_head_load_after elapsed_s=7.129 completed=1280 pending=0
[exp8039] phase=retention_small_head_load_before elapsed_s=7.129 completed=1280 pending=64
[exp8039] phase=retention_small_head_load_after elapsed_s=7.140 completed=1344 pending=0
[exp8039] phase=retention_small_head_load_before elapsed_s=7.140 completed=1344 pending=64
[exp8039] phase=retention_small_head_load_after elapsed_s=7.152 completed=1408 pending=0
[exp8039] phase=retention_small_head_load_before elapsed_s=7.152 completed=1408 pending=64
[exp8039] phase=retention_small_head_load_after elapsed_s=7.163 completed=1472 pending=0
[exp8039] phase=retention_small_head_load_before elapsed_s=7.163 completed=1472 pending=64
[exp8039] phase=retention_small_head_load_after elapsed_s=7.175 completed=1536 pending=0
[exp8039] phase=retention_small_head_load_before elapsed_s=7.175 completed=1536 pending=64
[exp8039] phase=retention_small_head_load_after elapsed_s=7.187 completed=1600 pending=0
[exp8039] phase=retention_small_head_load_before elapsed_s=7.187 completed=1600 pending=64
[exp8039] phase=retention_small_head_load_after elapsed_s=7.198 completed=1664 pending=0
[exp8039] phase=retention_small_head_load_before elapsed_s=7.198 completed=1664 pending=64
[exp8039] phase=retention_small_head_load_after elapsed_s=7.210 completed=1728 pending=0
[exp8039] phase=retention_small_head_load_before elapsed_s=7.210 completed=1728 pending=64
[exp8039] phase=retention_small_head_load_after elapsed_s=7.221 completed=1792 pending=0
[exp8039] phase=retention_small_head_load_before elapsed_s=7.221 completed=1792 pending=64
[exp8039] phase=retention_small_head_load_after elapsed_s=7.233 completed=1856 pending=0
[exp8039] phase=retention_small_head_load_before elapsed_s=7.233 completed=1856 pending=64
[exp8039] phase=retention_small_head_load_after elapsed_s=7.244 completed=1920 pending=0
[exp8039] phase=retention_small_head_load_before elapsed_s=7.244 completed=1920 pending=64
[exp8039] phase=retention_small_head_load_after elapsed_s=7.256 completed=1984 pending=0
[exp8039] phase=retention_small_head_load_before elapsed_s=7.256 completed=1984 pending=64
[exp8039] phase=retention_small_head_load_after elapsed_s=7.267 completed=2048 pending=0
[exp8039] phase=retention_small_head_load_before elapsed_s=7.267 completed=2048 pending=64
[exp8039] phase=retention_small_head_load_after elapsed_s=7.279 completed=2112 pending=0
[exp8039] phase=retention_small_head_load_before elapsed_s=7.279 completed=2112 pending=64
[exp8039] phase=retention_small_head_load_after elapsed_s=7.290 completed=2176 pending=0
[exp8039] phase=retention_small_head_load_before elapsed_s=7.290 completed=2176 pending=64
[exp8039] phase=retention_small_head_load_after elapsed_s=7.302 completed=2240 pending=0
[exp8039] phase=retention_small_head_load_before elapsed_s=7.302 completed=2240 pending=64
[exp8039] phase=retention_small_head_load_after elapsed_s=7.313 completed=2304 pending=0
[exp8039] phase=retention_small_head_load_before elapsed_s=7.313 completed=2304 pending=64
[exp8039] phase=retention_small_head_load_after elapsed_s=7.325 completed=2368 pending=0
[exp8039] phase=retention_small_head_load_before elapsed_s=7.325 completed=2368 pending=64
[exp8039] phase=retention_small_head_load_after elapsed_s=7.336 completed=2432 pending=0
[exp8039] phase=retention_small_head_load_before elapsed_s=7.336 completed=2432 pending=64
[exp8039] phase=retention_small_head_load_after elapsed_s=7.348 completed=2496 pending=0
[exp8039] phase=retention_small_head_load_before elapsed_s=7.348 completed=2496 pending=64
[exp8039] phase=retention_small_head_load_after elapsed_s=7.359 completed=2560 pending=0
[exp8039] phase=retention_small_head_load_before elapsed_s=7.359 completed=2560 pending=64
[exp8039] phase=retention_small_head_load_after elapsed_s=7.371 completed=2624 pending=0
[exp8039] phase=retention_small_head_load_before elapsed_s=7.371 completed=2624 pending=64
[exp8039] phase=retention_small_head_load_after elapsed_s=7.382 completed=2688 pending=0
[exp8039] phase=retention_small_head_load_before elapsed_s=7.382 completed=2688 pending=64
[exp8039] phase=retention_small_head_load_after elapsed_s=7.394 completed=2752 pending=0
[exp8039] phase=retention_small_head_load_before elapsed_s=7.394 completed=2752 pending=64
[exp8039] phase=retention_small_head_load_after elapsed_s=7.405 completed=2816 pending=0
[exp8039] phase=retention_small_head_load_before elapsed_s=7.405 completed=2816 pending=64
[exp8039] phase=retention_small_head_load_after elapsed_s=7.417 completed=2880 pending=0
[exp8039] phase=retention_small_head_load_before elapsed_s=7.417 completed=2880 pending=64
[exp8039] phase=retention_small_head_load_after elapsed_s=7.428 completed=2944 pending=0
[exp8039] phase=retention_small_head_load_before elapsed_s=7.428 completed=2944 pending=64
[exp8039] phase=retention_small_head_load_after elapsed_s=7.440 completed=3008 pending=0
[exp8039] phase=retention_small_head_load_before elapsed_s=7.440 completed=3008 pending=64
[exp8039] phase=retention_small_head_load_after elapsed_s=7.451 completed=3072 pending=0
[exp8039] phase=retention_small_head_load_before elapsed_s=7.451 completed=3072 pending=64
[exp8039] phase=retention_small_head_load_after elapsed_s=7.463 completed=3136 pending=0
[exp8039] phase=retention_small_head_load_before elapsed_s=7.463 completed=3136 pending=64
[exp8039] phase=retention_small_head_load_after elapsed_s=7.474 completed=3200 pending=0
[exp8039] phase=retention_small_head_load_before elapsed_s=7.474 completed=3200 pending=64
[exp8039] phase=retention_small_head_load_after elapsed_s=7.486 completed=3264 pending=0
[exp8039] phase=retention_small_head_load_before elapsed_s=7.486 completed=3264 pending=64
[exp8039] phase=retention_small_head_load_after elapsed_s=7.498 completed=3328 pending=0
[exp8039] phase=retention_small_head_load_before elapsed_s=7.498 completed=3328 pending=64
[exp8039] phase=retention_small_head_load_after elapsed_s=7.509 completed=3392 pending=0
[exp8039] phase=retention_small_head_load_before elapsed_s=7.509 completed=3392 pending=64
[exp8039] phase=retention_small_head_load_after elapsed_s=7.521 completed=3456 pending=0
[exp8039] phase=retention_small_head_load_before elapsed_s=7.521 completed=3456 pending=64
[exp8039] phase=retention_small_head_load_after elapsed_s=7.532 completed=3520 pending=0
[exp8039] phase=retention_small_head_load_before elapsed_s=7.532 completed=3520 pending=64
[exp8039] phase=retention_small_head_load_after elapsed_s=7.544 completed=3584 pending=0
[exp8039] phase=retention_small_head_load_before elapsed_s=7.544 completed=3584 pending=64
[exp8039] phase=retention_small_head_load_after elapsed_s=7.555 completed=3648 pending=0
[exp8039] phase=retention_small_head_load_before elapsed_s=7.555 completed=3648 pending=64
[exp8039] phase=retention_small_head_load_after elapsed_s=7.567 completed=3712 pending=0
[exp8039] phase=retention_small_head_load_before elapsed_s=7.567 completed=3712 pending=64
[exp8039] phase=retention_small_head_load_after elapsed_s=7.578 completed=3776 pending=0
[exp8039] phase=retention_small_head_load_before elapsed_s=7.578 completed=3776 pending=64
[exp8039] phase=retention_small_head_load_after elapsed_s=7.590 completed=3840 pending=0
[exp8039] phase=retention_small_head_load_before elapsed_s=7.590 completed=3840 pending=64
[exp8039] phase=retention_small_head_load_after elapsed_s=7.601 completed=3904 pending=0
[exp8039] phase=retention_small_head_load_before elapsed_s=7.601 completed=3904 pending=64
[exp8039] phase=retention_small_head_load_after elapsed_s=7.613 completed=3968 pending=0
[exp8039] phase=retention_small_head_load_before elapsed_s=7.613 completed=3968 pending=64
[exp8039] phase=retention_small_head_load_after elapsed_s=7.624 completed=4032 pending=0
[exp8039] phase=retention_small_head_load_before elapsed_s=7.624 completed=4032 pending=64
[exp8039] phase=retention_small_head_load_after elapsed_s=7.636 completed=4096 pending=0
[exp8039] phase=retention_small_head_load_before elapsed_s=7.636 completed=4096 pending=64
[exp8039] phase=retention_small_head_load_after elapsed_s=7.647 completed=4160 pending=0
[exp8039] phase=retention_small_head_load_before elapsed_s=7.647 completed=4160 pending=64
[exp8039] phase=retention_small_head_load_after elapsed_s=7.659 completed=4224 pending=0
[exp8039] phase=retention_small_head_load_before elapsed_s=7.659 completed=4224 pending=64
[exp8039] phase=retention_small_head_load_after elapsed_s=7.671 completed=4288 pending=0
[exp8039] phase=retention_small_head_load_before elapsed_s=7.671 completed=4288 pending=64
[exp8039] phase=retention_small_head_load_after elapsed_s=7.682 completed=4352 pending=0
[exp8039] phase=retention_small_head_load_before elapsed_s=7.682 completed=4352 pending=64
[exp8039] phase=retention_small_head_load_after elapsed_s=7.694 completed=4416 pending=0
[exp8039] phase=retention_small_head_load_before elapsed_s=7.694 completed=4416 pending=64
[exp8039] phase=retention_small_head_load_after elapsed_s=7.705 completed=4480 pending=0
[exp8039] phase=retention_small_head_load_before elapsed_s=7.705 completed=4480 pending=64
[exp8039] phase=retention_small_head_load_after elapsed_s=7.717 completed=4544 pending=0
[exp8039] phase=retention_small_head_load_before elapsed_s=7.717 completed=4544 pending=64
[exp8039] phase=retention_small_head_load_after elapsed_s=7.728 completed=4608 pending=0
[exp8039] phase=retention_small_head_load_before elapsed_s=7.728 completed=4608 pending=64
[exp8039] phase=retention_small_head_load_after elapsed_s=7.740 completed=4672 pending=0
[exp8039] phase=retention_small_head_load_before elapsed_s=7.740 completed=4672 pending=64
[exp8039] phase=retention_small_head_load_after elapsed_s=7.751 completed=4736 pending=0
[exp8039] phase=retention_small_head_load_before elapsed_s=7.751 completed=4736 pending=64
[exp8039] phase=retention_small_head_load_after elapsed_s=7.763 completed=4800 pending=0
[exp8039] phase=retention_small_head_load_before elapsed_s=7.763 completed=4800 pending=64
[exp8039] phase=retention_small_head_load_after elapsed_s=7.774 completed=4864 pending=0
[exp8039] phase=retention_small_head_load_before elapsed_s=7.774 completed=4864 pending=64
[exp8039] phase=retention_small_head_load_after elapsed_s=7.786 completed=4928 pending=0
[exp8039] phase=retention_small_head_load_before elapsed_s=7.786 completed=4928 pending=64
[exp8039] phase=retention_small_head_load_after elapsed_s=7.798 completed=4992 pending=0
[exp8039] phase=retention_small_head_load_before elapsed_s=7.798 completed=4992 pending=64
[exp8039] phase=retention_small_head_load_after elapsed_s=7.809 completed=5056 pending=0
[exp8039] phase=retention_small_head_load_before elapsed_s=7.809 completed=5056 pending=64
[exp8039] phase=retention_small_head_load_after elapsed_s=7.821 completed=5120 pending=0
[exp8039] phase=retention_predictions_sealed_before_targets elapsed_s=7.838 completed=5120 pending=0
[exp8039] phase=retention_benchmark_after elapsed_s=7.890 completed=5120 pending=0
[exp8043] phase=independent_task_reduced elapsed_s=8.116 completed_units=9 pending=3
[exp8043] phase=independent_task_reduced elapsed_s=8.151 completed_units=10 pending=2
[exp8043] phase=independent_task_reduced elapsed_s=8.158 completed_units=11 pending=1
[exp8043] phase=independent_task_reduced elapsed_s=8.660 completed_units=12 pending=0
[exp8043] phase=cold_replay_after elapsed_s=8.993 completed_units=13 pending=none
{"errors": []}
