[exp8043] phase=cli_start elapsed_s=0.000 completed_units=0 pending=arguments
[exp8043] phase=cold_replay_before elapsed_s=0.013 completed_units=0 pending=durable inputs and checkpoints
[exp8017] phase=task_reduced elapsed_s=1.924 completed_units=1 pending=11
[exp8017] phase=task_reduced elapsed_s=2.148 completed_units=2 pending=10
[exp8017] phase=task_reduced elapsed_s=2.175 completed_units=3 pending=9
[exp8017] phase=task_reduced elapsed_s=2.182 completed_units=4 pending=8
[exp8017] phase=task_reduced elapsed_s=2.182 completed_units=5 pending=7
[exp8017] phase=task_reduced elapsed_s=2.188 completed_units=6 pending=6
[exp8017] phase=task_reduced elapsed_s=2.188 completed_units=7 pending=5
[exp8017] phase=task_reduced elapsed_s=2.710 completed_units=8 pending=4
[exp8017] phase=task_reduced elapsed_s=2.873 completed_units=9 pending=3
[exp8017] phase=task_reduced elapsed_s=3.015 completed_units=10 pending=2
[exp8017] phase=task_reduced elapsed_s=3.017 completed_units=11 pending=1
[exp8017] phase=task_reduced elapsed_s=3.287 completed_units=12 pending=0
[exp8030] phase=independent_task_reduced elapsed_s=3.347 completed_units=1 pending=11
[exp8030] phase=independent_task_reduced elapsed_s=3.349 completed_units=2 pending=10
[exp8030] phase=independent_task_reduced elapsed_s=3.391 completed_units=3 pending=9
[exp8030] phase=independent_task_reduced elapsed_s=3.393 completed_units=4 pending=8
[exp8030] phase=independent_task_reduced elapsed_s=3.393 completed_units=5 pending=7
[exp8030] phase=independent_task_reduced elapsed_s=3.393 completed_units=6 pending=6
[exp8030] phase=independent_task_reduced elapsed_s=3.393 completed_units=7 pending=5
[exp8030] phase=independent_task_reduced elapsed_s=3.731 completed_units=8 pending=4
[exp8030] phase=independent_task_reduced elapsed_s=3.873 completed_units=9 pending=3
[exp8030] phase=independent_task_reduced elapsed_s=3.895 completed_units=10 pending=2
[exp8030] phase=independent_task_reduced elapsed_s=3.897 completed_units=11 pending=1
[exp8030] phase=independent_task_reduced elapsed_s=4.228 completed_units=12 pending=0
[exp8043] phase=independent_task_reduced elapsed_s=4.247 completed_units=1 pending=11
[exp8043] phase=independent_task_reduced elapsed_s=4.248 completed_units=2 pending=10
[exp8043] phase=independent_task_reduced elapsed_s=4.278 completed_units=3 pending=9
[exp8043] phase=independent_task_reduced elapsed_s=4.280 completed_units=4 pending=8
[exp8043] phase=independent_task_reduced elapsed_s=4.280 completed_units=5 pending=7
[exp8043] phase=independent_task_reduced elapsed_s=4.280 completed_units=6 pending=6
[exp8043] phase=independent_task_reduced elapsed_s=4.280 completed_units=7 pending=5
[exp8043] phase=independent_task_reduced elapsed_s=4.581 completed_units=8 pending=4
[exp8039] phase=independent_small_head_load_before elapsed_s=4.772 completed=0 pending=0
[exp8039] phase=independent_small_head_load_after elapsed_s=4.816 completed=0 pending=0
[exp8039] phase=independent_benchmark_before elapsed_s=4.879 completed=0 pending=83360
[exp8039] phase=independent_events elapsed_s=4.930 completed=2048 pending=81312
[exp8039] phase=independent_events elapsed_s=4.968 completed=4096 pending=79264
[exp8039] phase=independent_events elapsed_s=5.020 completed=6144 pending=77216
[exp8039] phase=independent_events elapsed_s=5.059 completed=8192 pending=75168
[exp8039] phase=independent_events elapsed_s=5.108 completed=10240 pending=73120
[exp8039] phase=independent_events elapsed_s=5.150 completed=12288 pending=71072
[exp8039] phase=independent_events elapsed_s=5.197 completed=14336 pending=69024
[exp8039] phase=independent_events elapsed_s=5.239 completed=16384 pending=66976
[exp8039] phase=independent_events elapsed_s=5.286 completed=18432 pending=64928
[exp8039] phase=independent_events elapsed_s=5.329 completed=20480 pending=62880
[exp8039] phase=independent_events elapsed_s=5.375 completed=22528 pending=60832
[exp8039] phase=independent_events elapsed_s=5.419 completed=24576 pending=58784
[exp8039] phase=independent_events elapsed_s=5.464 completed=26624 pending=56736
[exp8039] phase=independent_events elapsed_s=5.508 completed=28672 pending=54688
[exp8039] phase=independent_events elapsed_s=5.552 completed=30720 pending=52640
[exp8039] phase=independent_events elapsed_s=5.598 completed=32768 pending=50592
[exp8039] phase=independent_events elapsed_s=5.641 completed=34816 pending=48544
[exp8039] phase=independent_events elapsed_s=5.688 completed=36864 pending=46496
[exp8039] phase=independent_events elapsed_s=5.731 completed=38912 pending=44448
[exp8039] phase=independent_events elapsed_s=5.778 completed=40960 pending=42400
[exp8039] phase=independent_events elapsed_s=5.820 completed=43008 pending=40352
[exp8039] phase=independent_events elapsed_s=5.953 completed=45056 pending=38304
[exp8039] phase=independent_events elapsed_s=5.994 completed=47104 pending=36256
[exp8039] phase=independent_events elapsed_s=6.042 completed=49152 pending=34208
[exp8039] phase=independent_events elapsed_s=6.083 completed=51200 pending=32160
[exp8039] phase=independent_events elapsed_s=6.132 completed=53248 pending=30112
[exp8039] phase=independent_events elapsed_s=6.173 completed=55296 pending=28064
[exp8039] phase=independent_events elapsed_s=6.222 completed=57344 pending=26016
[exp8039] phase=independent_events elapsed_s=6.262 completed=59392 pending=23968
[exp8039] phase=independent_events elapsed_s=6.312 completed=61440 pending=21920
[exp8039] phase=independent_events elapsed_s=6.352 completed=63488 pending=19872
[exp8039] phase=independent_events elapsed_s=6.401 completed=65536 pending=17824
[exp8039] phase=independent_events elapsed_s=6.441 completed=67584 pending=15776
[exp8039] phase=independent_events elapsed_s=6.490 completed=69632 pending=13728
[exp8039] phase=independent_events elapsed_s=6.530 completed=71680 pending=11680
[exp8039] phase=independent_events elapsed_s=6.579 completed=73728 pending=9632
[exp8039] phase=independent_events elapsed_s=6.619 completed=75776 pending=7584
[exp8039] phase=independent_events elapsed_s=6.668 completed=77824 pending=5536
[exp8039] phase=independent_events elapsed_s=6.709 completed=79872 pending=3488
[exp8039] phase=independent_events elapsed_s=6.758 completed=81920 pending=1440
[exp8039] phase=independent_benchmark_after elapsed_s=6.813 completed=83360 pending=0
[exp8039] phase=retention_benchmark_before elapsed_s=6.876 completed=0 pending=0
[exp8039] phase=retention_small_head_load_before elapsed_s=6.876 completed=0 pending=64
[exp8039] phase=retention_small_head_load_after elapsed_s=6.888 completed=64 pending=0
[exp8039] phase=retention_small_head_load_before elapsed_s=6.888 completed=64 pending=64
[exp8039] phase=retention_small_head_load_after elapsed_s=6.900 completed=128 pending=0
[exp8039] phase=retention_small_head_load_before elapsed_s=6.900 completed=128 pending=64
[exp8039] phase=retention_small_head_load_after elapsed_s=6.911 completed=192 pending=0
[exp8039] phase=retention_small_head_load_before elapsed_s=6.911 completed=192 pending=64
[exp8039] phase=retention_small_head_load_after elapsed_s=6.923 completed=256 pending=0
[exp8039] phase=retention_small_head_load_before elapsed_s=6.923 completed=256 pending=64
[exp8039] phase=retention_small_head_load_after elapsed_s=6.934 completed=320 pending=0
[exp8039] phase=retention_small_head_load_before elapsed_s=6.934 completed=320 pending=64
[exp8039] phase=retention_small_head_load_after elapsed_s=6.945 completed=384 pending=0
[exp8039] phase=retention_small_head_load_before elapsed_s=6.945 completed=384 pending=64
[exp8039] phase=retention_small_head_load_after elapsed_s=6.957 completed=448 pending=0
[exp8039] phase=retention_small_head_load_before elapsed_s=6.957 completed=448 pending=64
[exp8039] phase=retention_small_head_load_after elapsed_s=6.968 completed=512 pending=0
[exp8039] phase=retention_small_head_load_before elapsed_s=6.968 completed=512 pending=64
[exp8039] phase=retention_small_head_load_after elapsed_s=6.980 completed=576 pending=0
[exp8039] phase=retention_small_head_load_before elapsed_s=6.980 completed=576 pending=64
[exp8039] phase=retention_small_head_load_after elapsed_s=6.991 completed=640 pending=0
[exp8039] phase=retention_small_head_load_before elapsed_s=6.991 completed=640 pending=64
[exp8039] phase=retention_small_head_load_after elapsed_s=7.003 completed=704 pending=0
[exp8039] phase=retention_small_head_load_before elapsed_s=7.003 completed=704 pending=64
[exp8039] phase=retention_small_head_load_after elapsed_s=7.014 completed=768 pending=0
[exp8039] phase=retention_small_head_load_before elapsed_s=7.014 completed=768 pending=64
[exp8039] phase=retention_small_head_load_after elapsed_s=7.025 completed=832 pending=0
[exp8039] phase=retention_small_head_load_before elapsed_s=7.025 completed=832 pending=64
[exp8039] phase=retention_small_head_load_after elapsed_s=7.037 completed=896 pending=0
[exp8039] phase=retention_small_head_load_before elapsed_s=7.037 completed=896 pending=64
[exp8039] phase=retention_small_head_load_after elapsed_s=7.048 completed=960 pending=0
[exp8039] phase=retention_small_head_load_before elapsed_s=7.048 completed=960 pending=64
[exp8039] phase=retention_small_head_load_after elapsed_s=7.060 completed=1024 pending=0
[exp8039] phase=retention_small_head_load_before elapsed_s=7.060 completed=1024 pending=64
[exp8039] phase=retention_small_head_load_after elapsed_s=7.071 completed=1088 pending=0
[exp8039] phase=retention_small_head_load_before elapsed_s=7.071 completed=1088 pending=64
[exp8039] phase=retention_small_head_load_after elapsed_s=7.083 completed=1152 pending=0
[exp8039] phase=retention_small_head_load_before elapsed_s=7.083 completed=1152 pending=64
[exp8039] phase=retention_small_head_load_after elapsed_s=7.094 completed=1216 pending=0
[exp8039] phase=retention_small_head_load_before elapsed_s=7.094 completed=1216 pending=64
[exp8039] phase=retention_small_head_load_after elapsed_s=7.105 completed=1280 pending=0
[exp8039] phase=retention_small_head_load_before elapsed_s=7.105 completed=1280 pending=64
[exp8039] phase=retention_small_head_load_after elapsed_s=7.117 completed=1344 pending=0
[exp8039] phase=retention_small_head_load_before elapsed_s=7.117 completed=1344 pending=64
[exp8039] phase=retention_small_head_load_after elapsed_s=7.128 completed=1408 pending=0
[exp8039] phase=retention_small_head_load_before elapsed_s=7.128 completed=1408 pending=64
[exp8039] phase=retention_small_head_load_after elapsed_s=7.140 completed=1472 pending=0
[exp8039] phase=retention_small_head_load_before elapsed_s=7.140 completed=1472 pending=64
[exp8039] phase=retention_small_head_load_after elapsed_s=7.151 completed=1536 pending=0
[exp8039] phase=retention_small_head_load_before elapsed_s=7.151 completed=1536 pending=64
[exp8039] phase=retention_small_head_load_after elapsed_s=7.162 completed=1600 pending=0
[exp8039] phase=retention_small_head_load_before elapsed_s=7.162 completed=1600 pending=64
[exp8039] phase=retention_small_head_load_after elapsed_s=7.174 completed=1664 pending=0
[exp8039] phase=retention_small_head_load_before elapsed_s=7.174 completed=1664 pending=64
[exp8039] phase=retention_small_head_load_after elapsed_s=7.185 completed=1728 pending=0
[exp8039] phase=retention_small_head_load_before elapsed_s=7.185 completed=1728 pending=64
[exp8039] phase=retention_small_head_load_after elapsed_s=7.197 completed=1792 pending=0
[exp8039] phase=retention_small_head_load_before elapsed_s=7.197 completed=1792 pending=64
[exp8039] phase=retention_small_head_load_after elapsed_s=7.208 completed=1856 pending=0
[exp8039] phase=retention_small_head_load_before elapsed_s=7.208 completed=1856 pending=64
[exp8039] phase=retention_small_head_load_after elapsed_s=7.220 completed=1920 pending=0
[exp8039] phase=retention_small_head_load_before elapsed_s=7.220 completed=1920 pending=64
[exp8039] phase=retention_small_head_load_after elapsed_s=7.231 completed=1984 pending=0
[exp8039] phase=retention_small_head_load_before elapsed_s=7.231 completed=1984 pending=64
[exp8039] phase=retention_small_head_load_after elapsed_s=7.242 completed=2048 pending=0
[exp8039] phase=retention_small_head_load_before elapsed_s=7.242 completed=2048 pending=64
[exp8039] phase=retention_small_head_load_after elapsed_s=7.254 completed=2112 pending=0
[exp8039] phase=retention_small_head_load_before elapsed_s=7.254 completed=2112 pending=64
[exp8039] phase=retention_small_head_load_after elapsed_s=7.265 completed=2176 pending=0
[exp8039] phase=retention_small_head_load_before elapsed_s=7.265 completed=2176 pending=64
[exp8039] phase=retention_small_head_load_after elapsed_s=7.277 completed=2240 pending=0
[exp8039] phase=retention_small_head_load_before elapsed_s=7.277 completed=2240 pending=64
[exp8039] phase=retention_small_head_load_after elapsed_s=7.288 completed=2304 pending=0
[exp8039] phase=retention_small_head_load_before elapsed_s=7.288 completed=2304 pending=64
[exp8039] phase=retention_small_head_load_after elapsed_s=7.299 completed=2368 pending=0
[exp8039] phase=retention_small_head_load_before elapsed_s=7.299 completed=2368 pending=64
[exp8039] phase=retention_small_head_load_after elapsed_s=7.311 completed=2432 pending=0
[exp8039] phase=retention_small_head_load_before elapsed_s=7.311 completed=2432 pending=64
[exp8039] phase=retention_small_head_load_after elapsed_s=7.322 completed=2496 pending=0
[exp8039] phase=retention_small_head_load_before elapsed_s=7.322 completed=2496 pending=64
[exp8039] phase=retention_small_head_load_after elapsed_s=7.334 completed=2560 pending=0
[exp8039] phase=retention_small_head_load_before elapsed_s=7.334 completed=2560 pending=64
[exp8039] phase=retention_small_head_load_after elapsed_s=7.345 completed=2624 pending=0
[exp8039] phase=retention_small_head_load_before elapsed_s=7.345 completed=2624 pending=64
[exp8039] phase=retention_small_head_load_after elapsed_s=7.356 completed=2688 pending=0
[exp8039] phase=retention_small_head_load_before elapsed_s=7.356 completed=2688 pending=64
[exp8039] phase=retention_small_head_load_after elapsed_s=7.368 completed=2752 pending=0
[exp8039] phase=retention_small_head_load_before elapsed_s=7.368 completed=2752 pending=64
[exp8039] phase=retention_small_head_load_after elapsed_s=7.379 completed=2816 pending=0
[exp8039] phase=retention_small_head_load_before elapsed_s=7.379 completed=2816 pending=64
[exp8039] phase=retention_small_head_load_after elapsed_s=7.391 completed=2880 pending=0
[exp8039] phase=retention_small_head_load_before elapsed_s=7.391 completed=2880 pending=64
[exp8039] phase=retention_small_head_load_after elapsed_s=7.402 completed=2944 pending=0
[exp8039] phase=retention_small_head_load_before elapsed_s=7.402 completed=2944 pending=64
[exp8039] phase=retention_small_head_load_after elapsed_s=7.413 completed=3008 pending=0
[exp8039] phase=retention_small_head_load_before elapsed_s=7.413 completed=3008 pending=64
[exp8039] phase=retention_small_head_load_after elapsed_s=7.425 completed=3072 pending=0
[exp8039] phase=retention_small_head_load_before elapsed_s=7.425 completed=3072 pending=64
[exp8039] phase=retention_small_head_load_after elapsed_s=7.436 completed=3136 pending=0
[exp8039] phase=retention_small_head_load_before elapsed_s=7.436 completed=3136 pending=64
[exp8039] phase=retention_small_head_load_after elapsed_s=7.448 completed=3200 pending=0
[exp8039] phase=retention_small_head_load_before elapsed_s=7.448 completed=3200 pending=64
[exp8039] phase=retention_small_head_load_after elapsed_s=7.459 completed=3264 pending=0
[exp8039] phase=retention_small_head_load_before elapsed_s=7.459 completed=3264 pending=64
[exp8039] phase=retention_small_head_load_after elapsed_s=7.470 completed=3328 pending=0
[exp8039] phase=retention_small_head_load_before elapsed_s=7.470 completed=3328 pending=64
[exp8039] phase=retention_small_head_load_after elapsed_s=7.482 completed=3392 pending=0
[exp8039] phase=retention_small_head_load_before elapsed_s=7.482 completed=3392 pending=64
[exp8039] phase=retention_small_head_load_after elapsed_s=7.493 completed=3456 pending=0
[exp8039] phase=retention_small_head_load_before elapsed_s=7.493 completed=3456 pending=64
[exp8039] phase=retention_small_head_load_after elapsed_s=7.505 completed=3520 pending=0
[exp8039] phase=retention_small_head_load_before elapsed_s=7.505 completed=3520 pending=64
[exp8039] phase=retention_small_head_load_after elapsed_s=7.516 completed=3584 pending=0
[exp8039] phase=retention_small_head_load_before elapsed_s=7.516 completed=3584 pending=64
[exp8039] phase=retention_small_head_load_after elapsed_s=7.527 completed=3648 pending=0
[exp8039] phase=retention_small_head_load_before elapsed_s=7.527 completed=3648 pending=64
[exp8039] phase=retention_small_head_load_after elapsed_s=7.539 completed=3712 pending=0
[exp8039] phase=retention_small_head_load_before elapsed_s=7.539 completed=3712 pending=64
[exp8039] phase=retention_small_head_load_after elapsed_s=7.550 completed=3776 pending=0
[exp8039] phase=retention_small_head_load_before elapsed_s=7.550 completed=3776 pending=64
[exp8039] phase=retention_small_head_load_after elapsed_s=7.562 completed=3840 pending=0
[exp8039] phase=retention_small_head_load_before elapsed_s=7.562 completed=3840 pending=64
[exp8039] phase=retention_small_head_load_after elapsed_s=7.573 completed=3904 pending=0
[exp8039] phase=retention_small_head_load_before elapsed_s=7.573 completed=3904 pending=64
[exp8039] phase=retention_small_head_load_after elapsed_s=7.585 completed=3968 pending=0
[exp8039] phase=retention_small_head_load_before elapsed_s=7.585 completed=3968 pending=64
[exp8039] phase=retention_small_head_load_after elapsed_s=7.596 completed=4032 pending=0
[exp8039] phase=retention_small_head_load_before elapsed_s=7.596 completed=4032 pending=64
[exp8039] phase=retention_small_head_load_after elapsed_s=7.607 completed=4096 pending=0
[exp8039] phase=retention_small_head_load_before elapsed_s=7.607 completed=4096 pending=64
[exp8039] phase=retention_small_head_load_after elapsed_s=7.619 completed=4160 pending=0
[exp8039] phase=retention_small_head_load_before elapsed_s=7.619 completed=4160 pending=64
[exp8039] phase=retention_small_head_load_after elapsed_s=7.630 completed=4224 pending=0
[exp8039] phase=retention_small_head_load_before elapsed_s=7.630 completed=4224 pending=64
[exp8039] phase=retention_small_head_load_after elapsed_s=7.642 completed=4288 pending=0
[exp8039] phase=retention_small_head_load_before elapsed_s=7.642 completed=4288 pending=64
[exp8039] phase=retention_small_head_load_after elapsed_s=7.653 completed=4352 pending=0
[exp8039] phase=retention_small_head_load_before elapsed_s=7.653 completed=4352 pending=64
[exp8039] phase=retention_small_head_load_after elapsed_s=7.664 completed=4416 pending=0
[exp8039] phase=retention_small_head_load_before elapsed_s=7.664 completed=4416 pending=64
[exp8039] phase=retention_small_head_load_after elapsed_s=7.676 completed=4480 pending=0
[exp8039] phase=retention_small_head_load_before elapsed_s=7.676 completed=4480 pending=64
[exp8039] phase=retention_small_head_load_after elapsed_s=7.687 completed=4544 pending=0
[exp8039] phase=retention_small_head_load_before elapsed_s=7.687 completed=4544 pending=64
[exp8039] phase=retention_small_head_load_after elapsed_s=7.698 completed=4608 pending=0
[exp8039] phase=retention_small_head_load_before elapsed_s=7.699 completed=4608 pending=64
[exp8039] phase=retention_small_head_load_after elapsed_s=7.710 completed=4672 pending=0
[exp8039] phase=retention_small_head_load_before elapsed_s=7.710 completed=4672 pending=64
[exp8039] phase=retention_small_head_load_after elapsed_s=7.721 completed=4736 pending=0
[exp8039] phase=retention_small_head_load_before elapsed_s=7.721 completed=4736 pending=64
[exp8039] phase=retention_small_head_load_after elapsed_s=7.733 completed=4800 pending=0
[exp8039] phase=retention_small_head_load_before elapsed_s=7.733 completed=4800 pending=64
[exp8039] phase=retention_small_head_load_after elapsed_s=7.744 completed=4864 pending=0
[exp8039] phase=retention_small_head_load_before elapsed_s=7.744 completed=4864 pending=64
[exp8039] phase=retention_small_head_load_after elapsed_s=7.756 completed=4928 pending=0
[exp8039] phase=retention_small_head_load_before elapsed_s=7.756 completed=4928 pending=64
[exp8039] phase=retention_small_head_load_after elapsed_s=7.767 completed=4992 pending=0
[exp8039] phase=retention_small_head_load_before elapsed_s=7.767 completed=4992 pending=64
[exp8039] phase=retention_small_head_load_after elapsed_s=7.778 completed=5056 pending=0
[exp8039] phase=retention_small_head_load_before elapsed_s=7.778 completed=5056 pending=64
[exp8039] phase=retention_small_head_load_after elapsed_s=7.790 completed=5120 pending=0
[exp8039] phase=retention_predictions_sealed_before_targets elapsed_s=7.807 completed=5120 pending=0
[exp8039] phase=retention_benchmark_after elapsed_s=7.858 completed=5120 pending=0
[exp8043] phase=independent_task_reduced elapsed_s=8.082 completed_units=9 pending=3
[exp8043] phase=independent_task_reduced elapsed_s=8.117 completed_units=10 pending=2
[exp8043] phase=independent_task_reduced elapsed_s=8.124 completed_units=11 pending=1
[exp8043] phase=independent_task_reduced elapsed_s=8.620 completed_units=12 pending=0
[exp8043] phase=cold_replay_after elapsed_s=8.948 completed_units=13 pending=none
{"errors": []}
