[exp7303-validation] before_subprocess unit_consumers_e2e015_019 elapsed_s=0.000 unit=1/8
[exp7303-validation] subprocess_outstanding unit_consumers_e2e015_019 elapsed_s=30.002
[exp7303-validation] subprocess_outstanding unit_consumers_e2e015_019 elapsed_s=60.002
[exp7303-validation] subprocess_outstanding unit_consumers_e2e015_019 elapsed_s=90.002
[exp7303-validation:unit_consumers_e2e015_019] ..............................................                           [100%]
[exp7303-validation:unit_consumers_e2e015_019] 46 passed in 105.78s (0:01:45)
[exp7303-validation] after_subprocess unit_consumers_e2e015_019 elapsed_s=112.062 exit=0 unit=1/8
[exp7303-validation] before_subprocess coverage_combine elapsed_s=0.000 unit=2/8
[exp7303-validation:coverage_combine] Combined 7 files
[exp7303-validation] after_subprocess coverage_combine elapsed_s=0.051 exit=0 unit=2/8
[exp7303-validation] before_subprocess coverage_report elapsed_s=0.000 unit=3/8
[exp7303-validation:coverage_report] Name                                                                        Stmts   Miss  Cover   Missing
[exp7303-validation:coverage_report] ---------------------------------------------------------------------------------------------------------
[exp7303-validation:coverage_report] python/carnot/experiment_8051_v697_feedback_constrained_learning.py           155      0   100%
[exp7303-validation:coverage_report] python/carnot/verify/feedback_constrained_8051.py                             231      0   100%
[exp7303-validation:coverage_report] scripts/experiments/experiment_8051_v697_feedback_constrained_learning.py       7      0   100%
[exp7303-validation:coverage_report] ---------------------------------------------------------------------------------------------------------
[exp7303-validation:coverage_report] TOTAL                                                                         393      0   100%
[exp7303-validation] after_subprocess coverage_report elapsed_s=0.071 exit=0 unit=3/8
[exp7303-validation] before_subprocess coverage_json elapsed_s=0.000 unit=4/8
[exp7303-validation:coverage_json] Wrote JSON report to /tmp/carnot-8051-validation2/coverage.json
[exp7303-validation] after_subprocess coverage_json elapsed_s=0.082 exit=0 unit=4/8
[exp7303-validation] before_subprocess ruff_check elapsed_s=0.000 unit=5/8
[exp7303-validation:ruff_check] All checks passed!
[exp7303-validation] after_subprocess ruff_check elapsed_s=0.014 exit=0 unit=5/8
[exp7303-validation] before_subprocess ruff_format elapsed_s=0.000 unit=6/8
[exp7303-validation:ruff_format] 4 files already formatted
[exp7303-validation] after_subprocess ruff_format elapsed_s=0.012 exit=0 unit=6/8
[exp7303-validation] before_subprocess strict_mypy elapsed_s=0.000 unit=7/8
[exp7303-validation:strict_mypy] pyproject.toml: note: unused section(s): module = ['carnot.autoresearch.*', 'carnot.benchmarks.*', 'carnot.embeddings.*', 'carnot.embeddings.fast_embedding', 'carnot.embeddings.jepa_energy', 'carnot.extraction.*', 'carnot.hardware.*', 'carnot.inference.*', 'carnot.pipeline.*', 'carnot.pipeline.agentic', 'carnot.pipeline.gemma_loader', 'carnot.pipeline.grammar_constrained_decoder', 'carnot.pipeline.verify_repair', 'carnot.probes.*', 'carnot.probes.drift_probe', 'carnot.samplers.parallel_ising', 'carnot.sampling._vendored_thrml.*', 'carnot.training.capo_loss', 'carnot.training.nce', 'carnot.training.score_matching', 'carnot.training.snl']
[exp7303-validation:strict_mypy] Success: no issues found in 3 source files
[exp7303-validation] after_subprocess strict_mypy elapsed_s=0.183 exit=0 unit=7/8
[exp7303-validation] before_subprocess spec_coverage elapsed_s=0.000 unit=8/8
[exp7303-validation:spec_coverage] OK: All tests reference specification requirements.
[exp7303-validation] after_subprocess spec_coverage elapsed_s=0.023 exit=0 unit=8/8
SUMMARY [('unit_consumers_e2e015_019', True), ('coverage_combine', True), ('coverage_report', True), ('coverage_json', True), ('ruff_check', True), ('ruff_format', True), ('strict_mypy', True), ('spec_coverage', True)]
