[exp8042] phase=start elapsed_s=0.001 completed=1 pending=current_phase model_loads=0 generations=0 device_calls=0
[exp8042] phase=freeze_methods_source_roles_budgets_acceptance elapsed_s=0.001 completed=2 pending=current_phase model_loads=0 generations=0 device_calls=0
[exp8042] phase=authenticate_original_receipts_without_devices elapsed_s=0.049 completed=3 pending=current_phase model_loads=0 generations=0 device_calls=0
[exp8042] phase=before_cpu_quantized_update_replay elapsed_s=7.704 completed=4 pending=current_phase model_loads=0 generations=0 device_calls=0
[exp8042] small_head_load_before elapsed_s=0.000 completed=0 pending=23680
[exp8042] small_head_load_after elapsed_s=0.000 completed=0 pending=23680
[exp8042] numeric elapsed_s=0.001 completed=1 pending=23679
[exp8042] numeric elapsed_s=0.226 completed=257 pending=23423
[exp8042] small_head_load_before elapsed_s=0.276 completed=310 pending=23370
[exp8042] small_head_load_after elapsed_s=0.276 completed=310 pending=23370
[exp8042] numeric elapsed_s=0.457 completed=513 pending=23167
[exp8042] small_head_load_before elapsed_s=0.553 completed=620 pending=23060
[exp8042] small_head_load_after elapsed_s=0.553 completed=620 pending=23060
[exp8042] numeric elapsed_s=0.682 completed=769 pending=22911
[exp8042] small_head_load_before elapsed_s=0.830 completed=930 pending=22750
[exp8042] small_head_load_after elapsed_s=0.830 completed=930 pending=22750
[exp8042] numeric elapsed_s=0.891 completed=1025 pending=22655
[exp8042] small_head_load_before elapsed_s=0.993 completed=1184 pending=22496
[exp8042] small_head_load_after elapsed_s=0.993 completed=1184 pending=22496
[exp8042] numeric elapsed_s=1.075 completed=1281 pending=22399
[exp8042] small_head_load_before elapsed_s=1.270 completed=1494 pending=22186
[exp8042] small_head_load_after elapsed_s=1.270 completed=1494 pending=22186
[exp8042] numeric elapsed_s=1.303 completed=1537 pending=22143
[exp8042] numeric elapsed_s=1.538 completed=1793 pending=21887
[exp8042] small_head_load_before elapsed_s=1.546 completed=1804 pending=21876
[exp8042] small_head_load_after elapsed_s=1.546 completed=1804 pending=21876
[exp8042] numeric elapsed_s=1.764 completed=2049 pending=21631
[exp8042] small_head_load_before elapsed_s=1.822 completed=2114 pending=21566
[exp8042] small_head_load_after elapsed_s=1.822 completed=2114 pending=21566
[exp8042] numeric elapsed_s=1.946 completed=2305 pending=21375
[exp8042] small_head_load_before elapsed_s=1.986 completed=2368 pending=21312
[exp8042] small_head_load_after elapsed_s=1.986 completed=2368 pending=21312
[exp8042] numeric elapsed_s=2.156 completed=2561 pending=21119
[exp8042] small_head_load_before elapsed_s=2.265 completed=2678 pending=21002
[exp8042] small_head_load_after elapsed_s=2.265 completed=2678 pending=21002
[exp8042] numeric elapsed_s=2.388 completed=2817 pending=20863
[exp8042] small_head_load_before elapsed_s=2.543 completed=2988 pending=20692
[exp8042] small_head_load_after elapsed_s=2.543 completed=2988 pending=20692
[exp8042] numeric elapsed_s=2.615 completed=3073 pending=20607
[exp8042] small_head_load_before elapsed_s=2.821 completed=3298 pending=20382
[exp8042] small_head_load_after elapsed_s=2.821 completed=3298 pending=20382
[exp8042] numeric elapsed_s=2.841 completed=3329 pending=20351
[exp8042] small_head_load_before elapsed_s=2.985 completed=3552 pending=20128
[exp8042] small_head_load_after elapsed_s=2.985 completed=3552 pending=20128
[exp8042] numeric elapsed_s=3.007 completed=3585 pending=20095
[exp8042] numeric elapsed_s=3.247 completed=3841 pending=19839
[exp8042] small_head_load_before elapsed_s=3.266 completed=3862 pending=19818
[exp8042] small_head_load_after elapsed_s=3.267 completed=3862 pending=19818
[exp8042] numeric elapsed_s=3.476 completed=4097 pending=19583
[exp8042] small_head_load_before elapsed_s=3.547 completed=4172 pending=19508
[exp8042] small_head_load_after elapsed_s=3.547 completed=4172 pending=19508
[exp8042] numeric elapsed_s=3.709 completed=4353 pending=19327
[exp8042] small_head_load_before elapsed_s=3.825 completed=4482 pending=19198
[exp8042] small_head_load_after elapsed_s=3.825 completed=4482 pending=19198
[exp8042] numeric elapsed_s=3.907 completed=4609 pending=19071
[exp8042] small_head_load_before elapsed_s=3.988 completed=4736 pending=18944
[exp8042] small_head_load_after elapsed_s=3.989 completed=4736 pending=18944
[exp8042] numeric elapsed_s=4.099 completed=4865 pending=18815
[exp8042] small_head_load_before elapsed_s=4.266 completed=5046 pending=18634
[exp8042] small_head_load_after elapsed_s=4.266 completed=5046 pending=18634
[exp8042] numeric elapsed_s=4.326 completed=5121 pending=18559
[exp8042] small_head_load_before elapsed_s=4.545 completed=5356 pending=18324
[exp8042] small_head_load_after elapsed_s=4.545 completed=5356 pending=18324
[exp8042] numeric elapsed_s=4.558 completed=5377 pending=18303
[exp8042] numeric elapsed_s=4.945 completed=5633 pending=18047
[exp8042] small_head_load_before elapsed_s=4.976 completed=5666 pending=18014
[exp8042] small_head_load_after elapsed_s=4.976 completed=5666 pending=18014
[exp8042] numeric elapsed_s=5.120 completed=5889 pending=17791
[exp8042] small_head_load_before elapsed_s=5.140 completed=5920 pending=17760
[exp8042] small_head_load_after elapsed_s=5.140 completed=5920 pending=17760
[exp8042] numeric elapsed_s=5.341 completed=6145 pending=17535
[exp8042] small_head_load_before elapsed_s=5.418 completed=6230 pending=17450
[exp8042] small_head_load_after elapsed_s=5.418 completed=6230 pending=17450
[exp8042] numeric elapsed_s=5.568 completed=6401 pending=17279
[exp8042] small_head_load_before elapsed_s=5.697 completed=6540 pending=17140
[exp8042] small_head_load_after elapsed_s=5.697 completed=6540 pending=17140
[exp8042] numeric elapsed_s=5.797 completed=6657 pending=17023
[exp8042] small_head_load_before elapsed_s=5.977 completed=6850 pending=16830
[exp8042] small_head_load_after elapsed_s=5.977 completed=6850 pending=16830
[exp8042] numeric elapsed_s=6.019 completed=6913 pending=16767
[exp8042] small_head_load_before elapsed_s=6.142 completed=7104 pending=16576
[exp8042] small_head_load_after elapsed_s=6.142 completed=7104 pending=16576
[exp8042] numeric elapsed_s=6.196 completed=7169 pending=16511
[exp8042] small_head_load_before elapsed_s=6.421 completed=7414 pending=16266
[exp8042] small_head_load_after elapsed_s=6.421 completed=7414 pending=16266
[exp8042] numeric elapsed_s=6.428 completed=7425 pending=16255
[exp8042] numeric elapsed_s=6.661 completed=7681 pending=15999
[exp8042] small_head_load_before elapsed_s=6.700 completed=7724 pending=15956
[exp8042] small_head_load_after elapsed_s=6.700 completed=7724 pending=15956
[exp8042] numeric elapsed_s=6.888 completed=7937 pending=15743
[exp8042] small_head_load_before elapsed_s=6.979 completed=8034 pending=15646
[exp8042] small_head_load_after elapsed_s=6.979 completed=8034 pending=15646
[exp8042] numeric elapsed_s=7.082 completed=8193 pending=15487
[exp8042] small_head_load_before elapsed_s=7.143 completed=8288 pending=15392
[exp8042] small_head_load_after elapsed_s=7.143 completed=8288 pending=15392
[exp8042] numeric elapsed_s=7.287 completed=8449 pending=15231
[exp8042] small_head_load_before elapsed_s=7.423 completed=8598 pending=15082
[exp8042] small_head_load_after elapsed_s=7.423 completed=8598 pending=15082
[exp8042] numeric elapsed_s=7.515 completed=8705 pending=14975
[exp8042] small_head_load_before elapsed_s=7.702 completed=8908 pending=14772
[exp8042] small_head_load_after elapsed_s=7.702 completed=8908 pending=14772
[exp8042] numeric elapsed_s=7.743 completed=8961 pending=14719
[exp8042] numeric elapsed_s=7.981 completed=9217 pending=14463
[exp8042] small_head_load_before elapsed_s=7.982 completed=9218 pending=14462
[exp8042] small_head_load_after elapsed_s=7.982 completed=9218 pending=14462
[exp8042] small_head_load_before elapsed_s=8.146 completed=9472 pending=14208
[exp8042] small_head_load_after elapsed_s=8.146 completed=9472 pending=14208
[exp8042] numeric elapsed_s=8.147 completed=9473 pending=14207
[exp8042] numeric elapsed_s=8.376 completed=9729 pending=13951
[exp8042] small_head_load_before elapsed_s=8.426 completed=9782 pending=13898
[exp8042] small_head_load_after elapsed_s=8.426 completed=9782 pending=13898
[exp8042] numeric elapsed_s=8.609 completed=9985 pending=13695
[exp8042] small_head_load_before elapsed_s=8.706 completed=10092 pending=13588
[exp8042] small_head_load_after elapsed_s=8.706 completed=10092 pending=13588
[exp8042] numeric elapsed_s=8.837 completed=10241 pending=13439
[exp8042] small_head_load_before elapsed_s=8.987 completed=10402 pending=13278
[exp8042] small_head_load_after elapsed_s=8.987 completed=10402 pending=13278
[exp8042] numeric elapsed_s=9.049 completed=10497 pending=13183
[exp8042] small_head_load_before elapsed_s=9.152 completed=10656 pending=13024
[exp8042] small_head_load_after elapsed_s=9.152 completed=10656 pending=13024
[exp8042] numeric elapsed_s=9.235 completed=10753 pending=12927
[exp8042] small_head_load_before elapsed_s=9.433 completed=10966 pending=12714
[exp8042] small_head_load_after elapsed_s=9.433 completed=10966 pending=12714
[exp8042] numeric elapsed_s=9.467 completed=11009 pending=12671
[exp8042] numeric elapsed_s=9.705 completed=11265 pending=12415
[exp8042] small_head_load_before elapsed_s=9.714 completed=11276 pending=12404
[exp8042] small_head_load_after elapsed_s=9.714 completed=11276 pending=12404
[exp8042] numeric elapsed_s=9.935 completed=11521 pending=12159
[exp8042] small_head_load_before elapsed_s=9.995 completed=11586 pending=12094
[exp8042] small_head_load_after elapsed_s=9.995 completed=11586 pending=12094
[exp8042] numeric elapsed_s=10.119 completed=11777 pending=11903
[exp8042] small_head_load_before elapsed_s=10.160 completed=11840 pending=11840
[exp8042] small_head_load_after elapsed_s=10.160 completed=11840 pending=11840
[exp8042] numeric elapsed_s=10.332 completed=12033 pending=11647
[exp8042] small_head_load_before elapsed_s=10.442 completed=12150 pending=11530
[exp8042] small_head_load_after elapsed_s=10.442 completed=12150 pending=11530
[exp8042] numeric elapsed_s=10.566 completed=12289 pending=11391
[exp8042] small_head_load_before elapsed_s=10.722 completed=12460 pending=11220
[exp8042] small_head_load_after elapsed_s=10.723 completed=12460 pending=11220
[exp8042] numeric elapsed_s=10.796 completed=12545 pending=11135
[exp8042] small_head_load_before elapsed_s=11.004 completed=12770 pending=10910
[exp8042] small_head_load_after elapsed_s=11.004 completed=12770 pending=10910
[exp8042] numeric elapsed_s=11.025 completed=12801 pending=10879
[exp8042] small_head_load_before elapsed_s=11.170 completed=13024 pending=10656
[exp8042] small_head_load_after elapsed_s=11.170 completed=13024 pending=10656
[exp8042] numeric elapsed_s=11.192 completed=13057 pending=10623
[exp8042] numeric elapsed_s=11.431 completed=13313 pending=10367
[exp8042] small_head_load_before elapsed_s=11.451 completed=13334 pending=10346
[exp8042] small_head_load_after elapsed_s=11.451 completed=13334 pending=10346
[exp8042] numeric elapsed_s=11.660 completed=13569 pending=10111
[exp8042] small_head_load_before elapsed_s=11.731 completed=13644 pending=10036
[exp8042] small_head_load_after elapsed_s=11.731 completed=13644 pending=10036
[exp8042] numeric elapsed_s=11.894 completed=13825 pending=9855
[exp8042] small_head_load_before elapsed_s=12.014 completed=13954 pending=9726
[exp8042] small_head_load_after elapsed_s=12.014 completed=13954 pending=9726
[exp8042] numeric elapsed_s=12.097 completed=14081 pending=9599
[exp8042] small_head_load_before elapsed_s=12.179 completed=14208 pending=9472
[exp8042] small_head_load_after elapsed_s=12.179 completed=14208 pending=9472
[exp8042] numeric elapsed_s=12.291 completed=14337 pending=9343
[exp8042] small_head_load_before elapsed_s=12.460 completed=14518 pending=9162
[exp8042] small_head_load_after elapsed_s=12.460 completed=14518 pending=9162
[exp8042] numeric elapsed_s=12.520 completed=14593 pending=9087
[exp8042] small_head_load_before elapsed_s=12.740 completed=14828 pending=8852
[exp8042] small_head_load_after elapsed_s=12.740 completed=14828 pending=8852
[exp8042] numeric elapsed_s=12.754 completed=14849 pending=8831
[exp8042] numeric elapsed_s=12.990 completed=15105 pending=8575
[exp8042] small_head_load_before elapsed_s=13.021 completed=15138 pending=8542
[exp8042] small_head_load_after elapsed_s=13.021 completed=15138 pending=8542
[exp8042] numeric elapsed_s=13.167 completed=15361 pending=8319
[exp8042] small_head_load_before elapsed_s=13.187 completed=15392 pending=8288
[exp8042] small_head_load_after elapsed_s=13.187 completed=15392 pending=8288
[exp8042] numeric elapsed_s=13.391 completed=15617 pending=8063
[exp8042] small_head_load_before elapsed_s=13.469 completed=15702 pending=7978
[exp8042] small_head_load_after elapsed_s=13.469 completed=15702 pending=7978
[exp8042] numeric elapsed_s=13.620 completed=15873 pending=7807
[exp8042] small_head_load_before elapsed_s=13.752 completed=16012 pending=7668
[exp8042] small_head_load_after elapsed_s=13.752 completed=16012 pending=7668
[exp8042] numeric elapsed_s=13.852 completed=16129 pending=7551
[exp8042] small_head_load_before elapsed_s=14.033 completed=16322 pending=7358
[exp8042] small_head_load_after elapsed_s=14.033 completed=16322 pending=7358
[exp8042] numeric elapsed_s=14.075 completed=16385 pending=7295
[exp8042] small_head_load_before elapsed_s=14.199 completed=16576 pending=7104
[exp8042] small_head_load_after elapsed_s=14.199 completed=16576 pending=7104
[exp8042] numeric elapsed_s=14.254 completed=16641 pending=7039
[exp8042] small_head_load_before elapsed_s=14.483 completed=16886 pending=6794
[exp8042] small_head_load_after elapsed_s=14.483 completed=16886 pending=6794
[exp8042] numeric elapsed_s=14.490 completed=16897 pending=6783
[exp8042] numeric elapsed_s=14.725 completed=17153 pending=6527
[exp8042] small_head_load_before elapsed_s=14.765 completed=17196 pending=6484
[exp8042] small_head_load_after elapsed_s=14.765 completed=17196 pending=6484
[exp8042] numeric elapsed_s=14.956 completed=17409 pending=6271
[exp8042] small_head_load_before elapsed_s=15.048 completed=17506 pending=6174
[exp8042] small_head_load_after elapsed_s=15.048 completed=17506 pending=6174
[exp8042] numeric elapsed_s=15.152 completed=17665 pending=6015
[exp8042] small_head_load_before elapsed_s=15.215 completed=17760 pending=5920
[exp8042] small_head_load_after elapsed_s=15.215 completed=17760 pending=5920
[exp8042] numeric elapsed_s=15.360 completed=17921 pending=5759
[exp8042] small_head_load_before elapsed_s=15.497 completed=18070 pending=5610
[exp8042] small_head_load_after elapsed_s=15.497 completed=18070 pending=5610
[exp8042] numeric elapsed_s=15.590 completed=18177 pending=5503
[exp8042] small_head_load_before elapsed_s=15.780 completed=18380 pending=5300
[exp8042] small_head_load_after elapsed_s=15.780 completed=18380 pending=5300
[exp8042] numeric elapsed_s=15.821 completed=18433 pending=5247
[exp8042] numeric elapsed_s=16.062 completed=18689 pending=4991
[exp8042] small_head_load_before elapsed_s=16.063 completed=18690 pending=4990
[exp8042] small_head_load_after elapsed_s=16.063 completed=18690 pending=4990
[exp8042] small_head_load_before elapsed_s=16.230 completed=18944 pending=4736
[exp8042] small_head_load_after elapsed_s=16.230 completed=18944 pending=4736
[exp8042] numeric elapsed_s=16.231 completed=18945 pending=4735
[exp8042] numeric elapsed_s=16.462 completed=19201 pending=4479
[exp8042] small_head_load_before elapsed_s=16.512 completed=19254 pending=4426
[exp8042] small_head_load_after elapsed_s=16.512 completed=19254 pending=4426
[exp8042] numeric elapsed_s=16.696 completed=19457 pending=4223
[exp8042] small_head_load_before elapsed_s=16.795 completed=19564 pending=4116
[exp8042] small_head_load_after elapsed_s=16.795 completed=19564 pending=4116
[exp8042] numeric elapsed_s=16.928 completed=19713 pending=3967
[exp8042] small_head_load_before elapsed_s=17.079 completed=19874 pending=3806
[exp8042] small_head_load_after elapsed_s=17.079 completed=19874 pending=3806
[exp8042] numeric elapsed_s=17.142 completed=19969 pending=3711
[exp8042] small_head_load_before elapsed_s=17.246 completed=20128 pending=3552
[exp8042] small_head_load_after elapsed_s=17.246 completed=20128 pending=3552
[exp8042] numeric elapsed_s=17.330 completed=20225 pending=3455
[exp8042] small_head_load_before elapsed_s=17.530 completed=20438 pending=3242
[exp8042] small_head_load_after elapsed_s=17.531 completed=20438 pending=3242
[exp8042] numeric elapsed_s=17.565 completed=20481 pending=3199
[exp8042] numeric elapsed_s=17.806 completed=20737 pending=2943
[exp8042] small_head_load_before elapsed_s=17.814 completed=20748 pending=2932
[exp8042] small_head_load_after elapsed_s=17.815 completed=20748 pending=2932
[exp8042] numeric elapsed_s=18.039 completed=20993 pending=2687
[exp8042] small_head_load_before elapsed_s=18.100 completed=21058 pending=2622
[exp8042] small_head_load_after elapsed_s=18.100 completed=21058 pending=2622
[exp8042] numeric elapsed_s=18.225 completed=21249 pending=2431
[exp8042] small_head_load_before elapsed_s=18.267 completed=21312 pending=2368
[exp8042] small_head_load_after elapsed_s=18.267 completed=21312 pending=2368
[exp8042] numeric elapsed_s=18.440 completed=21505 pending=2175
[exp8042] small_head_load_before elapsed_s=18.551 completed=21622 pending=2058
[exp8042] small_head_load_after elapsed_s=18.551 completed=21622 pending=2058
[exp8042] numeric elapsed_s=18.677 completed=21761 pending=1919
[exp8042] small_head_load_before elapsed_s=18.835 completed=21932 pending=1748
[exp8042] small_head_load_after elapsed_s=18.836 completed=21932 pending=1748
[exp8042] numeric elapsed_s=18.909 completed=22017 pending=1663
[exp8042] small_head_load_before elapsed_s=19.119 completed=22242 pending=1438
[exp8042] small_head_load_after elapsed_s=19.119 completed=22242 pending=1438
[exp8042] numeric elapsed_s=19.140 completed=22273 pending=1407
[exp8042] small_head_load_before elapsed_s=19.286 completed=22496 pending=1184
[exp8042] small_head_load_after elapsed_s=19.286 completed=22496 pending=1184
[exp8042] numeric elapsed_s=19.309 completed=22529 pending=1151
[exp8042] numeric elapsed_s=19.551 completed=22785 pending=895
[exp8042] small_head_load_before elapsed_s=19.570 completed=22806 pending=874
[exp8042] small_head_load_after elapsed_s=19.570 completed=22806 pending=874
[exp8042] numeric elapsed_s=19.782 completed=23041 pending=639
[exp8042] small_head_load_before elapsed_s=19.854 completed=23116 pending=564
[exp8042] small_head_load_after elapsed_s=19.854 completed=23116 pending=564
[exp8042] numeric elapsed_s=20.019 completed=23297 pending=383
[exp8042] small_head_load_before elapsed_s=20.139 completed=23426 pending=254
[exp8042] small_head_load_after elapsed_s=20.139 completed=23426 pending=254
[exp8042] numeric elapsed_s=20.223 completed=23553 pending=127
[exp8042] numeric elapsed_s=20.306 completed=23680 pending=0
[exp8042] small_head_load_before elapsed_s=0.000 completed=0 pending=2
[exp8042] small_head_load_after elapsed_s=0.000 completed=0 pending=2
[exp8042] numeric elapsed_s=0.000 completed=1 pending=1
[exp8042] numeric elapsed_s=0.001 completed=2 pending=0
[exp8042] small_head_load_before elapsed_s=0.000 completed=0 pending=2
[exp8042] small_head_load_after elapsed_s=0.000 completed=0 pending=2
[exp8042] numeric elapsed_s=0.000 completed=1 pending=1
[exp8042] numeric elapsed_s=0.000 completed=2 pending=0
[exp8042] small_head_load_before elapsed_s=0.000 completed=0 pending=128
[exp8042] small_head_load_after elapsed_s=0.000 completed=0 pending=128
[exp8042] numeric elapsed_s=0.000 completed=1 pending=127
[exp8042] numeric elapsed_s=0.018 completed=128 pending=0
[exp8042] small_head_load_before elapsed_s=0.000 completed=0 pending=2
[exp8042] small_head_load_after elapsed_s=0.000 completed=0 pending=2
[exp8042] numeric elapsed_s=0.000 completed=1 pending=1
[exp8042] numeric elapsed_s=0.000 completed=2 pending=0
[exp8042] phase=after_cpu_quantized_update_replay elapsed_s=28.236 completed=5 pending=current_phase model_loads=0 generations=0 device_calls=0
[exp8042] checkpoint elapsed_s=29.275 completed=1 pending=79
[exp8042] phase=before_owned_validation_subprocesses elapsed_s=29.829 completed=6 pending=current_phase model_loads=0 generations=0 device_calls=0
[exp7303-validation] before_subprocess worktree_imports elapsed_s=0.000 unit=1/11
[exp7303-validation:worktree_imports] {"resolved_imports": {"carnot.experiment_8042_v696_precision_fallback_boundary": "/home/ianblenke/github.com/ianblenke/carnot/python/carnot/experiment_8042_v696_precision_fallback_boundary.py", "carnot.reporting.precision_fallback_8042": "/home/ianblenke/github.com/ianblenke/carnot/python/carnot/reporting/precision_fallback_8042.py"}}
[exp7303-validation] after_subprocess worktree_imports elapsed_s=1.337 exit=0 unit=1/11
[exp7303-validation] before_subprocess changed_module_coverage elapsed_s=0.000 unit=2/11
[exp7303-validation] subprocess_outstanding changed_module_coverage elapsed_s=30.001
[exp7303-validation:changed_module_coverage] ................                                                         [100%]
[exp7303-validation:changed_module_coverage] =============================== warnings summary ===============================
[exp7303-validation:changed_module_coverage] python/carnot/extraction/coace_extractor.py:122
[exp7303-validation:changed_module_coverage]   /home/ianblenke/github.com/ianblenke/carnot/python/carnot/extraction/coace_extractor.py:122: DeprecationWarning: ast.Num is deprecated and will be removed in Python 3.14; use ast.Constant instead
[exp7303-validation:changed_module_coverage]     if hasattr(ast, "Num"):
[exp7303-validation:changed_module_coverage] 
[exp7303-validation:changed_module_coverage] -- Docs: https://docs.pytest.org/en/stable/how-to/capture-warnings.html
[exp7303-validation:changed_module_coverage] 16 passed, 1 warning in 26.14s
[exp7303-validation] after_subprocess changed_module_coverage elapsed_s=31.430 exit=0 unit=2/11
[exp7303-validation] before_subprocess changed_module_coverage_report elapsed_s=0.000 unit=3/11
[exp7303-validation:changed_module_coverage_report] Name                                                                      Stmts   Miss  Cover   Missing
[exp7303-validation:changed_module_coverage_report] -------------------------------------------------------------------------------------------------------
[exp7303-validation:changed_module_coverage_report] python/carnot/experiment_8042_v696_precision_fallback_boundary.py           146      0   100%
[exp7303-validation:changed_module_coverage_report] python/carnot/reporting/precision_fallback_8042.py                          244      0   100%
[exp7303-validation:changed_module_coverage_report] scripts/experiments/experiment_8042_v696_precision_fallback_boundary.py       7      0   100%
[exp7303-validation:changed_module_coverage_report] -------------------------------------------------------------------------------------------------------
[exp7303-validation:changed_module_coverage_report] TOTAL                                                                       397      0   100%
[exp7303-validation] after_subprocess changed_module_coverage_report elapsed_s=0.091 exit=0 unit=3/11
[exp7303-validation] before_subprocess ruff_check elapsed_s=0.000 unit=4/11
[exp7303-validation:ruff_check] All checks passed!
[exp7303-validation] after_subprocess ruff_check elapsed_s=0.014 exit=0 unit=4/11
[exp7303-validation] before_subprocess ruff_format elapsed_s=0.000 unit=5/11
[exp7303-validation:ruff_format] 6 files already formatted
[exp7303-validation] after_subprocess ruff_format elapsed_s=0.010 exit=0 unit=5/11
[exp7303-validation] before_subprocess scoped_spec_coverage elapsed_s=0.000 unit=6/11
[exp7303-validation:scoped_spec_coverage] OK: All tests reference specification requirements.
[exp7303-validation] after_subprocess scoped_spec_coverage elapsed_s=0.025 exit=0 unit=6/11
[exp7303-validation] before_subprocess strict_mypy elapsed_s=0.000 unit=7/11
[exp7303-validation:strict_mypy] pyproject.toml: note: unused section(s): module = ['carnot.autoresearch.*', 'carnot.benchmarks.*', 'carnot.embeddings.*', 'carnot.embeddings.fast_embedding', 'carnot.embeddings.jepa_energy', 'carnot.extraction.*', 'carnot.hardware.*', 'carnot.pipeline.agentic', 'carnot.pipeline.gemma_loader', 'carnot.pipeline.grammar_constrained_decoder', 'carnot.pipeline.verify_repair', 'carnot.probes.*', 'carnot.probes.drift_probe', 'carnot.samplers.parallel_ising', 'carnot.sampling._vendored_thrml.*', 'carnot.training.capo_loss', 'carnot.training.nce', 'carnot.training.score_matching', 'carnot.training.snl']
[exp7303-validation:strict_mypy] Success: no issues found in 4 source files
[exp7303-validation] after_subprocess strict_mypy elapsed_s=1.051 exit=0 unit=7/11
[exp7303-validation] before_subprocess coverage_json elapsed_s=0.000 unit=8/11
[exp7303-validation:coverage_json] Wrote JSON report to /tmp/carnot-8042-oogr5895/coverage.json
[exp7303-validation] after_subprocess coverage_json elapsed_s=0.076 exit=0 unit=8/11
[exp7303-validation] before_subprocess changed_guard_statement_tests elapsed_s=0.000 unit=9/11
[exp7303-validation:changed_guard_statement_tests] ....                                                                     [100%]
[exp7303-validation:changed_guard_statement_tests] 4 passed in 1.99s
[exp7303-validation] after_subprocess changed_guard_statement_tests elapsed_s=6.907 exit=0 unit=9/11
[exp7303-validation] before_subprocess guard_coverage_json elapsed_s=0.000 unit=10/11
[exp7303-validation:guard_coverage_json] Wrote JSON report to /tmp/carnot-8042-oogr5895/guard-coverage.json
[exp7303-validation] after_subprocess guard_coverage_json elapsed_s=0.195 exit=0 unit=10/11
[exp7303-validation] before_subprocess consumer_board_mutations elapsed_s=0.000 unit=11/11
[exp7303-validation:consumer_board_mutations] ........................................                                 [100%]
[exp7303-validation:consumer_board_mutations] 40 passed in 6.20s
[exp7303-validation] after_subprocess consumer_board_mutations elapsed_s=9.438 exit=0 unit=11/11
[exp8042] phase=after_owned_validation_subprocesses elapsed_s=80.440 completed=7 pending=current_phase model_loads=0 generations=0 device_calls=0
[exp8042] phase=freeze_candidate elapsed_s=80.979 completed=8 pending=current_phase model_loads=0 generations=0 device_calls=0
[exp7303-validation] before_subprocess cold_reduce elapsed_s=0.000 unit=1/1
[exp7303-validation:cold_reduce] [exp8042] phase=start elapsed_s=0.000 completed=1 pending=current_phase model_loads=0 generations=0 device_calls=0
[exp7303-validation:cold_reduce] [exp8042] small_head_load_before elapsed_s=0.000 completed=0 pending=23680
[exp7303-validation:cold_reduce] [exp8042] small_head_load_after elapsed_s=0.000 completed=0 pending=23680
[exp7303-validation:cold_reduce] [exp8042] numeric elapsed_s=0.001 completed=1 pending=23679
[exp7303-validation:cold_reduce] [exp8042] numeric elapsed_s=0.238 completed=257 pending=23423
[exp7303-validation:cold_reduce] [exp8042] small_head_load_before elapsed_s=0.290 completed=310 pending=23370
[exp7303-validation:cold_reduce] [exp8042] small_head_load_after elapsed_s=0.290 completed=310 pending=23370
[exp7303-validation:cold_reduce] [exp8042] numeric elapsed_s=0.482 completed=513 pending=23167
[exp7303-validation:cold_reduce] [exp8042] small_head_load_before elapsed_s=0.584 completed=620 pending=23060
[exp7303-validation:cold_reduce] [exp8042] small_head_load_after elapsed_s=0.584 completed=620 pending=23060
[exp7303-validation:cold_reduce] [exp8042] numeric elapsed_s=0.720 completed=769 pending=22911
[exp7303-validation:cold_reduce] [exp8042] small_head_load_before elapsed_s=0.876 completed=930 pending=22750
[exp7303-validation:cold_reduce] [exp8042] small_head_load_after elapsed_s=0.876 completed=930 pending=22750
[exp7303-validation:cold_reduce] [exp8042] numeric elapsed_s=0.940 completed=1025 pending=22655
[exp7303-validation:cold_reduce] [exp8042] small_head_load_before elapsed_s=1.047 completed=1184 pending=22496
[exp7303-validation:cold_reduce] [exp8042] small_head_load_after elapsed_s=1.047 completed=1184 pending=22496
[exp7303-validation:cold_reduce] [exp8042] numeric elapsed_s=1.134 completed=1281 pending=22399
[exp7303-validation:cold_reduce] [exp8042] small_head_load_before elapsed_s=1.339 completed=1494 pending=22186
[exp7303-validation:cold_reduce] [exp8042] small_head_load_after elapsed_s=1.339 completed=1494 pending=22186
[exp7303-validation:cold_reduce] [exp8042] numeric elapsed_s=1.374 completed=1537 pending=22143
[exp7303-validation:cold_reduce] [exp8042] numeric elapsed_s=1.622 completed=1793 pending=21887
[exp7303-validation:cold_reduce] [exp8042] small_head_load_before elapsed_s=1.631 completed=1804 pending=21876
[exp7303-validation:cold_reduce] [exp8042] small_head_load_after elapsed_s=1.631 completed=1804 pending=21876
[exp7303-validation:cold_reduce] [exp8042] numeric elapsed_s=1.861 completed=2049 pending=21631
[exp7303-validation:cold_reduce] [exp8042] small_head_load_before elapsed_s=1.923 completed=2114 pending=21566
[exp7303-validation:cold_reduce] [exp8042] small_head_load_after elapsed_s=1.923 completed=2114 pending=21566
[exp7303-validation:cold_reduce] [exp8042] numeric elapsed_s=2.052 completed=2305 pending=21375
[exp7303-validation:cold_reduce] [exp8042] small_head_load_before elapsed_s=2.094 completed=2368 pending=21312
[exp7303-validation:cold_reduce] [exp8042] small_head_load_after elapsed_s=2.095 completed=2368 pending=21312
[exp7303-validation:cold_reduce] [exp8042] numeric elapsed_s=2.272 completed=2561 pending=21119
[exp7303-validation:cold_reduce] [exp8042] small_head_load_before elapsed_s=2.387 completed=2678 pending=21002
[exp7303-validation:cold_reduce] [exp8042] small_head_load_after elapsed_s=2.387 completed=2678 pending=21002
[exp7303-validation:cold_reduce] [exp8042] numeric elapsed_s=2.517 completed=2817 pending=20863
[exp7303-validation:cold_reduce] [exp8042] small_head_load_before elapsed_s=2.680 completed=2988 pending=20692
[exp7303-validation:cold_reduce] [exp8042] small_head_load_after elapsed_s=2.681 completed=2988 pending=20692
[exp7303-validation:cold_reduce] [exp8042] numeric elapsed_s=2.756 completed=3073 pending=20607
[exp7303-validation:cold_reduce] [exp8042] small_head_load_before elapsed_s=2.972 completed=3298 pending=20382
[exp7303-validation:cold_reduce] [exp8042] small_head_load_after elapsed_s=2.973 completed=3298 pending=20382
[exp7303-validation:cold_reduce] [exp8042] numeric elapsed_s=2.994 completed=3329 pending=20351
[exp7303-validation:cold_reduce] [exp8042] small_head_load_before elapsed_s=3.144 completed=3552 pending=20128
[exp7303-validation:cold_reduce] [exp8042] small_head_load_after elapsed_s=3.144 completed=3552 pending=20128
[exp7303-validation:cold_reduce] [exp8042] numeric elapsed_s=3.166 completed=3585 pending=20095
[exp7303-validation:cold_reduce] [exp8042] numeric elapsed_s=3.417 completed=3841 pending=19839
[exp7303-validation:cold_reduce] [exp8042] small_head_load_before elapsed_s=3.437 completed=3862 pending=19818
[exp7303-validation:cold_reduce] [exp8042] small_head_load_after elapsed_s=3.437 completed=3862 pending=19818
[exp7303-validation:cold_reduce] [exp8042] numeric elapsed_s=3.654 completed=4097 pending=19583
[exp7303-validation:cold_reduce] [exp8042] small_head_load_before elapsed_s=3.729 completed=4172 pending=19508
[exp7303-validation:cold_reduce] [exp8042] small_head_load_after elapsed_s=3.729 completed=4172 pending=19508
[exp7303-validation:cold_reduce] [exp8042] numeric elapsed_s=3.898 completed=4353 pending=19327
[exp7303-validation:cold_reduce] [exp8042] small_head_load_before elapsed_s=4.020 completed=4482 pending=19198
[exp7303-validation:cold_reduce] [exp8042] small_head_load_after elapsed_s=4.020 completed=4482 pending=19198
[exp7303-validation:cold_reduce] [exp8042] numeric elapsed_s=4.106 completed=4609 pending=19071
[exp7303-validation:cold_reduce] [exp8042] small_head_load_before elapsed_s=4.192 completed=4736 pending=18944
[exp7303-validation:cold_reduce] [exp8042] small_head_load_after elapsed_s=4.192 completed=4736 pending=18944
[exp7303-validation:cold_reduce] [exp8042] numeric elapsed_s=4.309 completed=4865 pending=18815
[exp7303-validation:cold_reduce] [exp8042] small_head_load_before elapsed_s=4.483 completed=5046 pending=18634
[exp7303-validation:cold_reduce] [exp8042] small_head_load_after elapsed_s=4.484 completed=5046 pending=18634
[exp7303-validation:cold_reduce] [exp8042] numeric elapsed_s=4.546 completed=5121 pending=18559
[exp7303-validation:cold_reduce] [exp8042] small_head_load_before elapsed_s=4.775 completed=5356 pending=18324
[exp7303-validation:cold_reduce] [exp8042] small_head_load_after elapsed_s=4.775 completed=5356 pending=18324
[exp7303-validation:cold_reduce] [exp8042] numeric elapsed_s=4.789 completed=5377 pending=18303
[exp7303-validation:cold_reduce] [exp8042] numeric elapsed_s=5.034 completed=5633 pending=18047
[exp7303-validation:cold_reduce] [exp8042] small_head_load_before elapsed_s=5.067 completed=5666 pending=18014
[exp7303-validation:cold_reduce] [exp8042] small_head_load_after elapsed_s=5.067 completed=5666 pending=18014
[exp7303-validation:cold_reduce] [exp8042] numeric elapsed_s=5.217 completed=5889 pending=17791
[exp7303-validation:cold_reduce] [exp8042] small_head_load_before elapsed_s=5.238 completed=5920 pending=17760
[exp7303-validation:cold_reduce] [exp8042] small_head_load_after elapsed_s=5.238 completed=5920 pending=17760
[exp7303-validation:cold_reduce] [exp8042] numeric elapsed_s=5.449 completed=6145 pending=17535
[exp7303-validation:cold_reduce] [exp8042] small_head_load_before elapsed_s=5.530 completed=6230 pending=17450
[exp7303-validation:cold_reduce] [exp8042] small_head_load_after elapsed_s=5.530 completed=6230 pending=17450
[exp7303-validation:cold_reduce] [exp8042] numeric elapsed_s=5.688 completed=6401 pending=17279
[exp7303-validation:cold_reduce] [exp8042] small_head_load_before elapsed_s=5.823 completed=6540 pending=17140
[exp7303-validation:cold_reduce] [exp8042] small_head_load_after elapsed_s=5.823 completed=6540 pending=17140
[exp7303-validation:cold_reduce] [exp8042] numeric elapsed_s=5.926 completed=6657 pending=17023
[exp7303-validation:cold_reduce] [exp8042] small_head_load_before elapsed_s=6.114 completed=6850 pending=16830
[exp7303-validation:cold_reduce] [exp8042] small_head_load_after elapsed_s=6.114 completed=6850 pending=16830
[exp7303-validation:cold_reduce] [exp8042] numeric elapsed_s=6.157 completed=6913 pending=16767
[exp7303-validation:cold_reduce] [exp8042] small_head_load_before elapsed_s=6.287 completed=7104 pending=16576
[exp7303-validation:cold_reduce] [exp8042] small_head_load_after elapsed_s=6.287 completed=7104 pending=16576
[exp7303-validation:cold_reduce] [exp8042] numeric elapsed_s=6.343 completed=7169 pending=16511
[exp7303-validation:cold_reduce] [exp8042] small_head_load_before elapsed_s=6.578 completed=7414 pending=16266
[exp7303-validation:cold_reduce] [exp8042] small_head_load_after elapsed_s=6.578 completed=7414 pending=16266
[exp7303-validation:cold_reduce] [exp8042] numeric elapsed_s=6.586 completed=7425 pending=16255
[exp7303-validation:cold_reduce] [exp8042] numeric elapsed_s=6.828 completed=7681 pending=15999
[exp7303-validation:cold_reduce] [exp8042] small_head_load_before elapsed_s=6.868 completed=7724 pending=15956
[exp7303-validation:cold_reduce] [exp8042] small_head_load_after elapsed_s=6.868 completed=7724 pending=15956
[exp7303-validation:cold_reduce] [exp8042] numeric elapsed_s=7.065 completed=7937 pending=15743
[exp7303-validation:cold_reduce] [exp8042] small_head_load_before elapsed_s=7.160 completed=8034 pending=15646
[exp7303-validation:cold_reduce] [exp8042] small_head_load_after elapsed_s=7.160 completed=8034 pending=15646
[exp7303-validation:cold_reduce] [exp8042] numeric elapsed_s=7.267 completed=8193 pending=15487
[exp7303-validation:cold_reduce] [exp8042] small_head_load_before elapsed_s=7.331 completed=8288 pending=15392
[exp7303-validation:cold_reduce] [exp8042] small_head_load_after elapsed_s=7.331 completed=8288 pending=15392
[exp7303-validation:cold_reduce] [exp8042] numeric elapsed_s=7.482 completed=8449 pending=15231
[exp7303-validation:cold_reduce] [exp8042] small_head_load_before elapsed_s=7.854 completed=8598 pending=15082
[exp7303-validation:cold_reduce] [exp8042] small_head_load_after elapsed_s=7.854 completed=8598 pending=15082
[exp7303-validation:cold_reduce] [exp8042] numeric elapsed_s=7.951 completed=8705 pending=14975
[exp7303-validation:cold_reduce] [exp8042] small_head_load_before elapsed_s=8.148 completed=8908 pending=14772
[exp7303-validation:cold_reduce] [exp8042] small_head_load_after elapsed_s=8.148 completed=8908 pending=14772
[exp7303-validation:cold_reduce] [exp8042] numeric elapsed_s=8.190 completed=8961 pending=14719
[exp7303-validation:cold_reduce] [exp8042] numeric elapsed_s=8.440 completed=9217 pending=14463
[exp7303-validation:cold_reduce] [exp8042] small_head_load_before elapsed_s=8.441 completed=9218 pending=14462
[exp7303-validation:cold_reduce] [exp8042] small_head_load_after elapsed_s=8.441 completed=9218 pending=14462
[exp7303-validation:cold_reduce] [exp8042] small_head_load_before elapsed_s=8.613 completed=9472 pending=14208
[exp7303-validation:cold_reduce] [exp8042] small_head_load_after elapsed_s=8.613 completed=9472 pending=14208
[exp7303-validation:cold_reduce] [exp8042] numeric elapsed_s=8.614 completed=9473 pending=14207
[exp7303-validation:cold_reduce] [exp8042] numeric elapsed_s=8.854 completed=9729 pending=13951
[exp7303-validation:cold_reduce] [exp8042] small_head_load_before elapsed_s=8.906 completed=9782 pending=13898
[exp7303-validation:cold_reduce] [exp8042] small_head_load_after elapsed_s=8.906 completed=9782 pending=13898
[exp7303-validation:cold_reduce] [exp8042] numeric elapsed_s=9.096 completed=9985 pending=13695
[exp7303-validation:cold_reduce] [exp8042] small_head_load_before elapsed_s=9.197 completed=10092 pending=13588
[exp7303-validation:cold_reduce] [exp8042] small_head_load_after elapsed_s=9.198 completed=10092 pending=13588
[exp7303-validation:cold_reduce] [exp8042] numeric elapsed_s=9.333 completed=10241 pending=13439
[exp7303-validation:cold_reduce] [exp8042] small_head_load_before elapsed_s=9.489 completed=10402 pending=13278
[exp7303-validation:cold_reduce] [exp8042] small_head_load_after elapsed_s=9.489 completed=10402 pending=13278
[exp7303-validation:cold_reduce] [exp8042] numeric elapsed_s=9.554 completed=10497 pending=13183
[exp7303-validation:cold_reduce] [exp8042] small_head_load_before elapsed_s=9.662 completed=10656 pending=13024
[exp7303-validation:cold_reduce] [exp8042] small_head_load_after elapsed_s=9.662 completed=10656 pending=13024
[exp7303-validation:cold_reduce] [exp8042] numeric elapsed_s=9.748 completed=10753 pending=12927
[exp7303-validation:cold_reduce] [exp8042] small_head_load_before elapsed_s=9.954 completed=10966 pending=12714
[exp7303-validation:cold_reduce] [exp8042] small_head_load_after elapsed_s=9.955 completed=10966 pending=12714
[exp7303-validation:cold_reduce] [exp8042] numeric elapsed_s=9.990 completed=11009 pending=12671
[exp7303-validation:cold_reduce] [exp8042] numeric elapsed_s=10.238 completed=11265 pending=12415
[exp7303-validation:cold_reduce] [exp8042] small_head_load_before elapsed_s=10.247 completed=11276 pending=12404
[exp7303-validation:cold_reduce] [exp8042] small_head_load_after elapsed_s=10.247 completed=11276 pending=12404
[exp7303-validation:cold_reduce] [exp8042] numeric elapsed_s=10.478 completed=11521 pending=12159
[exp7303-validation:cold_reduce] [exp8042] small_head_load_before elapsed_s=10.540 completed=11586 pending=12094
[exp7303-validation:cold_reduce] [exp8042] small_head_load_after elapsed_s=10.540 completed=11586 pending=12094
[exp7303-validation:cold_reduce] [exp8042] numeric elapsed_s=10.669 completed=11777 pending=11903
[exp7303-validation:cold_reduce] [exp8042] small_head_load_before elapsed_s=10.711 completed=11840 pending=11840
[exp7303-validation:cold_reduce] [exp8042] small_head_load_after elapsed_s=10.712 completed=11840 pending=11840
[exp7303-validation:cold_reduce] [exp8042] numeric elapsed_s=10.889 completed=12033 pending=11647
[exp7303-validation:cold_reduce] [exp8042] small_head_load_before elapsed_s=11.004 completed=12150 pending=11530
[exp7303-validation:cold_reduce] [exp8042] small_head_load_after elapsed_s=11.004 completed=12150 pending=11530
[exp7303-validation:cold_reduce] [exp8042] numeric elapsed_s=11.133 completed=12289 pending=11391
[exp7303-validation:cold_reduce] [exp8042] small_head_load_before elapsed_s=11.297 completed=12460 pending=11220
[exp7303-validation:cold_reduce] [exp8042] small_head_load_after elapsed_s=11.297 completed=12460 pending=11220
[exp7303-validation:cold_reduce] [exp8042] numeric elapsed_s=11.372 completed=12545 pending=11135
[exp7303-validation:cold_reduce] [exp8042] small_head_load_before elapsed_s=11.590 completed=12770 pending=10910
[exp7303-validation:cold_reduce] [exp8042] small_head_load_after elapsed_s=11.591 completed=12770 pending=10910
[exp7303-validation:cold_reduce] [exp8042] numeric elapsed_s=11.612 completed=12801 pending=10879
[exp7303-validation:cold_reduce] [exp8042] small_head_load_before elapsed_s=11.764 completed=13024 pending=10656
[exp7303-validation:cold_reduce] [exp8042] small_head_load_after elapsed_s=11.764 completed=13024 pending=10656
[exp7303-validation:cold_reduce] [exp8042] numeric elapsed_s=11.786 completed=13057 pending=10623
[exp7303-validation:cold_reduce] [exp8042] numeric elapsed_s=12.036 completed=13313 pending=10367
[exp7303-validation:cold_reduce] [exp8042] small_head_load_before elapsed_s=12.056 completed=13334 pending=10346
[exp7303-validation:cold_reduce] [exp8042] small_head_load_after elapsed_s=12.056 completed=13334 pending=10346
[exp7303-validation:cold_reduce] [exp8042] numeric elapsed_s=12.274 completed=13569 pending=10111
[exp7303-validation:cold_reduce] [exp8042] small_head_load_before elapsed_s=12.348 completed=13644 pending=10036
[exp7303-validation:cold_reduce] [exp8042] small_head_load_after elapsed_s=12.348 completed=13644 pending=10036
[exp7303-validation:cold_reduce] [exp8042] numeric elapsed_s=12.519 completed=13825 pending=9855
[exp7303-validation:cold_reduce] [exp8042] small_head_load_before elapsed_s=12.642 completed=13954 pending=9726
[exp7303-validation:cold_reduce] [exp8042] small_head_load_after elapsed_s=12.642 completed=13954 pending=9726
[exp7303-validation:cold_reduce] [exp8042] numeric elapsed_s=12.729 completed=14081 pending=9599
[exp7303-validation:cold_reduce] [exp8042] small_head_load_before elapsed_s=12.815 completed=14208 pending=9472
[exp7303-validation:cold_reduce] [exp8042] small_head_load_after elapsed_s=12.815 completed=14208 pending=9472
[exp7303-validation:cold_reduce] [exp8042] numeric elapsed_s=12.932 completed=14337 pending=9343
[exp7303-validation:cold_reduce] [exp8042] small_head_load_before elapsed_s=13.108 completed=14518 pending=9162
[exp7303-validation:cold_reduce] [exp8042] small_head_load_after elapsed_s=13.108 completed=14518 pending=9162
[exp7303-validation:cold_reduce] [exp8042] numeric elapsed_s=13.171 completed=14593 pending=9087
[exp7303-validation:cold_reduce] [exp8042] small_head_load_before elapsed_s=13.402 completed=14828 pending=8852
[exp7303-validation:cold_reduce] [exp8042] small_head_load_after elapsed_s=13.402 completed=14828 pending=8852
[exp7303-validation:cold_reduce] [exp8042] numeric elapsed_s=13.416 completed=14849 pending=8831
[exp7303-validation:cold_reduce] [exp8042] numeric elapsed_s=13.662 completed=15105 pending=8575
[exp7303-validation:cold_reduce] [exp8042] small_head_load_before elapsed_s=13.694 completed=15138 pending=8542
[exp7303-validation:cold_reduce] [exp8042] small_head_load_after elapsed_s=13.694 completed=15138 pending=8542
[exp7303-validation:cold_reduce] [exp8042] numeric elapsed_s=13.844 completed=15361 pending=8319
[exp7303-validation:cold_reduce] [exp8042] small_head_load_before elapsed_s=13.865 completed=15392 pending=8288
[exp7303-validation:cold_reduce] [exp8042] small_head_load_after elapsed_s=13.865 completed=15392 pending=8288
[exp7303-validation:cold_reduce] [exp8042] numeric elapsed_s=14.078 completed=15617 pending=8063
[exp7303-validation:cold_reduce] [exp8042] small_head_load_before elapsed_s=14.159 completed=15702 pending=7978
[exp7303-validation:cold_reduce] [exp8042] small_head_load_after elapsed_s=14.159 completed=15702 pending=7978
[exp7303-validation:cold_reduce] [exp8042] numeric elapsed_s=14.316 completed=15873 pending=7807
[exp7303-validation:cold_reduce] [exp8042] small_head_load_before elapsed_s=14.451 completed=16012 pending=7668
[exp7303-validation:cold_reduce] [exp8042] small_head_load_after elapsed_s=14.451 completed=16012 pending=7668
[exp7303-validation:cold_reduce] [exp8042] numeric elapsed_s=14.554 completed=16129 pending=7551
[exp7303-validation:cold_reduce] [exp8042] small_head_load_before elapsed_s=14.742 completed=16322 pending=7358
[exp7303-validation:cold_reduce] [exp8042] small_head_load_after elapsed_s=14.742 completed=16322 pending=7358
[exp7303-validation:cold_reduce] [exp8042] numeric elapsed_s=14.785 completed=16385 pending=7295
[exp7303-validation:cold_reduce] [exp8042] small_head_load_before elapsed_s=14.914 completed=16576 pending=7104
[exp7303-validation:cold_reduce] [exp8042] small_head_load_after elapsed_s=14.914 completed=16576 pending=7104
[exp7303-validation:cold_reduce] [exp8042] numeric elapsed_s=14.970 completed=16641 pending=7039
[exp7303-validation:cold_reduce] [exp8042] small_head_load_before elapsed_s=15.205 completed=16886 pending=6794
[exp7303-validation:cold_reduce] [exp8042] small_head_load_after elapsed_s=15.205 completed=16886 pending=6794
[exp7303-validation:cold_reduce] [exp8042] numeric elapsed_s=15.213 completed=16897 pending=6783
[exp7303-validation:cold_reduce] [exp8042] numeric elapsed_s=15.457 completed=17153 pending=6527
[exp7303-validation:cold_reduce] [exp8042] small_head_load_before elapsed_s=15.498 completed=17196 pending=6484
[exp7303-validation:cold_reduce] [exp8042] small_head_load_after elapsed_s=15.498 completed=17196 pending=6484
[exp7303-validation:cold_reduce] [exp8042] numeric elapsed_s=15.695 completed=17409 pending=6271
[exp7303-validation:cold_reduce] [exp8042] small_head_load_before elapsed_s=15.790 completed=17506 pending=6174
[exp7303-validation:cold_reduce] [exp8042] small_head_load_after elapsed_s=15.790 completed=17506 pending=6174
[exp7303-validation:cold_reduce] [exp8042] numeric elapsed_s=15.897 completed=17665 pending=6015
[exp7303-validation:cold_reduce] [exp8042] small_head_load_before elapsed_s=15.961 completed=17760 pending=5920
[exp7303-validation:cold_reduce] [exp8042] small_head_load_after elapsed_s=15.961 completed=17760 pending=5920
[exp7303-validation:cold_reduce] [exp8042] numeric elapsed_s=16.112 completed=17921 pending=5759
[exp7303-validation:cold_reduce] [exp8042] small_head_load_before elapsed_s=16.254 completed=18070 pending=5610
[exp7303-validation:cold_reduce] [exp8042] small_head_load_after elapsed_s=16.254 completed=18070 pending=5610
[exp7303-validation:cold_reduce] [exp8042] numeric elapsed_s=16.350 completed=18177 pending=5503
[exp7303-validation:cold_reduce] [exp8042] small_head_load_before elapsed_s=16.545 completed=18380 pending=5300
[exp7303-validation:cold_reduce] [exp8042] small_head_load_after elapsed_s=16.546 completed=18380 pending=5300
[exp7303-validation:cold_reduce] [exp8042] numeric elapsed_s=16.588 completed=18433 pending=5247
[exp7303-validation:cold_reduce] [exp8042] numeric elapsed_s=16.837 completed=18689 pending=4991
[exp7303-validation:cold_reduce] [exp8042] small_head_load_before elapsed_s=16.837 completed=18690 pending=4990
[exp7303-validation:cold_reduce] [exp8042] small_head_load_after elapsed_s=16.837 completed=18690 pending=4990
[exp7303-validation:cold_reduce] [exp8042] small_head_load_before elapsed_s=17.009 completed=18944 pending=4736
[exp7303-validation:cold_reduce] [exp8042] small_head_load_after elapsed_s=17.010 completed=18944 pending=4736
[exp7303-validation:cold_reduce] [exp8042] numeric elapsed_s=17.010 completed=18945 pending=4735
[exp7303-validation:cold_reduce] [exp8042] numeric elapsed_s=17.250 completed=19201 pending=4479
[exp7303-validation:cold_reduce] [exp8042] small_head_load_before elapsed_s=17.302 completed=19254 pending=4426
[exp7303-validation:cold_reduce] [exp8042] small_head_load_after elapsed_s=17.302 completed=19254 pending=4426
[exp7303-validation:cold_reduce] [exp8042] numeric elapsed_s=17.491 completed=19457 pending=4223
[exp7303-validation:cold_reduce] [exp8042] small_head_load_before elapsed_s=17.593 completed=19564 pending=4116
[exp7303-validation:cold_reduce] [exp8042] small_head_load_after elapsed_s=17.593 completed=19564 pending=4116
[exp7303-validation:cold_reduce] [exp8042] numeric elapsed_s=17.728 completed=19713 pending=3967
[exp7303-validation:cold_reduce] [exp8042] small_head_load_before elapsed_s=17.886 completed=19874 pending=3806
[exp7303-validation:cold_reduce] [exp8042] small_head_load_after elapsed_s=17.886 completed=19874 pending=3806
[exp7303-validation:cold_reduce] [exp8042] numeric elapsed_s=17.950 completed=19969 pending=3711
[exp7303-validation:cold_reduce] [exp8042] small_head_load_before elapsed_s=18.056 completed=20128 pending=3552
[exp7303-validation:cold_reduce] [exp8042] small_head_load_after elapsed_s=18.056 completed=20128 pending=3552
[exp7303-validation:cold_reduce] [exp8042] numeric elapsed_s=18.142 completed=20225 pending=3455
[exp7303-validation:cold_reduce] [exp8042] small_head_load_before elapsed_s=18.347 completed=20438 pending=3242
[exp7303-validation:cold_reduce] [exp8042] small_head_load_after elapsed_s=18.347 completed=20438 pending=3242
[exp7303-validation:cold_reduce] [exp8042] numeric elapsed_s=18.382 completed=20481 pending=3199
[exp7303-validation:cold_reduce] [exp8042] numeric elapsed_s=18.631 completed=20737 pending=2943
[exp7303-validation:cold_reduce] [exp8042] small_head_load_before elapsed_s=18.640 completed=20748 pending=2932
[exp7303-validation:cold_reduce] [exp8042] small_head_load_after elapsed_s=18.640 completed=20748 pending=2932
[exp7303-validation:cold_reduce] [exp8042] numeric elapsed_s=18.869 completed=20993 pending=2687
[exp7303-validation:cold_reduce] [exp8042] small_head_load_before elapsed_s=18.931 completed=21058 pending=2622
[exp7303-validation:cold_reduce] [exp8042] small_head_load_after elapsed_s=18.931 completed=21058 pending=2622
[exp7303-validation:cold_reduce] [exp8042] numeric elapsed_s=19.058 completed=21249 pending=2431
[exp7303-validation:cold_reduce] [exp8042] small_head_load_before elapsed_s=19.102 completed=21312 pending=2368
[exp7303-validation:cold_reduce] [exp8042] small_head_load_after elapsed_s=19.102 completed=21312 pending=2368
[exp7303-validation:cold_reduce] [exp8042] numeric elapsed_s=19.280 completed=21505 pending=2175
[exp7303-validation:cold_reduce] [exp8042] small_head_load_before elapsed_s=19.394 completed=21622 pending=2058
[exp7303-validation:cold_reduce] [exp8042] small_head_load_after elapsed_s=19.394 completed=21622 pending=2058
[exp7303-validation:cold_reduce] [exp8042] numeric elapsed_s=19.523 completed=21761 pending=1919
[exp7303-validation:cold_reduce] [exp8042] small_head_load_before elapsed_s=19.685 completed=21932 pending=1748
[exp7303-validation:cold_reduce] [exp8042] small_head_load_after elapsed_s=19.685 completed=21932 pending=1748
[exp7303-validation:cold_reduce] [exp8042] numeric elapsed_s=19.760 completed=22017 pending=1663
[exp7303-validation:cold_reduce] [exp8042] small_head_load_before elapsed_s=19.976 completed=22242 pending=1438
[exp7303-validation:cold_reduce] [exp8042] small_head_load_after elapsed_s=19.976 completed=22242 pending=1438
[exp7303-validation:cold_reduce] [exp8042] numeric elapsed_s=19.997 completed=22273 pending=1407
[exp7303-validation:cold_reduce] [exp8042] small_head_load_before elapsed_s=20.147 completed=22496 pending=1184
[exp7303-validation:cold_reduce] [exp8042] small_head_load_after elapsed_s=20.147 completed=22496 pending=1184
[exp7303-validation:cold_reduce] [exp8042] numeric elapsed_s=20.170 completed=22529 pending=1151
[exp7303-validation:cold_reduce] [exp8042] numeric elapsed_s=20.418 completed=22785 pending=895
[exp7303-validation:cold_reduce] [exp8042] small_head_load_before elapsed_s=20.438 completed=22806 pending=874
[exp7303-validation:cold_reduce] [exp8042] small_head_load_after elapsed_s=20.439 completed=22806 pending=874
[exp7303-validation:cold_reduce] [exp8042] numeric elapsed_s=20.656 completed=23041 pending=639
[exp7303-validation:cold_reduce] [exp8042] small_head_load_before elapsed_s=20.730 completed=23116 pending=564
[exp7303-validation:cold_reduce] [exp8042] small_head_load_after elapsed_s=20.730 completed=23116 pending=564
[exp7303-validation:cold_reduce] [exp8042] numeric elapsed_s=20.900 completed=23297 pending=383
[exp7303-validation:cold_reduce] [exp8042] small_head_load_before elapsed_s=21.021 completed=23426 pending=254
[exp7303-validation:cold_reduce] [exp8042] small_head_load_after elapsed_s=21.021 completed=23426 pending=254
[exp7303-validation:cold_reduce] [exp8042] numeric elapsed_s=21.106 completed=23553 pending=127
[exp7303-validation:cold_reduce] [exp8042] numeric elapsed_s=21.191 completed=23680 pending=0
[exp7303-validation:cold_reduce] [exp8042] small_head_load_before elapsed_s=0.000 completed=0 pending=2
[exp7303-validation:cold_reduce] [exp8042] small_head_load_after elapsed_s=0.000 completed=0 pending=2
[exp7303-validation:cold_reduce] [exp8042] numeric elapsed_s=0.000 completed=1 pending=1
[exp7303-validation:cold_reduce] [exp8042] numeric elapsed_s=0.001 completed=2 pending=0
[exp7303-validation:cold_reduce] [exp8042] small_head_load_before elapsed_s=0.000 completed=0 pending=2
[exp7303-validation:cold_reduce] [exp8042] small_head_load_after elapsed_s=0.000 completed=0 pending=2
[exp7303-validation:cold_reduce] [exp8042] numeric elapsed_s=0.000 completed=1 pending=1
[exp7303-validation:cold_reduce] [exp8042] numeric elapsed_s=0.000 completed=2 pending=0
[exp7303-validation:cold_reduce] [exp8042] small_head_load_before elapsed_s=0.000 completed=0 pending=128
[exp7303-validation:cold_reduce] [exp8042] small_head_load_after elapsed_s=0.000 completed=0 pending=128
[exp7303-validation:cold_reduce] [exp8042] numeric elapsed_s=0.000 completed=1 pending=127
[exp7303-validation:cold_reduce] [exp8042] numeric elapsed_s=0.019 completed=128 pending=0
[exp7303-validation:cold_reduce] [exp8042] small_head_load_before elapsed_s=0.000 completed=0 pending=2
[exp7303-validation:cold_reduce] [exp8042] small_head_load_after elapsed_s=0.000 completed=0 pending=2
[exp7303-validation:cold_reduce] [exp8042] numeric elapsed_s=0.000 completed=1 pending=1
[exp7303-validation:cold_reduce] [exp8042] numeric elapsed_s=0.000 completed=2 pending=0
[exp7303-validation:cold_reduce] {"passed": true, "rows_checksum": "sha256:a407dd703511f48b9bc4fccce6bfecf2cd23b8126bc5c2821f9b38129ab34647"}
[exp7303-validation] after_subprocess cold_reduce elapsed_s=24.243 exit=0 unit=1/1
[exp7303-validation] before_subprocess adversarial elapsed_s=0.000 unit=1/2
[exp7303-validation] subprocess_outstanding adversarial elapsed_s=30.001
[exp7303-validation:adversarial] {
[exp7303-validation:adversarial]   "reports": [
[exp7303-validation:adversarial]     {
[exp7303-validation:adversarial]       "artifact": "/home/ianblenke/github.com/ianblenke/carnot/results/raw/experiment_8042_v696_precision_fallback_boundary/terminal_candidate.json",
[exp7303-validation:adversarial]       "loaded": true,
[exp7303-validation:adversarial]       "exp_id": 8042,
[exp7303-validation:adversarial]       "title": "",
[exp7303-validation:adversarial]       "honest_verdict": "complete_null_bounded_fallback_custody",
[exp7303-validation:adversarial]       "flag_count": 0,
[exp7303-validation:adversarial]       "max_severity": -1,
[exp7303-validation:adversarial]       "flags": [],
[exp7303-validation:adversarial]       "gate_version": "07ddacadae8c3b8d3250ad0977bda6f747d5bcb02bb7af3119b80db2547b62c7"
[exp7303-validation:adversarial]     }
[exp7303-validation:adversarial]   ],
[exp7303-validation:adversarial]   "flagged_count": 0
[exp7303-validation:adversarial] }
[exp7303-validation] after_subprocess adversarial elapsed_s=45.602 exit=0 unit=1/2
[exp7303-validation] before_subprocess row_consistency elapsed_s=0.000 unit=2/2
[exp7303-validation:row_consistency] 
[exp7303-validation:row_consistency] verdict-row-consistency: checked 1, skipped 0 (no per-unit rows), unreadable 0.
[exp7303-validation:row_consistency]   No row/verdict contradictions among the artifacts that could be checked.
[exp7303-validation] after_subprocess row_consistency elapsed_s=1.525 exit=0 unit=2/2
[exp7303-validation] before_subprocess cold_reduce elapsed_s=0.000 unit=1/1
[exp7303-validation:cold_reduce] [exp8042] phase=start elapsed_s=0.000 completed=1 pending=current_phase model_loads=0 generations=0 device_calls=0
[exp7303-validation:cold_reduce] [exp8042] small_head_load_before elapsed_s=0.000 completed=0 pending=23680
[exp7303-validation:cold_reduce] [exp8042] small_head_load_after elapsed_s=0.000 completed=0 pending=23680
[exp7303-validation:cold_reduce] [exp8042] numeric elapsed_s=0.001 completed=1 pending=23679
[exp7303-validation:cold_reduce] [exp8042] numeric elapsed_s=0.244 completed=257 pending=23423
[exp7303-validation:cold_reduce] [exp8042] small_head_load_before elapsed_s=0.297 completed=310 pending=23370
[exp7303-validation:cold_reduce] [exp8042] small_head_load_after elapsed_s=0.297 completed=310 pending=23370
[exp7303-validation:cold_reduce] [exp8042] numeric elapsed_s=0.491 completed=513 pending=23167
[exp7303-validation:cold_reduce] [exp8042] small_head_load_before elapsed_s=0.596 completed=620 pending=23060
[exp7303-validation:cold_reduce] [exp8042] small_head_load_after elapsed_s=0.596 completed=620 pending=23060
[exp7303-validation:cold_reduce] [exp8042] numeric elapsed_s=0.735 completed=769 pending=22911
[exp7303-validation:cold_reduce] [exp8042] small_head_load_before elapsed_s=0.895 completed=930 pending=22750
[exp7303-validation:cold_reduce] [exp8042] small_head_load_after elapsed_s=0.895 completed=930 pending=22750
[exp7303-validation:cold_reduce] [exp8042] numeric elapsed_s=0.961 completed=1025 pending=22655
[exp7303-validation:cold_reduce] [exp8042] small_head_load_before elapsed_s=1.070 completed=1184 pending=22496
[exp7303-validation:cold_reduce] [exp8042] small_head_load_after elapsed_s=1.070 completed=1184 pending=22496
[exp7303-validation:cold_reduce] [exp8042] numeric elapsed_s=1.158 completed=1281 pending=22399
[exp7303-validation:cold_reduce] [exp8042] small_head_load_before elapsed_s=1.369 completed=1494 pending=22186
[exp7303-validation:cold_reduce] [exp8042] small_head_load_after elapsed_s=1.369 completed=1494 pending=22186
[exp7303-validation:cold_reduce] [exp8042] numeric elapsed_s=1.405 completed=1537 pending=22143
[exp7303-validation:cold_reduce] [exp8042] numeric elapsed_s=1.659 completed=1793 pending=21887
[exp7303-validation:cold_reduce] [exp8042] small_head_load_before elapsed_s=1.668 completed=1804 pending=21876
[exp7303-validation:cold_reduce] [exp8042] small_head_load_after elapsed_s=1.668 completed=1804 pending=21876
[exp7303-validation:cold_reduce] [exp8042] numeric elapsed_s=1.902 completed=2049 pending=21631
[exp7303-validation:cold_reduce] [exp8042] small_head_load_before elapsed_s=1.965 completed=2114 pending=21566
[exp7303-validation:cold_reduce] [exp8042] small_head_load_after elapsed_s=1.965 completed=2114 pending=21566
[exp7303-validation:cold_reduce] [exp8042] numeric elapsed_s=2.098 completed=2305 pending=21375
[exp7303-validation:cold_reduce] [exp8042] small_head_load_before elapsed_s=2.141 completed=2368 pending=21312
[exp7303-validation:cold_reduce] [exp8042] small_head_load_after elapsed_s=2.142 completed=2368 pending=21312
[exp7303-validation:cold_reduce] [exp8042] numeric elapsed_s=2.323 completed=2561 pending=21119
[exp7303-validation:cold_reduce] [exp8042] small_head_load_before elapsed_s=2.440 completed=2678 pending=21002
[exp7303-validation:cold_reduce] [exp8042] small_head_load_after elapsed_s=2.440 completed=2678 pending=21002
[exp7303-validation:cold_reduce] [exp8042] numeric elapsed_s=2.573 completed=2817 pending=20863
[exp7303-validation:cold_reduce] [exp8042] small_head_load_before elapsed_s=2.739 completed=2988 pending=20692
[exp7303-validation:cold_reduce] [exp8042] small_head_load_after elapsed_s=2.739 completed=2988 pending=20692
[exp7303-validation:cold_reduce] [exp8042] numeric elapsed_s=2.816 completed=3073 pending=20607
[exp7303-validation:cold_reduce] [exp8042] small_head_load_before elapsed_s=3.038 completed=3298 pending=20382
[exp7303-validation:cold_reduce] [exp8042] small_head_load_after elapsed_s=3.038 completed=3298 pending=20382
[exp7303-validation:cold_reduce] [exp8042] numeric elapsed_s=3.060 completed=3329 pending=20351
[exp7303-validation:cold_reduce] [exp8042] small_head_load_before elapsed_s=3.212 completed=3552 pending=20128
[exp7303-validation:cold_reduce] [exp8042] small_head_load_after elapsed_s=3.213 completed=3552 pending=20128
[exp7303-validation:cold_reduce] [exp8042] numeric elapsed_s=3.235 completed=3585 pending=20095
[exp7303-validation:cold_reduce] [exp8042] numeric elapsed_s=3.490 completed=3841 pending=19839
[exp7303-validation:cold_reduce] [exp8042] small_head_load_before elapsed_s=3.510 completed=3862 pending=19818
[exp7303-validation:cold_reduce] [exp8042] small_head_load_after elapsed_s=3.510 completed=3862 pending=19818
[exp7303-validation:cold_reduce] [exp8042] numeric elapsed_s=3.732 completed=4097 pending=19583
[exp7303-validation:cold_reduce] [exp8042] small_head_load_before elapsed_s=3.809 completed=4172 pending=19508
[exp7303-validation:cold_reduce] [exp8042] small_head_load_after elapsed_s=3.809 completed=4172 pending=19508
[exp7303-validation:cold_reduce] [exp8042] numeric elapsed_s=3.982 completed=4353 pending=19327
[exp7303-validation:cold_reduce] [exp8042] small_head_load_before elapsed_s=4.106 completed=4482 pending=19198
[exp7303-validation:cold_reduce] [exp8042] small_head_load_after elapsed_s=4.106 completed=4482 pending=19198
[exp7303-validation:cold_reduce] [exp8042] numeric elapsed_s=4.194 completed=4609 pending=19071
[exp7303-validation:cold_reduce] [exp8042] small_head_load_before elapsed_s=4.282 completed=4736 pending=18944
[exp7303-validation:cold_reduce] [exp8042] small_head_load_after elapsed_s=4.282 completed=4736 pending=18944
[exp7303-validation:cold_reduce] [exp8042] numeric elapsed_s=4.401 completed=4865 pending=18815
[exp7303-validation:cold_reduce] [exp8042] small_head_load_before elapsed_s=4.580 completed=5046 pending=18634
[exp7303-validation:cold_reduce] [exp8042] small_head_load_after elapsed_s=4.580 completed=5046 pending=18634
[exp7303-validation:cold_reduce] [exp8042] numeric elapsed_s=4.643 completed=5121 pending=18559
[exp7303-validation:cold_reduce] [exp8042] small_head_load_before elapsed_s=4.876 completed=5356 pending=18324
[exp7303-validation:cold_reduce] [exp8042] small_head_load_after elapsed_s=4.876 completed=5356 pending=18324
[exp7303-validation:cold_reduce] [exp8042] numeric elapsed_s=4.890 completed=5377 pending=18303
[exp7303-validation:cold_reduce] [exp8042] numeric elapsed_s=5.140 completed=5633 pending=18047
[exp7303-validation:cold_reduce] [exp8042] small_head_load_before elapsed_s=5.173 completed=5666 pending=18014
[exp7303-validation:cold_reduce] [exp8042] small_head_load_after elapsed_s=5.173 completed=5666 pending=18014
[exp7303-validation:cold_reduce] [exp8042] numeric elapsed_s=5.327 completed=5889 pending=17791
[exp7303-validation:cold_reduce] [exp8042] small_head_load_before elapsed_s=5.348 completed=5920 pending=17760
[exp7303-validation:cold_reduce] [exp8042] small_head_load_after elapsed_s=5.348 completed=5920 pending=17760
[exp7303-validation:cold_reduce] [exp8042] numeric elapsed_s=5.562 completed=6145 pending=17535
[exp7303-validation:cold_reduce] [exp8042] small_head_load_before elapsed_s=5.644 completed=6230 pending=17450
[exp7303-validation:cold_reduce] [exp8042] small_head_load_after elapsed_s=5.644 completed=6230 pending=17450
[exp7303-validation:cold_reduce] [exp8042] numeric elapsed_s=5.804 completed=6401 pending=17279
[exp7303-validation:cold_reduce] [exp8042] small_head_load_before elapsed_s=5.942 completed=6540 pending=17140
[exp7303-validation:cold_reduce] [exp8042] small_head_load_after elapsed_s=5.942 completed=6540 pending=17140
[exp7303-validation:cold_reduce] [exp8042] numeric elapsed_s=6.047 completed=6657 pending=17023
[exp7303-validation:cold_reduce] [exp8042] small_head_load_before elapsed_s=6.238 completed=6850 pending=16830
[exp7303-validation:cold_reduce] [exp8042] small_head_load_after elapsed_s=6.238 completed=6850 pending=16830
[exp7303-validation:cold_reduce] [exp8042] numeric elapsed_s=6.282 completed=6913 pending=16767
[exp7303-validation:cold_reduce] [exp8042] small_head_load_before elapsed_s=6.414 completed=7104 pending=16576
[exp7303-validation:cold_reduce] [exp8042] small_head_load_after elapsed_s=6.414 completed=7104 pending=16576
[exp7303-validation:cold_reduce] [exp8042] numeric elapsed_s=6.471 completed=7169 pending=16511
[exp7303-validation:cold_reduce] [exp8042] small_head_load_before elapsed_s=6.711 completed=7414 pending=16266
[exp7303-validation:cold_reduce] [exp8042] small_head_load_after elapsed_s=6.711 completed=7414 pending=16266
[exp7303-validation:cold_reduce] [exp8042] numeric elapsed_s=6.719 completed=7425 pending=16255
[exp7303-validation:cold_reduce] [exp8042] numeric elapsed_s=6.966 completed=7681 pending=15999
[exp7303-validation:cold_reduce] [exp8042] small_head_load_before elapsed_s=7.007 completed=7724 pending=15956
[exp7303-validation:cold_reduce] [exp8042] small_head_load_after elapsed_s=7.007 completed=7724 pending=15956
[exp7303-validation:cold_reduce] [exp8042] numeric elapsed_s=7.206 completed=7937 pending=15743
[exp7303-validation:cold_reduce] [exp8042] small_head_load_before elapsed_s=7.303 completed=8034 pending=15646
[exp7303-validation:cold_reduce] [exp8042] small_head_load_after elapsed_s=7.303 completed=8034 pending=15646
[exp7303-validation:cold_reduce] [exp8042] numeric elapsed_s=7.413 completed=8193 pending=15487
[exp7303-validation:cold_reduce] [exp8042] small_head_load_before elapsed_s=7.477 completed=8288 pending=15392
[exp7303-validation:cold_reduce] [exp8042] small_head_load_after elapsed_s=7.478 completed=8288 pending=15392
[exp7303-validation:cold_reduce] [exp8042] numeric elapsed_s=7.631 completed=8449 pending=15231
[exp7303-validation:cold_reduce] [exp8042] small_head_load_before elapsed_s=8.000 completed=8598 pending=15082
[exp7303-validation:cold_reduce] [exp8042] small_head_load_after elapsed_s=8.001 completed=8598 pending=15082
[exp7303-validation:cold_reduce] [exp8042] numeric elapsed_s=8.098 completed=8705 pending=14975
[exp7303-validation:cold_reduce] [exp8042] small_head_load_before elapsed_s=8.298 completed=8908 pending=14772
[exp7303-validation:cold_reduce] [exp8042] small_head_load_after elapsed_s=8.298 completed=8908 pending=14772
[exp7303-validation:cold_reduce] [exp8042] numeric elapsed_s=8.341 completed=8961 pending=14719
[exp7303-validation:cold_reduce] [exp8042] numeric elapsed_s=8.596 completed=9217 pending=14463
[exp7303-validation:cold_reduce] [exp8042] small_head_load_before elapsed_s=8.597 completed=9218 pending=14462
[exp7303-validation:cold_reduce] [exp8042] small_head_load_after elapsed_s=8.597 completed=9218 pending=14462
[exp7303-validation:cold_reduce] [exp8042] small_head_load_before elapsed_s=8.772 completed=9472 pending=14208
[exp7303-validation:cold_reduce] [exp8042] small_head_load_after elapsed_s=8.772 completed=9472 pending=14208
[exp7303-validation:cold_reduce] [exp8042] numeric elapsed_s=8.773 completed=9473 pending=14207
[exp7303-validation:cold_reduce] [exp8042] numeric elapsed_s=9.016 completed=9729 pending=13951
[exp7303-validation:cold_reduce] [exp8042] small_head_load_before elapsed_s=9.070 completed=9782 pending=13898
[exp7303-validation:cold_reduce] [exp8042] small_head_load_after elapsed_s=9.070 completed=9782 pending=13898
[exp7303-validation:cold_reduce] [exp8042] numeric elapsed_s=9.265 completed=9985 pending=13695
[exp7303-validation:cold_reduce] [exp8042] small_head_load_before elapsed_s=9.369 completed=10092 pending=13588
[exp7303-validation:cold_reduce] [exp8042] small_head_load_after elapsed_s=9.369 completed=10092 pending=13588
[exp7303-validation:cold_reduce] [exp8042] numeric elapsed_s=9.508 completed=10241 pending=13439
[exp7303-validation:cold_reduce] [exp8042] small_head_load_before elapsed_s=9.668 completed=10402 pending=13278
[exp7303-validation:cold_reduce] [exp8042] small_head_load_after elapsed_s=9.668 completed=10402 pending=13278
[exp7303-validation:cold_reduce] [exp8042] numeric elapsed_s=9.734 completed=10497 pending=13183
[exp7303-validation:cold_reduce] [exp8042] small_head_load_before elapsed_s=9.844 completed=10656 pending=13024
[exp7303-validation:cold_reduce] [exp8042] small_head_load_after elapsed_s=9.844 completed=10656 pending=13024
[exp7303-validation:cold_reduce] [exp8042] numeric elapsed_s=9.933 completed=10753 pending=12927
[exp7303-validation:cold_reduce] [exp8042] small_head_load_before elapsed_s=10.144 completed=10966 pending=12714
[exp7303-validation:cold_reduce] [exp8042] small_head_load_after elapsed_s=10.144 completed=10966 pending=12714
[exp7303-validation:cold_reduce] [exp8042] numeric elapsed_s=10.180 completed=11009 pending=12671
[exp7303-validation:cold_reduce] [exp8042] numeric elapsed_s=10.432 completed=11265 pending=12415
[exp7303-validation:cold_reduce] [exp8042] small_head_load_before elapsed_s=10.441 completed=11276 pending=12404
[exp7303-validation:cold_reduce] [exp8042] small_head_load_after elapsed_s=10.441 completed=11276 pending=12404
[exp7303-validation:cold_reduce] [exp8042] numeric elapsed_s=10.677 completed=11521 pending=12159
[exp7303-validation:cold_reduce] [exp8042] small_head_load_before elapsed_s=10.740 completed=11586 pending=12094
[exp7303-validation:cold_reduce] [exp8042] small_head_load_after elapsed_s=10.741 completed=11586 pending=12094
[exp7303-validation:cold_reduce] [exp8042] numeric elapsed_s=10.872 completed=11777 pending=11903
[exp7303-validation:cold_reduce] [exp8042] small_head_load_before elapsed_s=10.915 completed=11840 pending=11840
[exp7303-validation:cold_reduce] [exp8042] small_head_load_after elapsed_s=10.915 completed=11840 pending=11840
[exp7303-validation:cold_reduce] [exp8042] numeric elapsed_s=11.096 completed=12033 pending=11647
[exp7303-validation:cold_reduce] [exp8042] small_head_load_before elapsed_s=11.211 completed=12150 pending=11530
[exp7303-validation:cold_reduce] [exp8042] small_head_load_after elapsed_s=11.211 completed=12150 pending=11530
[exp7303-validation:cold_reduce] [exp8042] numeric elapsed_s=11.343 completed=12289 pending=11391
[exp7303-validation:cold_reduce] [exp8042] small_head_load_before elapsed_s=11.510 completed=12460 pending=11220
[exp7303-validation:cold_reduce] [exp8042] small_head_load_after elapsed_s=11.510 completed=12460 pending=11220
[exp7303-validation:cold_reduce] [exp8042] numeric elapsed_s=11.587 completed=12545 pending=11135
[exp7303-validation:cold_reduce] [exp8042] small_head_load_before elapsed_s=11.808 completed=12770 pending=10910
[exp7303-validation:cold_reduce] [exp8042] small_head_load_after elapsed_s=11.808 completed=12770 pending=10910
[exp7303-validation:cold_reduce] [exp8042] numeric elapsed_s=11.830 completed=12801 pending=10879
[exp7303-validation:cold_reduce] [exp8042] small_head_load_before elapsed_s=11.982 completed=13024 pending=10656
[exp7303-validation:cold_reduce] [exp8042] small_head_load_after elapsed_s=11.982 completed=13024 pending=10656
[exp7303-validation:cold_reduce] [exp8042] numeric elapsed_s=12.005 completed=13057 pending=10623
[exp7303-validation:cold_reduce] [exp8042] numeric elapsed_s=12.260 completed=13313 pending=10367
[exp7303-validation:cold_reduce] [exp8042] small_head_load_before elapsed_s=12.281 completed=13334 pending=10346
[exp7303-validation:cold_reduce] [exp8042] small_head_load_after elapsed_s=12.281 completed=13334 pending=10346
[exp7303-validation:cold_reduce] [exp8042] numeric elapsed_s=12.502 completed=13569 pending=10111
[exp7303-validation:cold_reduce] [exp8042] small_head_load_before elapsed_s=12.578 completed=13644 pending=10036
[exp7303-validation:cold_reduce] [exp8042] small_head_load_after elapsed_s=12.578 completed=13644 pending=10036
[exp7303-validation:cold_reduce] [exp8042] numeric elapsed_s=12.750 completed=13825 pending=9855
[exp7303-validation:cold_reduce] [exp8042] small_head_load_before elapsed_s=12.875 completed=13954 pending=9726
[exp7303-validation:cold_reduce] [exp8042] small_head_load_after elapsed_s=12.875 completed=13954 pending=9726
[exp7303-validation:cold_reduce] [exp8042] numeric elapsed_s=12.962 completed=14081 pending=9599
[exp7303-validation:cold_reduce] [exp8042] small_head_load_before elapsed_s=13.050 completed=14208 pending=9472
[exp7303-validation:cold_reduce] [exp8042] small_head_load_after elapsed_s=13.050 completed=14208 pending=9472
[exp7303-validation:cold_reduce] [exp8042] numeric elapsed_s=13.169 completed=14337 pending=9343
[exp7303-validation:cold_reduce] [exp8042] small_head_load_before elapsed_s=13.346 completed=14518 pending=9162
[exp7303-validation:cold_reduce] [exp8042] small_head_load_after elapsed_s=13.346 completed=14518 pending=9162
[exp7303-validation:cold_reduce] [exp8042] numeric elapsed_s=13.410 completed=14593 pending=9087
[exp7303-validation:cold_reduce] [exp8042] small_head_load_before elapsed_s=13.644 completed=14828 pending=8852
[exp7303-validation:cold_reduce] [exp8042] small_head_load_after elapsed_s=13.644 completed=14828 pending=8852
[exp7303-validation:cold_reduce] [exp8042] numeric elapsed_s=13.658 completed=14849 pending=8831
[exp7303-validation:cold_reduce] [exp8042] numeric elapsed_s=13.908 completed=15105 pending=8575
[exp7303-validation:cold_reduce] [exp8042] small_head_load_before elapsed_s=13.941 completed=15138 pending=8542
[exp7303-validation:cold_reduce] [exp8042] small_head_load_after elapsed_s=13.941 completed=15138 pending=8542
[exp7303-validation:cold_reduce] [exp8042] numeric elapsed_s=14.093 completed=15361 pending=8319
[exp7303-validation:cold_reduce] [exp8042] small_head_load_before elapsed_s=14.115 completed=15392 pending=8288
[exp7303-validation:cold_reduce] [exp8042] small_head_load_after elapsed_s=14.115 completed=15392 pending=8288
[exp7303-validation:cold_reduce] [exp8042] numeric elapsed_s=14.329 completed=15617 pending=8063
[exp7303-validation:cold_reduce] [exp8042] small_head_load_before elapsed_s=14.412 completed=15702 pending=7978
[exp7303-validation:cold_reduce] [exp8042] small_head_load_after elapsed_s=14.412 completed=15702 pending=7978
[exp7303-validation:cold_reduce] [exp8042] numeric elapsed_s=14.572 completed=15873 pending=7807
[exp7303-validation:cold_reduce] [exp8042] small_head_load_before elapsed_s=14.710 completed=16012 pending=7668
[exp7303-validation:cold_reduce] [exp8042] small_head_load_after elapsed_s=14.710 completed=16012 pending=7668
[exp7303-validation:cold_reduce] [exp8042] numeric elapsed_s=14.816 completed=16129 pending=7551
[exp7303-validation:cold_reduce] [exp8042] small_head_load_before elapsed_s=15.007 completed=16322 pending=7358
[exp7303-validation:cold_reduce] [exp8042] small_head_load_after elapsed_s=15.007 completed=16322 pending=7358
[exp7303-validation:cold_reduce] [exp8042] numeric elapsed_s=15.051 completed=16385 pending=7295
[exp7303-validation:cold_reduce] [exp8042] small_head_load_before elapsed_s=15.181 completed=16576 pending=7104
[exp7303-validation:cold_reduce] [exp8042] small_head_load_after elapsed_s=15.182 completed=16576 pending=7104
[exp7303-validation:cold_reduce] [exp8042] numeric elapsed_s=15.238 completed=16641 pending=7039
[exp7303-validation:cold_reduce] [exp8042] small_head_load_before elapsed_s=15.479 completed=16886 pending=6794
[exp7303-validation:cold_reduce] [exp8042] small_head_load_after elapsed_s=15.480 completed=16886 pending=6794
[exp7303-validation:cold_reduce] [exp8042] numeric elapsed_s=15.487 completed=16897 pending=6783
[exp7303-validation:cold_reduce] [exp8042] numeric elapsed_s=15.736 completed=17153 pending=6527
[exp7303-validation:cold_reduce] [exp8042] small_head_load_before elapsed_s=15.778 completed=17196 pending=6484
[exp7303-validation:cold_reduce] [exp8042] small_head_load_after elapsed_s=15.778 completed=17196 pending=6484
[exp7303-validation:cold_reduce] [exp8042] numeric elapsed_s=15.980 completed=17409 pending=6271
[exp7303-validation:cold_reduce] [exp8042] small_head_load_before elapsed_s=16.077 completed=17506 pending=6174
[exp7303-validation:cold_reduce] [exp8042] small_head_load_after elapsed_s=16.077 completed=17506 pending=6174
[exp7303-validation:cold_reduce] [exp8042] numeric elapsed_s=16.186 completed=17665 pending=6015
[exp7303-validation:cold_reduce] [exp8042] small_head_load_before elapsed_s=16.251 completed=17760 pending=5920
[exp7303-validation:cold_reduce] [exp8042] small_head_load_after elapsed_s=16.251 completed=17760 pending=5920
[exp7303-validation:cold_reduce] [exp8042] numeric elapsed_s=16.404 completed=17921 pending=5759
[exp7303-validation:cold_reduce] [exp8042] small_head_load_before elapsed_s=16.549 completed=18070 pending=5610
[exp7303-validation:cold_reduce] [exp8042] small_head_load_after elapsed_s=16.549 completed=18070 pending=5610
[exp7303-validation:cold_reduce] [exp8042] numeric elapsed_s=16.646 completed=18177 pending=5503
[exp7303-validation:cold_reduce] [exp8042] small_head_load_before elapsed_s=16.845 completed=18380 pending=5300
[exp7303-validation:cold_reduce] [exp8042] small_head_load_after elapsed_s=16.845 completed=18380 pending=5300
[exp7303-validation:cold_reduce] [exp8042] numeric elapsed_s=16.888 completed=18433 pending=5247
[exp7303-validation:cold_reduce] [exp8042] numeric elapsed_s=17.141 completed=18689 pending=4991
[exp7303-validation:cold_reduce] [exp8042] small_head_load_before elapsed_s=17.142 completed=18690 pending=4990
[exp7303-validation:cold_reduce] [exp8042] small_head_load_after elapsed_s=17.142 completed=18690 pending=4990
[exp7303-validation:cold_reduce] [exp8042] small_head_load_before elapsed_s=17.315 completed=18944 pending=4736
[exp7303-validation:cold_reduce] [exp8042] small_head_load_after elapsed_s=17.316 completed=18944 pending=4736
[exp7303-validation:cold_reduce] [exp8042] numeric elapsed_s=17.316 completed=18945 pending=4735
[exp7303-validation:cold_reduce] [exp8042] numeric elapsed_s=17.561 completed=19201 pending=4479
[exp7303-validation:cold_reduce] [exp8042] small_head_load_before elapsed_s=17.614 completed=19254 pending=4426
[exp7303-validation:cold_reduce] [exp8042] small_head_load_after elapsed_s=17.614 completed=19254 pending=4426
[exp7303-validation:cold_reduce] [exp8042] numeric elapsed_s=17.806 completed=19457 pending=4223
[exp7303-validation:cold_reduce] [exp8042] small_head_load_before elapsed_s=17.909 completed=19564 pending=4116
[exp7303-validation:cold_reduce] [exp8042] small_head_load_after elapsed_s=17.909 completed=19564 pending=4116
[exp7303-validation:cold_reduce] [exp8042] numeric elapsed_s=18.047 completed=19713 pending=3967
[exp7303-validation:cold_reduce] [exp8042] small_head_load_before elapsed_s=18.205 completed=19874 pending=3806
[exp7303-validation:cold_reduce] [exp8042] small_head_load_after elapsed_s=18.205 completed=19874 pending=3806
[exp7303-validation:cold_reduce] [exp8042] numeric elapsed_s=18.271 completed=19969 pending=3711
[exp7303-validation:cold_reduce] [exp8042] small_head_load_before elapsed_s=18.379 completed=20128 pending=3552
[exp7303-validation:cold_reduce] [exp8042] small_head_load_after elapsed_s=18.379 completed=20128 pending=3552
[exp7303-validation:cold_reduce] [exp8042] numeric elapsed_s=18.467 completed=20225 pending=3455
[exp7303-validation:cold_reduce] [exp8042] small_head_load_before elapsed_s=18.676 completed=20438 pending=3242
[exp7303-validation:cold_reduce] [exp8042] small_head_load_after elapsed_s=18.676 completed=20438 pending=3242
[exp7303-validation:cold_reduce] [exp8042] numeric elapsed_s=18.712 completed=20481 pending=3199
[exp7303-validation:cold_reduce] [exp8042] numeric elapsed_s=18.963 completed=20737 pending=2943
[exp7303-validation:cold_reduce] [exp8042] small_head_load_before elapsed_s=18.972 completed=20748 pending=2932
[exp7303-validation:cold_reduce] [exp8042] small_head_load_after elapsed_s=18.972 completed=20748 pending=2932
[exp7303-validation:cold_reduce] [exp8042] numeric elapsed_s=19.207 completed=20993 pending=2687
[exp7303-validation:cold_reduce] [exp8042] small_head_load_before elapsed_s=19.269 completed=21058 pending=2622
[exp7303-validation:cold_reduce] [exp8042] small_head_load_after elapsed_s=19.269 completed=21058 pending=2622
[exp7303-validation:cold_reduce] [exp8042] numeric elapsed_s=19.399 completed=21249 pending=2431
[exp7303-validation:cold_reduce] [exp8042] small_head_load_before elapsed_s=19.444 completed=21312 pending=2368
[exp7303-validation:cold_reduce] [exp8042] small_head_load_after elapsed_s=19.444 completed=21312 pending=2368
[exp7303-validation:cold_reduce] [exp8042] numeric elapsed_s=19.623 completed=21505 pending=2175
[exp7303-validation:cold_reduce] [exp8042] small_head_load_before elapsed_s=19.740 completed=21622 pending=2058
[exp7303-validation:cold_reduce] [exp8042] small_head_load_after elapsed_s=19.740 completed=21622 pending=2058
[exp7303-validation:cold_reduce] [exp8042] numeric elapsed_s=19.871 completed=21761 pending=1919
[exp7303-validation:cold_reduce] [exp8042] small_head_load_before elapsed_s=20.036 completed=21932 pending=1748
[exp7303-validation:cold_reduce] [exp8042] small_head_load_after elapsed_s=20.036 completed=21932 pending=1748
[exp7303-validation:cold_reduce] [exp8042] numeric elapsed_s=20.112 completed=22017 pending=1663
[exp7303-validation:cold_reduce] [exp8042] small_head_load_before elapsed_s=20.331 completed=22242 pending=1438
[exp7303-validation:cold_reduce] [exp8042] small_head_load_after elapsed_s=20.331 completed=22242 pending=1438
[exp7303-validation:cold_reduce] [exp8042] numeric elapsed_s=20.353 completed=22273 pending=1407
[exp7303-validation:cold_reduce] [exp8042] small_head_load_before elapsed_s=20.505 completed=22496 pending=1184
[exp7303-validation:cold_reduce] [exp8042] small_head_load_after elapsed_s=20.506 completed=22496 pending=1184
[exp7303-validation:cold_reduce] [exp8042] numeric elapsed_s=20.528 completed=22529 pending=1151
[exp7303-validation:cold_reduce] [exp8042] numeric elapsed_s=20.782 completed=22785 pending=895
[exp7303-validation:cold_reduce] [exp8042] small_head_load_before elapsed_s=20.802 completed=22806 pending=874
[exp7303-validation:cold_reduce] [exp8042] small_head_load_after elapsed_s=20.802 completed=22806 pending=874
[exp7303-validation:cold_reduce] [exp8042] numeric elapsed_s=21.023 completed=23041 pending=639
[exp7303-validation:cold_reduce] [exp8042] small_head_load_before elapsed_s=21.098 completed=23116 pending=564
[exp7303-validation:cold_reduce] [exp8042] small_head_load_after elapsed_s=21.098 completed=23116 pending=564
[exp7303-validation:cold_reduce] [exp8042] numeric elapsed_s=21.272 completed=23297 pending=383
[exp7303-validation:cold_reduce] [exp8042] small_head_load_before elapsed_s=21.397 completed=23426 pending=254
[exp7303-validation:cold_reduce] [exp8042] small_head_load_after elapsed_s=21.397 completed=23426 pending=254
[exp7303-validation:cold_reduce] [exp8042] numeric elapsed_s=21.484 completed=23553 pending=127
[exp7303-validation:cold_reduce] [exp8042] numeric elapsed_s=21.571 completed=23680 pending=0
[exp7303-validation:cold_reduce] [exp8042] small_head_load_before elapsed_s=0.000 completed=0 pending=2
[exp7303-validation:cold_reduce] [exp8042] small_head_load_after elapsed_s=0.000 completed=0 pending=2
[exp7303-validation:cold_reduce] [exp8042] numeric elapsed_s=0.000 completed=1 pending=1
[exp7303-validation:cold_reduce] [exp8042] numeric elapsed_s=0.001 completed=2 pending=0
[exp7303-validation:cold_reduce] [exp8042] small_head_load_before elapsed_s=0.000 completed=0 pending=2
[exp7303-validation:cold_reduce] [exp8042] small_head_load_after elapsed_s=0.000 completed=0 pending=2
[exp7303-validation:cold_reduce] [exp8042] numeric elapsed_s=0.000 completed=1 pending=1
[exp7303-validation:cold_reduce] [exp8042] numeric elapsed_s=0.000 completed=2 pending=0
[exp7303-validation:cold_reduce] [exp8042] small_head_load_before elapsed_s=0.000 completed=0 pending=128
[exp7303-validation:cold_reduce] [exp8042] small_head_load_after elapsed_s=0.000 completed=0 pending=128
[exp7303-validation:cold_reduce] [exp8042] numeric elapsed_s=0.000 completed=1 pending=127
[exp7303-validation:cold_reduce] [exp8042] numeric elapsed_s=0.019 completed=128 pending=0
[exp7303-validation:cold_reduce] [exp8042] small_head_load_before elapsed_s=0.000 completed=0 pending=2
[exp7303-validation:cold_reduce] [exp8042] small_head_load_after elapsed_s=0.000 completed=0 pending=2
[exp7303-validation:cold_reduce] [exp8042] numeric elapsed_s=0.000 completed=1 pending=1
[exp7303-validation:cold_reduce] [exp8042] numeric elapsed_s=0.000 completed=2 pending=0
[exp7303-validation:cold_reduce] {"passed": true, "rows_checksum": "sha256:a407dd703511f48b9bc4fccce6bfecf2cd23b8126bc5c2821f9b38129ab34647"}
[exp7303-validation] after_subprocess cold_reduce elapsed_s=24.542 exit=0 unit=1/1
[exp7303-validation] before_subprocess adversarial elapsed_s=0.000 unit=1/2
[exp7303-validation] subprocess_outstanding adversarial elapsed_s=30.001
[exp7303-validation:adversarial] {
[exp7303-validation:adversarial]   "reports": [
[exp7303-validation:adversarial]     {
[exp7303-validation:adversarial]       "artifact": "/home/ianblenke/github.com/ianblenke/carnot/results/experiment_8042_v696_precision_fallback_boundary.json",
[exp7303-validation:adversarial]       "loaded": true,
[exp7303-validation:adversarial]       "exp_id": 8042,
[exp7303-validation:adversarial]       "title": "",
[exp7303-validation:adversarial]       "honest_verdict": "complete_null_bounded_fallback_custody",
[exp7303-validation:adversarial]       "flag_count": 0,
[exp7303-validation:adversarial]       "max_severity": -1,
[exp7303-validation:adversarial]       "flags": [],
[exp7303-validation:adversarial]       "gate_version": "07ddacadae8c3b8d3250ad0977bda6f747d5bcb02bb7af3119b80db2547b62c7"
[exp7303-validation:adversarial]     }
[exp7303-validation:adversarial]   ],
[exp7303-validation:adversarial]   "flagged_count": 0
[exp7303-validation:adversarial] }
[exp7303-validation] after_subprocess adversarial elapsed_s=46.078 exit=0 unit=1/2
[exp7303-validation] before_subprocess row_consistency elapsed_s=0.000 unit=2/2
[exp7303-validation:row_consistency] 
[exp7303-validation:row_consistency] verdict-row-consistency: checked 1, skipped 0 (no per-unit rows), unreadable 0.
[exp7303-validation:row_consistency]   No row/verdict contradictions among the artifacts that could be checked.
[exp7303-validation] after_subprocess row_consistency elapsed_s=1.535 exit=0 unit=2/2
[exp8042] phase=published_and_rechecked elapsed_s=228.713 completed=9 pending=current_phase model_loads=0 generations=0 device_calls=0
