[exp8387] phase=start_no_model_load_current_LLM_calls_0 completed=0 pending=0
[exp8387] phase=worker_before completed=0 pending=0
[exp8387] phase=custody completed=0 pending=82
[exp8387] phase=custody completed=50 pending=32
[exp8362] phase=before_benchmark_dyadic completed=0 pending=0
[exp8362] phase=dyadic_vectors completed=256 pending=3910
[exp8362] phase=dyadic_vectors completed=512 pending=3654
[exp8362] phase=dyadic_vectors completed=768 pending=3398
[exp8362] phase=dyadic_vectors completed=1024 pending=3142
[exp8362] phase=dyadic_vectors completed=1280 pending=2886
[exp8362] phase=dyadic_vectors completed=1536 pending=2630
[exp8362] phase=dyadic_vectors completed=1792 pending=2374
[exp8362] phase=dyadic_vectors completed=2048 pending=2118
[exp8362] phase=dyadic_vectors completed=2304 pending=1862
[exp8362] phase=dyadic_vectors completed=2560 pending=1606
[exp8362] phase=dyadic_vectors completed=2816 pending=1350
[exp8362] phase=dyadic_vectors completed=3072 pending=1094
[exp8362] phase=dyadic_vectors completed=3328 pending=838
[exp8362] phase=dyadic_vectors completed=3584 pending=582
[exp8362] phase=dyadic_vectors completed=3840 pending=326
[exp8362] phase=dyadic_vectors completed=4096 pending=70
[exp8362] phase=dyadic_vectors completed=4166 pending=0
[exp8362] phase=after_benchmark_dyadic completed=4166 pending=0
[exp8362] phase=before_benchmark_delayed_refresh completed=0 pending=0
[exp8362] phase=delayed_refresh completed=8 pending=80
[exp8362] phase=delayed_refresh completed=16 pending=72
[exp8362] phase=delayed_refresh completed=24 pending=64
[exp8362] phase=delayed_refresh completed=32 pending=56
[exp8362] phase=delayed_refresh completed=40 pending=48
[exp8362] phase=delayed_refresh completed=48 pending=40
[exp8362] phase=delayed_refresh completed=56 pending=32
[exp8362] phase=delayed_refresh completed=64 pending=24
[exp8362] phase=delayed_refresh completed=72 pending=16
[exp8362] phase=delayed_refresh completed=80 pending=8
[exp8362] phase=delayed_refresh completed=88 pending=0
[exp8362] phase=after_benchmark_delayed_refresh completed=88 pending=0
[exp8387] phase=worker_after completed=1 pending=0
