[exp8008] phase=begin_no_pretrained_model_load_or_generation elapsed_s=0.014 units=0 pending=0
[exp8008] phase=roles_methods_budgets_gates_frozen elapsed_s=0.492 units=0 pending=0
[exp8008] phase=benchmark_before_conditioned_energy elapsed_s=0.494 units=17 pending=0
[exp8008] phase=benchmark_before_conditioned_energy_seed_17_l2_0.0001 elapsed_s=0.494 units=0 pending=0
[exp8008] epoch=0 seed=17 loss=0.688054652794 gradient=0.325455 elapsed_s=0.495 pending_steps=2000
[exp8008] epoch=1 seed=17 loss=0.460544798056 gradient=0.0422491 elapsed_s=0.495 pending_steps=1999
[exp8008] epoch=2 seed=17 loss=0.45433528926 gradient=0.00407121 elapsed_s=0.495 pending_steps=1998
[exp8008] epoch=3 seed=17 loss=0.454248752553 gradient=7.88775e-05 elapsed_s=0.495 pending_steps=1997
[exp8008] epoch=4 seed=17 loss=0.45424870871 gradient=4.25251e-08 elapsed_s=0.495 pending_steps=1996
[exp8008] epoch=5 seed=17 loss=0.45424870871 gradient=1.3069e-14 elapsed_s=0.495 pending_steps=1995
[exp8008] epoch=0 seed=17 loss=0.454249171893 gradient=0.0114489 elapsed_s=0.496 pending_steps=2000
[exp8008] epoch=1 seed=17 loss=0.365892600034 gradient=0.037924 elapsed_s=0.496 pending_steps=1999
[exp8008] epoch=2 seed=17 loss=0.354547234412 gradient=0.00496341 elapsed_s=0.496 pending_steps=1998
[exp8008] epoch=3 seed=17 loss=0.353963662827 gradient=0.000299909 elapsed_s=0.497 pending_steps=1997
[exp8008] epoch=4 seed=17 loss=0.353958588691 gradient=2.56482e-06 elapsed_s=0.497 pending_steps=1996
[exp8008] epoch=5 seed=17 loss=0.353958587643 gradient=5.78915e-10 elapsed_s=0.497 pending_steps=1995
[exp8008] phase=benchmark_after_conditioned_energy_seed_17_l2_0.0001 elapsed_s=0.499 units=0 pending=0
[exp8008] phase=benchmark_before_conditioned_energy_seed_17_l2_0.001 elapsed_s=0.499 units=0 pending=0
[exp8008] epoch=0 seed=17 loss=0.688091510499 gradient=0.325455 elapsed_s=0.499 pending_steps=2000
[exp8008] epoch=1 seed=17 loss=0.462517828632 gradient=0.0414109 elapsed_s=0.499 pending_steps=1999
[exp8008] epoch=2 seed=17 loss=0.456677400481 gradient=0.00378604 elapsed_s=0.499 pending_steps=1998
[exp8008] epoch=3 seed=17 loss=0.456605204331 gradient=6.44823e-05 elapsed_s=0.499 pending_steps=1997
[exp8008] epoch=4 seed=17 loss=0.456605176218 gradient=2.66018e-08 elapsed_s=0.499 pending_steps=1996
[exp8008] epoch=5 seed=17 loss=0.456605176218 gradient=4.74317e-15 elapsed_s=0.499 pending_steps=1995
[exp8008] epoch=0 seed=17 loss=0.456605645125 gradient=0.0114355 elapsed_s=0.500 pending_steps=2000
[exp8008] epoch=1 seed=17 loss=0.408264237251 gradient=0.0174926 elapsed_s=0.500 pending_steps=1999
[exp8008] epoch=2 seed=17 loss=0.406588601771 gradient=0.000881408 elapsed_s=0.500 pending_steps=1998
[exp8008] epoch=3 seed=17 loss=0.406582397469 gradient=4.08777e-06 elapsed_s=0.500 pending_steps=1997
[exp8008] epoch=4 seed=17 loss=0.406582397286 gradient=1.2083e-10 elapsed_s=0.501 pending_steps=1996
[exp8008] phase=benchmark_after_conditioned_energy_seed_17_l2_0.001 elapsed_s=0.502 units=0 pending=0
[exp8008] phase=benchmark_before_conditioned_energy_seed_17_l2_0.01 elapsed_s=0.502 units=0 pending=0
[exp8008] epoch=0 seed=17 loss=0.688460087547 gradient=0.325455 elapsed_s=0.502 pending_steps=2000
[exp8008] epoch=1 seed=17 loss=0.480424608363 gradient=0.0340747 elapsed_s=0.502 pending_steps=1999
[exp8008] epoch=2 seed=17 loss=0.477132354905 gradient=0.00190433 elapsed_s=0.502 pending_steps=1998
[exp8008] epoch=3 seed=17 loss=0.477118560199 gradient=1.02802e-05 elapsed_s=0.502 pending_steps=1997
[exp8008] epoch=4 seed=17 loss=0.477118559675 gradient=4.04584e-10 elapsed_s=0.502 pending_steps=1996
[exp8008] epoch=0 seed=17 loss=0.477119062734 gradient=0.0147688 elapsed_s=0.503 pending_steps=2000
[exp8008] epoch=1 seed=17 loss=0.456265718877 gradient=0.00354771 elapsed_s=0.503 pending_steps=1999
[exp8008] epoch=2 seed=17 loss=0.456219580641 gradient=2.63816e-05 elapsed_s=0.503 pending_steps=1998
[exp8008] epoch=3 seed=17 loss=0.456219577939 gradient=1.89608e-09 elapsed_s=0.504 pending_steps=1997
[exp8008] phase=benchmark_after_conditioned_energy_seed_17_l2_0.01 elapsed_s=0.505 units=0 pending=0
[exp8008] epoch=0 seed=17 loss=0.477119062734 gradient=0.0147688 elapsed_s=0.512 pending_steps=3
[exp8008] epoch=1 seed=17 loss=0.477102893137 gradient=0.01475 elapsed_s=0.512 pending_steps=2
[exp8008] epoch=2 seed=17 loss=0.477086746575 gradient=0.0147313 elapsed_s=0.512 pending_steps=1
[exp8008] epoch=3 seed=17 loss=0.477070622977 gradient=0.0147127 elapsed_s=0.513 pending_steps=0
[exp8008] phase=benchmark_after_conditioned_energy elapsed_s=0.513 units=17 pending=0
[exp8008] phase=benchmark_before_conditioned_energy elapsed_s=0.513 units=29 pending=0
[exp8008] phase=benchmark_before_conditioned_energy_seed_29_l2_0.0001 elapsed_s=0.513 units=0 pending=0
[exp8008] epoch=0 seed=29 loss=0.688059512301 gradient=0.325459 elapsed_s=0.513 pending_steps=2000
[exp8008] epoch=1 seed=29 loss=0.460544746169 gradient=0.0422489 elapsed_s=0.513 pending_steps=1999
[exp8008] epoch=2 seed=29 loss=0.454335287124 gradient=0.00407118 elapsed_s=0.513 pending_steps=1998
[exp8008] epoch=3 seed=29 loss=0.454248752551 gradient=7.88755e-05 elapsed_s=0.513 pending_steps=1997
[exp8008] epoch=4 seed=29 loss=0.45424870871 gradient=4.25228e-08 elapsed_s=0.513 pending_steps=1996
[exp8008] epoch=5 seed=29 loss=0.45424870871 gradient=1.30305e-14 elapsed_s=0.513 pending_steps=1995
[exp8008] epoch=0 seed=29 loss=0.454249306791 gradient=0.0114472 elapsed_s=0.513 pending_steps=2000
[exp8008] epoch=1 seed=29 loss=0.36589258998 gradient=0.0379238 elapsed_s=0.514 pending_steps=1999
[exp8008] epoch=2 seed=29 loss=0.354547245115 gradient=0.00496341 elapsed_s=0.514 pending_steps=1998
[exp8008] epoch=3 seed=29 loss=0.353963663245 gradient=0.000299913 elapsed_s=0.514 pending_steps=1997
[exp8008] epoch=4 seed=29 loss=0.353958588691 gradient=2.56501e-06 elapsed_s=0.515 pending_steps=1996
[exp8008] epoch=5 seed=29 loss=0.353958587643 gradient=5.79035e-10 elapsed_s=0.515 pending_steps=1995
[exp8008] phase=benchmark_after_conditioned_energy_seed_29_l2_0.0001 elapsed_s=0.516 units=0 pending=0
[exp8008] phase=benchmark_before_conditioned_energy_seed_29_l2_0.001 elapsed_s=0.516 units=0 pending=0
[exp8008] epoch=0 seed=29 loss=0.688096370006 gradient=0.325459 elapsed_s=0.517 pending_steps=2000
[exp8008] epoch=1 seed=29 loss=0.462517778371 gradient=0.0414107 elapsed_s=0.517 pending_steps=1999
[exp8008] epoch=2 seed=29 loss=0.456677398628 gradient=0.00378601 elapsed_s=0.517 pending_steps=1998
[exp8008] epoch=3 seed=29 loss=0.45660520433 gradient=6.44806e-05 elapsed_s=0.517 pending_steps=1997
[exp8008] epoch=4 seed=29 loss=0.456605176218 gradient=2.66003e-08 elapsed_s=0.517 pending_steps=1996
[exp8008] epoch=5 seed=29 loss=0.456605176218 gradient=4.77873e-15 elapsed_s=0.517 pending_steps=1995
[exp8008] epoch=0 seed=29 loss=0.45660579288 gradient=0.0114337 elapsed_s=0.517 pending_steps=2000
[exp8008] epoch=1 seed=29 loss=0.408264233281 gradient=0.0174925 elapsed_s=0.517 pending_steps=1999
[exp8008] epoch=2 seed=29 loss=0.406588601861 gradient=0.000881404 elapsed_s=0.518 pending_steps=1998
[exp8008] epoch=3 seed=29 loss=0.406582397469 gradient=4.08777e-06 elapsed_s=0.518 pending_steps=1997
[exp8008] epoch=4 seed=29 loss=0.406582397286 gradient=1.20833e-10 elapsed_s=0.518 pending_steps=1996
[exp8008] phase=benchmark_after_conditioned_energy_seed_29_l2_0.001 elapsed_s=0.519 units=0 pending=0
[exp8008] phase=benchmark_before_conditioned_energy_seed_29_l2_0.01 elapsed_s=0.519 units=0 pending=0
[exp8008] epoch=0 seed=29 loss=0.688464947053 gradient=0.325459 elapsed_s=0.520 pending_steps=2000
[exp8008] epoch=1 seed=29 loss=0.480424571445 gradient=0.0340746 elapsed_s=0.520 pending_steps=1999
[exp8008] epoch=2 seed=29 loss=0.477132354417 gradient=0.0019043 elapsed_s=0.520 pending_steps=1998
[exp8008] epoch=3 seed=29 loss=0.477118560199 gradient=1.02799e-05 elapsed_s=0.520 pending_steps=1997
[exp8008] epoch=4 seed=29 loss=0.477118559675 gradient=4.04553e-10 elapsed_s=0.520 pending_steps=1996
[exp8008] epoch=0 seed=29 loss=0.477119339999 gradient=0.0147724 elapsed_s=0.520 pending_steps=2000
[exp8008] epoch=1 seed=29 loss=0.45626571689 gradient=0.0035476 elapsed_s=0.521 pending_steps=1999
[exp8008] epoch=2 seed=29 loss=0.456219580641 gradient=2.63797e-05 elapsed_s=0.521 pending_steps=1998
[exp8008] epoch=3 seed=29 loss=0.456219577939 gradient=1.89572e-09 elapsed_s=0.521 pending_steps=1997
[exp8008] phase=benchmark_after_conditioned_energy_seed_29_l2_0.01 elapsed_s=0.522 units=0 pending=0
[exp8008] epoch=0 seed=29 loss=0.477119339999 gradient=0.0147724 elapsed_s=0.529 pending_steps=3
[exp8008] epoch=1 seed=29 loss=0.477103170139 gradient=0.0147536 elapsed_s=0.530 pending_steps=2
[exp8008] epoch=2 seed=29 loss=0.477087023319 gradient=0.0147349 elapsed_s=0.530 pending_steps=1
[exp8008] epoch=3 seed=29 loss=0.477070899469 gradient=0.0147162 elapsed_s=0.530 pending_steps=0
[exp8008] phase=benchmark_after_conditioned_energy elapsed_s=0.530 units=29 pending=0
[exp8008] phase=benchmark_before_conditioned_energy elapsed_s=0.530 units=43 pending=0
[exp8008] phase=benchmark_before_conditioned_energy_seed_43_l2_0.0001 elapsed_s=0.530 units=0 pending=0
[exp8008] epoch=0 seed=43 loss=0.688057442063 gradient=0.325458 elapsed_s=0.531 pending_steps=2000
[exp8008] epoch=1 seed=43 loss=0.460544768275 gradient=0.042249 elapsed_s=0.531 pending_steps=1999
[exp8008] epoch=2 seed=43 loss=0.454335288034 gradient=0.00407119 elapsed_s=0.531 pending_steps=1998
[exp8008] epoch=3 seed=43 loss=0.454248752552 gradient=7.88763e-05 elapsed_s=0.531 pending_steps=1997
[exp8008] epoch=4 seed=43 loss=0.45424870871 gradient=4.25238e-08 elapsed_s=0.531 pending_steps=1996
[exp8008] epoch=5 seed=43 loss=0.45424870871 gradient=1.29751e-14 elapsed_s=0.531 pending_steps=1995
[exp8008] epoch=0 seed=43 loss=0.454248629031 gradient=0.0114477 elapsed_s=0.531 pending_steps=2000
[exp8008] epoch=1 seed=43 loss=0.365892450813 gradient=0.0379236 elapsed_s=0.531 pending_steps=1999
[exp8008] epoch=2 seed=43 loss=0.354547228643 gradient=0.00496335 elapsed_s=0.532 pending_steps=1998
[exp8008] epoch=3 seed=43 loss=0.35396366294 gradient=0.000299905 elapsed_s=0.532 pending_steps=1997
[exp8008] epoch=4 seed=43 loss=0.353958588691 gradient=2.56485e-06 elapsed_s=0.532 pending_steps=1996
[exp8008] epoch=5 seed=43 loss=0.353958587643 gradient=5.78957e-10 elapsed_s=0.533 pending_steps=1995
[exp8008] phase=benchmark_after_conditioned_energy_seed_43_l2_0.0001 elapsed_s=0.534 units=0 pending=0
[exp8008] phase=benchmark_before_conditioned_energy_seed_43_l2_0.001 elapsed_s=0.534 units=0 pending=0
[exp8008] epoch=0 seed=43 loss=0.688094299767 gradient=0.325458 elapsed_s=0.534 pending_steps=2000
[exp8008] epoch=1 seed=43 loss=0.462517799784 gradient=0.0414108 elapsed_s=0.534 pending_steps=1999
[exp8008] epoch=2 seed=43 loss=0.456677399418 gradient=0.00378602 elapsed_s=0.534 pending_steps=1998
[exp8008] epoch=3 seed=43 loss=0.456605204331 gradient=6.44814e-05 elapsed_s=0.534 pending_steps=1997
[exp8008] epoch=4 seed=43 loss=0.456605176218 gradient=2.6601e-08 elapsed_s=0.534 pending_steps=1996
[exp8008] epoch=5 seed=43 loss=0.456605176218 gradient=4.73449e-15 elapsed_s=0.534 pending_steps=1995
[exp8008] epoch=0 seed=43 loss=0.45660509312 gradient=0.0114343 elapsed_s=0.535 pending_steps=2000
[exp8008] epoch=1 seed=43 loss=0.408264179517 gradient=0.0174922 elapsed_s=0.535 pending_steps=1999
[exp8008] epoch=2 seed=43 loss=0.406588601406 gradient=0.000881375 elapsed_s=0.535 pending_steps=1998
[exp8008] epoch=3 seed=43 loss=0.406582397469 gradient=4.08748e-06 elapsed_s=0.536 pending_steps=1997
[exp8008] epoch=4 seed=43 loss=0.406582397286 gradient=1.20815e-10 elapsed_s=0.536 pending_steps=1996
[exp8008] phase=benchmark_after_conditioned_energy_seed_43_l2_0.001 elapsed_s=0.537 units=0 pending=0
[exp8008] phase=benchmark_before_conditioned_energy_seed_43_l2_0.01 elapsed_s=0.537 units=0 pending=0
[exp8008] epoch=0 seed=43 loss=0.688462876815 gradient=0.325457 elapsed_s=0.538 pending_steps=2000
[exp8008] epoch=1 seed=43 loss=0.480424587173 gradient=0.0340746 elapsed_s=0.538 pending_steps=1999
[exp8008] epoch=2 seed=43 loss=0.477132354625 gradient=0.00190431 elapsed_s=0.538 pending_steps=1998
[exp8008] epoch=3 seed=43 loss=0.477118560199 gradient=1.028e-05 elapsed_s=0.538 pending_steps=1997
[exp8008] epoch=4 seed=43 loss=0.477118559675 gradient=4.04566e-10 elapsed_s=0.538 pending_steps=1996
[exp8008] epoch=0 seed=43 loss=0.477118439928 gradient=0.0147704 elapsed_s=0.538 pending_steps=2000
[exp8008] epoch=1 seed=43 loss=0.456265711802 gradient=0.00354741 elapsed_s=0.538 pending_steps=1999
[exp8008] epoch=2 seed=43 loss=0.45621958064 gradient=2.63768e-05 elapsed_s=0.539 pending_steps=1998
[exp8008] epoch=3 seed=43 loss=0.456219577939 gradient=1.89532e-09 elapsed_s=0.539 pending_steps=1997
[exp8008] phase=benchmark_after_conditioned_energy_seed_43_l2_0.01 elapsed_s=0.540 units=0 pending=0
[exp8008] epoch=0 seed=43 loss=0.477118439928 gradient=0.0147704 elapsed_s=0.547 pending_steps=3
[exp8008] epoch=1 seed=43 loss=0.47710227124 gradient=0.0147516 elapsed_s=0.547 pending_steps=2
[exp8008] epoch=2 seed=43 loss=0.477086125585 gradient=0.0147329 elapsed_s=0.548 pending_steps=1
[exp8008] epoch=3 seed=43 loss=0.477070002897 gradient=0.0147142 elapsed_s=0.548 pending_steps=0
[exp8008] phase=benchmark_after_conditioned_energy elapsed_s=0.548 units=43 pending=0
[exp8008] phase=benchmark_before_conditioned_energy elapsed_s=0.548 units=71 pending=0
[exp8008] phase=benchmark_before_conditioned_energy_seed_71_l2_0.0001 elapsed_s=0.548 units=0 pending=0
[exp8008] epoch=0 seed=71 loss=0.688058078361 gradient=0.325458 elapsed_s=0.548 pending_steps=2000
[exp8008] epoch=1 seed=71 loss=0.460544761481 gradient=0.042249 elapsed_s=0.549 pending_steps=1999
[exp8008] epoch=2 seed=71 loss=0.454335287754 gradient=0.00407119 elapsed_s=0.549 pending_steps=1998
[exp8008] epoch=3 seed=71 loss=0.454248752552 gradient=7.88761e-05 elapsed_s=0.549 pending_steps=1997
[exp8008] epoch=4 seed=71 loss=0.45424870871 gradient=4.25235e-08 elapsed_s=0.549 pending_steps=1996
[exp8008] epoch=5 seed=71 loss=0.45424870871 gradient=1.29376e-14 elapsed_s=0.549 pending_steps=1995
[exp8008] epoch=0 seed=71 loss=0.454248829636 gradient=0.0114477 elapsed_s=0.549 pending_steps=2000
[exp8008] epoch=1 seed=71 loss=0.365892489567 gradient=0.0379238 elapsed_s=0.549 pending_steps=1999
[exp8008] epoch=2 seed=71 loss=0.354547228742 gradient=0.00496337 elapsed_s=0.549 pending_steps=1998
[exp8008] epoch=3 seed=71 loss=0.35396366282 gradient=0.000299905 elapsed_s=0.550 pending_steps=1997
[exp8008] epoch=4 seed=71 loss=0.353958588691 gradient=2.56479e-06 elapsed_s=0.550 pending_steps=1996
[exp8008] epoch=5 seed=71 loss=0.353958587643 gradient=5.78913e-10 elapsed_s=0.550 pending_steps=1995
[exp8008] phase=benchmark_after_conditioned_energy_seed_71_l2_0.0001 elapsed_s=0.551 units=0 pending=0
[exp8008] phase=benchmark_before_conditioned_energy_seed_71_l2_0.001 elapsed_s=0.552 units=0 pending=0
[exp8008] epoch=0 seed=71 loss=0.688094936065 gradient=0.325458 elapsed_s=0.552 pending_steps=2000
[exp8008] epoch=1 seed=71 loss=0.462517793203 gradient=0.0414108 elapsed_s=0.552 pending_steps=1999
[exp8008] epoch=2 seed=71 loss=0.456677399175 gradient=0.00378602 elapsed_s=0.552 pending_steps=1998
[exp8008] epoch=3 seed=71 loss=0.45660520433 gradient=6.44811e-05 elapsed_s=0.552 pending_steps=1997
[exp8008] epoch=4 seed=71 loss=0.456605176218 gradient=2.66008e-08 elapsed_s=0.552 pending_steps=1996
[exp8008] epoch=5 seed=71 loss=0.456605176218 gradient=4.75878e-15 elapsed_s=0.552 pending_steps=1995
[exp8008] epoch=0 seed=71 loss=0.456605298765 gradient=0.0114342 elapsed_s=0.552 pending_steps=2000
[exp8008] epoch=1 seed=71 loss=0.408264198127 gradient=0.0174924 elapsed_s=0.553 pending_steps=1999
[exp8008] epoch=2 seed=71 loss=0.406588601528 gradient=0.000881389 elapsed_s=0.553 pending_steps=1998
[exp8008] epoch=3 seed=71 loss=0.406582397469 gradient=4.0876e-06 elapsed_s=0.553 pending_steps=1997
[exp8008] epoch=4 seed=71 loss=0.406582397286 gradient=1.2082e-10 elapsed_s=0.554 pending_steps=1996
[exp8008] phase=benchmark_after_conditioned_energy_seed_71_l2_0.001 elapsed_s=0.555 units=0 pending=0
[exp8008] phase=benchmark_before_conditioned_energy_seed_71_l2_0.01 elapsed_s=0.555 units=0 pending=0
[exp8008] epoch=0 seed=71 loss=0.688463513112 gradient=0.325458 elapsed_s=0.555 pending_steps=2000
[exp8008] epoch=1 seed=71 loss=0.480424582339 gradient=0.0340746 elapsed_s=0.555 pending_steps=1999
[exp8008] epoch=2 seed=71 loss=0.477132354561 gradient=0.00190431 elapsed_s=0.555 pending_steps=1998
[exp8008] epoch=3 seed=71 loss=0.477118560199 gradient=1.028e-05 elapsed_s=0.555 pending_steps=1997
[exp8008] epoch=4 seed=71 loss=0.477118559675 gradient=4.04562e-10 elapsed_s=0.555 pending_steps=1996
[exp8008] epoch=0 seed=71 loss=0.477118689444 gradient=0.0147704 elapsed_s=0.556 pending_steps=2000
[exp8008] epoch=1 seed=71 loss=0.456265714746 gradient=0.00354753 elapsed_s=0.556 pending_steps=1999
[exp8008] epoch=2 seed=71 loss=0.456219580641 gradient=2.63788e-05 elapsed_s=0.556 pending_steps=1998
[exp8008] epoch=3 seed=71 loss=0.456219577939 gradient=1.89563e-09 elapsed_s=0.557 pending_steps=1997
[exp8008] phase=benchmark_after_conditioned_energy_seed_71_l2_0.01 elapsed_s=0.558 units=0 pending=0
[exp8008] epoch=0 seed=71 loss=0.477118689444 gradient=0.0147704 elapsed_s=0.565 pending_steps=3
[exp8008] epoch=1 seed=71 loss=0.47710252031 gradient=0.0147516 elapsed_s=0.565 pending_steps=2
[exp8008] epoch=2 seed=71 loss=0.477086374211 gradient=0.0147329 elapsed_s=0.565 pending_steps=1
[exp8008] epoch=3 seed=71 loss=0.477070251079 gradient=0.0147142 elapsed_s=0.566 pending_steps=0
[exp8008] phase=benchmark_after_conditioned_energy elapsed_s=0.566 units=71 pending=0
[exp8008] phase=benchmark_before_conditioned_energy elapsed_s=0.566 units=101 pending=0
[exp8008] phase=benchmark_before_conditioned_energy_seed_101_l2_0.0001 elapsed_s=0.566 units=0 pending=0
[exp8008] epoch=0 seed=101 loss=0.68806080855 gradient=0.32546 elapsed_s=0.566 pending_steps=2000
[exp8008] epoch=1 seed=101 loss=0.460544732327 gradient=0.0422489 elapsed_s=0.566 pending_steps=1999
[exp8008] epoch=2 seed=101 loss=0.454335286554 gradient=0.00407117 elapsed_s=0.566 pending_steps=1998
[exp8008] epoch=3 seed=101 loss=0.45424875255 gradient=7.8875e-05 elapsed_s=0.566 pending_steps=1997
[exp8008] epoch=4 seed=101 loss=0.45424870871 gradient=4.25222e-08 elapsed_s=0.566 pending_steps=1996
[exp8008] epoch=5 seed=101 loss=0.45424870871 gradient=1.30769e-14 elapsed_s=0.566 pending_steps=1995
[exp8008] epoch=0 seed=101 loss=0.454248083856 gradient=0.0114468 elapsed_s=0.567 pending_steps=2000
[exp8008] epoch=1 seed=101 loss=0.36589229288 gradient=0.0379229 elapsed_s=0.567 pending_steps=1999
[exp8008] epoch=2 seed=101 loss=0.354547231199 gradient=0.0049633 elapsed_s=0.567 pending_steps=1998
[exp8008] epoch=3 seed=101 loss=0.35396366316 gradient=0.000299904 elapsed_s=0.568 pending_steps=1997
[exp8008] epoch=4 seed=101 loss=0.353958588691 gradient=2.56494e-06 elapsed_s=0.568 pending_steps=1996
[exp8008] epoch=5 seed=101 loss=0.353958587643 gradient=5.7904e-10 elapsed_s=0.568 pending_steps=1995
[exp8008] phase=benchmark_after_conditioned_energy_seed_101_l2_0.0001 elapsed_s=0.569 units=0 pending=0
[exp8008] phase=benchmark_before_conditioned_energy_seed_101_l2_0.001 elapsed_s=0.569 units=0 pending=0
[exp8008] epoch=0 seed=101 loss=0.688097666255 gradient=0.32546 elapsed_s=0.570 pending_steps=2000
[exp8008] epoch=1 seed=101 loss=0.462517764963 gradient=0.0414107 elapsed_s=0.570 pending_steps=1999
[exp8008] epoch=2 seed=101 loss=0.456677398134 gradient=0.003786 elapsed_s=0.570 pending_steps=1998
[exp8008] epoch=3 seed=101 loss=0.456605204329 gradient=6.44802e-05 elapsed_s=0.570 pending_steps=1997
[exp8008] epoch=4 seed=101 loss=0.456605176218 gradient=2.65999e-08 elapsed_s=0.570 pending_steps=1996
[exp8008] epoch=5 seed=101 loss=0.456605176218 gradient=4.76789e-15 elapsed_s=0.570 pending_steps=1995
[exp8008] epoch=0 seed=101 loss=0.456604565106 gradient=0.0114333 elapsed_s=0.570 pending_steps=2000
[exp8008] epoch=1 seed=101 loss=0.408264110882 gradient=0.0174917 elapsed_s=0.571 pending_steps=1999
[exp8008] epoch=2 seed=101 loss=0.406588601171 gradient=0.000881342 elapsed_s=0.571 pending_steps=1998
[exp8008] epoch=3 seed=101 loss=0.406582397469 gradient=4.08728e-06 elapsed_s=0.571 pending_steps=1997
[exp8008] epoch=4 seed=101 loss=0.406582397286 gradient=1.20807e-10 elapsed_s=0.572 pending_steps=1996
[exp8008] phase=benchmark_after_conditioned_energy_seed_101_l2_0.001 elapsed_s=0.573 units=0 pending=0
[exp8008] phase=benchmark_before_conditioned_energy_seed_101_l2_0.01 elapsed_s=0.573 units=0 pending=0
[exp8008] epoch=0 seed=101 loss=0.688466243302 gradient=0.32546 elapsed_s=0.573 pending_steps=2000
[exp8008] epoch=1 seed=101 loss=0.480424561596 gradient=0.0340745 elapsed_s=0.573 pending_steps=1999
[exp8008] epoch=2 seed=101 loss=0.477132354287 gradient=0.00190429 elapsed_s=0.573 pending_steps=1998
[exp8008] epoch=3 seed=101 loss=0.477118560199 gradient=1.02798e-05 elapsed_s=0.573 pending_steps=1997
[exp8008] epoch=4 seed=101 loss=0.477118559675 gradient=4.04545e-10 elapsed_s=0.573 pending_steps=1996
[exp8008] epoch=0 seed=101 loss=0.477118062549 gradient=0.0147713 elapsed_s=0.573 pending_steps=2000
[exp8008] epoch=1 seed=101 loss=0.456265706374 gradient=0.00354717 elapsed_s=0.574 pending_steps=1999
[exp8008] epoch=2 seed=101 loss=0.45621958064 gradient=2.63737e-05 elapsed_s=0.574 pending_steps=1998
[exp8008] epoch=3 seed=101 loss=0.456219577939 gradient=1.8949e-09 elapsed_s=0.574 pending_steps=1997
[exp8008] phase=benchmark_after_conditioned_energy_seed_101_l2_0.01 elapsed_s=0.575 units=0 pending=0
[exp8008] epoch=0 seed=101 loss=0.477118062549 gradient=0.0147713 elapsed_s=0.583 pending_steps=3
[exp8008] epoch=1 seed=101 loss=0.477101894275 gradient=0.0147525 elapsed_s=0.583 pending_steps=2
[exp8008] epoch=2 seed=101 loss=0.477085749037 gradient=0.0147338 elapsed_s=0.583 pending_steps=1
[exp8008] epoch=3 seed=101 loss=0.477069626765 gradient=0.0147151 elapsed_s=0.584 pending_steps=0
[exp8008] phase=benchmark_after_conditioned_energy elapsed_s=0.584 units=101 pending=0
[exp8008] phase=benchmark_before_linear elapsed_s=0.584 units=17 pending=0
[exp8008] phase=benchmark_before_linear_seed_17_l2_0.0001 elapsed_s=0.584 units=0 pending=0
[exp8008] epoch=0 seed=17 loss=0.688055056795 gradient=0.325456 elapsed_s=0.584 pending_steps=2000
[exp8008] epoch=1 seed=17 loss=0.450008693481 gradient=0.0447279 elapsed_s=0.584 pending_steps=1999
[exp8008] epoch=2 seed=17 loss=0.441115967553 gradient=0.00542926 elapsed_s=0.584 pending_steps=1998
[exp8008] epoch=3 seed=17 loss=0.440917051092 gradient=0.000157036 elapsed_s=0.584 pending_steps=1997
[exp8008] epoch=4 seed=17 loss=0.440916872709 gradient=1.52653e-07 elapsed_s=0.584 pending_steps=1996
[exp8008] epoch=5 seed=17 loss=0.440916872709 gradient=1.48277e-13 elapsed_s=0.584 pending_steps=1995
[exp8008] phase=benchmark_after_linear_seed_17_l2_0.0001 elapsed_s=0.585 units=0 pending=0
[exp8008] phase=benchmark_before_linear_seed_17_l2_0.001 elapsed_s=0.585 units=0 pending=0
[exp8008] epoch=0 seed=17 loss=0.6880919145 gradient=0.325456 elapsed_s=0.585 pending_steps=2000
[exp8008] epoch=1 seed=17 loss=0.455399062667 gradient=0.0429615 elapsed_s=0.585 pending_steps=1999
[exp8008] epoch=2 seed=17 loss=0.448141094775 gradient=0.00445899 elapsed_s=0.585 pending_steps=1998
[exp8008] epoch=3 seed=17 loss=0.44802772092 gradient=9.18638e-05 elapsed_s=0.585 pending_steps=1997
[exp8008] epoch=4 seed=17 loss=0.448027665557 gradient=4.90522e-08 elapsed_s=0.585 pending_steps=1996
[exp8008] epoch=5 seed=17 loss=0.448027665557 gradient=1.51637e-14 elapsed_s=0.585 pending_steps=1995
[exp8008] phase=benchmark_after_linear_seed_17_l2_0.001 elapsed_s=0.586 units=0 pending=0
[exp8008] phase=benchmark_before_linear_seed_17_l2_0.01 elapsed_s=0.586 units=0 pending=0
[exp8008] epoch=0 seed=17 loss=0.688460491555 gradient=0.325455 elapsed_s=0.586 pending_steps=2000
[exp8008] epoch=1 seed=17 loss=0.476715354138 gradient=0.034574 elapsed_s=0.586 pending_steps=1999
[exp8008] epoch=2 seed=17 loss=0.473227923508 gradient=0.0019724 elapsed_s=0.586 pending_steps=1998
[exp8008] epoch=3 seed=17 loss=0.473213087137 gradient=1.1056e-05 elapsed_s=0.586 pending_steps=1997
[exp8008] epoch=4 seed=17 loss=0.47321308652 gradient=4.88162e-10 elapsed_s=0.586 pending_steps=1996
[exp8008] phase=benchmark_after_linear_seed_17_l2_0.01 elapsed_s=0.586 units=0 pending=0
[exp8008] phase=benchmark_after_linear elapsed_s=0.586 units=17 pending=0
[exp8008] phase=benchmark_before_linear elapsed_s=0.586 units=29 pending=0
[exp8008] phase=benchmark_before_linear_seed_29_l2_0.0001 elapsed_s=0.586 units=0 pending=0
[exp8008] epoch=0 seed=29 loss=0.688059452996 gradient=0.325459 elapsed_s=0.587 pending_steps=2000
[exp8008] epoch=1 seed=29 loss=0.450008851768 gradient=0.0447284 elapsed_s=0.587 pending_steps=1999
[exp8008] epoch=2 seed=29 loss=0.441115972468 gradient=0.00542933 elapsed_s=0.587 pending_steps=1998
[exp8008] epoch=3 seed=29 loss=0.4409170511 gradient=0.000157039 elapsed_s=0.587 pending_steps=1997
[exp8008] epoch=4 seed=29 loss=0.440916872709 gradient=1.52659e-07 elapsed_s=0.587 pending_steps=1996
[exp8008] epoch=5 seed=29 loss=0.440916872709 gradient=1.48291e-13 elapsed_s=0.587 pending_steps=1995
[exp8008] phase=benchmark_after_linear_seed_29_l2_0.0001 elapsed_s=0.587 units=0 pending=0
[exp8008] phase=benchmark_before_linear_seed_29_l2_0.001 elapsed_s=0.587 units=0 pending=0
[exp8008] epoch=0 seed=29 loss=0.688096310701 gradient=0.325459 elapsed_s=0.588 pending_steps=2000
[exp8008] epoch=1 seed=29 loss=0.455399207398 gradient=0.0429621 elapsed_s=0.588 pending_steps=1999
[exp8008] epoch=2 seed=29 loss=0.448141097732 gradient=0.00445906 elapsed_s=0.588 pending_steps=1998
[exp8008] epoch=3 seed=29 loss=0.448027720922 gradient=9.18659e-05 elapsed_s=0.588 pending_steps=1997
[exp8008] epoch=4 seed=29 loss=0.448027665557 gradient=4.90543e-08 elapsed_s=0.588 pending_steps=1996
[exp8008] epoch=5 seed=29 loss=0.448027665557 gradient=1.51693e-14 elapsed_s=0.588 pending_steps=1995
[exp8008] phase=benchmark_after_linear_seed_29_l2_0.001 elapsed_s=0.588 units=0 pending=0
[exp8008] phase=benchmark_before_linear_seed_29_l2_0.01 elapsed_s=0.588 units=0 pending=0
[exp8008] epoch=0 seed=29 loss=0.688464887748 gradient=0.325459 elapsed_s=0.589 pending_steps=2000
[exp8008] epoch=1 seed=29 loss=0.476715451763 gradient=0.0345746 elapsed_s=0.589 pending_steps=1999
[exp8008] epoch=2 seed=29 loss=0.473227924007 gradient=0.00197244 elapsed_s=0.589 pending_steps=1998
[exp8008] epoch=3 seed=29 loss=0.473213087137 gradient=1.10564e-05 elapsed_s=0.589 pending_steps=1997
[exp8008] epoch=4 seed=29 loss=0.47321308652 gradient=4.88189e-10 elapsed_s=0.589 pending_steps=1996
[exp8008] phase=benchmark_after_linear_seed_29_l2_0.01 elapsed_s=0.589 units=0 pending=0
[exp8008] phase=benchmark_after_linear elapsed_s=0.589 units=29 pending=0
[exp8008] phase=benchmark_before_linear elapsed_s=0.589 units=43 pending=0
[exp8008] phase=benchmark_before_linear_seed_43_l2_0.0001 elapsed_s=0.589 units=0 pending=0
[exp8008] epoch=0 seed=43 loss=0.688057819319 gradient=0.325458 elapsed_s=0.589 pending_steps=2000
[exp8008] epoch=1 seed=43 loss=0.450008718997 gradient=0.044728 elapsed_s=0.589 pending_steps=1999
[exp8008] epoch=2 seed=43 loss=0.441115968011 gradient=0.00542927 elapsed_s=0.589 pending_steps=1998
[exp8008] epoch=3 seed=43 loss=0.440917051092 gradient=0.000157036 elapsed_s=0.590 pending_steps=1997
[exp8008] epoch=4 seed=43 loss=0.440916872709 gradient=1.52653e-07 elapsed_s=0.590 pending_steps=1996
[exp8008] epoch=5 seed=43 loss=0.440916872709 gradient=1.48273e-13 elapsed_s=0.590 pending_steps=1995
[exp8008] phase=benchmark_after_linear_seed_43_l2_0.0001 elapsed_s=0.590 units=0 pending=0
[exp8008] phase=benchmark_before_linear_seed_43_l2_0.001 elapsed_s=0.590 units=0 pending=0
[exp8008] epoch=0 seed=43 loss=0.688094677025 gradient=0.325458 elapsed_s=0.590 pending_steps=2000
[exp8008] epoch=1 seed=43 loss=0.455399085104 gradient=0.0429616 elapsed_s=0.590 pending_steps=1999
[exp8008] epoch=2 seed=43 loss=0.448141094892 gradient=0.004459 elapsed_s=0.590 pending_steps=1998
[exp8008] epoch=3 seed=43 loss=0.44802772092 gradient=9.18637e-05 elapsed_s=0.590 pending_steps=1997
[exp8008] epoch=4 seed=43 loss=0.448027665557 gradient=4.90521e-08 elapsed_s=0.590 pending_steps=1996
[exp8008] epoch=5 seed=43 loss=0.448027665557 gradient=1.51584e-14 elapsed_s=0.590 pending_steps=1995
[exp8008] phase=benchmark_after_linear_seed_43_l2_0.001 elapsed_s=0.591 units=0 pending=0
[exp8008] phase=benchmark_before_linear_seed_43_l2_0.01 elapsed_s=0.591 units=0 pending=0
[exp8008] epoch=0 seed=43 loss=0.688463254078 gradient=0.325458 elapsed_s=0.591 pending_steps=2000
[exp8008] epoch=1 seed=43 loss=0.476715369225 gradient=0.0345741 elapsed_s=0.591 pending_steps=1999
[exp8008] epoch=2 seed=43 loss=0.47322792348 gradient=0.0019724 elapsed_s=0.591 pending_steps=1998
[exp8008] epoch=3 seed=43 loss=0.473213087137 gradient=1.1056e-05 elapsed_s=0.591 pending_steps=1997
[exp8008] epoch=4 seed=43 loss=0.47321308652 gradient=4.88157e-10 elapsed_s=0.591 pending_steps=1996
[exp8008] phase=benchmark_after_linear_seed_43_l2_0.01 elapsed_s=0.592 units=0 pending=0
[exp8008] phase=benchmark_after_linear elapsed_s=0.592 units=43 pending=0
[exp8008] phase=benchmark_before_linear elapsed_s=0.592 units=71 pending=0
[exp8008] phase=benchmark_before_linear_seed_71_l2_0.0001 elapsed_s=0.592 units=0 pending=0
[exp8008] epoch=0 seed=71 loss=0.688058424273 gradient=0.325458 elapsed_s=0.592 pending_steps=2000
[exp8008] epoch=1 seed=71 loss=0.450008795698 gradient=0.0447283 elapsed_s=0.592 pending_steps=1999
[exp8008] epoch=2 seed=71 loss=0.441115970665 gradient=0.00542931 elapsed_s=0.592 pending_steps=1998
[exp8008] epoch=3 seed=71 loss=0.440917051097 gradient=0.000157038 elapsed_s=0.592 pending_steps=1997
[exp8008] epoch=4 seed=71 loss=0.440916872709 gradient=1.52657e-07 elapsed_s=0.592 pending_steps=1996
[exp8008] epoch=5 seed=71 loss=0.440916872709 gradient=1.48244e-13 elapsed_s=0.592 pending_steps=1995
[exp8008] phase=benchmark_after_linear_seed_71_l2_0.0001 elapsed_s=0.593 units=0 pending=0
[exp8008] phase=benchmark_before_linear_seed_71_l2_0.001 elapsed_s=0.593 units=0 pending=0
[exp8008] epoch=0 seed=71 loss=0.688095281978 gradient=0.325458 elapsed_s=0.593 pending_steps=2000
[exp8008] epoch=1 seed=71 loss=0.455399156086 gradient=0.0429619 elapsed_s=0.593 pending_steps=1999
[exp8008] epoch=2 seed=71 loss=0.448141096617 gradient=0.00445904 elapsed_s=0.593 pending_steps=1998
[exp8008] epoch=3 seed=71 loss=0.448027720921 gradient=9.18651e-05 elapsed_s=0.593 pending_steps=1997
[exp8008] epoch=4 seed=71 loss=0.448027665557 gradient=4.90534e-08 elapsed_s=0.593 pending_steps=1996
[exp8008] epoch=5 seed=71 loss=0.448027665557 gradient=1.51771e-14 elapsed_s=0.593 pending_steps=1995
[exp8008] phase=benchmark_after_linear_seed_71_l2_0.001 elapsed_s=0.593 units=0 pending=0
[exp8008] phase=benchmark_before_linear_seed_71_l2_0.01 elapsed_s=0.593 units=0 pending=0
[exp8008] epoch=0 seed=71 loss=0.688463859028 gradient=0.325458 elapsed_s=0.594 pending_steps=2000
[exp8008] epoch=1 seed=71 loss=0.476715416597 gradient=0.0345744 elapsed_s=0.594 pending_steps=1999
[exp8008] epoch=2 seed=71 loss=0.473227923801 gradient=0.00197242 elapsed_s=0.594 pending_steps=1998
[exp8008] epoch=3 seed=71 loss=0.473213087137 gradient=1.10562e-05 elapsed_s=0.594 pending_steps=1997
[exp8008] epoch=4 seed=71 loss=0.47321308652 gradient=4.88177e-10 elapsed_s=0.594 pending_steps=1996
[exp8008] phase=benchmark_after_linear_seed_71_l2_0.01 elapsed_s=0.594 units=0 pending=0
[exp8008] phase=benchmark_after_linear elapsed_s=0.594 units=71 pending=0
[exp8008] phase=benchmark_before_linear elapsed_s=0.594 units=101 pending=0
[exp8008] phase=benchmark_before_linear_seed_101_l2_0.0001 elapsed_s=0.594 units=0 pending=0
[exp8008] epoch=0 seed=101 loss=0.688060486587 gradient=0.32546 elapsed_s=0.594 pending_steps=2000
[exp8008] epoch=1 seed=101 loss=0.45000890278 gradient=0.0447286 elapsed_s=0.594 pending_steps=1999
[exp8008] epoch=2 seed=101 loss=0.441115974052 gradient=0.00542936 elapsed_s=0.594 pending_steps=1998
[exp8008] epoch=3 seed=101 loss=0.440917051102 gradient=0.000157041 elapsed_s=0.594 pending_steps=1997
[exp8008] epoch=4 seed=101 loss=0.440916872709 gradient=1.52662e-07 elapsed_s=0.594 pending_steps=1996
[exp8008] epoch=5 seed=101 loss=0.440916872709 gradient=1.4829e-13 elapsed_s=0.595 pending_steps=1995
[exp8008] phase=benchmark_after_linear_seed_101_l2_0.0001 elapsed_s=0.595 units=0 pending=0
[exp8008] phase=benchmark_before_linear_seed_101_l2_0.001 elapsed_s=0.595 units=0 pending=0
[exp8008] epoch=0 seed=101 loss=0.688097344293 gradient=0.32546 elapsed_s=0.595 pending_steps=2000
[exp8008] epoch=1 seed=101 loss=0.455399254867 gradient=0.0429622 elapsed_s=0.595 pending_steps=1999
[exp8008] epoch=2 seed=101 loss=0.448141098741 gradient=0.00445909 elapsed_s=0.595 pending_steps=1998
[exp8008] epoch=3 seed=101 loss=0.448027720923 gradient=9.18667e-05 elapsed_s=0.595 pending_steps=1997
[exp8008] epoch=4 seed=101 loss=0.448027665557 gradient=4.90551e-08 elapsed_s=0.595 pending_steps=1996
[exp8008] epoch=5 seed=101 loss=0.448027665557 gradient=1.51615e-14 elapsed_s=0.595 pending_steps=1995
[exp8008] phase=benchmark_after_linear_seed_101_l2_0.001 elapsed_s=0.596 units=0 pending=0
[exp8008] phase=benchmark_before_linear_seed_101_l2_0.01 elapsed_s=0.596 units=0 pending=0
[exp8008] epoch=0 seed=101 loss=0.68846592135 gradient=0.32546 elapsed_s=0.596 pending_steps=2000
[exp8008] epoch=1 seed=101 loss=0.476715485222 gradient=0.0345748 elapsed_s=0.596 pending_steps=1999
[exp8008] epoch=2 seed=101 loss=0.473227924201 gradient=0.00197245 elapsed_s=0.596 pending_steps=1998
[exp8008] epoch=3 seed=101 loss=0.473213087137 gradient=1.10565e-05 elapsed_s=0.596 pending_steps=1997
[exp8008] epoch=4 seed=101 loss=0.47321308652 gradient=4.882e-10 elapsed_s=0.596 pending_steps=1996
[exp8008] phase=benchmark_after_linear_seed_101_l2_0.01 elapsed_s=0.597 units=0 pending=0
[exp8008] phase=benchmark_after_linear elapsed_s=0.597 units=101 pending=0
[exp8008] phase=benchmark_before_intercept_only elapsed_s=0.597 units=17 pending=0
[exp8008] phase=benchmark_before_intercept_only_seed_17_l2_0.0001 elapsed_s=0.597 units=0 pending=0
[exp8008] epoch=0 seed=17 loss=0.688058236927 gradient=4.04737e-05 elapsed_s=0.597 pending_steps=2000
[exp8008] epoch=1 seed=17 loss=0.68805823362 gradient=3.33145e-10 elapsed_s=0.597 pending_steps=1999
[exp8008] phase=benchmark_after_intercept_only_seed_17_l2_0.0001 elapsed_s=0.597 units=0 pending=0
[exp8008] phase=benchmark_before_intercept_only_seed_17_l2_0.001 elapsed_s=0.597 units=0 pending=0
[exp8008] epoch=0 seed=17 loss=0.688095094631 gradient=0.000404737 elapsed_s=0.597 pending_steps=2000
[exp8008] epoch=1 seed=17 loss=0.688094766313 gradient=3.27587e-08 elapsed_s=0.597 pending_steps=1999
[exp8008] epoch=2 seed=17 loss=0.688094766313 gradient=2.46114e-16 elapsed_s=0.597 pending_steps=1998
[exp8008] phase=benchmark_after_intercept_only_seed_17_l2_0.001 elapsed_s=0.598 units=0 pending=0
[exp8008] phase=benchmark_before_intercept_only_seed_17_l2_0.01 elapsed_s=0.598 units=0 pending=0
[exp8008] epoch=0 seed=17 loss=0.688463671679 gradient=0.00404737 elapsed_s=0.598 pending_steps=2000
[exp8008] epoch=1 seed=17 loss=0.688433061929 gradient=2.78781e-06 elapsed_s=0.598 pending_steps=1999
[exp8008] epoch=2 seed=17 loss=0.688433061914 gradient=1.25329e-12 elapsed_s=0.598 pending_steps=1998
[exp8008] phase=benchmark_after_intercept_only_seed_17_l2_0.01 elapsed_s=0.599 units=0 pending=0
[exp8008] phase=benchmark_after_intercept_only elapsed_s=0.599 units=17 pending=0
[exp8008] phase=benchmark_before_intercept_only elapsed_s=0.599 units=29 pending=0
[exp8008] phase=benchmark_before_intercept_only_seed_29_l2_0.0001 elapsed_s=0.599 units=0 pending=0
[exp8008] epoch=0 seed=29 loss=0.688058236927 gradient=4.04737e-05 elapsed_s=0.599 pending_steps=2000
[exp8008] epoch=1 seed=29 loss=0.68805823362 gradient=3.33145e-10 elapsed_s=0.599 pending_steps=1999
[exp8008] phase=benchmark_after_intercept_only_seed_29_l2_0.0001 elapsed_s=0.599 units=0 pending=0
[exp8008] phase=benchmark_before_intercept_only_seed_29_l2_0.001 elapsed_s=0.599 units=0 pending=0
[exp8008] epoch=0 seed=29 loss=0.688095094631 gradient=0.000404737 elapsed_s=0.599 pending_steps=2000
[exp8008] epoch=1 seed=29 loss=0.688094766313 gradient=3.27587e-08 elapsed_s=0.599 pending_steps=1999
[exp8008] epoch=2 seed=29 loss=0.688094766313 gradient=2.46114e-16 elapsed_s=0.599 pending_steps=1998
[exp8008] phase=benchmark_after_intercept_only_seed_29_l2_0.001 elapsed_s=0.600 units=0 pending=0
[exp8008] phase=benchmark_before_intercept_only_seed_29_l2_0.01 elapsed_s=0.600 units=0 pending=0
[exp8008] epoch=0 seed=29 loss=0.688463671679 gradient=0.00404737 elapsed_s=0.600 pending_steps=2000
[exp8008] epoch=1 seed=29 loss=0.688433061929 gradient=2.78781e-06 elapsed_s=0.600 pending_steps=1999
[exp8008] epoch=2 seed=29 loss=0.688433061914 gradient=1.25329e-12 elapsed_s=0.600 pending_steps=1998
[exp8008] phase=benchmark_after_intercept_only_seed_29_l2_0.01 elapsed_s=0.601 units=0 pending=0
[exp8008] phase=benchmark_after_intercept_only elapsed_s=0.601 units=29 pending=0
[exp8008] phase=benchmark_before_intercept_only elapsed_s=0.601 units=43 pending=0
[exp8008] phase=benchmark_before_intercept_only_seed_43_l2_0.0001 elapsed_s=0.601 units=0 pending=0
[exp8008] epoch=0 seed=43 loss=0.688058236927 gradient=4.04737e-05 elapsed_s=0.601 pending_steps=2000
[exp8008] epoch=1 seed=43 loss=0.68805823362 gradient=3.33145e-10 elapsed_s=0.601 pending_steps=1999
[exp8008] phase=benchmark_after_intercept_only_seed_43_l2_0.0001 elapsed_s=0.601 units=0 pending=0
[exp8008] phase=benchmark_before_intercept_only_seed_43_l2_0.001 elapsed_s=0.601 units=0 pending=0
[exp8008] epoch=0 seed=43 loss=0.688095094631 gradient=0.000404737 elapsed_s=0.601 pending_steps=2000
[exp8008] epoch=1 seed=43 loss=0.688094766313 gradient=3.27587e-08 elapsed_s=0.601 pending_steps=1999
[exp8008] epoch=2 seed=43 loss=0.688094766313 gradient=2.46114e-16 elapsed_s=0.601 pending_steps=1998
[exp8008] phase=benchmark_after_intercept_only_seed_43_l2_0.001 elapsed_s=0.602 units=0 pending=0
[exp8008] phase=benchmark_before_intercept_only_seed_43_l2_0.01 elapsed_s=0.602 units=0 pending=0
[exp8008] epoch=0 seed=43 loss=0.688463671679 gradient=0.00404737 elapsed_s=0.602 pending_steps=2000
[exp8008] epoch=1 seed=43 loss=0.688433061929 gradient=2.78781e-06 elapsed_s=0.602 pending_steps=1999
[exp8008] epoch=2 seed=43 loss=0.688433061914 gradient=1.25329e-12 elapsed_s=0.602 pending_steps=1998
[exp8008] phase=benchmark_after_intercept_only_seed_43_l2_0.01 elapsed_s=0.603 units=0 pending=0
[exp8008] phase=benchmark_after_intercept_only elapsed_s=0.603 units=43 pending=0
[exp8008] phase=benchmark_before_intercept_only elapsed_s=0.603 units=71 pending=0
[exp8008] phase=benchmark_before_intercept_only_seed_71_l2_0.0001 elapsed_s=0.603 units=0 pending=0
[exp8008] epoch=0 seed=71 loss=0.688058236927 gradient=4.04737e-05 elapsed_s=0.603 pending_steps=2000
[exp8008] epoch=1 seed=71 loss=0.68805823362 gradient=3.33145e-10 elapsed_s=0.603 pending_steps=1999
[exp8008] phase=benchmark_after_intercept_only_seed_71_l2_0.0001 elapsed_s=0.603 units=0 pending=0
[exp8008] phase=benchmark_before_intercept_only_seed_71_l2_0.001 elapsed_s=0.603 units=0 pending=0
[exp8008] epoch=0 seed=71 loss=0.688095094631 gradient=0.000404737 elapsed_s=0.603 pending_steps=2000
[exp8008] epoch=1 seed=71 loss=0.688094766313 gradient=3.27587e-08 elapsed_s=0.603 pending_steps=1999
[exp8008] epoch=2 seed=71 loss=0.688094766313 gradient=2.46114e-16 elapsed_s=0.603 pending_steps=1998
[exp8008] phase=benchmark_after_intercept_only_seed_71_l2_0.001 elapsed_s=0.604 units=0 pending=0
[exp8008] phase=benchmark_before_intercept_only_seed_71_l2_0.01 elapsed_s=0.604 units=0 pending=0
[exp8008] epoch=0 seed=71 loss=0.688463671679 gradient=0.00404737 elapsed_s=0.604 pending_steps=2000
[exp8008] epoch=1 seed=71 loss=0.688433061929 gradient=2.78781e-06 elapsed_s=0.604 pending_steps=1999
[exp8008] epoch=2 seed=71 loss=0.688433061914 gradient=1.25329e-12 elapsed_s=0.604 pending_steps=1998
[exp8008] phase=benchmark_after_intercept_only_seed_71_l2_0.01 elapsed_s=0.604 units=0 pending=0
[exp8008] phase=benchmark_after_intercept_only elapsed_s=0.604 units=71 pending=0
[exp8008] phase=benchmark_before_intercept_only elapsed_s=0.604 units=101 pending=0
[exp8008] phase=benchmark_before_intercept_only_seed_101_l2_0.0001 elapsed_s=0.604 units=0 pending=0
[exp8008] epoch=0 seed=101 loss=0.688058236927 gradient=4.04737e-05 elapsed_s=0.605 pending_steps=2000
[exp8008] epoch=1 seed=101 loss=0.68805823362 gradient=3.33145e-10 elapsed_s=0.605 pending_steps=1999
[exp8008] phase=benchmark_after_intercept_only_seed_101_l2_0.0001 elapsed_s=0.605 units=0 pending=0
[exp8008] phase=benchmark_before_intercept_only_seed_101_l2_0.001 elapsed_s=0.605 units=0 pending=0
[exp8008] epoch=0 seed=101 loss=0.688095094631 gradient=0.000404737 elapsed_s=0.605 pending_steps=2000
[exp8008] epoch=1 seed=101 loss=0.688094766313 gradient=3.27587e-08 elapsed_s=0.605 pending_steps=1999
[exp8008] epoch=2 seed=101 loss=0.688094766313 gradient=2.46114e-16 elapsed_s=0.605 pending_steps=1998
[exp8008] phase=benchmark_after_intercept_only_seed_101_l2_0.001 elapsed_s=0.606 units=0 pending=0
[exp8008] phase=benchmark_before_intercept_only_seed_101_l2_0.01 elapsed_s=0.606 units=0 pending=0
[exp8008] epoch=0 seed=101 loss=0.688463671679 gradient=0.00404737 elapsed_s=0.606 pending_steps=2000
[exp8008] epoch=1 seed=101 loss=0.688433061929 gradient=2.78781e-06 elapsed_s=0.606 pending_steps=1999
[exp8008] epoch=2 seed=101 loss=0.688433061914 gradient=1.25329e-12 elapsed_s=0.606 pending_steps=1998
[exp8008] phase=benchmark_after_intercept_only_seed_101_l2_0.01 elapsed_s=0.607 units=0 pending=0
[exp8008] phase=benchmark_after_intercept_only elapsed_s=0.607 units=101 pending=0
[exp8008] phase=benchmark_before_equal_information_spline elapsed_s=0.607 units=17 pending=0
[exp8008] phase=benchmark_before_equal_information_spline_seed_17_l2_0.0001 elapsed_s=0.607 units=0 pending=0
[exp8008] epoch=0 seed=17 loss=0.688054652794 gradient=0.325455 elapsed_s=0.607 pending_steps=2000
[exp8008] epoch=1 seed=17 loss=0.460544798056 gradient=0.0422491 elapsed_s=0.607 pending_steps=1999
[exp8008] epoch=2 seed=17 loss=0.45433528926 gradient=0.00407121 elapsed_s=0.607 pending_steps=1998
[exp8008] epoch=3 seed=17 loss=0.454248752553 gradient=7.88775e-05 elapsed_s=0.607 pending_steps=1997
[exp8008] epoch=4 seed=17 loss=0.45424870871 gradient=4.25251e-08 elapsed_s=0.607 pending_steps=1996
[exp8008] epoch=5 seed=17 loss=0.45424870871 gradient=1.3069e-14 elapsed_s=0.607 pending_steps=1995
[exp8008] epoch=0 seed=17 loss=0.454249171893 gradient=0.0114489 elapsed_s=0.607 pending_steps=2000
[exp8008] epoch=1 seed=17 loss=0.365892600034 gradient=0.037924 elapsed_s=0.608 pending_steps=1999
[exp8008] epoch=2 seed=17 loss=0.354547234412 gradient=0.00496341 elapsed_s=0.608 pending_steps=1998
[exp8008] epoch=3 seed=17 loss=0.353963662827 gradient=0.000299909 elapsed_s=0.608 pending_steps=1997
[exp8008] epoch=4 seed=17 loss=0.353958588691 gradient=2.56482e-06 elapsed_s=0.609 pending_steps=1996
[exp8008] epoch=5 seed=17 loss=0.353958587643 gradient=5.78915e-10 elapsed_s=0.609 pending_steps=1995
[exp8008] phase=benchmark_after_equal_information_spline_seed_17_l2_0.0001 elapsed_s=0.610 units=0 pending=0
[exp8008] phase=benchmark_before_equal_information_spline_seed_17_l2_0.001 elapsed_s=0.610 units=0 pending=0
[exp8008] epoch=0 seed=17 loss=0.688091510499 gradient=0.325455 elapsed_s=0.611 pending_steps=2000
[exp8008] epoch=1 seed=17 loss=0.462517828632 gradient=0.0414109 elapsed_s=0.611 pending_steps=1999
[exp8008] epoch=2 seed=17 loss=0.456677400481 gradient=0.00378604 elapsed_s=0.611 pending_steps=1998
[exp8008] epoch=3 seed=17 loss=0.456605204331 gradient=6.44823e-05 elapsed_s=0.611 pending_steps=1997
[exp8008] epoch=4 seed=17 loss=0.456605176218 gradient=2.66018e-08 elapsed_s=0.611 pending_steps=1996
[exp8008] epoch=5 seed=17 loss=0.456605176218 gradient=4.74317e-15 elapsed_s=0.611 pending_steps=1995
[exp8008] epoch=0 seed=17 loss=0.456605645125 gradient=0.0114355 elapsed_s=0.611 pending_steps=2000
[exp8008] epoch=1 seed=17 loss=0.408264237251 gradient=0.0174926 elapsed_s=0.611 pending_steps=1999
[exp8008] epoch=2 seed=17 loss=0.406588601771 gradient=0.000881408 elapsed_s=0.612 pending_steps=1998
[exp8008] epoch=3 seed=17 loss=0.406582397469 gradient=4.08777e-06 elapsed_s=0.612 pending_steps=1997
[exp8008] epoch=4 seed=17 loss=0.406582397286 gradient=1.2083e-10 elapsed_s=0.612 pending_steps=1996
[exp8008] phase=benchmark_after_equal_information_spline_seed_17_l2_0.001 elapsed_s=0.613 units=0 pending=0
[exp8008] phase=benchmark_before_equal_information_spline_seed_17_l2_0.01 elapsed_s=0.613 units=0 pending=0
[exp8008] epoch=0 seed=17 loss=0.688460087547 gradient=0.325455 elapsed_s=0.614 pending_steps=2000
[exp8008] epoch=1 seed=17 loss=0.480424608363 gradient=0.0340747 elapsed_s=0.614 pending_steps=1999
[exp8008] epoch=2 seed=17 loss=0.477132354905 gradient=0.00190433 elapsed_s=0.614 pending_steps=1998
[exp8008] epoch=3 seed=17 loss=0.477118560199 gradient=1.02802e-05 elapsed_s=0.614 pending_steps=1997
[exp8008] epoch=4 seed=17 loss=0.477118559675 gradient=4.04584e-10 elapsed_s=0.614 pending_steps=1996
[exp8008] epoch=0 seed=17 loss=0.477119062734 gradient=0.0147688 elapsed_s=0.614 pending_steps=2000
[exp8008] epoch=1 seed=17 loss=0.456265718877 gradient=0.00354771 elapsed_s=0.614 pending_steps=1999
[exp8008] epoch=2 seed=17 loss=0.456219580641 gradient=2.63816e-05 elapsed_s=0.615 pending_steps=1998
[exp8008] epoch=3 seed=17 loss=0.456219577939 gradient=1.89608e-09 elapsed_s=0.615 pending_steps=1997
[exp8008] phase=benchmark_after_equal_information_spline_seed_17_l2_0.01 elapsed_s=0.616 units=0 pending=0
[exp8008] phase=benchmark_after_equal_information_spline elapsed_s=0.616 units=17 pending=0
[exp8008] phase=benchmark_before_equal_information_spline elapsed_s=0.616 units=29 pending=0
[exp8008] phase=benchmark_before_equal_information_spline_seed_29_l2_0.0001 elapsed_s=0.616 units=0 pending=0
[exp8008] epoch=0 seed=29 loss=0.688059512301 gradient=0.325459 elapsed_s=0.617 pending_steps=2000
[exp8008] epoch=1 seed=29 loss=0.460544746169 gradient=0.0422489 elapsed_s=0.617 pending_steps=1999
[exp8008] epoch=2 seed=29 loss=0.454335287124 gradient=0.00407118 elapsed_s=0.617 pending_steps=1998
[exp8008] epoch=3 seed=29 loss=0.454248752551 gradient=7.88755e-05 elapsed_s=0.617 pending_steps=1997
[exp8008] epoch=4 seed=29 loss=0.45424870871 gradient=4.25228e-08 elapsed_s=0.617 pending_steps=1996
[exp8008] epoch=5 seed=29 loss=0.45424870871 gradient=1.30305e-14 elapsed_s=0.617 pending_steps=1995
[exp8008] epoch=0 seed=29 loss=0.454249306791 gradient=0.0114472 elapsed_s=0.617 pending_steps=2000
[exp8008] epoch=1 seed=29 loss=0.36589258998 gradient=0.0379238 elapsed_s=0.617 pending_steps=1999
[exp8008] epoch=2 seed=29 loss=0.354547245115 gradient=0.00496341 elapsed_s=0.618 pending_steps=1998
[exp8008] epoch=3 seed=29 loss=0.353963663245 gradient=0.000299913 elapsed_s=0.618 pending_steps=1997
[exp8008] epoch=4 seed=29 loss=0.353958588691 gradient=2.56501e-06 elapsed_s=0.618 pending_steps=1996
[exp8008] epoch=5 seed=29 loss=0.353958587643 gradient=5.79035e-10 elapsed_s=0.619 pending_steps=1995
[exp8008] phase=benchmark_after_equal_information_spline_seed_29_l2_0.0001 elapsed_s=0.620 units=0 pending=0
[exp8008] phase=benchmark_before_equal_information_spline_seed_29_l2_0.001 elapsed_s=0.620 units=0 pending=0
[exp8008] epoch=0 seed=29 loss=0.688096370006 gradient=0.325459 elapsed_s=0.620 pending_steps=2000
[exp8008] epoch=1 seed=29 loss=0.462517778371 gradient=0.0414107 elapsed_s=0.620 pending_steps=1999
[exp8008] epoch=2 seed=29 loss=0.456677398628 gradient=0.00378601 elapsed_s=0.620 pending_steps=1998
[exp8008] epoch=3 seed=29 loss=0.45660520433 gradient=6.44806e-05 elapsed_s=0.620 pending_steps=1997
[exp8008] epoch=4 seed=29 loss=0.456605176218 gradient=2.66003e-08 elapsed_s=0.620 pending_steps=1996
[exp8008] epoch=5 seed=29 loss=0.456605176218 gradient=4.77873e-15 elapsed_s=0.620 pending_steps=1995
[exp8008] epoch=0 seed=29 loss=0.45660579288 gradient=0.0114337 elapsed_s=0.621 pending_steps=2000
[exp8008] epoch=1 seed=29 loss=0.408264233281 gradient=0.0174925 elapsed_s=0.621 pending_steps=1999
[exp8008] epoch=2 seed=29 loss=0.406588601861 gradient=0.000881404 elapsed_s=0.621 pending_steps=1998
[exp8008] epoch=3 seed=29 loss=0.406582397469 gradient=4.08777e-06 elapsed_s=0.621 pending_steps=1997
[exp8008] epoch=4 seed=29 loss=0.406582397286 gradient=1.20833e-10 elapsed_s=0.622 pending_steps=1996
[exp8008] phase=benchmark_after_equal_information_spline_seed_29_l2_0.001 elapsed_s=0.623 units=0 pending=0
[exp8008] phase=benchmark_before_equal_information_spline_seed_29_l2_0.01 elapsed_s=0.623 units=0 pending=0
[exp8008] epoch=0 seed=29 loss=0.688464947053 gradient=0.325459 elapsed_s=0.623 pending_steps=2000
[exp8008] epoch=1 seed=29 loss=0.480424571445 gradient=0.0340746 elapsed_s=0.623 pending_steps=1999
[exp8008] epoch=2 seed=29 loss=0.477132354417 gradient=0.0019043 elapsed_s=0.623 pending_steps=1998
[exp8008] epoch=3 seed=29 loss=0.477118560199 gradient=1.02799e-05 elapsed_s=0.623 pending_steps=1997
[exp8008] epoch=4 seed=29 loss=0.477118559675 gradient=4.04553e-10 elapsed_s=0.623 pending_steps=1996
[exp8008] epoch=0 seed=29 loss=0.477119339999 gradient=0.0147724 elapsed_s=0.624 pending_steps=2000
[exp8008] epoch=1 seed=29 loss=0.45626571689 gradient=0.0035476 elapsed_s=0.624 pending_steps=1999
[exp8008] epoch=2 seed=29 loss=0.456219580641 gradient=2.63797e-05 elapsed_s=0.624 pending_steps=1998
[exp8008] epoch=3 seed=29 loss=0.456219577939 gradient=1.89572e-09 elapsed_s=0.625 pending_steps=1997
[exp8008] phase=benchmark_after_equal_information_spline_seed_29_l2_0.01 elapsed_s=0.626 units=0 pending=0
[exp8008] phase=benchmark_after_equal_information_spline elapsed_s=0.626 units=29 pending=0
[exp8008] phase=benchmark_before_equal_information_spline elapsed_s=0.626 units=43 pending=0
[exp8008] phase=benchmark_before_equal_information_spline_seed_43_l2_0.0001 elapsed_s=0.626 units=0 pending=0
[exp8008] epoch=0 seed=43 loss=0.688057442063 gradient=0.325458 elapsed_s=0.626 pending_steps=2000
[exp8008] epoch=1 seed=43 loss=0.460544768275 gradient=0.042249 elapsed_s=0.626 pending_steps=1999
[exp8008] epoch=2 seed=43 loss=0.454335288034 gradient=0.00407119 elapsed_s=0.626 pending_steps=1998
[exp8008] epoch=3 seed=43 loss=0.454248752552 gradient=7.88763e-05 elapsed_s=0.626 pending_steps=1997
[exp8008] epoch=4 seed=43 loss=0.45424870871 gradient=4.25238e-08 elapsed_s=0.626 pending_steps=1996
[exp8008] epoch=5 seed=43 loss=0.45424870871 gradient=1.29751e-14 elapsed_s=0.626 pending_steps=1995
[exp8008] epoch=0 seed=43 loss=0.454248629031 gradient=0.0114477 elapsed_s=0.626 pending_steps=2000
[exp8008] epoch=1 seed=43 loss=0.365892450813 gradient=0.0379236 elapsed_s=0.627 pending_steps=1999
[exp8008] epoch=2 seed=43 loss=0.354547228643 gradient=0.00496335 elapsed_s=0.627 pending_steps=1998
[exp8008] epoch=3 seed=43 loss=0.35396366294 gradient=0.000299905 elapsed_s=0.627 pending_steps=1997
[exp8008] epoch=4 seed=43 loss=0.353958588691 gradient=2.56485e-06 elapsed_s=0.628 pending_steps=1996
[exp8008] epoch=5 seed=43 loss=0.353958587643 gradient=5.78957e-10 elapsed_s=0.628 pending_steps=1995
[exp8008] phase=benchmark_after_equal_information_spline_seed_43_l2_0.0001 elapsed_s=0.629 units=0 pending=0
[exp8008] phase=benchmark_before_equal_information_spline_seed_43_l2_0.001 elapsed_s=0.629 units=0 pending=0
[exp8008] epoch=0 seed=43 loss=0.688094299767 gradient=0.325458 elapsed_s=0.630 pending_steps=2000
[exp8008] epoch=1 seed=43 loss=0.462517799784 gradient=0.0414108 elapsed_s=0.630 pending_steps=1999
[exp8008] epoch=2 seed=43 loss=0.456677399418 gradient=0.00378602 elapsed_s=0.630 pending_steps=1998
[exp8008] epoch=3 seed=43 loss=0.456605204331 gradient=6.44814e-05 elapsed_s=0.630 pending_steps=1997
[exp8008] epoch=4 seed=43 loss=0.456605176218 gradient=2.6601e-08 elapsed_s=0.630 pending_steps=1996
[exp8008] epoch=5 seed=43 loss=0.456605176218 gradient=4.73449e-15 elapsed_s=0.630 pending_steps=1995
[exp8008] epoch=0 seed=43 loss=0.45660509312 gradient=0.0114343 elapsed_s=0.630 pending_steps=2000
[exp8008] epoch=1 seed=43 loss=0.408264179517 gradient=0.0174922 elapsed_s=0.630 pending_steps=1999
[exp8008] epoch=2 seed=43 loss=0.406588601406 gradient=0.000881375 elapsed_s=0.631 pending_steps=1998
[exp8008] epoch=3 seed=43 loss=0.406582397469 gradient=4.08748e-06 elapsed_s=0.631 pending_steps=1997
[exp8008] epoch=4 seed=43 loss=0.406582397286 gradient=1.20815e-10 elapsed_s=0.631 pending_steps=1996
[exp8008] phase=benchmark_after_equal_information_spline_seed_43_l2_0.001 elapsed_s=0.632 units=0 pending=0
[exp8008] phase=benchmark_before_equal_information_spline_seed_43_l2_0.01 elapsed_s=0.632 units=0 pending=0
[exp8008] epoch=0 seed=43 loss=0.688462876815 gradient=0.325457 elapsed_s=0.633 pending_steps=2000
[exp8008] epoch=1 seed=43 loss=0.480424587173 gradient=0.0340746 elapsed_s=0.633 pending_steps=1999
[exp8008] epoch=2 seed=43 loss=0.477132354625 gradient=0.00190431 elapsed_s=0.633 pending_steps=1998
[exp8008] epoch=3 seed=43 loss=0.477118560199 gradient=1.028e-05 elapsed_s=0.633 pending_steps=1997
[exp8008] epoch=4 seed=43 loss=0.477118559675 gradient=4.04566e-10 elapsed_s=0.633 pending_steps=1996
[exp8008] epoch=0 seed=43 loss=0.477118439928 gradient=0.0147704 elapsed_s=0.633 pending_steps=2000
[exp8008] epoch=1 seed=43 loss=0.456265711802 gradient=0.00354741 elapsed_s=0.633 pending_steps=1999
[exp8008] epoch=2 seed=43 loss=0.45621958064 gradient=2.63768e-05 elapsed_s=0.634 pending_steps=1998
[exp8008] epoch=3 seed=43 loss=0.456219577939 gradient=1.89532e-09 elapsed_s=0.634 pending_steps=1997
[exp8008] phase=benchmark_after_equal_information_spline_seed_43_l2_0.01 elapsed_s=0.635 units=0 pending=0
[exp8008] phase=benchmark_after_equal_information_spline elapsed_s=0.635 units=43 pending=0
[exp8008] phase=benchmark_before_equal_information_spline elapsed_s=0.635 units=71 pending=0
[exp8008] phase=benchmark_before_equal_information_spline_seed_71_l2_0.0001 elapsed_s=0.635 units=0 pending=0
[exp8008] epoch=0 seed=71 loss=0.688058078361 gradient=0.325458 elapsed_s=0.636 pending_steps=2000
[exp8008] epoch=1 seed=71 loss=0.460544761481 gradient=0.042249 elapsed_s=0.636 pending_steps=1999
[exp8008] epoch=2 seed=71 loss=0.454335287754 gradient=0.00407119 elapsed_s=0.636 pending_steps=1998
[exp8008] epoch=3 seed=71 loss=0.454248752552 gradient=7.88761e-05 elapsed_s=0.636 pending_steps=1997
[exp8008] epoch=4 seed=71 loss=0.45424870871 gradient=4.25235e-08 elapsed_s=0.636 pending_steps=1996
[exp8008] epoch=5 seed=71 loss=0.45424870871 gradient=1.29376e-14 elapsed_s=0.636 pending_steps=1995
[exp8008] epoch=0 seed=71 loss=0.454248829636 gradient=0.0114477 elapsed_s=0.636 pending_steps=2000
[exp8008] epoch=1 seed=71 loss=0.365892489567 gradient=0.0379238 elapsed_s=0.636 pending_steps=1999
[exp8008] epoch=2 seed=71 loss=0.354547228742 gradient=0.00496337 elapsed_s=0.637 pending_steps=1998
[exp8008] epoch=3 seed=71 loss=0.35396366282 gradient=0.000299905 elapsed_s=0.637 pending_steps=1997
[exp8008] epoch=4 seed=71 loss=0.353958588691 gradient=2.56479e-06 elapsed_s=0.637 pending_steps=1996
[exp8008] epoch=5 seed=71 loss=0.353958587643 gradient=5.78913e-10 elapsed_s=0.638 pending_steps=1995
[exp8008] phase=benchmark_after_equal_information_spline_seed_71_l2_0.0001 elapsed_s=0.639 units=0 pending=0
[exp8008] phase=benchmark_before_equal_information_spline_seed_71_l2_0.001 elapsed_s=0.639 units=0 pending=0
[exp8008] epoch=0 seed=71 loss=0.688094936065 gradient=0.325458 elapsed_s=0.639 pending_steps=2000
[exp8008] epoch=1 seed=71 loss=0.462517793203 gradient=0.0414108 elapsed_s=0.639 pending_steps=1999
[exp8008] epoch=2 seed=71 loss=0.456677399175 gradient=0.00378602 elapsed_s=0.639 pending_steps=1998
[exp8008] epoch=3 seed=71 loss=0.45660520433 gradient=6.44811e-05 elapsed_s=0.639 pending_steps=1997
[exp8008] epoch=4 seed=71 loss=0.456605176218 gradient=2.66008e-08 elapsed_s=0.639 pending_steps=1996
[exp8008] epoch=5 seed=71 loss=0.456605176218 gradient=4.75878e-15 elapsed_s=0.639 pending_steps=1995
[exp8008] epoch=0 seed=71 loss=0.456605298765 gradient=0.0114342 elapsed_s=0.639 pending_steps=2000
[exp8008] epoch=1 seed=71 loss=0.408264198127 gradient=0.0174924 elapsed_s=0.640 pending_steps=1999
[exp8008] epoch=2 seed=71 loss=0.406588601528 gradient=0.000881389 elapsed_s=0.640 pending_steps=1998
[exp8008] epoch=3 seed=71 loss=0.406582397469 gradient=4.0876e-06 elapsed_s=0.640 pending_steps=1997
[exp8008] epoch=4 seed=71 loss=0.406582397286 gradient=1.2082e-10 elapsed_s=0.641 pending_steps=1996
[exp8008] phase=benchmark_after_equal_information_spline_seed_71_l2_0.001 elapsed_s=0.642 units=0 pending=0
[exp8008] phase=benchmark_before_equal_information_spline_seed_71_l2_0.01 elapsed_s=0.642 units=0 pending=0
[exp8008] epoch=0 seed=71 loss=0.688463513112 gradient=0.325458 elapsed_s=0.642 pending_steps=2000
[exp8008] epoch=1 seed=71 loss=0.480424582339 gradient=0.0340746 elapsed_s=0.642 pending_steps=1999
[exp8008] epoch=2 seed=71 loss=0.477132354561 gradient=0.00190431 elapsed_s=0.642 pending_steps=1998
[exp8008] epoch=3 seed=71 loss=0.477118560199 gradient=1.028e-05 elapsed_s=0.642 pending_steps=1997
[exp8008] epoch=4 seed=71 loss=0.477118559675 gradient=4.04562e-10 elapsed_s=0.642 pending_steps=1996
[exp8008] epoch=0 seed=71 loss=0.477118689444 gradient=0.0147704 elapsed_s=0.643 pending_steps=2000
[exp8008] epoch=1 seed=71 loss=0.456265714746 gradient=0.00354753 elapsed_s=0.643 pending_steps=1999
[exp8008] epoch=2 seed=71 loss=0.456219580641 gradient=2.63788e-05 elapsed_s=0.643 pending_steps=1998
[exp8008] epoch=3 seed=71 loss=0.456219577939 gradient=1.89563e-09 elapsed_s=0.644 pending_steps=1997
[exp8008] phase=benchmark_after_equal_information_spline_seed_71_l2_0.01 elapsed_s=0.645 units=0 pending=0
[exp8008] phase=benchmark_after_equal_information_spline elapsed_s=0.645 units=71 pending=0
[exp8008] phase=benchmark_before_equal_information_spline elapsed_s=0.645 units=101 pending=0
[exp8008] phase=benchmark_before_equal_information_spline_seed_101_l2_0.0001 elapsed_s=0.645 units=0 pending=0
[exp8008] epoch=0 seed=101 loss=0.68806080855 gradient=0.32546 elapsed_s=0.645 pending_steps=2000
[exp8008] epoch=1 seed=101 loss=0.460544732327 gradient=0.0422489 elapsed_s=0.645 pending_steps=1999
[exp8008] epoch=2 seed=101 loss=0.454335286554 gradient=0.00407117 elapsed_s=0.645 pending_steps=1998
[exp8008] epoch=3 seed=101 loss=0.45424875255 gradient=7.8875e-05 elapsed_s=0.645 pending_steps=1997
[exp8008] epoch=4 seed=101 loss=0.45424870871 gradient=4.25222e-08 elapsed_s=0.645 pending_steps=1996
[exp8008] epoch=5 seed=101 loss=0.45424870871 gradient=1.30769e-14 elapsed_s=0.645 pending_steps=1995
[exp8008] epoch=0 seed=101 loss=0.454248083856 gradient=0.0114468 elapsed_s=0.645 pending_steps=2000
[exp8008] epoch=1 seed=101 loss=0.36589229288 gradient=0.0379229 elapsed_s=0.646 pending_steps=1999
[exp8008] epoch=2 seed=101 loss=0.354547231199 gradient=0.0049633 elapsed_s=0.646 pending_steps=1998
[exp8008] epoch=3 seed=101 loss=0.35396366316 gradient=0.000299904 elapsed_s=0.646 pending_steps=1997
[exp8008] epoch=4 seed=101 loss=0.353958588691 gradient=2.56494e-06 elapsed_s=0.647 pending_steps=1996
[exp8008] epoch=5 seed=101 loss=0.353958587643 gradient=5.7904e-10 elapsed_s=0.647 pending_steps=1995
[exp8008] phase=benchmark_after_equal_information_spline_seed_101_l2_0.0001 elapsed_s=0.648 units=0 pending=0
[exp8008] phase=benchmark_before_equal_information_spline_seed_101_l2_0.001 elapsed_s=0.648 units=0 pending=0
[exp8008] epoch=0 seed=101 loss=0.688097666255 gradient=0.32546 elapsed_s=0.649 pending_steps=2000
[exp8008] epoch=1 seed=101 loss=0.462517764963 gradient=0.0414107 elapsed_s=0.649 pending_steps=1999
[exp8008] epoch=2 seed=101 loss=0.456677398134 gradient=0.003786 elapsed_s=0.649 pending_steps=1998
[exp8008] epoch=3 seed=101 loss=0.456605204329 gradient=6.44802e-05 elapsed_s=0.649 pending_steps=1997
[exp8008] epoch=4 seed=101 loss=0.456605176218 gradient=2.65999e-08 elapsed_s=0.649 pending_steps=1996
[exp8008] epoch=5 seed=101 loss=0.456605176218 gradient=4.76789e-15 elapsed_s=0.649 pending_steps=1995
[exp8008] epoch=0 seed=101 loss=0.456604565106 gradient=0.0114333 elapsed_s=0.649 pending_steps=2000
[exp8008] epoch=1 seed=101 loss=0.408264110882 gradient=0.0174917 elapsed_s=0.649 pending_steps=1999
[exp8008] epoch=2 seed=101 loss=0.406588601171 gradient=0.000881342 elapsed_s=0.650 pending_steps=1998
[exp8008] epoch=3 seed=101 loss=0.406582397469 gradient=4.08728e-06 elapsed_s=0.650 pending_steps=1997
[exp8008] epoch=4 seed=101 loss=0.406582397286 gradient=1.20807e-10 elapsed_s=0.650 pending_steps=1996
[exp8008] phase=benchmark_after_equal_information_spline_seed_101_l2_0.001 elapsed_s=0.651 units=0 pending=0
[exp8008] phase=benchmark_before_equal_information_spline_seed_101_l2_0.01 elapsed_s=0.651 units=0 pending=0
[exp8008] epoch=0 seed=101 loss=0.688466243302 gradient=0.32546 elapsed_s=0.652 pending_steps=2000
[exp8008] epoch=1 seed=101 loss=0.480424561596 gradient=0.0340745 elapsed_s=0.652 pending_steps=1999
[exp8008] epoch=2 seed=101 loss=0.477132354287 gradient=0.00190429 elapsed_s=0.652 pending_steps=1998
[exp8008] epoch=3 seed=101 loss=0.477118560199 gradient=1.02798e-05 elapsed_s=0.652 pending_steps=1997
[exp8008] epoch=4 seed=101 loss=0.477118559675 gradient=4.04545e-10 elapsed_s=0.652 pending_steps=1996
[exp8008] epoch=0 seed=101 loss=0.477118062549 gradient=0.0147713 elapsed_s=0.652 pending_steps=2000
[exp8008] epoch=1 seed=101 loss=0.456265706374 gradient=0.00354717 elapsed_s=0.652 pending_steps=1999
[exp8008] epoch=2 seed=101 loss=0.45621958064 gradient=2.63737e-05 elapsed_s=0.653 pending_steps=1998
[exp8008] epoch=3 seed=101 loss=0.456219577939 gradient=1.8949e-09 elapsed_s=0.653 pending_steps=1997
[exp8008] phase=benchmark_after_equal_information_spline_seed_101_l2_0.01 elapsed_s=0.654 units=0 pending=0
[exp8008] phase=benchmark_after_equal_information_spline elapsed_s=0.654 units=101 pending=0
[exp8008] phase=benchmark_before_isotonic elapsed_s=0.654 units=0 pending=0
[exp8008] phase=benchmark_after_isotonic elapsed_s=0.655 units=0 pending=0
[exp8008] phase=base_heads_saved_before_calibration_labels elapsed_s=0.678 units=0 pending=0
[exp8008] failed=calibration_support
