..................F......F                                               [100%]
=================================== FAILURES ===================================
__________________________ test_private_e2e018[match] __________________________

tmp_path = PosixPath('/home/ianblenke/.cache/carnot-exp8396-private/invocation-2g4d3glf/e2e018/test_private_e2e018_match_0')
mutation = 'match'

    @pytest.mark.parametrize(
        "mutation",
        ["match", "prompt", "delete", "reorder", "lineage", "table", "digest", "missing_stage"],
    )
    def test_private_e2e018(tmp_path, mutation):
        """SCENARIO-REPORT-8374-AUTHORITY: full objects and visible rows must agree."""
        tasks = yaml.safe_load((e.ROOT / e.ACTIVE).read_bytes())["tasks"]
        table = "\n".join(
            f"| {i + 1} | {t['id']} | {t['title']} | {t['phase']} | {t['deliverable']} |"
            for i, t in enumerate(tasks)
        )
        digest = e.tasks_digest(tasks)
        text = (
            "## Exact task contract\n"
            + table
            + "\nCanonical full-task SHA256: `"
            + digest
            + "`\n<!-- V722_TASK_CONTRACT_START -->\n```json\n"
            + json.dumps(dict(milestone=e.MILESTONE, tasks=tasks))
            + "\n```\n"
        )
        if mutation == "table":
            text = text.replace(tasks[0]["title"], "wrong", 1)
        if mutation == "digest":
            text = text.replace(digest, "0" * 64)
        design = tmp_path / e.DESIGN
        design.parent.mkdir(parents=True)
        design.write_text(text)
        plan = dict(milestone=e.MILESTONE, tasks=deepcopy(tasks))
        if mutation == "prompt":
            plan["tasks"][0]["prompt"] += " changed"
        if mutation == "delete":
            plan["tasks"].pop()
        if mutation == "reorder":
            plan["tasks"].reverse()
        if mutation == "lineage":
            plan["tasks"][0]["prior_failures"][0]["verdict"] += " changed"
        (tmp_path / e.ACTIVE).write_text(yaml.safe_dump(plan))
        if mutation != "missing_stage":
            (tmp_path / e.STAGED).write_text(yaml.safe_dump(plan))
        checked = e.authority(tmp_path, tmp_path / "raw")
>       assert checked["activated"] == (mutation in ["match", "missing_stage"])
E       AssertionError: assert False == ('match' in ['match', 'missing_stage'])

tests/python/test_v722_contract_methods_8374.py:126: AssertionError
______________________ test_private_e2e018[missing_stage] ______________________

tmp_path = PosixPath('/home/ianblenke/.cache/carnot-exp8396-private/invocation-2g4d3glf/e2e018/test_private_e2e018_missing_st0')
mutation = 'missing_stage'

    @pytest.mark.parametrize(
        "mutation",
        ["match", "prompt", "delete", "reorder", "lineage", "table", "digest", "missing_stage"],
    )
    def test_private_e2e018(tmp_path, mutation):
        """SCENARIO-REPORT-8374-AUTHORITY: full objects and visible rows must agree."""
        tasks = yaml.safe_load((e.ROOT / e.ACTIVE).read_bytes())["tasks"]
        table = "\n".join(
            f"| {i + 1} | {t['id']} | {t['title']} | {t['phase']} | {t['deliverable']} |"
            for i, t in enumerate(tasks)
        )
        digest = e.tasks_digest(tasks)
        text = (
            "## Exact task contract\n"
            + table
            + "\nCanonical full-task SHA256: `"
            + digest
            + "`\n<!-- V722_TASK_CONTRACT_START -->\n```json\n"
            + json.dumps(dict(milestone=e.MILESTONE, tasks=tasks))
            + "\n```\n"
        )
        if mutation == "table":
            text = text.replace(tasks[0]["title"], "wrong", 1)
        if mutation == "digest":
            text = text.replace(digest, "0" * 64)
        design = tmp_path / e.DESIGN
        design.parent.mkdir(parents=True)
        design.write_text(text)
        plan = dict(milestone=e.MILESTONE, tasks=deepcopy(tasks))
        if mutation == "prompt":
            plan["tasks"][0]["prompt"] += " changed"
        if mutation == "delete":
            plan["tasks"].pop()
        if mutation == "reorder":
            plan["tasks"].reverse()
        if mutation == "lineage":
            plan["tasks"][0]["prior_failures"][0]["verdict"] += " changed"
        (tmp_path / e.ACTIVE).write_text(yaml.safe_dump(plan))
        if mutation != "missing_stage":
            (tmp_path / e.STAGED).write_text(yaml.safe_dump(plan))
        checked = e.authority(tmp_path, tmp_path / "raw")
>       assert checked["activated"] == (mutation in ["match", "missing_stage"])
E       AssertionError: assert False == ('missing_stage' in ['match', 'missing_stage'])

tests/python/test_v722_contract_methods_8374.py:126: AssertionError
=============================== warnings summary ===============================
python/carnot/extraction/coace_extractor.py:122
  /home/ianblenke/github.com/ianblenke/carnot/python/carnot/extraction/coace_extractor.py:122: DeprecationWarning: ast.Num is deprecated and will be removed in Python 3.14; use ast.Constant instead
    if hasattr(ast, "Num"):

-- Docs: https://docs.pytest.org/en/stable/how-to/capture-warnings.html
=========================== short test summary info ============================
FAILED tests/python/test_v722_contract_methods_8374.py::test_private_e2e018[match]
FAILED tests/python/test_v722_contract_methods_8374.py::test_private_e2e018[missing_stage]
2 failed, 24 passed, 1 warning in 17.54s
