.[exp8194] phase=before_benchmark_8207_energy completed=0 pending=3
[exp8194] phase=after_benchmark_8207_energy completed=1 pending=2
[exp8194] phase=before_benchmark_8207_additive completed=1 pending=2
[exp8194] phase=after_benchmark_8207_additive completed=2 pending=1
[exp8194] phase=before_benchmark_8207_logistic completed=2 pending=1
[exp8194] phase=after_benchmark_8207_logistic completed=3 pending=0
[exp8194] phase=before_benchmark_8207_energy completed=0 pending=3
[exp8194] phase=after_benchmark_8207_energy completed=1 pending=2
[exp8194] phase=before_benchmark_8207_additive completed=1 pending=2
[exp8194] phase=after_benchmark_8207_additive completed=2 pending=1
[exp8194] phase=before_benchmark_8207_logistic completed=2 pending=1
[exp8194] phase=after_benchmark_8207_logistic completed=3 pending=0
[exp8194] phase=before_benchmark_8207_energy completed=0 pending=3
[exp8194] phase=before_benchmark_8207_energy completed=0 pending=3
.[exp8207] phase=before_preconditions completed=0 pending=0
[exp8207] phase=after_preconditions completed=3 pending=0
[exp8207] phase=before_benchmark_fixture_natural completed=0 pending=3
[exp8194] phase=before_benchmark_8207_energy completed=0 pending=3
[exp8194] phase=after_benchmark_8207_energy completed=1 pending=2
[exp8194] phase=before_benchmark_8207_additive completed=1 pending=2
[exp8194] phase=after_benchmark_8207_additive completed=2 pending=1
[exp8194] phase=before_benchmark_8207_logistic completed=2 pending=1
[exp8194] phase=after_benchmark_8207_logistic completed=3 pending=0
[exp8207] phase=after_benchmark_fixture_natural completed=1 pending=2
[exp8207] phase=before_benchmark_fixture_constant completed=1 pending=2
[exp8194] phase=before_benchmark_8207_energy completed=0 pending=3
[exp8194] phase=after_benchmark_8207_energy completed=1 pending=2
[exp8194] phase=before_benchmark_8207_additive completed=1 pending=2
[exp8194] phase=after_benchmark_8207_additive completed=2 pending=1
[exp8194] phase=before_benchmark_8207_logistic completed=2 pending=1
[exp8194] phase=after_benchmark_8207_logistic completed=3 pending=0
[exp8207] phase=after_benchmark_fixture_constant completed=2 pending=1
[exp8207] phase=before_benchmark_fixture_shuffled completed=2 pending=1
[exp8194] phase=before_benchmark_8207_energy completed=0 pending=3
[exp8194] phase=after_benchmark_8207_energy completed=1 pending=2
[exp8194] phase=before_benchmark_8207_additive completed=1 pending=2
[exp8194] phase=after_benchmark_8207_additive completed=2 pending=1
[exp8194] phase=before_benchmark_8207_logistic completed=2 pending=1
[exp8194] phase=after_benchmark_8207_logistic completed=3 pending=0
[exp8207] phase=after_benchmark_fixture_shuffled completed=3 pending=0
[exp8207] phase=measurement_complete completed=4 pending=0
[exp8207] phase=before_preconditions completed=0 pending=0
[exp8207] phase=measurement_complete completed=0 pending=0
[exp8207] phase=before_preconditions completed=0 pending=0
[exp8207] phase=measurement_complete completed=0 pending=0
.before private CLI
after private CLI 0
before private CLI
after private CLI 0
before private CLI
after private CLI 1
before private CLI
after private CLI 2
before private CLI
after private CLI 2
before private CLI
after private CLI 0
before private CLI
after private CLI 1
.[exp8207] phase=before_preconditions completed=0 pending=0
[exp8207] phase=after_preconditions completed=18 pending=0
[exp8207] phase=before_benchmark_fixture_natural completed=0 pending=3
[exp8194] phase=before_benchmark_8207_energy completed=0 pending=3
[exp8194] phase=after_benchmark_8207_energy completed=1 pending=2
[exp8194] phase=before_benchmark_8207_additive completed=1 pending=2
[exp8194] phase=after_benchmark_8207_additive completed=2 pending=1
[exp8194] phase=before_benchmark_8207_logistic completed=2 pending=1
[exp8194] phase=after_benchmark_8207_logistic completed=3 pending=0
[exp8207] phase=after_benchmark_fixture_natural completed=1 pending=2
[exp8207] phase=before_benchmark_fixture_constant completed=1 pending=2
[exp8194] phase=before_benchmark_8207_energy completed=0 pending=3
[exp8194] phase=after_benchmark_8207_energy completed=1 pending=2
[exp8194] phase=before_benchmark_8207_additive completed=1 pending=2
[exp8194] phase=after_benchmark_8207_additive completed=2 pending=1
[exp8194] phase=before_benchmark_8207_logistic completed=2 pending=1
[exp8194] phase=after_benchmark_8207_logistic completed=3 pending=0
[exp8207] phase=after_benchmark_fixture_constant completed=2 pending=1
[exp8207] phase=before_benchmark_fixture_shuffled completed=2 pending=1
[exp8194] phase=before_benchmark_8207_energy completed=0 pending=3
[exp8194] phase=after_benchmark_8207_energy completed=1 pending=2
[exp8194] phase=before_benchmark_8207_additive completed=1 pending=2
[exp8194] phase=after_benchmark_8207_additive completed=2 pending=1
[exp8194] phase=before_benchmark_8207_logistic completed=2 pending=1
[exp8194] phase=after_benchmark_8207_logistic completed=3 pending=0
[exp8207] phase=after_benchmark_fixture_shuffled completed=3 pending=0
[exp8207] phase=measurement_complete completed=4 pending=0
[exp8205] phase=before_subprocess_actual_child completed=0 pending=1
[exp8205] phase=after_subprocess_actual_child completed=1 pending=0
.[exp8207] phase=before_preconditions completed=0 pending=0
[exp8207] phase=after_preconditions completed=3 pending=0
[exp8207] phase=measurement_complete completed=0 pending=0
[exp8207] phase=before_preconditions completed=0 pending=0
[exp8207] phase=measurement_complete completed=0 pending=0
.[exp8205] phase=before_subprocess_measurement completed=0 pending=1
[exp8205] phase=after_subprocess_measurement completed=1 pending=0
.
=============================== warnings summary ===============================
python/carnot/extraction/coace_extractor.py:122
  /home/ianblenke/github.com/ianblenke/carnot/python/carnot/extraction/coace_extractor.py:122: DeprecationWarning: ast.Num is deprecated and will be removed in Python 3.14; use ast.Constant instead
    if hasattr(ast, "Num"):

-- Docs: https://docs.pytest.org/en/stable/how-to/capture-warnings.html
7 passed, 1 warning in 31.40s
