[exp8071] phase=start elapsed_s=0.000 completed=0 pending=0
[exp8071] phase=before_model_load elapsed_s=0.043 completed=0 pending=0
[exp8071] phase=after_model_load elapsed_s=7.692 completed=0 pending=0
[exp8059] phase=token_view_seal elapsed_s=7.685 completed=1 pending=7
[exp8059] phase=token_view_seal elapsed_s=7.694 completed=2 pending=6
[exp8059] phase=token_view_seal elapsed_s=7.704 completed=3 pending=5
[exp8059] phase=token_view_seal elapsed_s=7.716 completed=4 pending=4
[exp8059] phase=token_view_seal elapsed_s=7.747 completed=5 pending=3
[exp8059] phase=token_view_seal elapsed_s=7.757 completed=6 pending=2
[exp8059] phase=token_view_seal elapsed_s=7.762 completed=7 pending=1
[exp8059] phase=token_view_seal elapsed_s=7.787 completed=8 pending=0
[exp8071] phase=before_native_forward elapsed_s=7.861 completed=0 pending=0
[exp8022] phase=8033_before_context_create elapsed_s=0.000 completed=0 pending=0
[exp8022] phase=8033_after_context_create elapsed_s=0.031 completed=0 pending=0
[exp8022] phase=8033_before_eval elapsed_s=0.041 completed=0 pending=307
[exp8022] phase=8033_after_eval elapsed_s=0.798 completed=307 pending=0
[exp8022] phase=8033_before_context_close elapsed_s=1.361 completed=0 pending=0
[exp8022] phase=8033_after_context_close elapsed_s=1.821 completed=0 pending=0
[exp8071] phase=after_native_forward elapsed_s=9.695 completed=0 pending=0
[exp8071] phase=before_model_cleanup elapsed_s=9.698 completed=0 pending=0
[exp8071] phase=after_model_cleanup elapsed_s=9.862 completed=0 pending=0
