[2026-06-13 10:56:56,393][src.nn.utils.utils][INFO] - [rank: 0] Enforcing tags! <cfg.extras.enforce_tags=True>
[2026-06-13 10:56:56,396][src.nn.utils.utils][INFO] - [rank: 0] Printing config tree with Rich! <cfg.extras.print_config=True>
[2026-06-13 10:56:56,419][__main__][INFO] - [rank: 0] Instantiating datamodule <src.nn.data.SudokuDataModule>
[2026-06-13 10:56:56,420][src.nn.data.sudoku_datamodule][INFO] - [rank: 0] ✓ Loaded metadata from ./data/sudoku_extreme_1k_aug_1k/metadata.json
[2026-06-13 10:56:56,420][src.nn.data.sudoku_datamodule][INFO] - [rank: 0]   Train: 1000 groups, 1001000 total puzzles
[2026-06-13 10:56:56,423][__main__][INFO] - [rank: 0] Setting model config from data module:  num_puzzles = 1 batch_size = 768 vocab_size = 12
[2026-06-13 10:56:56,423][__main__][INFO] - [rank: 0] Instantiating model <src.nn.models.trm.TRMModule>
[2026-06-13 10:56:56,988][src.nn.models.trm][INFO] - [rank: 0] Creating TRM with vocab size=12, seq_len=81, puzzle_emb_len=0 pos_emb_type='null' puzzle_emb_dim=0
[2026-06-13 10:56:56,988][src.nn.models.trm][INFO] - [rank: 0] use_mlp_t=True, use_conv_swiglu=False, use_board_swiglu=False
[2026-06-13 10:56:56,989][src.nn.models.trm][INFO] - [rank: 0] Not using Rotary Embeddings
[2026-06-13 10:56:57,007][src.nn.models.trm][INFO] - [rank: 0] puzzle_emb_dim <= 0, not creating puzzle embeddings
[2026-06-13 10:56:57,007][__main__][INFO] - [rank: 0] Instantiating callbacks...
[2026-06-13 10:56:57,008][src.nn.utils.instantiators][INFO] - [rank: 0] Instantiating callback <lightning.pytorch.callbacks.ModelCheckpoint>
[2026-06-13 10:56:57,010][src.nn.utils.instantiators][INFO] - [rank: 0] Instantiating callback <src.nn.callbacks.ema.EMACallback>
[2026-06-13 10:56:57,011][__main__][INFO] - [rank: 0] Instantiating loggers...
[2026-06-13 10:56:57,011][src.nn.utils.instantiators][INFO] - [rank: 0] Instantiating logger <lightning.pytorch.loggers.csv_logs.CSVLogger>
[2026-06-13 10:56:57,011][__main__][INFO] - [rank: 0] Instantiating trainer <lightning.pytorch.trainer.Trainer>
[2026-06-13 10:56:57,018][__main__][INFO] - [rank: 0] Logging hyperparameters!
[2026-06-13 10:56:57,025][__main__][INFO] - [rank: 0] Starting training!
[2026-06-13 10:56:57,028][__main__][INFO] - [rank: 0] Val check interval: default (1.0)
[2026-06-13 10:56:57,028][__main__][INFO] - [rank: 0] Check val every n epoch: 100
[2026-06-13 10:56:57,028][__main__][INFO] - [rank: 0] Steps per epoch: 1303
[2026-06-13 10:56:57,029][__main__][INFO] - [rank: 0] Max epochs: 50000
[2026-06-13 10:56:57,029][__main__][INFO] - [rank: 0] Batch size: 768
[2026-06-13 10:56:57,242][src.nn.models.trm][INFO] - [rank: 0] Training configuration:
[2026-06-13 10:56:57,242][src.nn.models.trm][INFO] - [rank: 0]   Groups (unique puzzles): 1000
[2026-06-13 10:56:57,242][src.nn.models.trm][INFO] - [rank: 0]   Total puzzles (with aug): 1001000
[2026-06-13 10:56:57,242][src.nn.models.trm][INFO] - [rank: 0]   Steps per epoch: 1
[2026-06-13 10:56:57,242][src.nn.models.trm][INFO] - [rank: 0]   Total steps: 50000
[2026-06-13 10:56:57,242][src.nn.models.trm][INFO] - [rank: 0] Compiling inner_forward with torch.compile...
[2026-06-13 10:56:57,243][src.nn.models.trm][INFO] - [rank: 0] Compilation successful
[2026-06-13 10:56:57,258][src.nn.models.trm][INFO] - [rank: 0] Restored manual LR step: 19006
[2026-06-13 10:56:57,298][src.nn.data.sudoku_datamodule][INFO] - [rank: 0] Creating train dataloader with batch size 768 and num_workers 0 and prefetch_factor None
[2026-06-13 10:56:57,337][__main__][INFO] - [rank: 0] Training finished!
[2026-06-13 10:56:57,343][src.nn.utils.utils][INFO] - [rank: 0] Output dir: /home/ianblenke/github.com/ianblenke/carnot/results/trm_runs/manual_diag_1781362612
