[exp8071] phase=start elapsed_s=0.000 completed=0 pending=0
[exp8071] phase=before_model_load elapsed_s=0.042 completed=0 pending=0
[exp8071] phase=after_model_load elapsed_s=7.676 completed=0 pending=0
[exp8059] phase=token_view_seal elapsed_s=7.667 completed=1 pending=7
[exp8059] phase=token_view_seal elapsed_s=7.677 completed=2 pending=6
[exp8059] phase=token_view_seal elapsed_s=7.687 completed=3 pending=5
[exp8059] phase=token_view_seal elapsed_s=7.698 completed=4 pending=4
[exp8059] phase=token_view_seal elapsed_s=7.729 completed=5 pending=3
[exp8059] phase=token_view_seal elapsed_s=7.739 completed=6 pending=2
[exp8059] phase=token_view_seal elapsed_s=7.744 completed=7 pending=1
[exp8059] phase=token_view_seal elapsed_s=7.769 completed=8 pending=0
[exp8071] phase=before_native_forward elapsed_s=7.847 completed=0 pending=0
[exp8022] phase=8033_before_context_create elapsed_s=0.000 completed=0 pending=0
[exp8022] phase=8033_after_context_create elapsed_s=0.041 completed=0 pending=0
[exp8022] phase=8033_before_eval elapsed_s=0.052 completed=0 pending=307
[exp8022] phase=8033_after_eval elapsed_s=0.795 completed=307 pending=0
[exp8022] phase=8033_before_context_close elapsed_s=1.363 completed=0 pending=0
[exp8022] phase=8033_after_context_close elapsed_s=1.839 completed=0 pending=0
[exp8071] phase=after_native_forward elapsed_s=9.701 completed=0 pending=0
[exp8071] phase=before_model_cleanup elapsed_s=9.704 completed=0 pending=0
[exp8071] phase=after_model_cleanup elapsed_s=9.904 completed=0 pending=0
