[exp8056] phase=start elapsed_s=0.000 completed_units=0 pending=preconditions
[exp8056] phase=cold_replay_before elapsed_s=0.018 completed_units=0 pending=durable inputs and primitive equations
[exp8052] phase=independent_head_load_before elapsed_s=1.663 completed=0 pending=0
[exp8052] phase=independent_head_load_after elapsed_s=1.705 completed=0 pending=0
[exp8052] phase=replayed_arm elapsed_s=1.787 completed=1 pending=59
[exp8052] phase=replayed_arm elapsed_s=1.861 completed=2 pending=58
[exp8052] phase=replayed_arm elapsed_s=1.907 completed=3 pending=57
[exp8052] phase=replayed_arm elapsed_s=1.986 completed=4 pending=56
[exp8052] phase=replayed_arm elapsed_s=2.060 completed=5 pending=55
[exp8052] phase=replayed_arm elapsed_s=2.107 completed=6 pending=54
[exp8052] phase=replayed_arm elapsed_s=2.186 completed=7 pending=53
[exp8052] phase=replayed_arm elapsed_s=2.261 completed=8 pending=52
[exp8052] phase=replayed_arm elapsed_s=2.308 completed=9 pending=51
[exp8052] phase=replayed_arm elapsed_s=2.386 completed=10 pending=50
[exp8052] phase=replayed_arm elapsed_s=2.461 completed=11 pending=49
[exp8052] phase=replayed_arm elapsed_s=2.507 completed=12 pending=48
[exp8052] phase=replayed_arm elapsed_s=2.585 completed=13 pending=47
[exp8052] phase=replayed_arm elapsed_s=2.660 completed=14 pending=46
[exp8052] phase=replayed_arm elapsed_s=2.706 completed=15 pending=45
[exp8052] phase=replayed_arm elapsed_s=2.784 completed=16 pending=44
[exp8052] phase=replayed_arm elapsed_s=2.858 completed=17 pending=43
[exp8052] phase=replayed_arm elapsed_s=2.905 completed=18 pending=42
[exp8052] phase=replayed_arm elapsed_s=2.983 completed=19 pending=41
[exp8052] phase=replayed_arm elapsed_s=3.058 completed=20 pending=40
[exp8052] phase=replayed_arm elapsed_s=3.104 completed=21 pending=39
[exp8052] phase=replayed_arm elapsed_s=3.182 completed=22 pending=38
[exp8052] phase=replayed_arm elapsed_s=3.257 completed=23 pending=37
[exp8052] phase=replayed_arm elapsed_s=3.303 completed=24 pending=36
[exp8052] phase=replayed_arm elapsed_s=3.381 completed=25 pending=35
[exp8052] phase=replayed_arm elapsed_s=3.456 completed=26 pending=34
[exp8052] phase=replayed_arm elapsed_s=3.503 completed=27 pending=33
[exp8052] phase=replayed_arm elapsed_s=3.581 completed=28 pending=32
[exp8052] phase=replayed_arm elapsed_s=3.656 completed=29 pending=31
[exp8052] phase=replayed_arm elapsed_s=3.702 completed=30 pending=30
[exp8052] phase=replayed_arm elapsed_s=3.780 completed=31 pending=29
[exp8052] phase=replayed_arm elapsed_s=3.855 completed=32 pending=28
[exp8052] phase=replayed_arm elapsed_s=3.901 completed=33 pending=27
[exp8052] phase=replayed_arm elapsed_s=3.979 completed=34 pending=26
[exp8052] phase=replayed_arm elapsed_s=4.054 completed=35 pending=25
[exp8052] phase=replayed_arm elapsed_s=4.100 completed=36 pending=24
[exp8052] phase=replayed_arm elapsed_s=4.178 completed=37 pending=23
[exp8052] phase=replayed_arm elapsed_s=4.253 completed=38 pending=22
[exp8052] phase=replayed_arm elapsed_s=4.299 completed=39 pending=21
[exp8052] phase=replayed_arm elapsed_s=4.377 completed=40 pending=20
[exp8052] phase=replayed_arm elapsed_s=4.452 completed=41 pending=19
[exp8052] phase=replayed_arm elapsed_s=4.498 completed=42 pending=18
[exp8052] phase=replayed_arm elapsed_s=4.576 completed=43 pending=17
[exp8052] phase=replayed_arm elapsed_s=4.651 completed=44 pending=16
[exp8052] phase=replayed_arm elapsed_s=4.697 completed=45 pending=15
[exp8052] phase=replayed_arm elapsed_s=4.776 completed=46 pending=14
[exp8052] phase=replayed_arm elapsed_s=4.850 completed=47 pending=13
[exp8052] phase=replayed_arm elapsed_s=4.897 completed=48 pending=12
[exp8052] phase=replayed_arm elapsed_s=4.975 completed=49 pending=11
[exp8052] phase=replayed_arm elapsed_s=5.050 completed=50 pending=10
[exp8052] phase=replayed_arm elapsed_s=5.097 completed=51 pending=9
[exp8052] phase=replayed_arm elapsed_s=5.174 completed=52 pending=8
[exp8052] phase=replayed_arm elapsed_s=5.249 completed=53 pending=7
[exp8052] phase=replayed_arm elapsed_s=5.296 completed=54 pending=6
[exp8052] phase=replayed_arm elapsed_s=5.373 completed=55 pending=5
[exp8052] phase=replayed_arm elapsed_s=5.449 completed=56 pending=4
[exp8052] phase=replayed_arm elapsed_s=5.495 completed=57 pending=3
[exp8052] phase=replayed_arm elapsed_s=5.573 completed=58 pending=2
[exp8052] phase=replayed_arm elapsed_s=5.648 completed=59 pending=1
[exp8052] phase=replayed_arm elapsed_s=5.695 completed=60 pending=0
[exp8052] phase=terminal_heads_and_retention_predictions_sealed elapsed_s=6.347 completed=3840 pending=0
[exp8056] phase=cold_replay_after elapsed_s=6.867 completed_units=12 pending=none
{"errors": []}
