[exp8056] phase=start elapsed_s=0.000 completed_units=0 pending=preconditions
[exp8056] phase=cold_replay_before elapsed_s=0.017 completed_units=0 pending=durable inputs and primitive equations
[exp8052] phase=independent_head_load_before elapsed_s=1.661 completed=0 pending=0
[exp8052] phase=independent_head_load_after elapsed_s=1.707 completed=0 pending=0
[exp8052] phase=replayed_arm elapsed_s=1.784 completed=1 pending=59
[exp8052] phase=replayed_arm elapsed_s=1.857 completed=2 pending=58
[exp8052] phase=replayed_arm elapsed_s=1.903 completed=3 pending=57
[exp8052] phase=replayed_arm elapsed_s=1.980 completed=4 pending=56
[exp8052] phase=replayed_arm elapsed_s=2.053 completed=5 pending=55
[exp8052] phase=replayed_arm elapsed_s=2.099 completed=6 pending=54
[exp8052] phase=replayed_arm elapsed_s=2.176 completed=7 pending=53
[exp8052] phase=replayed_arm elapsed_s=2.250 completed=8 pending=52
[exp8052] phase=replayed_arm elapsed_s=2.296 completed=9 pending=51
[exp8052] phase=replayed_arm elapsed_s=2.373 completed=10 pending=50
[exp8052] phase=replayed_arm elapsed_s=2.447 completed=11 pending=49
[exp8052] phase=replayed_arm elapsed_s=2.492 completed=12 pending=48
[exp8052] phase=replayed_arm elapsed_s=2.569 completed=13 pending=47
[exp8052] phase=replayed_arm elapsed_s=2.643 completed=14 pending=46
[exp8052] phase=replayed_arm elapsed_s=2.689 completed=15 pending=45
[exp8052] phase=replayed_arm elapsed_s=2.766 completed=16 pending=44
[exp8052] phase=replayed_arm elapsed_s=2.840 completed=17 pending=43
[exp8052] phase=replayed_arm elapsed_s=2.886 completed=18 pending=42
[exp8052] phase=replayed_arm elapsed_s=2.963 completed=19 pending=41
[exp8052] phase=replayed_arm elapsed_s=3.037 completed=20 pending=40
[exp8052] phase=replayed_arm elapsed_s=3.083 completed=21 pending=39
[exp8052] phase=replayed_arm elapsed_s=3.160 completed=22 pending=38
[exp8052] phase=replayed_arm elapsed_s=3.234 completed=23 pending=37
[exp8052] phase=replayed_arm elapsed_s=3.280 completed=24 pending=36
[exp8052] phase=replayed_arm elapsed_s=3.357 completed=25 pending=35
[exp8052] phase=replayed_arm elapsed_s=3.431 completed=26 pending=34
[exp8052] phase=replayed_arm elapsed_s=3.477 completed=27 pending=33
[exp8052] phase=replayed_arm elapsed_s=3.554 completed=28 pending=32
[exp8052] phase=replayed_arm elapsed_s=3.628 completed=29 pending=31
[exp8052] phase=replayed_arm elapsed_s=3.673 completed=30 pending=30
[exp8052] phase=replayed_arm elapsed_s=3.750 completed=31 pending=29
[exp8052] phase=replayed_arm elapsed_s=3.824 completed=32 pending=28
[exp8052] phase=replayed_arm elapsed_s=3.870 completed=33 pending=27
[exp8052] phase=replayed_arm elapsed_s=3.947 completed=34 pending=26
[exp8052] phase=replayed_arm elapsed_s=4.021 completed=35 pending=25
[exp8052] phase=replayed_arm elapsed_s=4.066 completed=36 pending=24
[exp8052] phase=replayed_arm elapsed_s=4.143 completed=37 pending=23
[exp8052] phase=replayed_arm elapsed_s=4.217 completed=38 pending=22
[exp8052] phase=replayed_arm elapsed_s=4.263 completed=39 pending=21
[exp8052] phase=replayed_arm elapsed_s=4.340 completed=40 pending=20
[exp8052] phase=replayed_arm elapsed_s=4.413 completed=41 pending=19
[exp8052] phase=replayed_arm elapsed_s=4.459 completed=42 pending=18
[exp8052] phase=replayed_arm elapsed_s=4.536 completed=43 pending=17
[exp8052] phase=replayed_arm elapsed_s=4.610 completed=44 pending=16
[exp8052] phase=replayed_arm elapsed_s=4.655 completed=45 pending=15
[exp8052] phase=replayed_arm elapsed_s=4.733 completed=46 pending=14
[exp8052] phase=replayed_arm elapsed_s=4.806 completed=47 pending=13
[exp8052] phase=replayed_arm elapsed_s=4.852 completed=48 pending=12
[exp8052] phase=replayed_arm elapsed_s=4.929 completed=49 pending=11
[exp8052] phase=replayed_arm elapsed_s=5.003 completed=50 pending=10
[exp8052] phase=replayed_arm elapsed_s=5.049 completed=51 pending=9
[exp8052] phase=replayed_arm elapsed_s=5.126 completed=52 pending=8
[exp8052] phase=replayed_arm elapsed_s=5.199 completed=53 pending=7
[exp8052] phase=replayed_arm elapsed_s=5.245 completed=54 pending=6
[exp8052] phase=replayed_arm elapsed_s=5.322 completed=55 pending=5
[exp8052] phase=replayed_arm elapsed_s=5.396 completed=56 pending=4
[exp8052] phase=replayed_arm elapsed_s=5.442 completed=57 pending=3
[exp8052] phase=replayed_arm elapsed_s=5.519 completed=58 pending=2
[exp8052] phase=replayed_arm elapsed_s=5.592 completed=59 pending=1
[exp8052] phase=replayed_arm elapsed_s=5.638 completed=60 pending=0
[exp8052] phase=terminal_heads_and_retention_predictions_sealed elapsed_s=6.295 completed=3840 pending=0
[exp8056] phase=cold_replay_after elapsed_s=6.813 completed_units=12 pending=none
{"errors": []}
