[exp8008] phase=begin_no_pretrained_model_load_or_generation elapsed_s=0.008 units=0 pending=0
[exp8008] phase=benchmark_before_fit_conditioned_energy elapsed_s=0.220 units=256 pending=0
[exp8008] phase=benchmark_after_fit_conditioned_energy elapsed_s=0.222 units=256 pending=0
[exp8008] phase=benchmark_before_fit_fixed_step elapsed_s=0.222 units=256 pending=0
[exp8008] phase=benchmark_after_fit_fixed_step elapsed_s=0.224 units=256 pending=0
[exp8008] phase=benchmark_before_fit_conditioned_energy elapsed_s=0.224 units=256 pending=0
[exp8008] phase=benchmark_after_fit_conditioned_energy elapsed_s=0.227 units=256 pending=0
[exp8008] phase=benchmark_before_fit_fixed_step elapsed_s=0.227 units=256 pending=0
[exp8008] phase=benchmark_after_fit_fixed_step elapsed_s=0.229 units=256 pending=0
[exp8008] phase=benchmark_before_fit_conditioned_energy elapsed_s=0.229 units=256 pending=0
[exp8008] phase=benchmark_after_fit_conditioned_energy elapsed_s=0.232 units=256 pending=0
[exp8008] phase=benchmark_before_fit_fixed_step elapsed_s=0.232 units=256 pending=0
[exp8008] phase=benchmark_after_fit_fixed_step elapsed_s=0.234 units=256 pending=0
[exp8008] phase=benchmark_before_fit_conditioned_energy elapsed_s=0.234 units=256 pending=0
[exp8008] phase=benchmark_after_fit_conditioned_energy elapsed_s=0.237 units=256 pending=0
[exp8008] phase=benchmark_before_fit_fixed_step elapsed_s=0.237 units=256 pending=0
[exp8008] phase=benchmark_after_fit_fixed_step elapsed_s=0.239 units=256 pending=0
[exp8008] phase=benchmark_before_fit_conditioned_energy elapsed_s=0.239 units=256 pending=0
[exp8008] phase=benchmark_after_fit_conditioned_energy elapsed_s=0.241 units=256 pending=0
[exp8008] phase=benchmark_before_fit_fixed_step elapsed_s=0.241 units=256 pending=0
[exp8008] phase=benchmark_after_fit_fixed_step elapsed_s=0.244 units=256 pending=0
[exp8008] phase=benchmark_before_fit_linear elapsed_s=0.244 units=256 pending=0
[exp8008] phase=benchmark_after_fit_linear elapsed_s=0.246 units=256 pending=0
[exp8008] phase=benchmark_before_fit_linear elapsed_s=0.246 units=256 pending=0
[exp8008] phase=benchmark_after_fit_linear elapsed_s=0.248 units=256 pending=0
[exp8008] phase=benchmark_before_fit_linear elapsed_s=0.248 units=256 pending=0
[exp8008] phase=benchmark_after_fit_linear elapsed_s=0.328 units=256 pending=0
[exp8008] phase=benchmark_before_fit_linear elapsed_s=0.328 units=256 pending=0
[exp8008] phase=benchmark_after_fit_linear elapsed_s=0.330 units=256 pending=0
[exp8008] phase=benchmark_before_fit_linear elapsed_s=0.330 units=256 pending=0
[exp8008] phase=benchmark_after_fit_linear elapsed_s=0.331 units=256 pending=0
[exp8008] phase=benchmark_before_fit_intercept_only elapsed_s=0.331 units=256 pending=0
[exp8008] phase=benchmark_after_fit_intercept_only elapsed_s=0.333 units=256 pending=0
[exp8008] phase=benchmark_before_fit_intercept_only elapsed_s=0.333 units=256 pending=0
[exp8008] phase=benchmark_after_fit_intercept_only elapsed_s=0.335 units=256 pending=0
[exp8008] phase=benchmark_before_fit_intercept_only elapsed_s=0.335 units=256 pending=0
[exp8008] phase=benchmark_after_fit_intercept_only elapsed_s=0.337 units=256 pending=0
[exp8008] phase=benchmark_before_fit_intercept_only elapsed_s=0.337 units=256 pending=0
[exp8008] phase=benchmark_after_fit_intercept_only elapsed_s=0.339 units=256 pending=0
[exp8008] phase=benchmark_before_fit_intercept_only elapsed_s=0.339 units=256 pending=0
[exp8008] phase=benchmark_after_fit_intercept_only elapsed_s=0.340 units=256 pending=0
[exp8008] phase=benchmark_before_fit_equal_information_spline elapsed_s=0.340 units=256 pending=0
[exp8008] phase=benchmark_after_fit_equal_information_spline elapsed_s=0.343 units=256 pending=0
[exp8008] phase=benchmark_before_fit_equal_information_spline elapsed_s=0.343 units=256 pending=0
[exp8008] phase=benchmark_after_fit_equal_information_spline elapsed_s=0.345 units=256 pending=0
[exp8008] phase=benchmark_before_fit_equal_information_spline elapsed_s=0.345 units=256 pending=0
[exp8008] phase=benchmark_after_fit_equal_information_spline elapsed_s=0.348 units=256 pending=0
[exp8008] phase=benchmark_before_fit_equal_information_spline elapsed_s=0.348 units=256 pending=0
[exp8008] phase=benchmark_after_fit_equal_information_spline elapsed_s=0.350 units=256 pending=0
[exp8008] phase=benchmark_before_fit_equal_information_spline elapsed_s=0.350 units=256 pending=0
[exp8008] phase=benchmark_after_fit_equal_information_spline elapsed_s=0.353 units=256 pending=0
[exp8008] phase=benchmark_before_fit_isotonic elapsed_s=0.353 units=256 pending=0
[exp8008] phase=benchmark_after_fit_isotonic elapsed_s=0.354 units=256 pending=0
[exp8008] phase=benchmark_before_fit_frozen_v693 elapsed_s=0.354 units=256 pending=0
[exp8008] phase=benchmark_after_fit_frozen_v693 elapsed_s=0.357 units=256 pending=0
[exp8008] phase=benchmark_before_fit_isotonic elapsed_s=0.357 units=256 pending=0
[exp8008] phase=benchmark_after_fit_isotonic elapsed_s=0.359 units=256 pending=0
[exp8008] phase=benchmark_before_fit_frozen_v693 elapsed_s=0.359 units=256 pending=0
[exp8008] phase=benchmark_after_fit_frozen_v693 elapsed_s=0.361 units=256 pending=0
[exp8008] phase=benchmark_before_fit_isotonic elapsed_s=0.361 units=256 pending=0
[exp8008] phase=benchmark_after_fit_isotonic elapsed_s=0.363 units=256 pending=0
[exp8008] phase=benchmark_before_fit_frozen_v693 elapsed_s=0.363 units=256 pending=0
[exp8008] phase=benchmark_after_fit_frozen_v693 elapsed_s=0.366 units=256 pending=0
[exp8008] phase=benchmark_before_fit_isotonic elapsed_s=0.366 units=256 pending=0
[exp8008] phase=benchmark_after_fit_isotonic elapsed_s=0.368 units=256 pending=0
[exp8008] phase=benchmark_before_fit_frozen_v693 elapsed_s=0.368 units=256 pending=0
[exp8008] phase=benchmark_after_fit_frozen_v693 elapsed_s=0.370 units=256 pending=0
[exp8008] phase=benchmark_before_fit_isotonic elapsed_s=0.370 units=256 pending=0
[exp8008] phase=benchmark_after_fit_isotonic elapsed_s=0.372 units=256 pending=0
[exp8008] phase=benchmark_before_fit_frozen_v693 elapsed_s=0.372 units=256 pending=0
[exp8008] phase=benchmark_after_fit_frozen_v693 elapsed_s=0.375 units=256 pending=0
[exp8008] phase=benchmark_before_tune_conditioned_energy elapsed_s=0.375 units=64 pending=0
[exp8008] phase=benchmark_after_tune_conditioned_energy elapsed_s=0.376 units=64 pending=0
[exp8008] phase=benchmark_before_tune_fixed_step elapsed_s=0.376 units=64 pending=0
[exp8008] phase=benchmark_after_tune_fixed_step elapsed_s=0.377 units=64 pending=0
[exp8008] phase=benchmark_before_tune_conditioned_energy elapsed_s=0.377 units=64 pending=0
[exp8008] phase=benchmark_after_tune_conditioned_energy elapsed_s=0.377 units=64 pending=0
[exp8008] phase=benchmark_before_tune_fixed_step elapsed_s=0.377 units=64 pending=0
[exp8008] phase=benchmark_after_tune_fixed_step elapsed_s=0.378 units=64 pending=0
[exp8008] phase=benchmark_before_tune_conditioned_energy elapsed_s=0.378 units=64 pending=0
[exp8008] phase=benchmark_after_tune_conditioned_energy elapsed_s=0.379 units=64 pending=0
[exp8008] phase=benchmark_before_tune_fixed_step elapsed_s=0.379 units=64 pending=0
[exp8008] phase=benchmark_after_tune_fixed_step elapsed_s=0.380 units=64 pending=0
[exp8008] phase=benchmark_before_tune_conditioned_energy elapsed_s=0.380 units=64 pending=0
[exp8008] phase=benchmark_after_tune_conditioned_energy elapsed_s=0.381 units=64 pending=0
[exp8008] phase=benchmark_before_tune_fixed_step elapsed_s=0.381 units=64 pending=0
[exp8008] phase=benchmark_after_tune_fixed_step elapsed_s=0.381 units=64 pending=0
[exp8008] phase=benchmark_before_tune_conditioned_energy elapsed_s=0.381 units=64 pending=0
[exp8008] phase=benchmark_after_tune_conditioned_energy elapsed_s=0.382 units=64 pending=0
[exp8008] phase=benchmark_before_tune_fixed_step elapsed_s=0.382 units=64 pending=0
[exp8008] phase=benchmark_after_tune_fixed_step elapsed_s=0.383 units=64 pending=0
[exp8008] phase=benchmark_before_tune_linear elapsed_s=0.383 units=64 pending=0
[exp8008] phase=benchmark_after_tune_linear elapsed_s=0.384 units=64 pending=0
[exp8008] phase=benchmark_before_tune_linear elapsed_s=0.384 units=64 pending=0
[exp8008] phase=benchmark_after_tune_linear elapsed_s=0.384 units=64 pending=0
[exp8008] phase=benchmark_before_tune_linear elapsed_s=0.384 units=64 pending=0
[exp8008] phase=benchmark_after_tune_linear elapsed_s=0.385 units=64 pending=0
[exp8008] phase=benchmark_before_tune_linear elapsed_s=0.385 units=64 pending=0
[exp8008] phase=benchmark_after_tune_linear elapsed_s=0.385 units=64 pending=0
[exp8008] phase=benchmark_before_tune_linear elapsed_s=0.385 units=64 pending=0
[exp8008] phase=benchmark_after_tune_linear elapsed_s=0.386 units=64 pending=0
[exp8008] phase=benchmark_before_tune_intercept_only elapsed_s=0.386 units=64 pending=0
[exp8008] phase=benchmark_after_tune_intercept_only elapsed_s=0.386 units=64 pending=0
[exp8008] phase=benchmark_before_tune_intercept_only elapsed_s=0.386 units=64 pending=0
[exp8008] phase=benchmark_after_tune_intercept_only elapsed_s=0.387 units=64 pending=0
[exp8008] phase=benchmark_before_tune_intercept_only elapsed_s=0.387 units=64 pending=0
[exp8008] phase=benchmark_after_tune_intercept_only elapsed_s=0.387 units=64 pending=0
[exp8008] phase=benchmark_before_tune_intercept_only elapsed_s=0.387 units=64 pending=0
[exp8008] phase=benchmark_after_tune_intercept_only elapsed_s=0.388 units=64 pending=0
[exp8008] phase=benchmark_before_tune_intercept_only elapsed_s=0.388 units=64 pending=0
[exp8008] phase=benchmark_after_tune_intercept_only elapsed_s=0.388 units=64 pending=0
[exp8008] phase=benchmark_before_tune_equal_information_spline elapsed_s=0.388 units=64 pending=0
[exp8008] phase=benchmark_after_tune_equal_information_spline elapsed_s=0.389 units=64 pending=0
[exp8008] phase=benchmark_before_tune_equal_information_spline elapsed_s=0.389 units=64 pending=0
[exp8008] phase=benchmark_after_tune_equal_information_spline elapsed_s=0.390 units=64 pending=0
[exp8008] phase=benchmark_before_tune_equal_information_spline elapsed_s=0.390 units=64 pending=0
[exp8008] phase=benchmark_after_tune_equal_information_spline elapsed_s=0.391 units=64 pending=0
[exp8008] phase=benchmark_before_tune_equal_information_spline elapsed_s=0.391 units=64 pending=0
[exp8008] phase=benchmark_after_tune_equal_information_spline elapsed_s=0.392 units=64 pending=0
[exp8008] phase=benchmark_before_tune_equal_information_spline elapsed_s=0.392 units=64 pending=0
[exp8008] phase=benchmark_after_tune_equal_information_spline elapsed_s=0.392 units=64 pending=0
[exp8008] phase=benchmark_before_tune_isotonic elapsed_s=0.392 units=64 pending=0
[exp8008] phase=benchmark_after_tune_isotonic elapsed_s=0.393 units=64 pending=0
[exp8008] phase=benchmark_before_tune_frozen_v693 elapsed_s=0.393 units=64 pending=0
[exp8008] phase=benchmark_after_tune_frozen_v693 elapsed_s=0.394 units=64 pending=0
[exp8008] phase=benchmark_before_tune_isotonic elapsed_s=0.394 units=64 pending=0
[exp8008] phase=benchmark_after_tune_isotonic elapsed_s=0.394 units=64 pending=0
[exp8008] phase=benchmark_before_tune_frozen_v693 elapsed_s=0.394 units=64 pending=0
[exp8008] phase=benchmark_after_tune_frozen_v693 elapsed_s=0.395 units=64 pending=0
[exp8008] phase=benchmark_before_tune_isotonic elapsed_s=0.395 units=64 pending=0
[exp8008] phase=benchmark_after_tune_isotonic elapsed_s=0.396 units=64 pending=0
[exp8008] phase=benchmark_before_tune_frozen_v693 elapsed_s=0.396 units=64 pending=0
[exp8008] phase=benchmark_after_tune_frozen_v693 elapsed_s=0.396 units=64 pending=0
[exp8008] phase=benchmark_before_tune_isotonic elapsed_s=0.396 units=64 pending=0
[exp8008] phase=benchmark_after_tune_isotonic elapsed_s=0.397 units=64 pending=0
[exp8008] phase=benchmark_before_tune_frozen_v693 elapsed_s=0.397 units=64 pending=0
[exp8008] phase=benchmark_after_tune_frozen_v693 elapsed_s=0.398 units=64 pending=0
[exp8008] phase=benchmark_before_tune_isotonic elapsed_s=0.398 units=64 pending=0
[exp8008] phase=benchmark_after_tune_isotonic elapsed_s=0.398 units=64 pending=0
[exp8008] phase=benchmark_before_tune_frozen_v693 elapsed_s=0.398 units=64 pending=0
[exp8008] phase=benchmark_after_tune_frozen_v693 elapsed_s=0.399 units=64 pending=0
[exp8008] phase=benchmark_before_calibration_conditioned_energy elapsed_s=0.399 units=64 pending=0
[exp8008] phase=benchmark_after_calibration_conditioned_energy elapsed_s=0.400 units=64 pending=0
[exp8008] phase=benchmark_before_calibration_fixed_step elapsed_s=0.400 units=64 pending=0
[exp8008] phase=benchmark_after_calibration_fixed_step elapsed_s=0.401 units=64 pending=0
[exp8008] phase=benchmark_before_calibration_conditioned_energy elapsed_s=0.401 units=64 pending=0
[exp8008] phase=benchmark_after_calibration_conditioned_energy elapsed_s=0.401 units=64 pending=0
[exp8008] phase=benchmark_before_calibration_fixed_step elapsed_s=0.401 units=64 pending=0
[exp8008] phase=benchmark_after_calibration_fixed_step elapsed_s=0.402 units=64 pending=0
[exp8008] phase=benchmark_before_calibration_conditioned_energy elapsed_s=0.402 units=64 pending=0
[exp8008] phase=benchmark_after_calibration_conditioned_energy elapsed_s=0.403 units=64 pending=0
[exp8008] phase=benchmark_before_calibration_fixed_step elapsed_s=0.403 units=64 pending=0
[exp8008] phase=benchmark_after_calibration_fixed_step elapsed_s=0.404 units=64 pending=0
[exp8008] phase=benchmark_before_calibration_conditioned_energy elapsed_s=0.404 units=64 pending=0
[exp8008] phase=benchmark_after_calibration_conditioned_energy elapsed_s=0.405 units=64 pending=0
[exp8008] phase=benchmark_before_calibration_fixed_step elapsed_s=0.405 units=64 pending=0
[exp8008] phase=benchmark_after_calibration_fixed_step elapsed_s=0.405 units=64 pending=0
[exp8008] phase=benchmark_before_calibration_conditioned_energy elapsed_s=0.405 units=64 pending=0
[exp8008] phase=benchmark_after_calibration_conditioned_energy elapsed_s=0.406 units=64 pending=0
[exp8008] phase=benchmark_before_calibration_fixed_step elapsed_s=0.406 units=64 pending=0
[exp8008] phase=benchmark_after_calibration_fixed_step elapsed_s=0.407 units=64 pending=0
[exp8008] phase=benchmark_before_calibration_linear elapsed_s=0.407 units=64 pending=0
[exp8008] phase=benchmark_after_calibration_linear elapsed_s=0.408 units=64 pending=0
[exp8008] phase=benchmark_before_calibration_linear elapsed_s=0.408 units=64 pending=0
[exp8008] phase=benchmark_after_calibration_linear elapsed_s=0.408 units=64 pending=0
[exp8008] phase=benchmark_before_calibration_linear elapsed_s=0.408 units=64 pending=0
[exp8008] phase=benchmark_after_calibration_linear elapsed_s=0.409 units=64 pending=0
[exp8008] phase=benchmark_before_calibration_linear elapsed_s=0.409 units=64 pending=0
[exp8008] phase=benchmark_after_calibration_linear elapsed_s=0.409 units=64 pending=0
[exp8008] phase=benchmark_before_calibration_linear elapsed_s=0.409 units=64 pending=0
[exp8008] phase=benchmark_after_calibration_linear elapsed_s=0.410 units=64 pending=0
[exp8008] phase=benchmark_before_calibration_intercept_only elapsed_s=0.410 units=64 pending=0
[exp8008] phase=benchmark_after_calibration_intercept_only elapsed_s=0.410 units=64 pending=0
[exp8008] phase=benchmark_before_calibration_intercept_only elapsed_s=0.410 units=64 pending=0
[exp8008] phase=benchmark_after_calibration_intercept_only elapsed_s=0.411 units=64 pending=0
[exp8008] phase=benchmark_before_calibration_intercept_only elapsed_s=0.411 units=64 pending=0
[exp8008] phase=benchmark_after_calibration_intercept_only elapsed_s=0.411 units=64 pending=0
[exp8008] phase=benchmark_before_calibration_intercept_only elapsed_s=0.411 units=64 pending=0
[exp8008] phase=benchmark_after_calibration_intercept_only elapsed_s=0.412 units=64 pending=0
[exp8008] phase=benchmark_before_calibration_intercept_only elapsed_s=0.412 units=64 pending=0
[exp8008] phase=benchmark_after_calibration_intercept_only elapsed_s=0.412 units=64 pending=0
[exp8008] phase=benchmark_before_calibration_equal_information_spline elapsed_s=0.412 units=64 pending=0
[exp8008] phase=benchmark_after_calibration_equal_information_spline elapsed_s=0.413 units=64 pending=0
[exp8008] phase=benchmark_before_calibration_equal_information_spline elapsed_s=0.413 units=64 pending=0
[exp8008] phase=benchmark_after_calibration_equal_information_spline elapsed_s=0.414 units=64 pending=0
[exp8008] phase=benchmark_before_calibration_equal_information_spline elapsed_s=0.414 units=64 pending=0
[exp8008] phase=benchmark_after_calibration_equal_information_spline elapsed_s=0.415 units=64 pending=0
[exp8008] phase=benchmark_before_calibration_equal_information_spline elapsed_s=0.415 units=64 pending=0
[exp8008] phase=benchmark_after_calibration_equal_information_spline elapsed_s=0.416 units=64 pending=0
[exp8008] phase=benchmark_before_calibration_equal_information_spline elapsed_s=0.416 units=64 pending=0
[exp8008] phase=benchmark_after_calibration_equal_information_spline elapsed_s=0.416 units=64 pending=0
[exp8008] phase=benchmark_before_calibration_isotonic elapsed_s=0.416 units=64 pending=0
[exp8008] phase=benchmark_after_calibration_isotonic elapsed_s=0.417 units=64 pending=0
[exp8008] phase=benchmark_before_calibration_frozen_v693 elapsed_s=0.417 units=64 pending=0
[exp8008] phase=benchmark_after_calibration_frozen_v693 elapsed_s=0.418 units=64 pending=0
[exp8008] phase=benchmark_before_calibration_isotonic elapsed_s=0.418 units=64 pending=0
[exp8008] phase=benchmark_after_calibration_isotonic elapsed_s=0.418 units=64 pending=0
[exp8008] phase=benchmark_before_calibration_frozen_v693 elapsed_s=0.418 units=64 pending=0
[exp8008] phase=benchmark_after_calibration_frozen_v693 elapsed_s=0.419 units=64 pending=0
[exp8008] phase=benchmark_before_calibration_isotonic elapsed_s=0.419 units=64 pending=0
[exp8008] phase=benchmark_after_calibration_isotonic elapsed_s=0.419 units=64 pending=0
[exp8008] phase=benchmark_before_calibration_frozen_v693 elapsed_s=0.419 units=64 pending=0
[exp8008] phase=benchmark_after_calibration_frozen_v693 elapsed_s=0.420 units=64 pending=0
[exp8008] phase=benchmark_before_calibration_isotonic elapsed_s=0.420 units=64 pending=0
[exp8008] phase=benchmark_after_calibration_isotonic elapsed_s=0.421 units=64 pending=0
[exp8008] phase=benchmark_before_calibration_frozen_v693 elapsed_s=0.421 units=64 pending=0
[exp8008] phase=benchmark_after_calibration_frozen_v693 elapsed_s=0.422 units=64 pending=0
[exp8008] phase=benchmark_before_calibration_isotonic elapsed_s=0.422 units=64 pending=0
[exp8008] phase=benchmark_after_calibration_isotonic elapsed_s=0.422 units=64 pending=0
[exp8008] phase=benchmark_before_calibration_frozen_v693 elapsed_s=0.422 units=64 pending=0
[exp8008] phase=benchmark_after_calibration_frozen_v693 elapsed_s=0.423 units=64 pending=0
[exp8008] phase=benchmark_before_stream_conditioned_energy elapsed_s=0.423 units=256 pending=0
[exp8008] phase=benchmark_after_stream_conditioned_energy elapsed_s=0.426 units=256 pending=0
[exp8008] phase=benchmark_before_stream_fixed_step elapsed_s=0.426 units=256 pending=0
[exp8008] phase=benchmark_after_stream_fixed_step elapsed_s=0.428 units=256 pending=0
[exp8008] phase=benchmark_before_stream_conditioned_energy elapsed_s=0.428 units=256 pending=0
[exp8008] phase=benchmark_after_stream_conditioned_energy elapsed_s=0.431 units=256 pending=0
[exp8008] phase=benchmark_before_stream_fixed_step elapsed_s=0.431 units=256 pending=0
[exp8008] phase=benchmark_after_stream_fixed_step elapsed_s=0.433 units=256 pending=0
[exp8008] phase=benchmark_before_stream_conditioned_energy elapsed_s=0.433 units=256 pending=0
[exp8008] phase=benchmark_after_stream_conditioned_energy elapsed_s=0.436 units=256 pending=0
[exp8008] phase=benchmark_before_stream_fixed_step elapsed_s=0.436 units=256 pending=0
[exp8008] phase=benchmark_after_stream_fixed_step elapsed_s=0.438 units=256 pending=0
[exp8008] phase=benchmark_before_stream_conditioned_energy elapsed_s=0.438 units=256 pending=0
[exp8008] phase=benchmark_after_stream_conditioned_energy elapsed_s=0.441 units=256 pending=0
[exp8008] phase=benchmark_before_stream_fixed_step elapsed_s=0.441 units=256 pending=0
[exp8008] phase=benchmark_after_stream_fixed_step elapsed_s=0.444 units=256 pending=0
[exp8008] phase=benchmark_before_stream_conditioned_energy elapsed_s=0.444 units=256 pending=0
[exp8008] phase=benchmark_after_stream_conditioned_energy elapsed_s=0.446 units=256 pending=0
[exp8008] phase=benchmark_before_stream_fixed_step elapsed_s=0.446 units=256 pending=0
[exp8008] phase=benchmark_after_stream_fixed_step elapsed_s=0.449 units=256 pending=0
[exp8008] phase=benchmark_before_stream_linear elapsed_s=0.449 units=256 pending=0
[exp8008] phase=benchmark_after_stream_linear elapsed_s=0.451 units=256 pending=0
[exp8008] phase=benchmark_before_stream_linear elapsed_s=0.451 units=256 pending=0
[exp8008] phase=benchmark_after_stream_linear elapsed_s=0.453 units=256 pending=0
[exp8008] phase=benchmark_before_stream_linear elapsed_s=0.453 units=256 pending=0
[exp8008] phase=benchmark_after_stream_linear elapsed_s=0.455 units=256 pending=0
[exp8008] phase=benchmark_before_stream_linear elapsed_s=0.455 units=256 pending=0
[exp8008] phase=benchmark_after_stream_linear elapsed_s=0.457 units=256 pending=0
[exp8008] phase=benchmark_before_stream_linear elapsed_s=0.457 units=256 pending=0
[exp8008] phase=benchmark_after_stream_linear elapsed_s=0.459 units=256 pending=0
[exp8008] phase=benchmark_before_stream_intercept_only elapsed_s=0.459 units=256 pending=0
[exp8008] phase=benchmark_after_stream_intercept_only elapsed_s=0.461 units=256 pending=0
[exp8008] phase=benchmark_before_stream_intercept_only elapsed_s=0.461 units=256 pending=0
[exp8008] phase=benchmark_after_stream_intercept_only elapsed_s=0.463 units=256 pending=0
[exp8008] phase=benchmark_before_stream_intercept_only elapsed_s=0.463 units=256 pending=0
[exp8008] phase=benchmark_after_stream_intercept_only elapsed_s=0.466 units=256 pending=0
[exp8008] phase=benchmark_before_stream_intercept_only elapsed_s=0.466 units=256 pending=0
[exp8008] phase=benchmark_after_stream_intercept_only elapsed_s=0.468 units=256 pending=0
[exp8008] phase=benchmark_before_stream_intercept_only elapsed_s=0.468 units=256 pending=0
[exp8008] phase=benchmark_after_stream_intercept_only elapsed_s=0.470 units=256 pending=0
[exp8008] phase=benchmark_before_stream_equal_information_spline elapsed_s=0.470 units=256 pending=0
[exp8008] phase=benchmark_after_stream_equal_information_spline elapsed_s=0.472 units=256 pending=0
[exp8008] phase=benchmark_before_stream_equal_information_spline elapsed_s=0.472 units=256 pending=0
[exp8008] phase=benchmark_after_stream_equal_information_spline elapsed_s=0.475 units=256 pending=0
[exp8008] phase=benchmark_before_stream_equal_information_spline elapsed_s=0.475 units=256 pending=0
[exp8008] phase=benchmark_after_stream_equal_information_spline elapsed_s=0.477 units=256 pending=0
[exp8008] phase=benchmark_before_stream_equal_information_spline elapsed_s=0.477 units=256 pending=0
[exp8008] phase=benchmark_after_stream_equal_information_spline elapsed_s=0.480 units=256 pending=0
[exp8008] phase=benchmark_before_stream_equal_information_spline elapsed_s=0.480 units=256 pending=0
[exp8008] phase=benchmark_after_stream_equal_information_spline elapsed_s=0.483 units=256 pending=0
[exp8008] phase=benchmark_before_stream_isotonic elapsed_s=0.483 units=256 pending=0
[exp8008] phase=benchmark_after_stream_isotonic elapsed_s=0.485 units=256 pending=0
[exp8008] phase=benchmark_before_stream_frozen_v693 elapsed_s=0.485 units=256 pending=0
[exp8008] phase=benchmark_after_stream_frozen_v693 elapsed_s=0.487 units=256 pending=0
[exp8008] phase=benchmark_before_stream_isotonic elapsed_s=0.487 units=256 pending=0
[exp8008] phase=benchmark_after_stream_isotonic elapsed_s=0.489 units=256 pending=0
[exp8008] phase=benchmark_before_stream_frozen_v693 elapsed_s=0.489 units=256 pending=0
[exp8008] phase=benchmark_after_stream_frozen_v693 elapsed_s=0.492 units=256 pending=0
[exp8008] phase=benchmark_before_stream_isotonic elapsed_s=0.492 units=256 pending=0
[exp8008] phase=benchmark_after_stream_isotonic elapsed_s=0.494 units=256 pending=0
[exp8008] phase=benchmark_before_stream_frozen_v693 elapsed_s=0.494 units=256 pending=0
[exp8008] phase=benchmark_after_stream_frozen_v693 elapsed_s=0.497 units=256 pending=0
[exp8008] phase=benchmark_before_stream_isotonic elapsed_s=0.497 units=256 pending=0
[exp8008] phase=benchmark_after_stream_isotonic elapsed_s=0.499 units=256 pending=0
[exp8008] phase=benchmark_before_stream_frozen_v693 elapsed_s=0.499 units=256 pending=0
[exp8008] phase=benchmark_after_stream_frozen_v693 elapsed_s=0.501 units=256 pending=0
[exp8008] phase=benchmark_before_stream_isotonic elapsed_s=0.501 units=256 pending=0
[exp8008] phase=benchmark_after_stream_isotonic elapsed_s=0.503 units=256 pending=0
[exp8008] phase=benchmark_before_stream_frozen_v693 elapsed_s=0.503 units=256 pending=0
[exp8008] phase=benchmark_after_stream_frozen_v693 elapsed_s=0.506 units=256 pending=0
[exp8008] phase=benchmark_before_retention_conditioned_energy elapsed_s=0.506 units=64 pending=0
[exp8008] phase=benchmark_after_retention_conditioned_energy elapsed_s=0.507 units=64 pending=0
[exp8008] phase=benchmark_before_retention_fixed_step elapsed_s=0.507 units=64 pending=0
[exp8008] phase=benchmark_after_retention_fixed_step elapsed_s=0.508 units=64 pending=0
[exp8008] phase=benchmark_before_retention_conditioned_energy elapsed_s=0.508 units=64 pending=0
[exp8008] phase=benchmark_after_retention_conditioned_energy elapsed_s=0.508 units=64 pending=0
[exp8008] phase=benchmark_before_retention_fixed_step elapsed_s=0.508 units=64 pending=0
[exp8008] phase=benchmark_after_retention_fixed_step elapsed_s=0.509 units=64 pending=0
[exp8008] phase=benchmark_before_retention_conditioned_energy elapsed_s=0.509 units=64 pending=0
[exp8008] phase=benchmark_after_retention_conditioned_energy elapsed_s=0.510 units=64 pending=0
[exp8008] phase=benchmark_before_retention_fixed_step elapsed_s=0.510 units=64 pending=0
[exp8008] phase=benchmark_after_retention_fixed_step elapsed_s=0.511 units=64 pending=0
[exp8008] phase=benchmark_before_retention_conditioned_energy elapsed_s=0.511 units=64 pending=0
[exp8008] phase=benchmark_after_retention_conditioned_energy elapsed_s=0.512 units=64 pending=0
[exp8008] phase=benchmark_before_retention_fixed_step elapsed_s=0.512 units=64 pending=0
[exp8008] phase=benchmark_after_retention_fixed_step elapsed_s=0.512 units=64 pending=0
[exp8008] phase=benchmark_before_retention_conditioned_energy elapsed_s=0.512 units=64 pending=0
[exp8008] phase=benchmark_after_retention_conditioned_energy elapsed_s=0.513 units=64 pending=0
[exp8008] phase=benchmark_before_retention_fixed_step elapsed_s=0.513 units=64 pending=0
[exp8008] phase=benchmark_after_retention_fixed_step elapsed_s=0.514 units=64 pending=0
[exp8008] phase=benchmark_before_retention_linear elapsed_s=0.514 units=64 pending=0
[exp8008] phase=benchmark_after_retention_linear elapsed_s=0.515 units=64 pending=0
[exp8008] phase=benchmark_before_retention_linear elapsed_s=0.515 units=64 pending=0
[exp8008] phase=benchmark_after_retention_linear elapsed_s=0.515 units=64 pending=0
[exp8008] phase=benchmark_before_retention_linear elapsed_s=0.515 units=64 pending=0
[exp8008] phase=benchmark_after_retention_linear elapsed_s=0.516 units=64 pending=0
[exp8008] phase=benchmark_before_retention_linear elapsed_s=0.516 units=64 pending=0
[exp8008] phase=benchmark_after_retention_linear elapsed_s=0.516 units=64 pending=0
[exp8008] phase=benchmark_before_retention_linear elapsed_s=0.516 units=64 pending=0
[exp8008] phase=benchmark_after_retention_linear elapsed_s=0.517 units=64 pending=0
[exp8008] phase=benchmark_before_retention_intercept_only elapsed_s=0.517 units=64 pending=0
[exp8008] phase=benchmark_after_retention_intercept_only elapsed_s=0.517 units=64 pending=0
[exp8008] phase=benchmark_before_retention_intercept_only elapsed_s=0.517 units=64 pending=0
[exp8008] phase=benchmark_after_retention_intercept_only elapsed_s=0.518 units=64 pending=0
[exp8008] phase=benchmark_before_retention_intercept_only elapsed_s=0.518 units=64 pending=0
[exp8008] phase=benchmark_after_retention_intercept_only elapsed_s=0.518 units=64 pending=0
[exp8008] phase=benchmark_before_retention_intercept_only elapsed_s=0.518 units=64 pending=0
[exp8008] phase=benchmark_after_retention_intercept_only elapsed_s=0.519 units=64 pending=0
[exp8008] phase=benchmark_before_retention_intercept_only elapsed_s=0.519 units=64 pending=0
[exp8008] phase=benchmark_after_retention_intercept_only elapsed_s=0.519 units=64 pending=0
[exp8008] phase=benchmark_before_retention_equal_information_spline elapsed_s=0.519 units=64 pending=0
[exp8008] phase=benchmark_after_retention_equal_information_spline elapsed_s=0.520 units=64 pending=0
[exp8008] phase=benchmark_before_retention_equal_information_spline elapsed_s=0.520 units=64 pending=0
[exp8008] phase=benchmark_after_retention_equal_information_spline elapsed_s=0.521 units=64 pending=0
[exp8008] phase=benchmark_before_retention_equal_information_spline elapsed_s=0.521 units=64 pending=0
[exp8008] phase=benchmark_after_retention_equal_information_spline elapsed_s=0.522 units=64 pending=0
[exp8008] phase=benchmark_before_retention_equal_information_spline elapsed_s=0.522 units=64 pending=0
[exp8008] phase=benchmark_after_retention_equal_information_spline elapsed_s=0.523 units=64 pending=0
[exp8008] phase=benchmark_before_retention_equal_information_spline elapsed_s=0.523 units=64 pending=0
[exp8008] phase=benchmark_after_retention_equal_information_spline elapsed_s=0.523 units=64 pending=0
[exp8008] phase=benchmark_before_retention_isotonic elapsed_s=0.523 units=64 pending=0
[exp8008] phase=benchmark_after_retention_isotonic elapsed_s=0.524 units=64 pending=0
[exp8008] phase=benchmark_before_retention_frozen_v693 elapsed_s=0.524 units=64 pending=0
[exp8008] phase=benchmark_after_retention_frozen_v693 elapsed_s=0.525 units=64 pending=0
[exp8008] phase=benchmark_before_retention_isotonic elapsed_s=0.525 units=64 pending=0
[exp8008] phase=benchmark_after_retention_isotonic elapsed_s=0.525 units=64 pending=0
[exp8008] phase=benchmark_before_retention_frozen_v693 elapsed_s=0.525 units=64 pending=0
[exp8008] phase=benchmark_after_retention_frozen_v693 elapsed_s=0.526 units=64 pending=0
[exp8008] phase=benchmark_before_retention_isotonic elapsed_s=0.526 units=64 pending=0
[exp8008] phase=benchmark_after_retention_isotonic elapsed_s=0.527 units=64 pending=0
[exp8008] phase=benchmark_before_retention_frozen_v693 elapsed_s=0.527 units=64 pending=0
[exp8008] phase=benchmark_after_retention_frozen_v693 elapsed_s=0.527 units=64 pending=0
[exp8008] phase=benchmark_before_retention_isotonic elapsed_s=0.528 units=64 pending=0
[exp8008] phase=benchmark_after_retention_isotonic elapsed_s=0.528 units=64 pending=0
[exp8008] phase=benchmark_before_retention_frozen_v693 elapsed_s=0.528 units=64 pending=0
[exp8008] phase=benchmark_after_retention_frozen_v693 elapsed_s=0.529 units=64 pending=0
[exp8008] phase=benchmark_before_retention_isotonic elapsed_s=0.529 units=64 pending=0
[exp8008] phase=benchmark_after_retention_isotonic elapsed_s=0.529 units=64 pending=0
[exp8008] phase=benchmark_before_retention_frozen_v693 elapsed_s=0.529 units=64 pending=0
[exp8008] phase=benchmark_after_retention_frozen_v693 elapsed_s=0.530 units=64 pending=0
[exp8008] phase=cold_reduction_passed elapsed_s=0.710 units=0 pending=0
