[exp7920] phase=start monotonic_s=414696.015 completed_units=0
[exp7893] phase=terminal event=before_subprocess elapsed_s=0.000 completed_units=0
[exp7303-validation] before_subprocess terminal_adversarial elapsed_s=0.000 unit=1/2
[exp7303-validation:terminal_adversarial] {
[exp7303-validation:terminal_adversarial]   "reports": [
[exp7303-validation:terminal_adversarial]     {
[exp7303-validation:terminal_adversarial]       "artifact": "/tmp/carnot-7920-zme32qmy/terminal_candidate.json",
[exp7303-validation:terminal_adversarial]       "loaded": true,
[exp7303-validation:terminal_adversarial]       "exp_id": 7920,
[exp7303-validation:terminal_adversarial]       "title": "",
[exp7303-validation:terminal_adversarial]       "honest_verdict": "complete_blocked_source_sensitivity",
[exp7303-validation:terminal_adversarial]       "flag_count": 0,
[exp7303-validation:terminal_adversarial]       "max_severity": -1,
[exp7303-validation:terminal_adversarial]       "flags": [],
[exp7303-validation:terminal_adversarial]       "gate_version": "197e0a5eacacb09ce6607ae8bdfd507498082857f0d02ec2003a62c251b69a24"
[exp7303-validation:terminal_adversarial]     }
[exp7303-validation:terminal_adversarial]   ],
[exp7303-validation:terminal_adversarial]   "flagged_count": 0
[exp7303-validation:terminal_adversarial] }
[exp7303-validation] after_subprocess terminal_adversarial elapsed_s=0.525 exit=0 unit=1/2
[exp7303-validation] before_subprocess terminal_strict_rows elapsed_s=0.000 unit=2/2
[exp7303-validation:terminal_strict_rows] 
[exp7303-validation:terminal_strict_rows] verdict-row-consistency: checked 0, skipped 1 (no per-unit rows), unreadable 0.
[exp7303-validation:terminal_strict_rows]   NOTE: most artifacts carry no per-unit row container, so their headline claims are not falsifiable from the artifact alone. That is a reporting-shape gap in those experiments, not a clean bill of health from this tool.
[exp7303-validation] after_subprocess terminal_strict_rows elapsed_s=0.023 exit=0 unit=2/2
[exp7893] phase=terminal event=after_subprocess elapsed_s=0.549 completed_units=1
[exp7920] phase=complete monotonic_s=414696.568 completed_units=0
