[exp8071] phase=start elapsed_s=0.000 completed=0 pending=0
[exp8071] phase=before_model_load elapsed_s=0.043 completed=0 pending=0
[exp8071] phase=after_model_load elapsed_s=7.376 completed=0 pending=0
[exp8059] phase=token_view_seal elapsed_s=7.366 completed=1 pending=7
[exp8059] phase=token_view_seal elapsed_s=7.375 completed=2 pending=6
[exp8059] phase=token_view_seal elapsed_s=7.385 completed=3 pending=5
[exp8059] phase=token_view_seal elapsed_s=7.396 completed=4 pending=4
[exp8059] phase=token_view_seal elapsed_s=7.427 completed=5 pending=3
[exp8059] phase=token_view_seal elapsed_s=7.437 completed=6 pending=2
[exp8059] phase=token_view_seal elapsed_s=7.442 completed=7 pending=1
[exp8059] phase=token_view_seal elapsed_s=7.467 completed=8 pending=0
[exp8071] phase=before_native_forward elapsed_s=7.542 completed=0 pending=0
[exp8022] phase=8033_before_context_create elapsed_s=0.000 completed=0 pending=0
[exp8022] phase=8033_after_context_create elapsed_s=0.030 completed=0 pending=0
[exp8022] phase=8033_before_eval elapsed_s=0.041 completed=0 pending=585
[exp8022] phase=8033_after_eval elapsed_s=1.128 completed=585 pending=0
[exp8022] phase=8033_before_context_close elapsed_s=1.414 completed=0 pending=0
[exp8022] phase=8033_after_context_close elapsed_s=1.805 completed=0 pending=0
[exp8071] phase=after_native_forward elapsed_s=9.362 completed=0 pending=0
[exp8071] phase=before_model_cleanup elapsed_s=9.364 completed=0 pending=0
[exp8071] phase=after_model_cleanup elapsed_s=9.539 completed=0 pending=0
