[exp8182] phase=start completed=0 pending=0
[exp8182] phase=before_input_authentication completed=0 pending=0
[exp8181] phase=before_model_hash completed=0 pending=0
[exp8181] phase=after_model_hash completed=0 pending=0
[exp8181] phase=before_CPU_vocabulary_load completed=0 pending=0
llama_context: n_ctx_seq (512) > n_ctx_train (0) -- possible training context overflow
[exp8181] phase=after_CPU_vocabulary_load completed=0 pending=0
[exp8181] phase=after_CPU_grammar_preflight completed=231 pending=-195
[exp8182] phase=before_live_capture completed=0 pending=0
[exp8182] phase=before_model_hash completed=0 pending=247
[exp8182] phase=after_model_hash completed=0 pending=247
[exp7303-validation] before_subprocess gpu_capacity elapsed_s=0.000 unit=1/1
[exp7303-validation:gpu_capacity] 0, GPU-b52387a2-c625-de87-8d34-e6f64e684bab, 266, 23912
[exp7303-validation:gpu_capacity] 1, GPU-7971baff-9583-eaa6-2292-393f930a28f9, 266, 23912
[exp7303-validation] after_subprocess gpu_capacity elapsed_s=0.028 exit=0 unit=1/1
[exp8182] phase=before_model_load completed=0 pending=247
[exp7920] before_model_load
[exp7920] after_model_load
[exp8182] phase=owned_runtime_heartbeat completed=0 pending=247
[exp8182] phase=after_model_load completed=0 pending=247
[exp7303-validation] before_subprocess gpu_memory elapsed_s=0.000 unit=1/1
[exp7303-validation:gpu_memory] 16991
[exp7303-validation] after_subprocess gpu_memory elapsed_s=0.018 exit=0 unit=1/1
[exp8182] phase=call_sealed completed=1 pending=246
[exp8182] phase=before_generation completed=0 pending=1
[exp8182] phase=after_generation completed=1 pending=0
[exp8182] phase=call_sealed completed=2 pending=245
[exp8182] phase=before_generation completed=0 pending=1
[exp8182] phase=owned_runtime_heartbeat completed=2 pending=229
[exp8182] phase=after_generation completed=1 pending=0
[exp8182] phase=call_sealed completed=3 pending=244
[exp8182] phase=before_generation completed=0 pending=1
[exp8182] phase=after_generation completed=1 pending=0
[exp8182] phase=call_sealed completed=4 pending=243
[exp8182] phase=before_generation completed=0 pending=1
[exp8182] phase=after_generation completed=1 pending=0
[exp8182] phase=call_sealed completed=5 pending=242
[exp8182] phase=before_generation completed=0 pending=1
[exp8182] phase=after_generation completed=1 pending=0
[exp8182] phase=call_sealed completed=6 pending=241
[exp8182] phase=before_generation completed=0 pending=1
[exp8182] phase=after_generation completed=1 pending=0
[exp8182] phase=call_sealed completed=7 pending=240
[exp8182] phase=before_generation completed=0 pending=1
[exp8182] phase=after_generation completed=1 pending=0
[exp8182] phase=call_sealed completed=8 pending=239
[exp8182] phase=source_checkpoint completed=8 pending=200
[exp8182] phase=before_generation completed=0 pending=1
[exp8182] phase=owned_runtime_heartbeat completed=8 pending=223
[exp8182] phase=after_generation completed=1 pending=0
[exp8182] phase=call_sealed completed=9 pending=238
[exp8182] phase=call_sealed completed=10 pending=237
[exp8182] phase=call_sealed completed=11 pending=236
[exp8182] phase=before_generation completed=0 pending=1
[exp8182] phase=after_generation completed=1 pending=0
[exp8182] phase=call_sealed completed=12 pending=235
[exp8182] phase=before_generation completed=0 pending=1
[exp8182] phase=after_generation completed=1 pending=0
[exp8182] phase=call_sealed completed=13 pending=234
[exp8182] phase=before_generation completed=0 pending=1
[exp8182] phase=after_generation completed=1 pending=0
[exp8182] phase=call_sealed completed=14 pending=233
[exp8182] phase=before_generation completed=0 pending=1
[exp8182] phase=after_generation completed=1 pending=0
[exp8182] phase=call_sealed completed=15 pending=232
[exp8182] phase=before_generation completed=0 pending=1
[exp8182] phase=owned_runtime_heartbeat completed=15 pending=216
[exp8182] phase=after_generation completed=1 pending=0
[exp8182] phase=call_sealed completed=16 pending=231
[exp8182] phase=before_generation completed=0 pending=1
[exp8182] phase=after_generation completed=1 pending=0
[exp8182] phase=call_sealed completed=17 pending=230
[exp8182] phase=before_generation completed=0 pending=1
[exp8182] phase=after_generation completed=1 pending=0
[exp8182] phase=call_sealed completed=18 pending=229
[exp8182] phase=source_checkpoint completed=16 pending=192
[exp8182] phase=before_generation completed=0 pending=1
[exp8182] phase=after_generation completed=1 pending=0
[exp8182] phase=call_sealed completed=19 pending=228
[exp8182] phase=before_generation completed=0 pending=1
[exp8182] phase=owned_runtime_heartbeat completed=19 pending=212
[exp8182] phase=after_generation completed=1 pending=0
[exp8182] phase=call_sealed completed=20 pending=227
[exp8182] phase=before_generation completed=0 pending=1
[exp8182] phase=after_generation completed=1 pending=0
[exp8182] phase=call_sealed completed=21 pending=226
[exp8182] phase=before_generation completed=0 pending=1
[exp8182] phase=after_generation completed=1 pending=0
[exp8182] phase=call_sealed completed=22 pending=225
[exp8182] phase=before_generation completed=0 pending=1
[exp8182] phase=after_generation completed=1 pending=0
[exp8182] phase=call_sealed completed=23 pending=224
[exp8182] phase=before_generation completed=0 pending=1
[exp8182] phase=after_generation completed=1 pending=0
[exp8182] phase=call_sealed completed=24 pending=223
[exp8182] phase=before_generation completed=0 pending=1
[exp8182] phase=after_generation completed=1 pending=0
[exp8182] phase=call_sealed completed=25 pending=222
[exp8182] phase=before_generation completed=0 pending=1
[exp8182] phase=owned_runtime_heartbeat completed=25 pending=206
[exp8182] phase=after_generation completed=1 pending=0
[exp8182] phase=call_sealed completed=26 pending=221
[exp8182] phase=before_generation completed=0 pending=1
[exp8182] phase=after_generation completed=1 pending=0
[exp8182] phase=call_sealed completed=27 pending=220
[exp8182] phase=source_checkpoint completed=24 pending=184
[exp8182] phase=call_sealed completed=28 pending=219
[exp8182] phase=before_generation completed=0 pending=1
[exp8182] phase=after_generation completed=1 pending=0
[exp8182] phase=call_sealed completed=29 pending=218
[exp8182] phase=before_generation completed=0 pending=1
[exp8182] phase=after_generation completed=1 pending=0
[exp8182] phase=call_sealed completed=30 pending=217
[exp8182] phase=before_generation completed=0 pending=1
[exp8182] phase=after_generation completed=1 pending=0
[exp8182] phase=call_sealed completed=31 pending=216
[exp8182] phase=before_generation completed=0 pending=1
[exp8182] phase=after_generation completed=1 pending=0
[exp8182] phase=call_sealed completed=32 pending=215
[exp8182] phase=before_generation completed=0 pending=1
[exp8182] phase=after_generation completed=1 pending=0
[exp8182] phase=call_sealed completed=33 pending=214
[exp8182] phase=before_generation completed=0 pending=1
[exp8182] phase=owned_runtime_heartbeat completed=33 pending=198
[exp8182] phase=after_generation completed=1 pending=0
[exp8182] phase=call_sealed completed=34 pending=213
[exp8182] phase=before_generation completed=0 pending=1
[exp8182] phase=after_generation completed=1 pending=0
[exp8182] phase=call_sealed completed=35 pending=212
[exp8182] phase=before_generation completed=0 pending=1
[exp8182] phase=after_generation completed=1 pending=0
[exp8182] phase=call_sealed completed=36 pending=211
[exp8182] phase=before_generation completed=0 pending=1
[exp8182] phase=after_generation completed=1 pending=0
[exp8182] phase=call_sealed completed=37 pending=210
[exp8182] phase=source_checkpoint completed=32 pending=176
[exp8182] phase=call_sealed completed=38 pending=209
[exp8182] phase=call_sealed completed=39 pending=208
[exp8182] phase=before_generation completed=0 pending=1
[exp8182] phase=after_generation completed=1 pending=0
[exp8182] phase=call_sealed completed=40 pending=207
[exp8182] phase=before_generation completed=0 pending=1
[exp8182] phase=after_generation completed=1 pending=0
[exp8182] phase=call_sealed completed=41 pending=206
[exp8182] phase=before_generation completed=0 pending=1
[exp8182] phase=owned_runtime_heartbeat completed=41 pending=190
[exp8182] phase=after_generation completed=1 pending=0
[exp8182] phase=call_sealed completed=42 pending=205
[exp8182] phase=before_generation completed=0 pending=1
[exp8182] phase=after_generation completed=1 pending=0
[exp8182] phase=call_sealed completed=43 pending=204
[exp8182] phase=before_generation completed=0 pending=1
[exp8182] phase=after_generation completed=1 pending=0
[exp8182] phase=call_sealed completed=44 pending=203
[exp8182] phase=before_generation completed=0 pending=1
[exp8182] phase=after_generation completed=1 pending=0
[exp8182] phase=call_sealed completed=45 pending=202
[exp8182] phase=before_generation completed=0 pending=1
[exp8182] phase=after_generation completed=1 pending=0
[exp8182] phase=call_sealed completed=46 pending=201
[exp8182] phase=before_generation completed=0 pending=1
[exp8182] phase=owned_runtime_heartbeat completed=46 pending=185
[exp8182] phase=after_generation completed=1 pending=0
[exp8182] phase=call_sealed completed=47 pending=200
[exp8182] phase=before_generation completed=0 pending=1
[exp8182] phase=after_generation completed=1 pending=0
[exp8182] phase=call_sealed completed=48 pending=199
[exp8182] phase=source_checkpoint completed=40 pending=168
[exp8182] phase=before_generation completed=0 pending=1
[exp8182] phase=after_generation completed=1 pending=0
[exp8182] phase=call_sealed completed=49 pending=198
[exp8182] phase=call_sealed completed=50 pending=197
[exp8182] phase=before_generation completed=0 pending=1
[exp8182] phase=after_generation completed=1 pending=0
[exp8182] phase=call_sealed completed=51 pending=196
[exp8182] phase=before_generation completed=0 pending=1
[exp8182] phase=after_generation completed=1 pending=0
[exp8182] phase=call_sealed completed=52 pending=195
[exp8182] phase=before_generation completed=0 pending=1
[exp8182] phase=after_generation completed=1 pending=0
[exp8182] phase=call_sealed completed=53 pending=194
[exp8182] phase=before_generation completed=0 pending=1
[exp8182] phase=owned_runtime_heartbeat completed=53 pending=178
[exp8182] phase=after_generation completed=1 pending=0
[exp8182] phase=call_sealed completed=54 pending=193
[exp8182] phase=before_generation completed=0 pending=1
[exp8182] phase=after_generation completed=1 pending=0
[exp8182] phase=call_sealed completed=55 pending=192
[exp8182] phase=before_generation completed=0 pending=1
[exp8182] phase=after_generation completed=1 pending=0
[exp8182] phase=call_sealed completed=56 pending=191
[exp8182] phase=source_checkpoint completed=48 pending=160
[exp8182] phase=before_generation completed=0 pending=1
[exp8182] phase=after_generation completed=1 pending=0
[exp8182] phase=call_sealed completed=57 pending=190
[exp8182] phase=before_generation completed=0 pending=1
[exp8182] phase=after_generation completed=1 pending=0
[exp8182] phase=call_sealed completed=58 pending=189
[exp8182] phase=call_sealed completed=59 pending=188
[exp8182] phase=before_generation completed=0 pending=1
[exp8182] phase=after_generation completed=1 pending=0
[exp8182] phase=call_sealed completed=60 pending=187
[exp8182] phase=before_generation completed=0 pending=1
[exp8182] phase=owned_runtime_heartbeat completed=60 pending=171
[exp8182] phase=after_generation completed=1 pending=0
[exp8182] phase=call_sealed completed=61 pending=186
[exp8182] phase=call_sealed completed=62 pending=185
[exp8182] phase=call_sealed completed=63 pending=184
[exp8182] phase=before_generation completed=0 pending=1
[exp8182] phase=after_generation completed=1 pending=0
[exp8182] phase=call_sealed completed=64 pending=183
[exp8182] phase=source_checkpoint completed=56 pending=152
[exp8182] phase=call_sealed completed=65 pending=182
[exp8182] phase=call_sealed completed=66 pending=181
[exp8182] phase=call_sealed completed=67 pending=180
[exp8182] phase=call_sealed completed=68 pending=179
[exp8182] phase=before_generation completed=0 pending=1
[exp8182] phase=after_generation completed=1 pending=0
[exp8182] phase=call_sealed completed=69 pending=178
[exp8182] phase=before_generation completed=0 pending=1
[exp8182] phase=after_generation completed=1 pending=0
[exp8182] phase=call_sealed completed=70 pending=177
[exp8182] phase=before_generation completed=0 pending=1
[exp8182] phase=after_generation completed=1 pending=0
[exp8182] phase=call_sealed completed=71 pending=176
[exp8182] phase=before_generation completed=0 pending=1
[exp8182] phase=after_generation completed=1 pending=0
[exp8182] phase=call_sealed completed=72 pending=175
[exp8182] phase=before_generation completed=0 pending=1
[exp8182] phase=owned_runtime_heartbeat completed=72 pending=159
[exp8182] phase=after_generation completed=1 pending=0
[exp8182] phase=call_sealed completed=73 pending=174
[exp8182] phase=call_sealed completed=74 pending=173
[exp8182] phase=source_checkpoint completed=64 pending=144
[exp8182] phase=before_generation completed=0 pending=1
[exp8182] phase=after_generation completed=1 pending=0
[exp8182] phase=call_sealed completed=75 pending=172
[exp8182] phase=before_generation completed=0 pending=1
[exp8182] phase=after_generation completed=1 pending=0
[exp8182] phase=call_sealed completed=76 pending=171
[exp8182] phase=before_generation completed=0 pending=1
[exp8182] phase=after_generation completed=1 pending=0
[exp8182] phase=call_sealed completed=77 pending=170
[exp8182] phase=before_generation completed=0 pending=1
[exp8182] phase=owned_runtime_heartbeat completed=77 pending=154
[exp8182] phase=after_generation completed=1 pending=0
[exp8182] phase=call_sealed completed=78 pending=169
[exp8182] phase=before_generation completed=0 pending=1
[exp8182] phase=after_generation completed=1 pending=0
[exp8182] phase=call_sealed completed=79 pending=168
[exp8182] phase=before_generation completed=0 pending=1
[exp8182] phase=after_generation completed=1 pending=0
[exp8182] phase=call_sealed completed=80 pending=167
[exp8182] phase=before_generation completed=0 pending=1
[exp8182] phase=after_generation completed=1 pending=0
[exp8182] phase=call_sealed completed=81 pending=166
[exp8182] phase=before_generation completed=0 pending=1
[exp8182] phase=after_generation completed=1 pending=0
[exp8182] phase=call_sealed completed=82 pending=165
[exp8182] phase=before_generation completed=0 pending=1
[exp8182] phase=after_generation completed=1 pending=0
[exp8182] phase=call_sealed completed=83 pending=164
[exp8182] phase=before_generation completed=0 pending=1
[exp8182] phase=owned_runtime_heartbeat completed=83 pending=148
[exp8182] phase=after_generation completed=1 pending=0
[exp8182] phase=call_sealed completed=84 pending=163
[exp8182] phase=source_checkpoint completed=72 pending=136
[exp8182] phase=call_sealed completed=85 pending=162
[exp8182] phase=call_sealed completed=86 pending=161
[exp8182] phase=before_generation completed=0 pending=1
[exp8182] phase=after_generation completed=1 pending=0
[exp8182] phase=call_sealed completed=87 pending=160
[exp8182] phase=before_generation completed=0 pending=1
[exp8182] phase=after_generation completed=1 pending=0
[exp8182] phase=call_sealed completed=88 pending=159
[exp8182] phase=call_sealed completed=89 pending=158
[exp8182] phase=call_sealed completed=90 pending=157
[exp8182] phase=call_sealed completed=91 pending=156
[exp8182] phase=before_generation completed=0 pending=1
[exp8182] phase=after_generation completed=1 pending=0
[exp8182] phase=call_sealed completed=92 pending=155
[exp8182] phase=before_generation completed=0 pending=1
[exp8182] phase=owned_runtime_heartbeat completed=92 pending=139
[exp8182] phase=after_generation completed=1 pending=0
[exp8182] phase=call_sealed completed=93 pending=154
[exp8182] phase=call_sealed completed=94 pending=153
[exp8182] phase=source_checkpoint completed=80 pending=128
[exp8182] phase=before_generation completed=0 pending=1
[exp8182] phase=after_generation completed=1 pending=0
[exp8182] phase=call_sealed completed=95 pending=152
[exp8182] phase=before_generation completed=0 pending=1
[exp8182] phase=after_generation completed=1 pending=0
[exp8182] phase=call_sealed completed=96 pending=151
[exp8182] phase=before_generation completed=0 pending=1
[exp8182] phase=after_generation completed=1 pending=0
[exp8182] phase=call_sealed completed=97 pending=150
[exp8182] phase=before_generation completed=0 pending=1
[exp8182] phase=after_generation completed=1 pending=0
[exp8182] phase=call_sealed completed=98 pending=149
[exp8182] phase=before_generation completed=0 pending=1
[exp8182] phase=after_generation completed=1 pending=0
[exp8182] phase=call_sealed completed=99 pending=148
[exp8182] phase=before_generation completed=0 pending=1
[exp8182] phase=owned_runtime_heartbeat completed=99 pending=132
[exp8182] phase=after_generation completed=1 pending=0
[exp8182] phase=call_sealed completed=100 pending=147
[exp8182] phase=before_generation completed=0 pending=1
[exp8182] phase=after_generation completed=1 pending=0
[exp8182] phase=call_sealed completed=101 pending=146
[exp8182] phase=before_generation completed=0 pending=1
[exp8182] phase=after_generation completed=1 pending=0
[exp8182] phase=call_sealed completed=102 pending=145
[exp8182] phase=source_checkpoint completed=88 pending=120
[exp8182] phase=before_generation completed=0 pending=1
[exp8182] phase=after_generation completed=1 pending=0
[exp8182] phase=call_sealed completed=103 pending=144
[exp8182] phase=call_sealed completed=104 pending=143
[exp8182] phase=call_sealed completed=105 pending=142
[exp8182] phase=before_generation completed=0 pending=1
[exp8182] phase=owned_runtime_heartbeat completed=105 pending=126
[exp8182] phase=after_generation completed=1 pending=0
[exp8182] phase=call_sealed completed=106 pending=141
[exp8182] phase=before_generation completed=0 pending=1
[exp8182] phase=after_generation completed=1 pending=0
[exp8182] phase=call_sealed completed=107 pending=140
[exp8182] phase=call_sealed completed=108 pending=139
[exp8182] phase=call_sealed completed=109 pending=138
[exp8182] phase=before_generation completed=0 pending=1
[exp8182] phase=after_generation completed=1 pending=0
[exp8182] phase=call_sealed completed=110 pending=137
[exp8182] phase=before_generation completed=0 pending=1
[exp8182] phase=after_generation completed=1 pending=0
[exp8182] phase=call_sealed completed=111 pending=136
[exp8182] phase=before_generation completed=0 pending=1
[exp8182] phase=after_generation completed=1 pending=0
[exp8182] phase=call_sealed completed=112 pending=135
[exp8182] phase=call_sealed completed=113 pending=134
[exp8182] phase=call_sealed completed=114 pending=133
[exp8182] phase=source_checkpoint completed=96 pending=112
[exp8182] phase=before_generation completed=0 pending=1
[exp8182] phase=owned_runtime_heartbeat completed=114 pending=117
[exp8182] phase=after_generation completed=1 pending=0
[exp8182] phase=call_sealed completed=115 pending=132
[exp8182] phase=before_generation completed=0 pending=1
[exp8182] phase=after_generation completed=1 pending=0
[exp8182] phase=call_sealed completed=116 pending=131
[exp8182] phase=before_generation completed=0 pending=1
[exp8182] phase=after_generation completed=1 pending=0
[exp8182] phase=call_sealed completed=117 pending=130
[exp8182] phase=before_generation completed=0 pending=1
[exp8182] phase=after_generation completed=1 pending=0
[exp8182] phase=call_sealed completed=118 pending=129
[exp8182] phase=before_generation completed=0 pending=1
[exp8182] phase=owned_runtime_heartbeat completed=118 pending=113
[exp8182] phase=after_generation completed=1 pending=0
[exp8182] phase=call_sealed completed=119 pending=128
[exp8182] phase=before_generation completed=0 pending=1
[exp8182] phase=after_generation completed=1 pending=0
[exp8182] phase=call_sealed completed=120 pending=127
[exp8182] phase=call_sealed completed=121 pending=126
[exp8182] phase=before_generation completed=0 pending=1
[exp8182] phase=after_generation completed=1 pending=0
[exp8182] phase=call_sealed completed=122 pending=125
[exp8182] phase=before_generation completed=0 pending=1
[exp8182] phase=after_generation completed=1 pending=0
[exp8182] phase=call_sealed completed=123 pending=124
[exp8182] phase=before_generation completed=0 pending=1
[exp8182] phase=owned_runtime_heartbeat completed=123 pending=108
[exp8182] phase=after_generation completed=1 pending=0
[exp8182] phase=call_sealed completed=124 pending=123
[exp8182] phase=source_checkpoint completed=104 pending=104
[exp8182] phase=before_generation completed=0 pending=1
[exp8182] phase=after_generation completed=1 pending=0
[exp8182] phase=call_sealed completed=125 pending=122
[exp8182] phase=before_generation completed=0 pending=1
[exp8182] phase=after_generation completed=1 pending=0
[exp8182] phase=call_sealed completed=126 pending=121
[exp8182] phase=before_generation completed=0 pending=1
[exp8182] phase=after_generation completed=1 pending=0
[exp8182] phase=call_sealed completed=127 pending=120
[exp8182] phase=before_generation completed=0 pending=1
[exp8182] phase=owned_runtime_heartbeat completed=127 pending=104
[exp8182] phase=after_generation completed=1 pending=0
[exp8182] phase=call_sealed completed=128 pending=119
[exp8182] phase=before_generation completed=0 pending=1
[exp8182] phase=after_generation completed=1 pending=0
[exp8182] phase=call_sealed completed=129 pending=118
[exp8182] phase=call_sealed completed=130 pending=117
[exp8182] phase=before_generation completed=0 pending=1
[exp8182] phase=after_generation completed=1 pending=0
[exp8182] phase=call_sealed completed=131 pending=116
[exp8182] phase=before_generation completed=0 pending=1
[exp8182] phase=after_generation completed=1 pending=0
[exp8182] phase=call_sealed completed=132 pending=115
[exp8182] phase=before_generation completed=0 pending=1
[exp8182] phase=after_generation completed=1 pending=0
[exp8182] phase=call_sealed completed=133 pending=114
[exp8182] phase=source_checkpoint completed=112 pending=96
[exp8182] phase=before_generation completed=0 pending=1
[exp8182] phase=after_generation completed=1 pending=0
[exp8182] phase=call_sealed completed=134 pending=113
[exp8182] phase=call_sealed completed=135 pending=112
[exp8182] phase=call_sealed completed=136 pending=111
[exp8182] phase=call_sealed completed=137 pending=110
[exp8182] phase=call_sealed completed=138 pending=109
[exp8182] phase=call_sealed completed=139 pending=108
[exp8182] phase=before_generation completed=0 pending=1
[exp8182] phase=owned_runtime_heartbeat completed=139 pending=92
[exp8182] phase=after_generation completed=1 pending=0
[exp8182] phase=call_sealed completed=140 pending=107
[exp8182] phase=before_generation completed=0 pending=1
[exp8182] phase=after_generation completed=1 pending=0
[exp8182] phase=call_sealed completed=141 pending=106
[exp8182] phase=before_generation completed=0 pending=1
[exp8182] phase=after_generation completed=1 pending=0
[exp8182] phase=call_sealed completed=142 pending=105
[exp8182] phase=before_generation completed=0 pending=1
[exp8182] phase=after_generation completed=1 pending=0
[exp8182] phase=call_sealed completed=143 pending=104
[exp8182] phase=before_generation completed=0 pending=1
[exp8182] phase=after_generation completed=1 pending=0
[exp8182] phase=call_sealed completed=144 pending=103
[exp8182] phase=source_checkpoint completed=120 pending=88
[exp8182] phase=before_generation completed=0 pending=1
[exp8182] phase=owned_runtime_heartbeat completed=144 pending=87
[exp8182] phase=after_generation completed=1 pending=0
[exp8182] phase=call_sealed completed=145 pending=102
[exp8182] phase=call_sealed completed=146 pending=101
[exp8182] phase=before_generation completed=0 pending=1
[exp8182] phase=after_generation completed=1 pending=0
[exp8182] phase=call_sealed completed=147 pending=100
[exp8182] phase=before_generation completed=0 pending=1
[exp8182] phase=after_generation completed=1 pending=0
[exp8182] phase=call_sealed completed=148 pending=99
[exp8182] phase=before_generation completed=0 pending=1
[exp8182] phase=after_generation completed=1 pending=0
[exp8182] phase=call_sealed completed=149 pending=98
[exp8182] phase=call_sealed completed=150 pending=97
[exp8182] phase=before_generation completed=0 pending=1
[exp8182] phase=after_generation completed=1 pending=0
[exp8182] phase=call_sealed completed=151 pending=96
[exp8182] phase=before_generation completed=0 pending=1
[exp8182] phase=owned_runtime_heartbeat completed=151 pending=80
[exp8182] phase=after_generation completed=1 pending=0
[exp8182] phase=call_sealed completed=152 pending=95
[exp8182] phase=before_generation completed=0 pending=1
[exp8182] phase=after_generation completed=1 pending=0
[exp8182] phase=call_sealed completed=153 pending=94
[exp8182] phase=source_checkpoint completed=128 pending=80
[exp8182] phase=before_generation completed=0 pending=1
[exp8182] phase=after_generation completed=1 pending=0
[exp8182] phase=call_sealed completed=154 pending=93
[exp8182] phase=before_generation completed=0 pending=1
[exp8182] phase=after_generation completed=1 pending=0
[exp8182] phase=call_sealed completed=155 pending=92
[exp8182] phase=before_generation completed=0 pending=1
[exp8182] phase=after_generation completed=1 pending=0
[exp8182] phase=call_sealed completed=156 pending=91
[exp8182] phase=before_generation completed=0 pending=1
[exp8182] phase=owned_runtime_heartbeat completed=156 pending=75
[exp8182] phase=after_generation completed=1 pending=0
[exp8182] phase=call_sealed completed=157 pending=90
[exp8182] phase=before_generation completed=0 pending=1
[exp8182] phase=after_generation completed=1 pending=0
[exp8182] phase=call_sealed completed=158 pending=89
[exp8182] phase=before_generation completed=0 pending=1
[exp8182] phase=after_generation completed=1 pending=0
[exp8182] phase=call_sealed completed=159 pending=88
[exp8182] phase=before_generation completed=0 pending=1
[exp8182] phase=after_generation completed=1 pending=0
[exp8182] phase=call_sealed completed=160 pending=87
[exp8182] phase=before_generation completed=0 pending=1
[exp8182] phase=after_generation completed=1 pending=0
[exp8182] phase=call_sealed completed=161 pending=86
[exp8182] phase=before_generation completed=0 pending=1
[exp8182] phase=after_generation completed=1 pending=0
[exp8182] phase=call_sealed completed=162 pending=85
[exp8182] phase=before_generation completed=0 pending=1
[exp8182] phase=after_generation completed=1 pending=0
[exp8182] phase=call_sealed completed=163 pending=84
[exp8182] phase=before_generation completed=0 pending=1
[exp8182] phase=owned_runtime_heartbeat completed=163 pending=68
[exp8182] phase=after_generation completed=1 pending=0
[exp8182] phase=call_sealed completed=164 pending=83
[exp8182] phase=source_checkpoint completed=136 pending=72
[exp8182] phase=before_generation completed=0 pending=1
[exp8182] phase=after_generation completed=1 pending=0
[exp8182] phase=call_sealed completed=165 pending=82
[exp8182] phase=before_generation completed=0 pending=1
[exp8182] phase=after_generation completed=1 pending=0
[exp8182] phase=call_sealed completed=166 pending=81
[exp8182] phase=before_generation completed=0 pending=1
[exp8182] phase=after_generation completed=1 pending=0
[exp8182] phase=call_sealed completed=167 pending=80
[exp8182] phase=before_generation completed=0 pending=1
[exp8182] phase=owned_runtime_heartbeat completed=167 pending=64
[exp8182] phase=after_generation completed=1 pending=0
[exp8182] phase=call_sealed completed=168 pending=79
[exp8182] phase=before_generation completed=0 pending=1
[exp8182] phase=after_generation completed=1 pending=0
[exp8182] phase=call_sealed completed=169 pending=78
[exp8182] phase=before_generation completed=0 pending=1
[exp8182] phase=after_generation completed=1 pending=0
[exp8182] phase=call_sealed completed=170 pending=77
[exp8182] phase=before_generation completed=0 pending=1
[exp8182] phase=after_generation completed=1 pending=0
[exp8182] phase=call_sealed completed=171 pending=76
[exp8182] phase=before_generation completed=0 pending=1
[exp8182] phase=after_generation completed=1 pending=0
[exp8182] phase=call_sealed completed=172 pending=75
[exp8182] phase=before_generation completed=0 pending=1
[exp8182] phase=after_generation completed=1 pending=0
[exp8182] phase=call_sealed completed=173 pending=74
[exp8182] phase=before_generation completed=0 pending=1
[exp8182] phase=owned_runtime_heartbeat completed=173 pending=58
[exp8182] phase=after_generation completed=1 pending=0
[exp8182] phase=call_sealed completed=174 pending=73
[exp8182] phase=before_generation completed=0 pending=1
[exp8182] phase=after_generation completed=1 pending=0
[exp8182] phase=call_sealed completed=175 pending=72
[exp8182] phase=source_checkpoint completed=144 pending=64
[exp8182] phase=before_generation completed=0 pending=1
[exp8182] phase=after_generation completed=1 pending=0
[exp8182] phase=call_sealed completed=176 pending=71
[exp8182] phase=before_generation completed=0 pending=1
[exp8182] phase=after_generation completed=1 pending=0
[exp8182] phase=call_sealed completed=177 pending=70
[exp8182] phase=before_generation completed=0 pending=1
[exp8182] phase=after_generation completed=1 pending=0
[exp8182] phase=call_sealed completed=178 pending=69
[exp8182] phase=before_generation completed=0 pending=1
[exp8182] phase=owned_runtime_heartbeat completed=178 pending=53
[exp8182] phase=after_generation completed=1 pending=0
[exp8182] phase=call_sealed completed=179 pending=68
[exp8182] phase=before_generation completed=0 pending=1
[exp8182] phase=after_generation completed=1 pending=0
[exp8182] phase=call_sealed completed=180 pending=67
[exp8182] phase=before_generation completed=0 pending=1
[exp8182] phase=after_generation completed=1 pending=0
[exp8182] phase=call_sealed completed=181 pending=66
[exp8182] phase=before_generation completed=0 pending=1
[exp8182] phase=after_generation completed=1 pending=0
[exp8182] phase=call_sealed completed=182 pending=65
[exp8182] phase=before_generation completed=0 pending=1
[exp8182] phase=after_generation completed=1 pending=0
[exp8182] phase=call_sealed completed=183 pending=64
[exp8182] phase=before_generation completed=0 pending=1
[exp8182] phase=after_generation completed=1 pending=0
[exp8182] phase=call_sealed completed=184 pending=63
[exp8182] phase=source_checkpoint completed=152 pending=56
[exp8182] phase=before_generation completed=0 pending=1
[exp8182] phase=owned_runtime_heartbeat completed=184 pending=47
[exp8182] phase=after_generation completed=1 pending=0
[exp8182] phase=call_sealed completed=185 pending=62
[exp8182] phase=before_generation completed=0 pending=1
[exp8182] phase=after_generation completed=1 pending=0
[exp8182] phase=call_sealed completed=186 pending=61
[exp8182] phase=before_generation completed=0 pending=1
[exp8182] phase=after_generation completed=1 pending=0
[exp8182] phase=call_sealed completed=187 pending=60
[exp8182] phase=before_generation completed=0 pending=1
[exp8182] phase=after_generation completed=1 pending=0
[exp8182] phase=call_sealed completed=188 pending=59
[exp8182] phase=before_generation completed=0 pending=1
[exp8182] phase=after_generation completed=1 pending=0
[exp8182] phase=call_sealed completed=189 pending=58
[exp8182] phase=before_generation completed=0 pending=1
[exp8182] phase=after_generation completed=1 pending=0
[exp8182] phase=call_sealed completed=190 pending=57
[exp8182] phase=before_generation completed=0 pending=1
[exp8182] phase=owned_runtime_heartbeat completed=190 pending=41
[exp8182] phase=after_generation completed=1 pending=0
[exp8182] phase=call_sealed completed=191 pending=56
[exp8182] phase=before_generation completed=0 pending=1
[exp8182] phase=after_generation completed=1 pending=0
[exp8182] phase=call_sealed completed=192 pending=55
[exp8182] phase=before_generation completed=0 pending=1
[exp8182] phase=after_generation completed=1 pending=0
[exp8182] phase=call_sealed completed=193 pending=54
[exp8182] phase=source_checkpoint completed=160 pending=48
[exp8182] phase=before_generation completed=0 pending=1
[exp8182] phase=after_generation completed=1 pending=0
[exp8182] phase=call_sealed completed=194 pending=53
[exp8182] phase=before_generation completed=0 pending=1
[exp8182] phase=after_generation completed=1 pending=0
[exp8182] phase=call_sealed completed=195 pending=52
[exp8182] phase=before_generation completed=0 pending=1
[exp8182] phase=owned_runtime_heartbeat completed=195 pending=36
[exp8182] phase=after_generation completed=1 pending=0
[exp8182] phase=call_sealed completed=196 pending=51
[exp8182] phase=before_generation completed=0 pending=1
[exp8182] phase=after_generation completed=1 pending=0
[exp8182] phase=call_sealed completed=197 pending=50
[exp8182] phase=before_generation completed=0 pending=1
[exp8182] phase=after_generation completed=1 pending=0
[exp8182] phase=call_sealed completed=198 pending=49
[exp8182] phase=before_generation completed=0 pending=1
[exp8182] phase=after_generation completed=1 pending=0
[exp8182] phase=call_sealed completed=199 pending=48
[exp8182] phase=before_generation completed=0 pending=1
[exp8182] phase=after_generation completed=1 pending=0
[exp8182] phase=call_sealed completed=200 pending=47
[exp8182] phase=before_generation completed=0 pending=1
[exp8182] phase=owned_runtime_heartbeat completed=200 pending=31
[exp8182] phase=after_generation completed=1 pending=0
[exp8182] phase=call_sealed completed=201 pending=46
[exp8182] phase=before_generation completed=0 pending=1
[exp8182] phase=after_generation completed=1 pending=0
[exp8182] phase=call_sealed completed=202 pending=45
[exp8182] phase=source_checkpoint completed=168 pending=40
[exp8182] phase=before_generation completed=0 pending=1
[exp8182] phase=after_generation completed=1 pending=0
[exp8182] phase=call_sealed completed=203 pending=44
[exp8182] phase=before_generation completed=0 pending=1
[exp8182] phase=after_generation completed=1 pending=0
[exp8182] phase=call_sealed completed=204 pending=43
[exp8182] phase=before_generation completed=0 pending=1
[exp8182] phase=after_generation completed=1 pending=0
[exp8182] phase=call_sealed completed=205 pending=42
[exp8182] phase=before_generation completed=0 pending=1
[exp8182] phase=owned_runtime_heartbeat completed=205 pending=26
[exp8182] phase=after_generation completed=1 pending=0
[exp8182] phase=call_sealed completed=206 pending=41
[exp8182] phase=before_generation completed=0 pending=1
[exp8182] phase=after_generation completed=1 pending=0
[exp8182] phase=call_sealed completed=207 pending=40
[exp8182] phase=before_generation completed=0 pending=1
[exp8182] phase=after_generation completed=1 pending=0
[exp8182] phase=call_sealed completed=208 pending=39
[exp8182] phase=before_generation completed=0 pending=1
[exp8182] phase=after_generation completed=1 pending=0
[exp8182] phase=call_sealed completed=209 pending=38
[exp8182] phase=before_generation completed=0 pending=1
[exp8182] phase=owned_runtime_heartbeat completed=209 pending=22
[exp8182] phase=after_generation completed=1 pending=0
[exp8182] phase=call_sealed completed=210 pending=37
[exp8182] phase=source_checkpoint completed=176 pending=32
[exp8182] phase=before_generation completed=0 pending=1
[exp8182] phase=after_generation completed=1 pending=0
[exp8182] phase=call_sealed completed=211 pending=36
[exp8182] phase=before_generation completed=0 pending=1
[exp8182] phase=after_generation completed=1 pending=0
[exp8182] phase=call_sealed completed=212 pending=35
[exp8182] phase=before_generation completed=0 pending=1
[exp8182] phase=after_generation completed=1 pending=0
[exp8182] phase=call_sealed completed=213 pending=34
[exp8182] phase=before_generation completed=0 pending=1
[exp8182] phase=after_generation completed=1 pending=0
[exp8182] phase=call_sealed completed=214 pending=33
[exp8182] phase=before_generation completed=0 pending=1
[exp8182] phase=owned_runtime_heartbeat completed=214 pending=17
[exp8182] phase=after_generation completed=1 pending=0
[exp8182] phase=call_sealed completed=215 pending=32
[exp8182] phase=before_generation completed=0 pending=1
[exp8182] phase=after_generation completed=1 pending=0
[exp8182] phase=call_sealed completed=216 pending=31
[exp8182] phase=before_generation completed=0 pending=1
[exp8182] phase=after_generation completed=1 pending=0
[exp8182] phase=call_sealed completed=217 pending=30
[exp8182] phase=before_generation completed=0 pending=1
[exp8182] phase=after_generation completed=1 pending=0
[exp8182] phase=call_sealed completed=218 pending=29
[exp8182] phase=before_generation completed=0 pending=1
[exp8182] phase=after_generation completed=1 pending=0
[exp8182] phase=call_sealed completed=219 pending=28
[exp8182] phase=before_generation completed=0 pending=1
[exp8182] phase=owned_runtime_heartbeat completed=219 pending=12
[exp8182] phase=after_generation completed=1 pending=0
[exp8182] phase=call_sealed completed=220 pending=27
[exp8182] phase=before_generation completed=0 pending=1
[exp8182] phase=after_generation completed=1 pending=0
[exp8182] phase=call_sealed completed=221 pending=26
[exp8182] phase=source_checkpoint completed=184 pending=24
[exp8182] phase=before_generation completed=0 pending=1
[exp8182] phase=after_generation completed=1 pending=0
[exp8182] phase=call_sealed completed=222 pending=25
[exp8182] phase=before_generation completed=0 pending=1
[exp8182] phase=after_generation completed=1 pending=0
[exp8182] phase=call_sealed completed=223 pending=24
[exp8182] phase=before_generation completed=0 pending=1
[exp8182] phase=after_generation completed=1 pending=0
[exp8182] phase=call_sealed completed=224 pending=23
[exp8182] phase=before_generation completed=0 pending=1
[exp8182] phase=owned_runtime_heartbeat completed=224 pending=7
[exp8182] phase=after_generation completed=1 pending=0
[exp8182] phase=call_sealed completed=225 pending=22
[exp8182] phase=before_generation completed=0 pending=1
[exp8182] phase=after_generation completed=1 pending=0
[exp8182] phase=call_sealed completed=226 pending=21
[exp8182] phase=before_generation completed=0 pending=1
[exp8182] phase=after_generation completed=1 pending=0
[exp8182] phase=call_sealed completed=227 pending=20
[exp8182] phase=before_generation completed=0 pending=1
[exp8182] phase=after_generation completed=1 pending=0
[exp8182] phase=call_sealed completed=228 pending=19
[exp8182] phase=before_generation completed=0 pending=1
[exp8182] phase=after_generation completed=1 pending=0
[exp8182] phase=call_sealed completed=229 pending=18
[exp8182] phase=before_generation completed=0 pending=1
[exp8182] phase=owned_runtime_heartbeat completed=229 pending=2
[exp8182] phase=after_generation completed=1 pending=0
[exp8182] phase=call_sealed completed=230 pending=17
[exp8182] phase=before_generation completed=0 pending=1
[exp8182] phase=after_generation completed=1 pending=0
[exp8182] phase=call_sealed completed=231 pending=16
[exp8182] phase=source_checkpoint completed=192 pending=16
[exp8182] phase=before_generation completed=0 pending=1
[exp8182] phase=after_generation completed=1 pending=0
[exp8182] phase=call_sealed completed=232 pending=15
[exp8182] phase=before_generation completed=0 pending=1
[exp8182] phase=after_generation completed=1 pending=0
[exp8182] phase=call_sealed completed=233 pending=14
[exp8182] phase=before_generation completed=0 pending=1
[exp8182] phase=after_generation completed=1 pending=0
[exp8182] phase=call_sealed completed=234 pending=13
[exp8182] phase=before_generation completed=0 pending=1
[exp8182] phase=after_generation completed=1 pending=0
[exp8182] phase=call_sealed completed=235 pending=12
[exp8182] phase=before_generation completed=0 pending=1
[exp8182] phase=owned_runtime_heartbeat completed=235 pending=-4
[exp8182] phase=after_generation completed=1 pending=0
[exp8182] phase=call_sealed completed=236 pending=11
[exp8182] phase=before_generation completed=0 pending=1
[exp8182] phase=after_generation completed=1 pending=0
[exp8182] phase=call_sealed completed=237 pending=10
[exp8182] phase=before_generation completed=0 pending=1
[exp8182] phase=after_generation completed=1 pending=0
[exp8182] phase=call_sealed completed=238 pending=9
[exp8182] phase=before_generation completed=0 pending=1
[exp8182] phase=after_generation completed=1 pending=0
[exp8182] phase=call_sealed completed=239 pending=8
[exp8182] phase=source_checkpoint completed=200 pending=8
[exp8182] phase=before_generation completed=0 pending=1
[exp8182] phase=after_generation completed=1 pending=0
[exp8182] phase=call_sealed completed=240 pending=7
[exp8182] phase=before_generation completed=0 pending=1
[exp8182] phase=owned_runtime_heartbeat completed=240 pending=-9
[exp8182] phase=after_generation completed=1 pending=0
[exp8182] phase=call_sealed completed=241 pending=6
[exp8182] phase=before_generation completed=0 pending=1
[exp8182] phase=after_generation completed=1 pending=0
[exp8182] phase=call_sealed completed=242 pending=5
[exp8182] phase=before_generation completed=0 pending=1
[exp8182] phase=after_generation completed=1 pending=0
[exp8182] phase=call_sealed completed=243 pending=4
[exp8182] phase=before_generation completed=0 pending=1
[exp8182] phase=after_generation completed=1 pending=0
[exp8182] phase=call_sealed completed=244 pending=3
[exp8182] phase=before_generation completed=0 pending=1
[exp8182] phase=after_generation completed=1 pending=0
[exp8182] phase=call_sealed completed=245 pending=2
[exp8182] phase=before_generation completed=0 pending=1
[exp8182] phase=after_generation completed=1 pending=0
[exp8182] phase=call_sealed completed=246 pending=1
[exp8182] phase=before_generation completed=0 pending=1
[exp8182] phase=after_generation completed=1 pending=0
[exp8182] phase=call_sealed completed=247 pending=0
[exp8182] phase=source_checkpoint completed=208 pending=0
[exp8182] phase=before_model_unload completed=247 pending=0
[exp7303-validation] before_subprocess gpu_memory elapsed_s=0.000 unit=1/1
[exp7303-validation:gpu_memory] 266
[exp7303-validation] after_subprocess gpu_memory elapsed_s=0.016 exit=0 unit=1/1
[exp8182] phase=after_model_unload completed=247 pending=0
[exp8182] phase=after_live_capture completed=247 pending=0
[exp8182] phase=predictions_sealed_before_labels completed=247 pending=0
[exp8182] phase=measurement_complete completed=247 pending=0
