[exp8053] phase=start_preconditions elapsed_s=0.000 completed=0 pending=0
[exp8053] phase=qualified_small_head_load_before elapsed_s=0.524 completed=0 pending=0
[exp8053] phase=qualified_small_head_load_after elapsed_s=1.553 completed=3960 pending=0
[exp8053] phase=freeze_after elapsed_s=1.649 completed=0 pending=0
[exp7303-validation] before_subprocess mapped_inode_regression elapsed_s=0.000 unit=1/1
[exp7303-validation:mapped_inode_regression] ..                                                                       [100%]
[exp7303-validation:mapped_inode_regression] 2 passed in 2.81s
[exp7303-validation] after_subprocess mapped_inode_regression elapsed_s=6.030 exit=0 unit=1/1
[exp8040] phase=native_library_load_before elapsed_s=7.793 completed=0 pending=0
[exp8040] phase=native_library_load_after elapsed_s=7.797 completed=0 pending=0
[exp7303-validation] before_subprocess unit_consumers_e2e015_019 elapsed_s=0.000 unit=1/8
[exp7303-validation] subprocess_outstanding unit_consumers_e2e015_019 elapsed_s=10.001
[exp7303-validation] subprocess_outstanding unit_consumers_e2e015_019 elapsed_s=20.001
[exp7303-validation] subprocess_outstanding unit_consumers_e2e015_019 elapsed_s=30.002
[exp7303-validation] subprocess_outstanding unit_consumers_e2e015_019 elapsed_s=40.002
[exp7303-validation] subprocess_outstanding unit_consumers_e2e015_019 elapsed_s=50.002
[exp7303-validation] subprocess_outstanding unit_consumers_e2e015_019 elapsed_s=60.003
[exp7303-validation] subprocess_outstanding unit_consumers_e2e015_019 elapsed_s=70.003
[exp7303-validation] subprocess_outstanding unit_consumers_e2e015_019 elapsed_s=80.004
[exp7303-validation] subprocess_outstanding unit_consumers_e2e015_019 elapsed_s=90.004
[exp7303-validation] subprocess_outstanding unit_consumers_e2e015_019 elapsed_s=100.004
[exp7303-validation] subprocess_outstanding unit_consumers_e2e015_019 elapsed_s=110.004
[exp7303-validation:unit_consumers_e2e015_019] ...................                                                      [100%]
[exp7303-validation:unit_consumers_e2e015_019] 19 passed in 106.30s (0:01:46)
[exp7303-validation] after_subprocess unit_consumers_e2e015_019 elapsed_s=111.403 exit=0 unit=1/8
[exp7303-validation] before_subprocess coverage_combine elapsed_s=0.000 unit=2/8
[exp7303-validation:coverage_combine] Combined 1 file
[exp7303-validation] after_subprocess coverage_combine elapsed_s=0.053 exit=0 unit=2/8
[exp7303-validation] before_subprocess coverage_report elapsed_s=0.000 unit=3/8
[exp7303-validation:coverage_report] Name                                                                   Stmts   Miss  Cover   Missing
[exp7303-validation:coverage_report] ----------------------------------------------------------------------------------------------------
[exp7303-validation:coverage_report] python/carnot/experiment_8053_v697_guarded_transaction_cost.py           247      0   100%
[exp7303-validation:coverage_report] python/carnot/verify/guarded_transaction_8053.py                         269      0   100%
[exp7303-validation:coverage_report] scripts/experiments/experiment_8053_v697_guarded_transaction_cost.py      10      0   100%
[exp7303-validation:coverage_report] ----------------------------------------------------------------------------------------------------
[exp7303-validation:coverage_report] TOTAL                                                                    526      0   100%
[exp7303-validation] after_subprocess coverage_report elapsed_s=0.079 exit=0 unit=3/8
[exp7303-validation] before_subprocess coverage_json elapsed_s=0.000 unit=4/8
[exp7303-validation:coverage_json] Wrote JSON report to /tmp/carnot-8053-xiewwb4q/coverage.json
[exp7303-validation] after_subprocess coverage_json elapsed_s=0.085 exit=0 unit=4/8
[exp7303-validation] before_subprocess ruff_check elapsed_s=0.000 unit=5/8
[exp7303-validation:ruff_check] All checks passed!
[exp7303-validation] after_subprocess ruff_check elapsed_s=0.014 exit=0 unit=5/8
[exp7303-validation] before_subprocess ruff_format elapsed_s=0.000 unit=6/8
[exp7303-validation:ruff_format] 4 files already formatted
[exp7303-validation] after_subprocess ruff_format elapsed_s=0.011 exit=0 unit=6/8
[exp7303-validation] before_subprocess strict_mypy elapsed_s=0.000 unit=7/8
[exp7303-validation:strict_mypy] pyproject.toml: note: unused section(s): module = ['carnot.autoresearch.*', 'carnot.benchmarks.*', 'carnot.embeddings.*', 'carnot.embeddings.fast_embedding', 'carnot.embeddings.jepa_energy', 'carnot.extraction.*', 'carnot.hardware.*', 'carnot.inference.*', 'carnot.pipeline.*', 'carnot.pipeline.agentic', 'carnot.pipeline.gemma_loader', 'carnot.pipeline.grammar_constrained_decoder', 'carnot.pipeline.verify_repair', 'carnot.probes.*', 'carnot.probes.drift_probe', 'carnot.samplers.parallel_ising', 'carnot.sampling._vendored_thrml.*', 'carnot.training.capo_loss', 'carnot.training.nce', 'carnot.training.score_matching', 'carnot.training.snl']
[exp7303-validation:strict_mypy] Success: no issues found in 3 source files
[exp7303-validation] after_subprocess strict_mypy elapsed_s=0.100 exit=0 unit=7/8
[exp7303-validation] before_subprocess spec_coverage elapsed_s=0.000 unit=8/8
[exp7303-validation:spec_coverage] OK: All tests reference specification requirements.
[exp7303-validation] after_subprocess spec_coverage elapsed_s=0.031 exit=0 unit=8/8
[exp8053] phase=measurement_before elapsed_s=123.553 completed=0 pending=0
[exp8053] phase=parity_before elapsed_s=123.553 completed=0 pending=3960
[exp8053] phase=parity_batch elapsed_s=135.286 completed=100 pending=3860
[exp8053] phase=parity_batch elapsed_s=135.452 completed=200 pending=3760
[exp8053] phase=parity_batch elapsed_s=135.618 completed=300 pending=3660
[exp8053] phase=parity_batch elapsed_s=135.979 completed=400 pending=3560
[exp8053] phase=parity_batch elapsed_s=136.147 completed=500 pending=3460
[exp8053] phase=parity_batch elapsed_s=136.314 completed=600 pending=3360
[exp8053] phase=parity_batch elapsed_s=136.482 completed=700 pending=3260
[exp8053] phase=parity_batch elapsed_s=136.650 completed=800 pending=3160
[exp8053] phase=parity_batch elapsed_s=136.818 completed=900 pending=3060
[exp8053] phase=parity_batch elapsed_s=136.986 completed=1000 pending=2960
[exp8053] phase=parity_batch elapsed_s=137.154 completed=1100 pending=2860
[exp8053] phase=parity_batch elapsed_s=137.323 completed=1200 pending=2760
[exp8053] phase=parity_batch elapsed_s=137.492 completed=1300 pending=2660
[exp8053] phase=parity_batch elapsed_s=137.660 completed=1400 pending=2560
[exp8053] phase=parity_batch elapsed_s=137.829 completed=1500 pending=2460
[exp8053] phase=parity_batch elapsed_s=137.997 completed=1600 pending=2360
[exp8053] phase=parity_batch elapsed_s=138.165 completed=1700 pending=2260
[exp8053] phase=parity_batch elapsed_s=138.334 completed=1800 pending=2160
[exp8053] phase=parity_batch elapsed_s=138.503 completed=1900 pending=2060
[exp8053] phase=parity_batch elapsed_s=138.671 completed=2000 pending=1960
[exp8053] phase=parity_batch elapsed_s=138.841 completed=2100 pending=1860
[exp8053] phase=parity_batch elapsed_s=139.009 completed=2200 pending=1760
[exp8053] phase=parity_batch elapsed_s=139.177 completed=2300 pending=1660
[exp8053] phase=parity_batch elapsed_s=139.345 completed=2400 pending=1560
[exp8053] phase=parity_batch elapsed_s=139.514 completed=2500 pending=1460
[exp8053] phase=parity_batch elapsed_s=139.684 completed=2600 pending=1360
[exp8053] phase=parity_batch elapsed_s=139.853 completed=2700 pending=1260
[exp8053] phase=parity_batch elapsed_s=140.023 completed=2800 pending=1160
[exp8053] phase=parity_batch elapsed_s=140.193 completed=2900 pending=1060
[exp8053] phase=parity_batch elapsed_s=140.362 completed=3000 pending=960
[exp8053] phase=parity_batch elapsed_s=140.532 completed=3100 pending=860
[exp8053] phase=parity_batch elapsed_s=140.702 completed=3200 pending=760
[exp8053] phase=parity_batch elapsed_s=140.872 completed=3300 pending=660
[exp8053] phase=parity_batch elapsed_s=141.043 completed=3400 pending=560
[exp8053] phase=parity_batch elapsed_s=141.213 completed=3500 pending=460
[exp8053] phase=parity_batch elapsed_s=141.383 completed=3600 pending=360
[exp8053] phase=parity_batch elapsed_s=141.553 completed=3700 pending=260
[exp8053] phase=parity_batch elapsed_s=141.724 completed=3800 pending=160
[exp8053] phase=parity_batch elapsed_s=141.893 completed=3900 pending=60
[exp8053] phase=parity_after elapsed_s=142.077 completed=3960 pending=0
[exp8027] phase=parity_before elapsed_s=142.189 completed=0 pending=256
[exp8027] phase=parity_after elapsed_s=142.216 completed=256 pending=0
[exp8053] phase=benchmark_before elapsed_s=142.108 completed=0 pending=280
[exp8053] phase=benchmark_pair_after elapsed_s=145.697 completed=2 pending=278
[exp8053] phase=benchmark_pair_after elapsed_s=149.256 completed=4 pending=276
[exp8053] phase=benchmark_pair_after elapsed_s=151.798 completed=6 pending=274
[exp8053] phase=benchmark_pair_after elapsed_s=155.308 completed=8 pending=272
[exp8053] phase=benchmark_pair_after elapsed_s=160.771 completed=10 pending=270
[exp8053] phase=benchmark_pair_after elapsed_s=163.785 completed=12 pending=268
[exp8053] phase=benchmark_pair_after elapsed_s=168.971 completed=14 pending=266
[exp8053] phase=benchmark_pair_after elapsed_s=172.683 completed=16 pending=264
[exp8053] phase=benchmark_pair_after elapsed_s=175.723 completed=18 pending=262
[exp8053] phase=benchmark_pair_after elapsed_s=179.430 completed=20 pending=260
[exp8053] phase=benchmark_pair_after elapsed_s=182.336 completed=22 pending=258
[exp8053] phase=benchmark_pair_after elapsed_s=185.994 completed=24 pending=256
[exp8053] phase=benchmark_pair_after elapsed_s=190.409 completed=26 pending=254
[exp8053] phase=benchmark_pair_after elapsed_s=195.900 completed=28 pending=252
[exp8053] phase=benchmark_pair_after elapsed_s=199.496 completed=30 pending=250
[exp8053] phase=benchmark_pair_after elapsed_s=204.363 completed=32 pending=248
[exp8053] phase=benchmark_pair_after elapsed_s=209.840 completed=34 pending=246
[exp8053] phase=benchmark_pair_after elapsed_s=215.043 completed=36 pending=244
[exp8053] phase=benchmark_pair_after elapsed_s=218.334 completed=38 pending=242
[exp8053] phase=benchmark_pair_after elapsed_s=223.770 completed=40 pending=240
[exp8053] phase=benchmark_pair_after elapsed_s=227.771 completed=42 pending=238
[exp8053] phase=benchmark_pair_after elapsed_s=232.381 completed=44 pending=236
[exp8053] phase=benchmark_pair_after elapsed_s=237.093 completed=46 pending=234
[exp8053] phase=benchmark_pair_after elapsed_s=240.049 completed=48 pending=232
[exp8053] phase=benchmark_pair_after elapsed_s=244.810 completed=50 pending=230
[exp8053] phase=benchmark_pair_after elapsed_s=249.229 completed=52 pending=228
[exp8053] phase=benchmark_pair_after elapsed_s=252.707 completed=54 pending=226
[exp8053] phase=benchmark_pair_after elapsed_s=257.318 completed=56 pending=224
[exp8053] phase=benchmark_pair_after elapsed_s=260.924 completed=58 pending=222
[exp8053] phase=benchmark_pair_after elapsed_s=265.627 completed=60 pending=220
[exp8053] phase=benchmark_pair_after elapsed_s=268.566 completed=62 pending=218
[exp8053] phase=benchmark_pair_after elapsed_s=273.203 completed=64 pending=216
[exp8053] phase=benchmark_pair_after elapsed_s=276.798 completed=66 pending=214
[exp8053] phase=benchmark_pair_after elapsed_s=280.428 completed=68 pending=212
[exp8053] phase=benchmark_pair_after elapsed_s=284.385 completed=70 pending=210
[exp8053] phase=benchmark_pair_after elapsed_s=285.271 completed=72 pending=208
[exp8053] phase=benchmark_pair_after elapsed_s=287.736 completed=74 pending=206
[exp8053] phase=benchmark_pair_after elapsed_s=288.408 completed=76 pending=204
[exp8053] phase=benchmark_pair_after elapsed_s=293.483 completed=78 pending=202
[exp8053] phase=benchmark_pair_after elapsed_s=294.731 completed=80 pending=200
[exp8053] phase=benchmark_pair_after elapsed_s=296.132 completed=82 pending=198
[exp8053] phase=benchmark_pair_after elapsed_s=298.536 completed=84 pending=196
[exp8053] phase=benchmark_pair_after elapsed_s=298.982 completed=86 pending=194
[exp8053] phase=benchmark_pair_after elapsed_s=299.880 completed=88 pending=192
[exp8053] phase=benchmark_pair_after elapsed_s=302.361 completed=90 pending=190
[exp8053] phase=benchmark_pair_after elapsed_s=303.034 completed=92 pending=188
[exp8053] phase=benchmark_pair_after elapsed_s=308.359 completed=94 pending=186
[exp8053] phase=benchmark_pair_after elapsed_s=310.838 completed=96 pending=184
[exp8053] phase=benchmark_pair_after elapsed_s=311.282 completed=98 pending=182
[exp8053] phase=benchmark_pair_after elapsed_s=312.716 completed=100 pending=180
[exp8053] phase=benchmark_pair_after elapsed_s=317.541 completed=102 pending=178
[exp8053] phase=benchmark_pair_after elapsed_s=319.013 completed=104 pending=176
[exp8053] phase=benchmark_pair_after elapsed_s=320.980 completed=106 pending=174
[exp8053] phase=benchmark_pair_after elapsed_s=323.314 completed=108 pending=172
[exp8053] phase=benchmark_pair_after elapsed_s=325.179 completed=110 pending=170
[exp8053] phase=benchmark_pair_after elapsed_s=330.432 completed=112 pending=168
[exp8053] phase=benchmark_pair_after elapsed_s=331.789 completed=114 pending=166
[exp8053] phase=benchmark_pair_after elapsed_s=332.510 completed=116 pending=164
[exp8053] phase=benchmark_pair_after elapsed_s=334.732 completed=118 pending=162
[exp8053] phase=benchmark_pair_after elapsed_s=335.616 completed=120 pending=160
[exp8053] phase=benchmark_pair_after elapsed_s=338.053 completed=122 pending=158
[exp8053] phase=benchmark_pair_after elapsed_s=340.567 completed=124 pending=156
[exp8053] phase=benchmark_pair_after elapsed_s=341.883 completed=126 pending=154
[exp8053] phase=benchmark_pair_after elapsed_s=343.115 completed=128 pending=152
[exp8053] phase=benchmark_pair_after elapsed_s=345.501 completed=130 pending=150
[exp8053] phase=benchmark_pair_after elapsed_s=345.571 completed=132 pending=148
[exp8053] phase=benchmark_pair_after elapsed_s=346.991 completed=134 pending=146
[exp8053] phase=benchmark_pair_after elapsed_s=347.818 completed=136 pending=144
[exp8053] phase=benchmark_pair_after elapsed_s=350.277 completed=138 pending=142
[exp8053] phase=benchmark_pair_after elapsed_s=355.439 completed=140 pending=140
[exp8053] phase=benchmark_pair_after elapsed_s=355.951 completed=142 pending=138
[exp8053] phase=benchmark_pair_after elapsed_s=356.460 completed=144 pending=136
[exp8053] phase=benchmark_pair_after elapsed_s=356.968 completed=146 pending=134
[exp8053] phase=benchmark_pair_after elapsed_s=357.476 completed=148 pending=132
[exp8053] phase=benchmark_pair_after elapsed_s=357.985 completed=150 pending=130
[exp8053] phase=benchmark_pair_after elapsed_s=358.495 completed=152 pending=128
[exp8053] phase=benchmark_pair_after elapsed_s=358.999 completed=154 pending=126
[exp8053] phase=benchmark_pair_after elapsed_s=359.505 completed=156 pending=124
[exp8053] phase=benchmark_pair_after elapsed_s=360.012 completed=158 pending=122
[exp8053] phase=benchmark_pair_after elapsed_s=360.515 completed=160 pending=120
[exp8053] phase=benchmark_pair_after elapsed_s=361.022 completed=162 pending=118
[exp8053] phase=benchmark_pair_after elapsed_s=361.529 completed=164 pending=116
[exp8053] phase=benchmark_pair_after elapsed_s=362.040 completed=166 pending=114
[exp8053] phase=benchmark_pair_after elapsed_s=362.554 completed=168 pending=112
[exp8053] phase=benchmark_pair_after elapsed_s=363.059 completed=170 pending=110
[exp8053] phase=benchmark_pair_after elapsed_s=363.571 completed=172 pending=108
[exp8053] phase=benchmark_pair_after elapsed_s=364.082 completed=174 pending=106
[exp8053] phase=benchmark_pair_after elapsed_s=364.596 completed=176 pending=104
[exp8053] phase=benchmark_pair_after elapsed_s=365.106 completed=178 pending=102
[exp8053] phase=benchmark_pair_after elapsed_s=365.616 completed=180 pending=100
[exp8053] phase=benchmark_pair_after elapsed_s=366.127 completed=182 pending=98
[exp8053] phase=benchmark_pair_after elapsed_s=366.639 completed=184 pending=96
[exp8053] phase=benchmark_pair_after elapsed_s=367.147 completed=186 pending=94
[exp8053] phase=benchmark_pair_after elapsed_s=367.657 completed=188 pending=92
[exp8053] phase=benchmark_pair_after elapsed_s=368.272 completed=190 pending=90
[exp8053] phase=benchmark_pair_after elapsed_s=368.782 completed=192 pending=88
[exp8053] phase=benchmark_pair_after elapsed_s=369.290 completed=194 pending=86
[exp8053] phase=benchmark_pair_after elapsed_s=369.800 completed=196 pending=84
[exp8053] phase=benchmark_pair_after elapsed_s=370.314 completed=198 pending=82
[exp8053] phase=benchmark_pair_after elapsed_s=370.827 completed=200 pending=80
[exp8053] phase=benchmark_pair_after elapsed_s=371.337 completed=202 pending=78
[exp8053] phase=benchmark_pair_after elapsed_s=371.848 completed=204 pending=76
[exp8053] phase=benchmark_pair_after elapsed_s=372.359 completed=206 pending=74
[exp8053] phase=benchmark_pair_after elapsed_s=372.996 completed=208 pending=72
[exp8053] phase=benchmark_pair_after elapsed_s=373.507 completed=210 pending=70
[exp8053] phase=benchmark_pair_after elapsed_s=375.262 completed=212 pending=68
[exp8053] phase=benchmark_pair_after elapsed_s=378.783 completed=214 pending=66
[exp8053] phase=benchmark_pair_after elapsed_s=383.630 completed=216 pending=64
[exp8053] phase=benchmark_pair_after elapsed_s=388.446 completed=218 pending=62
[exp8053] phase=benchmark_pair_after elapsed_s=389.883 completed=220 pending=60
[exp8053] phase=benchmark_pair_after elapsed_s=390.781 completed=222 pending=58
[exp8053] phase=benchmark_pair_after elapsed_s=395.315 completed=224 pending=56
[exp8053] phase=benchmark_pair_after elapsed_s=400.340 completed=226 pending=54
[exp8053] phase=benchmark_pair_after elapsed_s=401.287 completed=228 pending=52
[exp8053] phase=benchmark_pair_after elapsed_s=405.961 completed=230 pending=50
[exp8053] phase=benchmark_pair_after elapsed_s=407.174 completed=232 pending=48
[exp8053] phase=benchmark_pair_after elapsed_s=408.115 completed=234 pending=46
[exp8053] phase=benchmark_pair_after elapsed_s=413.381 completed=236 pending=44
[exp8053] phase=benchmark_pair_after elapsed_s=417.750 completed=238 pending=42
[exp8053] phase=benchmark_pair_after elapsed_s=420.214 completed=240 pending=40
[exp8053] phase=benchmark_pair_after elapsed_s=421.618 completed=242 pending=38
[exp8053] phase=benchmark_pair_after elapsed_s=425.133 completed=244 pending=36
[exp8053] phase=benchmark_pair_after elapsed_s=428.580 completed=246 pending=34
[exp8053] phase=benchmark_pair_after elapsed_s=432.134 completed=248 pending=32
[exp8053] phase=benchmark_pair_after elapsed_s=436.754 completed=250 pending=30
[exp8053] phase=benchmark_pair_after elapsed_s=439.495 completed=252 pending=28
[exp8053] phase=benchmark_pair_after elapsed_s=443.333 completed=254 pending=26
[exp8053] phase=benchmark_pair_after elapsed_s=446.616 completed=256 pending=24
[exp8053] phase=benchmark_pair_after elapsed_s=450.684 completed=258 pending=22
[exp8053] phase=benchmark_pair_after elapsed_s=452.379 completed=260 pending=20
[exp8053] phase=benchmark_pair_after elapsed_s=453.109 completed=262 pending=18
[exp8053] phase=benchmark_pair_after elapsed_s=457.981 completed=264 pending=16
[exp8053] phase=benchmark_pair_after elapsed_s=463.168 completed=266 pending=14
[exp8053] phase=benchmark_pair_after elapsed_s=464.870 completed=268 pending=12
[exp8053] phase=benchmark_pair_after elapsed_s=469.505 completed=270 pending=10
[exp8053] phase=benchmark_pair_after elapsed_s=471.860 completed=272 pending=8
[exp8053] phase=benchmark_pair_after elapsed_s=473.834 completed=274 pending=6
[exp8053] phase=benchmark_pair_after elapsed_s=477.575 completed=276 pending=4
[exp8053] phase=benchmark_pair_after elapsed_s=481.056 completed=278 pending=2
[exp8053] phase=benchmark_pair_after elapsed_s=486.038 completed=280 pending=0
[exp8053] phase=benchmark_after elapsed_s=486.074 completed=280 pending=0
[exp8053] phase=measurement_after elapsed_s=486.074 completed=240 pending=0
[exp8053] phase=publication_before elapsed_s=486.467 completed=0 pending=0
[exp7303-validation] before_subprocess cold_reduction elapsed_s=0.000 unit=1/3
[exp7303-validation:cold_reduction] [exp8053] phase=start_preconditions elapsed_s=0.000 completed=0 pending=0
[exp7303-validation:cold_reduction] [exp8053] phase=parity_before elapsed_s=1.460 completed=0 pending=3960
[exp7303-validation] subprocess_outstanding cold_reduction elapsed_s=10.001
[exp7303-validation:cold_reduction] [exp8053] phase=parity_batch elapsed_s=13.223 completed=100 pending=3860
[exp7303-validation:cold_reduction] [exp8053] phase=parity_batch elapsed_s=13.386 completed=200 pending=3760
[exp7303-validation:cold_reduction] [exp8053] phase=parity_batch elapsed_s=13.551 completed=300 pending=3660
[exp7303-validation:cold_reduction] [exp8053] phase=parity_batch elapsed_s=13.715 completed=400 pending=3560
[exp7303-validation:cold_reduction] [exp8053] phase=parity_batch elapsed_s=13.881 completed=500 pending=3460
[exp7303-validation:cold_reduction] [exp8053] phase=parity_batch elapsed_s=14.047 completed=600 pending=3360
[exp7303-validation:cold_reduction] [exp8053] phase=parity_batch elapsed_s=14.215 completed=700 pending=3260
[exp7303-validation:cold_reduction] [exp8053] phase=parity_batch elapsed_s=14.381 completed=800 pending=3160
[exp7303-validation:cold_reduction] [exp8053] phase=parity_batch elapsed_s=14.548 completed=900 pending=3060
[exp7303-validation:cold_reduction] [exp8053] phase=parity_batch elapsed_s=14.715 completed=1000 pending=2960
[exp7303-validation:cold_reduction] [exp8053] phase=parity_batch elapsed_s=14.882 completed=1100 pending=2860
[exp7303-validation:cold_reduction] [exp8053] phase=parity_batch elapsed_s=15.049 completed=1200 pending=2760
[exp7303-validation:cold_reduction] [exp8053] phase=parity_batch elapsed_s=15.217 completed=1300 pending=2660
[exp7303-validation:cold_reduction] [exp8053] phase=parity_batch elapsed_s=15.384 completed=1400 pending=2560
[exp7303-validation:cold_reduction] [exp8053] phase=parity_batch elapsed_s=15.551 completed=1500 pending=2460
[exp7303-validation:cold_reduction] [exp8053] phase=parity_batch elapsed_s=15.718 completed=1600 pending=2360
[exp7303-validation:cold_reduction] [exp8053] phase=parity_batch elapsed_s=15.886 completed=1700 pending=2260
[exp7303-validation:cold_reduction] [exp8053] phase=parity_batch elapsed_s=16.053 completed=1800 pending=2160
[exp7303-validation:cold_reduction] [exp8053] phase=parity_batch elapsed_s=16.220 completed=1900 pending=2060
[exp7303-validation:cold_reduction] [exp8053] phase=parity_batch elapsed_s=16.388 completed=2000 pending=1960
[exp7303-validation:cold_reduction] [exp8053] phase=parity_batch elapsed_s=16.555 completed=2100 pending=1860
[exp7303-validation:cold_reduction] [exp8053] phase=parity_batch elapsed_s=16.724 completed=2200 pending=1760
[exp7303-validation:cold_reduction] [exp8053] phase=parity_batch elapsed_s=16.892 completed=2300 pending=1660
[exp7303-validation:cold_reduction] [exp8053] phase=parity_batch elapsed_s=17.060 completed=2400 pending=1560
[exp7303-validation:cold_reduction] [exp8053] phase=parity_batch elapsed_s=17.228 completed=2500 pending=1460
[exp7303-validation:cold_reduction] [exp8053] phase=parity_batch elapsed_s=17.395 completed=2600 pending=1360
[exp7303-validation:cold_reduction] [exp8053] phase=parity_batch elapsed_s=17.563 completed=2700 pending=1260
[exp7303-validation:cold_reduction] [exp8053] phase=parity_batch elapsed_s=17.732 completed=2800 pending=1160
[exp7303-validation:cold_reduction] [exp8053] phase=parity_batch elapsed_s=17.900 completed=2900 pending=1060
[exp7303-validation:cold_reduction] [exp8053] phase=parity_batch elapsed_s=18.068 completed=3000 pending=960
[exp7303-validation:cold_reduction] [exp8053] phase=parity_batch elapsed_s=18.237 completed=3100 pending=860
[exp7303-validation:cold_reduction] [exp8053] phase=parity_batch elapsed_s=18.405 completed=3200 pending=760
[exp7303-validation:cold_reduction] [exp8053] phase=parity_batch elapsed_s=18.573 completed=3300 pending=660
[exp7303-validation:cold_reduction] [exp8053] phase=parity_batch elapsed_s=18.742 completed=3400 pending=560
[exp7303-validation:cold_reduction] [exp8053] phase=parity_batch elapsed_s=18.910 completed=3500 pending=460
[exp7303-validation] subprocess_outstanding cold_reduction elapsed_s=20.002
[exp7303-validation:cold_reduction] [exp8053] phase=parity_batch elapsed_s=19.079 completed=3600 pending=360
[exp7303-validation:cold_reduction] [exp8053] phase=parity_batch elapsed_s=19.248 completed=3700 pending=260
[exp7303-validation:cold_reduction] [exp8053] phase=parity_batch elapsed_s=19.417 completed=3800 pending=160
[exp7303-validation:cold_reduction] [exp8053] phase=parity_batch elapsed_s=19.586 completed=3900 pending=60
[exp7303-validation:cold_reduction] [exp8053] phase=parity_after elapsed_s=19.770 completed=3960 pending=0
[exp7303-validation:cold_reduction] {"passed": true}
[exp7303-validation] after_subprocess cold_reduction elapsed_s=22.511 exit=0 unit=1/3
[exp7303-validation] before_subprocess adversarial elapsed_s=0.000 unit=2/3
[exp7303-validation:adversarial] {
[exp7303-validation:adversarial]   "reports": [
[exp7303-validation:adversarial]     {
[exp7303-validation:adversarial]       "artifact": "/home/ianblenke/github.com/ianblenke/carnot/results/raw/experiment_8053_v697_guarded_transaction_cost/terminal_candidate.json",
[exp7303-validation:adversarial]       "loaded": true,
[exp7303-validation:adversarial]       "exp_id": 8053,
[exp7303-validation:adversarial]       "title": "",
[exp7303-validation:adversarial]       "honest_verdict": "complete_null_guarded_transaction_cost",
[exp7303-validation:adversarial]       "flag_count": 0,
[exp7303-validation:adversarial]       "max_severity": -1,
[exp7303-validation:adversarial]       "flags": [],
[exp7303-validation:adversarial]       "gate_version": "07ddacadae8c3b8d3250ad0977bda6f747d5bcb02bb7af3119b80db2547b62c7"
[exp7303-validation:adversarial]     }
[exp7303-validation:adversarial]   ],
[exp7303-validation:adversarial]   "flagged_count": 0
[exp7303-validation:adversarial] }
[exp7303-validation] after_subprocess adversarial elapsed_s=2.051 exit=0 unit=2/3
[exp7303-validation] before_subprocess strict_rows elapsed_s=0.000 unit=3/3
[exp7303-validation:strict_rows] 
[exp7303-validation:strict_rows] verdict-row-consistency: checked 1, skipped 0 (no per-unit rows), unreadable 0.
[exp7303-validation:strict_rows]   No row/verdict contradictions among the artifacts that could be checked.
[exp7303-validation] after_subprocess strict_rows elapsed_s=0.066 exit=0 unit=3/3
[exp7303-validation] before_subprocess cold_reduction elapsed_s=0.000 unit=1/3
[exp7303-validation:cold_reduction] [exp8053] phase=start_preconditions elapsed_s=0.000 completed=0 pending=0
[exp7303-validation:cold_reduction] [exp8053] phase=parity_before elapsed_s=1.471 completed=0 pending=3960
[exp7303-validation] subprocess_outstanding cold_reduction elapsed_s=10.001
[exp7303-validation:cold_reduction] [exp8053] phase=parity_batch elapsed_s=13.192 completed=100 pending=3860
[exp7303-validation:cold_reduction] [exp8053] phase=parity_batch elapsed_s=13.354 completed=200 pending=3760
[exp7303-validation:cold_reduction] [exp8053] phase=parity_batch elapsed_s=13.518 completed=300 pending=3660
[exp7303-validation:cold_reduction] [exp8053] phase=parity_batch elapsed_s=13.681 completed=400 pending=3560
[exp7303-validation:cold_reduction] [exp8053] phase=parity_batch elapsed_s=13.847 completed=500 pending=3460
[exp7303-validation:cold_reduction] [exp8053] phase=parity_batch elapsed_s=14.013 completed=600 pending=3360
[exp7303-validation:cold_reduction] [exp8053] phase=parity_batch elapsed_s=14.178 completed=700 pending=3260
[exp7303-validation:cold_reduction] [exp8053] phase=parity_batch elapsed_s=14.344 completed=800 pending=3160
[exp7303-validation:cold_reduction] [exp8053] phase=parity_batch elapsed_s=14.510 completed=900 pending=3060
[exp7303-validation:cold_reduction] [exp8053] phase=parity_batch elapsed_s=14.676 completed=1000 pending=2960
[exp7303-validation:cold_reduction] [exp8053] phase=parity_batch elapsed_s=14.843 completed=1100 pending=2860
[exp7303-validation:cold_reduction] [exp8053] phase=parity_batch elapsed_s=15.009 completed=1200 pending=2760
[exp7303-validation:cold_reduction] [exp8053] phase=parity_batch elapsed_s=15.176 completed=1300 pending=2660
[exp7303-validation:cold_reduction] [exp8053] phase=parity_batch elapsed_s=15.343 completed=1400 pending=2560
[exp7303-validation:cold_reduction] [exp8053] phase=parity_batch elapsed_s=15.509 completed=1500 pending=2460
[exp7303-validation:cold_reduction] [exp8053] phase=parity_batch elapsed_s=15.676 completed=1600 pending=2360
[exp7303-validation:cold_reduction] [exp8053] phase=parity_batch elapsed_s=15.843 completed=1700 pending=2260
[exp7303-validation:cold_reduction] [exp8053] phase=parity_batch elapsed_s=16.010 completed=1800 pending=2160
[exp7303-validation:cold_reduction] [exp8053] phase=parity_batch elapsed_s=16.182 completed=1900 pending=2060
[exp7303-validation:cold_reduction] [exp8053] phase=parity_batch elapsed_s=16.348 completed=2000 pending=1960
[exp7303-validation:cold_reduction] [exp8053] phase=parity_batch elapsed_s=16.515 completed=2100 pending=1860
[exp7303-validation:cold_reduction] [exp8053] phase=parity_batch elapsed_s=16.682 completed=2200 pending=1760
[exp7303-validation:cold_reduction] [exp8053] phase=parity_batch elapsed_s=16.849 completed=2300 pending=1660
[exp7303-validation:cold_reduction] [exp8053] phase=parity_batch elapsed_s=17.017 completed=2400 pending=1560
[exp7303-validation:cold_reduction] [exp8053] phase=parity_batch elapsed_s=17.185 completed=2500 pending=1460
[exp7303-validation:cold_reduction] [exp8053] phase=parity_batch elapsed_s=17.353 completed=2600 pending=1360
[exp7303-validation:cold_reduction] [exp8053] phase=parity_batch elapsed_s=17.520 completed=2700 pending=1260
[exp7303-validation:cold_reduction] [exp8053] phase=parity_batch elapsed_s=17.687 completed=2800 pending=1160
[exp7303-validation:cold_reduction] [exp8053] phase=parity_batch elapsed_s=17.854 completed=2900 pending=1060
[exp7303-validation:cold_reduction] [exp8053] phase=parity_batch elapsed_s=18.023 completed=3000 pending=960
[exp7303-validation:cold_reduction] [exp8053] phase=parity_batch elapsed_s=18.191 completed=3100 pending=860
[exp7303-validation:cold_reduction] [exp8053] phase=parity_batch elapsed_s=18.360 completed=3200 pending=760
[exp7303-validation:cold_reduction] [exp8053] phase=parity_batch elapsed_s=18.528 completed=3300 pending=660
[exp7303-validation:cold_reduction] [exp8053] phase=parity_batch elapsed_s=18.696 completed=3400 pending=560
[exp7303-validation:cold_reduction] [exp8053] phase=parity_batch elapsed_s=18.863 completed=3500 pending=460
[exp7303-validation] subprocess_outstanding cold_reduction elapsed_s=20.002
[exp7303-validation:cold_reduction] [exp8053] phase=parity_batch elapsed_s=19.032 completed=3600 pending=360
[exp7303-validation:cold_reduction] [exp8053] phase=parity_batch elapsed_s=19.200 completed=3700 pending=260
[exp7303-validation:cold_reduction] [exp8053] phase=parity_batch elapsed_s=19.369 completed=3800 pending=160
[exp7303-validation:cold_reduction] [exp8053] phase=parity_batch elapsed_s=19.538 completed=3900 pending=60
[exp7303-validation:cold_reduction] [exp8053] phase=parity_after elapsed_s=19.720 completed=3960 pending=0
[exp7303-validation:cold_reduction] {"passed": true}
[exp7303-validation] after_subprocess cold_reduction elapsed_s=22.453 exit=0 unit=1/3
[exp7303-validation] before_subprocess adversarial elapsed_s=0.000 unit=2/3
[exp7303-validation:adversarial] {
[exp7303-validation:adversarial]   "reports": [
[exp7303-validation:adversarial]     {
[exp7303-validation:adversarial]       "artifact": "/home/ianblenke/github.com/ianblenke/carnot/results/experiment_8053_v697_guarded_transaction_cost.json",
[exp7303-validation:adversarial]       "loaded": true,
[exp7303-validation:adversarial]       "exp_id": 8053,
[exp7303-validation:adversarial]       "title": "",
[exp7303-validation:adversarial]       "honest_verdict": "complete_null_guarded_transaction_cost",
[exp7303-validation:adversarial]       "flag_count": 0,
[exp7303-validation:adversarial]       "max_severity": -1,
[exp7303-validation:adversarial]       "flags": [],
[exp7303-validation:adversarial]       "gate_version": "07ddacadae8c3b8d3250ad0977bda6f747d5bcb02bb7af3119b80db2547b62c7"
[exp7303-validation:adversarial]     }
[exp7303-validation:adversarial]   ],
[exp7303-validation:adversarial]   "flagged_count": 0
[exp7303-validation:adversarial] }
[exp7303-validation] after_subprocess adversarial elapsed_s=2.098 exit=0 unit=2/3
[exp7303-validation] before_subprocess strict_rows elapsed_s=0.000 unit=3/3
[exp7303-validation:strict_rows] 
[exp7303-validation:strict_rows] verdict-row-consistency: checked 1, skipped 0 (no per-unit rows), unreadable 0.
[exp7303-validation:strict_rows]   No row/verdict contradictions among the artifacts that could be checked.
[exp7303-validation] after_subprocess strict_rows elapsed_s=0.065 exit=0 unit=3/3
[exp8053] phase=publication_after elapsed_s=535.884 completed=1 pending=0
