[exp8373] phase=start_no_model_load_current_LLM_calls_0 completed=0 pending=0
[exp8373] phase=worker_before completed=0 pending=0
[exp8373] phase=custody completed=0 pending=173
[exp8373] phase=custody completed=50 pending=123
[exp8373] phase=custody completed=100 pending=73
[exp8373] phase=custody completed=150 pending=23
[exp8350] phase=before_benchmark_cluster_bootstrap completed=0 pending=10000
[exp8350] phase=after_benchmark_cluster_bootstrap completed=10000 pending=0
[exp8350] phase=before_benchmark_cluster_bootstrap completed=0 pending=10000
[exp8350] phase=after_benchmark_cluster_bootstrap completed=10000 pending=0
[exp8351] phase=before_benchmark_moving_block_bootstrap completed=0 pending=10000
[exp8351] phase=after_benchmark_moving_block_bootstrap completed=10000 pending=0
[exp8350] phase=before_benchmark_cluster_bootstrap completed=0 pending=10000
[exp8350] phase=after_benchmark_cluster_bootstrap completed=10000 pending=0
[exp8350] phase=before_benchmark_cluster_bootstrap completed=0 pending=10000
[exp8350] phase=after_benchmark_cluster_bootstrap completed=10000 pending=0
[exp8351] phase=before_benchmark_moving_block_bootstrap completed=0 pending=10000
[exp8351] phase=after_benchmark_moving_block_bootstrap completed=10000 pending=0
[exp8350] phase=before_measurement completed=0 pending=0
[exp8350] phase=before_authority completed=0 pending=0
[exp8350] phase=after_authority completed=0 pending=0
[exp8335] phase=scoring completed=32 pending=96
[exp8335] phase=scoring completed=64 pending=64
[exp8335] phase=scoring completed=96 pending=32
[exp8335] phase=scoring completed=128 pending=0
[exp8350] phase=before_benchmark_exact_optimizer_control completed=0 pending=0
[exp8306] phase=static_fit completed=100 pending=300
[exp8306] phase=static_fit completed=200 pending=200
[exp8306] phase=static_fit completed=300 pending=100
[exp8306] phase=static_fit completed=400 pending=0
[exp8350] phase=after_benchmark_exact_optimizer_control completed=1 pending=0
[exp8350] phase=before_retention_authentication completed=0 pending=0
[exp8350] phase=retention_window_authenticated completed=1 pending=3
[exp8350] phase=retention_window_authenticated completed=2 pending=2
[exp8350] phase=retention_window_authenticated completed=3 pending=1
[exp8350] phase=retention_window_authenticated completed=4 pending=0
[exp8350] phase=after_retention_authentication completed=4 pending=0
[exp8350] phase=before_evaluator_access completed=0 pending=0
[exp8350] phase=before_benchmark_cluster_bootstrap completed=0 pending=10000
[exp8350] phase=after_benchmark_cluster_bootstrap completed=10000 pending=0
[exp8350] phase=before_benchmark_cluster_bootstrap completed=0 pending=10000
[exp8350] phase=after_benchmark_cluster_bootstrap completed=10000 pending=0
[exp8350] phase=after_evaluator_access completed=128 pending=0
[exp8350] phase=after_measurement completed=1 pending=0
[exp8350] phase=before_benchmark_cluster_bootstrap completed=0 pending=10000
[exp8350] phase=after_benchmark_cluster_bootstrap completed=10000 pending=0
[exp8350] phase=before_benchmark_cluster_bootstrap completed=0 pending=10000
[exp8350] phase=after_benchmark_cluster_bootstrap completed=10000 pending=0
[exp8351] phase=before_benchmark_moving_block_bootstrap completed=0 pending=10000
[exp8351] phase=after_benchmark_moving_block_bootstrap completed=10000 pending=0
[exp8351] phase=before_preconditions completed=0 pending=0
[exp8351] phase=before_authority completed=0 pending=0
[exp8351] phase=after_authority completed=0 pending=0
[exp8335] phase=scoring completed=32 pending=96
[exp8335] phase=scoring completed=64 pending=64
[exp8335] phase=scoring completed=96 pending=32
[exp8335] phase=scoring completed=128 pending=0
[exp8351] phase=before_all_retention_seals completed=0 pending=0
[exp8350] phase=retention_window_authenticated completed=1 pending=3
[exp8350] phase=retention_window_authenticated completed=2 pending=2
[exp8350] phase=retention_window_authenticated completed=3 pending=1
[exp8350] phase=retention_window_authenticated completed=4 pending=0
[exp8351] phase=after_all_retention_seals completed=4 pending=0
[exp8351] phase=before_subprocess_upstream_cold_replay completed=0 pending=0
[exp8205] phase=before_subprocess_upstream_cold completed=0 pending=1
[exp8205] phase=after_subprocess_upstream_cold completed=1 pending=0
[exp8351] phase=after_subprocess_upstream_cold_replay completed=1 pending=0
[exp8351] phase=before_benchmark_scalar_reconstruction completed=0 pending=0
[exp8351] phase=scalar_reconstruction completed=32 pending=64
[exp8351] phase=scalar_reconstruction completed=64 pending=32
[exp8351] phase=scalar_reconstruction completed=96 pending=0
[exp8351] phase=after_benchmark_scalar_reconstruction completed=96 pending=0
[exp8351] phase=before_evaluator_target_access completed=0 pending=0
[exp8351] phase=before_benchmark_moving_block_bootstrap completed=0 pending=10000
[exp8351] phase=after_benchmark_moving_block_bootstrap completed=10000 pending=0
[exp8351] phase=after_evaluator_target_access completed=128 pending=0
[exp8351] phase=after_measurement completed=1 pending=0
[exp8351] phase=before_benchmark_moving_block_bootstrap completed=0 pending=10000
[exp8351] phase=after_benchmark_moving_block_bootstrap completed=10000 pending=0
[exp8373] phase=worker_after completed=1 pending=0
