
*** Running vivado
    with args -log carnot_ising_bd_proc_sys_reset_0_0.vds -m64 -product Vivado -mode batch -messageDb vivado.pb -notrace -source carnot_ising_bd_proc_sys_reset_0_0.tcl


****** Vivado v2025.2.1 (64-bit)
  **** SW Build 6403652 on Thu Mar 19 13:47:00 MDT 2026
  **** IP Build 6403511 on Thu Mar 19 12:41:45 MDT 2026
  **** SharedData Build 6403650 on Thu Mar 19 14:02:13 MDT 2026
  **** Start of session at: Wed Apr 22 19:23:51 2026
    ** Copyright 1986-2022 Xilinx, Inc. All Rights Reserved.
    ** Copyright 2022-2026 Advanced Micro Devices, Inc. All Rights Reserved.

source carnot_ising_bd_proc_sys_reset_0_0.tcl -notrace
Command: synth_design -top carnot_ising_bd_proc_sys_reset_0_0 -part xck26-sfvc784-2LV-c -incremental_mode off -mode out_of_context
Starting synth_design
Attempting to get a license for feature 'Synthesis' and/or device 'xck26'
INFO: [Common 17-349] Got license for feature 'Synthesis' and/or device 'xck26'
INFO: [Device 21-403] Loading part xck26-sfvc784-2LV-c
INFO: [Synth 8-7079] Multithreading enabled for synth_design using a maximum of 7 processes.
INFO: [Synth 8-7078] Launching helper process for spawning children vivado processes
INFO: [Synth 8-7075] Helper process launched with PID 2347715
---------------------------------------------------------------------------------
Starting RTL Elaboration : Time (s): cpu = 00:00:08 ; elapsed = 00:00:08 . Memory (MB): peak = 2758.398 ; gain = 150.688 ; free physical = 51291 ; free virtual = 307164
---------------------------------------------------------------------------------
INFO: [Synth 8-638] synthesizing module 'carnot_ising_bd_proc_sys_reset_0_0' [/home/ianblenke/github.com/ianblenke/carnot/output/carnot_ising_bd/project/carnot_ising.gen/sources_1/bd/carnot_ising_bd/ip/carnot_ising_bd_proc_sys_reset_0_0/synth/carnot_ising_bd_proc_sys_reset_0_0.vhd:74]
	Parameter C_FAMILY bound to: zynquplus - type: string 
	Parameter C_EXT_RST_WIDTH bound to: 4 - type: integer 
	Parameter C_AUX_RST_WIDTH bound to: 4 - type: integer 
	Parameter C_EXT_RESET_HIGH bound to: 1'b0 
	Parameter C_AUX_RESET_HIGH bound to: 1'b0 
	Parameter C_NUM_BUS_RST bound to: 1 - type: integer 
	Parameter C_NUM_PERP_RST bound to: 1 - type: integer 
	Parameter C_NUM_INTERCONNECT_ARESETN bound to: 1 - type: integer 
	Parameter C_NUM_PERP_ARESETN bound to: 1 - type: integer 
INFO: [Synth 8-3491] module 'proc_sys_reset' declared at '/home/ianblenke/github.com/ianblenke/carnot/output/carnot_ising_bd/project/carnot_ising.gen/sources_1/bd/carnot_ising_bd/ipshared/9438/hdl/proc_sys_reset_v5_0_vh_rfs.vhd:1243' bound to instance 'U0' of component 'proc_sys_reset' [/home/ianblenke/github.com/ianblenke/carnot/output/carnot_ising_bd/project/carnot_ising.gen/sources_1/bd/carnot_ising_bd/ip/carnot_ising_bd_proc_sys_reset_0_0/synth/carnot_ising_bd_proc_sys_reset_0_0.vhd:139]
INFO: [Synth 8-638] synthesizing module 'proc_sys_reset' [/home/ianblenke/github.com/ianblenke/carnot/output/carnot_ising_bd/project/carnot_ising.gen/sources_1/bd/carnot_ising_bd/ipshared/9438/hdl/proc_sys_reset_v5_0_vh_rfs.vhd:1302]
	Parameter INIT bound to: 1'b1 
INFO: [Synth 8-113] binding component instance 'FDRE_inst' to cell 'FDRE' [/home/ianblenke/github.com/ianblenke/carnot/output/carnot_ising_bd/project/carnot_ising.gen/sources_1/bd/carnot_ising_bd/ipshared/9438/hdl/proc_sys_reset_v5_0_vh_rfs.vhd:1371]
	Parameter INIT bound to: 1'b1 
INFO: [Synth 8-113] binding component instance 'FDRE_BSR' to cell 'FDRE' [/home/ianblenke/github.com/ianblenke/carnot/output/carnot_ising_bd/project/carnot_ising.gen/sources_1/bd/carnot_ising_bd/ipshared/9438/hdl/proc_sys_reset_v5_0_vh_rfs.vhd:1387]
	Parameter INIT bound to: 1'b0 
INFO: [Synth 8-113] binding component instance 'FDRE_BSR_N' to cell 'FDRE' [/home/ianblenke/github.com/ianblenke/carnot/output/carnot_ising_bd/project/carnot_ising.gen/sources_1/bd/carnot_ising_bd/ipshared/9438/hdl/proc_sys_reset_v5_0_vh_rfs.vhd:1413]
	Parameter INIT bound to: 1'b1 
INFO: [Synth 8-113] binding component instance 'FDRE_PER' to cell 'FDRE' [/home/ianblenke/github.com/ianblenke/carnot/output/carnot_ising_bd/project/carnot_ising.gen/sources_1/bd/carnot_ising_bd/ipshared/9438/hdl/proc_sys_reset_v5_0_vh_rfs.vhd:1436]
	Parameter INIT bound to: 1'b0 
INFO: [Synth 8-113] binding component instance 'FDRE_PER_N' to cell 'FDRE' [/home/ianblenke/github.com/ianblenke/carnot/output/carnot_ising_bd/project/carnot_ising.gen/sources_1/bd/carnot_ising_bd/ipshared/9438/hdl/proc_sys_reset_v5_0_vh_rfs.vhd:1460]
INFO: [Synth 8-638] synthesizing module 'lpf' [/home/ianblenke/github.com/ianblenke/carnot/output/carnot_ising_bd/project/carnot_ising.gen/sources_1/bd/carnot_ising_bd/ipshared/9438/hdl/proc_sys_reset_v5_0_vh_rfs.vhd:821]
INFO: [Synth 8-3491] module 'SRL16' declared at '/tools/Xilinx/2025.2.1/Vivado/scripts/rt/data/unisim_comp.v:165155' bound to instance 'POR_SRL_I' of component 'SRL16' [/home/ianblenke/github.com/ianblenke/carnot/output/carnot_ising_bd/project/carnot_ising.gen/sources_1/bd/carnot_ising_bd/ipshared/9438/hdl/proc_sys_reset_v5_0_vh_rfs.vhd:873]
INFO: [Synth 8-6157] synthesizing module 'SRL16' [/tools/Xilinx/2025.2.1/Vivado/scripts/rt/data/unisim_comp.v:165155]
INFO: [Synth 8-6155] done synthesizing module 'SRL16' (0#1) [/tools/Xilinx/2025.2.1/Vivado/scripts/rt/data/unisim_comp.v:165155]
	Parameter DEST_SYNC_FF bound to: 4 - type: integer 
	Parameter INIT_SYNC_FF bound to: 0 - type: integer 
	Parameter SIM_ASSERT_CHK bound to: 0 - type: integer 
	Parameter SRC_INPUT_REG bound to: 0 - type: integer 
INFO: [Synth 8-3491] module 'xpm_cdc_single' declared at '/tools/Xilinx/2025.2.1/data/ip/xpm/xpm_cdc/hdl/xpm_cdc.sv:152' bound to instance 'ACT_LO_EXT' of component 'xpm_cdc_single' [/home/ianblenke/github.com/ianblenke/carnot/output/carnot_ising_bd/project/carnot_ising.gen/sources_1/bd/carnot_ising_bd/ipshared/9438/hdl/proc_sys_reset_v5_0_vh_rfs.vhd:968]
INFO: [Synth 8-6157] synthesizing module 'xpm_cdc_single' [/tools/Xilinx/2025.2.1/data/ip/xpm/xpm_cdc/hdl/xpm_cdc.sv:152]
INFO: [Synth 8-6155] done synthesizing module 'xpm_cdc_single' (0#1) [/tools/Xilinx/2025.2.1/data/ip/xpm/xpm_cdc/hdl/xpm_cdc.sv:152]
	Parameter DEST_SYNC_FF bound to: 4 - type: integer 
	Parameter INIT_SYNC_FF bound to: 0 - type: integer 
	Parameter SIM_ASSERT_CHK bound to: 0 - type: integer 
	Parameter SRC_INPUT_REG bound to: 0 - type: integer 
INFO: [Synth 8-3491] module 'xpm_cdc_single' declared at '/tools/Xilinx/2025.2.1/data/ip/xpm/xpm_cdc/hdl/xpm_cdc.sv:152' bound to instance 'ACT_LO_AUX' of component 'xpm_cdc_single' [/home/ianblenke/github.com/ianblenke/carnot/output/carnot_ising_bd/project/carnot_ising.gen/sources_1/bd/carnot_ising_bd/ipshared/9438/hdl/proc_sys_reset_v5_0_vh_rfs.vhd:1015]
INFO: [Synth 8-256] done synthesizing module 'lpf' (0#1) [/home/ianblenke/github.com/ianblenke/carnot/output/carnot_ising_bd/project/carnot_ising.gen/sources_1/bd/carnot_ising_bd/ipshared/9438/hdl/proc_sys_reset_v5_0_vh_rfs.vhd:821]
INFO: [Synth 8-638] synthesizing module 'sequence_psr' [/home/ianblenke/github.com/ianblenke/carnot/output/carnot_ising_bd/project/carnot_ising.gen/sources_1/bd/carnot_ising_bd/ipshared/9438/hdl/proc_sys_reset_v5_0_vh_rfs.vhd:304]
INFO: [Synth 8-638] synthesizing module 'upcnt_n' [/home/ianblenke/github.com/ianblenke/carnot/output/carnot_ising_bd/project/carnot_ising.gen/sources_1/bd/carnot_ising_bd/ipshared/9438/hdl/proc_sys_reset_v5_0_vh_rfs.vhd:126]
INFO: [Synth 8-256] done synthesizing module 'upcnt_n' (0#1) [/home/ianblenke/github.com/ianblenke/carnot/output/carnot_ising_bd/project/carnot_ising.gen/sources_1/bd/carnot_ising_bd/ipshared/9438/hdl/proc_sys_reset_v5_0_vh_rfs.vhd:126]
INFO: [Synth 8-256] done synthesizing module 'sequence_psr' (0#1) [/home/ianblenke/github.com/ianblenke/carnot/output/carnot_ising_bd/project/carnot_ising.gen/sources_1/bd/carnot_ising_bd/ipshared/9438/hdl/proc_sys_reset_v5_0_vh_rfs.vhd:304]
INFO: [Synth 8-256] done synthesizing module 'proc_sys_reset' (0#1) [/home/ianblenke/github.com/ianblenke/carnot/output/carnot_ising_bd/project/carnot_ising.gen/sources_1/bd/carnot_ising_bd/ipshared/9438/hdl/proc_sys_reset_v5_0_vh_rfs.vhd:1302]
INFO: [Synth 8-256] done synthesizing module 'carnot_ising_bd_proc_sys_reset_0_0' (0#1) [/home/ianblenke/github.com/ianblenke/carnot/output/carnot_ising_bd/project/carnot_ising.gen/sources_1/bd/carnot_ising_bd/ip/carnot_ising_bd_proc_sys_reset_0_0/synth/carnot_ising_bd_proc_sys_reset_0_0.vhd:74]
INFO: [Synth 8-7129] Port src_clk in module xpm_cdc_single is either unconnected or has no load
---------------------------------------------------------------------------------
Finished RTL Elaboration : Time (s): cpu = 00:00:11 ; elapsed = 00:00:11 . Memory (MB): peak = 2849.367 ; gain = 241.656 ; free physical = 51108 ; free virtual = 306984
---------------------------------------------------------------------------------
---------------------------------------------------------------------------------
Start Handling Custom Attributes
---------------------------------------------------------------------------------
---------------------------------------------------------------------------------
Finished Handling Custom Attributes : Time (s): cpu = 00:00:11 ; elapsed = 00:00:11 . Memory (MB): peak = 2849.367 ; gain = 241.656 ; free physical = 51109 ; free virtual = 306986
---------------------------------------------------------------------------------
---------------------------------------------------------------------------------
Finished RTL Optimization Phase 1 : Time (s): cpu = 00:00:11 ; elapsed = 00:00:11 . Memory (MB): peak = 2849.367 ; gain = 241.656 ; free physical = 51109 ; free virtual = 306986
---------------------------------------------------------------------------------
Netlist sorting complete. Time (s): cpu = 00:00:00 ; elapsed = 00:00:00 . Memory (MB): peak = 2857.367 ; gain = 0.000 ; free physical = 51103 ; free virtual = 306980
INFO: [Netlist 29-17] Analyzing 1 Unisim elements for replacement
INFO: [Netlist 29-28] Unisim Transformation completed in 0 CPU seconds
INFO: [Project 1-570] Preparing netlist for logic optimization

Processing XDC Constraints
Initializing timing engine
Parsing XDC File [/home/ianblenke/github.com/ianblenke/carnot/output/carnot_ising_bd/project/carnot_ising.gen/sources_1/bd/carnot_ising_bd/ip/carnot_ising_bd_proc_sys_reset_0_0/carnot_ising_bd_proc_sys_reset_0_0_ooc.xdc] for cell 'U0'
create_clock: Time (s): cpu = 00:00:06 ; elapsed = 00:00:06 . Memory (MB): peak = 2946.199 ; gain = 0.000 ; free physical = 51177 ; free virtual = 307056
Finished Parsing XDC File [/home/ianblenke/github.com/ianblenke/carnot/output/carnot_ising_bd/project/carnot_ising.gen/sources_1/bd/carnot_ising_bd/ip/carnot_ising_bd_proc_sys_reset_0_0/carnot_ising_bd_proc_sys_reset_0_0_ooc.xdc] for cell 'U0'
Parsing XDC File [/home/ianblenke/github.com/ianblenke/carnot/output/carnot_ising_bd/project/carnot_ising.gen/sources_1/bd/carnot_ising_bd/ip/carnot_ising_bd_proc_sys_reset_0_0/carnot_ising_bd_proc_sys_reset_0_0_board.xdc] for cell 'U0'
Finished Parsing XDC File [/home/ianblenke/github.com/ianblenke/carnot/output/carnot_ising_bd/project/carnot_ising.gen/sources_1/bd/carnot_ising_bd/ip/carnot_ising_bd_proc_sys_reset_0_0/carnot_ising_bd_proc_sys_reset_0_0_board.xdc] for cell 'U0'
Parsing XDC File [/home/ianblenke/github.com/ianblenke/carnot/output/carnot_ising_bd/project/carnot_ising.runs/carnot_ising_bd_proc_sys_reset_0_0_synth_1/dont_touch.xdc]
Finished Parsing XDC File [/home/ianblenke/github.com/ianblenke/carnot/output/carnot_ising_bd/project/carnot_ising.runs/carnot_ising_bd_proc_sys_reset_0_0_synth_1/dont_touch.xdc]
INFO: [Project 1-236] Implementation specific constraints were found while reading constraint file [/tools/Xilinx/2025.2.1/data/ip/xpm/xpm_cdc/tcl/xpm_cdc_single.tcl]. These constraints will be ignored for synthesis but will be used in implementation. Impacted constraints are listed in the file [.Xil/carnot_ising_bd_proc_sys_reset_0_0_propImpl.xdc].
Resolution: To avoid this warning, move constraints listed in [.Xil/carnot_ising_bd_proc_sys_reset_0_0_propImpl.xdc] to another XDC file and exclude this new file from synthesis with the used_in_synthesis property (File Properties dialog in GUI) and re-run elaboration/synthesis.
INFO: [Project 1-1714] 2 XPM XDC files have been applied to the design.
Completed Processing XDC Constraints

Netlist sorting complete. Time (s): cpu = 00:00:00 ; elapsed = 00:00:00 . Memory (MB): peak = 2946.199 ; gain = 0.000 ; free physical = 51176 ; free virtual = 307056
INFO: [Project 1-111] Unisim Transformation Summary:
  A total of 1 instances were transformed.
  SRL16 => SRL16E: 1 instance 

Constraint Validation Runtime : Time (s): cpu = 00:00:00.01 ; elapsed = 00:00:00.02 . Memory (MB): peak = 2946.234 ; gain = 0.000 ; free physical = 51172 ; free virtual = 307052
INFO: [Designutils 20-5008] Incremental synthesis strategy off
---------------------------------------------------------------------------------
Finished Constraint Validation : Time (s): cpu = 00:00:28 ; elapsed = 00:00:28 . Memory (MB): peak = 2946.234 ; gain = 338.523 ; free physical = 51212 ; free virtual = 307094
---------------------------------------------------------------------------------
---------------------------------------------------------------------------------
Start Loading Part and Timing Information
---------------------------------------------------------------------------------
Loading part: xck26-sfvc784-2LV-c
INFO: [Synth 8-6742] Reading net delay rules and data
---------------------------------------------------------------------------------
Finished Loading Part and Timing Information : Time (s): cpu = 00:00:28 ; elapsed = 00:00:28 . Memory (MB): peak = 2954.203 ; gain = 346.492 ; free physical = 51222 ; free virtual = 307104
---------------------------------------------------------------------------------
---------------------------------------------------------------------------------
Start Applying 'set_property' XDC Constraints
---------------------------------------------------------------------------------
---------------------------------------------------------------------------------
Finished applying 'set_property' XDC Constraints : Time (s): cpu = 00:00:28 ; elapsed = 00:00:28 . Memory (MB): peak = 2954.203 ; gain = 346.492 ; free physical = 51228 ; free virtual = 307110
---------------------------------------------------------------------------------
---------------------------------------------------------------------------------
Finished RTL Optimization Phase 2 : Time (s): cpu = 00:00:28 ; elapsed = 00:00:29 . Memory (MB): peak = 2954.203 ; gain = 346.492 ; free physical = 51199 ; free virtual = 307082
---------------------------------------------------------------------------------
---------------------------------------------------------------------------------
Start RTL Component Statistics 
---------------------------------------------------------------------------------
Detailed RTL Component Info : 
+---Adders : 
	   2 Input    6 Bit       Adders := 1     
+---Registers : 
	                6 Bit    Registers := 1     
	                4 Bit    Registers := 2     
	                3 Bit    Registers := 3     
	                1 Bit    Registers := 14    
+---Muxes : 
	   2 Input    6 Bit        Muxes := 1     
	   2 Input    1 Bit        Muxes := 1     
---------------------------------------------------------------------------------
Finished RTL Component Statistics 
---------------------------------------------------------------------------------
---------------------------------------------------------------------------------
Start Part Resource Summary
---------------------------------------------------------------------------------
Part Resources:
DSPs: 1248 (col length:96)
BRAMs: 288 (col length: RAMB18 96 RAMB36 48)
---------------------------------------------------------------------------------
Finished Part Resource Summary
---------------------------------------------------------------------------------
---------------------------------------------------------------------------------
Start Cross Boundary and Area Optimization
---------------------------------------------------------------------------------
INFO: [Synth 8-7129] Port src_clk in module xpm_cdc_single is either unconnected or has no load
---------------------------------------------------------------------------------
Finished Cross Boundary and Area Optimization : Time (s): cpu = 00:00:31 ; elapsed = 00:00:31 . Memory (MB): peak = 2954.203 ; gain = 346.492 ; free physical = 51055 ; free virtual = 306938
---------------------------------------------------------------------------------
