[8200] start completed=0 pending=1
[8200] preconditions_before completed=0 pending=1
[exp8132] subprocess_before_upstream_summaries completed=0 pending=1
[exp8132] waiting_upstream_summaries completed=0 pending=1
[exp8132] waiting_upstream_summaries completed=0 pending=1
[exp8132] waiting_upstream_summaries completed=0 pending=1
[exp8132] waiting_upstream_summaries completed=0 pending=1
[exp8132] waiting_upstream_summaries completed=0 pending=1
[exp8132] waiting_upstream_summaries completed=0 pending=1
[exp8132] waiting_upstream_summaries completed=0 pending=1
[exp8132] waiting_upstream_summaries completed=0 pending=1
[exp8132] waiting_upstream_summaries completed=0 pending=1
[exp8132] waiting_upstream_summaries completed=0 pending=1
[exp8132] subprocess_after_upstream_summaries completed=1 pending=0
[8200] inventory completed=1 pending=94
[8200] inventory completed=2 pending=93
[8200] inventory completed=3 pending=92
[8200] inventory completed=4 pending=91
[8200] inventory completed=5 pending=90
[8200] inventory completed=6 pending=89
[8200] inventory completed=7 pending=88
[8200] inventory completed=8 pending=87
[8200] inventory completed=9 pending=86
[8200] inventory completed=10 pending=85
[8200] inventory completed=11 pending=84
[8200] inventory completed=12 pending=83
[8200] inventory completed=13 pending=82
[8200] inventory completed=14 pending=81
[8200] inventory completed=15 pending=80
[8200] inventory completed=16 pending=79
[8200] inventory completed=17 pending=78
[8200] inventory completed=18 pending=77
[8200] inventory completed=19 pending=76
[8200] inventory completed=20 pending=75
[8200] inventory completed=21 pending=74
[8200] inventory completed=22 pending=73
[8200] inventory completed=23 pending=72
[8200] inventory completed=24 pending=71
[8200] inventory completed=25 pending=70
[8200] inventory completed=26 pending=69
[8200] inventory completed=27 pending=68
[8200] inventory completed=28 pending=67
[8200] inventory completed=29 pending=66
[8200] inventory completed=30 pending=65
[8200] inventory completed=31 pending=64
[8200] inventory completed=32 pending=63
[8200] inventory completed=33 pending=62
[8200] inventory completed=34 pending=61
[8200] inventory completed=35 pending=60
[8200] inventory completed=36 pending=59
[8200] inventory completed=37 pending=58
[8200] inventory completed=38 pending=57
[8200] inventory completed=39 pending=56
[8200] inventory completed=40 pending=55
[8200] inventory completed=41 pending=54
[8200] inventory completed=42 pending=53
[8200] inventory completed=43 pending=52
[8200] inventory completed=44 pending=51
[8200] inventory completed=45 pending=50
[8200] inventory completed=46 pending=49
[8200] inventory completed=47 pending=48
[8200] inventory completed=48 pending=47
[8200] inventory completed=49 pending=46
[8200] inventory completed=50 pending=45
[8200] inventory completed=51 pending=44
[8200] inventory completed=52 pending=43
[8200] inventory completed=53 pending=42
[8200] inventory completed=54 pending=41
[8200] inventory completed=55 pending=40
[8200] inventory completed=56 pending=39
[8200] inventory completed=57 pending=38
[8200] inventory completed=58 pending=37
[8200] inventory completed=59 pending=36
[8200] inventory completed=60 pending=35
[8200] inventory completed=61 pending=34
[8200] inventory completed=62 pending=33
[8200] inventory completed=63 pending=32
[8200] inventory completed=64 pending=31
[8200] inventory completed=65 pending=30
[8200] inventory completed=66 pending=29
[8200] inventory completed=67 pending=28
[8200] inventory completed=68 pending=27
[8200] inventory completed=69 pending=26
[8200] inventory completed=70 pending=25
[8200] inventory completed=71 pending=24
[8200] inventory completed=72 pending=23
[8200] inventory completed=73 pending=22
[8200] inventory completed=74 pending=21
[8200] inventory completed=75 pending=20
[8200] inventory completed=76 pending=19
[8200] inventory completed=77 pending=18
[8200] inventory completed=78 pending=17
[8200] inventory completed=79 pending=16
[8200] inventory completed=80 pending=15
[8200] inventory completed=81 pending=14
[8200] inventory completed=82 pending=13
[8200] inventory completed=83 pending=12
[8200] inventory completed=84 pending=11
[8200] inventory completed=85 pending=10
[8200] inventory completed=86 pending=9
[8200] inventory completed=87 pending=8
[8200] inventory completed=88 pending=7
[8200] inventory completed=89 pending=6
[8200] inventory completed=90 pending=5
[8200] inventory completed=91 pending=4
[8200] inventory completed=92 pending=3
[8200] inventory completed=93 pending=2
[8200] inventory completed=94 pending=1
[8200] inventory completed=95 pending=0
[8200] preconditions_after completed=1 pending=0
[exp8132] subprocess_before_worktree_imports completed=0 pending=8
[exp8132] subprocess_after_worktree_imports completed=1 pending=7
[exp8132] subprocess_before_focused_pytest completed=1 pending=7
[exp8132] waiting_focused_pytest completed=1 pending=7
[exp8132] waiting_focused_pytest completed=1 pending=7
[exp8132] waiting_focused_pytest completed=1 pending=7
[exp8132] waiting_focused_pytest completed=1 pending=7
[exp8132] subprocess_after_focused_pytest completed=2 pending=6
[exp8132] subprocess_before_changed_module_coverage completed=2 pending=6
[exp8132] waiting_changed_module_coverage completed=2 pending=6
[exp8132] waiting_changed_module_coverage completed=2 pending=6
[exp8132] waiting_changed_module_coverage completed=2 pending=6
[exp8132] waiting_changed_module_coverage completed=2 pending=6
