[setup] dev=cuda:0 digits=3 steps=12000 dim=768 layers=4 beam=8
[data] train=40000 eval=4000 blocks=(10612, 49)
[train] step=200 ebt_loss=-4.995 ar_loss=1.7089
[train] step=400 ebt_loss=-4.989 ar_loss=1.6729
[train] step=600 ebt_loss=-4.997 ar_loss=1.6249
[train] step=800 ebt_loss=-4.998 ar_loss=1.6085
[train] step=1000 ebt_loss=-5.000 ar_loss=1.6000
[train] step=1200 ebt_loss=-4.999 ar_loss=1.5833
[train] step=1400 ebt_loss=-5.000 ar_loss=1.5597
[train] step=1600 ebt_loss=-4.998 ar_loss=1.5761
[train] step=1800 ebt_loss=-4.988 ar_loss=1.5736
[train] step=2000 ebt_loss=-5.000 ar_loss=1.5595
[train] step=2200 ebt_loss=-4.993 ar_loss=1.5894
[train] step=2400 ebt_loss=-4.999 ar_loss=1.5775
[train] step=2600 ebt_loss=-4.998 ar_loss=1.5603
[train] step=2800 ebt_loss=-4.998 ar_loss=1.5504
[train] step=3000 ebt_loss=-4.998 ar_loss=1.5692
[train] step=3200 ebt_loss=-4.993 ar_loss=1.5646
[train] step=3400 ebt_loss=-5.000 ar_loss=1.5498
[train] step=3600 ebt_loss=-4.996 ar_loss=1.5602
[train] step=3800 ebt_loss=-4.999 ar_loss=1.5857
[train] step=4000 ebt_loss=-5.000 ar_loss=1.5568
[train] step=4200 ebt_loss=-5.000 ar_loss=1.5631
[train] step=4400 ebt_loss=-5.000 ar_loss=1.5616
[train] step=4600 ebt_loss=-5.000 ar_loss=1.5753
[train] step=4800 ebt_loss=-5.000 ar_loss=1.5752
[train] step=5000 ebt_loss=-5.000 ar_loss=1.5639
[train] step=5200 ebt_loss=-4.997 ar_loss=1.5581
[train] step=5400 ebt_loss=-5.000 ar_loss=1.5562
[train] step=5600 ebt_loss=-5.000 ar_loss=1.5682
[train] step=5800 ebt_loss=-5.000 ar_loss=1.5765
[train] step=6000 ebt_loss=-5.000 ar_loss=1.5821
[train] step=6200 ebt_loss=-4.995 ar_loss=1.5691
[train] step=6400 ebt_loss=-5.000 ar_loss=1.5648
[train] step=6600 ebt_loss=-4.999 ar_loss=1.5556
[train] step=6800 ebt_loss=-4.999 ar_loss=1.5786
[train] step=7000 ebt_loss=-4.998 ar_loss=1.5611
[train] step=7200 ebt_loss=-4.992 ar_loss=1.5917
[train] step=7400 ebt_loss=-4.999 ar_loss=1.5688
[train] step=7600 ebt_loss=-4.995 ar_loss=1.5811
[train] step=7800 ebt_loss=-4.999 ar_loss=1.5878
[train] step=8000 ebt_loss=-5.000 ar_loss=1.5853
[train] step=8200 ebt_loss=-5.000 ar_loss=1.5779
[train] step=8400 ebt_loss=-5.000 ar_loss=1.6214
[train] step=8600 ebt_loss=-5.000 ar_loss=1.5819
[train] step=8800 ebt_loss=-5.000 ar_loss=1.6243
[train] step=9000 ebt_loss=-5.000 ar_loss=1.5846
[train] step=9200 ebt_loss=-5.000 ar_loss=1.5901
[train] step=9400 ebt_loss=-5.000 ar_loss=1.5755
[train] step=9600 ebt_loss=-4.998 ar_loss=1.6210
[train] step=9800 ebt_loss=-5.000 ar_loss=1.5793
[train] step=10000 ebt_loss=-4.998 ar_loss=1.5940
[train] step=10200 ebt_loss=-4.999 ar_loss=1.5845
[train] step=10400 ebt_loss=-5.000 ar_loss=1.6279
[train] step=10600 ebt_loss=-5.000 ar_loss=1.5932
[train] step=10800 ebt_loss=-4.999 ar_loss=1.6145
[train] step=11000 ebt_loss=-5.000 ar_loss=1.5979
[train] step=11200 ebt_loss=-4.999 ar_loss=1.6130
[train] step=11400 ebt_loss=-5.000 ar_loss=1.5964
[train] step=11600 ebt_loss=-5.000 ar_loss=1.5797
[train] step=11800 ebt_loss=-5.000 ar_loss=1.6203
[train] step=12000 ebt_loss=-5.000 ar_loss=1.5836
[train] done nan=False
[decoder] step=200 ce=3.316
[decoder] step=400 ce=2.694
[decoder] step=600 ce=2.698
[decoder] step=800 ce=2.753
[decoder] step=1000 ce=2.651
[decoder] step=1200 ce=2.908
[decoder] step=1400 ce=2.588
[ckpt] saved trained models to /home/ianblenke/github.com/ianblenke/carnot/results/thesis_a_p1_v2_trained.pt
[eval] 20/100 ar1=0.000 arV=0.000 argmin=0.000 descent=0.000 beam=0.000
[eval] 40/100 ar1=0.000 arV=0.000 argmin=0.000 descent=0.000 beam=0.000
[eval] 60/100 ar1=0.000 arV=0.000 argmin=0.000 descent=0.000 beam=0.000
[eval] 80/100 ar1=0.000 arV=0.013 argmin=0.000 descent=0.000 beam=0.000
[eval] 100/100 ar1=0.010 arV=0.010 argmin=0.000 descent=0.000 beam=0.000

complete: thesis_a_p1_v2_INCONCLUSIVE_positive_control_failed_ar_best_0.010_below_0.3_cannot_adjudicate_artifact_vs_fundamental_rerun_with_stronger_ar
[done] ar1=0.010 arV=0.010 argmin=0.000 descent=0.000 beam=0.000 dur=5155.05s
[samples] [{"prompt": "316+575=", "true": "0891", "ar1": "0906", "ebt_argmin": "7777", "ebt_descent": "0013", "ebt_beam": "9777"}, {"prompt": "334+844=", "true": "1178", "ar1": "1200", "ebt_argmin": "7700", "ebt_descent": "3093", "ebt_beam": "7700"}, {"prompt": "661+890=", "true": "1551", "ar1": "1500", "ebt_argmin": "7770", "ebt_descent": "0010", "ebt_beam": "777"}, {"prompt": "322+489=", "true": "0811", "ar1": "0880", "ebt_argmin": "7788", "ebt_descent": "0035", "ebt_beam": "7788"}, {"prompt": "488+613=", "true": "1101", "ar1": "1060", "ebt_argmin": "7777", "ebt_descent": "0016", "ebt_beam": "7777"}]
