[harness] train_meta: ids=876406 vocab=12 seq=900; eval sets=['all']
TinyRecursiveReasoningModel_ACTV1(
  (inner): TinyRecursiveReasoningModel_ACTV1_Inner(
    (embed_tokens): CastedEmbedding()
    (lm_head): CastedLinear()
    (q_head): CastedLinear()
    (puzzle_emb): CastedSparseEmbedding()
    (rotary_emb): RotaryEmbedding()
    (L_level): TinyRecursiveReasoningModel_ACTV1ReasoningModule(
      (layers): ModuleList(
        (0-1): 2 x TinyRecursiveReasoningModel_ACTV1Block(
          (self_attn): Attention(
            (qkv_proj): CastedLinear()
            (o_proj): CastedLinear()
          )
          (mlp): SwiGLU(
            (gate_up_proj): CastedLinear()
            (down_proj): CastedLinear()
          )
        )
      )
    )
  )
)
Loading checkpoint /home/ianblenke/.cache/huggingface/hub/models--arcprize--trm_arc_prize_verification/snapshots/55ced5dd59de74c52f53d47aa2898232b5a15b7a/arc_v1_public/step_518071
[harness] CAPPED eval to 400 batches (INDICATIVE partial-vote pass@K)
Processing batch 1: all
  Completed inference in 16 steps
Processing batch 2: all
  Completed inference in 16 steps
Processing batch 3: all
  Completed inference in 16 steps
Processing batch 4: all
  Completed inference in 16 steps
Processing batch 5: all
  Completed inference in 16 steps
Processing batch 6: all
  Completed inference in 16 steps
Processing batch 7: all
  Completed inference in 16 steps
Processing batch 8: all
  Completed inference in 16 steps
Processing batch 9: all
  Completed inference in 16 steps
Processing batch 10: all
  Completed inference in 16 steps
Processing batch 11: all
  Completed inference in 16 steps
Processing batch 12: all
  Completed inference in 16 steps
Processing batch 13: all
  Completed inference in 16 steps
Processing batch 14: all
  Completed inference in 16 steps
Processing batch 15: all
  Completed inference in 16 steps
Processing batch 16: all
  Completed inference in 16 steps
Processing batch 17: all
  Completed inference in 16 steps
Processing batch 18: all
  Completed inference in 16 steps
Processing batch 19: all
  Completed inference in 16 steps
Processing batch 20: all
  Completed inference in 16 steps
Processing batch 21: all
  Completed inference in 16 steps
Processing batch 22: all
  Completed inference in 16 steps
Processing batch 23: all
  Completed inference in 16 steps
Processing batch 24: all
  Completed inference in 16 steps
Processing batch 25: all
  Completed inference in 16 steps
Processing batch 26: all
  Completed inference in 16 steps
Processing batch 27: all
  Completed inference in 16 steps
Processing batch 28: all
  Completed inference in 16 steps
Processing batch 29: all
  Completed inference in 16 steps
Processing batch 30: all
  Completed inference in 16 steps
Processing batch 31: all
  Completed inference in 16 steps
Processing batch 32: all
  Completed inference in 16 steps
Processing batch 33: all
  Completed inference in 16 steps
Processing batch 34: all
  Completed inference in 16 steps
Processing batch 35: all
  Completed inference in 16 steps
Processing batch 36: all
  Completed inference in 16 steps
Processing batch 37: all
  Completed inference in 16 steps
Processing batch 38: all
  Completed inference in 16 steps
Processing batch 39: all
  Completed inference in 16 steps
Processing batch 40: all
  Completed inference in 16 steps
Processing batch 41: all
  Completed inference in 16 steps
Processing batch 42: all
  Completed inference in 16 steps
Processing batch 43: all
  Completed inference in 16 steps
Processing batch 44: all
  Completed inference in 16 steps
Processing batch 45: all
  Completed inference in 16 steps
Processing batch 46: all
  Completed inference in 16 steps
Processing batch 47: all
  Completed inference in 16 steps
Processing batch 48: all
  Completed inference in 16 steps
Processing batch 49: all
  Completed inference in 16 steps
Processing batch 50: all
  Completed inference in 16 steps
Processing batch 51: all
  Completed inference in 16 steps
Processing batch 52: all
  Completed inference in 16 steps
Processing batch 53: all
  Completed inference in 16 steps
Processing batch 54: all
  Completed inference in 16 steps
Processing batch 55: all
  Completed inference in 16 steps
Processing batch 56: all
  Completed inference in 16 steps
Processing batch 57: all
  Completed inference in 16 steps
Processing batch 58: all
  Completed inference in 16 steps
Processing batch 59: all
  Completed inference in 16 steps
Processing batch 60: all
  Completed inference in 16 steps
Processing batch 61: all
  Completed inference in 16 steps
Processing batch 62: all
  Completed inference in 16 steps
Processing batch 63: all
  Completed inference in 16 steps
Processing batch 64: all
  Completed inference in 16 steps
Processing batch 65: all
  Completed inference in 16 steps
Processing batch 66: all
  Completed inference in 16 steps
Processing batch 67: all
  Completed inference in 16 steps
Processing batch 68: all
  Completed inference in 16 steps
Processing batch 69: all
  Completed inference in 16 steps
Processing batch 70: all
  Completed inference in 16 steps
Processing batch 71: all
  Completed inference in 16 steps
Processing batch 72: all
  Completed inference in 16 steps
Processing batch 73: all
  Completed inference in 16 steps
Processing batch 74: all
  Completed inference in 16 steps
Processing batch 75: all
  Completed inference in 16 steps
Processing batch 76: all
  Completed inference in 16 steps
Processing batch 77: all
  Completed inference in 16 steps
Processing batch 78: all
  Completed inference in 16 steps
Processing batch 79: all
  Completed inference in 16 steps
Processing batch 80: all
  Completed inference in 16 steps
Processing batch 81: all
  Completed inference in 16 steps
Processing batch 82: all
  Completed inference in 16 steps
Processing batch 83: all
  Completed inference in 16 steps
Processing batch 84: all
  Completed inference in 16 steps
Processing batch 85: all
  Completed inference in 16 steps
Processing batch 86: all
  Completed inference in 16 steps
Processing batch 87: all
  Completed inference in 16 steps
Processing batch 88: all
  Completed inference in 16 steps
Processing batch 89: all
  Completed inference in 16 steps
Processing batch 90: all
  Completed inference in 16 steps
Processing batch 91: all
  Completed inference in 16 steps
Processing batch 92: all
  Completed inference in 16 steps
Processing batch 93: all
  Completed inference in 16 steps
Processing batch 94: all
  Completed inference in 16 steps
Processing batch 95: all
  Completed inference in 16 steps
Processing batch 96: all
  Completed inference in 16 steps
Processing batch 97: all
  Completed inference in 16 steps
Processing batch 98: all
  Completed inference in 16 steps
Processing batch 99: all
  Completed inference in 16 steps
Processing batch 100: all
  Completed inference in 16 steps
Processing batch 101: all
  Completed inference in 16 steps
Processing batch 102: all
  Completed inference in 16 steps
Processing batch 103: all
  Completed inference in 16 steps
Processing batch 104: all
  Completed inference in 16 steps
Processing batch 105: all
  Completed inference in 16 steps
Processing batch 106: all
  Completed inference in 16 steps
Processing batch 107: all
  Completed inference in 16 steps
Processing batch 108: all
  Completed inference in 16 steps
Processing batch 109: all
  Completed inference in 16 steps
Processing batch 110: all
  Completed inference in 16 steps
Processing batch 111: all
  Completed inference in 16 steps
Processing batch 112: all
  Completed inference in 16 steps
Processing batch 113: all
  Completed inference in 16 steps
Processing batch 114: all
  Completed inference in 16 steps
Processing batch 115: all
  Completed inference in 16 steps
Processing batch 116: all
/usr/lib/python3.14/multiprocessing/resource_tracker.py:475: UserWarning: resource_tracker: There appear to be 12 leaked semaphore objects to clean up at shutdown: {'/mp-jcrl53ea', '/mp-74a_p9go', '/mp-96ul8xao', '/mp-7erbqyve', '/mp-0lywht37', '/mp-oran2_us', '/mp-8htec9x1', '/mp-mjmny8qe', '/mp-ke_yx41v', '/mp-8xokr8fv', '/mp-o6g9nxuu', '/mp-e1c1mt_t'}
  warnings.warn(
