[harness] train_meta: ids=876406 vocab=12 seq=900; eval sets=['all']
TinyRecursiveReasoningModel_ACTV1(
  (inner): TinyRecursiveReasoningModel_ACTV1_Inner(
    (embed_tokens): CastedEmbedding()
    (lm_head): CastedLinear()
    (q_head): CastedLinear()
    (puzzle_emb): CastedSparseEmbedding()
    (rotary_emb): RotaryEmbedding()
    (L_level): TinyRecursiveReasoningModel_ACTV1ReasoningModule(
      (layers): ModuleList(
        (0-1): 2 x TinyRecursiveReasoningModel_ACTV1Block(
          (self_attn): Attention(
            (qkv_proj): CastedLinear()
            (o_proj): CastedLinear()
          )
          (mlp): SwiGLU(
            (gate_up_proj): CastedLinear()
            (down_proj): CastedLinear()
          )
        )
      )
    )
  )
)
Loading checkpoint /home/ianblenke/.cache/huggingface/hub/models--arcprize--trm_arc_prize_verification/snapshots/55ced5dd59de74c52f53d47aa2898232b5a15b7a/arc_v1_public/step_518071
Processing batch 1: all
In file included from /usr/include/python3.14/Python.h:14,
                 from /tmp/tmpkxjos3f1/cuda_utils.c:7:
/usr/include/python3.14/pyconfig.h:2007:9: warning: ‘_POSIX_C_SOURCE’ redefined
 2007 | #define _POSIX_C_SOURCE 200809L
      |         ^~~~~~~~~~~~~~~
In file included from /usr/include/bits/libc-header-start.h:33,
                 from /usr/include/stdlib.h:26,
                 from /home/ianblenke/github.com/ianblenke/carnot/.venv/lib/python3.14/site-packages/triton/backends/nvidia/include/cuda.h:56,
                 from /tmp/tmpkxjos3f1/cuda_utils.c:1:
/usr/include/features.h:319:10: note: this is the location of the previous definition
  319 | # define _POSIX_C_SOURCE        202405L
      |          ^~~~~~~~~~~~~~~
  Completed inference in 16 steps
Processing batch 2: all
  Completed inference in 16 steps
Processing batch 3: all
  Completed inference in 16 steps
Processing batch 4: all
  Completed inference in 16 steps
Processing batch 5: all
  Completed inference in 16 steps
Processing batch 6: all
  Completed inference in 16 steps
Processing batch 7: all
  Completed inference in 16 steps
Processing batch 8: all
  Completed inference in 16 steps
Processing batch 9: all
  Completed inference in 16 steps
Processing batch 10: all
  Completed inference in 16 steps
Processing batch 11: all
  Completed inference in 16 steps
Processing batch 12: all
  Completed inference in 16 steps
Processing batch 13: all
  Completed inference in 16 steps
Processing batch 14: all
  Completed inference in 16 steps
Processing batch 15: all
  Completed inference in 16 steps
Processing batch 16: all
  Completed inference in 16 steps
Processing batch 17: all
  Completed inference in 16 steps
Processing batch 18: all
  Completed inference in 16 steps
Processing batch 19: all
  Completed inference in 16 steps
Processing batch 20: all
  Completed inference in 16 steps
Processing batch 21: all
  Completed inference in 16 steps
Processing batch 22: all
  Completed inference in 16 steps
Processing batch 23: all
  Completed inference in 16 steps
Processing batch 24: all
  Completed inference in 16 steps
Processing batch 25: all
  Completed inference in 16 steps
Processing batch 26: all
  Completed inference in 16 steps
Processing batch 27: all
  Completed inference in 16 steps
Processing batch 28: all
  Completed inference in 16 steps
Processing batch 29: all
  Completed inference in 16 steps
Processing batch 30: all
  Completed inference in 16 steps
Processing batch 31: all
  Completed inference in 16 steps
Processing batch 32: all
  Completed inference in 16 steps
Processing batch 33: all
  Completed inference in 16 steps
Processing batch 34: all
  Completed inference in 16 steps
Processing batch 35: all
  Completed inference in 16 steps
Processing batch 36: all
  Completed inference in 16 steps
Processing batch 37: all
  Completed inference in 16 steps
Processing batch 38: all
  Completed inference in 16 steps
Processing batch 39: all
  Completed inference in 16 steps
Processing batch 40: all
  Completed inference in 16 steps
Processing batch 41: all
  Completed inference in 16 steps
Processing batch 42: all
  Completed inference in 16 steps
Processing batch 43: all
  Completed inference in 16 steps
Processing batch 44: all
  Completed inference in 16 steps
Processing batch 45: all
  Completed inference in 16 steps
Processing batch 46: all
  Completed inference in 16 steps
Processing batch 47: all
  Completed inference in 16 steps
Processing batch 48: all
  Completed inference in 16 steps
Processing batch 49: all
  Completed inference in 16 steps
Processing batch 50: all
  Completed inference in 16 steps
Processing batch 51: all
  Completed inference in 16 steps
Processing batch 52: all
  Completed inference in 16 steps
Processing batch 53: all
  Completed inference in 16 steps
Processing batch 54: all
  Completed inference in 16 steps
Processing batch 55: all
  Completed inference in 16 steps
Processing batch 56: all
  Completed inference in 16 steps
Processing batch 57: all
  Completed inference in 16 steps
Processing batch 58: all
  Completed inference in 16 steps
Processing batch 59: all
  Completed inference in 16 steps
Processing batch 60: all
  Completed inference in 16 steps
Processing batch 61: all
  Completed inference in 16 steps
Processing batch 62: all
  Completed inference in 16 steps
Processing batch 63: all
  Completed inference in 16 steps
Processing batch 64: all
  Completed inference in 16 steps
Processing batch 65: all
  Completed inference in 16 steps
Processing batch 66: all
  Completed inference in 16 steps
Processing batch 67: all
  Completed inference in 16 steps
Processing batch 68: all
  Completed inference in 16 steps
Processing batch 69: all
  Completed inference in 16 steps
Processing batch 70: all
  Completed inference in 16 steps
Processing batch 71: all
  Completed inference in 16 steps
Processing batch 72: all
  Completed inference in 16 steps
Processing batch 73: all
  Completed inference in 16 steps
Processing batch 74: all
  Completed inference in 16 steps
Processing batch 75: all
  Completed inference in 16 steps
Processing batch 76: all
  Completed inference in 16 steps
Processing batch 77: all
  Completed inference in 16 steps
Processing batch 78: all
  Completed inference in 16 steps
Processing batch 79: all
  Completed inference in 16 steps
Processing batch 80: all
  Completed inference in 16 steps
Processing batch 81: all
  Completed inference in 16 steps
Processing batch 82: all
  Completed inference in 16 steps
Processing batch 83: all
  Completed inference in 16 steps
Processing batch 84: all
  Completed inference in 16 steps
Processing batch 85: all
  Completed inference in 16 steps
Processing batch 86: all
  Completed inference in 16 steps
Processing batch 87: all
  Completed inference in 16 steps
Processing batch 88: all
  Completed inference in 16 steps
Processing batch 89: all
  Completed inference in 16 steps
Processing batch 90: all
  Completed inference in 16 steps
Processing batch 91: all
  Completed inference in 16 steps
Processing batch 92: all
  Completed inference in 16 steps
Processing batch 93: all
  Completed inference in 16 steps
Processing batch 94: all
  Completed inference in 16 steps
Processing batch 95: all
  Completed inference in 16 steps
Processing batch 96: all
  Completed inference in 16 steps
Processing batch 97: all
  Completed inference in 16 steps
Processing batch 98: all
  Completed inference in 16 steps
Processing batch 99: all
  Completed inference in 16 steps
Processing batch 100: all
  Completed inference in 16 steps
Processing batch 101: all
  Completed inference in 16 steps
Processing batch 102: all
  Completed inference in 16 steps
Processing batch 103: all
  Completed inference in 16 steps
Processing batch 104: all
  Completed inference in 16 steps
Processing batch 105: all
  Completed inference in 16 steps
Processing batch 106: all
  Completed inference in 16 steps
Processing batch 107: all
  Completed inference in 16 steps
Processing batch 108: all
  Completed inference in 16 steps
Processing batch 109: all
  Completed inference in 16 steps
Processing batch 110: all
  Completed inference in 16 steps
Processing batch 111: all
  Completed inference in 16 steps
Processing batch 112: all
  Completed inference in 16 steps
Processing batch 113: all
  Completed inference in 16 steps
Processing batch 114: all
  Completed inference in 16 steps
Processing batch 115: all
  Completed inference in 16 steps
Processing batch 116: all
  Completed inference in 16 steps
Processing batch 117: all
  Completed inference in 16 steps
Processing batch 118: all
  Completed inference in 16 steps
Processing batch 119: all
  Completed inference in 16 steps
Processing batch 120: all
  Completed inference in 16 steps
Processing batch 121: all
  Completed inference in 16 steps
Processing batch 122: all
  Completed inference in 16 steps
Processing batch 123: all
  Completed inference in 16 steps
Processing batch 124: all
  Completed inference in 16 steps
Processing batch 125: all
  Completed inference in 16 steps
Processing batch 126: all
  Completed inference in 16 steps
Processing batch 127: all
  Completed inference in 16 steps
Processing batch 128: all
  Completed inference in 16 steps
Processing batch 129: all
  Completed inference in 16 steps
Processing batch 130: all
  Completed inference in 16 steps
Processing batch 131: all
  Completed inference in 16 steps
Processing batch 132: all
  Completed inference in 16 steps
Processing batch 133: all
  Completed inference in 16 steps
Processing batch 134: all
  Completed inference in 16 steps
Processing batch 135: all
  Completed inference in 16 steps
Processing batch 136: all
  Completed inference in 16 steps
Processing batch 137: all
  Completed inference in 16 steps
Processing batch 138: all
  Completed inference in 16 steps
Processing batch 139: all
  Completed inference in 16 steps
Processing batch 140: all
  Completed inference in 16 steps
Processing batch 141: all
  Completed inference in 16 steps
Processing batch 142: all
  Completed inference in 16 steps
Processing batch 143: all
  Completed inference in 16 steps
Processing batch 144: all
  Completed inference in 16 steps
Processing batch 145: all
  Completed inference in 16 steps
Processing batch 146: all
  Completed inference in 16 steps
Processing batch 147: all
  Completed inference in 16 steps
Processing batch 148: all
  Completed inference in 16 steps
Processing batch 149: all
  Completed inference in 16 steps
Processing batch 150: all
  Completed inference in 16 steps
Processing batch 151: all
  Completed inference in 16 steps
Processing batch 152: all
  Completed inference in 16 steps
Processing batch 153: all
  Completed inference in 16 steps
Processing batch 154: all
  Completed inference in 16 steps
Processing batch 155: all
  Completed inference in 16 steps
Processing batch 156: all
  Completed inference in 16 steps
Processing batch 157: all
  Completed inference in 16 steps
Processing batch 158: all
  Completed inference in 16 steps
Processing batch 159: all
  Completed inference in 16 steps
Processing batch 160: all
  Completed inference in 16 steps
Processing batch 161: all
  Completed inference in 16 steps
Processing batch 162: all
  Completed inference in 16 steps
Processing batch 163: all
  Completed inference in 16 steps
Processing batch 164: all
  Completed inference in 16 steps
Processing batch 165: all
  Completed inference in 16 steps
Processing batch 166: all
  Completed inference in 16 steps
Processing batch 167: all
  Completed inference in 16 steps
Processing batch 168: all
  Completed inference in 16 steps
Processing batch 169: all
  Completed inference in 16 steps
Processing batch 170: all
  Completed inference in 16 steps
Processing batch 171: all
  Completed inference in 16 steps
Processing batch 172: all
  Completed inference in 16 steps
Processing batch 173: all
  Completed inference in 16 steps
Processing batch 174: all
  Completed inference in 16 steps
Processing batch 175: all
  Completed inference in 16 steps
Processing batch 176: all
  Completed inference in 16 steps
Processing batch 177: all
  Completed inference in 16 steps
Processing batch 178: all
  Completed inference in 16 steps
Processing batch 179: all
  Completed inference in 16 steps
Processing batch 180: all
  Completed inference in 16 steps
Processing batch 181: all
  Completed inference in 16 steps
Processing batch 182: all
  Completed inference in 16 steps
Processing batch 183: all
  Completed inference in 16 steps
Processing batch 184: all
  Completed inference in 16 steps
Processing batch 185: all
  Completed inference in 16 steps
Processing batch 186: all
  Completed inference in 16 steps
Processing batch 187: all
  Completed inference in 16 steps
Processing batch 188: all
  Completed inference in 16 steps
Processing batch 189: all
  Completed inference in 16 steps
Processing batch 190: all
  Completed inference in 16 steps
Processing batch 191: all
  Completed inference in 16 steps
Processing batch 192: all
  Completed inference in 16 steps
Processing batch 193: all
  Completed inference in 16 steps
Processing batch 194: all
  Completed inference in 16 steps
Processing batch 195: all
  Completed inference in 16 steps
Processing batch 196: all
  Completed inference in 16 steps
Processing batch 197: all
  Completed inference in 16 steps
Processing batch 198: all
  Completed inference in 16 steps
Processing batch 199: all
  Completed inference in 16 steps
Processing batch 200: all
  Completed inference in 16 steps
Processing batch 201: all
  Completed inference in 16 steps
Processing batch 202: all
  Completed inference in 16 steps
Processing batch 203: all
  Completed inference in 16 steps
Processing batch 204: all
  Completed inference in 16 steps
Processing batch 205: all
  Completed inference in 16 steps
Processing batch 206: all
  Completed inference in 16 steps
Processing batch 207: all
  Completed inference in 16 steps
Processing batch 208: all
  Completed inference in 16 steps
Processing batch 209: all
  Completed inference in 16 steps
Processing batch 210: all
  Completed inference in 16 steps
Processing batch 211: all
  Completed inference in 16 steps
Processing batch 212: all
  Completed inference in 16 steps
Processing batch 213: all
  Completed inference in 16 steps
Processing batch 214: all
  Completed inference in 16 steps
Processing batch 215: all
  Completed inference in 16 steps
Processing batch 216: all
  Completed inference in 16 steps
Processing batch 217: all
  Completed inference in 16 steps
Processing batch 218: all
  Completed inference in 16 steps
Processing batch 219: all
  Completed inference in 16 steps
Processing batch 220: all
  Completed inference in 16 steps
Processing batch 221: all
  Completed inference in 16 steps
Processing batch 222: all
  Completed inference in 16 steps
Processing batch 223: all
  Completed inference in 16 steps
Processing batch 224: all
  Completed inference in 16 steps
Processing batch 225: all
  Completed inference in 16 steps
Processing batch 226: all
  Completed inference in 16 steps
Processing batch 227: all
  Completed inference in 16 steps
Processing batch 228: all
  Completed inference in 16 steps
Processing batch 229: all
  Completed inference in 16 steps
Processing batch 230: all
  Completed inference in 16 steps
Processing batch 231: all
  Completed inference in 16 steps
Processing batch 232: all
  Completed inference in 16 steps
Processing batch 233: all
  Completed inference in 16 steps
Processing batch 234: all
  Completed inference in 16 steps
Processing batch 235: all
  Completed inference in 16 steps
Processing batch 236: all
  Completed inference in 16 steps
Processing batch 237: all
  Completed inference in 16 steps
Processing batch 238: all
  Completed inference in 16 steps
Processing batch 239: all
  Completed inference in 16 steps
Processing batch 240: all
  Completed inference in 16 steps
Processing batch 241: all
  Completed inference in 16 steps
Processing batch 242: all
  Completed inference in 16 steps
Processing batch 243: all
  Completed inference in 16 steps
Processing batch 244: all
  Completed inference in 16 steps
Processing batch 245: all
  Completed inference in 16 steps
Processing batch 246: all
  Completed inference in 16 steps
Processing batch 247: all
  Completed inference in 16 steps
Processing batch 248: all
  Completed inference in 16 steps
Processing batch 249: all
  Completed inference in 16 steps
Processing batch 250: all
  Completed inference in 16 steps
Processing batch 251: all
  Completed inference in 16 steps
Processing batch 252: all
  Completed inference in 16 steps
Processing batch 253: all
  Completed inference in 16 steps
Processing batch 254: all
  Completed inference in 16 steps
Processing batch 255: all
  Completed inference in 16 steps
Processing batch 256: all
  Completed inference in 16 steps
Processing batch 257: all
  Completed inference in 16 steps
Processing batch 258: all
  Completed inference in 16 steps
Processing batch 259: all
  Completed inference in 16 steps
Processing batch 260: all
  Completed inference in 16 steps
Processing batch 261: all
  Completed inference in 16 steps
Processing batch 262: all
  Completed inference in 16 steps
Processing batch 263: all
  Completed inference in 16 steps
Processing batch 264: all
  Completed inference in 16 steps
Processing batch 265: all
  Completed inference in 16 steps
Processing batch 266: all
  Completed inference in 16 steps
Processing batch 267: all
  Completed inference in 16 steps
Processing batch 268: all
  Completed inference in 16 steps
Processing batch 269: all
  Completed inference in 16 steps
Processing batch 270: all
  Completed inference in 16 steps
Processing batch 271: all
  Completed inference in 16 steps
Processing batch 272: all
  Completed inference in 16 steps
Processing batch 273: all
  Completed inference in 16 steps
Processing batch 274: all
  Completed inference in 16 steps
Processing batch 275: all
  Completed inference in 16 steps
Processing batch 276: all
  Completed inference in 16 steps
Processing batch 277: all
  Completed inference in 16 steps
Processing batch 278: all
  Completed inference in 16 steps
Processing batch 279: all
  Completed inference in 16 steps
Processing batch 280: all
  Completed inference in 16 steps
Processing batch 281: all
  Completed inference in 16 steps
Processing batch 282: all
  Completed inference in 16 steps
Processing batch 283: all
  Completed inference in 16 steps
Processing batch 284: all
  Completed inference in 16 steps
Processing batch 285: all
  Completed inference in 16 steps
Processing batch 286: all
  Completed inference in 16 steps
Processing batch 287: all
  Completed inference in 16 steps
Processing batch 288: all
  Completed inference in 16 steps
Processing batch 289: all
  Completed inference in 16 steps
Processing batch 290: all
  Completed inference in 16 steps
Processing batch 291: all
  Completed inference in 16 steps
Processing batch 292: all
  Completed inference in 16 steps
Processing batch 293: all
  Completed inference in 16 steps
Processing batch 294: all
  Completed inference in 16 steps
Processing batch 295: all
  Completed inference in 16 steps
Processing batch 296: all
  Completed inference in 16 steps
Processing batch 297: all
  Completed inference in 16 steps
Processing batch 298: all
  Completed inference in 16 steps
Processing batch 299: all
  Completed inference in 16 steps
Processing batch 300: all
  Completed inference in 16 steps
Processing batch 301: all
  Completed inference in 16 steps
Processing batch 302: all
  Completed inference in 16 steps
Processing batch 303: all
  Completed inference in 16 steps
Processing batch 304: all
  Completed inference in 16 steps
Processing batch 305: all
  Completed inference in 16 steps
Processing batch 306: all
  Completed inference in 16 steps
Processing batch 307: all
  Completed inference in 16 steps
Processing batch 308: all
  Completed inference in 16 steps
Processing batch 309: all
  Completed inference in 16 steps
Processing batch 310: all
  Completed inference in 16 steps
Processing batch 311: all
  Completed inference in 16 steps
Processing batch 312: all
  Completed inference in 16 steps
Processing batch 313: all
  Completed inference in 16 steps
Processing batch 314: all
  Completed inference in 16 steps
Processing batch 315: all
  Completed inference in 16 steps
Processing batch 316: all
  Completed inference in 16 steps
Processing batch 317: all
  Completed inference in 16 steps
Processing batch 318: all
  Completed inference in 16 steps
Processing batch 319: all
  Completed inference in 16 steps
Processing batch 320: all
  Completed inference in 16 steps
Processing batch 321: all
  Completed inference in 16 steps
Processing batch 322: all
  Completed inference in 16 steps
Processing batch 323: all
W0608 17:16:42.639000 1096292 torch/distributed/elastic/agent/server/api.py:739] Received 15 death signal, shutting down workers
W0608 17:16:42.640000 1096292 torch/distributed/elastic/multiprocessing/api.py:1012] Sending process 1096328 closing signal SIGTERM
/usr/lib/python3.14/multiprocessing/resource_tracker.py:475: UserWarning: resource_tracker: There appear to be 12 leaked semaphore objects to clean up at shutdown: {'/mp-fm4mwv9x', '/mp-mejsu1cr', '/mp-aqvjkbsi', '/mp-4b1s7t01', '/mp-cf1oioau', '/mp-4zdtdsc1', '/mp-x1mnkxyh', '/mp-539201d3', '/mp-uhsq6os4', '/mp-r1223s8c', '/mp-my_0o0p8', '/mp-5lckgpjc'}
  warnings.warn(
Traceback (most recent call last):
  File "/home/ianblenke/github.com/ianblenke/carnot/.venv/bin/torchrun", line 6, in <module>
    sys.exit(main())
             ~~~~^^
  File "/home/ianblenke/github.com/ianblenke/carnot/.venv/lib/python3.14/site-packages/torch/distributed/elastic/multiprocessing/errors/__init__.py", line 362, in wrapper
    return f(*args, **kwargs)
  File "/home/ianblenke/github.com/ianblenke/carnot/.venv/lib/python3.14/site-packages/torch/distributed/run.py", line 990, in main
    run(args)
    ~~~^^^^^^
  File "/home/ianblenke/github.com/ianblenke/carnot/.venv/lib/python3.14/site-packages/torch/distributed/run.py", line 981, in run
    elastic_launch(
    ~~~~~~~~~~~~~~~
        config=config,
        ~~~~~~~~~~~~~~
        entrypoint=cmd,
        ~~~~~~~~~~~~~~~
    )(*cmd_args)
    ~^^^^^^^^^^^
  File "/home/ianblenke/github.com/ianblenke/carnot/.venv/lib/python3.14/site-packages/torch/distributed/launcher/api.py", line 170, in __call__
    return launch_agent(self._config, self._entrypoint, list(args))
  File "/home/ianblenke/github.com/ianblenke/carnot/.venv/lib/python3.14/site-packages/torch/distributed/launcher/api.py", line 308, in launch_agent
    result = agent.run()
  File "/home/ianblenke/github.com/ianblenke/carnot/.venv/lib/python3.14/site-packages/torch/distributed/elastic/metrics/api.py", line 134, in wrapper
    result = f(*args, **kwargs)
  File "/home/ianblenke/github.com/ianblenke/carnot/.venv/lib/python3.14/site-packages/torch/distributed/elastic/agent/server/api.py", line 731, in run
    result = self._invoke_run(role)
  File "/home/ianblenke/github.com/ianblenke/carnot/.venv/lib/python3.14/site-packages/torch/distributed/elastic/agent/server/api.py", line 908, in _invoke_run
    time.sleep(monitor_interval)
    ~~~~~~~~~~^^^^^^^^^^^^^^^^^^
  File "/home/ianblenke/github.com/ianblenke/carnot/.venv/lib/python3.14/site-packages/torch/distributed/elastic/multiprocessing/api.py", line 86, in _terminate_process_handler
    raise SignalException(f"Process {os.getpid()} got signal: {sigval}", sigval=sigval)
torch.distributed.elastic.multiprocessing.api.SignalException: Process 1096292 got signal: 15
