[exp8333] phase=start completed=0 pending=0
[exp8333] phase=preconditions_before completed=0 pending=0
[exp8306] phase=authenticated_input completed=3 pending=0
[exp8306] phase=authenticated_input completed=6 pending=0
[exp8306] phase=authenticated_input completed=9 pending=0
[exp8205] phase=before_subprocess_adversarial completed=0 pending=1
[exp8205] phase=after_subprocess_adversarial completed=1 pending=0
[exp8333] phase=preconditions_after completed=0 pending=0
[exp8333] phase=before_correctness_benchmark completed=0 pending=0
[exp8306] phase=events completed=24 pending=48
[exp8306] phase=events completed=48 pending=24
[exp8306] phase=events completed=72 pending=0
[exp8306] phase=events completed=24 pending=48
[exp8306] phase=events completed=48 pending=24
[exp8306] phase=events completed=72 pending=0
[exp8306] phase=events completed=24 pending=48
[exp8306] phase=events completed=48 pending=24
[exp8306] phase=events completed=72 pending=0
[exp8333] phase=correctness completed=1 pending=47
[exp8306] phase=events completed=24 pending=48
[exp8306] phase=events completed=48 pending=24
[exp8306] phase=events completed=72 pending=0
[exp8306] phase=events completed=24 pending=48
[exp8306] phase=events completed=48 pending=24
[exp8306] phase=events completed=72 pending=0
[exp8306] phase=events completed=24 pending=48
[exp8306] phase=events completed=48 pending=24
[exp8306] phase=events completed=72 pending=0
[exp8333] phase=correctness completed=2 pending=46
[exp8306] phase=events completed=24 pending=48
[exp8306] phase=events completed=48 pending=24
[exp8306] phase=events completed=72 pending=0
[exp8306] phase=events completed=24 pending=48
[exp8306] phase=events completed=48 pending=24
[exp8306] phase=events completed=72 pending=0
[exp8306] phase=events completed=24 pending=48
[exp8306] phase=events completed=48 pending=24
[exp8306] phase=events completed=72 pending=0
[exp8333] phase=correctness completed=3 pending=45
[exp8306] phase=events completed=24 pending=48
[exp8306] phase=events completed=48 pending=24
[exp8306] phase=events completed=72 pending=0
[exp8306] phase=events completed=24 pending=48
[exp8306] phase=events completed=48 pending=24
[exp8306] phase=events completed=72 pending=0
[exp8306] phase=events completed=24 pending=48
[exp8306] phase=events completed=48 pending=24
[exp8306] phase=events completed=72 pending=0
[exp8333] phase=correctness completed=4 pending=44
[exp8306] phase=events completed=24 pending=48
[exp8306] phase=events completed=48 pending=24
[exp8306] phase=events completed=72 pending=0
[exp8306] phase=events completed=24 pending=48
[exp8306] phase=events completed=48 pending=24
[exp8306] phase=events completed=72 pending=0
[exp8306] phase=events completed=24 pending=48
[exp8306] phase=events completed=48 pending=24
[exp8306] phase=events completed=72 pending=0
[exp8333] phase=correctness completed=5 pending=43
[exp8306] phase=events completed=24 pending=48
[exp8306] phase=events completed=48 pending=24
[exp8306] phase=events completed=72 pending=0
[exp8306] phase=events completed=24 pending=48
[exp8306] phase=events completed=48 pending=24
[exp8306] phase=events completed=72 pending=0
[exp8306] phase=events completed=24 pending=48
[exp8306] phase=events completed=48 pending=24
[exp8306] phase=events completed=72 pending=0
[exp8333] phase=correctness completed=6 pending=42
[exp8306] phase=events completed=24 pending=48
[exp8306] phase=events completed=48 pending=24
[exp8306] phase=events completed=72 pending=0
[exp8306] phase=events completed=24 pending=48
[exp8306] phase=events completed=48 pending=24
[exp8306] phase=events completed=72 pending=0
[exp8306] phase=events completed=24 pending=48
[exp8306] phase=events completed=48 pending=24
[exp8306] phase=events completed=72 pending=0
[exp8333] phase=correctness completed=7 pending=41
[exp8306] phase=events completed=24 pending=48
[exp8306] phase=events completed=48 pending=24
[exp8306] phase=events completed=72 pending=0
[exp8306] phase=events completed=24 pending=48
[exp8306] phase=events completed=48 pending=24
[exp8306] phase=events completed=72 pending=0
[exp8306] phase=events completed=24 pending=48
[exp8306] phase=events completed=48 pending=24
[exp8306] phase=events completed=72 pending=0
[exp8333] phase=correctness completed=8 pending=40
[exp8306] phase=events completed=24 pending=48
[exp8306] phase=events completed=48 pending=24
[exp8306] phase=events completed=72 pending=0
[exp8306] phase=events completed=24 pending=48
[exp8306] phase=events completed=48 pending=24
[exp8306] phase=events completed=72 pending=0
[exp8306] phase=events completed=24 pending=48
[exp8306] phase=events completed=48 pending=24
[exp8306] phase=events completed=72 pending=0
[exp8333] phase=correctness completed=9 pending=39
[exp8306] phase=events completed=24 pending=48
[exp8306] phase=events completed=48 pending=24
[exp8306] phase=events completed=72 pending=0
[exp8306] phase=events completed=24 pending=48
[exp8306] phase=events completed=48 pending=24
[exp8306] phase=events completed=72 pending=0
[exp8306] phase=events completed=24 pending=48
[exp8306] phase=events completed=48 pending=24
[exp8306] phase=events completed=72 pending=0
[exp8333] phase=correctness completed=10 pending=38
[exp8306] phase=events completed=24 pending=48
[exp8306] phase=events completed=48 pending=24
[exp8306] phase=events completed=72 pending=0
[exp8306] phase=events completed=24 pending=48
[exp8306] phase=events completed=48 pending=24
[exp8306] phase=events completed=72 pending=0
[exp8306] phase=events completed=24 pending=48
[exp8306] phase=events completed=48 pending=24
[exp8306] phase=events completed=72 pending=0
[exp8333] phase=correctness completed=11 pending=37
[exp8306] phase=events completed=24 pending=48
[exp8306] phase=events completed=48 pending=24
[exp8306] phase=events completed=72 pending=0
[exp8306] phase=events completed=24 pending=48
[exp8306] phase=events completed=48 pending=24
[exp8306] phase=events completed=72 pending=0
[exp8306] phase=events completed=24 pending=48
[exp8306] phase=events completed=48 pending=24
[exp8306] phase=events completed=72 pending=0
[exp8333] phase=correctness completed=12 pending=36
[exp8306] phase=events completed=24 pending=48
[exp8306] phase=events completed=48 pending=24
[exp8306] phase=events completed=72 pending=0
[exp8306] phase=events completed=24 pending=48
[exp8306] phase=events completed=48 pending=24
[exp8306] phase=events completed=72 pending=0
[exp8306] phase=events completed=24 pending=48
[exp8306] phase=events completed=48 pending=24
[exp8306] phase=events completed=72 pending=0
[exp8333] phase=correctness completed=13 pending=35
[exp8306] phase=events completed=24 pending=48
[exp8306] phase=events completed=48 pending=24
[exp8306] phase=events completed=72 pending=0
[exp8306] phase=events completed=24 pending=48
[exp8306] phase=events completed=48 pending=24
[exp8306] phase=events completed=72 pending=0
[exp8306] phase=events completed=24 pending=48
[exp8306] phase=events completed=48 pending=24
[exp8306] phase=events completed=72 pending=0
[exp8333] phase=correctness completed=14 pending=34
[exp8306] phase=events completed=24 pending=48
[exp8306] phase=events completed=48 pending=24
[exp8306] phase=events completed=72 pending=0
[exp8306] phase=events completed=24 pending=48
[exp8306] phase=events completed=48 pending=24
[exp8306] phase=events completed=72 pending=0
[exp8306] phase=events completed=24 pending=48
[exp8306] phase=events completed=48 pending=24
[exp8306] phase=events completed=72 pending=0
[exp8333] phase=correctness completed=15 pending=33
[exp8306] phase=events completed=24 pending=48
[exp8306] phase=events completed=48 pending=24
[exp8306] phase=events completed=72 pending=0
[exp8306] phase=events completed=24 pending=48
[exp8306] phase=events completed=48 pending=24
[exp8306] phase=events completed=72 pending=0
[exp8306] phase=events completed=24 pending=48
[exp8306] phase=events completed=48 pending=24
[exp8306] phase=events completed=72 pending=0
[exp8333] phase=correctness completed=16 pending=32
[exp8306] phase=events completed=24 pending=48
[exp8306] phase=events completed=48 pending=24
[exp8306] phase=events completed=72 pending=0
[exp8306] phase=events completed=24 pending=48
[exp8306] phase=events completed=48 pending=24
[exp8306] phase=events completed=72 pending=0
[exp8306] phase=events completed=24 pending=48
[exp8306] phase=events completed=48 pending=24
[exp8306] phase=events completed=72 pending=0
[exp8333] phase=correctness completed=17 pending=31
[exp8306] phase=events completed=24 pending=48
[exp8306] phase=events completed=48 pending=24
[exp8306] phase=events completed=72 pending=0
[exp8306] phase=events completed=24 pending=48
[exp8306] phase=events completed=48 pending=24
[exp8306] phase=events completed=72 pending=0
[exp8306] phase=events completed=24 pending=48
[exp8306] phase=events completed=48 pending=24
[exp8306] phase=events completed=72 pending=0
[exp8333] phase=correctness completed=18 pending=30
[exp8306] phase=events completed=24 pending=48
[exp8306] phase=events completed=48 pending=24
[exp8306] phase=events completed=72 pending=0
[exp8306] phase=events completed=24 pending=48
[exp8306] phase=events completed=48 pending=24
[exp8306] phase=events completed=72 pending=0
[exp8306] phase=events completed=24 pending=48
[exp8306] phase=events completed=48 pending=24
[exp8306] phase=events completed=72 pending=0
[exp8333] phase=correctness completed=19 pending=29
[exp8306] phase=events completed=24 pending=48
[exp8306] phase=events completed=48 pending=24
[exp8306] phase=events completed=72 pending=0
[exp8306] phase=events completed=24 pending=48
[exp8306] phase=events completed=48 pending=24
[exp8306] phase=events completed=72 pending=0
[exp8306] phase=events completed=24 pending=48
[exp8306] phase=events completed=48 pending=24
[exp8306] phase=events completed=72 pending=0
[exp8333] phase=correctness completed=20 pending=28
[exp8306] phase=events completed=24 pending=48
[exp8306] phase=events completed=48 pending=24
[exp8306] phase=events completed=72 pending=0
[exp8306] phase=events completed=24 pending=48
[exp8306] phase=events completed=48 pending=24
[exp8306] phase=events completed=72 pending=0
[exp8306] phase=events completed=24 pending=48
[exp8306] phase=events completed=48 pending=24
[exp8306] phase=events completed=72 pending=0
[exp8333] phase=correctness completed=21 pending=27
[exp8306] phase=events completed=24 pending=48
[exp8306] phase=events completed=48 pending=24
[exp8306] phase=events completed=72 pending=0
[exp8306] phase=events completed=24 pending=48
[exp8306] phase=events completed=48 pending=24
[exp8306] phase=events completed=72 pending=0
[exp8306] phase=events completed=24 pending=48
[exp8306] phase=events completed=48 pending=24
[exp8306] phase=events completed=72 pending=0
[exp8333] phase=correctness completed=22 pending=26
[exp8306] phase=events completed=24 pending=48
[exp8306] phase=events completed=48 pending=24
[exp8306] phase=events completed=72 pending=0
[exp8306] phase=events completed=24 pending=48
[exp8306] phase=events completed=48 pending=24
[exp8306] phase=events completed=72 pending=0
[exp8306] phase=events completed=24 pending=48
[exp8306] phase=events completed=48 pending=24
[exp8306] phase=events completed=72 pending=0
[exp8333] phase=correctness completed=23 pending=25
[exp8306] phase=events completed=24 pending=48
[exp8306] phase=events completed=48 pending=24
[exp8306] phase=events completed=72 pending=0
[exp8306] phase=events completed=24 pending=48
[exp8306] phase=events completed=48 pending=24
[exp8306] phase=events completed=72 pending=0
[exp8306] phase=events completed=24 pending=48
[exp8306] phase=events completed=48 pending=24
[exp8306] phase=events completed=72 pending=0
[exp8333] phase=correctness completed=24 pending=24
[exp8306] phase=events completed=24 pending=48
[exp8306] phase=events completed=48 pending=24
[exp8306] phase=events completed=72 pending=0
[exp8306] phase=events completed=24 pending=48
[exp8306] phase=events completed=48 pending=24
[exp8306] phase=events completed=72 pending=0
[exp8306] phase=events completed=24 pending=48
[exp8306] phase=events completed=48 pending=24
[exp8306] phase=events completed=72 pending=0
[exp8333] phase=correctness completed=25 pending=23
[exp8306] phase=events completed=24 pending=48
[exp8306] phase=events completed=48 pending=24
[exp8306] phase=events completed=72 pending=0
[exp8306] phase=events completed=24 pending=48
[exp8306] phase=events completed=48 pending=24
[exp8306] phase=events completed=72 pending=0
[exp8306] phase=events completed=24 pending=48
[exp8306] phase=events completed=48 pending=24
[exp8306] phase=events completed=72 pending=0
[exp8333] phase=correctness completed=26 pending=22
[exp8306] phase=events completed=24 pending=48
[exp8306] phase=events completed=48 pending=24
[exp8306] phase=events completed=72 pending=0
[exp8306] phase=events completed=24 pending=48
[exp8306] phase=events completed=48 pending=24
[exp8306] phase=events completed=72 pending=0
[exp8306] phase=events completed=24 pending=48
[exp8306] phase=events completed=48 pending=24
[exp8306] phase=events completed=72 pending=0
[exp8333] phase=correctness completed=27 pending=21
[exp8306] phase=events completed=24 pending=48
[exp8306] phase=events completed=48 pending=24
[exp8306] phase=events completed=72 pending=0
[exp8306] phase=events completed=24 pending=48
[exp8306] phase=events completed=48 pending=24
[exp8306] phase=events completed=72 pending=0
[exp8306] phase=events completed=24 pending=48
[exp8306] phase=events completed=48 pending=24
[exp8306] phase=events completed=72 pending=0
[exp8333] phase=correctness completed=28 pending=20
[exp8306] phase=events completed=24 pending=48
[exp8306] phase=events completed=48 pending=24
[exp8306] phase=events completed=72 pending=0
[exp8306] phase=events completed=24 pending=48
[exp8306] phase=events completed=48 pending=24
[exp8306] phase=events completed=72 pending=0
[exp8306] phase=events completed=24 pending=48
[exp8306] phase=events completed=48 pending=24
[exp8306] phase=events completed=72 pending=0
[exp8333] phase=correctness completed=29 pending=19
[exp8306] phase=events completed=24 pending=48
[exp8306] phase=events completed=48 pending=24
[exp8306] phase=events completed=72 pending=0
[exp8306] phase=events completed=24 pending=48
[exp8306] phase=events completed=48 pending=24
[exp8306] phase=events completed=72 pending=0
[exp8306] phase=events completed=24 pending=48
[exp8306] phase=events completed=48 pending=24
[exp8306] phase=events completed=72 pending=0
[exp8333] phase=correctness completed=30 pending=18
[exp8306] phase=events completed=24 pending=48
[exp8306] phase=events completed=48 pending=24
[exp8306] phase=events completed=72 pending=0
[exp8306] phase=events completed=24 pending=48
[exp8306] phase=events completed=48 pending=24
[exp8306] phase=events completed=72 pending=0
[exp8306] phase=events completed=24 pending=48
[exp8306] phase=events completed=48 pending=24
[exp8306] phase=events completed=72 pending=0
[exp8333] phase=correctness completed=31 pending=17
[exp8306] phase=events completed=24 pending=48
[exp8306] phase=events completed=48 pending=24
[exp8306] phase=events completed=72 pending=0
[exp8306] phase=events completed=24 pending=48
[exp8306] phase=events completed=48 pending=24
[exp8306] phase=events completed=72 pending=0
[exp8306] phase=events completed=24 pending=48
[exp8306] phase=events completed=48 pending=24
[exp8306] phase=events completed=72 pending=0
[exp8333] phase=correctness completed=32 pending=16
[exp8306] phase=events completed=24 pending=48
[exp8306] phase=events completed=48 pending=24
[exp8306] phase=events completed=72 pending=0
[exp8306] phase=events completed=24 pending=48
[exp8306] phase=events completed=48 pending=24
[exp8306] phase=events completed=72 pending=0
[exp8306] phase=events completed=24 pending=48
[exp8306] phase=events completed=48 pending=24
[exp8306] phase=events completed=72 pending=0
[exp8333] phase=correctness completed=33 pending=15
[exp8306] phase=events completed=24 pending=48
[exp8306] phase=events completed=48 pending=24
[exp8306] phase=events completed=72 pending=0
[exp8306] phase=events completed=24 pending=48
[exp8306] phase=events completed=48 pending=24
[exp8306] phase=events completed=72 pending=0
[exp8306] phase=events completed=24 pending=48
[exp8306] phase=events completed=48 pending=24
[exp8306] phase=events completed=72 pending=0
[exp8333] phase=correctness completed=34 pending=14
[exp8306] phase=events completed=24 pending=48
[exp8306] phase=events completed=48 pending=24
[exp8306] phase=events completed=72 pending=0
[exp8306] phase=events completed=24 pending=48
[exp8306] phase=events completed=48 pending=24
[exp8306] phase=events completed=72 pending=0
[exp8306] phase=events completed=24 pending=48
[exp8306] phase=events completed=48 pending=24
[exp8306] phase=events completed=72 pending=0
[exp8333] phase=correctness completed=35 pending=13
[exp8306] phase=events completed=24 pending=48
[exp8306] phase=events completed=48 pending=24
[exp8306] phase=events completed=72 pending=0
[exp8306] phase=events completed=24 pending=48
[exp8306] phase=events completed=48 pending=24
[exp8306] phase=events completed=72 pending=0
[exp8306] phase=events completed=24 pending=48
[exp8306] phase=events completed=48 pending=24
[exp8306] phase=events completed=72 pending=0
[exp8333] phase=correctness completed=36 pending=12
[exp8306] phase=events completed=24 pending=48
[exp8306] phase=events completed=48 pending=24
[exp8306] phase=events completed=72 pending=0
[exp8306] phase=events completed=24 pending=48
[exp8306] phase=events completed=48 pending=24
[exp8306] phase=events completed=72 pending=0
[exp8306] phase=events completed=24 pending=48
[exp8306] phase=events completed=48 pending=24
[exp8306] phase=events completed=72 pending=0
[exp8333] phase=correctness completed=37 pending=11
[exp8306] phase=events completed=24 pending=48
[exp8306] phase=events completed=48 pending=24
[exp8306] phase=events completed=72 pending=0
[exp8306] phase=events completed=24 pending=48
[exp8306] phase=events completed=48 pending=24
[exp8306] phase=events completed=72 pending=0
[exp8306] phase=events completed=24 pending=48
[exp8306] phase=events completed=48 pending=24
[exp8306] phase=events completed=72 pending=0
[exp8333] phase=correctness completed=38 pending=10
[exp8306] phase=events completed=24 pending=48
[exp8306] phase=events completed=48 pending=24
[exp8306] phase=events completed=72 pending=0
[exp8306] phase=events completed=24 pending=48
[exp8306] phase=events completed=48 pending=24
[exp8306] phase=events completed=72 pending=0
[exp8306] phase=events completed=24 pending=48
[exp8306] phase=events completed=48 pending=24
[exp8306] phase=events completed=72 pending=0
[exp8333] phase=correctness completed=39 pending=9
[exp8306] phase=events completed=24 pending=48
[exp8306] phase=events completed=48 pending=24
[exp8306] phase=events completed=72 pending=0
[exp8306] phase=events completed=24 pending=48
[exp8306] phase=events completed=48 pending=24
[exp8306] phase=events completed=72 pending=0
[exp8306] phase=events completed=24 pending=48
[exp8306] phase=events completed=48 pending=24
[exp8306] phase=events completed=72 pending=0
[exp8333] phase=correctness completed=40 pending=8
[exp8306] phase=events completed=24 pending=48
[exp8306] phase=events completed=48 pending=24
[exp8306] phase=events completed=72 pending=0
[exp8306] phase=events completed=24 pending=48
[exp8306] phase=events completed=48 pending=24
[exp8306] phase=events completed=72 pending=0
[exp8306] phase=events completed=24 pending=48
[exp8306] phase=events completed=48 pending=24
[exp8306] phase=events completed=72 pending=0
[exp8333] phase=correctness completed=41 pending=7
[exp8306] phase=events completed=24 pending=48
[exp8306] phase=events completed=48 pending=24
[exp8306] phase=events completed=72 pending=0
[exp8306] phase=events completed=24 pending=48
[exp8306] phase=events completed=48 pending=24
[exp8306] phase=events completed=72 pending=0
[exp8306] phase=events completed=24 pending=48
[exp8306] phase=events completed=48 pending=24
[exp8306] phase=events completed=72 pending=0
[exp8333] phase=correctness completed=42 pending=6
[exp8306] phase=events completed=24 pending=48
[exp8306] phase=events completed=48 pending=24
[exp8306] phase=events completed=72 pending=0
[exp8306] phase=events completed=24 pending=48
[exp8306] phase=events completed=48 pending=24
[exp8306] phase=events completed=72 pending=0
[exp8306] phase=events completed=24 pending=48
[exp8306] phase=events completed=48 pending=24
[exp8306] phase=events completed=72 pending=0
[exp8333] phase=correctness completed=43 pending=5
[exp8306] phase=events completed=24 pending=48
[exp8306] phase=events completed=48 pending=24
[exp8306] phase=events completed=72 pending=0
[exp8306] phase=events completed=24 pending=48
[exp8306] phase=events completed=48 pending=24
[exp8306] phase=events completed=72 pending=0
[exp8306] phase=events completed=24 pending=48
[exp8306] phase=events completed=48 pending=24
[exp8306] phase=events completed=72 pending=0
[exp8333] phase=correctness completed=44 pending=4
[exp8306] phase=events completed=24 pending=48
[exp8306] phase=events completed=48 pending=24
[exp8306] phase=events completed=72 pending=0
[exp8306] phase=events completed=24 pending=48
[exp8306] phase=events completed=48 pending=24
[exp8306] phase=events completed=72 pending=0
[exp8306] phase=events completed=24 pending=48
[exp8306] phase=events completed=48 pending=24
[exp8306] phase=events completed=72 pending=0
[exp8333] phase=correctness completed=45 pending=3
[exp8306] phase=events completed=24 pending=48
[exp8306] phase=events completed=48 pending=24
[exp8306] phase=events completed=72 pending=0
[exp8306] phase=events completed=24 pending=48
[exp8306] phase=events completed=48 pending=24
[exp8306] phase=events completed=72 pending=0
[exp8306] phase=events completed=24 pending=48
[exp8306] phase=events completed=48 pending=24
[exp8306] phase=events completed=72 pending=0
[exp8333] phase=correctness completed=46 pending=2
[exp8306] phase=events completed=24 pending=48
[exp8306] phase=events completed=48 pending=24
[exp8306] phase=events completed=72 pending=0
[exp8306] phase=events completed=24 pending=48
[exp8306] phase=events completed=48 pending=24
[exp8306] phase=events completed=72 pending=0
[exp8306] phase=events completed=24 pending=48
[exp8306] phase=events completed=48 pending=24
[exp8306] phase=events completed=72 pending=0
[exp8333] phase=correctness completed=47 pending=1
[exp8306] phase=events completed=24 pending=48
[exp8306] phase=events completed=48 pending=24
[exp8306] phase=events completed=72 pending=0
[exp8306] phase=events completed=24 pending=48
[exp8306] phase=events completed=48 pending=24
[exp8306] phase=events completed=72 pending=0
[exp8306] phase=events completed=24 pending=48
[exp8306] phase=events completed=48 pending=24
[exp8306] phase=events completed=72 pending=0
[exp8333] phase=correctness completed=48 pending=0
[exp8333] phase=after_correctness_benchmark completed=0 pending=0
[exp8205] phase=before_subprocess_recovery_31 completed=0 pending=1
[exp8205] phase=after_subprocess_recovery_31 completed=1 pending=0
[exp8205] phase=before_subprocess_recovery_63 completed=0 pending=1
[exp8205] phase=after_subprocess_recovery_63 completed=1 pending=0
[exp8205] phase=before_subprocess_recovery_-1 completed=0 pending=1
[exp8205] phase=after_subprocess_recovery_-1 completed=1 pending=0
[exp8333] phase=measurement_complete completed=48 pending=0
