{
  "reports": [
    {
      "artifact": "/tmp/carnot-exp7924-03mbf9j_/terminal_candidate.json",
      "loaded": true,
      "exp_id": 7924,
      "title": "",
      "honest_verdict": "complete_disqualified_terminal_validation",
      "flag_count": 1,
      "max_severity": 0,
      "flags": [
        {
          "kind": "IMPLAUSIBLE_PERFECT",
          "severity": "info",
          "detail": "arc_delta_ready_score=0.0 (exactly zero). Confirm this is not a stub default."
        }
      ],
      "gate_version": "197e0a5eacacb09ce6607ae8bdfd507498082857f0d02ec2003a62c251b69a24"
    }
  ],
  "flagged_count": 1
}
