
*** Running vivado
    with args -log carnot_ising_bd_wrapper.vdi -applog -m64 -product Vivado -messageDb vivado.pb -mode batch -source carnot_ising_bd_wrapper.tcl -notrace


****** Vivado v2025.2.1 (64-bit)
  **** SW Build 6403652 on Thu Mar 19 13:47:00 MDT 2026
  **** IP Build 6403511 on Thu Mar 19 12:41:45 MDT 2026
  **** SharedData Build 6403650 on Thu Mar 19 14:02:13 MDT 2026
  **** Start of session at: Tue Apr 21 13:11:07 2026
    ** Copyright 1986-2022 Xilinx, Inc. All Rights Reserved.
    ** Copyright 2022-2026 Advanced Micro Devices, Inc. All Rights Reserved.

source carnot_ising_bd_wrapper.tcl -notrace
INFO: [IP_Flow 19-234] Refreshing IP repositories
INFO: [IP_Flow 19-1704] No user IP repositories specified
INFO: [IP_Flow 19-2313] Loaded Vivado IP repository '/tools/Xilinx/2025.2.1/data/ip'.
Command: link_design -top carnot_ising_bd_wrapper -part xck26-sfvc784-2LV-c
Design is defaulting to srcset: sources_1
Design is defaulting to constrset: constrs_1
INFO: [Device 21-403] Loading part xck26-sfvc784-2LV-c
INFO: [Project 1-5699] Read binary netlist with skipMacroContent - 1
INFO: [Project 1-454] Reading design checkpoint '/home/ianblenke/github.com/ianblenke/carnot/output/carnot_ising_bd/project/carnot_ising.gen/sources_1/bd/carnot_ising_bd/ip/carnot_ising_bd_axi_smartconnect_0_0/carnot_ising_bd_axi_smartconnect_0_0.dcp' for cell 'carnot_ising_bd_i/axi_smartconnect_0'
INFO: [Project 1-454] Reading design checkpoint '/home/ianblenke/github.com/ianblenke/carnot/output/carnot_ising_bd/project/carnot_ising.gen/sources_1/bd/carnot_ising_bd/ip/carnot_ising_bd_ising_sampler_0_0/carnot_ising_bd_ising_sampler_0_0.dcp' for cell 'carnot_ising_bd_i/ising_sampler_0'
INFO: [Project 1-454] Reading design checkpoint '/home/ianblenke/github.com/ianblenke/carnot/output/carnot_ising_bd/project/carnot_ising.gen/sources_1/bd/carnot_ising_bd/ip/carnot_ising_bd_proc_sys_reset_0_0/carnot_ising_bd_proc_sys_reset_0_0.dcp' for cell 'carnot_ising_bd_i/proc_sys_reset_0'
INFO: [Project 1-454] Reading design checkpoint '/home/ianblenke/github.com/ianblenke/carnot/output/carnot_ising_bd/project/carnot_ising.gen/sources_1/bd/carnot_ising_bd/ip/carnot_ising_bd_zynq_ultra_ps_e_0_0/carnot_ising_bd_zynq_ultra_ps_e_0_0.dcp' for cell 'carnot_ising_bd_i/zynq_ultra_ps_e_0'
Netlist sorting complete. Time (s): cpu = 00:00:08 ; elapsed = 00:00:09 . Memory (MB): peak = 3019.902 ; gain = 0.000 ; free physical = 44872 ; free virtual = 307925
INFO: [Netlist 29-17] Analyzing 122643 Unisim elements for replacement
INFO: [Netlist 29-28] Unisim Transformation completed in 17 CPU seconds
WARNING: [Netlist 29-43] Netlist 'carnot_ising_bd_wrapper' is not ideal for floorplanning, since the cellview 'carnot_ising_bd_ising_sampler_0_0_ising_sampler_128_sync' defined in file 'carnot_ising_bd_ising_sampler_0_0.edf' contains large number of primitives.  Please consider enabling hierarchy in synthesis if you want to do floorplanning.
INFO: [Project 1-479] Netlist was created with Vivado 2025.2.1
INFO: [Project 1-570] Preparing netlist for logic optimization
Parsing XDC File [/home/ianblenke/github.com/ianblenke/carnot/output/carnot_ising_bd/project/carnot_ising.gen/sources_1/bd/carnot_ising_bd/ip/carnot_ising_bd_zynq_ultra_ps_e_0_0/carnot_ising_bd_zynq_ultra_ps_e_0_0.xdc] for cell 'carnot_ising_bd_i/zynq_ultra_ps_e_0/inst'
create_clock: Time (s): cpu = 00:00:06 ; elapsed = 00:00:06 . Memory (MB): peak = 3558.906 ; gain = 0.000 ; free physical = 45783 ; free virtual = 308960
Finished Parsing XDC File [/home/ianblenke/github.com/ianblenke/carnot/output/carnot_ising_bd/project/carnot_ising.gen/sources_1/bd/carnot_ising_bd/ip/carnot_ising_bd_zynq_ultra_ps_e_0_0/carnot_ising_bd_zynq_ultra_ps_e_0_0.xdc] for cell 'carnot_ising_bd_i/zynq_ultra_ps_e_0/inst'
Parsing XDC File [/home/ianblenke/github.com/ianblenke/carnot/output/carnot_ising_bd/project/carnot_ising.gen/sources_1/bd/carnot_ising_bd/ip/carnot_ising_bd_axi_smartconnect_0_0/bd_0/ip/ip_1/bd_8aa6_psr_aclk_0_board.xdc] for cell 'carnot_ising_bd_i/axi_smartconnect_0/inst/clk_map/psr_aclk/U0'
Finished Parsing XDC File [/home/ianblenke/github.com/ianblenke/carnot/output/carnot_ising_bd/project/carnot_ising.gen/sources_1/bd/carnot_ising_bd/ip/carnot_ising_bd_axi_smartconnect_0_0/bd_0/ip/ip_1/bd_8aa6_psr_aclk_0_board.xdc] for cell 'carnot_ising_bd_i/axi_smartconnect_0/inst/clk_map/psr_aclk/U0'
Parsing XDC File [/home/ianblenke/github.com/ianblenke/carnot/output/carnot_ising_bd/project/carnot_ising.gen/sources_1/bd/carnot_ising_bd/ip/carnot_ising_bd_axi_smartconnect_0_0/smartconnect.xdc] for cell 'carnot_ising_bd_i/axi_smartconnect_0/inst'
Finished Parsing XDC File [/home/ianblenke/github.com/ianblenke/carnot/output/carnot_ising_bd/project/carnot_ising.gen/sources_1/bd/carnot_ising_bd/ip/carnot_ising_bd_axi_smartconnect_0_0/smartconnect.xdc] for cell 'carnot_ising_bd_i/axi_smartconnect_0/inst'
Parsing XDC File [/home/ianblenke/github.com/ianblenke/carnot/output/carnot_ising_bd/project/carnot_ising.gen/sources_1/bd/carnot_ising_bd/ip/carnot_ising_bd_proc_sys_reset_0_0/carnot_ising_bd_proc_sys_reset_0_0_board.xdc] for cell 'carnot_ising_bd_i/proc_sys_reset_0/U0'
Finished Parsing XDC File [/home/ianblenke/github.com/ianblenke/carnot/output/carnot_ising_bd/project/carnot_ising.gen/sources_1/bd/carnot_ising_bd/ip/carnot_ising_bd_proc_sys_reset_0_0/carnot_ising_bd_proc_sys_reset_0_0_board.xdc] for cell 'carnot_ising_bd_i/proc_sys_reset_0/U0'
INFO: [Project 1-1714] 18 XPM XDC files have been applied to the design.
INFO: [Opt 31-138] Pushed 0 inverter(s) to 0 load pin(s).
Netlist sorting complete. Time (s): cpu = 00:00:00.28 ; elapsed = 00:00:00.28 . Memory (MB): peak = 5736.195 ; gain = 0.000 ; free physical = 44320 ; free virtual = 307505
INFO: [Project 1-111] Unisim Transformation Summary:
  A total of 1248 instances were transformed.
  DSP48E2 => DSP48E2 (DSP_ALU, DSP_A_B_DATA, DSP_C_DATA, DSP_MULTIPLIER, DSP_M_DATA, DSP_OUTPUT, DSP_PREADD, DSP_PREADD_DATA): 1248 instances

16 Infos, 1 Warnings, 0 Critical Warnings and 0 Errors encountered.
link_design completed successfully
link_design: Time (s): cpu = 00:07:01 ; elapsed = 00:03:59 . Memory (MB): peak = 5736.230 ; gain = 4098.023 ; free physical = 44311 ; free virtual = 307496
Command: opt_design
Attempting to get a license for feature 'Implementation' and/or device 'xck26'
INFO: [Common 17-349] Got license for feature 'Implementation' and/or device 'xck26'
Running DRC as a precondition to command opt_design

Starting DRC Task
INFO: [DRC 23-27] Running DRC with 8 threads
INFO: [Project 1-461] DRC finished with 0 Errors
INFO: [Project 1-462] Please refer to the DRC report (report_drc) for more information.

Time (s): cpu = 00:00:09 ; elapsed = 00:00:06 . Memory (MB): peak = 5736.230 ; gain = 0.000 ; free physical = 44318 ; free virtual = 307504

Starting Cache Timing Information Task
INFO: [Timing 38-35] Done setting XDC timing constraints.
Ending Cache Timing Information Task | Checksum: 2487739d9

Time (s): cpu = 00:03:22 ; elapsed = 00:00:48 . Memory (MB): peak = 5736.230 ; gain = 0.000 ; free physical = 44246 ; free virtual = 307436

Starting Logic Optimization Task

Phase 1 Initialization

Phase 1.1 Core Generation And Design Setup
Phase 1.1 Core Generation And Design Setup | Checksum: 2487739d9

Time (s): cpu = 00:00:00.81 ; elapsed = 00:00:00.82 . Memory (MB): peak = 5858.008 ; gain = 0.000 ; free physical = 44072 ; free virtual = 307269

Phase 1.2 Setup Constraints And Sort Netlist
Phase 1.2 Setup Constraints And Sort Netlist | Checksum: 2487739d9

Time (s): cpu = 00:00:01 ; elapsed = 00:00:01 . Memory (MB): peak = 5858.008 ; gain = 0.000 ; free physical = 44083 ; free virtual = 307281
Phase 1 Initialization | Checksum: 2487739d9

Time (s): cpu = 00:00:01 ; elapsed = 00:00:01 . Memory (MB): peak = 5858.008 ; gain = 0.000 ; free physical = 44079 ; free virtual = 307276

Phase 2 Timer Update And Timing Data Collection

Phase 2.1 Detect if minReqCache needed
Phase 2.1 Detect if minReqCache needed | Checksum: 2487739d9

Time (s): cpu = 00:00:02 ; elapsed = 00:00:02 . Memory (MB): peak = 6098.008 ; gain = 240.000 ; free physical = 43869 ; free virtual = 307067

Phase 2.2 Timer Update
Phase 2.2 Timer Update | Checksum: 2487739d9

Time (s): cpu = 00:01:24 ; elapsed = 00:00:21 . Memory (MB): peak = 6106.008 ; gain = 248.000 ; free physical = 43905 ; free virtual = 307107

Phase 2.3 Timing Data Collection
Phase 2.3 Timing Data Collection | Checksum: 2487739d9

Time (s): cpu = 00:01:25 ; elapsed = 00:00:22 . Memory (MB): peak = 6106.008 ; gain = 248.000 ; free physical = 43898 ; free virtual = 307101
Phase 2 Timer Update And Timing Data Collection | Checksum: 2487739d9

Time (s): cpu = 00:01:25 ; elapsed = 00:00:22 . Memory (MB): peak = 6106.008 ; gain = 248.000 ; free physical = 43894 ; free virtual = 307096

Phase 3 Retarget
INFO: [Opt 31-1851] Number of loadless carry chains removed were: 0
INFO: [Opt 31-1834] Total Chains To Be Transformed Were: 0 AND Number of Transformed insts Created are: 0
INFO: [Opt 31-1566] Pulled 1 inverters resulting in an inversion of 87 pins
INFO: [Opt 31-138] Pushed 29 inverter(s) to 2513 load pin(s).
INFO: [Opt 31-49] Retargeted 0 cell(s).
Phase 3 Retarget | Checksum: 130041667

Time (s): cpu = 00:01:53 ; elapsed = 00:00:50 . Memory (MB): peak = 6106.008 ; gain = 248.000 ; free physical = 43319 ; free virtual = 306836
Retarget | Checksum: 130041667
INFO: [Opt 31-389] Phase Retarget created 2 cells and removed 303 cells
INFO: [Opt 31-1021] In phase Retarget, 20 netlist objects are constrained preventing optimization. Please run opt_design with -debug_log to get more detail. 

Phase 4 Constant propagation
INFO: [Opt 31-138] Pushed 0 inverter(s) to 0 load pin(s).
Phase 4 Constant propagation | Checksum: 1b24798c0

Time (s): cpu = 00:02:05 ; elapsed = 00:01:02 . Memory (MB): peak = 6106.008 ; gain = 248.000 ; free physical = 42751 ; free virtual = 306329
Constant propagation | Checksum: 1b24798c0
INFO: [Opt 31-389] Phase Constant propagation created 3 cells and removed 2984 cells
INFO: [Opt 31-1021] In phase Constant propagation, 20 netlist objects are constrained preventing optimization. Please run opt_design with -debug_log to get more detail. 

Phase 5 Sweep
INFO: [Constraints 18-11670] Building netlist checker database with flags, 0x8
Done building netlist checker database: Time (s): cpu = 00:00:00.47 ; elapsed = 00:00:00.48 . Memory (MB): peak = 6106.008 ; gain = 0.000 ; free physical = 42757 ; free virtual = 306547
INFO: [Constraints 18-11670] Building netlist checker database with flags, 0x8
Done building netlist checker database: Time (s): cpu = 00:00:00.41 ; elapsed = 00:00:00.41 . Memory (MB): peak = 6106.008 ; gain = 0.000 ; free physical = 42804 ; free virtual = 305921
Phase 5 Sweep | Checksum: 1c7e895e8

Time (s): cpu = 00:02:28 ; elapsed = 00:01:25 . Memory (MB): peak = 6106.008 ; gain = 248.000 ; free physical = 42708 ; free virtual = 305739
Sweep | Checksum: 1c7e895e8
INFO: [Opt 31-389] Phase Sweep created 0 cells and removed 67 cells
INFO: [Opt 31-1021] In phase Sweep, 26 netlist objects are constrained preventing optimization. Please run opt_design with -debug_log to get more detail. 

Phase 6 BUFG optimization
INFO: [Opt 31-1077] Phase BUFG optimization inserted 0 global clock buffer(s) for CLOCK_LOW_FANOUT.
Phase 6 BUFG optimization | Checksum: 1c7e895e8

Time (s): cpu = 00:02:59 ; elapsed = 00:01:36 . Memory (MB): peak = 6138.023 ; gain = 280.016 ; free physical = 43022 ; free virtual = 305324
BUFG optimization | Checksum: 1c7e895e8
INFO: [Opt 31-662] Phase BUFG optimization created 0 cells of which 0 are BUFGs and removed 0 cells.

Phase 7 Shift Register Optimization
INFO: [Opt 31-1064] SRL Remap converted 0 SRLs to 0 registers and converted 0 registers of register chains to 0 SRLs
Phase 7 Shift Register Optimization | Checksum: 1c7e895e8

Time (s): cpu = 00:03:00 ; elapsed = 00:01:38 . Memory (MB): peak = 6138.023 ; gain = 280.016 ; free physical = 43082 ; free virtual = 305276
Shift Register Optimization | Checksum: 1c7e895e8
INFO: [Opt 31-389] Phase Shift Register Optimization created 0 cells and removed 0 cells

Phase 8 Post Processing Netlist
Phase 8 Post Processing Netlist | Checksum: 19859b8ec

Time (s): cpu = 00:03:03 ; elapsed = 00:01:41 . Memory (MB): peak = 6138.023 ; gain = 280.016 ; free physical = 42957 ; free virtual = 304995
Post Processing Netlist | Checksum: 19859b8ec
INFO: [Opt 31-389] Phase Post Processing Netlist created 0 cells and removed 0 cells
INFO: [Opt 31-1021] In phase Post Processing Netlist, 20 netlist objects are constrained preventing optimization. Please run opt_design with -debug_log to get more detail. 

Phase 9 Finalization

Phase 9.1 Finalizing Design Cores and Updating Shapes
Phase 9.1 Finalizing Design Cores and Updating Shapes | Checksum: 1d788bf46

Time (s): cpu = 00:03:37 ; elapsed = 00:02:12 . Memory (MB): peak = 6138.023 ; gain = 280.016 ; free physical = 43713 ; free virtual = 304230

Phase 9.2 Verifying Netlist Connectivity

Starting Connectivity Check Task

Time (s): cpu = 00:00:02 ; elapsed = 00:00:02 . Memory (MB): peak = 6138.023 ; gain = 0.000 ; free physical = 43838 ; free virtual = 304098
Phase 9.2 Verifying Netlist Connectivity | Checksum: 1d788bf46

Time (s): cpu = 00:03:39 ; elapsed = 00:02:14 . Memory (MB): peak = 6138.023 ; gain = 280.016 ; free physical = 43841 ; free virtual = 304089
Phase 9 Finalization | Checksum: 1d788bf46

Time (s): cpu = 00:03:40 ; elapsed = 00:02:14 . Memory (MB): peak = 6138.023 ; gain = 280.016 ; free physical = 43843 ; free virtual = 304076
Opt_design Change Summary
=========================


-------------------------------------------------------------------------------------------------------------------------
|  Phase                        |  #Cells created  |  #Cells Removed  |  #Constrained objects preventing optimizations  |
-------------------------------------------------------------------------------------------------------------------------
|  Retarget                     |               2  |             303  |                                             20  |
|  Constant propagation         |               3  |            2984  |                                             20  |
|  Sweep                        |               0  |              67  |                                             26  |
|  BUFG optimization            |               0  |               0  |                                              0  |
|  Shift Register Optimization  |               0  |               0  |                                              0  |
|  Post Processing Netlist      |               0  |               0  |                                             20  |
-------------------------------------------------------------------------------------------------------------------------


Ending Logic Optimization Task | Checksum: 1d788bf46

Time (s): cpu = 00:03:40 ; elapsed = 00:02:15 . Memory (MB): peak = 6138.023 ; gain = 280.016 ; free physical = 43848 ; free virtual = 304068

Starting Power Optimization Task
INFO: [Pwropt 34-132] Skipping clock gating for clocks with a period < 2.00 ns.
Ending Power Optimization Task | Checksum: 1d788bf46

Time (s): cpu = 00:00:00.63 ; elapsed = 00:00:00.65 . Memory (MB): peak = 6138.023 ; gain = 0.000 ; free physical = 43886 ; free virtual = 303980

Starting Final Cleanup Task
Ending Final Cleanup Task | Checksum: 1d788bf46

Time (s): cpu = 00:00:00.14 ; elapsed = 00:00:00.14 . Memory (MB): peak = 6138.023 ; gain = 0.000 ; free physical = 43885 ; free virtual = 303965
Netlist sorting complete. Time (s): cpu = 00:00:00.29 ; elapsed = 00:00:00.29 . Memory (MB): peak = 6138.023 ; gain = 0.000 ; free physical = 43897 ; free virtual = 303949
INFO: [Common 17-83] Releasing license: Implementation
43 Infos, 1 Warnings, 0 Critical Warnings and 0 Errors encountered.
opt_design completed successfully
opt_design: Time (s): cpu = 00:07:17 ; elapsed = 00:03:15 . Memory (MB): peak = 6138.023 ; gain = 401.793 ; free physical = 43895 ; free virtual = 303921
INFO: [Vivado 12-24828] Executing command : report_drc -file carnot_ising_bd_wrapper_drc_opted.rpt -pb carnot_ising_bd_wrapper_drc_opted.pb -rpx carnot_ising_bd_wrapper_drc_opted.rpx
Command: report_drc -file carnot_ising_bd_wrapper_drc_opted.rpt -pb carnot_ising_bd_wrapper_drc_opted.pb -rpx carnot_ising_bd_wrapper_drc_opted.rpx
INFO: [IP_Flow 19-1839] IP Catalog is up to date.
INFO: [Timing 38-35] Done setting XDC timing constraints.
