{
  "reports": [
    {
      "artifact": "/tmp/carnot8264-validation-0tnl2far/experiment_8264_v714_evidence_view_canary.json",
      "loaded": true,
      "exp_id": 8264,
      "title": "",
      "honest_verdict": "complete_blocked_authenticated_capture",
      "flag_count": 1,
      "max_severity": 2,
      "flags": [
        {
          "kind": "SUBSTRATE_CLASS_MISMATCH",
          "severity": "critical",
          "detail": "inference_substrate_class=no_model_load says no model was loaded, but typed invocation evidence says one ran (['model_loads_attempted']). Contradictory."
        }
      ],
      "gate_version": "38e6c300bcbcf8e5649026dbf73383305e0b3b2ac77a16a15147fc463659432e"
    }
  ],
  "flagged_count": 1
}
