============================= test session starts ==============================
platform linux -- Python 3.12.13, pytest-9.0.3, pluggy-1.6.0
rootdir: /home/ianblenke/github.com/ianblenke/carnot
configfile: pyproject.toml
plugins: xdist-3.8.0, jaxtyping-0.3.10, cov-7.1.0, hydra-core-1.3.3, anyio-4.13.0, hypothesis-6.155.2
created: 4/4 workers
4 workers [73627 items]

........................................................................ [  0%]
........................................................................ [  0%]
........................................................................ [  0%]
........................................................................ [  0%]
........................................................................ [  0%]
........................................................................ [  0%]
..................................................................F..... [  0%]
..................................................................F..... [  0%]
........................................................................ [  0%]
........................................................................ [  0%]
........................................................................ [  1%]
........................................................................ [  1%]
.............................F.....F.................................... [  1%]
........................................F............................... [  1%]
........................................................................ [  1%]
.............................F.......................................... [  1%]
..............................Fssssss........s.......................... [  1%]
................FFFFF.FF................................................ [  1%]
........................................................................ [  1%]
...........................................ssssssssssssssss............. [  1%]
........................................................................ [  2%]
...............F....F...............F................................... [  2%]
........................................................................ [  2%]
........................................................................ [  2%]
........................................................................ [  2%]
........................................................................ [  2%]
..................F..................................................... [  2%]
....................................................F................... [  2%]
.........................................................FF............. [  2%]
........................................................................ [  2%]
........................................................................ [  3%]
........................................................................ [  3%]
........................................................................ [  3%]
........................................................................ [  3%]
........................................................................ [  3%]
........................................................................ [  3%]
........................................................................ [  3%]
........................................................................ [  3%]
........................................................................ [  3%]
........................................................................ [  3%]
........................................................................ [  4%]
........................................................................ [  4%]
........................................................................ [  4%]
........................................................................ [  4%]
........................................................................ [  4%]
........................................................................ [  4%]
............s........................................................... [  4%]
........................................................................ [  4%]
........................................................................ [  4%]
........................................................................ [  4%]
.................F...................................................... [  4%]
.F........................................................F.....F....... [  5%]
........................................................................ [  5%]
........................................................................ [  5%]
........................................................................ [  5%]
........................................................................ [  5%]
........................................................................ [  5%]
..................................F..................................... [  5%]
........................................................................ [  5%]
........................................................................ [  5%]
........................................................................ [  5%]
........................................................................ [  6%]
........................................................................ [  6%]
........................................................................ [  6%]
....F......................F..F.F....................................... [  6%]
........................................................................ [  6%]
........................................................................ [  6%]
........................................................................ [  6%]
........................................................................ [  6%]
........................................................................ [  6%]
........................................................................ [  6%]
........................................................................ [  7%]
........................................................................ [  7%]
........................................................................ [  7%]
........................................................................ [  7%]
........................................................................ [  7%]
........................................................................ [  7%]
........................................................................ [  7%]
........................................................................ [  7%]
.......F...F............................................................ [  7%]
........................................................................ [  7%]
..................................F..................................... [  8%]
........................................................................ [  8%]
.........................F.............................................. [  8%]
........................................................................ [  8%]
.............................................................s.......... [  8%]
........................................................................ [  8%]
..................................................sssss.....ssssss...... [  8%]
........................................................................ [  8%]
........................................................................ [  8%]
........................................................................ [  8%]
........................................................................ [  8%]
........................................................................ [  9%]
........................................................................ [  9%]
........................................................................ [  9%]
........................................................................ [  9%]
........................................................................ [  9%]
........................................................................ [  9%]
........................................................................ [  9%]
........................................................................ [  9%]
........................................................................ [  9%]
.........FFFFFFFFFFFFFFFFFFFFFFFFFFFFFFFF..........F.......F............ [  9%]
.FF..................................................................... [ 10%]
.................................................FF..................... [ 10%]
........................................................................ [ 10%]
........................................................................ [ 10%]
........................................................................ [ 10%]
........................................................................ [ 10%]
........................................................................ [ 10%]
........................................................................ [ 10%]
..........................s............................................. [ 10%]
........................................................................ [ 10%]
F....................................................................... [ 11%]
........................................................................ [ 11%]
........................................................................ [ 11%]
....ssssssssssssss........................FF............................ [ 11%]
........................................................................ [ 11%]
..F..........................F....................F..................... [ 11%]
.F...................F...............F.........F.........F.....s........ [ 11%]
........................................................................ [ 11%]
........................................................................ [ 11%]
..............F......................................................... [ 11%]
................F......................F................................ [ 12%]
........................................................................ [ 12%]
....F.........................................................F.F....... [ 12%]
........................................................................ [ 12%]
........................................................................ [ 12%]
..........................................................F............. [ 12%]
........F...............................F............................... [ 12%]
...............F..............................................F.ssF....F [ 12%]
FFFFFFFFFFFF..........................................FF.F..F..FF....... [ 12%]
.................................................FFF.................... [ 12%]
.......................................FF............................... [ 13%]
........................................................................ [ 13%]
........................................................................ [ 13%]
.............................................sss........................ [ 13%]
....................................................sssssssssssssss..... [ 13%]
........................................................................ [ 13%]
........................................................................ [ 13%]
........................................................................ [ 13%]
.............................................s.......................... [ 13%]
........................................................................ [ 13%]
........................................................................ [ 13%]
........................................................................ [ 14%]
........................F............................................... [ 14%]
........................................................................ [ 14%]
........................................................................ [ 14%]
........................................................................ [ 14%]
......F................................................................. [ 14%]
........................................................................ [ 14%]
........................................................................ [ 14%]
........................................................................ [ 14%]
........................................................................ [ 14%]
....................................................................s... [ 15%]
....................F..............................FF.FF................ [ 15%]
..................F..........F.FF....................................... [ 15%]
...F.............F............F......................................... [ 15%]
........sF......F.F..................................................... [ 15%]
.......ss.sssssss....................................................... [ 15%]
.......................F................................................ [ 15%]
........................................................................ [ 15%]
........................................................................ [ 15%]
........................................................................ [ 15%]
......................F.FFF....FFFFFF..F.FF.FF..............F........... [ 16%]
............................F.FF.....................F.................. [ 16%]
........................................................................ [ 16%]
........................................................................ [ 16%]
.................................................................F.FFFF. [ 16%]
F....................................................................... [ 16%]
........................................................................ [ 16%]
........................................................................ [ 16%]
........................................................................ [ 16%]
........................................................................ [ 16%]
........................................................................ [ 17%]
........................................................................ [ 17%]
........................................................................ [ 17%]
........................................................................ [ 17%]
...............................F........................................ [ 17%]
........................................................................ [ 17%]
.........Traceback (most recent call last):
  File "/home/ianblenke/.local/share/uv/python/cpython-3.12.13-linux-x86_64-gnu/lib/python3.12/socketserver.py", line 697, in process_request_thread
    self.finish_request(request, client_address)
  File "/home/ianblenke/.local/share/uv/python/cpython-3.12.13-linux-x86_64-gnu/lib/python3.12/socketserver.py", line 362, in finish_request
    self.RequestHandlerClass(request, client_address, self)
  File "/home/ianblenke/.local/share/uv/python/cpython-3.12.13-linux-x86_64-gnu/lib/python3.12/socketserver.py", line 766, in __init__
    self.handle()
  File "/home/ianblenke/.local/share/uv/python/cpython-3.12.13-linux-x86_64-gnu/lib/python3.12/http/server.py", line 440, in handle
    self.handle_one_request()
  File "/home/ianblenke/.local/share/uv/python/cpython-3.12.13-linux-x86_64-gnu/lib/python3.12/http/server.py", line 428, in handle_one_request
    method()
  File "/home/ianblenke/github.com/ianblenke/carnot/python/carnot/pipeline/abstention_http_rest.py", line 76, in do_POST
    self._send_json(200, response)
  File "/home/ianblenke/github.com/ianblenke/carnot/python/carnot/pipeline/abstention_http_rest.py", line 97, in _send_json
    self.wfile.write(body)
  File "/home/ianblenke/.local/share/uv/python/cpython-3.12.13-linux-x86_64-gnu/lib/python3.12/socketserver.py", line 845, in write
    self._sock.sendall(b)
BrokenPipeError: [Errno 32] Broken pipe
----------------------------------------
............................................................... [ 17%]
........................................................................ [ 17%]
........................................................................ [ 17%]
........................................................................ [ 17%]
........................................................................ [ 17%]
........................................................................ [ 18%]
........................................................................ [ 18%]
..................................F...FFF.............F.F............... [ 18%]
....................................................F................... [ 18%]
............F.......................F...............................F..F [ 18%]
..FFF.F.FF.F..F...F..................................F.................. [ 18%]
.....................................................................F.. [ 18%]
.....................................................................F.. [ 18%]
....................................................................F... [ 18%]
............F...................................................F....... [ 18%]
.....................F.......F.......................................... [ 19%]
..............F..F.......F.............................................. [ 19%]
........................................................F.FFF.........F. [ 19%]
..F..................................................................... [ 19%]
.................................................F...................... [ 19%]
.........F.....F..........F............................................. [ 19%]
.............................F..F.......F......F........................ [ 19%]
.............................................................F..F....... [ 19%]
........................................................................ [ 19%]
........................................................................ [ 19%]
.................................................................F...... [ 20%]
........................................................................ [ 20%]
.......................................F...........................F.... [ 20%]
........................................................................ [ 20%]
........................................................................ [ 20%]
...F...........FFFF................................FFFFFFFF..FFFFFFF.... [ 20%]
........................................................................ [ 20%]
........................................................................ [ 20%]
........................................................................ [ 20%]
........................................................................ [ 20%]
.....................................................FF.FFFFF........... [ 21%]
........................................................................ [ 21%]
........................................................................ [ 21%]
........................................................................ [ 21%]
..................................................F..................F.. [ 21%]
..........F..........F............................................F..... [ 21%]
...............F....F..............F......FFFFFFFFFF.................... [ 21%]
................s......F................................F............... [ 21%]
.......................F...F............................................ [ 21%]
........................................................................ [ 21%]
............................F.......F................................... [ 22%]
........................................................................ [ 22%]
........................................................................ [ 22%]
........................................................................ [ 22%]
........................................................................ [ 22%]
........................................................................ [ 22%]
........................................................................ [ 22%]
........................................................................ [ 22%]
........................................................................ [ 22%]
........................................................................ [ 22%]
.....................F..........FFFFFFFF...............................F [ 22%]
........................................F......F................F....... [ 23%]
...F.........F..............F........................F.................. [ 23%]
........F..........F.................................................... [ 23%]
..........................F.............FF.FFF..FF.FF...F............... [ 23%]
..........................F............................FFFFFFFFFFFFFFFFF [ 23%]
FFFFFFF...................FFF........................................... [ 23%]
.......................................................F................ [ 23%]
........................................................................ [ 23%]
........................................................................ [ 23%]
.............................................................F.......... [ 23%]
........................................................................ [ 24%]
........................................................................ [ 24%]
........................................................../home/ianblenke/github.com/ianblenke/carnot/.venv/lib/python3.12/site-packages/_pytest/main.py:353: PluggyTeardownRaisedWarning: A plugin raised an exception during an old-style hookwrapper teardown.
Plugin: 139627721226672, Hook: pytest_sessionfinish
OSError: cannot send (already closed?)
For more information see https://pluggy.readthedocs.io/en/stable/api_reference.html#pluggy.PluggyTeardownRaisedWarning
  config.hook.pytest_sessionfinish(
/home/ianblenke/github.com/ianblenke/carnot/.venv/lib/python3.12/site-packages/_pytest/main.py:353: PluggyTeardownRaisedWarning: A plugin raised an exception during an old-style hookwrapper teardown.
Plugin: 140672105292112, Hook: pytest_sessionfinish
OSError: cannot send (already closed?)
For more information see https://pluggy.readthedocs.io/en/stable/api_reference.html#pluggy.PluggyTeardownRaisedWarning
  config.hook.pytest_sessionfinish(
/home/ianblenke/github.com/ianblenke/carnot/.venv/lib/python3.12/site-packages/_pytest/main.py:353: PluggyTeardownRaisedWarning: A plugin raised an exception during an old-style hookwrapper teardown.
Plugin: 139724526964896, Hook: pytest_sessionfinish
OSError: cannot send (already closed?)
For more information see https://pluggy.readthedocs.io/en/stable/api_reference.html#pluggy.PluggyTeardownRaisedWarning
  config.hook.pytest_sessionfinish(
