============================= test session starts ==============================
platform linux -- Python 3.12.13, pytest-9.0.3, pluggy-1.6.0
rootdir: /home/ianblenke/github.com/ianblenke/carnot
configfile: pyproject.toml
plugins: xdist-3.8.0, jaxtyping-0.3.10, cov-7.1.0, hydra-core-1.3.3, anyio-4.13.0, hypothesis-6.155.2
created: 4/4 workers
4 workers [75401 items]

........................................................................ [  0%]
........................................................................ [  0%]
........................................................................ [  0%]
........................................................................ [  0%]
....................F............F...................................... [  0%]
........................................................................ [  0%]
........................................................................ [  0%]
........................................................................ [  0%]
........................................................................ [  0%]
.F.....F.F.............................................................. [  0%]
........................................................................ [  1%]
..........................................................F............. [  1%]
........................................................................ [  1%]
........................................................................ [  1%]
........................................................................ [  1%]
...........F.ss.s.ss.s.........s........................................ [  1%]
......F.F.F.F.............FFF........................................... [  1%]
........................................................................ [  1%]
..................................ssssssssssssssss...................... [  1%]
........................................................................ [  1%]
........................................................................ [  2%]
........................................................................ [  2%]
........................................................................ [  2%]
........................................................................ [  2%]
..............................................................F......... [  2%]
........................................................................ [  2%]
........................................................................ [  2%]
..............................................FF.F...................... [  2%]
...........F............................................................ [  2%]
.............FF......................................................... [  2%]
........................................................................ [  2%]
........................................................................ [  3%]
........................................................................ [  3%]
.....................................F.................................. [  3%]
............................................F......F....F............... [  3%]
........................................................................ [  3%]
........................................................................ [  3%]
........................................................................ [  3%]
........................................................................ [  3%]
........................................................................ [  3%]
........................................................................ [  3%]
........................................................................ [  4%]
........................................................................ [  4%]
........................................................................ [  4%]
........................................................................ [  4%]
.............F.......................................................... [  4%]
........................................................................ [  4%]
........................................................................ [  4%]
................................................s....................... [  4%]
........................................................................ [  4%]
........................................................................ [  4%]
........................................................................ [  4%]
........................................................................ [  5%]
........................................................................ [  5%]
........................................................................ [  5%]
........................................................................ [  5%]
........................................................................ [  5%]
..................................................F..................... [  5%]
.F..F.F................................................................. [  5%]
........................................................................ [  5%]
........................................................................ [  5%]
........................................................................ [  5%]
........................................................................ [  6%]
........................................................................ [  6%]
........................................................................ [  6%]
........................................................................ [  6%]
........................................................................ [  6%]
........................................................................ [  6%]
........................................................................ [  6%]
........................................................................ [  6%]
........................................................................ [  6%]
............................F........................................... [  6%]
..................................................................s..... [  6%]
........................................................................ [  7%]
.........sssss.....ssssss............................................... [  7%]
........................................................................ [  7%]
........................................................................ [  7%]
........................................................................ [  7%]
........................................................................ [  7%]
...F.............................................F..F...F............... [  7%]
........................................................................ [  7%]
........................................................................ [  7%]
........................................................................ [  7%]
...............FF....................................................... [  8%]
........................................................................ [  8%]
........................................................................ [  8%]
........................................................................ [  8%]
........................................................................ [  8%]
........................................................................ [  8%]
........................................................................ [  8%]
........................................................................ [  8%]
........................................................................ [  8%]
....FFFFF.FFFFFFFFFFFFFFFFFFFFFFFFFFF..........F.......F..............FF [  8%]
........................................................................ [  8%]
........................................................................ [  9%]
........................................................................ [  9%]
..................................FF.................................... [  9%]
........................................................................ [  9%]
........................................................................ [  9%]
........................................................................ [  9%]
........................................................................ [  9%]
........................................................................ [  9%]
........................................................................ [  9%]
....s................................................................... [  9%]
........................................................F............... [ 10%]
........................................................................ [ 10%]
........................................................................ [ 10%]
.......................................................................s [ 10%]
sssssssssssss.......................F..F................................ [ 10%]
..............FFFFFFFF.....s.....................................F...F.. [ 10%]
F......F..........................................................F..F.. [ 10%]
F..F.................................................................... [ 10%]
........................................................................ [ 10%]
........................................................................ [ 10%]
...........................................................F............ [ 10%]
........................................................................ [ 11%]
..FssF....FFF.FFFFF..FFF.FF............................................. [ 11%]
........................................................FF.F..F..FF..... [ 11%]
..........................................................FFF........... [ 11%]
.................................................FF..................... [ 11%]
........................................................................ [ 11%]
........................................................................ [ 11%]
........................................................................ [ 11%]
........................sss............................................. [ 11%]
...............................sssssssssssssss.......................... [ 11%]
........................................................................ [ 12%]
........................................................................ [ 12%]
........................................................................ [ 12%]
........................s............................................... [ 12%]
........................................................................ [ 12%]
........................................................................ [ 12%]
........................................................................ [ 12%]
...F.................................................................... [ 12%]
........................................................................ [ 12%]
........................................................................ [ 12%]
........................................................................ [ 12%]
........................................................................ [ 13%]
........................................................................ [ 13%]
........................................................................ [ 13%]
.....E.................................................................. [ 13%]
.......................................................................s [ 13%]
..............F................................FFFF..................... [ 13%]
........................................................................ [ 13%]
.....F................................................F..F.........F.... [ 13%]
........................................................................ [ 13%]
..........F....FF....................................................sss [ 13%]
ssssssssF................F....F..............................FF......... [ 14%]
...............................................F........................ [ 14%]
........................................................................ [ 14%]
........................................................................ [ 14%]
........................................................................ [ 14%]
........................................................................ [ 14%]
............F....F.F..F......F.F........................................ [ 14%]
................................F....................................... [ 14%]
...........FF...F..................................................F..F. [ 14%]
.............FF...................F.......FFF..F...F.................... [ 14%]
..............FF........................................................ [ 14%]
........................................................................ [ 15%]
........................................................................ [ 15%]
...............................................FF.FF.F.FF.F.F.F.F..F.F.F [ 15%]
..F..................................................................... [ 15%]
........................................................................ [ 15%]
........................................................................ [ 15%]
.....................................F.FF.FF............................ [ 15%]
....FFFFFFFF.FFFFFFF.................................................... [ 15%]
........................................................................ [ 15%]
........................................................................ [ 15%]
........................................................................ [ 16%]
........................................................................ [ 16%]
.....F.F....F..F................................F...F....F.............. [ 16%]
........................................................................ [ 16%]
........................................................................ [ 16%]
........................................................................ [ 16%]
....................................F..................F.FFF.FFFFFFFFFFF [ 16%]
F...............................s......F................................ [ 16%]
F.................F.F................................................... [ 16%]
..........FF............................................................ [ 16%]
........................................................................ [ 16%]
........................................................................ [ 17%]
........................................................................ [ 17%]
........................................................................ [ 17%]
........................................................................ [ 17%]
........................................................................ [ 17%]
........................................................................ [ 17%]
........................................................................ [ 17%]
........................................................................ [ 17%]
........................................................................ [ 17%]
........................................................................ [ 17%]
........................................................................ [ 18%]
..........FFFFFFFFFF.............F.................FF.F................. [ 18%]
..............................F......................................... [ 18%]
.......FF.F.F.F..........F.............................................. [ 18%]
....................................F................................... [ 18%]
........................................................................ [ 18%]
....F.............................F..................F..............F... [ 18%]
........................................................................ [ 18%]
........................................................s............... [ 18%]
..F..................................................................... [ 18%]
........................................................................ [ 19%]
........................................................................ [ 19%]
......................................................................F. [ 19%]
........................................................................ [ 19%]
........................................................................ [ 19%]
......................................................................F. [ 19%]
......F................................................................. [ 19%]
.......................................................................F [ 19%]
.FFFFFFFFFFFFFFFFFF..................................................... [ 19%]
.....................................FFFFFFF............................ [ 19%]
........................................................................ [ 19%]
...............................................................F........ [ 20%]
....................................................F..F.FFFFF.F........ [ 20%]
........................FF..F../home/ianblenke/github.com/ianblenke/carnot/.venv/lib/python3.12/site-packages/_pytest/main.py:353: PluggyTeardownRaisedWarning: A plugin raised an exception during an old-style hookwrapper teardown.
Plugin: 139907741222960, Hook: pytest_sessionfinish
OSError: cannot send (already closed?)
For more information see https://pluggy.readthedocs.io/en/stable/api_reference.html#pluggy.PluggyTeardownRaisedWarning
  config.hook.pytest_sessionfinish(
/home/ianblenke/github.com/ianblenke/carnot/.venv/lib/python3.12/site-packages/_pytest/main.py:353: PluggyTeardownRaisedWarning: A plugin raised an exception during an old-style hookwrapper teardown.
Plugin: 140104410576800, Hook: pytest_sessionfinish
OSError: cannot send (already closed?)
For more information see https://pluggy.readthedocs.io/en/stable/api_reference.html#pluggy.PluggyTeardownRaisedWarning
  config.hook.pytest_sessionfinish(
/home/ianblenke/github.com/ianblenke/carnot/.venv/lib/python3.12/site-packages/_pytest/main.py:353: PluggyTeardownRaisedWarning: A plugin raised an exception during an old-style hookwrapper teardown.
Plugin: 139867823285424, Hook: pytest_sessionfinish
OSError: cannot send (already closed?)
For more information see https://pluggy.readthedocs.io/en/stable/api_reference.html#pluggy.PluggyTeardownRaisedWarning
  config.hook.pytest_sessionfinish(
