[exp8071] phase=start elapsed_s=0.000 completed=0 pending=0
[exp8071] phase=before_model_load elapsed_s=0.044 completed=0 pending=0
[exp8071] phase=after_model_load elapsed_s=7.606 completed=0 pending=0
[exp8059] phase=token_view_seal elapsed_s=7.596 completed=1 pending=7
[exp8059] phase=token_view_seal elapsed_s=7.606 completed=2 pending=6
[exp8059] phase=token_view_seal elapsed_s=7.617 completed=3 pending=5
[exp8059] phase=token_view_seal elapsed_s=7.629 completed=4 pending=4
[exp8059] phase=token_view_seal elapsed_s=7.661 completed=5 pending=3
[exp8059] phase=token_view_seal elapsed_s=7.671 completed=6 pending=2
[exp8059] phase=token_view_seal elapsed_s=7.677 completed=7 pending=1
[exp8059] phase=token_view_seal elapsed_s=7.701 completed=8 pending=0
[exp8071] phase=before_native_forward elapsed_s=7.778 completed=0 pending=0
[exp8022] phase=8033_before_context_create elapsed_s=0.000 completed=0 pending=0
[exp8022] phase=8033_after_context_create elapsed_s=0.048 completed=0 pending=0
[exp8022] phase=8033_before_eval elapsed_s=0.059 completed=0 pending=568
[exp8022] phase=8033_after_eval elapsed_s=1.281 completed=568 pending=0
[exp8022] phase=8033_before_context_close elapsed_s=1.632 completed=0 pending=0
[exp8022] phase=8033_after_context_close elapsed_s=2.059 completed=0 pending=0
[exp8071] phase=after_native_forward elapsed_s=9.853 completed=0 pending=0
[exp8071] phase=before_model_cleanup elapsed_s=9.855 completed=0 pending=0
[exp8071] phase=after_model_cleanup elapsed_s=10.040 completed=0 pending=0
