{
  "reports": [
    {
      "artifact": "/tmp/carnot-exp8080-9la4y7ei/terminal-candidate.json",
      "loaded": true,
      "exp_id": 8080,
      "title": "Authenticated V699 live supervisor frontier",
      "honest_verdict": "complete_blocked_experiment_8067_v698_arc_supervisor_frontier",
      "flag_count": 1,
      "max_severity": 0,
      "flags": [
        {
          "kind": "IMPLAUSIBLE_PERFECT",
          "severity": "info",
          "detail": "arc_delta_ready_score=0.0 (exactly zero). Confirm this is not a stub default."
        }
      ],
      "gate_version": "07ddacadae8c3b8d3250ad0977bda6f747d5bcb02bb7af3119b80db2547b62c7"
    }
  ],
  "flagged_count": 1
}
