[[36m2026-06-13 23:13:52,479[0m][[34msrc.nn.utils.utils[0m][[32mINFO[0m] - [rank: 0] Enforcing tags! <cfg.extras.enforce_tags=True>[0m
[[36m2026-06-13 23:13:52,482[0m][[34msrc.nn.utils.utils[0m][[32mINFO[0m] - [rank: 0] Printing config tree with Rich! <cfg.extras.print_config=True>[0m
CONFIG
├── data
│   └── _target_: src.nn.data.SudokuDataModule
│       _recursive_: false
│       batch_size: 768
│       num_workers: 0
│       num_train_puzzles: 0
│       num_val_puzzles: 0
│       num_test_puzzles: 0
│       grid_size: 9
│       max_grid_size: 9
│       min_givens: null
│       max_givens: null
│       seed: 42
│       data_dir: ./data/sudoku_extreme_1k_aug_1k
│       pad_value: 0
│       
├── model
│   └── _target_: src.nn.models.trm.TRMModule
│       _recursive_: false
│       ffn_expansion: 4
│       hidden_size: 512
│       num_layers: 2
│       N_supervision: 16
│       N_supervision_val: 16
│       learning_rate: 0.0001
│       H_cycles: 3
│       L_cycles: 6
│       learning_rate_emb: 0.0001
│       weight_decay: 1.0
│       halt_exploration_prob: 0.1
│       warmup_steps: 2000
│       num_heads: 8
│       puzzle_emb_dim: 0
│       puzzle_emb_len: 0
│       rope_theta: 10000
│       pos_emb_type: 'null'
│       lr_min_ratio: 0.01
│       use_mlp_t: true
│       use_conv_swiglu: false
│       use_board_swiglu: false
│       use_muon: false
│       output_dir: None
│       num_puzzles: 0
│       batch_size: 0
│       pad_value: 0
│       max_grid_size: 0
│       vocab_size: 0
│       seq_len: 0
│       
├── callbacks
│   └── model_checkpoint:
│         _target_: lightning.pytorch.callbacks.ModelCheckpoint
│         dirpath: /home/ianblenke/github.com/ianblenke/carnot/results/trm_runs/
│         filename: epoch_{epoch:03d}
│         monitor: val/exact_accuracy
│         verbose: false
│         save_last: true
│         save_top_k: 1
│         mode: max
│         auto_insert_metric_name: false
│         save_weights_only: false
│         every_n_train_steps: null
│         train_time_interval: null
│         every_n_epochs: null
│         save_on_train_epoch_end: null
│       ema:
│         _target_: src.nn.callbacks.ema.EMACallback
│         decay: 0.999
│         use_ema_for_validation: true
│         use_ema_for_test: true
│       
├── logger
│   └── csv:
│         _target_: lightning.pytorch.loggers.csv_logs.CSVLogger
│         save_dir: /home/ianblenke/github.com/ianblenke/carnot/results/trm_runs
│         name: csv/
│         prefix: ''
│       
├── trainer
│   └── _target_: lightning.pytorch.trainer.Trainer
│       min_epochs: 1
│       max_epochs: 50000
│       accelerator: gpu
│       devices: 1
│       check_val_every_n_epoch: 100
│       deterministic: false
│       precision: bf16-mixed
│       max_time: 00:12:00:00
│       
├── paths
│   └── log_dir: .
│       output_dir: /home/ianblenke/github.com/ianblenke/carnot/results/trm_runs
│       
├── extras
│   └── ignore_warnings: false
│       enforce_tags: true
│       print_config: true
│       
├── task_name
│   └── train
├── tags
│   └── ['sudoku', 'trm', 'extreme']
├── ckpt_path
│   └── /home/ianblenke/github.com/ianblenke/carnot/results/trm_runs/sudoku_extr
├── save_dir
│   └── None
├── seed
│   └── 4108
├── sweep_mode
│   └── False
├── append_wandb_name_to_save_dir
│   └── False
├── timekeeping
│   └── max_epochs: 50000
│       batch_size: 768
│       num_workers: 0
│       
└── model_tuning
    └── learning_rate: 0.0001
        learning_rate_emb: 0.0001
        warmup_steps: 2000
        weight_decay: 1.0
        lr_min_ratio: 0.01
        num_heads: 8
        halt_exploration_prob: 0.1
        N_supervision: 16
        N_supervision_val: 16
        H_cycles: 3
        L_cycles: 6
        num_layers: 2
        puzzle_emb_dim: 0
        puzzle_emb_len: 0
        hidden_size: 512
        ffn_expansion: 4
        rope_theta: 10000
        pos_emb_type: 'null'
        use_mlp_t: true
        use_conv_swiglu: false
        use_board_swiglu: false
        use_muon: false
        
Seed set to 4108
[[36m2026-06-13 23:13:52,504[0m][[34m__main__[0m][[32mINFO[0m] - [rank: 0] Instantiating datamodule <src.nn.data.SudokuDataModule>[0m
[[36m2026-06-13 23:13:52,505[0m][[34msrc.nn.data.sudoku_datamodule[0m][[32mINFO[0m] - [rank: 0] ✓ Loaded metadata from ./data/sudoku_extreme_1k_aug_1k/metadata.json[0m
[[36m2026-06-13 23:13:52,505[0m][[34msrc.nn.data.sudoku_datamodule[0m][[32mINFO[0m] - [rank: 0]   Train: 1000 groups, 1001000 total puzzles[0m
[[36m2026-06-13 23:13:52,508[0m][[34m__main__[0m][[32mINFO[0m] - [rank: 0] Setting model config from data module:  num_puzzles = 1 batch_size = 768 vocab_size = 12[0m
[[36m2026-06-13 23:13:52,508[0m][[34m__main__[0m][[32mINFO[0m] - [rank: 0] Instantiating model <src.nn.models.trm.TRMModule>[0m
Failed to import adam2
Auto-casting TRM to torch.bfloat16
[[36m2026-06-13 23:13:53,067[0m][[34msrc.nn.models.trm[0m][[32mINFO[0m] - [rank: 0] Creating TRM with vocab size=12, seq_len=81, puzzle_emb_len=0 pos_emb_type='null' puzzle_emb_dim=0[0m
[[36m2026-06-13 23:13:53,067[0m][[34msrc.nn.models.trm[0m][[32mINFO[0m] - [rank: 0] use_mlp_t=True, use_conv_swiglu=False, use_board_swiglu=False[0m
[[36m2026-06-13 23:13:53,068[0m][[34msrc.nn.models.trm[0m][[32mINFO[0m] - [rank: 0] Not using Rotary Embeddings[0m
[[36m2026-06-13 23:13:53,090[0m][[34msrc.nn.models.trm[0m][[32mINFO[0m] - [rank: 0] puzzle_emb_dim <= 0, not creating puzzle embeddings[0m
[[36m2026-06-13 23:13:53,090[0m][[34m__main__[0m][[32mINFO[0m] - [rank: 0] Instantiating callbacks...[0m
[[36m2026-06-13 23:13:53,090[0m][[34msrc.nn.utils.instantiators[0m][[32mINFO[0m] - [rank: 0] Instantiating callback <lightning.pytorch.callbacks.ModelCheckpoint>[0m
[[36m2026-06-13 23:13:53,092[0m][[34msrc.nn.utils.instantiators[0m][[32mINFO[0m] - [rank: 0] Instantiating callback <src.nn.callbacks.ema.EMACallback>[0m
[[36m2026-06-13 23:13:53,092[0m][[34m__main__[0m][[32mINFO[0m] - [rank: 0] Instantiating loggers...[0m
[[36m2026-06-13 23:13:53,092[0m][[34msrc.nn.utils.instantiators[0m][[32mINFO[0m] - [rank: 0] Instantiating logger <lightning.pytorch.loggers.csv_logs.CSVLogger>[0m
[[36m2026-06-13 23:13:53,093[0m][[34m__main__[0m][[32mINFO[0m] - [rank: 0] Instantiating trainer <lightning.pytorch.trainer.Trainer>[0m
Using bfloat16 Automatic Mixed Precision (AMP)
GPU available: True (cuda), used: True
TPU available: False, using: 0 TPU cores
💡 Tip: For seamless cloud logging and experiment tracking, try installing [litlogger](https://pypi.org/project/litlogger/) to enable LitLogger, which logs metrics and artifacts automatically to the Lightning Experiments platform.
[[36m2026-06-13 23:13:53,099[0m][[34m__main__[0m][[32mINFO[0m] - [rank: 0] Logging hyperparameters![0m
[[36m2026-06-13 23:13:53,106[0m][[34m__main__[0m][[32mINFO[0m] - [rank: 0] Starting training![0m
[[36m2026-06-13 23:13:53,109[0m][[34m__main__[0m][[32mINFO[0m] - [rank: 0] Val check interval: default (1.0)[0m
[[36m2026-06-13 23:13:53,109[0m][[34m__main__[0m][[32mINFO[0m] - [rank: 0] Check val every n epoch: 100[0m
[[36m2026-06-13 23:13:53,109[0m][[34m__main__[0m][[32mINFO[0m] - [rank: 0] Steps per epoch: 1303[0m
[[36m2026-06-13 23:13:53,109[0m][[34m__main__[0m][[32mINFO[0m] - [rank: 0] Max epochs: 50000[0m
[[36m2026-06-13 23:13:53,110[0m][[34m__main__[0m][[32mINFO[0m] - [rank: 0] Batch size: 768[0m
You are using a CUDA device ('NVIDIA GeForce RTX 3090') that has Tensor Cores. To properly utilize them, you should set `torch.set_float32_matmul_precision('medium' | 'high')` which will trade-off precision for performance. For more details, read https://pytorch.org/docs/stable/generated/torch.set_float32_matmul_precision.html#torch.set_float32_matmul_precision
[[36m2026-06-13 23:13:53,358[0m][[34msrc.nn.models.trm[0m][[32mINFO[0m] - [rank: 0] Training configuration:[0m
[[36m2026-06-13 23:13:53,358[0m][[34msrc.nn.models.trm[0m][[32mINFO[0m] - [rank: 0]   Groups (unique puzzles): 1000[0m
[[36m2026-06-13 23:13:53,358[0m][[34msrc.nn.models.trm[0m][[32mINFO[0m] - [rank: 0]   Total puzzles (with aug): 1001000[0m
[[36m2026-06-13 23:13:53,358[0m][[34msrc.nn.models.trm[0m][[32mINFO[0m] - [rank: 0]   Steps per epoch: 1[0m
[[36m2026-06-13 23:13:53,358[0m][[34msrc.nn.models.trm[0m][[32mINFO[0m] - [rank: 0]   Total steps: 50000[0m
[[36m2026-06-13 23:13:53,358[0m][[34msrc.nn.models.trm[0m][[32mINFO[0m] - [rank: 0] Compiling inner_forward with torch.compile...[0m
[[36m2026-06-13 23:13:53,359[0m][[34msrc.nn.models.trm[0m][[32mINFO[0m] - [rank: 0] Compilation successful[0m
Restoring states from the checkpoint path at /home/ianblenke/github.com/ianblenke/carnot/results/trm_runs/sudoku_extreme_baseline/last-v1.ckpt
[[36m2026-06-13 23:13:53,376[0m][[34msrc.nn.models.trm[0m][[32mINFO[0m] - [rank: 0] Restored manual LR step: 19007[0m
LOCAL_RANK: 0 - CUDA_VISIBLE_DEVICES: [1]
┏━━━┳━━━━━━━━━━━━━━━━━┳━━━━━━━━━━━━━━━━━┳━━━━━━━━┳━━━━━━━┳━━━━━━━┓
┃   ┃ Name            ┃ Type            ┃ Params ┃ Mode  ┃ FLOPs ┃
┡━━━╇━━━━━━━━━━━━━━━━━╇━━━━━━━━━━━━━━━━━╇━━━━━━━━╇━━━━━━━╇━━━━━━━┩
│ 0 │ input_embedding │ CastedEmbedding │  6.1 K │ train │     0 │
│ 1 │ lenet           │ ReasoningModule │  4.8 M │ train │     0 │
│ 2 │ lm_head         │ CastedLinear    │  6.1 K │ train │     0 │
│ 3 │ q_head          │ CastedLinear    │    513 │ train │     0 │
└───┴─────────────────┴─────────────────┴────────┴───────┴───────┘
Trainable params: 4.9 M                                                         
Non-trainable params: 0                                                         
Total params: 4.9 M                                                             
Total estimated model params size (MB): 19.423                                  
Modules in train mode: 19                                                       
Modules in eval mode: 0                                                         
Total FLOPs: 0                                                                  
Restored all states from the checkpoint at /home/ianblenke/github.com/ianblenke/carnot/results/trm_runs/sudoku_extreme_baseline/last-v1.ckpt
`weights_only` was not set, defaulting to `False`.
[[36m2026-06-13 23:14:05,344[0m][[34msrc.nn.models.trm[0m][[32mINFO[0m] - [rank: 0] [outer-loop] saved curve snapshot val=0.1725 ep=6401 -> /home/ianblenke/github.com/ianblenke/carnot/results/trm_runs/snapshots[0m
[[36m2026-06-13 23:14:05,345[0m][[34msrc.nn.data.sudoku_datamodule[0m][[32mINFO[0m] - [rank: 0] Creating train dataloader with batch size 768 and num_workers 0 and prefetch_factor None[0m
`weights_only` was not set, defaulting to `False`.
[[36m2026-06-13 23:15:27,177[0m][[34msrc.nn.models.trm[0m][[32mINFO[0m] - [rank: 0] [outer-loop] saved curve snapshot val=0.2021 ep=6499 -> /home/ianblenke/github.com/ianblenke/carnot/results/trm_runs/snapshots[0m
`weights_only` was not set, defaulting to `False`.
[[36m2026-06-13 23:15:27,260[0m][[34msrc.nn.models.trm[0m][[32mINFO[0m] - [rank: 0] [outer-loop] saved new-best checkpoint val/exact_accuracy=0.2021 -> /home/ianblenke/github.com/ianblenke/carnot/results/trm_runs/curve_run/last.ckpt[0m
`weights_only` was not set, defaulting to `False`.
[[36m2026-06-13 23:16:49,009[0m][[34msrc.nn.models.trm[0m][[32mINFO[0m] - [rank: 0] [outer-loop] saved new-best checkpoint val/exact_accuracy=0.2216 -> /home/ianblenke/github.com/ianblenke/carnot/results/trm_runs/curve_run/last.ckpt[0m
`weights_only` was not set, defaulting to `False`.
[[36m2026-06-13 23:18:10,867[0m][[34msrc.nn.models.trm[0m][[32mINFO[0m] - [rank: 0] [outer-loop] saved curve snapshot val=0.2508 ep=6699 -> /home/ianblenke/github.com/ianblenke/carnot/results/trm_runs/snapshots[0m
`weights_only` was not set, defaulting to `False`.
[[36m2026-06-13 23:18:10,944[0m][[34msrc.nn.models.trm[0m][[32mINFO[0m] - [rank: 0] [outer-loop] saved new-best checkpoint val/exact_accuracy=0.2508 -> /home/ianblenke/github.com/ianblenke/carnot/results/trm_runs/curve_run/last.ckpt[0m
`weights_only` was not set, defaulting to `False`.
[[36m2026-06-13 23:19:32,879[0m][[34msrc.nn.models.trm[0m][[32mINFO[0m] - [rank: 0] [outer-loop] saved new-best checkpoint val/exact_accuracy=0.2661 -> /home/ianblenke/github.com/ianblenke/carnot/results/trm_runs/curve_run/last.ckpt[0m
`weights_only` was not set, defaulting to `False`.
[[36m2026-06-13 23:20:54,818[0m][[34msrc.nn.models.trm[0m][[32mINFO[0m] - [rank: 0] [outer-loop] saved curve snapshot val=0.2878 ep=6899 -> /home/ianblenke/github.com/ianblenke/carnot/results/trm_runs/snapshots[0m
`weights_only` was not set, defaulting to `False`.
[[36m2026-06-13 23:20:54,895[0m][[34msrc.nn.models.trm[0m][[32mINFO[0m] - [rank: 0] [outer-loop] saved new-best checkpoint val/exact_accuracy=0.2878 -> /home/ianblenke/github.com/ianblenke/carnot/results/trm_runs/curve_run/last.ckpt[0m
`weights_only` was not set, defaulting to `False`.
[[36m2026-06-13 23:22:16,857[0m][[34msrc.nn.models.trm[0m][[32mINFO[0m] - [rank: 0] [outer-loop] saved new-best checkpoint val/exact_accuracy=0.3109 -> /home/ianblenke/github.com/ianblenke/carnot/results/trm_runs/curve_run/last.ckpt[0m
`weights_only` was not set, defaulting to `False`.
[[36m2026-06-13 23:23:38,791[0m][[34msrc.nn.models.trm[0m][[32mINFO[0m] - [rank: 0] [outer-loop] saved curve snapshot val=0.3255 ep=7099 -> /home/ianblenke/github.com/ianblenke/carnot/results/trm_runs/snapshots[0m
`weights_only` was not set, defaulting to `False`.
[[36m2026-06-13 23:23:38,869[0m][[34msrc.nn.models.trm[0m][[32mINFO[0m] - [rank: 0] [outer-loop] saved new-best checkpoint val/exact_accuracy=0.3255 -> /home/ianblenke/github.com/ianblenke/carnot/results/trm_runs/curve_run/last.ckpt[0m
`weights_only` was not set, defaulting to `False`.
[[36m2026-06-13 23:25:00,852[0m][[34msrc.nn.models.trm[0m][[32mINFO[0m] - [rank: 0] [outer-loop] saved new-best checkpoint val/exact_accuracy=0.3427 -> /home/ianblenke/github.com/ianblenke/carnot/results/trm_runs/curve_run/last.ckpt[0m
`weights_only` was not set, defaulting to `False`.
[[36m2026-06-13 23:26:22,821[0m][[34msrc.nn.models.trm[0m][[32mINFO[0m] - [rank: 0] [outer-loop] saved new-best checkpoint val/exact_accuracy=0.3536 -> /home/ianblenke/github.com/ianblenke/carnot/results/trm_runs/curve_run/last.ckpt[0m
`weights_only` was not set, defaulting to `False`.
[[36m2026-06-13 23:27:44,860[0m][[34msrc.nn.models.trm[0m][[32mINFO[0m] - [rank: 0] [outer-loop] saved new-best checkpoint val/exact_accuracy=0.3727 -> /home/ianblenke/github.com/ianblenke/carnot/results/trm_runs/curve_run/last.ckpt[0m
`weights_only` was not set, defaulting to `False`.
[[36m2026-06-13 23:29:06,931[0m][[34msrc.nn.models.trm[0m][[32mINFO[0m] - [rank: 0] [outer-loop] saved curve snapshot val=0.3914 ep=7499 -> /home/ianblenke/github.com/ianblenke/carnot/results/trm_runs/snapshots[0m
`weights_only` was not set, defaulting to `False`.
[[36m2026-06-13 23:29:07,008[0m][[34msrc.nn.models.trm[0m][[32mINFO[0m] - [rank: 0] [outer-loop] saved new-best checkpoint val/exact_accuracy=0.3914 -> /home/ianblenke/github.com/ianblenke/carnot/results/trm_runs/curve_run/last.ckpt[0m
`weights_only` was not set, defaulting to `False`.
[[36m2026-06-13 23:30:29,140[0m][[34msrc.nn.models.trm[0m][[32mINFO[0m] - [rank: 0] [outer-loop] saved new-best checkpoint val/exact_accuracy=0.4031 -> /home/ianblenke/github.com/ianblenke/carnot/results/trm_runs/curve_run/last.ckpt[0m
`weights_only` was not set, defaulting to `False`.
[[36m2026-06-13 23:31:51,311[0m][[34msrc.nn.models.trm[0m][[32mINFO[0m] - [rank: 0] [outer-loop] saved new-best checkpoint val/exact_accuracy=0.4182 -> /home/ianblenke/github.com/ianblenke/carnot/results/trm_runs/curve_run/last.ckpt[0m
`weights_only` was not set, defaulting to `False`.
[[36m2026-06-13 23:33:13,413[0m][[34msrc.nn.models.trm[0m][[32mINFO[0m] - [rank: 0] [outer-loop] saved curve snapshot val=0.4297 ep=7799 -> /home/ianblenke/github.com/ianblenke/carnot/results/trm_runs/snapshots[0m
`weights_only` was not set, defaulting to `False`.
[[36m2026-06-13 23:33:13,493[0m][[34msrc.nn.models.trm[0m][[32mINFO[0m] - [rank: 0] [outer-loop] saved new-best checkpoint val/exact_accuracy=0.4297 -> /home/ianblenke/github.com/ianblenke/carnot/results/trm_runs/curve_run/last.ckpt[0m
`weights_only` was not set, defaulting to `False`.
[[36m2026-06-13 23:34:35,583[0m][[34msrc.nn.models.trm[0m][[32mINFO[0m] - [rank: 0] [outer-loop] saved new-best checkpoint val/exact_accuracy=0.4411 -> /home/ianblenke/github.com/ianblenke/carnot/results/trm_runs/curve_run/last.ckpt[0m
`weights_only` was not set, defaulting to `False`.
[[36m2026-06-13 23:35:57,610[0m][[34msrc.nn.models.trm[0m][[32mINFO[0m] - [rank: 0] [outer-loop] saved new-best checkpoint val/exact_accuracy=0.4521 -> /home/ianblenke/github.com/ianblenke/carnot/results/trm_runs/curve_run/last.ckpt[0m
`weights_only` was not set, defaulting to `False`.
[[36m2026-06-13 23:37:19,656[0m][[34msrc.nn.models.trm[0m][[32mINFO[0m] - [rank: 0] [outer-loop] saved new-best checkpoint val/exact_accuracy=0.4615 -> /home/ianblenke/github.com/ianblenke/carnot/results/trm_runs/curve_run/last.ckpt[0m
`weights_only` was not set, defaulting to `False`.
[[36m2026-06-13 23:38:41,678[0m][[34msrc.nn.models.trm[0m][[32mINFO[0m] - [rank: 0] [outer-loop] saved new-best checkpoint val/exact_accuracy=0.4724 -> /home/ianblenke/github.com/ianblenke/carnot/results/trm_runs/curve_run/last.ckpt[0m
`weights_only` was not set, defaulting to `False`.
[[36m2026-06-13 23:40:03,711[0m][[34msrc.nn.models.trm[0m][[32mINFO[0m] - [rank: 0] [outer-loop] saved curve snapshot val=0.4779 ep=8299 -> /home/ianblenke/github.com/ianblenke/carnot/results/trm_runs/snapshots[0m
`weights_only` was not set, defaulting to `False`.
[[36m2026-06-13 23:40:03,790[0m][[34msrc.nn.models.trm[0m][[32mINFO[0m] - [rank: 0] [outer-loop] saved new-best checkpoint val/exact_accuracy=0.4779 -> /home/ianblenke/github.com/ianblenke/carnot/results/trm_runs/curve_run/last.ckpt[0m
`weights_only` was not set, defaulting to `False`.
[[36m2026-06-13 23:41:25,865[0m][[34msrc.nn.models.trm[0m][[32mINFO[0m] - [rank: 0] [outer-loop] saved new-best checkpoint val/exact_accuracy=0.4828 -> /home/ianblenke/github.com/ianblenke/carnot/results/trm_runs/curve_run/last.ckpt[0m
`weights_only` was not set, defaulting to `False`.
[[36m2026-06-13 23:42:47,902[0m][[34msrc.nn.models.trm[0m][[32mINFO[0m] - [rank: 0] [outer-loop] saved new-best checkpoint val/exact_accuracy=0.4930 -> /home/ianblenke/github.com/ianblenke/carnot/results/trm_runs/curve_run/last.ckpt[0m
`weights_only` was not set, defaulting to `False`.
[[36m2026-06-13 23:44:09,977[0m][[34msrc.nn.models.trm[0m][[32mINFO[0m] - [rank: 0] [outer-loop] saved new-best checkpoint val/exact_accuracy=0.4995 -> /home/ianblenke/github.com/ianblenke/carnot/results/trm_runs/curve_run/last.ckpt[0m
`weights_only` was not set, defaulting to `False`.
[[36m2026-06-13 23:45:32,038[0m][[34msrc.nn.models.trm[0m][[32mINFO[0m] - [rank: 0] [outer-loop] saved new-best checkpoint val/exact_accuracy=0.5057 -> /home/ianblenke/github.com/ianblenke/carnot/results/trm_runs/curve_run/last.ckpt[0m
`weights_only` was not set, defaulting to `False`.
[[36m2026-06-13 23:46:54,097[0m][[34msrc.nn.models.trm[0m][[32mINFO[0m] - [rank: 0] [outer-loop] saved new-best checkpoint val/exact_accuracy=0.5133 -> /home/ianblenke/github.com/ianblenke/carnot/results/trm_runs/curve_run/last.ckpt[0m
`weights_only` was not set, defaulting to `False`.
[[36m2026-06-13 23:48:16,163[0m][[34msrc.nn.models.trm[0m][[32mINFO[0m] - [rank: 0] [outer-loop] saved new-best checkpoint val/exact_accuracy=0.5159 -> /home/ianblenke/github.com/ianblenke/carnot/results/trm_runs/curve_run/last.ckpt[0m
`weights_only` was not set, defaulting to `False`.
[[36m2026-06-13 23:49:38,244[0m][[34msrc.nn.models.trm[0m][[32mINFO[0m] - [rank: 0] [outer-loop] saved curve snapshot val=0.5258 ep=8999 -> /home/ianblenke/github.com/ianblenke/carnot/results/trm_runs/snapshots[0m
`weights_only` was not set, defaulting to `False`.
[[36m2026-06-13 23:49:38,325[0m][[34msrc.nn.models.trm[0m][[32mINFO[0m] - [rank: 0] [outer-loop] saved new-best checkpoint val/exact_accuracy=0.5258 -> /home/ianblenke/github.com/ianblenke/carnot/results/trm_runs/curve_run/last.ckpt[0m
`weights_only` was not set, defaulting to `False`.
[[36m2026-06-13 23:51:00,361[0m][[34msrc.nn.models.trm[0m][[32mINFO[0m] - [rank: 0] [outer-loop] saved new-best checkpoint val/exact_accuracy=0.5331 -> /home/ianblenke/github.com/ianblenke/carnot/results/trm_runs/curve_run/last.ckpt[0m
`weights_only` was not set, defaulting to `False`.
[[36m2026-06-13 23:53:44,359[0m][[34msrc.nn.models.trm[0m][[32mINFO[0m] - [rank: 0] [outer-loop] saved new-best checkpoint val/exact_accuracy=0.5362 -> /home/ianblenke/github.com/ianblenke/carnot/results/trm_runs/curve_run/last.ckpt[0m
`weights_only` was not set, defaulting to `False`.
[[36m2026-06-13 23:55:06,413[0m][[34msrc.nn.models.trm[0m][[32mINFO[0m] - [rank: 0] [outer-loop] saved new-best checkpoint val/exact_accuracy=0.5424 -> /home/ianblenke/github.com/ianblenke/carnot/results/trm_runs/curve_run/last.ckpt[0m
`weights_only` was not set, defaulting to `False`.
[[36m2026-06-13 23:56:28,479[0m][[34msrc.nn.models.trm[0m][[32mINFO[0m] - [rank: 0] [outer-loop] saved new-best checkpoint val/exact_accuracy=0.5513 -> /home/ianblenke/github.com/ianblenke/carnot/results/trm_runs/curve_run/last.ckpt[0m
`weights_only` was not set, defaulting to `False`.
[[36m2026-06-13 23:57:50,504[0m][[34msrc.nn.models.trm[0m][[32mINFO[0m] - [rank: 0] [outer-loop] saved new-best checkpoint val/exact_accuracy=0.5570 -> /home/ianblenke/github.com/ianblenke/carnot/results/trm_runs/curve_run/last.ckpt[0m
`weights_only` was not set, defaulting to `False`.
[[36m2026-06-13 23:59:12,558[0m][[34msrc.nn.models.trm[0m][[32mINFO[0m] - [rank: 0] [outer-loop] saved new-best checkpoint val/exact_accuracy=0.5576 -> /home/ianblenke/github.com/ianblenke/carnot/results/trm_runs/curve_run/last.ckpt[0m
`weights_only` was not set, defaulting to `False`.
[[36m2026-06-14 00:00:34,558[0m][[34msrc.nn.models.trm[0m][[32mINFO[0m] - [rank: 0] [outer-loop] saved new-best checkpoint val/exact_accuracy=0.5638 -> /home/ianblenke/github.com/ianblenke/carnot/results/trm_runs/curve_run/last.ckpt[0m
`weights_only` was not set, defaulting to `False`.
[[36m2026-06-14 00:03:18,569[0m][[34msrc.nn.models.trm[0m][[32mINFO[0m] - [rank: 0] [outer-loop] saved new-best checkpoint val/exact_accuracy=0.5664 -> /home/ianblenke/github.com/ianblenke/carnot/results/trm_runs/curve_run/last.ckpt[0m
`weights_only` was not set, defaulting to `False`.
[[36m2026-06-14 00:04:40,671[0m][[34msrc.nn.models.trm[0m][[32mINFO[0m] - [rank: 0] [outer-loop] saved new-best checkpoint val/exact_accuracy=0.5693 -> /home/ianblenke/github.com/ianblenke/carnot/results/trm_runs/curve_run/last.ckpt[0m
`weights_only` was not set, defaulting to `False`.
[[36m2026-06-14 00:06:02,705[0m][[34msrc.nn.models.trm[0m][[32mINFO[0m] - [rank: 0] [outer-loop] saved new-best checkpoint val/exact_accuracy=0.5747 -> /home/ianblenke/github.com/ianblenke/carnot/results/trm_runs/curve_run/last.ckpt[0m
`weights_only` was not set, defaulting to `False`.
[[36m2026-06-14 00:07:24,756[0m][[34msrc.nn.models.trm[0m][[32mINFO[0m] - [rank: 0] [outer-loop] saved curve snapshot val=0.5805 ep=10299 -> /home/ianblenke/github.com/ianblenke/carnot/results/trm_runs/snapshots[0m
`weights_only` was not set, defaulting to `False`.
[[36m2026-06-14 00:07:24,836[0m][[34msrc.nn.models.trm[0m][[32mINFO[0m] - [rank: 0] [outer-loop] saved new-best checkpoint val/exact_accuracy=0.5805 -> /home/ianblenke/github.com/ianblenke/carnot/results/trm_runs/curve_run/last.ckpt[0m
`weights_only` was not set, defaulting to `False`.
[[36m2026-06-14 00:08:46,927[0m][[34msrc.nn.models.trm[0m][[32mINFO[0m] - [rank: 0] [outer-loop] saved new-best checkpoint val/exact_accuracy=0.5826 -> /home/ianblenke/github.com/ianblenke/carnot/results/trm_runs/curve_run/last.ckpt[0m
`weights_only` was not set, defaulting to `False`.
[[36m2026-06-14 00:10:09,013[0m][[34msrc.nn.models.trm[0m][[32mINFO[0m] - [rank: 0] [outer-loop] saved new-best checkpoint val/exact_accuracy=0.5914 -> /home/ianblenke/github.com/ianblenke/carnot/results/trm_runs/curve_run/last.ckpt[0m
`weights_only` was not set, defaulting to `False`.
[[36m2026-06-14 00:11:31,130[0m][[34msrc.nn.models.trm[0m][[32mINFO[0m] - [rank: 0] [outer-loop] saved new-best checkpoint val/exact_accuracy=0.5956 -> /home/ianblenke/github.com/ianblenke/carnot/results/trm_runs/curve_run/last.ckpt[0m
`weights_only` was not set, defaulting to `False`.
[[36m2026-06-14 00:12:53,232[0m][[34msrc.nn.models.trm[0m][[32mINFO[0m] - [rank: 0] [outer-loop] saved new-best checkpoint val/exact_accuracy=0.5982 -> /home/ianblenke/github.com/ianblenke/carnot/results/trm_runs/curve_run/last.ckpt[0m
`weights_only` was not set, defaulting to `False`.
[[36m2026-06-14 00:15:37,540[0m][[34msrc.nn.models.trm[0m][[32mINFO[0m] - [rank: 0] [outer-loop] saved new-best checkpoint val/exact_accuracy=0.6047 -> /home/ianblenke/github.com/ianblenke/carnot/results/trm_runs/curve_run/last.ckpt[0m
`weights_only` was not set, defaulting to `False`.
[[36m2026-06-14 00:16:59,749[0m][[34msrc.nn.models.trm[0m][[32mINFO[0m] - [rank: 0] [outer-loop] saved new-best checkpoint val/exact_accuracy=0.6099 -> /home/ianblenke/github.com/ianblenke/carnot/results/trm_runs/curve_run/last.ckpt[0m
`weights_only` was not set, defaulting to `False`.
[[36m2026-06-14 00:18:21,806[0m][[34msrc.nn.models.trm[0m][[32mINFO[0m] - [rank: 0] [outer-loop] saved new-best checkpoint val/exact_accuracy=0.6107 -> /home/ianblenke/github.com/ianblenke/carnot/results/trm_runs/curve_run/last.ckpt[0m
`weights_only` was not set, defaulting to `False`.
[[36m2026-06-14 00:19:44,019[0m][[34msrc.nn.models.trm[0m][[32mINFO[0m] - [rank: 0] [outer-loop] saved new-best checkpoint val/exact_accuracy=0.6125 -> /home/ianblenke/github.com/ianblenke/carnot/results/trm_runs/curve_run/last.ckpt[0m
`weights_only` was not set, defaulting to `False`.
[[36m2026-06-14 00:21:06,157[0m][[34msrc.nn.models.trm[0m][[32mINFO[0m] - [rank: 0] [outer-loop] saved new-best checkpoint val/exact_accuracy=0.6138 -> /home/ianblenke/github.com/ianblenke/carnot/results/trm_runs/curve_run/last.ckpt[0m
`weights_only` was not set, defaulting to `False`.
[[36m2026-06-14 00:22:28,273[0m][[34msrc.nn.models.trm[0m][[32mINFO[0m] - [rank: 0] [outer-loop] saved new-best checkpoint val/exact_accuracy=0.6195 -> /home/ianblenke/github.com/ianblenke/carnot/results/trm_runs/curve_run/last.ckpt[0m
`weights_only` was not set, defaulting to `False`.
[[36m2026-06-14 00:25:12,577[0m][[34msrc.nn.models.trm[0m][[32mINFO[0m] - [rank: 0] [outer-loop] saved curve snapshot val=0.6263 ep=11599 -> /home/ianblenke/github.com/ianblenke/carnot/results/trm_runs/snapshots[0m
`weights_only` was not set, defaulting to `False`.
[[36m2026-06-14 00:25:12,659[0m][[34msrc.nn.models.trm[0m][[32mINFO[0m] - [rank: 0] [outer-loop] saved new-best checkpoint val/exact_accuracy=0.6263 -> /home/ianblenke/github.com/ianblenke/carnot/results/trm_runs/curve_run/last.ckpt[0m
[rank: 0] Received SIGTERM: 15
[[36m2026-06-14 00:26:29,979[0m][[34msrc.nn.utils.utils[0m][[32mINFO[0m] - [rank: 0] Output dir: /home/ianblenke/github.com/ianblenke/carnot/results/trm_runs/curve_run_hydra[0m
