[exp8071] phase=start elapsed_s=0.000 completed=0 pending=0
[exp8071] phase=before_model_load elapsed_s=0.044 completed=0 pending=0
[exp8071] phase=after_model_load elapsed_s=7.510 completed=0 pending=0
[exp8059] phase=token_view_seal elapsed_s=7.501 completed=1 pending=7
[exp8059] phase=token_view_seal elapsed_s=7.511 completed=2 pending=6
[exp8059] phase=token_view_seal elapsed_s=7.521 completed=3 pending=5
[exp8059] phase=token_view_seal elapsed_s=7.532 completed=4 pending=4
[exp8059] phase=token_view_seal elapsed_s=7.564 completed=5 pending=3
[exp8059] phase=token_view_seal elapsed_s=7.573 completed=6 pending=2
[exp8059] phase=token_view_seal elapsed_s=7.579 completed=7 pending=1
[exp8059] phase=token_view_seal elapsed_s=7.603 completed=8 pending=0
[exp8071] phase=before_native_forward elapsed_s=7.678 completed=0 pending=0
[exp8022] phase=8033_before_context_create elapsed_s=0.000 completed=0 pending=0
[exp8022] phase=8033_after_context_create elapsed_s=0.042 completed=0 pending=0
[exp8022] phase=8033_before_eval elapsed_s=0.053 completed=0 pending=1011
[exp8022] phase=8033_after_eval elapsed_s=1.827 completed=1011 pending=0
[exp8022] phase=8033_before_context_close elapsed_s=2.539 completed=0 pending=0
[exp8022] phase=8033_after_context_close elapsed_s=3.066 completed=0 pending=0
[exp8071] phase=after_native_forward elapsed_s=10.756 completed=0 pending=0
[exp8071] phase=before_model_cleanup elapsed_s=10.759 completed=0 pending=0
[exp8071] phase=after_model_cleanup elapsed_s=10.939 completed=0 pending=0
