=== phase1c on GPU idx 0 GPU-b52387a2-c625-de87-8d34-e6f64e684bab (waited 0.0s) ===
{
  "cell": "default_mtpON_81920_q8_0",
  "n_ctx": 81920,
  "kv": "q8_0",
  "mtp": true,
  "pid": 2788358,
  "health_200": false,
  "load_seconds": 18.0,
  "exit_code_during_load": 1,
  "peak_resident_mib": 23874,
  "proven_gpu_uuid": "GPU-b52387a2-c625-de87-8d34-e6f64e684bab",
  "vram_samples": 17,
  "bus_fault": false,
  "final_exit_code": 1,
  "headroom_vs_total_24123": 249,
  "log_markers": {
    "out of memory": [
      "0.15.544.399 E ggml_backend_cuda_buffer_type_alloc_buffer: allocating 17459.85 MiB on device 0: cudaMalloc failed: out of memory"
    ],
    "draft": [
      "0.13.810.733 I srv    load_model: loading draft model '/home/ianblenke/.cache/huggingface/hub/models--unsloth--gemma-4-31B-it-GGUF/snapshots/f130ba51393346288f5862e30e9586b9b021513f/gemma-4-31B-it-Q4_K_M.gguf'",
      "0.15.859.768 E srv    load_model: failed to load draft model, '/home/ianblenke/.cache/huggingface/hub/models--unsloth--gemma-4-31B-it-GGUF/snapshots/f130ba51393346288f5862e30e9586b9b021513f/gemma-4-31B-it-Q4_K_M.gguf'"
    ],
    "error": [
      "0.15.859.743 E llama_model_load: error loading model: unable to allocate CUDA0 buffer",
      "0.15.861.014 E srv  llama_server: exiting due to model loading error"
    ]
  }
}
WROTE phase1c_results.json
