{
  "reports": [
    {
      "artifact": "/home/ianblenke/github.com/ianblenke/carnot/results/raw/experiment_8318_v718_contract_replay/invocations/1791504466370859699/legitimate_zero.json",
      "loaded": true,
      "exp_id": 8318,
      "title": "",
      "honest_verdict": "complete_circular_positive_arithmetic_control",
      "flag_count": 1,
      "max_severity": 0,
      "flags": [
        {
          "kind": "IMPLAUSIBLE_PERFECT",
          "severity": "info",
          "detail": "dense_sparse_error_max=0.0 (exactly zero). Confirm this is not a stub default."
        }
      ],
      "gate_version": "38e6c300bcbcf8e5649026dbf73383305e0b3b2ac77a16a15147fc463659432e"
    }
  ],
  "flagged_count": 1
}
