============================= test session starts ==============================
platform linux -- Python 3.12.13, pytest-9.0.3, pluggy-1.6.0
rootdir: /home/ianblenke/github.com/ianblenke/carnot
configfile: pyproject.toml
plugins: xdist-3.8.0, jaxtyping-0.3.10, cov-7.1.0, hydra-core-1.3.3, anyio-4.13.0, hypothesis-6.155.2
created: 4/4 workers
4 workers [74249 items]

........................................................................ [  0%]
........................................................................ [  0%]
........................................................................ [  0%]
...............................................F.........F.............. [  0%]
........................................................................ [  0%]
........................................................................ [  0%]
........................................................................ [  0%]
................................................F......................F [  0%]
............................F........................................... [  0%]
........................................................................ [  0%]
........................................................................ [  1%]
........................................................................ [  1%]
........................................................................ [  1%]
...F.................................................................... [  1%]
...Fssssss........s..................................................... [  1%]
.....F........F......F.........F......FFF............................... [  1%]
........................................................................ [  1%]
................................................ssssssssssssssss........ [  1%]
........................................................................ [  1%]
.............................................................F.......... [  1%]
............F.F......................................................... [  2%]
........................................................................ [  2%]
........................................................................ [  2%]
........................................................................ [  2%]
........................................................................ [  2%]
......................................F................................. [  2%]
...............................F........................................ [  2%]
.................................FF..................................... [  2%]
........................................................................ [  2%]
........................................................................ [  2%]
........................................................................ [  3%]
........................................................................ [  3%]
........................................................................ [  3%]
........................................................................ [  3%]
....F.........................................................F......... [  3%]
........................................................................ [  3%]
.........................................F.............................. [  3%]
........................................................................ [  3%]
........................................................................ [  3%]
.................................................................F...... [  3%]
........................................................................ [  3%]
........................................................................ [  4%]
........................................................................ [  4%]
........................................................................ [  4%]
..................................................................s..... [  4%]
........................................................................ [  4%]
........................................................................ [  4%]
........................................................................ [  4%]
........................................................................ [  4%]
........................................................................ [  4%]
........................................................................ [  4%]
........................................................................ [  5%]
................F....................................................... [  5%]
........................................................................ [  5%]
........................................................................ [  5%]
........................................................................ [  5%]
........................................................................ [  5%]
........................................................................ [  5%]
..........................................................F............. [  5%]
.........F..F.F......................................................... [  5%]
........................................................................ [  5%]
........................................................................ [  6%]
........................................................................ [  6%]
........................................................................ [  6%]
........................................................................ [  6%]
........................................................................ [  6%]
........................................................................ [  6%]
........................................................................ [  6%]
........................................................................ [  6%]
........................................................................ [  6%]
........................................................................ [  6%]
........................................................................ [  6%]
........................................................................ [  7%]
........................................................................ [  7%]
........................................................................ [  7%]
........................................................................ [  7%]
........................................................................ [  7%]
......F.F..........................................F.................... [  7%]
........................................................................ [  7%]
...............................s........................................ [  7%]
................................sssss.....ssssss........................ [  7%]
........................................................................ [  7%]
........................................................................ [  8%]
................F....................................................... [  8%]
........................................................................ [  8%]
........................................................................ [  8%]
........................................................................ [  8%]
........................................................................ [  8%]
........................................................................ [  8%]
........................................................................ [  8%]
........................................................................ [  8%]
........................................................................ [  8%]
........................................................................ [  9%]
........................................................................ [  9%]
........................................................................ [  9%]
........................................................................ [  9%]
........................................................................ [  9%]
........................................................................ [  9%]
........................................................................ [  9%]
............................................FFFFFFFFFFFFFFFFFFFFFFFFFFFF [  9%]
FFFF..........F.......F......................FF......................... [  9%]
........................................................................ [  9%]
........................................FF.............................. [  9%]
........................................................................ [ 10%]
........................................................................ [ 10%]
........................................................................ [ 10%]
........................................................................ [ 10%]
........................................................................ [ 10%]
........................................................................ [ 10%]
......................s................................................. [ 10%]
.......................................................................F [ 10%]
........................................................................ [ 10%]
........................................................................ [ 10%]
........................................................................ [ 11%]
........................................................................ [ 11%]
........................................................................ [ 11%]
........................................................................ [ 11%]
........................................................................ [ 11%]
........................ssssssssssssss.................................. [ 11%]
.................................................F.....F................ [ 11%]
........................................................................ [ 11%]
.........................................................FFF..FFFFF..... [ 11%]
.....s......................................................F.F..FF..... [ 11%]
........................................................................ [ 12%]
........................................................................ [ 12%]
........................................................................ [ 12%]
.........................................F.............................. [ 12%]
...........................F............................................ [ 12%]
.FF..F.F..............................................FssF....FFFFFFFFFF [ 12%]
FFF..........................................FF.F..F..FF................ [ 12%]
.........................................FFF............................ [ 12%]
...............................FF....................................... [ 12%]
........................................................................ [ 12%]
........................................................................ [ 12%]
....................................sss................................. [ 13%]
...........................................sssssssssssssss.............. [ 13%]
........................................................................ [ 13%]
........................................................................ [ 13%]
........................................................................ [ 13%]
.............................................s........F................. [ 13%]
........................................................................ [ 13%]
........................................................................ [ 13%]
........................................................................ [ 13%]
.........................F.............................................. [ 13%]
........................................................................ [ 14%]
........................................................................ [ 14%]
........................................................................ [ 14%]
........................................................................ [ 14%]
........................................................................ [ 14%]
........................................................................ [ 14%]
............s........................................................... [ 14%]
........................................................................ [ 14%]
........................................................................ [ 14%]
...........................................s.............F.............. [ 14%]
.............FFFF........................FFF............................ [ 15%]
.............F....FF.................................................... [ 15%]
sssssssssssF..FF........FF.................................F............ [ 15%]
........................................................................ [ 15%]
........................F...FF.....F....FFFFFF.F..FFF.F.FF.............. [ 15%]
........................................................................ [ 15%]
........................F.....................F......................... [ 15%]
....................................................................F... [ 15%]
..................................F...F.FFFF.F.......................... [ 15%]
.............................FF.................F.F.F......FF........F.. [ 15%]
..FF.F.......F............F...F.............................F........... [ 16%]
........................................................................ [ 16%]
........................................................................ [ 16%]
........................................................................ [ 16%]
........................................................................ [ 16%]
........................................................................ [ 16%]
........................................................................ [ 16%]
........................................F............................... [ 16%]
........FFF.F........................................................... [ 16%]
........................................................................ [ 16%]
........................................................................ [ 16%]
........................F............................................... [ 17%]
.....F.F.....F.......................................................... [ 17%]
............................F.F...FF.................................... [ 17%]
...............................F........................................ [ 17%]
..........F..........F.................................................. [ 17%]
.................................................................F...... [ 17%]
................................................F..F.F....F.......F..... [ 17%]
..F...F......F.......................................................... [ 17%]
........................................................................ [ 17%]
........................................................................ [ 17%]
........................................................................ [ 18%]
........................................................................ [ 18%]
........................................................................ [ 18%]
........................................................................ [ 18%]
........................................................................ [ 18%]
........................................................................ [ 18%]
........................................................................ [ 18%]
........................................................................ [ 18%]
........................................................................ [ 18%]
.....................................F...F.F..........F................. [ 18%]
...........................................F..........................F. [ 19%]
..................................F..................................... [ 19%]
........................................................................ [ 19%]
........................................................................ [ 19%]
........................................................................ [ 19%]
............................................F..................F........ [ 19%]
.................................F...................................... [ 19%]
..............F.F..F..F.........F....................................... [ 19%]
............F.F..F..........F......F.................................... [ 19%]
..............F...F...............................F..................... [ 19%]
........................................................F.FFF........... [ 19%]
.F............................F......................................... [ 20%]
........................................................................ [ 20%]
........F..F......................................s............F........ [ 20%]
F....................................................................... [ 20%]
.............................F.................F..F..................... [ 20%]
........................F............................................... [ 20%]
...................................................................FF... [ 20%]
........................................................................ [ 20%]
........................................................................ [ 20%]
........................................................................ [ 20%]
.F/home/ianblenke/github.com/ianblenke/carnot/.venv/lib/python3.12/site-packages/_pytest/main.py:353: PluggyTeardownRaisedWarning: A plugin raised an exception during an old-style hookwrapper teardown.
Plugin: 140521740323920, Hook: pytest_sessionfinish
OSError: cannot send (already closed?)
For more information see https://pluggy.readthedocs.io/en/stable/api_reference.html#pluggy.PluggyTeardownRaisedWarning
  config.hook.pytest_sessionfinish(
/home/ianblenke/github.com/ianblenke/carnot/.venv/lib/python3.12/site-packages/_pytest/main.py:353: PluggyTeardownRaisedWarning: A plugin raised an exception during an old-style hookwrapper teardown.
Plugin: 140153871280048, Hook: pytest_sessionfinish
OSError: cannot send (already closed?)
For more information see https://pluggy.readthedocs.io/en/stable/api_reference.html#pluggy.PluggyTeardownRaisedWarning
  config.hook.pytest_sessionfinish(
/home/ianblenke/github.com/ianblenke/carnot/.venv/lib/python3.12/site-packages/_pytest/main.py:353: PluggyTeardownRaisedWarning: A plugin raised an exception during an old-style hookwrapper teardown.
Plugin: 139829283580544, Hook: pytest_sessionfinish
OSError: cannot send (already closed?)
For more information see https://pluggy.readthedocs.io/en/stable/api_reference.html#pluggy.PluggyTeardownRaisedWarning
  config.hook.pytest_sessionfinish(
Fatal Python error: Segmentation fault

Current thread 0x00007f781f6ba780 (most recent call first):
  <no Python frame>
