[exp7811] start elapsed_s=0 completed_units=0
[exp7811] phase=preflight event=before elapsed_s=0.000 completed_units=0
[exp7811] phase=preflight event=after elapsed_s=0.006 completed_units=24
[exp7811] phase=numerical event=before_benchmark_response_set_67815 elapsed_s=0.007 completed_units=0
[exp7811] phase=features event=before_generation_fit elapsed_s=0.000 completed_units=0
[exp7811] phase=features event=after_generation_fit elapsed_s=0.121 completed_units=1
[exp7811] phase=features event=before_generation_tune elapsed_s=0.121 completed_units=1
[exp7811] phase=features event=after_generation_tune elapsed_s=0.122 completed_units=2
[exp7811] phase=features event=before_generation_evaluation elapsed_s=0.122 completed_units=2
[exp7811] phase=features event=after_generation_evaluation elapsed_s=0.123 completed_units=3
[exp7811] phase=fit event=before_benchmark elapsed_s=0.166 completed_units=0
[exp7811] phase=fit event=after_benchmark elapsed_s=2.282 completed_units=2
[exp7811] phase=head event=before_model_save elapsed_s=2.476 completed_units=0
[exp7811] phase=head event=after_model_save elapsed_s=2.476 completed_units=1
[exp7811] phase=head event=before_model_load elapsed_s=2.476 completed_units=1
[exp7811] phase=head event=after_model_load elapsed_s=2.484 completed_units=2
[exp7811] phase=numerical event=after_benchmark_response_set_67815 elapsed_s=2.607 completed_units=1
[exp7811] phase=numerical event=before_benchmark_response_set_67816 elapsed_s=2.607 completed_units=1
[exp7811] phase=features event=before_generation_fit elapsed_s=0.000 completed_units=0
[exp7811] phase=features event=after_generation_fit elapsed_s=0.001 completed_units=1
[exp7811] phase=features event=before_generation_tune elapsed_s=0.001 completed_units=1
[exp7811] phase=features event=after_generation_tune elapsed_s=0.002 completed_units=2
[exp7811] phase=features event=before_generation_evaluation elapsed_s=0.002 completed_units=2
[exp7811] phase=features event=after_generation_evaluation elapsed_s=0.002 completed_units=3
[exp7811] phase=fit event=before_benchmark elapsed_s=0.003 completed_units=0
[exp7811] phase=fit event=after_benchmark elapsed_s=0.020 completed_units=2
[exp7811] phase=head event=before_model_save elapsed_s=0.023 completed_units=0
[exp7811] phase=head event=after_model_save elapsed_s=0.024 completed_units=1
[exp7811] phase=head event=before_model_load elapsed_s=0.024 completed_units=1
[exp7811] phase=head event=after_model_load elapsed_s=0.024 completed_units=2
[exp7811] phase=numerical event=after_benchmark_response_set_67816 elapsed_s=2.650 completed_units=2
[exp7811] phase=numerical event=before_benchmark_response_set_67817 elapsed_s=2.650 completed_units=2
[exp7811] phase=features event=before_generation_fit elapsed_s=0.000 completed_units=0
[exp7811] phase=features event=after_generation_fit elapsed_s=0.001 completed_units=1
[exp7811] phase=features event=before_generation_tune elapsed_s=0.001 completed_units=1
[exp7811] phase=features event=after_generation_tune elapsed_s=0.002 completed_units=2
[exp7811] phase=features event=before_generation_evaluation elapsed_s=0.002 completed_units=2
[exp7811] phase=features event=after_generation_evaluation elapsed_s=0.002 completed_units=3
[exp7811] phase=fit event=before_benchmark elapsed_s=0.002 completed_units=0
[exp7811] phase=fit event=after_benchmark elapsed_s=0.020 completed_units=2
[exp7811] phase=head event=before_model_save elapsed_s=0.023 completed_units=0
[exp7811] phase=head event=after_model_save elapsed_s=0.023 completed_units=1
[exp7811] phase=head event=before_model_load elapsed_s=0.023 completed_units=1
[exp7811] phase=head event=after_model_load elapsed_s=0.023 completed_units=2
[exp7811] phase=numerical event=after_benchmark_response_set_67817 elapsed_s=2.692 completed_units=3
[exp7811] phase=numerical event=before_benchmark_local_set_67815 elapsed_s=2.692 completed_units=3
[exp7811] phase=features event=before_generation_fit elapsed_s=0.000 completed_units=0
[exp7811] phase=features event=after_generation_fit elapsed_s=0.001 completed_units=1
[exp7811] phase=features event=before_generation_tune elapsed_s=0.001 completed_units=1
[exp7811] phase=features event=after_generation_tune elapsed_s=0.002 completed_units=2
[exp7811] phase=features event=before_generation_evaluation elapsed_s=0.002 completed_units=2
[exp7811] phase=features event=after_generation_evaluation elapsed_s=0.002 completed_units=3
[exp7811] phase=fit event=before_benchmark elapsed_s=0.002 completed_units=0
[exp7811] phase=fit event=after_benchmark elapsed_s=0.409 completed_units=2
[exp7811] phase=head event=before_model_save elapsed_s=0.412 completed_units=0
[exp7811] phase=head event=after_model_save elapsed_s=0.412 completed_units=1
[exp7811] phase=head event=before_model_load elapsed_s=0.412 completed_units=1
[exp7811] phase=head event=after_model_load elapsed_s=0.413 completed_units=2
[exp7811] phase=numerical event=after_benchmark_local_set_67815 elapsed_s=3.238 completed_units=4
[exp7811] phase=numerical event=before_benchmark_local_set_67816 elapsed_s=3.238 completed_units=4
[exp7811] phase=features event=before_generation_fit elapsed_s=0.000 completed_units=0
[exp7811] phase=features event=after_generation_fit elapsed_s=0.001 completed_units=1
[exp7811] phase=features event=before_generation_tune elapsed_s=0.001 completed_units=1
[exp7811] phase=features event=after_generation_tune elapsed_s=0.002 completed_units=2
[exp7811] phase=features event=before_generation_evaluation elapsed_s=0.002 completed_units=2
[exp7811] phase=features event=after_generation_evaluation elapsed_s=0.002 completed_units=3
[exp7811] phase=fit event=before_benchmark elapsed_s=0.002 completed_units=0
[exp7811] phase=fit event=after_benchmark elapsed_s=0.036 completed_units=2
[exp7811] phase=head event=before_model_save elapsed_s=0.039 completed_units=0
[exp7811] phase=head event=after_model_save elapsed_s=0.039 completed_units=1
[exp7811] phase=head event=before_model_load elapsed_s=0.039 completed_units=1
[exp7811] phase=head event=after_model_load elapsed_s=0.039 completed_units=2
[exp7811] phase=numerical event=after_benchmark_local_set_67816 elapsed_s=3.306 completed_units=5
[exp7811] phase=numerical event=before_benchmark_local_set_67817 elapsed_s=3.306 completed_units=5
[exp7811] phase=features event=before_generation_fit elapsed_s=0.000 completed_units=0
[exp7811] phase=features event=after_generation_fit elapsed_s=0.001 completed_units=1
[exp7811] phase=features event=before_generation_tune elapsed_s=0.001 completed_units=1
[exp7811] phase=features event=after_generation_tune elapsed_s=0.002 completed_units=2
[exp7811] phase=features event=before_generation_evaluation elapsed_s=0.002 completed_units=2
[exp7811] phase=features event=after_generation_evaluation elapsed_s=0.002 completed_units=3
[exp7811] phase=fit event=before_benchmark elapsed_s=0.002 completed_units=0
[exp7811] phase=fit event=after_benchmark elapsed_s=0.035 completed_units=2
[exp7811] phase=head event=before_model_save elapsed_s=0.038 completed_units=0
[exp7811] phase=head event=after_model_save elapsed_s=0.038 completed_units=1
[exp7811] phase=head event=before_model_load elapsed_s=0.038 completed_units=1
[exp7811] phase=head event=after_model_load elapsed_s=0.039 completed_units=2
[exp7811] phase=numerical event=after_benchmark_local_set_67817 elapsed_s=3.372 completed_units=6
[exp7811] phase=numerical event=before_benchmark_augmented_set_67815 elapsed_s=3.372 completed_units=6
[exp7811] phase=features event=before_generation_fit elapsed_s=0.000 completed_units=0
[exp7811] phase=features event=after_generation_fit elapsed_s=0.001 completed_units=1
[exp7811] phase=features event=before_generation_tune elapsed_s=0.001 completed_units=1
[exp7811] phase=features event=after_generation_tune elapsed_s=0.002 completed_units=2
[exp7811] phase=features event=before_generation_evaluation elapsed_s=0.002 completed_units=2
[exp7811] phase=features event=after_generation_evaluation elapsed_s=0.002 completed_units=3
[exp7811] phase=fit event=before_benchmark elapsed_s=0.002 completed_units=0
[exp7811] phase=fit event=after_benchmark elapsed_s=0.194 completed_units=2
[exp7811] phase=head event=before_model_save elapsed_s=0.198 completed_units=0
[exp7811] phase=head event=after_model_save elapsed_s=0.198 completed_units=1
[exp7811] phase=head event=before_model_load elapsed_s=0.198 completed_units=1
[exp7811] phase=head event=after_model_load elapsed_s=0.199 completed_units=2
[exp7811] phase=numerical event=after_benchmark_augmented_set_67815 elapsed_s=3.605 completed_units=7
[exp7811] phase=numerical event=before_benchmark_augmented_set_67816 elapsed_s=3.605 completed_units=7
[exp7811] phase=features event=before_generation_fit elapsed_s=0.000 completed_units=0
[exp7811] phase=features event=after_generation_fit elapsed_s=0.001 completed_units=1
[exp7811] phase=features event=before_generation_tune elapsed_s=0.001 completed_units=1
[exp7811] phase=features event=after_generation_tune elapsed_s=0.002 completed_units=2
[exp7811] phase=features event=before_generation_evaluation elapsed_s=0.002 completed_units=2
[exp7811] phase=features event=after_generation_evaluation elapsed_s=0.002 completed_units=3
[exp7811] phase=fit event=before_benchmark elapsed_s=0.002 completed_units=0
[exp7811] phase=fit event=after_benchmark elapsed_s=0.066 completed_units=2
[exp7811] phase=head event=before_model_save elapsed_s=0.070 completed_units=0
[exp7811] phase=head event=after_model_save elapsed_s=0.070 completed_units=1
[exp7811] phase=head event=before_model_load elapsed_s=0.070 completed_units=1
[exp7811] phase=head event=after_model_load elapsed_s=0.071 completed_units=2
[exp7811] phase=numerical event=after_benchmark_augmented_set_67816 elapsed_s=3.710 completed_units=8
[exp7811] phase=numerical event=before_benchmark_augmented_set_67817 elapsed_s=3.710 completed_units=8
[exp7811] phase=features event=before_generation_fit elapsed_s=0.000 completed_units=0
[exp7811] phase=features event=after_generation_fit elapsed_s=0.001 completed_units=1
[exp7811] phase=features event=before_generation_tune elapsed_s=0.001 completed_units=1
[exp7811] phase=features event=after_generation_tune elapsed_s=0.002 completed_units=2
[exp7811] phase=features event=before_generation_evaluation elapsed_s=0.002 completed_units=2
[exp7811] phase=features event=after_generation_evaluation elapsed_s=0.002 completed_units=3
[exp7811] phase=fit event=before_benchmark elapsed_s=0.002 completed_units=0
[exp7811] phase=fit event=after_benchmark elapsed_s=0.065 completed_units=2
[exp7811] phase=head event=before_model_save elapsed_s=0.069 completed_units=0
[exp7811] phase=head event=after_model_save elapsed_s=0.069 completed_units=1
[exp7811] phase=head event=before_model_load elapsed_s=0.069 completed_units=1
[exp7811] phase=head event=after_model_load elapsed_s=0.070 completed_units=2
[exp7811] phase=numerical event=after_benchmark_augmented_set_67817 elapsed_s=3.815 completed_units=9
[exp7811] phase=numerical event=before_benchmark_constrained_set_67815 elapsed_s=3.815 completed_units=9
[exp7811] phase=features event=before_generation_fit elapsed_s=0.000 completed_units=0
[exp7811] phase=features event=after_generation_fit elapsed_s=0.001 completed_units=1
[exp7811] phase=features event=before_generation_tune elapsed_s=0.001 completed_units=1
[exp7811] phase=features event=after_generation_tune elapsed_s=0.002 completed_units=2
[exp7811] phase=features event=before_generation_evaluation elapsed_s=0.002 completed_units=2
[exp7811] phase=features event=after_generation_evaluation elapsed_s=0.002 completed_units=3
[exp7811] phase=fit event=before_benchmark elapsed_s=0.002 completed_units=0
[exp7811] phase=fit event=after_benchmark elapsed_s=0.204 completed_units=2
[exp7811] phase=head event=before_model_save elapsed_s=0.208 completed_units=0
[exp7811] phase=head event=after_model_save elapsed_s=0.208 completed_units=1
[exp7811] phase=head event=before_model_load elapsed_s=0.208 completed_units=1
[exp7811] phase=head event=after_model_load elapsed_s=0.208 completed_units=2
[exp7811] phase=numerical event=after_benchmark_constrained_set_67815 elapsed_s=4.124 completed_units=10
[exp7811] phase=numerical event=before_benchmark_constrained_set_67816 elapsed_s=4.124 completed_units=10
[exp7811] phase=features event=before_generation_fit elapsed_s=0.000 completed_units=0
[exp7811] phase=features event=after_generation_fit elapsed_s=0.001 completed_units=1
[exp7811] phase=features event=before_generation_tune elapsed_s=0.001 completed_units=1
[exp7811] phase=features event=after_generation_tune elapsed_s=0.002 completed_units=2
[exp7811] phase=features event=before_generation_evaluation elapsed_s=0.002 completed_units=2
[exp7811] phase=features event=after_generation_evaluation elapsed_s=0.002 completed_units=3
[exp7811] phase=fit event=before_benchmark elapsed_s=0.002 completed_units=0
[exp7811] phase=fit event=after_benchmark elapsed_s=0.103 completed_units=2
[exp7811] phase=head event=before_model_save elapsed_s=0.107 completed_units=0
[exp7811] phase=head event=after_model_save elapsed_s=0.107 completed_units=1
[exp7811] phase=head event=before_model_load elapsed_s=0.107 completed_units=1
[exp7811] phase=head event=after_model_load elapsed_s=0.108 completed_units=2
[exp7811] phase=numerical event=after_benchmark_constrained_set_67816 elapsed_s=4.273 completed_units=11
[exp7811] phase=numerical event=before_benchmark_constrained_set_67817 elapsed_s=4.273 completed_units=11
[exp7811] phase=features event=before_generation_fit elapsed_s=0.000 completed_units=0
[exp7811] phase=features event=after_generation_fit elapsed_s=0.001 completed_units=1
[exp7811] phase=features event=before_generation_tune elapsed_s=0.001 completed_units=1
[exp7811] phase=features event=after_generation_tune elapsed_s=0.002 completed_units=2
[exp7811] phase=features event=before_generation_evaluation elapsed_s=0.002 completed_units=2
[exp7811] phase=features event=after_generation_evaluation elapsed_s=0.002 completed_units=3
[exp7811] phase=fit event=before_benchmark elapsed_s=0.002 completed_units=0
[exp7811] phase=fit event=after_benchmark elapsed_s=0.103 completed_units=2
[exp7811] phase=head event=before_model_save elapsed_s=0.107 completed_units=0
[exp7811] phase=head event=after_model_save elapsed_s=0.107 completed_units=1
[exp7811] phase=head event=before_model_load elapsed_s=0.107 completed_units=1
[exp7811] phase=head event=after_model_load elapsed_s=0.108 completed_units=2
[exp7811] phase=numerical event=after_benchmark_constrained_set_67817 elapsed_s=4.424 completed_units=12
[exp7811] phase=numerical event=before_benchmark_augmented_mlp_67815 elapsed_s=4.424 completed_units=12
[exp7811] phase=features event=before_generation_fit elapsed_s=0.000 completed_units=0
[exp7811] phase=features event=after_generation_fit elapsed_s=0.001 completed_units=1
[exp7811] phase=features event=before_generation_tune elapsed_s=0.001 completed_units=1
[exp7811] phase=features event=after_generation_tune elapsed_s=0.002 completed_units=2
[exp7811] phase=features event=before_generation_evaluation elapsed_s=0.002 completed_units=2
[exp7811] phase=features event=after_generation_evaluation elapsed_s=0.002 completed_units=3
[exp7811] phase=fit event=before_benchmark elapsed_s=0.036 completed_units=0
[exp7811] phase=fit event=after_benchmark elapsed_s=1.428 completed_units=2
[exp7811] phase=head event=before_model_save elapsed_s=1.431 completed_units=0
[exp7811] phase=head event=after_model_save elapsed_s=1.432 completed_units=1
[exp7811] phase=head event=before_model_load elapsed_s=1.432 completed_units=1
[exp7811] phase=head event=after_model_load elapsed_s=1.455 completed_units=2
[exp7811] phase=numerical event=after_benchmark_augmented_mlp_67815 elapsed_s=5.897 completed_units=13
[exp7811] phase=numerical event=before_benchmark_augmented_mlp_67816 elapsed_s=5.897 completed_units=13
[exp7811] phase=features event=before_generation_fit elapsed_s=0.000 completed_units=0
[exp7811] phase=features event=after_generation_fit elapsed_s=0.001 completed_units=1
[exp7811] phase=features event=before_generation_tune elapsed_s=0.001 completed_units=1
[exp7811] phase=features event=after_generation_tune elapsed_s=0.002 completed_units=2
[exp7811] phase=features event=before_generation_evaluation elapsed_s=0.002 completed_units=2
[exp7811] phase=features event=after_generation_evaluation elapsed_s=0.002 completed_units=3
[exp7811] phase=fit event=before_benchmark elapsed_s=0.002 completed_units=0
[exp7811] phase=fit event=after_benchmark elapsed_s=0.039 completed_units=2
[exp7811] phase=head event=before_model_save elapsed_s=0.042 completed_units=0
[exp7811] phase=head event=after_model_save elapsed_s=0.043 completed_units=1
[exp7811] phase=head event=before_model_load elapsed_s=0.043 completed_units=1
[exp7811] phase=head event=after_model_load elapsed_s=0.045 completed_units=2
[exp7811] phase=numerical event=after_benchmark_augmented_mlp_67816 elapsed_s=5.960 completed_units=14
[exp7811] phase=numerical event=before_benchmark_augmented_mlp_67817 elapsed_s=5.960 completed_units=14
[exp7811] phase=features event=before_generation_fit elapsed_s=0.000 completed_units=0
[exp7811] phase=features event=after_generation_fit elapsed_s=0.001 completed_units=1
[exp7811] phase=features event=before_generation_tune elapsed_s=0.001 completed_units=1
[exp7811] phase=features event=after_generation_tune elapsed_s=0.002 completed_units=2
[exp7811] phase=features event=before_generation_evaluation elapsed_s=0.002 completed_units=2
[exp7811] phase=features event=after_generation_evaluation elapsed_s=0.002 completed_units=3
[exp7811] phase=fit event=before_benchmark elapsed_s=0.002 completed_units=0
[exp7811] phase=fit event=after_benchmark elapsed_s=0.039 completed_units=2
[exp7811] phase=head event=before_model_save elapsed_s=0.042 completed_units=0
[exp7811] phase=head event=after_model_save elapsed_s=0.043 completed_units=1
[exp7811] phase=head event=before_model_load elapsed_s=0.043 completed_units=1
[exp7811] phase=head event=after_model_load elapsed_s=0.045 completed_units=2
[exp7811] phase=numerical event=after_benchmark_augmented_mlp_67817 elapsed_s=6.023 completed_units=15
[exp7811] phase=numerical event=before_benchmark_constrained_mlp_67815 elapsed_s=6.023 completed_units=15
[exp7811] phase=features event=before_generation_fit elapsed_s=0.000 completed_units=0
[exp7811] phase=features event=after_generation_fit elapsed_s=0.001 completed_units=1
[exp7811] phase=features event=before_generation_tune elapsed_s=0.001 completed_units=1
[exp7811] phase=features event=after_generation_tune elapsed_s=0.002 completed_units=2
[exp7811] phase=features event=before_generation_evaluation elapsed_s=0.002 completed_units=2
[exp7811] phase=features event=after_generation_evaluation elapsed_s=0.002 completed_units=3
[exp7811] phase=fit event=before_benchmark elapsed_s=0.002 completed_units=0
[exp7811] phase=fit event=after_benchmark elapsed_s=0.063 completed_units=2
[exp7811] phase=head event=before_model_save elapsed_s=0.066 completed_units=0
[exp7811] phase=head event=after_model_save elapsed_s=0.066 completed_units=1
[exp7811] phase=head event=before_model_load elapsed_s=0.066 completed_units=1
[exp7811] phase=head event=after_model_load elapsed_s=0.069 completed_units=2
[exp7811] phase=numerical event=after_benchmark_constrained_mlp_67815 elapsed_s=6.113 completed_units=16
[exp7811] phase=numerical event=before_benchmark_constrained_mlp_67816 elapsed_s=6.113 completed_units=16
[exp7811] phase=features event=before_generation_fit elapsed_s=0.000 completed_units=0
[exp7811] phase=features event=after_generation_fit elapsed_s=0.001 completed_units=1
[exp7811] phase=features event=before_generation_tune elapsed_s=0.001 completed_units=1
[exp7811] phase=features event=after_generation_tune elapsed_s=0.002 completed_units=2
[exp7811] phase=features event=before_generation_evaluation elapsed_s=0.002 completed_units=2
[exp7811] phase=features event=after_generation_evaluation elapsed_s=0.002 completed_units=3
[exp7811] phase=fit event=before_benchmark elapsed_s=0.002 completed_units=0
[exp7811] phase=fit event=after_benchmark elapsed_s=0.063 completed_units=2
[exp7811] phase=head event=before_model_save elapsed_s=0.066 completed_units=0
[exp7811] phase=head event=after_model_save elapsed_s=0.066 completed_units=1
[exp7811] phase=head event=before_model_load elapsed_s=0.066 completed_units=1
[exp7811] phase=head event=after_model_load elapsed_s=0.069 completed_units=2
[exp7811] phase=numerical event=after_benchmark_constrained_mlp_67816 elapsed_s=6.202 completed_units=17
[exp7811] phase=numerical event=before_benchmark_constrained_mlp_67817 elapsed_s=6.202 completed_units=17
[exp7811] phase=features event=before_generation_fit elapsed_s=0.000 completed_units=0
[exp7811] phase=features event=after_generation_fit elapsed_s=0.001 completed_units=1
[exp7811] phase=features event=before_generation_tune elapsed_s=0.001 completed_units=1
[exp7811] phase=features event=after_generation_tune elapsed_s=0.002 completed_units=2
[exp7811] phase=features event=before_generation_evaluation elapsed_s=0.002 completed_units=2
[exp7811] phase=features event=after_generation_evaluation elapsed_s=0.002 completed_units=3
[exp7811] phase=fit event=before_benchmark elapsed_s=0.002 completed_units=0
[exp7811] phase=fit event=after_benchmark elapsed_s=0.062 completed_units=2
[exp7811] phase=head event=before_model_save elapsed_s=0.065 completed_units=0
[exp7811] phase=head event=after_model_save elapsed_s=0.065 completed_units=1
[exp7811] phase=head event=before_model_load elapsed_s=0.065 completed_units=1
[exp7811] phase=head event=after_model_load elapsed_s=0.067 completed_units=2
[exp7811] phase=numerical event=after_benchmark_constrained_mlp_67817 elapsed_s=6.291 completed_units=18
[exp7811] phase=numerical event=before_benchmark_local_logistic_67815 elapsed_s=6.291 completed_units=18
[exp7811] phase=features event=before_generation_fit elapsed_s=0.000 completed_units=0
[exp7811] phase=features event=after_generation_fit elapsed_s=0.001 completed_units=1
[exp7811] phase=features event=before_generation_tune elapsed_s=0.001 completed_units=1
[exp7811] phase=features event=after_generation_tune elapsed_s=0.002 completed_units=2
[exp7811] phase=features event=before_generation_evaluation elapsed_s=0.002 completed_units=2
[exp7811] phase=features event=after_generation_evaluation elapsed_s=0.002 completed_units=3
[exp7811] phase=fit event=before_benchmark elapsed_s=0.002 completed_units=0
[exp7811] phase=fit event=after_benchmark elapsed_s=0.090 completed_units=2
[exp7811] phase=head event=before_model_save elapsed_s=0.092 completed_units=0
[exp7811] phase=head event=after_model_save elapsed_s=0.093 completed_units=1
[exp7811] phase=head event=before_model_load elapsed_s=0.093 completed_units=1
[exp7811] phase=head event=after_model_load elapsed_s=0.093 completed_units=2
[exp7811] phase=numerical event=after_benchmark_local_logistic_67815 elapsed_s=6.398 completed_units=19
[exp7811] phase=numerical event=before_benchmark_local_logistic_67816 elapsed_s=6.398 completed_units=19
[exp7811] phase=features event=before_generation_fit elapsed_s=0.000 completed_units=0
[exp7811] phase=features event=after_generation_fit elapsed_s=0.001 completed_units=1
[exp7811] phase=features event=before_generation_tune elapsed_s=0.001 completed_units=1
[exp7811] phase=features event=after_generation_tune elapsed_s=0.002 completed_units=2
[exp7811] phase=features event=before_generation_evaluation elapsed_s=0.002 completed_units=2
[exp7811] phase=features event=after_generation_evaluation elapsed_s=0.002 completed_units=3
[exp7811] phase=fit event=before_benchmark elapsed_s=0.002 completed_units=0
[exp7811] phase=fit event=after_benchmark elapsed_s=0.019 completed_units=2
[exp7811] phase=head event=before_model_save elapsed_s=0.021 completed_units=0
[exp7811] phase=head event=after_model_save elapsed_s=0.022 completed_units=1
[exp7811] phase=head event=before_model_load elapsed_s=0.022 completed_units=1
[exp7811] phase=head event=after_model_load elapsed_s=0.022 completed_units=2
[exp7811] phase=numerical event=after_benchmark_local_logistic_67816 elapsed_s=6.434 completed_units=20
[exp7811] phase=numerical event=before_benchmark_local_logistic_67817 elapsed_s=6.434 completed_units=20
[exp7811] phase=features event=before_generation_fit elapsed_s=0.000 completed_units=0
[exp7811] phase=features event=after_generation_fit elapsed_s=0.001 completed_units=1
[exp7811] phase=features event=before_generation_tune elapsed_s=0.001 completed_units=1
[exp7811] phase=features event=after_generation_tune elapsed_s=0.002 completed_units=2
[exp7811] phase=features event=before_generation_evaluation elapsed_s=0.002 completed_units=2
[exp7811] phase=features event=after_generation_evaluation elapsed_s=0.002 completed_units=3
[exp7811] phase=fit event=before_benchmark elapsed_s=0.002 completed_units=0
[exp7811] phase=fit event=after_benchmark elapsed_s=0.018 completed_units=2
[exp7811] phase=head event=before_model_save elapsed_s=0.020 completed_units=0
[exp7811] phase=head event=after_model_save elapsed_s=0.021 completed_units=1
[exp7811] phase=head event=before_model_load elapsed_s=0.021 completed_units=1
[exp7811] phase=head event=after_model_load elapsed_s=0.021 completed_units=2
[exp7811] phase=numerical event=after_benchmark_local_logistic_67817 elapsed_s=6.470 completed_units=21
[exp7811] phase=numerical event=before_benchmark_source_erased_constrained_set_67815 elapsed_s=6.470 completed_units=21
[exp7811] phase=features event=before_generation_fit elapsed_s=0.000 completed_units=0
[exp7811] phase=features event=after_generation_fit elapsed_s=0.008 completed_units=1
[exp7811] phase=features event=before_generation_tune elapsed_s=0.008 completed_units=1
[exp7811] phase=features event=after_generation_tune elapsed_s=0.009 completed_units=2
[exp7811] phase=features event=before_generation_evaluation elapsed_s=0.009 completed_units=2
[exp7811] phase=features event=after_generation_evaluation elapsed_s=0.009 completed_units=3
[exp7811] phase=fit event=before_benchmark elapsed_s=0.009 completed_units=0
[exp7811] phase=fit event=after_benchmark elapsed_s=0.865 completed_units=2
[exp7811] phase=head event=before_model_save elapsed_s=0.868 completed_units=0
[exp7811] phase=head event=after_model_save elapsed_s=0.868 completed_units=1
[exp7811] phase=head event=before_model_load elapsed_s=0.868 completed_units=1
[exp7811] phase=head event=after_model_load elapsed_s=0.869 completed_units=2
[exp7811] phase=numerical event=after_benchmark_source_erased_constrained_set_67815 elapsed_s=7.380 completed_units=22
[exp7811] phase=numerical event=before_benchmark_source_erased_constrained_set_67816 elapsed_s=7.380 completed_units=22
[exp7811] phase=features event=before_generation_fit elapsed_s=0.000 completed_units=0
[exp7811] phase=features event=after_generation_fit elapsed_s=0.000 completed_units=1
[exp7811] phase=features event=before_generation_tune elapsed_s=0.001 completed_units=1
[exp7811] phase=features event=after_generation_tune elapsed_s=0.001 completed_units=2
[exp7811] phase=features event=before_generation_evaluation elapsed_s=0.001 completed_units=2
[exp7811] phase=features event=after_generation_evaluation elapsed_s=0.001 completed_units=3
[exp7811] phase=fit event=before_benchmark elapsed_s=0.001 completed_units=0
[exp7811] phase=fit event=after_benchmark elapsed_s=0.101 completed_units=2
[exp7811] phase=head event=before_model_save elapsed_s=0.104 completed_units=0
[exp7811] phase=head event=after_model_save elapsed_s=0.104 completed_units=1
[exp7811] phase=head event=before_model_load elapsed_s=0.104 completed_units=1
[exp7811] phase=head event=after_model_load elapsed_s=0.105 completed_units=2
[exp7811] phase=numerical event=after_benchmark_source_erased_constrained_set_67816 elapsed_s=7.526 completed_units=23
[exp7811] phase=numerical event=before_benchmark_source_erased_constrained_set_67817 elapsed_s=7.526 completed_units=23
[exp7811] phase=features event=before_generation_fit elapsed_s=0.000 completed_units=0
[exp7811] phase=features event=after_generation_fit elapsed_s=0.000 completed_units=1
[exp7811] phase=features event=before_generation_tune elapsed_s=0.001 completed_units=1
[exp7811] phase=features event=after_generation_tune elapsed_s=0.001 completed_units=2
[exp7811] phase=features event=before_generation_evaluation elapsed_s=0.001 completed_units=2
[exp7811] phase=features event=after_generation_evaluation elapsed_s=0.001 completed_units=3
[exp7811] phase=fit event=before_benchmark elapsed_s=0.001 completed_units=0
[exp7811] phase=fit event=after_benchmark elapsed_s=0.101 completed_units=2
[exp7811] phase=head event=before_model_save elapsed_s=0.105 completed_units=0
[exp7811] phase=head event=after_model_save elapsed_s=0.105 completed_units=1
[exp7811] phase=head event=before_model_load elapsed_s=0.105 completed_units=1
[exp7811] phase=head event=after_model_load elapsed_s=0.106 completed_units=2
[exp7811] phase=numerical event=after_benchmark_source_erased_constrained_set_67817 elapsed_s=7.675 completed_units=24
[exp7811] phase=numerical event=before_benchmark_complete_static_constrained_set_67815 elapsed_s=7.675 completed_units=24
[exp7811] phase=features event=before_generation_fit elapsed_s=0.000 completed_units=0
[exp7811] phase=features event=after_generation_fit elapsed_s=0.009 completed_units=1
[exp7811] phase=features event=before_generation_tune elapsed_s=0.010 completed_units=1
[exp7811] phase=features event=after_generation_tune elapsed_s=0.011 completed_units=2
[exp7811] phase=features event=before_generation_evaluation elapsed_s=0.011 completed_units=2
[exp7811] phase=features event=after_generation_evaluation elapsed_s=0.012 completed_units=3
[exp7811] phase=fit event=before_benchmark elapsed_s=0.033 completed_units=0
[exp7811] phase=fit event=after_benchmark elapsed_s=0.345 completed_units=2
[exp7811] phase=head event=before_model_save elapsed_s=0.349 completed_units=0
[exp7811] phase=head event=after_model_save elapsed_s=0.349 completed_units=1
[exp7811] phase=head event=before_model_load elapsed_s=0.349 completed_units=1
[exp7811] phase=head event=after_model_load elapsed_s=0.358 completed_units=2
[exp7811] phase=numerical event=after_benchmark_complete_static_constrained_set_67815 elapsed_s=8.074 completed_units=25
[exp7811] phase=numerical event=before_benchmark_complete_static_constrained_set_67816 elapsed_s=8.074 completed_units=25
[exp7811] phase=features event=before_generation_fit elapsed_s=0.000 completed_units=0
[exp7811] phase=features event=after_generation_fit elapsed_s=0.001 completed_units=1
[exp7811] phase=features event=before_generation_tune elapsed_s=0.001 completed_units=1
[exp7811] phase=features event=after_generation_tune elapsed_s=0.002 completed_units=2
[exp7811] phase=features event=before_generation_evaluation elapsed_s=0.002 completed_units=2
[exp7811] phase=features event=after_generation_evaluation elapsed_s=0.002 completed_units=3
[exp7811] phase=fit event=before_benchmark elapsed_s=0.003 completed_units=0
[exp7811] phase=fit event=after_benchmark elapsed_s=0.104 completed_units=2
[exp7811] phase=head event=before_model_save elapsed_s=0.108 completed_units=0
[exp7811] phase=head event=after_model_save elapsed_s=0.108 completed_units=1
[exp7811] phase=head event=before_model_load elapsed_s=0.108 completed_units=1
[exp7811] phase=head event=after_model_load elapsed_s=0.108 completed_units=2
[exp7811] phase=numerical event=after_benchmark_complete_static_constrained_set_67816 elapsed_s=8.225 completed_units=26
[exp7811] phase=numerical event=before_benchmark_complete_static_constrained_set_67817 elapsed_s=8.225 completed_units=26
[exp7811] phase=features event=before_generation_fit elapsed_s=0.000 completed_units=0
[exp7811] phase=features event=after_generation_fit elapsed_s=0.001 completed_units=1
[exp7811] phase=features event=before_generation_tune elapsed_s=0.001 completed_units=1
[exp7811] phase=features event=after_generation_tune elapsed_s=0.002 completed_units=2
[exp7811] phase=features event=before_generation_evaluation elapsed_s=0.002 completed_units=2
[exp7811] phase=features event=after_generation_evaluation elapsed_s=0.002 completed_units=3
[exp7811] phase=fit event=before_benchmark elapsed_s=0.003 completed_units=0
[exp7811] phase=fit event=after_benchmark elapsed_s=0.104 completed_units=2
[exp7811] phase=head event=before_model_save elapsed_s=0.108 completed_units=0
[exp7811] phase=head event=after_model_save elapsed_s=0.108 completed_units=1
[exp7811] phase=head event=before_model_load elapsed_s=0.108 completed_units=1
[exp7811] phase=head event=after_model_load elapsed_s=0.109 completed_units=2
[exp7811] phase=numerical event=after_benchmark_complete_static_constrained_set_67817 elapsed_s=8.376 completed_units=27
[exp7811] phase=online event=before_benchmark elapsed_s=8.376 completed_units=0
[exp7797] phase=online_query event=next_query elapsed_s=0.010 completed_units=1
[exp7797] phase=online_query event=next_query elapsed_s=0.075 completed_units=2
[exp7797] phase=online_query event=next_query elapsed_s=0.246 completed_units=3
[exp7797] phase=online_query event=next_query elapsed_s=0.597 completed_units=4
[exp7797] phase=online_query event=next_query elapsed_s=1.089 completed_units=5
[exp7797] phase=online_query event=next_query elapsed_s=1.840 completed_units=6
[exp7797] phase=online_query event=next_query elapsed_s=2.868 completed_units=7
[exp7797] phase=online_query event=next_query elapsed_s=4.231 completed_units=8
[exp7797] phase=online_query event=next_block elapsed_s=5.086 completed_units=9
[exp7797] phase=online_query event=next_block elapsed_s=5.201 completed_units=10
[exp7797] phase=online_query event=next_block elapsed_s=5.449 completed_units=11
[exp7797] phase=online_query event=next_block elapsed_s=5.865 completed_units=12
[exp7797] phase=online_query event=next_block elapsed_s=6.472 completed_units=13
[exp7797] phase=online_query event=next_block elapsed_s=7.347 completed_units=14
[exp7797] phase=online_query event=next_block elapsed_s=8.532 completed_units=15
[exp7797] phase=online_query event=next_block elapsed_s=10.075 completed_units=16
[exp7797] phase=online_controls event=before_bank_proposal elapsed_s=10.086 completed_units=16
[exp7797] phase=online_controls event=after_bank_proposal elapsed_s=10.087 completed_units=17
[exp7797] phase=hard_exit event=before_subprocess elapsed_s=10.087 completed_units=17
[exp7760] hard_exit_before before_subprocess elapsed_s=0.000 completed_units=0
[exp7760] hard_exit_before after_subprocess elapsed_s=0.955 completed_units=1
[exp7760] hard_exit_after before_subprocess elapsed_s=0.955 completed_units=1
[exp7760] hard_exit_after after_subprocess elapsed_s=1.978 completed_units=2
[exp7797] phase=hard_exit event=after_subprocess elapsed_s=12.066 completed_units=18
[exp7811] phase=online event=after_benchmark elapsed_s=20.443 completed_units=16
{"valid": true, "row_count": 162}
