[exp8025] phase=independent_benchmark_before elapsed_s=0.646 completed=0 pending=25600
[exp8025] phase=independent_issues elapsed_s=0.664 completed=256 pending=25344
[exp8025] phase=independent_issues elapsed_s=0.700 completed=512 pending=25088
[exp8025] phase=independent_issues elapsed_s=0.815 completed=768 pending=24832
[exp8025] phase=independent_issues elapsed_s=0.851 completed=1024 pending=24576
[exp8025] phase=independent_issues elapsed_s=0.884 completed=1280 pending=24320
[exp8025] phase=independent_issues elapsed_s=0.901 completed=1536 pending=24064
[exp8025] phase=independent_issues elapsed_s=0.937 completed=1792 pending=23808
[exp8025] phase=independent_issues elapsed_s=0.972 completed=2048 pending=23552
[exp8025] phase=independent_issues elapsed_s=1.005 completed=2304 pending=23296
[exp8025] phase=independent_issues elapsed_s=1.035 completed=2560 pending=23040
[exp8025] phase=independent_issues elapsed_s=1.052 completed=2816 pending=22784
[exp8025] phase=independent_issues elapsed_s=1.087 completed=3072 pending=22528
[exp8025] phase=independent_issues elapsed_s=1.122 completed=3328 pending=22272
[exp8025] phase=independent_issues elapsed_s=1.155 completed=3584 pending=22016
[exp8025] phase=independent_issues elapsed_s=1.185 completed=3840 pending=21760
[exp8025] phase=independent_issues elapsed_s=1.201 completed=4096 pending=21504
[exp8025] phase=independent_issues elapsed_s=1.237 completed=4352 pending=21248
[exp8025] phase=independent_issues elapsed_s=1.272 completed=4608 pending=20992
[exp8025] phase=independent_issues elapsed_s=1.304 completed=4864 pending=20736
[exp8025] phase=independent_issues elapsed_s=1.335 completed=5120 pending=20480
[exp8025] phase=independent_issues elapsed_s=1.351 completed=5376 pending=20224
[exp8025] phase=independent_issues elapsed_s=1.386 completed=5632 pending=19968
[exp8025] phase=independent_issues elapsed_s=1.421 completed=5888 pending=19712
[exp8025] phase=independent_issues elapsed_s=1.454 completed=6144 pending=19456
[exp8025] phase=independent_issues elapsed_s=1.484 completed=6400 pending=19200
[exp8025] phase=independent_issues elapsed_s=1.500 completed=6656 pending=18944
[exp8025] phase=independent_issues elapsed_s=1.535 completed=6912 pending=18688
[exp8025] phase=independent_issues elapsed_s=1.571 completed=7168 pending=18432
[exp8025] phase=independent_issues elapsed_s=1.603 completed=7424 pending=18176
[exp8025] phase=independent_issues elapsed_s=1.634 completed=7680 pending=17920
[exp8025] phase=independent_issues elapsed_s=1.650 completed=7936 pending=17664
[exp8025] phase=independent_issues elapsed_s=1.685 completed=8192 pending=17408
[exp8025] phase=independent_issues elapsed_s=1.720 completed=8448 pending=17152
[exp8025] phase=independent_issues elapsed_s=1.752 completed=8704 pending=16896
[exp8025] phase=independent_issues elapsed_s=1.782 completed=8960 pending=16640
[exp8025] phase=independent_issues elapsed_s=1.798 completed=9216 pending=16384
[exp8025] phase=independent_issues elapsed_s=1.833 completed=9472 pending=16128
[exp8025] phase=independent_issues elapsed_s=1.868 completed=9728 pending=15872
[exp8025] phase=independent_issues elapsed_s=1.901 completed=9984 pending=15616
[exp8025] phase=independent_issues elapsed_s=1.931 completed=10240 pending=15360
[exp8025] phase=independent_issues elapsed_s=1.947 completed=10496 pending=15104
[exp8025] phase=independent_issues elapsed_s=1.983 completed=10752 pending=14848
[exp8025] phase=independent_issues elapsed_s=2.018 completed=11008 pending=14592
[exp8025] phase=independent_issues elapsed_s=2.050 completed=11264 pending=14336
[exp8025] phase=independent_issues elapsed_s=2.080 completed=11520 pending=14080
[exp8025] phase=independent_issues elapsed_s=2.097 completed=11776 pending=13824
[exp8025] phase=independent_issues elapsed_s=2.132 completed=12032 pending=13568
[exp8025] phase=independent_issues elapsed_s=2.167 completed=12288 pending=13312
[exp8025] phase=independent_issues elapsed_s=2.200 completed=12544 pending=13056
[exp8025] phase=independent_issues elapsed_s=2.230 completed=12800 pending=12800
[exp8025] phase=independent_issues elapsed_s=2.246 completed=13056 pending=12544
[exp8025] phase=independent_issues elapsed_s=2.281 completed=13312 pending=12288
[exp8025] phase=independent_issues elapsed_s=2.317 completed=13568 pending=12032
[exp8025] phase=independent_issues elapsed_s=2.349 completed=13824 pending=11776
[exp8025] phase=independent_issues elapsed_s=2.379 completed=14080 pending=11520
[exp8025] phase=independent_issues elapsed_s=2.395 completed=14336 pending=11264
[exp8025] phase=independent_issues elapsed_s=2.430 completed=14592 pending=11008
[exp8025] phase=independent_issues elapsed_s=2.465 completed=14848 pending=10752
[exp8025] phase=independent_issues elapsed_s=2.498 completed=15104 pending=10496
[exp8025] phase=independent_issues elapsed_s=2.528 completed=15360 pending=10240
[exp8025] phase=independent_issues elapsed_s=2.544 completed=15616 pending=9984
[exp8025] phase=independent_issues elapsed_s=2.579 completed=15872 pending=9728
[exp8025] phase=independent_issues elapsed_s=2.615 completed=16128 pending=9472
[exp8025] phase=independent_issues elapsed_s=2.647 completed=16384 pending=9216
[exp8025] phase=independent_issues elapsed_s=2.677 completed=16640 pending=8960
[exp8025] phase=independent_issues elapsed_s=2.693 completed=16896 pending=8704
[exp8025] phase=independent_issues elapsed_s=2.728 completed=17152 pending=8448
[exp8025] phase=independent_issues elapsed_s=2.764 completed=17408 pending=8192
[exp8025] phase=independent_issues elapsed_s=2.796 completed=17664 pending=7936
[exp8025] phase=independent_issues elapsed_s=2.826 completed=17920 pending=7680
[exp8025] phase=independent_issues elapsed_s=2.842 completed=18176 pending=7424
[exp8025] phase=independent_issues elapsed_s=2.877 completed=18432 pending=7168
[exp8025] phase=independent_issues elapsed_s=2.912 completed=18688 pending=6912
[exp8025] phase=independent_issues elapsed_s=2.945 completed=18944 pending=6656
[exp8025] phase=independent_issues elapsed_s=2.975 completed=19200 pending=6400
[exp8025] phase=independent_issues elapsed_s=2.992 completed=19456 pending=6144
[exp8025] phase=independent_issues elapsed_s=3.027 completed=19712 pending=5888
[exp8025] phase=independent_issues elapsed_s=3.062 completed=19968 pending=5632
[exp8025] phase=independent_issues elapsed_s=3.094 completed=20224 pending=5376
[exp8025] phase=independent_issues elapsed_s=3.124 completed=20480 pending=5120
[exp8025] phase=independent_issues elapsed_s=3.140 completed=20736 pending=4864
[exp8025] phase=independent_issues elapsed_s=3.178 completed=20992 pending=4608
[exp8025] phase=independent_issues elapsed_s=3.213 completed=21248 pending=4352
[exp8025] phase=independent_issues elapsed_s=3.245 completed=21504 pending=4096
[exp8025] phase=independent_issues elapsed_s=3.275 completed=21760 pending=3840
[exp8025] phase=independent_issues elapsed_s=3.292 completed=22016 pending=3584
[exp8025] phase=independent_issues elapsed_s=3.327 completed=22272 pending=3328
[exp8025] phase=independent_issues elapsed_s=3.362 completed=22528 pending=3072
[exp8025] phase=independent_issues elapsed_s=3.394 completed=22784 pending=2816
[exp8025] phase=independent_issues elapsed_s=3.425 completed=23040 pending=2560
[exp8025] phase=independent_issues elapsed_s=3.441 completed=23296 pending=2304
[exp8025] phase=independent_issues elapsed_s=3.476 completed=23552 pending=2048
[exp8025] phase=independent_issues elapsed_s=3.510 completed=23808 pending=1792
[exp8025] phase=independent_issues elapsed_s=3.543 completed=24064 pending=1536
[exp8025] phase=independent_issues elapsed_s=3.573 completed=24320 pending=1280
[exp8025] phase=independent_issues elapsed_s=3.589 completed=24576 pending=1024
[exp8025] phase=independent_issues elapsed_s=3.624 completed=24832 pending=768
[exp8025] phase=independent_issues elapsed_s=3.659 completed=25088 pending=512
[exp8025] phase=independent_issues elapsed_s=3.691 completed=25344 pending=256
[exp8025] phase=independent_issues elapsed_s=3.721 completed=25600 pending=0
[exp8025] phase=independent_benchmark_after elapsed_s=4.159 completed=25600 pending=0
[exp8025] phase=retention_prediction_seal_before_target_access elapsed_s=5.395 completed=6400 pending=0
{"passed": true}
