EEEE.EEE.....EEEEEE.EEE.....EE.EE....EEEE.EEEEE.EEEEEEEE.EEEE.           [100%]
==================================== ERRORS ====================================
_ ERROR at setup of test_inventory_authenticates_deduplicates_and_quarantines __

self = PosixPath('/tmp/carnot-exp7831-attempt/fixed/focused'), mode = 448
parents = False, exist_ok = False

    def mkdir(self, mode=0o777, parents=False, exist_ok=False):
        """
        Create a new directory at this given path.
        """
        try:
>           os.mkdir(self, mode)
E           FileNotFoundError: [Errno 2] No such file or directory: '/tmp/carnot-exp7831-attempt/fixed/focused'

../../../.local/share/uv/python/cpython-3.12.13-linux-x86_64-gnu/lib/python3.12/pathlib.py:1311: FileNotFoundError
_____ ERROR at setup of test_source_mutation_and_missing_path_are_visible ______

self = PosixPath('/tmp/carnot-exp7831-attempt/fixed/focused'), mode = 448
parents = False, exist_ok = False

    def mkdir(self, mode=0o777, parents=False, exist_ok=False):
        """
        Create a new directory at this given path.
        """
        try:
>           os.mkdir(self, mode)
E           FileNotFoundError: [Errno 2] No such file or directory: '/tmp/carnot-exp7831-attempt/fixed/focused'

../../../.local/share/uv/python/cpython-3.12.13-linux-x86_64-gnu/lib/python3.12/pathlib.py:1311: FileNotFoundError
_____ ERROR at setup of test_applied_shadow_censoring_and_missing_outcomes _____

self = PosixPath('/tmp/carnot-exp7831-attempt/fixed/focused'), mode = 448
parents = False, exist_ok = False

    def mkdir(self, mode=0o777, parents=False, exist_ok=False):
        """
        Create a new directory at this given path.
        """
        try:
>           os.mkdir(self, mode)
E           FileNotFoundError: [Errno 2] No such file or directory: '/tmp/carnot-exp7831-attempt/fixed/focused'

../../../.local/share/uv/python/cpython-3.12.13-linux-x86_64-gnu/lib/python3.12/pathlib.py:1311: FileNotFoundError
________________ ERROR at setup of test_distinct_terminal_nulls ________________

self = PosixPath('/tmp/carnot-exp7831-attempt/fixed/focused'), mode = 448
parents = False, exist_ok = False

    def mkdir(self, mode=0o777, parents=False, exist_ok=False):
        """
        Create a new directory at this given path.
        """
        try:
>           os.mkdir(self, mode)
E           FileNotFoundError: [Errno 2] No such file or directory: '/tmp/carnot-exp7831-attempt/fixed/focused'

../../../.local/share/uv/python/cpython-3.12.13-linux-x86_64-gnu/lib/python3.12/pathlib.py:1311: FileNotFoundError
________ ERROR at setup of test_real_cli_dispatcher_and_cold_log_replay ________

self = PosixPath('/tmp/carnot-exp7831-attempt/fixed/focused'), mode = 448
parents = False, exist_ok = False

    def mkdir(self, mode=0o777, parents=False, exist_ok=False):
        """
        Create a new directory at this given path.
        """
        try:
>           os.mkdir(self, mode)
E           FileNotFoundError: [Errno 2] No such file or directory: '/tmp/carnot-exp7831-attempt/fixed/focused'

../../../.local/share/uv/python/cpython-3.12.13-linux-x86_64-gnu/lib/python3.12/pathlib.py:1311: FileNotFoundError
____________ ERROR at setup of test_cli_rejects_mutated_sealed_log _____________

self = PosixPath('/tmp/carnot-exp7831-attempt/fixed/focused'), mode = 448
parents = False, exist_ok = False

    def mkdir(self, mode=0o777, parents=False, exist_ok=False):
        """
        Create a new directory at this given path.
        """
        try:
>           os.mkdir(self, mode)
E           FileNotFoundError: [Errno 2] No such file or directory: '/tmp/carnot-exp7831-attempt/fixed/focused'

../../../.local/share/uv/python/cpython-3.12.13-linux-x86_64-gnu/lib/python3.12/pathlib.py:1311: FileNotFoundError
__ ERROR at setup of test_runner_seals_completed_logs_with_distinct_attempts ___

self = PosixPath('/tmp/carnot-exp7831-attempt/fixed/focused'), mode = 448
parents = False, exist_ok = False

    def mkdir(self, mode=0o777, parents=False, exist_ok=False):
        """
        Create a new directory at this given path.
        """
        try:
>           os.mkdir(self, mode)
E           FileNotFoundError: [Errno 2] No such file or directory: '/tmp/carnot-exp7831-attempt/fixed/focused'

../../../.local/share/uv/python/cpython-3.12.13-linux-x86_64-gnu/lib/python3.12/pathlib.py:1311: FileNotFoundError
_ ERROR at setup of test_inventory_handles_nested_hash_and_historical_duplicate _

self = PosixPath('/tmp/carnot-exp7831-attempt/fixed/focused'), mode = 448
parents = False, exist_ok = False

    def mkdir(self, mode=0o777, parents=False, exist_ok=False):
        """
        Create a new directory at this given path.
        """
        try:
>           os.mkdir(self, mode)
E           FileNotFoundError: [Errno 2] No such file or directory: '/tmp/carnot-exp7831-attempt/fixed/focused'

../../../.local/share/uv/python/cpython-3.12.13-linux-x86_64-gnu/lib/python3.12/pathlib.py:1311: FileNotFoundError
_______ ERROR at setup of test_artifact_blocked_gate_names_exact_operand _______

self = PosixPath('/tmp/carnot-exp7831-attempt/fixed/focused'), mode = 448
parents = False, exist_ok = False

    def mkdir(self, mode=0o777, parents=False, exist_ok=False):
        """
        Create a new directory at this given path.
        """
        try:
>           os.mkdir(self, mode)
E           FileNotFoundError: [Errno 2] No such file or directory: '/tmp/carnot-exp7831-attempt/fixed/focused'

../../../.local/share/uv/python/cpython-3.12.13-linux-x86_64-gnu/lib/python3.12/pathlib.py:1311: FileNotFoundError
___ ERROR at setup of test_main_builds_terminal_null_from_current_inventory ____

self = PosixPath('/tmp/carnot-exp7831-attempt/fixed/focused'), mode = 448
parents = False, exist_ok = False

    def mkdir(self, mode=0o777, parents=False, exist_ok=False):
        """
        Create a new directory at this given path.
        """
        try:
>           os.mkdir(self, mode)
E           FileNotFoundError: [Errno 2] No such file or directory: '/tmp/carnot-exp7831-attempt/fixed/focused'

../../../.local/share/uv/python/cpython-3.12.13-linux-x86_64-gnu/lib/python3.12/pathlib.py:1311: FileNotFoundError
__ ERROR at setup of test_dispatch_rejects_duplicate_argv_failure_and_missing __

self = PosixPath('/tmp/carnot-exp7831-attempt/fixed/focused'), mode = 448
parents = False, exist_ok = False

    def mkdir(self, mode=0o777, parents=False, exist_ok=False):
        """
        Create a new directory at this given path.
        """
        try:
>           os.mkdir(self, mode)
E           FileNotFoundError: [Errno 2] No such file or directory: '/tmp/carnot-exp7831-attempt/fixed/focused'

../../../.local/share/uv/python/cpython-3.12.13-linux-x86_64-gnu/lib/python3.12/pathlib.py:1311: FileNotFoundError
________ ERROR at setup of test_inventory_missing_raw_and_unproven_hash ________

self = PosixPath('/tmp/carnot-exp7831-attempt/fixed/focused'), mode = 448
parents = False, exist_ok = False

    def mkdir(self, mode=0o777, parents=False, exist_ok=False):
        """
        Create a new directory at this given path.
        """
        try:
>           os.mkdir(self, mode)
E           FileNotFoundError: [Errno 2] No such file or directory: '/tmp/carnot-exp7831-attempt/fixed/focused'

../../../.local/share/uv/python/cpython-3.12.13-linux-x86_64-gnu/lib/python3.12/pathlib.py:1311: FileNotFoundError
____________ ERROR at setup of test_main_check_replay_and_bad_date _____________

self = PosixPath('/tmp/carnot-exp7831-attempt/fixed/focused'), mode = 448
parents = False, exist_ok = False

    def mkdir(self, mode=0o777, parents=False, exist_ok=False):
        """
        Create a new directory at this given path.
        """
        try:
>           os.mkdir(self, mode)
E           FileNotFoundError: [Errno 2] No such file or directory: '/tmp/carnot-exp7831-attempt/fixed/focused'

../../../.local/share/uv/python/cpython-3.12.13-linux-x86_64-gnu/lib/python3.12/pathlib.py:1311: FileNotFoundError
______ ERROR at setup of test_runner_heartbeats_and_stops_owned_deadline _______

self = PosixPath('/tmp/carnot-exp7831-attempt/fixed/focused'), mode = 448
parents = False, exist_ok = False

    def mkdir(self, mode=0o777, parents=False, exist_ok=False):
        """
        Create a new directory at this given path.
        """
        try:
>           os.mkdir(self, mode)
E           FileNotFoundError: [Errno 2] No such file or directory: '/tmp/carnot-exp7831-attempt/fixed/focused'

../../../.local/share/uv/python/cpython-3.12.13-linux-x86_64-gnu/lib/python3.12/pathlib.py:1311: FileNotFoundError
_________ ERROR at setup of test_runner_rejects_sealed_name_collision __________

self = PosixPath('/tmp/carnot-exp7831-attempt/fixed/focused'), mode = 448
parents = False, exist_ok = False

    def mkdir(self, mode=0o777, parents=False, exist_ok=False):
        """
        Create a new directory at this given path.
        """
        try:
>           os.mkdir(self, mode)
E           FileNotFoundError: [Errno 2] No such file or directory: '/tmp/carnot-exp7831-attempt/fixed/focused'

../../../.local/share/uv/python/cpython-3.12.13-linux-x86_64-gnu/lib/python3.12/pathlib.py:1311: FileNotFoundError
_ ERROR at setup of test_authenticated_receipts_are_deduplicated_by_logical_episode _

self = PosixPath('/tmp/carnot-exp7831-attempt/fixed/focused'), mode = 448
parents = False, exist_ok = False

    def mkdir(self, mode=0o777, parents=False, exist_ok=False):
        """
        Create a new directory at this given path.
        """
        try:
>           os.mkdir(self, mode)
E           FileNotFoundError: [Errno 2] No such file or directory: '/tmp/carnot-exp7831-attempt/fixed/focused'

../../../.local/share/uv/python/cpython-3.12.13-linux-x86_64-gnu/lib/python3.12/pathlib.py:1311: FileNotFoundError
_ ERROR at setup of test_authentication_mismatch_is_reported_before_reduction __

self = PosixPath('/tmp/carnot-exp7831-attempt/fixed/focused'), mode = 448
parents = False, exist_ok = False

    def mkdir(self, mode=0o777, parents=False, exist_ok=False):
        """
        Create a new directory at this given path.
        """
        try:
>           os.mkdir(self, mode)
E           FileNotFoundError: [Errno 2] No such file or directory: '/tmp/carnot-exp7831-attempt/fixed/focused'

../../../.local/share/uv/python/cpython-3.12.13-linux-x86_64-gnu/lib/python3.12/pathlib.py:1311: FileNotFoundError
_ ERROR at setup of test_zero_firing_artifact_is_complete_null_and_self_validating _

self = PosixPath('/tmp/carnot-exp7831-attempt/fixed/focused'), mode = 448
parents = False, exist_ok = False

    def mkdir(self, mode=0o777, parents=False, exist_ok=False):
        """
        Create a new directory at this given path.
        """
        try:
>           os.mkdir(self, mode)
E           FileNotFoundError: [Errno 2] No such file or directory: '/tmp/carnot-exp7831-attempt/fixed/focused'

../../../.local/share/uv/python/cpython-3.12.13-linux-x86_64-gnu/lib/python3.12/pathlib.py:1311: FileNotFoundError
____ ERROR at setup of test_validator_rejects_mutated_metrics_and_checksum _____

self = PosixPath('/tmp/carnot-exp7831-attempt/fixed/focused'), mode = 448
parents = False, exist_ok = False

    def mkdir(self, mode=0o777, parents=False, exist_ok=False):
        """
        Create a new directory at this given path.
        """
        try:
>           os.mkdir(self, mode)
E           FileNotFoundError: [Errno 2] No such file or directory: '/tmp/carnot-exp7831-attempt/fixed/focused'

../../../.local/share/uv/python/cpython-3.12.13-linux-x86_64-gnu/lib/python3.12/pathlib.py:1311: FileNotFoundError
_ ERROR at setup of test_source_selector_rejects_missing_flagged_and_non_live_inputs _

self = PosixPath('/tmp/carnot-exp7831-attempt/fixed/focused'), mode = 448
parents = False, exist_ok = False

    def mkdir(self, mode=0o777, parents=False, exist_ok=False):
        """
        Create a new directory at this given path.
        """
        try:
>           os.mkdir(self, mode)
E           FileNotFoundError: [Errno 2] No such file or directory: '/tmp/carnot-exp7831-attempt/fixed/focused'

../../../.local/share/uv/python/cpython-3.12.13-linux-x86_64-gnu/lib/python3.12/pathlib.py:1311: FileNotFoundError
____ ERROR at setup of test_validator_rejects_bad_rows_redirects_and_counts ____

self = PosixPath('/tmp/carnot-exp7831-attempt/fixed/focused'), mode = 448
parents = False, exist_ok = False

    def mkdir(self, mode=0o777, parents=False, exist_ok=False):
        """
        Create a new directory at this given path.
        """
        try:
>           os.mkdir(self, mode)
E           FileNotFoundError: [Errno 2] No such file or directory: '/tmp/carnot-exp7831-attempt/fixed/focused'

../../../.local/share/uv/python/cpython-3.12.13-linux-x86_64-gnu/lib/python3.12/pathlib.py:1311: FileNotFoundError
______ ERROR at setup of test_command_manifests_preconditions_and_helpers ______

self = PosixPath('/tmp/carnot-exp7831-attempt/fixed/focused'), mode = 448
parents = False, exist_ok = False

    def mkdir(self, mode=0o777, parents=False, exist_ok=False):
        """
        Create a new directory at this given path.
        """
        try:
>           os.mkdir(self, mode)
E           FileNotFoundError: [Errno 2] No such file or directory: '/tmp/carnot-exp7831-attempt/fixed/focused'

../../../.local/share/uv/python/cpython-3.12.13-linux-x86_64-gnu/lib/python3.12/pathlib.py:1311: FileNotFoundError
_______ ERROR at setup of test_cli_reader_modes_and_argument_validation ________

self = PosixPath('/tmp/carnot-exp7831-attempt/fixed/focused'), mode = 448
parents = False, exist_ok = False

    def mkdir(self, mode=0o777, parents=False, exist_ok=False):
        """
        Create a new directory at this given path.
        """
        try:
>           os.mkdir(self, mode)
E           FileNotFoundError: [Errno 2] No such file or directory: '/tmp/carnot-exp7831-attempt/fixed/focused'

../../../.local/share/uv/python/cpython-3.12.13-linux-x86_64-gnu/lib/python3.12/pathlib.py:1311: FileNotFoundError
_____________ ERROR at setup of test_applied_only_evidence_filter ______________

self = PosixPath('/tmp/carnot-exp7831-attempt/fixed/focused'), mode = 448
parents = False, exist_ok = False

    def mkdir(self, mode=0o777, parents=False, exist_ok=False):
        """
        Create a new directory at this given path.
        """
        try:
>           os.mkdir(self, mode)
E           FileNotFoundError: [Errno 2] No such file or directory: '/tmp/carnot-exp7831-attempt/fixed/focused'

../../../.local/share/uv/python/cpython-3.12.13-linux-x86_64-gnu/lib/python3.12/pathlib.py:1311: FileNotFoundError
______ ERROR at setup of test_dedupe_and_ledger_survives_source_deletion _______

self = PosixPath('/tmp/carnot-exp7831-attempt/fixed/focused'), mode = 448
parents = False, exist_ok = False

    def mkdir(self, mode=0o777, parents=False, exist_ok=False):
        """
        Create a new directory at this given path.
        """
        try:
>           os.mkdir(self, mode)
E           FileNotFoundError: [Errno 2] No such file or directory: '/tmp/carnot-exp7831-attempt/fixed/focused'

../../../.local/share/uv/python/cpython-3.12.13-linux-x86_64-gnu/lib/python3.12/pathlib.py:1311: FileNotFoundError
____ ERROR at setup of test_rerun_with_different_measurements_counts_as_new ____

self = PosixPath('/tmp/carnot-exp7831-attempt/fixed/focused'), mode = 448
parents = False, exist_ok = False

    def mkdir(self, mode=0o777, parents=False, exist_ok=False):
        """
        Create a new directory at this given path.
        """
        try:
>           os.mkdir(self, mode)
E           FileNotFoundError: [Errno 2] No such file or directory: '/tmp/carnot-exp7831-attempt/fixed/focused'

../../../.local/share/uv/python/cpython-3.12.13-linux-x86_64-gnu/lib/python3.12/pathlib.py:1311: FileNotFoundError
_________ ERROR at setup of test_current_live_shape_reads_insufficient _________

self = PosixPath('/tmp/carnot-exp7831-attempt/fixed/focused'), mode = 448
parents = False, exist_ok = False

    def mkdir(self, mode=0o777, parents=False, exist_ok=False):
        """
        Create a new directory at this given path.
        """
        try:
>           os.mkdir(self, mode)
E           FileNotFoundError: [Errno 2] No such file or directory: '/tmp/carnot-exp7831-attempt/fixed/focused'

../../../.local/share/uv/python/cpython-3.12.13-linux-x86_64-gnu/lib/python3.12/pathlib.py:1311: FileNotFoundError
_______________ ERROR at setup of test_retire_at_floor_not_below _______________

self = PosixPath('/tmp/carnot-exp7831-attempt/fixed/focused'), mode = 448
parents = False, exist_ok = False

    def mkdir(self, mode=0o777, parents=False, exist_ok=False):
        """
        Create a new directory at this given path.
        """
        try:
>           os.mkdir(self, mode)
E           FileNotFoundError: [Errno 2] No such file or directory: '/tmp/carnot-exp7831-attempt/fixed/focused'

../../../.local/share/uv/python/cpython-3.12.13-linux-x86_64-gnu/lib/python3.12/pathlib.py:1311: FileNotFoundError
________ ERROR at setup of test_promotion_requires_interval_separation _________

self = PosixPath('/tmp/carnot-exp7831-attempt/fixed/focused'), mode = 448
parents = False, exist_ok = False

    def mkdir(self, mode=0o777, parents=False, exist_ok=False):
        """
        Create a new directory at this given path.
        """
        try:
>           os.mkdir(self, mode)
E           FileNotFoundError: [Errno 2] No such file or directory: '/tmp/carnot-exp7831-attempt/fixed/focused'

../../../.local/share/uv/python/cpython-3.12.13-linux-x86_64-gnu/lib/python3.12/pathlib.py:1311: FileNotFoundError
_____ ERROR at setup of test_new_arm_specification_from_exhausted_receipt ______

self = PosixPath('/tmp/carnot-exp7831-attempt/fixed/focused'), mode = 448
parents = False, exist_ok = False

    def mkdir(self, mode=0o777, parents=False, exist_ok=False):
        """
        Create a new directory at this given path.
        """
        try:
>           os.mkdir(self, mode)
E           FileNotFoundError: [Errno 2] No such file or directory: '/tmp/carnot-exp7831-attempt/fixed/focused'

../../../.local/share/uv/python/cpython-3.12.13-linux-x86_64-gnu/lib/python3.12/pathlib.py:1311: FileNotFoundError
______ ERROR at setup of test_no_new_arm_specification_without_stagnation ______

self = PosixPath('/tmp/carnot-exp7831-attempt/fixed/focused'), mode = 448
parents = False, exist_ok = False

    def mkdir(self, mode=0o777, parents=False, exist_ok=False):
        """
        Create a new directory at this given path.
        """
        try:
>           os.mkdir(self, mode)
E           FileNotFoundError: [Errno 2] No such file or directory: '/tmp/carnot-exp7831-attempt/fixed/focused'

../../../.local/share/uv/python/cpython-3.12.13-linux-x86_64-gnu/lib/python3.12/pathlib.py:1311: FileNotFoundError
_ ERROR at setup of test_no_new_arm_specification_from_a_pooled_legacy_receipt _

self = PosixPath('/tmp/carnot-exp7831-attempt/fixed/focused'), mode = 448
parents = False, exist_ok = False

    def mkdir(self, mode=0o777, parents=False, exist_ok=False):
        """
        Create a new directory at this given path.
        """
        try:
>           os.mkdir(self, mode)
E           FileNotFoundError: [Errno 2] No such file or directory: '/tmp/carnot-exp7831-attempt/fixed/focused'

../../../.local/share/uv/python/cpython-3.12.13-linux-x86_64-gnu/lib/python3.12/pathlib.py:1311: FileNotFoundError
_________ ERROR at setup of test_no_firings_and_no_receipts_exit_zero __________

self = PosixPath('/tmp/carnot-exp7831-attempt/fixed/focused'), mode = 448
parents = False, exist_ok = False

    def mkdir(self, mode=0o777, parents=False, exist_ok=False):
        """
        Create a new directory at this given path.
        """
        try:
>           os.mkdir(self, mode)
E           FileNotFoundError: [Errno 2] No such file or directory: '/tmp/carnot-exp7831-attempt/fixed/focused'

../../../.local/share/uv/python/cpython-3.12.13-linux-x86_64-gnu/lib/python3.12/pathlib.py:1311: FileNotFoundError
__________ ERROR at setup of test_directory_scan_prunes_nested_clones __________

self = PosixPath('/tmp/carnot-exp7831-attempt/fixed/focused'), mode = 448
parents = False, exist_ok = False

    def mkdir(self, mode=0o777, parents=False, exist_ok=False):
        """
        Create a new directory at this given path.
        """
        try:
>           os.mkdir(self, mode)
E           FileNotFoundError: [Errno 2] No such file or directory: '/tmp/carnot-exp7831-attempt/fixed/focused'

../../../.local/share/uv/python/cpython-3.12.13-linux-x86_64-gnu/lib/python3.12/pathlib.py:1311: FileNotFoundError
________ ERROR at setup of test_missing_input_and_bad_ledger_fail_loud _________

self = PosixPath('/tmp/carnot-exp7831-attempt/fixed/focused'), mode = 448
parents = False, exist_ok = False

    def mkdir(self, mode=0o777, parents=False, exist_ok=False):
        """
        Create a new directory at this given path.
        """
        try:
>           os.mkdir(self, mode)
E           FileNotFoundError: [Errno 2] No such file or directory: '/tmp/carnot-exp7831-attempt/fixed/focused'

../../../.local/share/uv/python/cpython-3.12.13-linux-x86_64-gnu/lib/python3.12/pathlib.py:1311: FileNotFoundError
_____________ ERROR at setup of test_bare_list_rows_document_shape _____________

self = PosixPath('/tmp/carnot-exp7831-attempt/fixed/focused'), mode = 448
parents = False, exist_ok = False

    def mkdir(self, mode=0o777, parents=False, exist_ok=False):
        """
        Create a new directory at this given path.
        """
        try:
>           os.mkdir(self, mode)
E           FileNotFoundError: [Errno 2] No such file or directory: '/tmp/carnot-exp7831-attempt/fixed/focused'

../../../.local/share/uv/python/cpython-3.12.13-linux-x86_64-gnu/lib/python3.12/pathlib.py:1311: FileNotFoundError
___________________ ERROR at setup of test_json_output_mode ____________________

self = PosixPath('/tmp/carnot-exp7831-attempt/fixed/focused'), mode = 448
parents = False, exist_ok = False

    def mkdir(self, mode=0o777, parents=False, exist_ok=False):
        """
        Create a new directory at this given path.
        """
        try:
>           os.mkdir(self, mode)
E           FileNotFoundError: [Errno 2] No such file or directory: '/tmp/carnot-exp7831-attempt/fixed/focused'

../../../.local/share/uv/python/cpython-3.12.13-linux-x86_64-gnu/lib/python3.12/pathlib.py:1311: FileNotFoundError
________ ERROR at setup of test_an_eval_row_ingests_as_applied_evidence ________

self = PosixPath('/tmp/carnot-exp7831-attempt/fixed/focused'), mode = 448
parents = False, exist_ok = False

    def mkdir(self, mode=0o777, parents=False, exist_ok=False):
        """
        Create a new directory at this given path.
        """
        try:
>           os.mkdir(self, mode)
E           FileNotFoundError: [Errno 2] No such file or directory: '/tmp/carnot-exp7831-attempt/fixed/focused'

../../../.local/share/uv/python/cpython-3.12.13-linux-x86_64-gnu/lib/python3.12/pathlib.py:1311: FileNotFoundError
_ ERROR at setup of test_the_partial_and_the_final_artifact_dedupe_to_one_entry _

self = PosixPath('/tmp/carnot-exp7831-attempt/fixed/focused'), mode = 448
parents = False, exist_ok = False

    def mkdir(self, mode=0o777, parents=False, exist_ok=False):
        """
        Create a new directory at this given path.
        """
        try:
>           os.mkdir(self, mode)
E           FileNotFoundError: [Errno 2] No such file or directory: '/tmp/carnot-exp7831-attempt/fixed/focused'

../../../.local/share/uv/python/cpython-3.12.13-linux-x86_64-gnu/lib/python3.12/pathlib.py:1311: FileNotFoundError
__ ERROR at setup of test_a_scan_takes_every_json_in_the_eval_runs_directory ___

self = PosixPath('/tmp/carnot-exp7831-attempt/fixed/focused'), mode = 448
parents = False, exist_ok = False

    def mkdir(self, mode=0o777, parents=False, exist_ok=False):
        """
        Create a new directory at this given path.
        """
        try:
>           os.mkdir(self, mode)
E           FileNotFoundError: [Errno 2] No such file or directory: '/tmp/carnot-exp7831-attempt/fixed/focused'

../../../.local/share/uv/python/cpython-3.12.13-linux-x86_64-gnu/lib/python3.12/pathlib.py:1311: FileNotFoundError
__ ERROR at setup of test_a_json_outside_the_eval_runs_directory_is_not_swept __

self = PosixPath('/tmp/carnot-exp7831-attempt/fixed/focused'), mode = 448
parents = False, exist_ok = False

    def mkdir(self, mode=0o777, parents=False, exist_ok=False):
        """
        Create a new directory at this given path.
        """
        try:
>           os.mkdir(self, mode)
E           FileNotFoundError: [Errno 2] No such file or directory: '/tmp/carnot-exp7831-attempt/fixed/focused'

../../../.local/share/uv/python/cpython-3.12.13-linux-x86_64-gnu/lib/python3.12/pathlib.py:1311: FileNotFoundError
=============================== warnings summary ===============================
tests/python/test_experiment_7831_v680_arc_supervisor_refinement.py::test_module_execution_uses_main
  <frozen runpy>:128: RuntimeWarning: 'carnot.experiment_7831_v680_arc_supervisor_refinement' found in sys.modules after import of package 'carnot', but prior to execution of 'carnot.experiment_7831_v680_arc_supervisor_refinement'; this may result in unpredictable behaviour

-- Docs: https://docs.pytest.org/en/stable/how-to/capture-warnings.html
=========================== short test summary info ============================
ERROR tests/python/test_experiment_7831_v680_arc_supervisor_refinement.py::test_inventory_authenticates_deduplicates_and_quarantines
ERROR tests/python/test_experiment_7831_v680_arc_supervisor_refinement.py::test_source_mutation_and_missing_path_are_visible
ERROR tests/python/test_experiment_7831_v680_arc_supervisor_refinement.py::test_applied_shadow_censoring_and_missing_outcomes
ERROR tests/python/test_experiment_7831_v680_arc_supervisor_refinement.py::test_distinct_terminal_nulls
ERROR tests/python/test_experiment_7831_v680_arc_supervisor_refinement.py::test_real_cli_dispatcher_and_cold_log_replay
ERROR tests/python/test_experiment_7831_v680_arc_supervisor_refinement.py::test_cli_rejects_mutated_sealed_log
ERROR tests/python/test_experiment_7831_v680_arc_supervisor_refinement.py::test_runner_seals_completed_logs_with_distinct_attempts
ERROR tests/python/test_experiment_7831_v680_arc_supervisor_refinement.py::test_inventory_handles_nested_hash_and_historical_duplicate
ERROR tests/python/test_experiment_7831_v680_arc_supervisor_refinement.py::test_artifact_blocked_gate_names_exact_operand
ERROR tests/python/test_experiment_7831_v680_arc_supervisor_refinement.py::test_main_builds_terminal_null_from_current_inventory
ERROR tests/python/test_experiment_7831_v680_arc_supervisor_refinement.py::test_dispatch_rejects_duplicate_argv_failure_and_missing
ERROR tests/python/test_experiment_7831_v680_arc_supervisor_refinement.py::test_inventory_missing_raw_and_unproven_hash
ERROR tests/python/test_experiment_7831_v680_arc_supervisor_refinement.py::test_main_check_replay_and_bad_date
ERROR tests/python/test_experiment_7831_v680_arc_supervisor_refinement.py::test_runner_heartbeats_and_stops_owned_deadline
ERROR tests/python/test_experiment_7831_v680_arc_supervisor_refinement.py::test_runner_rejects_sealed_name_collision
ERROR tests/python/test_experiment_7625_v665_arc_supervisor_transfer.py::test_authenticated_receipts_are_deduplicated_by_logical_episode
ERROR tests/python/test_experiment_7625_v665_arc_supervisor_transfer.py::test_authentication_mismatch_is_reported_before_reduction
ERROR tests/python/test_experiment_7625_v665_arc_supervisor_transfer.py::test_zero_firing_artifact_is_complete_null_and_self_validating
ERROR tests/python/test_experiment_7625_v665_arc_supervisor_transfer.py::test_validator_rejects_mutated_metrics_and_checksum
ERROR tests/python/test_experiment_7625_v665_arc_supervisor_transfer.py::test_source_selector_rejects_missing_flagged_and_non_live_inputs
ERROR tests/python/test_experiment_7625_v665_arc_supervisor_transfer.py::test_validator_rejects_bad_rows_redirects_and_counts
ERROR tests/python/test_experiment_7625_v665_arc_supervisor_transfer.py::test_command_manifests_preconditions_and_helpers
ERROR tests/python/test_experiment_7625_v665_arc_supervisor_transfer.py::test_cli_reader_modes_and_argument_validation
ERROR tests/python/test_arc_supervisor_refinement.py::test_applied_only_evidence_filter
ERROR tests/python/test_arc_supervisor_refinement.py::test_dedupe_and_ledger_survives_source_deletion
ERROR tests/python/test_arc_supervisor_refinement.py::test_rerun_with_different_measurements_counts_as_new
ERROR tests/python/test_arc_supervisor_refinement.py::test_current_live_shape_reads_insufficient
ERROR tests/python/test_arc_supervisor_refinement.py::test_retire_at_floor_not_below
ERROR tests/python/test_arc_supervisor_refinement.py::test_promotion_requires_interval_separation
ERROR tests/python/test_arc_supervisor_refinement.py::test_new_arm_specification_from_exhausted_receipt
ERROR tests/python/test_arc_supervisor_refinement.py::test_no_new_arm_specification_without_stagnation
ERROR tests/python/test_arc_supervisor_refinement.py::test_no_new_arm_specification_from_a_pooled_legacy_receipt
ERROR tests/python/test_arc_supervisor_refinement.py::test_no_firings_and_no_receipts_exit_zero
ERROR tests/python/test_arc_supervisor_refinement.py::test_directory_scan_prunes_nested_clones
ERROR tests/python/test_arc_supervisor_refinement.py::test_missing_input_and_bad_ledger_fail_loud
ERROR tests/python/test_arc_supervisor_refinement.py::test_bare_list_rows_document_shape
ERROR tests/python/test_arc_supervisor_refinement.py::test_json_output_mode
ERROR tests/python/test_arc_supervisor_refinement_eval_runs_20260904.py::test_an_eval_row_ingests_as_applied_evidence
ERROR tests/python/test_arc_supervisor_refinement_eval_runs_20260904.py::test_the_partial_and_the_final_artifact_dedupe_to_one_entry
ERROR tests/python/test_arc_supervisor_refinement_eval_runs_20260904.py::test_a_scan_takes_every_json_in_the_eval_runs_directory
ERROR tests/python/test_arc_supervisor_refinement_eval_runs_20260904.py::test_a_json_outside_the_eval_runs_directory_is_not_swept
21 passed, 1 warning, 41 errors in 3.19s
