============================= test session starts ==============================
platform linux -- Python 3.12.13, pytest-9.0.3, pluggy-1.6.0
rootdir: /home/ianblenke/github.com/ianblenke/carnot
configfile: pyproject.toml
plugins: xdist-3.8.0, jaxtyping-0.3.10, cov-7.1.0, hydra-core-1.3.3, anyio-4.13.0, hypothesis-6.155.2
created: 4/4 workers
4 workers [75445 items]

........................................................................ [  0%]
........................................................................ [  0%]
........................................................................ [  0%]
........................................................................ [  0%]
.................F...................................................... [  0%]
........F............................................................... [  0%]
........................................................................ [  0%]
........................................................................ [  0%]
........................................................................ [  0%]
......F................................................................. [  0%]
.......F....................F........................................... [  1%]
........................................................................ [  1%]
........................................................................ [  1%]
........................................................................ [  1%]
...................F.................................................... [  1%]
..................Fssssss........s...................................... [  1%]
....FFFFFFF............................................................. [  1%]
........................................................................ [  1%]
................ssssssssssssssss........................................ [  1%]
........................................................................ [  1%]
....................................................................F... [  2%]
........................................................................ [  2%]
........................................................................ [  2%]
........................................................................ [  2%]
........................................................................ [  2%]
........................................................................ [  2%]
........................................................................ [  2%]
..........................F.................................F.F......... [  2%]
...............................................................F.FF..... [  2%]
........................................................................ [  2%]
........................................................................ [  2%]
........................................................................ [  3%]
........................................................................ [  3%]
........................................................................ [  3%]
F..F.........F.....................F.................................... [  3%]
........................................................................ [  3%]
........................................................................ [  3%]
........................................................................ [  3%]
........................................................................ [  3%]
........................................................................ [  3%]
........................................................................ [  3%]
........................................................................ [  4%]
........................................................................ [  4%]
........................................................................ [  4%]
.......................F................................................ [  4%]
........................................................................ [  4%]
........................................................................ [  4%]
........................................................................ [  4%]
......................................................s................. [  4%]
........................................................................ [  4%]
........................................................................ [  4%]
........................................................................ [  4%]
........................................................................ [  5%]
.......................................