INFO:     Started server process [3221770]
INFO:     Waiting for application startup.
INFO:     Application startup complete.
INFO:     Uvicorn running on http://127.0.0.1:8990 (Press CTRL+C to quit)
INFO:     127.0.0.1:47562 - "GET /healthz HTTP/1.1" 200 OK
INFO:     127.0.0.1:51966 - "GET /healthz HTTP/1.1" 200 OK
Flax classes are deprecated and will be removed in Diffusers v0.40.0. We recommend migrating to PyTorch classes or pinning your version of Diffusers.
Flax classes are deprecated and will be removed in Diffusers v0.40.0. We recommend migrating to PyTorch classes or pinning your version of Diffusers.
Loading pipeline components...:   0%|          | 0/7 [00:00<?, ?it/s]Loading pipeline components...:  14%|█▍        | 1/7 [00:00<00:05,  1.03it/s][transformers] Unrecognized keys in `rope_parameters` for 'rope_type'='yarn': {'llama_4_scaling_beta'}

Loading weights:   0%|          | 0/458 [00:00<?, ?it/s][A
Loading weights:  24%|██▍       | 110/458 [00:00<00:00, 1099.05it/s][A
Loading weights:  48%|████▊     | 220/458 [00:00<00:00, 1090.88it/s][A
Loading weights:  78%|███████▊  | 358/458 [00:00<00:00, 1191.41it/s][ALoading weights: 100%|██████████| 458/458 [00:00<00:00, 1247.56it/s]
Loading pipeline components...:  29%|██▊       | 2/7 [00:01<00:03,  1.44it/s]Loading pipeline components...:  43%|████▎     | 3/7 [00:02<00:03,  1.07it/s]
Loading weights:   0%|          | 0/237 [00:00<?, ?it/s][A
Loading weights:  52%|█████▏    | 123/237 [00:00<00:00, 1199.34it/s][ALoading weights: 100%|██████████| 237/237 [00:00<00:00, 1240.22it/s]
Loading pipeline components...:  57%|█████▋    | 4/7 [00:03<00:02,  1.11it/s]The config attributes {'lora_rank': 4, 'use_lora': False} were passed to ErnieImageTransformer2DModel, but are not expected and will be ignored. Please verify your config.json configuration file.

Loading checkpoint shards:   0%|          | 0/2 [00:00<?, ?it/s][A
Loading checkpoint shards:  50%|█████     | 1/2 [00:00<00:00,  7.84it/s][ALoading checkpoint shards: 100%|██████████| 2/2 [00:00<00:00, 10.14it/s]
Loading pipeline components...: 100%|██████████| 7/7 [00:03<00:00,  2.52it/s]Loading pipeline components...: 100%|██████████| 7/7 [00:03<00:00,  1.82it/s]
