[exp8244] phase=start_no_model_load completed=0 pending=1
[exp8244] phase=benchmark_before_energy_uniform completed=0 pending=192
[exp8244] phase=precision_energy_uniform completed=32 pending=160
[exp8244] phase=precision_energy_uniform completed=64 pending=128
[exp8244] phase=precision_energy_uniform completed=96 pending=96
[exp8244] phase=precision_energy_uniform completed=128 pending=64
[exp8244] phase=precision_energy_uniform completed=160 pending=32
[exp8244] phase=precision_energy_uniform completed=192 pending=0
[exp8244] phase=benchmark_after_energy_uniform completed=192 pending=0
[exp8244] phase=benchmark_before_energy_margin completed=0 pending=192
[exp8244] phase=precision_energy_margin completed=32 pending=160
[exp8244] phase=precision_energy_margin completed=64 pending=128
[exp8244] phase=precision_energy_margin completed=96 pending=96
[exp8244] phase=precision_energy_margin completed=128 pending=64
[exp8244] phase=precision_energy_margin completed=160 pending=32
[exp8244] phase=precision_energy_margin completed=192 pending=0
[exp8244] phase=benchmark_after_energy_margin completed=192 pending=0
[exp8244] phase=benchmark_before_additive_uniform completed=0 pending=192
[exp8244] phase=precision_additive_uniform completed=32 pending=160
[exp8244] phase=precision_additive_uniform completed=64 pending=128
[exp8244] phase=precision_additive_uniform completed=96 pending=96
[exp8244] phase=precision_additive_uniform completed=128 pending=64
[exp8244] phase=precision_additive_uniform completed=160 pending=32
[exp8244] phase=precision_additive_uniform completed=192 pending=0
[exp8244] phase=benchmark_after_additive_uniform completed=192 pending=0
[exp8244] phase=benchmark_before_additive_margin completed=0 pending=192
[exp8244] phase=precision_additive_margin completed=32 pending=160
[exp8244] phase=precision_additive_margin completed=64 pending=128
[exp8244] phase=precision_additive_margin completed=96 pending=96
[exp8244] phase=precision_additive_margin completed=128 pending=64
[exp8244] phase=precision_additive_margin completed=160 pending=32
[exp8244] phase=precision_additive_margin completed=192 pending=0
[exp8244] phase=benchmark_after_additive_margin completed=192 pending=0
[exp8244] phase=benchmark_before_logistic_uniform completed=0 pending=192
[exp8244] phase=precision_logistic_uniform completed=32 pending=160
[exp8244] phase=precision_logistic_uniform completed=64 pending=128
[exp8244] phase=precision_logistic_uniform completed=96 pending=96
[exp8244] phase=precision_logistic_uniform completed=128 pending=64
[exp8244] phase=precision_logistic_uniform completed=160 pending=32
[exp8244] phase=precision_logistic_uniform completed=192 pending=0
[exp8244] phase=benchmark_after_logistic_uniform completed=192 pending=0
[exp8244] phase=benchmark_before_logistic_margin completed=0 pending=192
[exp8244] phase=precision_logistic_margin completed=32 pending=160
[exp8244] phase=precision_logistic_margin completed=64 pending=128
[exp8244] phase=precision_logistic_margin completed=96 pending=96
[exp8244] phase=precision_logistic_margin completed=128 pending=64
[exp8244] phase=precision_logistic_margin completed=160 pending=32
[exp8244] phase=precision_logistic_margin completed=192 pending=0
[exp8244] phase=benchmark_after_logistic_margin completed=192 pending=0
{"passed": true, "replay_passed": true}
