[exp7825] start elapsed_s=0 completed_units=0
[exp7811] start elapsed_s=0 completed_units=0
[exp7825] phase=preflight event=before elapsed_s=0.000 completed_units=0
[exp7825] phase=preflight event=after elapsed_s=0.105 completed_units=43
[exp7825] phase=numerical event=before_benchmark_response_set_68001 elapsed_s=0.105 completed_units=0
[exp7811] phase=features event=before_generation_fit elapsed_s=0.000 completed_units=0
[exp7811] phase=features event=after_generation_fit elapsed_s=0.129 completed_units=1
[exp7811] phase=features event=before_generation_tune elapsed_s=0.129 completed_units=1
[exp7811] phase=features event=after_generation_tune elapsed_s=0.130 completed_units=2
[exp7811] phase=features event=before_generation_evaluation elapsed_s=0.130 completed_units=2
[exp7811] phase=features event=after_generation_evaluation elapsed_s=0.130 completed_units=3
[exp7811] phase=fit event=before_benchmark elapsed_s=0.171 completed_units=0
[exp7811] phase=fit event=after_benchmark elapsed_s=2.272 completed_units=2
[exp7811] phase=head event=before_model_save elapsed_s=2.462 completed_units=0
[exp7811] phase=head event=after_model_save elapsed_s=2.462 completed_units=1
[exp7811] phase=head event=before_model_load elapsed_s=2.462 completed_units=1
[exp7811] phase=head event=after_model_load elapsed_s=2.470 completed_units=2
[exp7825] phase=numerical event=after_benchmark_response_set_68001 elapsed_s=2.693 completed_units=1
[exp7825] phase=numerical event=before_benchmark_response_set_68002 elapsed_s=2.693 completed_units=1
[exp7811] phase=features event=before_generation_fit elapsed_s=0.000 completed_units=0
[exp7811] phase=features event=after_generation_fit elapsed_s=0.001 completed_units=1
[exp7811] phase=features event=before_generation_tune elapsed_s=0.001 completed_units=1
[exp7811] phase=features event=after_generation_tune elapsed_s=0.002 completed_units=2
[exp7811] phase=features event=before_generation_evaluation elapsed_s=0.002 completed_units=2
[exp7811] phase=features event=after_generation_evaluation elapsed_s=0.002 completed_units=3
[exp7811] phase=fit event=before_benchmark elapsed_s=0.003 completed_units=0
[exp7811] phase=fit event=after_benchmark elapsed_s=0.022 completed_units=2
[exp7811] phase=head event=before_model_save elapsed_s=0.025 completed_units=0
[exp7811] phase=head event=after_model_save elapsed_s=0.025 completed_units=1
[exp7811] phase=head event=before_model_load elapsed_s=0.025 completed_units=1
[exp7811] phase=head event=after_model_load elapsed_s=0.026 completed_units=2
[exp7825] phase=numerical event=after_benchmark_response_set_68002 elapsed_s=2.738 completed_units=2
[exp7825] phase=numerical event=before_benchmark_response_set_68003 elapsed_s=2.738 completed_units=2
[exp7811] phase=features event=before_generation_fit elapsed_s=0.000 completed_units=0
[exp7811] phase=features event=after_generation_fit elapsed_s=0.001 completed_units=1
[exp7811] phase=features event=before_generation_tune elapsed_s=0.001 completed_units=1
[exp7811] phase=features event=after_generation_tune elapsed_s=0.002 completed_units=2
[exp7811] phase=features event=before_generation_evaluation elapsed_s=0.002 completed_units=2
[exp7811] phase=features event=after_generation_evaluation elapsed_s=0.002 completed_units=3
[exp7811] phase=fit event=before_benchmark elapsed_s=0.002 completed_units=0
[exp7811] phase=fit event=after_benchmark elapsed_s=0.021 completed_units=2
[exp7811] phase=head event=before_model_save elapsed_s=0.024 completed_units=0
[exp7811] phase=head event=after_model_save elapsed_s=0.025 completed_units=1
[exp7811] phase=head event=before_model_load elapsed_s=0.025 completed_units=1
[exp7811] phase=head event=after_model_load elapsed_s=0.025 completed_units=2
[exp7825] phase=numerical event=after_benchmark_response_set_68003 elapsed_s=2.782 completed_units=3
[exp7825] phase=numerical event=before_benchmark_local_set_68001 elapsed_s=2.782 completed_units=3
[exp7811] phase=features event=before_generation_fit elapsed_s=0.000 completed_units=0
[exp7811] phase=features event=after_generation_fit elapsed_s=0.001 completed_units=1
[exp7811] phase=features event=before_generation_tune elapsed_s=0.001 completed_units=1
[exp7811] phase=features event=after_generation_tune elapsed_s=0.002 completed_units=2
[exp7811] phase=features event=before_generation_evaluation elapsed_s=0.002 completed_units=2
[exp7811] phase=features event=after_generation_evaluation elapsed_s=0.002 completed_units=3
[exp7811] phase=fit event=before_benchmark elapsed_s=0.002 completed_units=0
[exp7811] phase=fit event=after_benchmark elapsed_s=0.399 completed_units=2
[exp7811] phase=head event=before_model_save elapsed_s=0.402 completed_units=0
[exp7811] phase=head event=after_model_save elapsed_s=0.402 completed_units=1
[exp7811] phase=head event=before_model_load elapsed_s=0.402 completed_units=1
[exp7811] phase=head event=after_model_load elapsed_s=0.403 completed_units=2
[exp7825] phase=numerical event=after_benchmark_local_set_68001 elapsed_s=3.325 completed_units=4
[exp7825] phase=numerical event=before_benchmark_local_set_68002 elapsed_s=3.325 completed_units=4
[exp7811] phase=features event=before_generation_fit elapsed_s=0.000 completed_units=0
[exp7811] phase=features event=after_generation_fit elapsed_s=0.001 completed_units=1
[exp7811] phase=features event=before_generation_tune elapsed_s=0.001 completed_units=1
[exp7811] phase=features event=after_generation_tune elapsed_s=0.002 completed_units=2
[exp7811] phase=features event=before_generation_evaluation elapsed_s=0.002 completed_units=2
[exp7811] phase=features event=after_generation_evaluation elapsed_s=0.002 completed_units=3
[exp7811] phase=fit event=before_benchmark elapsed_s=0.002 completed_units=0
[exp7811] phase=fit event=after_benchmark elapsed_s=0.039 completed_units=2
[exp7811] phase=head event=before_model_save elapsed_s=0.042 completed_units=0
[exp7811] phase=head event=after_model_save elapsed_s=0.042 completed_units=1
[exp7811] phase=head event=before_model_load elapsed_s=0.042 completed_units=1
[exp7811] phase=head event=after_model_load elapsed_s=0.043 completed_units=2
[exp7825] phase=numerical event=after_benchmark_local_set_68002 elapsed_s=3.398 completed_units=5
[exp7825] phase=numerical event=before_benchmark_local_set_68003 elapsed_s=3.398 completed_units=5
[exp7811] phase=features event=before_generation_fit elapsed_s=0.000 completed_units=0
[exp7811] phase=features event=after_generation_fit elapsed_s=0.001 completed_units=1
[exp7811] phase=features event=before_generation_tune elapsed_s=0.001 completed_units=1
[exp7811] phase=features event=after_generation_tune elapsed_s=0.002 completed_units=2
[exp7811] phase=features event=before_generation_evaluation elapsed_s=0.002 completed_units=2
[exp7811] phase=features event=after_generation_evaluation elapsed_s=0.002 completed_units=3
[exp7811] phase=fit event=before_benchmark elapsed_s=0.002 completed_units=0
[exp7811] phase=fit event=after_benchmark elapsed_s=0.038 completed_units=2
[exp7811] phase=head event=before_model_save elapsed_s=0.041 completed_units=0
[exp7811] phase=head event=after_model_save elapsed_s=0.041 completed_units=1
[exp7811] phase=head event=before_model_load elapsed_s=0.041 completed_units=1
[exp7811] phase=head event=after_model_load elapsed_s=0.041 completed_units=2
[exp7825] phase=numerical event=after_benchmark_local_set_68003 elapsed_s=3.471 completed_units=6
[exp7825] phase=numerical event=before_benchmark_augmented_set_68001 elapsed_s=3.471 completed_units=6
[exp7811] phase=features event=before_generation_fit elapsed_s=0.000 completed_units=0
[exp7811] phase=features event=after_generation_fit elapsed_s=0.001 completed_units=1
[exp7811] phase=features event=before_generation_tune elapsed_s=0.001 completed_units=1
[exp7811] phase=features event=after_generation_tune elapsed_s=0.002 completed_units=2
[exp7811] phase=features event=before_generation_evaluation elapsed_s=0.002 completed_units=2
[exp7811] phase=features event=after_generation_evaluation elapsed_s=0.002 completed_units=3
[exp7811] phase=fit event=before_benchmark elapsed_s=0.002 completed_units=0
[exp7811] phase=fit event=after_benchmark elapsed_s=0.193 completed_units=2
[exp7811] phase=head event=before_model_save elapsed_s=0.198 completed_units=0
[exp7811] phase=head event=after_model_save elapsed_s=0.198 completed_units=1
[exp7811] phase=head event=before_model_load elapsed_s=0.198 completed_units=1
[exp7811] phase=head event=after_model_load elapsed_s=0.198 completed_units=2
[exp7825] phase=numerical event=after_benchmark_augmented_set_68001 elapsed_s=3.706 completed_units=7
[exp7825] phase=numerical event=before_benchmark_augmented_set_68002 elapsed_s=3.706 completed_units=7
[exp7811] phase=features event=before_generation_fit elapsed_s=0.000 completed_units=0
[exp7811] phase=features event=after_generation_fit elapsed_s=0.001 completed_units=1
[exp7811] phase=features event=before_generation_tune elapsed_s=0.001 completed_units=1
[exp7811] phase=features event=after_generation_tune elapsed_s=0.002 completed_units=2
[exp7811] phase=features event=before_generation_evaluation elapsed_s=0.002 completed_units=2
[exp7811] phase=features event=after_generation_evaluation elapsed_s=0.002 completed_units=3
[exp7811] phase=fit event=before_benchmark elapsed_s=0.002 completed_units=0
[exp7811] phase=fit event=after_benchmark elapsed_s=0.069 completed_units=2
[exp7811] phase=head event=before_model_save elapsed_s=0.073 completed_units=0
[exp7811] phase=head event=after_model_save elapsed_s=0.073 completed_units=1
[exp7811] phase=head event=before_model_load elapsed_s=0.073 completed_units=1
[exp7811] phase=head event=after_model_load elapsed_s=0.073 completed_units=2
[exp7825] phase=numerical event=after_benchmark_augmented_set_68002 elapsed_s=3.816 completed_units=8
[exp7825] phase=numerical event=before_benchmark_augmented_set_68003 elapsed_s=3.816 completed_units=8
[exp7811] phase=features event=before_generation_fit elapsed_s=0.000 completed_units=0
[exp7811] phase=features event=after_generation_fit elapsed_s=0.001 completed_units=1
[exp7811] phase=features event=before_generation_tune elapsed_s=0.001 completed_units=1
[exp7811] phase=features event=after_generation_tune elapsed_s=0.001 completed_units=2
[exp7811] phase=features event=before_generation_evaluation elapsed_s=0.002 completed_units=2
[exp7811] phase=features event=after_generation_evaluation elapsed_s=0.002 completed_units=3
[exp7811] phase=fit event=before_benchmark elapsed_s=0.002 completed_units=0
[exp7811] phase=fit event=after_benchmark elapsed_s=0.064 completed_units=2
[exp7811] phase=head event=before_model_save elapsed_s=0.068 completed_units=0
[exp7811] phase=head event=after_model_save elapsed_s=0.068 completed_units=1
[exp7811] phase=head event=before_model_load elapsed_s=0.068 completed_units=1
[exp7811] phase=head event=after_model_load elapsed_s=0.069 completed_units=2
[exp7825] phase=numerical event=after_benchmark_augmented_set_68003 elapsed_s=3.920 completed_units=9
[exp7825] phase=numerical event=before_benchmark_constrained_set_68001 elapsed_s=3.920 completed_units=9
[exp7811] phase=features event=before_generation_fit elapsed_s=0.000 completed_units=0
[exp7811] phase=features event=after_generation_fit elapsed_s=0.001 completed_units=1
[exp7811] phase=features event=before_generation_tune elapsed_s=0.001 completed_units=1
[exp7811] phase=features event=after_generation_tune elapsed_s=0.002 completed_units=2
[exp7811] phase=features event=before_generation_evaluation elapsed_s=0.002 completed_units=2
[exp7811] phase=features event=after_generation_evaluation elapsed_s=0.002 completed_units=3
[exp7811] phase=fit event=before_benchmark elapsed_s=0.002 completed_units=0
[exp7811] phase=fit event=after_benchmark elapsed_s=0.204 completed_units=2
[exp7811] phase=head event=before_model_save elapsed_s=0.208 completed_units=0
[exp7811] phase=head event=after_model_save elapsed_s=0.208 completed_units=1
[exp7811] phase=head event=before_model_load elapsed_s=0.208 completed_units=1
[exp7811] phase=head event=after_model_load elapsed_s=0.209 completed_units=2
[exp7825] phase=numerical event=after_benchmark_constrained_set_68001 elapsed_s=4.227 completed_units=10
[exp7825] phase=numerical event=before_benchmark_constrained_set_68002 elapsed_s=4.227 completed_units=10
[exp7811] phase=features event=before_generation_fit elapsed_s=0.000 completed_units=0
[exp7811] phase=features event=after_generation_fit elapsed_s=0.001 completed_units=1
[exp7811] phase=features event=before_generation_tune elapsed_s=0.001 completed_units=1
[exp7811] phase=features event=after_generation_tune elapsed_s=0.002 completed_units=2
[exp7811] phase=features event=before_generation_evaluation elapsed_s=0.002 completed_units=2
[exp7811] phase=features event=after_generation_evaluation elapsed_s=0.002 completed_units=3
[exp7811] phase=fit event=before_benchmark elapsed_s=0.002 completed_units=0
[exp7811] phase=fit event=after_benchmark elapsed_s=0.106 completed_units=2
[exp7811] phase=head event=before_model_save elapsed_s=0.109 completed_units=0
[exp7811] phase=head event=after_model_save elapsed_s=0.109 completed_units=1
[exp7811] phase=head event=before_model_load elapsed_s=0.109 completed_units=1
[exp7811] phase=head event=after_model_load elapsed_s=0.110 completed_units=2
[exp7825] phase=numerical event=after_benchmark_constrained_set_68002 elapsed_s=4.380 completed_units=11
[exp7825] phase=numerical event=before_benchmark_constrained_set_68003 elapsed_s=4.380 completed_units=11
[exp7811] phase=features event=before_generation_fit elapsed_s=0.000 completed_units=0
[exp7811] phase=features event=after_generation_fit elapsed_s=0.001 completed_units=1
[exp7811] phase=features event=before_generation_tune elapsed_s=0.001 completed_units=1
[exp7811] phase=features event=after_generation_tune elapsed_s=0.002 completed_units=2
[exp7811] phase=features event=before_generation_evaluation elapsed_s=0.002 completed_units=2
[exp7811] phase=features event=after_generation_evaluation elapsed_s=0.002 completed_units=3
[exp7811] phase=fit event=before_benchmark elapsed_s=0.002 completed_units=0
[exp7811] phase=fit event=after_benchmark elapsed_s=0.105 completed_units=2
[exp7811] phase=head event=before_model_save elapsed_s=0.109 completed_units=0
[exp7811] phase=head event=after_model_save elapsed_s=0.109 completed_units=1
[exp7811] phase=head event=before_model_load elapsed_s=0.109 completed_units=1
[exp7811] phase=head event=after_model_load elapsed_s=0.110 completed_units=2
[exp7825] phase=numerical event=after_benchmark_constrained_set_68003 elapsed_s=4.532 completed_units=12
[exp7825] phase=numerical event=before_benchmark_augmented_mlp_68001 elapsed_s=4.532 completed_units=12
[exp7811] phase=features event=before_generation_fit elapsed_s=0.000 completed_units=0
[exp7811] phase=features event=after_generation_fit elapsed_s=0.001 completed_units=1
[exp7811] phase=features event=before_generation_tune elapsed_s=0.001 completed_units=1
[exp7811] phase=features event=after_generation_tune elapsed_s=0.002 completed_units=2
[exp7811] phase=features event=before_generation_evaluation elapsed_s=0.002 completed_units=2
[exp7811] phase=features event=after_generation_evaluation elapsed_s=0.002 completed_units=3
[exp7811] phase=fit event=before_benchmark elapsed_s=0.036 completed_units=0
[exp7811] phase=fit event=after_benchmark elapsed_s=1.430 completed_units=2
[exp7811] phase=head event=before_model_save elapsed_s=1.433 completed_units=0
[exp7811] phase=head event=after_model_save elapsed_s=1.434 completed_units=1
[exp7811] phase=head event=before_model_load elapsed_s=1.434 completed_units=1
[exp7811] phase=head event=after_model_load elapsed_s=1.460 completed_units=2
[exp7825] phase=numerical event=after_benchmark_augmented_mlp_68001 elapsed_s=6.012 completed_units=13
[exp7825] phase=numerical event=before_benchmark_augmented_mlp_68002 elapsed_s=6.012 completed_units=13
[exp7811] phase=features event=before_generation_fit elapsed_s=0.000 completed_units=0
[exp7811] phase=features event=after_generation_fit elapsed_s=0.001 completed_units=1
[exp7811] phase=features event=before_generation_tune elapsed_s=0.001 completed_units=1
[exp7811] phase=features event=after_generation_tune elapsed_s=0.002 completed_units=2
[exp7811] phase=features event=before_generation_evaluation elapsed_s=0.002 completed_units=2
[exp7811] phase=features event=after_generation_evaluation elapsed_s=0.002 completed_units=3
[exp7811] phase=fit event=before_benchmark elapsed_s=0.002 completed_units=0
[exp7811] phase=fit event=after_benchmark elapsed_s=0.038 completed_units=2
[exp7811] phase=head event=before_model_save elapsed_s=0.041 completed_units=0
[exp7811] phase=head event=after_model_save elapsed_s=0.042 completed_units=1
[exp7811] phase=head event=before_model_load elapsed_s=0.042 completed_units=1
[exp7811] phase=head event=after_model_load elapsed_s=0.044 completed_units=2
[exp7825] phase=numerical event=after_benchmark_augmented_mlp_68002 elapsed_s=6.075 completed_units=14
[exp7825] phase=numerical event=before_benchmark_augmented_mlp_68003 elapsed_s=6.075 completed_units=14
[exp7811] phase=features event=before_generation_fit elapsed_s=0.000 completed_units=0
[exp7811] phase=features event=after_generation_fit elapsed_s=0.001 completed_units=1
[exp7811] phase=features event=before_generation_tune elapsed_s=0.001 completed_units=1
[exp7811] phase=features event=after_generation_tune elapsed_s=0.002 completed_units=2
[exp7811] phase=features event=before_generation_evaluation elapsed_s=0.002 completed_units=2
[exp7811] phase=features event=after_generation_evaluation elapsed_s=0.002 completed_units=3
[exp7811] phase=fit event=before_benchmark elapsed_s=0.003 completed_units=0
[exp7811] phase=fit event=after_benchmark elapsed_s=0.041 completed_units=2
[exp7811] phase=head event=before_model_save elapsed_s=0.044 completed_units=0
[exp7811] phase=head event=after_model_save elapsed_s=0.045 completed_units=1
[exp7811] phase=head event=before_model_load elapsed_s=0.045 completed_units=1
[exp7811] phase=head event=after_model_load elapsed_s=0.047 completed_units=2
[exp7825] phase=numerical event=after_benchmark_augmented_mlp_68003 elapsed_s=6.141 completed_units=15
[exp7825] phase=numerical event=before_benchmark_constrained_mlp_68001 elapsed_s=6.141 completed_units=15
[exp7811] phase=features event=before_generation_fit elapsed_s=0.000 completed_units=0
[exp7811] phase=features event=after_generation_fit elapsed_s=0.001 completed_units=1
[exp7811] phase=features event=before_generation_tune elapsed_s=0.001 completed_units=1
[exp7811] phase=features event=after_generation_tune elapsed_s=0.002 completed_units=2
[exp7811] phase=features event=before_generation_evaluation elapsed_s=0.002 completed_units=2
[exp7811] phase=features event=after_generation_evaluation elapsed_s=0.002 completed_units=3
[exp7811] phase=fit event=before_benchmark elapsed_s=0.003 completed_units=0
[exp7811] phase=fit event=after_benchmark elapsed_s=0.065 completed_units=2
[exp7811] phase=head event=before_model_save elapsed_s=0.068 completed_units=0
[exp7811] phase=head event=after_model_save elapsed_s=0.069 completed_units=1
[exp7811] phase=head event=before_model_load elapsed_s=0.069 completed_units=1
[exp7811] phase=head event=after_model_load elapsed_s=0.071 completed_units=2
[exp7825] phase=numerical event=after_benchmark_constrained_mlp_68001 elapsed_s=6.234 completed_units=16
[exp7825] phase=numerical event=before_benchmark_constrained_mlp_68002 elapsed_s=6.234 completed_units=16
[exp7811] phase=features event=before_generation_fit elapsed_s=0.000 completed_units=0
[exp7811] phase=features event=after_generation_fit elapsed_s=0.001 completed_units=1
[exp7811] phase=features event=before_generation_tune elapsed_s=0.001 completed_units=1
[exp7811] phase=features event=after_generation_tune elapsed_s=0.002 completed_units=2
[exp7811] phase=features event=before_generation_evaluation elapsed_s=0.002 completed_units=2
[exp7811] phase=features event=after_generation_evaluation elapsed_s=0.002 completed_units=3
[exp7811] phase=fit event=before_benchmark elapsed_s=0.003 completed_units=0
[exp7811] phase=fit event=after_benchmark elapsed_s=0.065 completed_units=2
[exp7811] phase=head event=before_model_save elapsed_s=0.068 completed_units=0
[exp7811] phase=head event=after_model_save elapsed_s=0.069 completed_units=1
[exp7811] phase=head event=before_model_load elapsed_s=0.069 completed_units=1
[exp7811] phase=head event=after_model_load elapsed_s=0.071 completed_units=2
[exp7825] phase=numerical event=after_benchmark_constrained_mlp_68002 elapsed_s=6.327 completed_units=17
[exp7825] phase=numerical event=before_benchmark_constrained_mlp_68003 elapsed_s=6.327 completed_units=17
[exp7811] phase=features event=before_generation_fit elapsed_s=0.000 completed_units=0
[exp7811] phase=features event=after_generation_fit elapsed_s=0.001 completed_units=1
[exp7811] phase=features event=before_generation_tune elapsed_s=0.001 completed_units=1
[exp7811] phase=features event=after_generation_tune elapsed_s=0.002 completed_units=2
[exp7811] phase=features event=before_generation_evaluation elapsed_s=0.002 completed_units=2
[exp7811] phase=features event=after_generation_evaluation elapsed_s=0.002 completed_units=3
[exp7811] phase=fit event=before_benchmark elapsed_s=0.003 completed_units=0
[exp7811] phase=fit event=after_benchmark elapsed_s=0.066 completed_units=2
[exp7811] phase=head event=before_model_save elapsed_s=0.069 completed_units=0
[exp7811] phase=head event=after_model_save elapsed_s=0.069 completed_units=1
[exp7811] phase=head event=before_model_load elapsed_s=0.070 completed_units=1
[exp7811] phase=head event=after_model_load elapsed_s=0.072 completed_units=2
[exp7825] phase=numerical event=after_benchmark_constrained_mlp_68003 elapsed_s=6.421 completed_units=18
[exp7825] phase=numerical event=before_benchmark_local_logistic_68001 elapsed_s=6.421 completed_units=18
[exp7811] phase=features event=before_generation_fit elapsed_s=0.000 completed_units=0
[exp7811] phase=features event=after_generation_fit elapsed_s=0.001 completed_units=1
[exp7811] phase=features event=before_generation_tune elapsed_s=0.001 completed_units=1
[exp7811] phase=features event=after_generation_tune elapsed_s=0.002 completed_units=2
[exp7811] phase=features event=before_generation_evaluation elapsed_s=0.002 completed_units=2
[exp7811] phase=features event=after_generation_evaluation elapsed_s=0.002 completed_units=3
[exp7811] phase=fit event=before_benchmark elapsed_s=0.002 completed_units=0
[exp7811] phase=fit event=after_benchmark elapsed_s=0.088 completed_units=2
[exp7811] phase=head event=before_model_save elapsed_s=0.091 completed_units=0
[exp7811] phase=head event=after_model_save elapsed_s=0.091 completed_units=1
[exp7811] phase=head event=before_model_load elapsed_s=0.091 completed_units=1
[exp7811] phase=head event=after_model_load elapsed_s=0.091 completed_units=2
[exp7825] phase=numerical event=after_benchmark_local_logistic_68001 elapsed_s=6.526 completed_units=19
[exp7825] phase=numerical event=before_benchmark_local_logistic_68002 elapsed_s=6.526 completed_units=19
[exp7811] phase=features event=before_generation_fit elapsed_s=0.000 completed_units=0
[exp7811] phase=features event=after_generation_fit elapsed_s=0.001 completed_units=1
[exp7811] phase=features event=before_generation_tune elapsed_s=0.001 completed_units=1
[exp7811] phase=features event=after_generation_tune elapsed_s=0.002 completed_units=2
[exp7811] phase=features event=before_generation_evaluation elapsed_s=0.002 completed_units=2
[exp7811] phase=features event=after_generation_evaluation elapsed_s=0.002 completed_units=3
[exp7811] phase=fit event=before_benchmark elapsed_s=0.002 completed_units=0
[exp7811] phase=fit event=after_benchmark elapsed_s=0.020 completed_units=2
[exp7811] phase=head event=before_model_save elapsed_s=0.022 completed_units=0
[exp7811] phase=head event=after_model_save elapsed_s=0.022 completed_units=1
[exp7811] phase=head event=before_model_load elapsed_s=0.022 completed_units=1
[exp7811] phase=head event=after_model_load elapsed_s=0.023 completed_units=2
[exp7825] phase=numerical event=after_benchmark_local_logistic_68002 elapsed_s=6.564 completed_units=20
[exp7825] phase=numerical event=before_benchmark_local_logistic_68003 elapsed_s=6.564 completed_units=20
[exp7811] phase=features event=before_generation_fit elapsed_s=0.000 completed_units=0
[exp7811] phase=features event=after_generation_fit elapsed_s=0.001 completed_units=1
[exp7811] phase=features event=before_generation_tune elapsed_s=0.001 completed_units=1
[exp7811] phase=features event=after_generation_tune elapsed_s=0.002 completed_units=2
[exp7811] phase=features event=before_generation_evaluation elapsed_s=0.002 completed_units=2
[exp7811] phase=features event=after_generation_evaluation elapsed_s=0.002 completed_units=3
[exp7811] phase=fit event=before_benchmark elapsed_s=0.002 completed_units=0
[exp7811] phase=fit event=after_benchmark elapsed_s=0.019 completed_units=2
[exp7811] phase=head event=before_model_save elapsed_s=0.022 completed_units=0
[exp7811] phase=head event=after_model_save elapsed_s=0.022 completed_units=1
[exp7811] phase=head event=before_model_load elapsed_s=0.022 completed_units=1
[exp7811] phase=head event=after_model_load elapsed_s=0.023 completed_units=2
[exp7825] phase=numerical event=after_benchmark_local_logistic_68003 elapsed_s=6.600 completed_units=21
[exp7825] phase=numerical event=before_benchmark_source_erased_constrained_set_68001 elapsed_s=6.600 completed_units=21
[exp7811] phase=features event=before_generation_fit elapsed_s=0.000 completed_units=0
[exp7811] phase=features event=after_generation_fit elapsed_s=0.009 completed_units=1
[exp7811] phase=features event=before_generation_tune elapsed_s=0.009 completed_units=1
[exp7811] phase=features event=after_generation_tune elapsed_s=0.009 completed_units=2
[exp7811] phase=features event=before_generation_evaluation elapsed_s=0.009 completed_units=2
[exp7811] phase=features event=after_generation_evaluation elapsed_s=0.010 completed_units=3
[exp7811] phase=fit event=before_benchmark elapsed_s=0.010 completed_units=0
[exp7811] phase=fit event=after_benchmark elapsed_s=0.854 completed_units=2
[exp7811] phase=head event=before_model_save elapsed_s=0.858 completed_units=0
[exp7811] phase=head event=after_model_save elapsed_s=0.858 completed_units=1
[exp7811] phase=head event=before_model_load elapsed_s=0.858 completed_units=1
[exp7811] phase=head event=after_model_load elapsed_s=0.858 completed_units=2
[exp7825] phase=numerical event=after_benchmark_source_erased_constrained_set_68001 elapsed_s=7.502 completed_units=22
[exp7825] phase=numerical event=before_benchmark_source_erased_constrained_set_68002 elapsed_s=7.502 completed_units=22
[exp7811] phase=features event=before_generation_fit elapsed_s=0.000 completed_units=0
[exp7811] phase=features event=after_generation_fit elapsed_s=0.001 completed_units=1
[exp7811] phase=features event=before_generation_tune elapsed_s=0.001 completed_units=1
[exp7811] phase=features event=after_generation_tune elapsed_s=0.001 completed_units=2
[exp7811] phase=features event=before_generation_evaluation elapsed_s=0.001 completed_units=2
[exp7811] phase=features event=after_generation_evaluation elapsed_s=0.001 completed_units=3
[exp7811] phase=fit event=before_benchmark elapsed_s=0.001 completed_units=0
[exp7811] phase=fit event=after_benchmark elapsed_s=0.105 completed_units=2
[exp7811] phase=head event=before_model_save elapsed_s=0.109 completed_units=0
[exp7811] phase=head event=after_model_save elapsed_s=0.109 completed_units=1
[exp7811] phase=head event=before_model_load elapsed_s=0.109 completed_units=1
[exp7811] phase=head event=after_model_load elapsed_s=0.109 completed_units=2
[exp7825] phase=numerical event=after_benchmark_source_erased_constrained_set_68002 elapsed_s=7.654 completed_units=23
[exp7825] phase=numerical event=before_benchmark_source_erased_constrained_set_68003 elapsed_s=7.654 completed_units=23
[exp7811] phase=features event=before_generation_fit elapsed_s=0.000 completed_units=0
[exp7811] phase=features event=after_generation_fit elapsed_s=0.000 completed_units=1
[exp7811] phase=features event=before_generation_tune elapsed_s=0.001 completed_units=1
[exp7811] phase=features event=after_generation_tune elapsed_s=0.001 completed_units=2
[exp7811] phase=features event=before_generation_evaluation elapsed_s=0.001 completed_units=2
[exp7811] phase=features event=after_generation_evaluation elapsed_s=0.001 completed_units=3
[exp7811] phase=fit event=before_benchmark elapsed_s=0.001 completed_units=0
[exp7811] phase=fit event=after_benchmark elapsed_s=0.106 completed_units=2
[exp7811] phase=head event=before_model_save elapsed_s=0.109 completed_units=0
[exp7811] phase=head event=after_model_save elapsed_s=0.110 completed_units=1
[exp7811] phase=head event=before_model_load elapsed_s=0.110 completed_units=1
[exp7811] phase=head event=after_model_load elapsed_s=0.110 completed_units=2
[exp7825] phase=numerical event=after_benchmark_source_erased_constrained_set_68003 elapsed_s=7.807 completed_units=24
[exp7825] phase=numerical event=before_benchmark_complete_static_constrained_set_68001 elapsed_s=7.807 completed_units=24
[exp7811] phase=features event=before_generation_fit elapsed_s=0.000 completed_units=0
[exp7811] phase=features event=after_generation_fit elapsed_s=0.009 completed_units=1
[exp7811] phase=features event=before_generation_tune elapsed_s=0.010 completed_units=1
[exp7811] phase=features event=after_generation_tune elapsed_s=0.010 completed_units=2
[exp7811] phase=features event=before_generation_evaluation elapsed_s=0.010 completed_units=2
[exp7811] phase=features event=after_generation_evaluation elapsed_s=0.011 completed_units=3
[exp7811] phase=fit event=before_benchmark elapsed_s=0.030 completed_units=0
[exp7811] phase=fit event=after_benchmark elapsed_s=0.349 completed_units=2
[exp7811] phase=head event=before_model_save elapsed_s=0.353 completed_units=0
[exp7811] phase=head event=after_model_save elapsed_s=0.353 completed_units=1
[exp7811] phase=head event=before_model_load elapsed_s=0.353 completed_units=1
[exp7811] phase=head event=after_model_load elapsed_s=0.361 completed_units=2
[exp7825] phase=numerical event=after_benchmark_complete_static_constrained_set_68001 elapsed_s=8.213 completed_units=25
[exp7825] phase=numerical event=before_benchmark_complete_static_constrained_set_68002 elapsed_s=8.213 completed_units=25
[exp7811] phase=features event=before_generation_fit elapsed_s=0.000 completed_units=0
[exp7811] phase=features event=after_generation_fit elapsed_s=0.001 completed_units=1
[exp7811] phase=features event=before_generation_tune elapsed_s=0.001 completed_units=1
[exp7811] phase=features event=after_generation_tune elapsed_s=0.002 completed_units=2
[exp7811] phase=features event=before_generation_evaluation elapsed_s=0.002 completed_units=2
[exp7811] phase=features event=after_generation_evaluation elapsed_s=0.003 completed_units=3
[exp7811] phase=fit event=before_benchmark elapsed_s=0.003 completed_units=0
[exp7811] phase=fit event=after_benchmark elapsed_s=0.109 completed_units=2
[exp7811] phase=head event=before_model_save elapsed_s=0.112 completed_units=0
[exp7811] phase=head event=after_model_save elapsed_s=0.113 completed_units=1
[exp7811] phase=head event=before_model_load elapsed_s=0.113 completed_units=1
[exp7811] phase=head event=after_model_load elapsed_s=0.113 completed_units=2
[exp7825] phase=numerical event=after_benchmark_complete_static_constrained_set_68002 elapsed_s=8.370 completed_units=26
[exp7825] phase=numerical event=before_benchmark_complete_static_constrained_set_68003 elapsed_s=8.370 completed_units=26
[exp7811] phase=features event=before_generation_fit elapsed_s=0.000 completed_units=0
[exp7811] phase=features event=after_generation_fit elapsed_s=0.001 completed_units=1
[exp7811] phase=features event=before_generation_tune elapsed_s=0.001 completed_units=1
[exp7811] phase=features event=after_generation_tune elapsed_s=0.002 completed_units=2
[exp7811] phase=features event=before_generation_evaluation elapsed_s=0.002 completed_units=2
[exp7811] phase=features event=after_generation_evaluation elapsed_s=0.003 completed_units=3
[exp7811] phase=fit event=before_benchmark elapsed_s=0.003 completed_units=0
[exp7811] phase=fit event=after_benchmark elapsed_s=0.108 completed_units=2
[exp7811] phase=head event=before_model_save elapsed_s=0.112 completed_units=0
[exp7811] phase=head event=after_model_save elapsed_s=0.112 completed_units=1
[exp7811] phase=head event=before_model_load elapsed_s=0.112 completed_units=1
[exp7811] phase=head event=after_model_load elapsed_s=0.113 completed_units=2
[exp7825] phase=numerical event=after_benchmark_complete_static_constrained_set_68003 elapsed_s=8.527 completed_units=27
[exp7825] phase=online event=before_benchmark elapsed_s=8.527 completed_units=0
[exp7797] phase=online_query event=next_query elapsed_s=0.010 completed_units=1
[exp7797] phase=online_query event=next_query elapsed_s=0.078 completed_units=2
[exp7797] phase=online_query event=next_query elapsed_s=0.259 completed_units=3
[exp7797] phase=online_query event=next_query elapsed_s=0.626 completed_units=4
[exp7797] phase=online_query event=next_query elapsed_s=1.146 completed_units=5
[exp7797] phase=online_query event=next_query elapsed_s=1.923 completed_units=6
[exp7797] phase=online_query event=next_query elapsed_s=2.996 completed_units=7
[exp7797] phase=online_query event=next_query elapsed_s=4.422 completed_units=8
[exp7797] phase=online_query event=next_block elapsed_s=5.312 completed_units=9
[exp7797] phase=online_query event=next_block elapsed_s=5.431 completed_units=10
[exp7797] phase=online_query event=next_block elapsed_s=5.689 completed_units=11
[exp7797] phase=online_query event=next_block elapsed_s=6.119 completed_units=12
[exp7797] phase=online_query event=next_block elapsed_s=6.750 completed_units=13
[exp7797] phase=online_query event=next_block elapsed_s=7.652 completed_units=14
[exp7797] phase=online_query event=next_block elapsed_s=8.998 completed_units=15
[exp7797] phase=online_query event=next_block elapsed_s=10.609 completed_units=16
[exp7797] phase=online_controls event=before_bank_proposal elapsed_s=10.620 completed_units=16
[exp7797] phase=online_controls event=after_bank_proposal elapsed_s=10.621 completed_units=17
[exp7797] phase=hard_exit event=before_subprocess elapsed_s=10.621 completed_units=17
[exp7760] hard_exit_before before_subprocess elapsed_s=0.000 completed_units=0
[exp7760] hard_exit_before after_subprocess elapsed_s=0.973 completed_units=1
[exp7760] hard_exit_after before_subprocess elapsed_s=0.973 completed_units=1
[exp7760] hard_exit_after after_subprocess elapsed_s=1.962 completed_units=2
[exp7797] phase=hard_exit event=after_subprocess elapsed_s=12.584 completed_units=18
[exp7825] phase=online event=after_benchmark elapsed_s=21.114 completed_units=16
{"valid": true, "row_count": 162}
