[exp8017] phase=cli_start elapsed_s=0.000 completed_units=0 pending=
[exp8017] phase=freeze_authority elapsed_s=0.001 completed_units=0 pending=methods and roles
[exp8017] phase=task_reduced elapsed_s=24.915 completed_units=1 pending=11
[exp8017] phase=task_reduced elapsed_s=24.954 completed_units=2 pending=10
[exp8017] phase=task_reduced elapsed_s=25.010 completed_units=3 pending=9
[exp8017] phase=task_reduced elapsed_s=25.126 completed_units=4 pending=8
[exp8017] phase=task_reduced elapsed_s=25.152 completed_units=5 pending=7
[exp8017] phase=task_reduced elapsed_s=25.161 completed_units=6 pending=6
[exp8017] phase=source_response_reduction elapsed_s=25.173 completed_units=0 pending=192
[exp8017] phase=source_response_reduction elapsed_s=25.173 completed_units=32 pending=160
[exp8017] phase=source_response_reduction elapsed_s=25.173 completed_units=64 pending=128
[exp8017] phase=source_response_reduction elapsed_s=25.173 completed_units=96 pending=96
[exp8017] phase=source_response_reduction elapsed_s=25.173 completed_units=128 pending=64
[exp8017] phase=source_response_reduction elapsed_s=25.174 completed_units=160 pending=32
[exp8017] phase=task_reduced elapsed_s=25.175 completed_units=7 pending=5
[exp8017] phase=task_reduced elapsed_s=25.201 completed_units=8 pending=4
[exp8017] phase=task_reduced elapsed_s=25.201 completed_units=9 pending=3
[exp8017] phase=task_reduced elapsed_s=25.202 completed_units=10 pending=2
[exp8017] phase=task_reduced elapsed_s=25.202 completed_units=11 pending=1
[exp8017] phase=task_reduced elapsed_s=25.203 completed_units=12 pending=0
[exp8004] phase=primitive_scoring rows=0/2
[exp8004] phase=primitive_scoring rows=0/2
