[exp8210] phase=start completed=0 pending=0
[exp8210] phase=before_preconditions completed=0 pending=0
[exp8205] phase=before_subprocess_python_environment completed=0 pending=1
[exp8205] phase=after_subprocess_python_environment completed=1 pending=0
[exp8209] phase=score completed=16 pending=112
[exp8209] phase=score completed=32 pending=96
[exp8209] phase=score completed=48 pending=80
[exp8209] phase=score completed=64 pending=64
[exp8209] phase=score completed=80 pending=48
[exp8209] phase=score completed=96 pending=32
[exp8209] phase=score completed=112 pending=16
[exp8209] phase=score completed=128 pending=0
[exp8209] phase=score completed=16 pending=112
[exp8209] phase=score completed=32 pending=96
[exp8209] phase=score completed=48 pending=80
[exp8209] phase=score completed=64 pending=64
[exp8209] phase=score completed=80 pending=48
[exp8209] phase=score completed=96 pending=32
[exp8209] phase=score completed=112 pending=16
[exp8209] phase=score completed=128 pending=0
[exp8209] phase=score completed=16 pending=112
[exp8209] phase=score completed=32 pending=96
[exp8209] phase=score completed=48 pending=80
[exp8209] phase=score completed=64 pending=64
[exp8209] phase=score completed=80 pending=48
[exp8209] phase=score completed=96 pending=32
[exp8209] phase=score completed=112 pending=16
[exp8209] phase=score completed=128 pending=0
[exp8210] phase=predictions_authenticated_before_label_access completed=768 pending=0
[exp8210] phase=after_preconditions completed=128 pending=0
[exp8210] phase=before_benchmark_independent_reduction completed=0 pending=128
[exp8209] phase=score completed=16 pending=112
[exp8209] phase=score completed=32 pending=96
[exp8209] phase=score completed=48 pending=80
[exp8209] phase=score completed=64 pending=64
[exp8209] phase=score completed=80 pending=48
[exp8209] phase=score completed=96 pending=32
[exp8209] phase=score completed=112 pending=16
[exp8209] phase=score completed=128 pending=0
[exp8185] phase=before_benchmark_source_bootstrap completed=0 pending=10000
[exp8185] phase=after_benchmark_source_bootstrap completed=10000 pending=0
[exp8185] phase=before_benchmark_source_bootstrap completed=0 pending=10000
[exp8185] phase=after_benchmark_source_bootstrap completed=10000 pending=0
[exp8185] phase=before_benchmark_source_bootstrap completed=0 pending=10000
[exp8185] phase=after_benchmark_source_bootstrap completed=10000 pending=0
[exp8185] phase=before_benchmark_source_bootstrap completed=0 pending=10000
[exp8185] phase=after_benchmark_source_bootstrap completed=10000 pending=0
[exp8210] phase=after_benchmark_independent_reduction completed=128 pending=0
