[exp8209] phase=score completed=16 pending=112
[exp8209] phase=score completed=32 pending=96
[exp8209] phase=score completed=48 pending=80
[exp8209] phase=score completed=64 pending=64
[exp8209] phase=score completed=80 pending=48
[exp8209] phase=score completed=96 pending=32
[exp8209] phase=score completed=112 pending=16
[exp8209] phase=score completed=128 pending=0
[exp8209] phase=score completed=16 pending=112
[exp8209] phase=score completed=32 pending=96
[exp8209] phase=score completed=48 pending=80
[exp8209] phase=score completed=64 pending=64
[exp8209] phase=score completed=80 pending=48
[exp8209] phase=score completed=96 pending=32
[exp8209] phase=score completed=112 pending=16
[exp8209] phase=score completed=128 pending=0
[exp8185] phase=before_benchmark_source_bootstrap completed=0 pending=10000
[exp8185] phase=after_benchmark_source_bootstrap completed=10000 pending=0
[exp8185] phase=before_benchmark_source_bootstrap completed=0 pending=10000
[exp8185] phase=after_benchmark_source_bootstrap completed=10000 pending=0
[exp8185] phase=before_benchmark_source_bootstrap completed=0 pending=10000
[exp8185] phase=after_benchmark_source_bootstrap completed=10000 pending=0
[exp8185] phase=before_benchmark_source_bootstrap completed=0 pending=10000
[exp8185] phase=after_benchmark_source_bootstrap completed=10000 pending=0
[exp8209] phase=score completed=16 pending=112
[exp8209] phase=score completed=32 pending=96
[exp8209] phase=score completed=48 pending=80
[exp8209] phase=score completed=64 pending=64
[exp8209] phase=score completed=80 pending=48
[exp8209] phase=score completed=96 pending=32
[exp8209] phase=score completed=112 pending=16
[exp8209] phase=score completed=128 pending=0
[exp8209] phase=score completed=16 pending=112
[exp8209] phase=score completed=32 pending=96
[exp8209] phase=score completed=48 pending=80
[exp8209] phase=score completed=64 pending=64
[exp8209] phase=score completed=80 pending=48
[exp8209] phase=score completed=96 pending=32
[exp8209] phase=score completed=112 pending=16
[exp8209] phase=score completed=128 pending=0
[exp8185] phase=before_benchmark_source_bootstrap completed=0 pending=10000
[exp8185] phase=after_benchmark_source_bootstrap completed=10000 pending=0
[exp8185] phase=before_benchmark_source_bootstrap completed=0 pending=10000
[exp8185] phase=after_benchmark_source_bootstrap completed=10000 pending=0
[exp8185] phase=before_benchmark_source_bootstrap completed=0 pending=10000
[exp8185] phase=after_benchmark_source_bootstrap completed=10000 pending=0
[exp8185] phase=before_benchmark_source_bootstrap completed=0 pending=10000
[exp8185] phase=after_benchmark_source_bootstrap completed=10000 pending=0
[exp8209] phase=score completed=16 pending=112
[exp8209] phase=score completed=32 pending=96
[exp8209] phase=score completed=48 pending=80
[exp8209] phase=score completed=64 pending=64
[exp8209] phase=score completed=80 pending=48
[exp8209] phase=score completed=96 pending=32
[exp8209] phase=score completed=112 pending=16
[exp8209] phase=score completed=128 pending=0
[exp8209] phase=score completed=16 pending=112
[exp8209] phase=score completed=32 pending=96
[exp8209] phase=score completed=48 pending=80
[exp8209] phase=score completed=64 pending=64
[exp8209] phase=score completed=80 pending=48
[exp8209] phase=score completed=96 pending=32
[exp8209] phase=score completed=112 pending=16
[exp8209] phase=score completed=128 pending=0
[exp8209] phase=score completed=16 pending=112
[exp8209] phase=score completed=32 pending=96
[exp8209] phase=score completed=48 pending=80
[exp8209] phase=score completed=64 pending=64
[exp8209] phase=score completed=80 pending=48
[exp8209] phase=score completed=96 pending=32
[exp8209] phase=score completed=112 pending=16
[exp8209] phase=score completed=128 pending=0
[exp8209] phase=score completed=16 pending=112
[exp8209] phase=score completed=32 pending=96
[exp8209] phase=score completed=48 pending=80
[exp8209] phase=score completed=64 pending=64
[exp8209] phase=score completed=80 pending=48
[exp8209] phase=score completed=96 pending=32
[exp8209] phase=score completed=112 pending=16
[exp8209] phase=score completed=128 pending=0
[exp8209] phase=score completed=16 pending=112
[exp8209] phase=score completed=32 pending=96
[exp8209] phase=score completed=48 pending=80
[exp8209] phase=score completed=64 pending=64
[exp8209] phase=score completed=80 pending=48
[exp8209] phase=score completed=96 pending=32
[exp8209] phase=score completed=112 pending=16
[exp8209] phase=score completed=128 pending=0
.[exp8209] phase=score completed=16 pending=112
[exp8209] phase=score completed=32 pending=96
[exp8209] phase=score completed=48 pending=80
[exp8209] phase=score completed=64 pending=64
[exp8209] phase=score completed=80 pending=48
[exp8209] phase=score completed=96 pending=32
[exp8209] phase=score completed=112 pending=16
[exp8209] phase=score completed=128 pending=0
[exp8209] phase=score completed=16 pending=112
[exp8209] phase=score completed=32 pending=96
[exp8209] phase=score completed=48 pending=80
[exp8209] phase=score completed=64 pending=64
[exp8209] phase=score completed=80 pending=48
[exp8209] phase=score completed=96 pending=32
[exp8209] phase=score completed=112 pending=16
[exp8209] phase=score completed=128 pending=0
[exp8185] phase=before_benchmark_source_bootstrap completed=0 pending=10000
[exp8185] phase=after_benchmark_source_bootstrap completed=10000 pending=0
[exp8185] phase=before_benchmark_source_bootstrap completed=0 pending=10000
[exp8185] phase=after_benchmark_source_bootstrap completed=10000 pending=0
[exp8185] phase=before_benchmark_source_bootstrap completed=0 pending=10000
[exp8185] phase=after_benchmark_source_bootstrap completed=10000 pending=0
[exp8185] phase=before_benchmark_source_bootstrap completed=0 pending=10000
[exp8185] phase=after_benchmark_source_bootstrap completed=10000 pending=0
[exp8185] phase=before_benchmark_source_bootstrap completed=0 pending=10000
[exp8185] phase=after_benchmark_source_bootstrap completed=10000 pending=0
[exp8185] phase=before_benchmark_source_bootstrap completed=0 pending=10000
[exp8185] phase=after_benchmark_source_bootstrap completed=10000 pending=0
[exp8185] phase=before_benchmark_source_bootstrap completed=0 pending=10000
[exp8185] phase=after_benchmark_source_bootstrap completed=10000 pending=0
[exp8185] phase=before_benchmark_source_bootstrap completed=0 pending=10000
[exp8185] phase=after_benchmark_source_bootstrap completed=10000 pending=0
[exp8185] phase=before_benchmark_source_bootstrap completed=0 pending=10000
[exp8185] phase=after_benchmark_source_bootstrap completed=10000 pending=0
[exp8185] phase=before_benchmark_source_bootstrap completed=0 pending=10000
[exp8185] phase=after_benchmark_source_bootstrap completed=10000 pending=0
[exp8185] phase=before_benchmark_source_bootstrap completed=0 pending=10000
[exp8185] phase=after_benchmark_source_bootstrap completed=10000 pending=0
[exp8185] phase=before_benchmark_source_bootstrap completed=0 pending=10000
[exp8185] phase=after_benchmark_source_bootstrap completed=10000 pending=0
.before private8210 CLI
{"event": "after_private8210_CLI", "argv": ["/home/ianblenke/github.com/ianblenke/carnot/.venv/bin/python", "-m", "coverage", "run", "/home/ianblenke/github.com/ianblenke/carnot/scripts/experiments/experiment_8210_v709_restricted_decision_audit.py", "--date", "20261006", "--fixture-output", "/tmp/carnot-8111-z4s1ntw1/pytest_parent/owned/test_private_cli_and_rehashed_0/experiment_8210_v709_restricted_decision_audit.json"], "exit_code": 0, "started_monotonic_ns": 975556391176584, "ended_monotonic_ns": 975560348210348, "stdout": "[exp8210] phase=start completed=0 pending=0\n[exp8210] phase=before_preconditions completed=0 pending=0\n[exp8209] phase=score completed=16 pending=112\n[exp8209] phase=score completed=32 pending=96\n[exp8209] phase=score completed=48 pending=80\n[exp8209] phase=score completed=64 pending=64\n[exp8209] phase=score completed=80 pending=48\n[exp8209] phase=score completed=96 pending=32\n[exp8209] phase=score completed=112 pending=16\n[exp8209] phase=score completed=128 pending=0\n[exp8210] phase=after_preconditions completed=128 pending=0\n[exp8210] phase=before_benchmark_independent_reduction completed=0 pending=128\n[exp8209] phase=score completed=16 pending=112\n[exp8209] phase=score completed=32 pending=96\n[exp8209] phase=score completed=48 pending=80\n[exp8209] phase=score completed=64 pending=64\n[exp8209] phase=score completed=80 pending=48\n[exp8209] phase=score completed=96 pending=32\n[exp8209] phase=score completed=112 pending=16\n[exp8209] phase=score completed=128 pending=0\n[exp8185] phase=before_benchmark_source_bootstrap completed=0 pending=10000\n[exp8185] phase=after_benchmark_source_bootstrap completed=10000 pending=0\n[exp8185] phase=before_benchmark_source_bootstrap completed=0 pending=10000\n[exp8185] phase=after_benchmark_source_bootstrap completed=10000 pending=0\n[exp8185] phase=before_benchmark_source_bootstrap completed=0 pending=10000\n[exp8185] phase=after_benchmark_source_bootstrap completed=10000 pending=0\n[exp8185] phase=before_benchmark_source_bootstrap completed=0 pending=10000\n[exp8185] phase=after_benchmark_source_bootstrap completed=10000 pending=0\n[exp8210] phase=after_benchmark_independent_reduction completed=128 pending=0\n[exp8209] phase=score completed=16 pending=112\n[exp8209] phase=score completed=32 pending=96\n[exp8209] phase=score completed=48 pending=80\n[exp8209] phase=score completed=64 pending=64\n[exp8209] phase=score completed=80 pending=48\n[exp8209] phase=score completed=96 pending=32\n[exp8209] phase=score completed=112 pending=16\n[exp8209] phase=score completed=128 pending=0\n[exp8185] phase=before_benchmark_source_bootstrap completed=0 pending=10000\n[exp8185] phase=after_benchmark_source_bootstrap completed=10000 pending=0\n[exp8185] phase=before_benchmark_source_bootstrap completed=0 pending=10000\n[exp8185] phase=after_benchmark_source_bootstrap completed=10000 pending=0\n[exp8185] phase=before_benchmark_source_bootstrap completed=0 pending=10000\n[exp8185] phase=after_benchmark_source_bootstrap completed=10000 pending=0\n[exp8185] phase=before_benchmark_source_bootstrap completed=0 pending=10000\n[exp8185] phase=after_benchmark_source_bootstrap completed=10000 pending=0\n[exp8209] phase=score completed=16 pending=112\n[exp8209] phase=score completed=32 pending=96\n[exp8209] phase=score completed=48 pending=80\n[exp8209] phase=score completed=64 pending=64\n[exp8209] phase=score completed=80 pending=48\n[exp8209] phase=score completed=96 pending=32\n[exp8209] phase=score completed=112 pending=16\n[exp8209] phase=score completed=128 pending=0\n[exp8185] phase=before_benchmark_source_bootstrap completed=0 pending=10000\n[exp8185] phase=after_benchmark_source_bootstrap completed=10000 pending=0\n[exp8185] phase=before_benchmark_source_bootstrap completed=0 pending=10000\n[exp8185] phase=after_benchmark_source_bootstrap completed=10000 pending=0\n[exp8185] phase=before_benchmark_source_bootstrap completed=0 pending=10000\n[exp8185] phase=after_benchmark_source_bootstrap completed=10000 pending=0\n[exp8185] phase=before_benchmark_source_bootstrap completed=0 pending=10000\n[exp8185] phase=after_benchmark_source_bootstrap completed=10000 pending=0\n[exp8209] phase=score completed=16 pending=112\n[exp8209] phase=score completed=32 pending=96\n[exp8209] phase=score completed=48 pending=80\n[exp8209] phase=score completed=64 pending=64\n[exp8209] phase=score completed=80 pending=48\n[exp8209] phase=score completed=96 pending=32\n[exp8209] phase=score completed=112 pending=16\n[exp8209] phase=score completed=128 pending=0\n[exp8185] phase=before_benchmark_source_bootstrap completed=0 pending=10000\n[exp8185] phase=after_benchmark_source_bootstrap completed=10000 pending=0\n[exp8185] phase=before_benchmark_source_bootstrap completed=0 pending=10000\n[exp8185] phase=after_benchmark_source_bootstrap completed=10000 pending=0\n[exp8185] phase=before_benchmark_source_bootstrap completed=0 pending=10000\n[exp8185] phase=after_benchmark_source_bootstrap completed=10000 pending=0\n[exp8185] phase=before_benchmark_source_bootstrap completed=0 pending=10000\n[exp8185] phase=after_benchmark_source_bootstrap completed=10000 pending=0\n[exp8210] phase=publication_complete completed=1 pending=0\n", "stderr": "", "stdout_sha256": "0004c7d15cd20059d52b415bb4acee7733354d391e139d6bc13b8a6d11b4bd70", "stderr_sha256": "e3b0c44298fc1c149afbf4c8996fb92427ae41e4649b934ca495991b7852b855"}
before private8210 CLI
{"event": "after_private8210_CLI", "argv": ["/home/ianblenke/github.com/ianblenke/carnot/.venv/bin/python", "-m", "coverage", "run", "/home/ianblenke/github.com/ianblenke/carnot/scripts/experiments/experiment_8210_v709_restricted_decision_audit.py", "--cold-replay", "/tmp/carnot-8111-z4s1ntw1/pytest_parent/owned/test_private_cli_and_rehashed_0/experiment_8210_v709_restricted_decision_audit.json"], "exit_code": 0, "started_monotonic_ns": 975560351205635, "ended_monotonic_ns": 975563433630012, "stdout": "[exp8210] phase=start completed=0 pending=0\n[exp8209] phase=score completed=16 pending=112\n[exp8209] phase=score completed=32 pending=96\n[exp8209] phase=score completed=48 pending=80\n[exp8209] phase=score completed=64 pending=64\n[exp8209] phase=score completed=80 pending=48\n[exp8209] phase=score completed=96 pending=32\n[exp8209] phase=score completed=112 pending=16\n[exp8209] phase=score completed=128 pending=0\n[exp8185] phase=before_benchmark_source_bootstrap completed=0 pending=10000\n[exp8185] phase=after_benchmark_source_bootstrap completed=10000 pending=0\n[exp8185] phase=before_benchmark_source_bootstrap completed=0 pending=10000\n[exp8185] phase=after_benchmark_source_bootstrap completed=10000 pending=0\n[exp8185] phase=before_benchmark_source_bootstrap completed=0 pending=10000\n[exp8185] phase=after_benchmark_source_bootstrap completed=10000 pending=0\n[exp8185] phase=before_benchmark_source_bootstrap completed=0 pending=10000\n[exp8185] phase=after_benchmark_source_bootstrap completed=10000 pending=0\n[exp8209] phase=score completed=16 pending=112\n[exp8209] phase=score completed=32 pending=96\n[exp8209] phase=score completed=48 pending=80\n[exp8209] phase=score completed=64 pending=64\n[exp8209] phase=score completed=80 pending=48\n[exp8209] phase=score completed=96 pending=32\n[exp8209] phase=score completed=112 pending=16\n[exp8209] phase=score completed=128 pending=0\n[exp8185] phase=before_benchmark_source_bootstrap completed=0 pending=10000\n[exp8185] phase=after_benchmark_source_bootstrap completed=10000 pending=0\n[exp8185] phase=before_benchmark_source_bootstrap completed=0 pending=10000\n[exp8185] phase=after_benchmark_source_bootstrap completed=10000 pending=0\n[exp8185] phase=before_benchmark_source_bootstrap completed=0 pending=10000\n[exp8185] phase=after_benchmark_source_bootstrap completed=10000 pending=0\n[exp8185] phase=before_benchmark_source_bootstrap completed=0 pending=10000\n[exp8185] phase=after_benchmark_source_bootstrap completed=10000 pending=0\n[exp8210] phase=replay_passed completed=0 pending=0\n", "stderr": "", "stdout_sha256": "5f547462a7d8b759fbaafc22d047da9f4b8976fbd9d295d6be2515e8a75c0050", "stderr_sha256": "e3b0c44298fc1c149afbf4c8996fb92427ae41e4649b934ca495991b7852b855"}
before private8210 CLI
{"event": "after_private8210_CLI", "argv": ["/home/ianblenke/github.com/ianblenke/carnot/.venv/bin/python", "-m", "coverage", "run", "/home/ianblenke/github.com/ianblenke/carnot/scripts/experiments/experiment_8210_v709_restricted_decision_audit.py", "--cold-replay", "/tmp/carnot-8111-z4s1ntw1/pytest_parent/owned/test_private_cli_and_rehashed_0/experiment_8210_v709_restricted_decision_audit.json"], "exit_code": 1, "started_monotonic_ns": 975563474053175, "ended_monotonic_ns": 975566531196051, "stdout": "[exp8210] phase=start completed=0 pending=0\n[exp8209] phase=score completed=16 pending=112\n[exp8209] phase=score completed=32 pending=96\n[exp8209] phase=score completed=48 pending=80\n[exp8209] phase=score completed=64 pending=64\n[exp8209] phase=score completed=80 pending=48\n[exp8209] phase=score completed=96 pending=32\n[exp8209] phase=score completed=112 pending=16\n[exp8209] phase=score completed=128 pending=0\n[exp8185] phase=before_benchmark_source_bootstrap completed=0 pending=10000\n[exp8185] phase=after_benchmark_source_bootstrap completed=10000 pending=0\n[exp8185] phase=before_benchmark_source_bootstrap completed=0 pending=10000\n[exp8185] phase=after_benchmark_source_bootstrap completed=10000 pending=0\n[exp8185] phase=before_benchmark_source_bootstrap completed=0 pending=10000\n[exp8185] phase=after_benchmark_source_bootstrap completed=10000 pending=0\n[exp8185] phase=before_benchmark_source_bootstrap completed=0 pending=10000\n[exp8185] phase=after_benchmark_source_bootstrap completed=10000 pending=0\n[exp8209] phase=score completed=16 pending=112\n[exp8209] phase=score completed=32 pending=96\n[exp8209] phase=score completed=48 pending=80\n[exp8209] phase=score completed=64 pending=64\n[exp8209] phase=score completed=80 pending=48\n[exp8209] phase=score completed=96 pending=32\n[exp8209] phase=score completed=112 pending=16\n[exp8209] phase=score completed=128 pending=0\n[exp8185] phase=before_benchmark_source_bootstrap completed=0 pending=10000\n[exp8185] phase=after_benchmark_source_bootstrap completed=10000 pending=0\n[exp8185] phase=before_benchmark_source_bootstrap completed=0 pending=10000\n[exp8185] phase=after_benchmark_source_bootstrap completed=10000 pending=0\n[exp8185] phase=before_benchmark_source_bootstrap completed=0 pending=10000\n[exp8185] phase=after_benchmark_source_bootstrap completed=10000 pending=0\n[exp8185] phase=before_benchmark_source_bootstrap completed=0 pending=10000\n[exp8185] phase=after_benchmark_source_bootstrap completed=10000 pending=0\n[exp8210] phase=reduction_drift completed=0 pending=0\n", "stderr": "", "stdout_sha256": "092eec9b46311f7875a3f96f45f088120466b6806fd6b01617a9e1d3dbd1b345", "stderr_sha256": "e3b0c44298fc1c149afbf4c8996fb92427ae41e4649b934ca495991b7852b855"}
before private8210 CLI
{"event": "after_private8210_CLI", "argv": ["/home/ianblenke/github.com/ianblenke/carnot/.venv/bin/python", "-m", "coverage", "run", "/home/ianblenke/github.com/ianblenke/carnot/scripts/experiments/experiment_8210_v709_restricted_decision_audit.py", "--cold-replay", "/tmp/carnot-8111-z4s1ntw1/pytest_parent/owned/test_private_cli_and_rehashed_0/experiment_8210_v709_restricted_decision_audit.json"], "exit_code": 1, "started_monotonic_ns": 975566689426597, "ended_monotonic_ns": 975569806035586, "stdout": "[exp8210] phase=start completed=0 pending=0\n[exp8209] phase=score completed=16 pending=112\n[exp8209] phase=score completed=32 pending=96\n[exp8209] phase=score completed=48 pending=80\n[exp8209] phase=score completed=64 pending=64\n[exp8209] phase=score completed=80 pending=48\n[exp8209] phase=score completed=96 pending=32\n[exp8209] phase=score completed=112 pending=16\n[exp8209] phase=score completed=128 pending=0\n[exp8185] phase=before_benchmark_source_bootstrap completed=0 pending=10000\n[exp8185] phase=after_benchmark_source_bootstrap completed=10000 pending=0\n[exp8185] phase=before_benchmark_source_bootstrap completed=0 pending=10000\n[exp8185] phase=after_benchmark_source_bootstrap completed=10000 pending=0\n[exp8185] phase=before_benchmark_source_bootstrap completed=0 pending=10000\n[exp8185] phase=after_benchmark_source_bootstrap completed=10000 pending=0\n[exp8185] phase=before_benchmark_source_bootstrap completed=0 pending=10000\n[exp8185] phase=after_benchmark_source_bootstrap completed=10000 pending=0\n[exp8209] phase=score completed=16 pending=112\n[exp8209] phase=score completed=32 pending=96\n[exp8209] phase=score completed=48 pending=80\n[exp8209] phase=score completed=64 pending=64\n[exp8209] phase=score completed=80 pending=48\n[exp8209] phase=score completed=96 pending=32\n[exp8209] phase=score completed=112 pending=16\n[exp8209] phase=score completed=128 pending=0\n[exp8185] phase=before_benchmark_source_bootstrap completed=0 pending=10000\n[exp8185] phase=after_benchmark_source_bootstrap completed=10000 pending=0\n[exp8185] phase=before_benchmark_source_bootstrap completed=0 pending=10000\n[exp8185] phase=after_benchmark_source_bootstrap completed=10000 pending=0\n[exp8185] phase=before_benchmark_source_bootstrap completed=0 pending=10000\n[exp8185] phase=after_benchmark_source_bootstrap completed=10000 pending=0\n[exp8185] phase=before_benchmark_source_bootstrap completed=0 pending=10000\n[exp8185] phase=after_benchmark_source_bootstrap completed=10000 pending=0\n[exp8210] phase=reduction_drift completed=0 pending=0\n", "stderr": "", "stdout_sha256": "092eec9b46311f7875a3f96f45f088120466b6806fd6b01617a9e1d3dbd1b345", "stderr_sha256": "e3b0c44298fc1c149afbf4c8996fb92427ae41e4649b934ca495991b7852b855"}
before private8210 CLI
{"event": "after_private8210_CLI", "argv": ["/home/ianblenke/github.com/ianblenke/carnot/.venv/bin/python", "-m", "coverage", "run", "/home/ianblenke/github.com/ianblenke/carnot/scripts/experiments/experiment_8210_v709_restricted_decision_audit.py", "--cold-replay", "/tmp/carnot-8111-z4s1ntw1/pytest_parent/owned/test_private_cli_and_rehashed_0/experiment_8210_v709_restricted_decision_audit.json"], "exit_code": 1, "started_monotonic_ns": 975569964166224, "ended_monotonic_ns": 975573054037866, "stdout": "[exp8210] phase=start completed=0 pending=0\n[exp8209] phase=score completed=16 pending=112\n[exp8209] phase=score completed=32 pending=96\n[exp8209] phase=score completed=48 pending=80\n[exp8209] phase=score completed=64 pending=64\n[exp8209] phase=score completed=80 pending=48\n[exp8209] phase=score completed=96 pending=32\n[exp8209] phase=score completed=112 pending=16\n[exp8209] phase=score completed=128 pending=0\n[exp8185] phase=before_benchmark_source_bootstrap completed=0 pending=10000\n[exp8185] phase=after_benchmark_source_bootstrap completed=10000 pending=0\n[exp8185] phase=before_benchmark_source_bootstrap completed=0 pending=10000\n[exp8185] phase=after_benchmark_source_bootstrap completed=10000 pending=0\n[exp8185] phase=before_benchmark_source_bootstrap completed=0 pending=10000\n[exp8185] phase=after_benchmark_source_bootstrap completed=10000 pending=0\n[exp8185] phase=before_benchmark_source_bootstrap completed=0 pending=10000\n[exp8185] phase=after_benchmark_source_bootstrap completed=10000 pending=0\n[exp8209] phase=score completed=16 pending=112\n[exp8209] phase=score completed=32 pending=96\n[exp8209] phase=score completed=48 pending=80\n[exp8209] phase=score completed=64 pending=64\n[exp8209] phase=score completed=80 pending=48\n[exp8209] phase=score completed=96 pending=32\n[exp8209] phase=score completed=112 pending=16\n[exp8209] phase=score completed=128 pending=0\n[exp8185] phase=before_benchmark_source_bootstrap completed=0 pending=10000\n[exp8185] phase=after_benchmark_source_bootstrap completed=10000 pending=0\n[exp8185] phase=before_benchmark_source_bootstrap completed=0 pending=10000\n[exp8185] phase=after_benchmark_source_bootstrap completed=10000 pending=0\n[exp8185] phase=before_benchmark_source_bootstrap completed=0 pending=10000\n[exp8185] phase=after_benchmark_source_bootstrap completed=10000 pending=0\n[exp8185] phase=before_benchmark_source_bootstrap completed=0 pending=10000\n[exp8185] phase=after_benchmark_source_bootstrap completed=10000 pending=0\n[exp8210] phase=reduction_drift completed=0 pending=0\n", "stderr": "", "stdout_sha256": "092eec9b46311f7875a3f96f45f088120466b6806fd6b01617a9e1d3dbd1b345", "stderr_sha256": "e3b0c44298fc1c149afbf4c8996fb92427ae41e4649b934ca495991b7852b855"}
before private8210 CLI
{"event": "after_private8210_CLI", "argv": ["/home/ianblenke/github.com/ianblenke/carnot/.venv/bin/python", "-m", "coverage", "run", "/home/ianblenke/github.com/ianblenke/carnot/scripts/experiments/experiment_8210_v709_restricted_decision_audit.py", "--cold-replay", "/tmp/carnot-8111-z4s1ntw1/pytest_parent/owned/test_private_cli_and_rehashed_0/experiment_8210_v709_restricted_decision_audit.json"], "exit_code": 1, "started_monotonic_ns": 975573212813003, "ended_monotonic_ns": 975576330489216, "stdout": "[exp8210] phase=start completed=0 pending=0\n[exp8209] phase=score completed=16 pending=112\n[exp8209] phase=score completed=32 pending=96\n[exp8209] phase=score completed=48 pending=80\n[exp8209] phase=score completed=64 pending=64\n[exp8209] phase=score completed=80 pending=48\n[exp8209] phase=score completed=96 pending=32\n[exp8209] phase=score completed=112 pending=16\n[exp8209] phase=score completed=128 pending=0\n[exp8185] phase=before_benchmark_source_bootstrap completed=0 pending=10000\n[exp8185] phase=after_benchmark_source_bootstrap completed=10000 pending=0\n[exp8185] phase=before_benchmark_source_bootstrap completed=0 pending=10000\n[exp8185] phase=after_benchmark_source_bootstrap completed=10000 pending=0\n[exp8185] phase=before_benchmark_source_bootstrap completed=0 pending=10000\n[exp8185] phase=after_benchmark_source_bootstrap completed=10000 pending=0\n[exp8185] phase=before_benchmark_source_bootstrap completed=0 pending=10000\n[exp8185] phase=after_benchmark_source_bootstrap completed=10000 pending=0\n[exp8209] phase=score completed=16 pending=112\n[exp8209] phase=score completed=32 pending=96\n[exp8209] phase=score completed=48 pending=80\n[exp8209] phase=score completed=64 pending=64\n[exp8209] phase=score completed=80 pending=48\n[exp8209] phase=score completed=96 pending=32\n[exp8209] phase=score completed=112 pending=16\n[exp8209] phase=score completed=128 pending=0\n[exp8185] phase=before_benchmark_source_bootstrap completed=0 pending=10000\n[exp8185] phase=after_benchmark_source_bootstrap completed=10000 pending=0\n[exp8185] phase=before_benchmark_source_bootstrap completed=0 pending=10000\n[exp8185] phase=after_benchmark_source_bootstrap completed=10000 pending=0\n[exp8185] phase=before_benchmark_source_bootstrap completed=0 pending=10000\n[exp8185] phase=after_benchmark_source_bootstrap completed=10000 pending=0\n[exp8185] phase=before_benchmark_source_bootstrap completed=0 pending=10000\n[exp8185] phase=after_benchmark_source_bootstrap completed=10000 pending=0\n[exp8210] phase=reduction_drift completed=0 pending=0\n", "stderr": "", "stdout_sha256": "092eec9b46311f7875a3f96f45f088120466b6806fd6b01617a9e1d3dbd1b345", "stderr_sha256": "e3b0c44298fc1c149afbf4c8996fb92427ae41e4649b934ca495991b7852b855"}
before private8210 CLI
{"event": "after_private8210_CLI", "argv": ["/home/ianblenke/github.com/ianblenke/carnot/.venv/bin/python", "-m", "coverage", "run", "/home/ianblenke/github.com/ianblenke/carnot/scripts/experiments/experiment_8210_v709_restricted_decision_audit.py", "--fixture-output", "/tmp/carnot-8111-z4s1ntw1/pytest_parent/owned/test_private_cli_and_rehashed_0/block/experiment_8210_v709_restricted_decision_audit.json", "--mutation", "source"], "exit_code": 0, "started_monotonic_ns": 975576448371929, "ended_monotonic_ns": 975579312263720, "stdout": "[exp8210] phase=start completed=0 pending=0\n[exp8210] phase=before_preconditions completed=0 pending=0\n[exp8210] phase=terminal_operand_or_owned_failure completed=2 pending=0\n[exp8210] phase=publication_complete completed=1 pending=0\n", "stderr": "", "stdout_sha256": "47aba17e145525b49ec39ede8116b2a79ed09195c2e08ceb5699c2132b3668d4", "stderr_sha256": "e3b0c44298fc1c149afbf4c8996fb92427ae41e4649b934ca495991b7852b855"}
before private8210 CLI
{"event": "after_private8210_CLI", "argv": ["/home/ianblenke/github.com/ianblenke/carnot/.venv/bin/python", "-m", "coverage", "run", "/home/ianblenke/github.com/ianblenke/carnot/scripts/experiments/experiment_8210_v709_restricted_decision_audit.py", "--date", "20261005"], "exit_code": 2, "started_monotonic_ns": 975579312668881, "ended_monotonic_ns": 975582134267925, "stdout": "[exp8210] phase=start completed=0 pending=0\n", "stderr": "usage: experiment_8210_v709_restricted_decision_audit.py [-h]\n                                                         [--date {20261006}]\n                                                         [--root ROOT]\n                                                         [--output OUTPUT]\n                                                         [--fixture-output FIXTURE_OUTPUT]\n                                                         [--worker-output WORKER_OUTPUT]\n                                                         [--stream-path STREAM_PATH]\n                                                         [--mutation {,labels,roles,slots,source}]\n                                                         [--cold-replay COLD_REPLAY]\nexperiment_8210_v709_restricted_decision_audit.py: error: argument --date: invalid choice: '20261005' (choose from 20261006)\n", "stdout_sha256": "4469c1946ea833de0634f01e8493fab4d662cacfc42f23634ef26b9c1dd95668", "stderr_sha256": "3d69e2d864cadba6e7c7236708616cb4033dd6859c8bc2953f4ed047ff88b570"}
before private8210 CLI
{"event": "after_private8210_CLI", "argv": ["/home/ianblenke/github.com/ianblenke/carnot/.venv/bin/python", "-m", "coverage", "run", "/home/ianblenke/github.com/ianblenke/carnot/scripts/experiments/experiment_8210_v709_restricted_decision_audit.py", "--fixture-output", "/home/ianblenke/github.com/ianblenke/carnot/results/experiment_8210_v709_restricted_decision_audit.json"], "exit_code": 2, "started_monotonic_ns": 975582134503798, "ended_monotonic_ns": 975584987752550, "stdout": "[exp8210] phase=start completed=0 pending=0\n", "stderr": "usage: experiment_8210_v709_restricted_decision_audit.py [-h]\n                                                         [--date {20261006}]\n                                                         [--root ROOT]\n                                                         [--output OUTPUT]\n                                                         [--fixture-output FIXTURE_OUTPUT]\n                                                         [--worker-output WORKER_OUTPUT]\n                                                         [--stream-path STREAM_PATH]\n                                                         [--mutation {,labels,roles,slots,source}]\n                                                         [--cold-replay COLD_REPLAY]\nexperiment_8210_v709_restricted_decision_audit.py: error: fixture outputs must be private\n", "stdout_sha256": "4469c1946ea833de0634f01e8493fab4d662cacfc42f23634ef26b9c1dd95668", "stderr_sha256": "2f442a107c6a67ffd5b7405c4b139f7de01d584b96da4e6fe0f0d294ff75e551"}
.[exp8210] phase=before_preconditions completed=0 pending=0
[exp8205] phase=before_subprocess_python_environment completed=0 pending=1
[exp8205] phase=after_subprocess_python_environment completed=1 pending=0
[exp8209] phase=score completed=16 pending=112
[exp8209] phase=score completed=32 pending=96
[exp8209] phase=score completed=48 pending=80
[exp8209] phase=score completed=64 pending=64
[exp8209] phase=score completed=80 pending=48
[exp8209] phase=score completed=96 pending=32
[exp8209] phase=score completed=112 pending=16
[exp8209] phase=score completed=128 pending=0
[exp8209] phase=score completed=16 pending=112
[exp8209] phase=score completed=32 pending=96
[exp8209] phase=score completed=48 pending=80
[exp8209] phase=score completed=64 pending=64
[exp8209] phase=score completed=80 pending=48
[exp8209] phase=score completed=96 pending=32
[exp8209] phase=score completed=112 pending=16
[exp8209] phase=score completed=128 pending=0
[exp8209] phase=score completed=16 pending=112
[exp8209] phase=score completed=32 pending=96
[exp8209] phase=score completed=48 pending=80
[exp8209] phase=score completed=64 pending=64
[exp8209] phase=score completed=80 pending=48
[exp8209] phase=score completed=96 pending=32
[exp8209] phase=score completed=112 pending=16
[exp8209] phase=score completed=128 pending=0
[exp8210] phase=predictions_authenticated_before_label_access completed=768 pending=0
[exp8210] phase=after_preconditions completed=128 pending=0
[exp8210] phase=before_benchmark_independent_reduction completed=0 pending=128
[exp8209] phase=score completed=16 pending=112
[exp8209] phase=score completed=32 pending=96
[exp8209] phase=score completed=48 pending=80
[exp8209] phase=score completed=64 pending=64
[exp8209] phase=score completed=80 pending=48
[exp8209] phase=score completed=96 pending=32
[exp8209] phase=score completed=112 pending=16
[exp8209] phase=score completed=128 pending=0
[exp8185] phase=before_benchmark_source_bootstrap completed=0 pending=10000
[exp8185] phase=after_benchmark_source_bootstrap completed=10000 pending=0
[exp8185] phase=before_benchmark_source_bootstrap completed=0 pending=10000
[exp8185] phase=after_benchmark_source_bootstrap completed=10000 pending=0
[exp8185] phase=before_benchmark_source_bootstrap completed=0 pending=10000
[exp8185] phase=after_benchmark_source_bootstrap completed=10000 pending=0
[exp8185] phase=before_benchmark_source_bootstrap completed=0 pending=10000
[exp8185] phase=after_benchmark_source_bootstrap completed=10000 pending=0
[exp8210] phase=after_benchmark_independent_reduction completed=128 pending=0
[exp8209] phase=score completed=16 pending=112
[exp8209] phase=score completed=32 pending=96
[exp8209] phase=score completed=48 pending=80
[exp8209] phase=score completed=64 pending=64
[exp8209] phase=score completed=80 pending=48
[exp8209] phase=score completed=96 pending=32
[exp8209] phase=score completed=112 pending=16
[exp8209] phase=score completed=128 pending=0
[exp8185] phase=before_benchmark_source_bootstrap completed=0 pending=10000
[exp8185] phase=after_benchmark_source_bootstrap completed=10000 pending=0
[exp8185] phase=before_benchmark_source_bootstrap completed=0 pending=10000
[exp8185] phase=after_benchmark_source_bootstrap completed=10000 pending=0
[exp8185] phase=before_benchmark_source_bootstrap completed=0 pending=10000
[exp8185] phase=after_benchmark_source_bootstrap completed=10000 pending=0
[exp8185] phase=before_benchmark_source_bootstrap completed=0 pending=10000
[exp8185] phase=after_benchmark_source_bootstrap completed=10000 pending=0
[exp8209] phase=score completed=16 pending=112
[exp8209] phase=score completed=32 pending=96
[exp8209] phase=score completed=48 pending=80
[exp8209] phase=score completed=64 pending=64
[exp8209] phase=score completed=80 pending=48
[exp8209] phase=score completed=96 pending=32
[exp8209] phase=score completed=112 pending=16
[exp8209] phase=score completed=128 pending=0
[exp8185] phase=before_benchmark_source_bootstrap completed=0 pending=10000
[exp8185] phase=after_benchmark_source_bootstrap completed=10000 pending=0
[exp8185] phase=before_benchmark_source_bootstrap completed=0 pending=10000
[exp8185] phase=after_benchmark_source_bootstrap completed=10000 pending=0
[exp8185] phase=before_benchmark_source_bootstrap completed=0 pending=10000
[exp8185] phase=after_benchmark_source_bootstrap completed=10000 pending=0
[exp8185] phase=before_benchmark_source_bootstrap completed=0 pending=10000
[exp8185] phase=after_benchmark_source_bootstrap completed=10000 pending=0
[exp8209] phase=score completed=16 pending=112
[exp8209] phase=score completed=32 pending=96
[exp8209] phase=score completed=48 pending=80
[exp8209] phase=score completed=64 pending=64
[exp8209] phase=score completed=80 pending=48
[exp8209] phase=score completed=96 pending=32
[exp8209] phase=score completed=112 pending=16
[exp8209] phase=score completed=128 pending=0
[exp8185] phase=before_benchmark_source_bootstrap completed=0 pending=10000
[exp8185] phase=after_benchmark_source_bootstrap completed=10000 pending=0
[exp8185] phase=before_benchmark_source_bootstrap completed=0 pending=10000
[exp8185] phase=after_benchmark_source_bootstrap completed=10000 pending=0
[exp8185] phase=before_benchmark_source_bootstrap completed=0 pending=10000
[exp8185] phase=after_benchmark_source_bootstrap completed=10000 pending=0
[exp8185] phase=before_benchmark_source_bootstrap completed=0 pending=10000
[exp8185] phase=after_benchmark_source_bootstrap completed=10000 pending=0
before private8210 CLI
{"event": "after_private8210_CLI", "argv": ["/home/ianblenke/github.com/ianblenke/carnot/.venv/bin/python", "-m", "coverage", "run", "/home/ianblenke/github.com/ianblenke/carnot/scripts/experiments/experiment_8210_v709_restricted_decision_audit.py", "--cold-replay", "/tmp/carnot-8111-z4s1ntw1/pytest_parent/owned/test_natural_custody_and_owned0/natural.json"], "exit_code": 1, "started_monotonic_ns": 975589505534803, "ended_monotonic_ns": 975592477642448, "stdout": "[exp8210] phase=start completed=0 pending=0\n[exp8210] phase=reduction_drift completed=0 pending=0\n", "stderr": "", "stdout_sha256": "d46bd74966b6bbc90e9ecc423b7a56cb7f80c4aeb332ea612999cf0e32572e58", "stderr_sha256": "e3b0c44298fc1c149afbf4c8996fb92427ae41e4649b934ca495991b7852b855"}
before private8210 CLI
{"event": "after_private8210_CLI", "argv": ["/home/ianblenke/github.com/ianblenke/carnot/.venv/bin/python", "-m", "coverage", "run", "/home/ianblenke/github.com/ianblenke/carnot/scripts/experiments/experiment_8210_v709_restricted_decision_audit.py", "--cold-replay", "/tmp/carnot-8111-z4s1ntw1/pytest_parent/owned/test_natural_custody_and_owned0/natural.json"], "exit_code": 1, "started_monotonic_ns": 975593532864980, "ended_monotonic_ns": 975596536184553, "stdout": "[exp8210] phase=start completed=0 pending=0\n[exp8210] phase=reduction_drift completed=0 pending=0\n", "stderr": "", "stdout_sha256": "d46bd74966b6bbc90e9ecc423b7a56cb7f80c4aeb332ea612999cf0e32572e58", "stderr_sha256": "e3b0c44298fc1c149afbf4c8996fb92427ae41e4649b934ca495991b7852b855"}
before private8210 CLI
{"event": "after_private8210_CLI", "argv": ["/home/ianblenke/github.com/ianblenke/carnot/.venv/bin/python", "-m", "coverage", "run", "/home/ianblenke/github.com/ianblenke/carnot/scripts/experiments/experiment_8210_v709_restricted_decision_audit.py", "--cold-replay", "/tmp/carnot-8111-z4s1ntw1/pytest_parent/owned/test_natural_custody_and_owned0/natural.json"], "exit_code": 1, "started_monotonic_ns": 975597566642595, "ended_monotonic_ns": 975600542709242, "stdout": "[exp8210] phase=start completed=0 pending=0\n[exp8210] phase=reduction_drift completed=0 pending=0\n", "stderr": "", "stdout_sha256": "d46bd74966b6bbc90e9ecc423b7a56cb7f80c4aeb332ea612999cf0e32572e58", "stderr_sha256": "e3b0c44298fc1c149afbf4c8996fb92427ae41e4649b934ca495991b7852b855"}
before private8210 CLI
{"event": "after_private8210_CLI", "argv": ["/home/ianblenke/github.com/ianblenke/carnot/.venv/bin/python", "-m", "coverage", "run", "/home/ianblenke/github.com/ianblenke/carnot/scripts/experiments/experiment_8210_v709_restricted_decision_audit.py", "--cold-replay", "/tmp/carnot-8111-z4s1ntw1/pytest_parent/owned/test_natural_custody_and_owned0/natural.json"], "exit_code": 1, "started_monotonic_ns": 975601719939751, "ended_monotonic_ns": 975604693996033, "stdout": "[exp8210] phase=start completed=0 pending=0\n[exp8210] phase=reduction_drift completed=0 pending=0\n", "stderr": "", "stdout_sha256": "d46bd74966b6bbc90e9ecc423b7a56cb7f80c4aeb332ea612999cf0e32572e58", "stderr_sha256": "e3b0c44298fc1c149afbf4c8996fb92427ae41e4649b934ca495991b7852b855"}
before private8210 CLI
{"event": "after_private8210_CLI", "argv": ["/home/ianblenke/github.com/ianblenke/carnot/.venv/bin/python", "-m", "coverage", "run", "/home/ianblenke/github.com/ianblenke/carnot/scripts/experiments/experiment_8210_v709_restricted_decision_audit.py", "--cold-replay", "/tmp/carnot-8111-z4s1ntw1/pytest_parent/owned/test_natural_custody_and_owned0/natural.json"], "exit_code": 1, "started_monotonic_ns": 975605734869109, "ended_monotonic_ns": 975608651999402, "stdout": "[exp8210] phase=start completed=0 pending=0\n[exp8210] phase=reduction_drift completed=0 pending=0\n", "stderr": "", "stdout_sha256": "d46bd74966b6bbc90e9ecc423b7a56cb7f80c4aeb332ea612999cf0e32572e58", "stderr_sha256": "e3b0c44298fc1c149afbf4c8996fb92427ae41e4649b934ca495991b7852b855"}
[exp8209] phase=score completed=16 pending=112
[exp8209] phase=score completed=32 pending=96
[exp8209] phase=score completed=48 pending=80
[exp8209] phase=score completed=64 pending=64
[exp8209] phase=score completed=80 pending=48
[exp8209] phase=score completed=96 pending=32
[exp8209] phase=score completed=112 pending=16
[exp8209] phase=score completed=128 pending=0
[exp8185] phase=before_benchmark_source_bootstrap completed=0 pending=10000
[exp8185] phase=after_benchmark_source_bootstrap completed=10000 pending=0
[exp8185] phase=before_benchmark_source_bootstrap completed=0 pending=10000
[exp8185] phase=after_benchmark_source_bootstrap completed=10000 pending=0
[exp8185] phase=before_benchmark_source_bootstrap completed=0 pending=10000
[exp8185] phase=after_benchmark_source_bootstrap completed=10000 pending=0
[exp8185] phase=before_benchmark_source_bootstrap completed=0 pending=10000
[exp8185] phase=after_benchmark_source_bootstrap completed=10000 pending=0
[exp8209] phase=score completed=16 pending=112
[exp8209] phase=score completed=32 pending=96
[exp8209] phase=score completed=48 pending=80
[exp8209] phase=score completed=64 pending=64
[exp8209] phase=score completed=80 pending=48
[exp8209] phase=score completed=96 pending=32
[exp8209] phase=score completed=112 pending=16
[exp8209] phase=score completed=128 pending=0
[exp8185] phase=before_benchmark_source_bootstrap completed=0 pending=10000
[exp8185] phase=after_benchmark_source_bootstrap completed=10000 pending=0
[exp8185] phase=before_benchmark_source_bootstrap completed=0 pending=10000
[exp8185] phase=after_benchmark_source_bootstrap completed=10000 pending=0
[exp8185] phase=before_benchmark_source_bootstrap completed=0 pending=10000
[exp8185] phase=after_benchmark_source_bootstrap completed=10000 pending=0
[exp8185] phase=before_benchmark_source_bootstrap completed=0 pending=10000
[exp8185] phase=after_benchmark_source_bootstrap completed=10000 pending=0
[exp8210] phase=before_preconditions completed=0 pending=0
[exp8205] phase=before_subprocess_python_environment completed=0 pending=1
[exp8205] phase=after_subprocess_python_environment completed=1 pending=0
[exp8209] phase=score completed=16 pending=112
[exp8209] phase=score completed=32 pending=96
[exp8209] phase=score completed=48 pending=80
[exp8209] phase=score completed=64 pending=64
[exp8209] phase=score completed=80 pending=48
[exp8209] phase=score completed=96 pending=32
[exp8209] phase=score completed=112 pending=16
[exp8209] phase=score completed=128 pending=0
[exp8209] phase=score completed=16 pending=112
[exp8209] phase=score completed=32 pending=96
[exp8209] phase=score completed=48 pending=80
[exp8209] phase=score completed=64 pending=64
[exp8209] phase=score completed=80 pending=48
[exp8209] phase=score completed=96 pending=32
[exp8209] phase=score completed=112 pending=16
[exp8209] phase=score completed=128 pending=0
[exp8209] phase=score completed=16 pending=112
[exp8209] phase=score completed=32 pending=96
[exp8209] phase=score completed=48 pending=80
[exp8209] phase=score completed=64 pending=64
[exp8209] phase=score completed=80 pending=48
[exp8209] phase=score completed=96 pending=32
[exp8209] phase=score completed=112 pending=16
[exp8209] phase=score completed=128 pending=0
[exp8210] phase=predictions_authenticated_before_label_access completed=768 pending=0
[exp8210] phase=after_preconditions completed=128 pending=0
[exp8210] phase=before_benchmark_independent_reduction completed=0 pending=128
[exp8209] phase=score completed=16 pending=112
[exp8209] phase=score completed=32 pending=96
[exp8209] phase=score completed=48 pending=80
[exp8209] phase=score completed=64 pending=64
[exp8209] phase=score completed=80 pending=48
[exp8209] phase=score completed=96 pending=32
[exp8209] phase=score completed=112 pending=16
[exp8209] phase=score completed=128 pending=0
[exp8185] phase=before_benchmark_source_bootstrap completed=0 pending=10000
[exp8185] phase=after_benchmark_source_bootstrap completed=10000 pending=0
[exp8185] phase=before_benchmark_source_bootstrap completed=0 pending=10000
[exp8185] phase=after_benchmark_source_bootstrap completed=10000 pending=0
[exp8185] phase=before_benchmark_source_bootstrap completed=0 pending=10000
[exp8185] phase=after_benchmark_source_bootstrap completed=10000 pending=0
[exp8185] phase=before_benchmark_source_bootstrap completed=0 pending=10000
[exp8185] phase=after_benchmark_source_bootstrap completed=10000 pending=0
[exp8210] phase=after_benchmark_independent_reduction completed=128 pending=0
[exp8209] phase=score completed=16 pending=112
[exp8209] phase=score completed=32 pending=96
[exp8209] phase=score completed=48 pending=80
[exp8209] phase=score completed=64 pending=64
[exp8209] phase=score completed=80 pending=48
[exp8209] phase=score completed=96 pending=32
[exp8209] phase=score completed=112 pending=16
[exp8209] phase=score completed=128 pending=0
[exp8185] phase=before_benchmark_source_bootstrap completed=0 pending=10000
[exp8185] phase=after_benchmark_source_bootstrap completed=10000 pending=0
[exp8185] phase=before_benchmark_source_bootstrap completed=0 pending=10000
[exp8185] phase=after_benchmark_source_bootstrap completed=10000 pending=0
[exp8185] phase=before_benchmark_source_bootstrap completed=0 pending=10000
[exp8185] phase=after_benchmark_source_bootstrap completed=10000 pending=0
[exp8185] phase=before_benchmark_source_bootstrap completed=0 pending=10000
[exp8185] phase=after_benchmark_source_bootstrap completed=10000 pending=0
before private8210 CLI
{"event": "after_private8210_CLI", "argv": ["/home/ianblenke/github.com/ianblenke/carnot/.venv/bin/python", "-m", "coverage", "run", "/home/ianblenke/github.com/ianblenke/carnot/scripts/experiments/experiment_8210_v709_restricted_decision_audit.py", "--root", "/tmp/carnot-8111-z4s1ntw1/pytest_parent/owned/test_natural_custody_and_owned0/absent", "--worker-output", "/tmp/carnot-8111-z4s1ntw1/pytest_parent/owned/test_natural_custody_and_owned0/worker/measurement.json"], "exit_code": 0, "started_monotonic_ns": 975612858379193, "ended_monotonic_ns": 975615887249052, "stdout": "[exp8210] phase=start completed=0 pending=0\n[exp8210] phase=before_preconditions completed=0 pending=0\n[exp8205] phase=before_subprocess_python_environment completed=0 pending=1\n[exp8205] phase=after_subprocess_python_environment completed=1 pending=0\n[exp8210] phase=terminal_operand_or_owned_failure completed=2 pending=0\n", "stderr": "", "stdout_sha256": "4d24f377e8b13585ea90840bd80757f365a2b076efd5ad8c1431036e30d48dac", "stderr_sha256": "e3b0c44298fc1c149afbf4c8996fb92427ae41e4649b934ca495991b7852b855"}
[exp8210] phase=before_preconditions completed=0 pending=0
[exp8209] phase=score completed=16 pending=112
[exp8209] phase=score completed=32 pending=96
[exp8209] phase=score completed=48 pending=80
[exp8209] phase=score completed=64 pending=64
[exp8209] phase=score completed=80 pending=48
[exp8209] phase=score completed=96 pending=32
[exp8209] phase=score completed=112 pending=16
[exp8209] phase=score completed=128 pending=0
[exp8210] phase=after_preconditions completed=128 pending=0
[exp8210] phase=before_benchmark_independent_reduction completed=0 pending=128
[exp8210] phase=terminal_operand_or_owned_failure completed=1 pending=0
.[exp8210] phase=before_preconditions completed=0 pending=0
[exp8209] phase=score completed=16 pending=112
[exp8209] phase=score completed=32 pending=96
[exp8209] phase=score completed=48 pending=80
[exp8209] phase=score completed=64 pending=64
[exp8209] phase=score completed=80 pending=48
[exp8209] phase=score completed=96 pending=32
[exp8209] phase=score completed=112 pending=16
[exp8209] phase=score completed=128 pending=0
[exp8210] phase=after_preconditions completed=128 pending=0
[exp8210] phase=before_benchmark_independent_reduction completed=0 pending=128
[exp8209] phase=score completed=16 pending=112
[exp8209] phase=score completed=32 pending=96
[exp8209] phase=score completed=48 pending=80
[exp8209] phase=score completed=64 pending=64
[exp8209] phase=score completed=80 pending=48
[exp8209] phase=score completed=96 pending=32
[exp8209] phase=score completed=112 pending=16
[exp8209] phase=score completed=128 pending=0
[exp8185] phase=before_benchmark_source_bootstrap completed=0 pending=10000
[exp8185] phase=after_benchmark_source_bootstrap completed=10000 pending=0
[exp8185] phase=before_benchmark_source_bootstrap completed=0 pending=10000
[exp8185] phase=after_benchmark_source_bootstrap completed=10000 pending=0
[exp8185] phase=before_benchmark_source_bootstrap completed=0 pending=10000
[exp8185] phase=after_benchmark_source_bootstrap completed=10000 pending=0
[exp8185] phase=before_benchmark_source_bootstrap completed=0 pending=10000
[exp8185] phase=after_benchmark_source_bootstrap completed=10000 pending=0
[exp8210] phase=after_benchmark_independent_reduction completed=128 pending=0
[exp8209] phase=score completed=16 pending=112
[exp8209] phase=score completed=32 pending=96
[exp8209] phase=score completed=48 pending=80
[exp8209] phase=score completed=64 pending=64
[exp8209] phase=score completed=80 pending=48
[exp8209] phase=score completed=96 pending=32
[exp8209] phase=score completed=112 pending=16
[exp8209] phase=score completed=128 pending=0
[exp8185] phase=before_benchmark_source_bootstrap completed=0 pending=10000
[exp8185] phase=after_benchmark_source_bootstrap completed=10000 pending=0
[exp8185] phase=before_benchmark_source_bootstrap completed=0 pending=10000
[exp8185] phase=after_benchmark_source_bootstrap completed=10000 pending=0
[exp8185] phase=before_benchmark_source_bootstrap completed=0 pending=10000
[exp8185] phase=after_benchmark_source_bootstrap completed=10000 pending=0
[exp8185] phase=before_benchmark_source_bootstrap completed=0 pending=10000
[exp8185] phase=after_benchmark_source_bootstrap completed=10000 pending=0
[exp8209] phase=score completed=16 pending=112
[exp8209] phase=score completed=32 pending=96
[exp8209] phase=score completed=48 pending=80
[exp8209] phase=score completed=64 pending=64
[exp8209] phase=score completed=80 pending=48
[exp8209] phase=score completed=96 pending=32
[exp8209] phase=score completed=112 pending=16
[exp8209] phase=score completed=128 pending=0
[exp8185] phase=before_benchmark_source_bootstrap completed=0 pending=10000
[exp8185] phase=after_benchmark_source_bootstrap completed=10000 pending=0
[exp8185] phase=before_benchmark_source_bootstrap completed=0 pending=10000
[exp8185] phase=after_benchmark_source_bootstrap completed=10000 pending=0
[exp8185] phase=before_benchmark_source_bootstrap completed=0 pending=10000
[exp8185] phase=after_benchmark_source_bootstrap completed=10000 pending=0
[exp8185] phase=before_benchmark_source_bootstrap completed=0 pending=10000
[exp8185] phase=after_benchmark_source_bootstrap completed=10000 pending=0
[exp8209] phase=score completed=16 pending=112
[exp8209] phase=score completed=32 pending=96
[exp8209] phase=score completed=48 pending=80
[exp8209] phase=score completed=64 pending=64
[exp8209] phase=score completed=80 pending=48
[exp8209] phase=score completed=96 pending=32
[exp8209] phase=score completed=112 pending=16
[exp8209] phase=score completed=128 pending=0
[exp8185] phase=before_benchmark_source_bootstrap completed=0 pending=10000
[exp8185] phase=after_benchmark_source_bootstrap completed=10000 pending=0
[exp8185] phase=before_benchmark_source_bootstrap completed=0 pending=10000
[exp8185] phase=after_benchmark_source_bootstrap completed=10000 pending=0
[exp8185] phase=before_benchmark_source_bootstrap completed=0 pending=10000
[exp8185] phase=after_benchmark_source_bootstrap completed=10000 pending=0
[exp8185] phase=before_benchmark_source_bootstrap completed=0 pending=10000
[exp8185] phase=after_benchmark_source_bootstrap completed=10000 pending=0
[exp8209] phase=score completed=16 pending=112
[exp8209] phase=score completed=32 pending=96
[exp8209] phase=score completed=48 pending=80
[exp8209] phase=score completed=64 pending=64
[exp8209] phase=score completed=80 pending=48
[exp8209] phase=score completed=96 pending=32
[exp8209] phase=score completed=112 pending=16
[exp8209] phase=score completed=128 pending=0
[exp8185] phase=before_benchmark_source_bootstrap completed=0 pending=10000
[exp8185] phase=after_benchmark_source_bootstrap completed=10000 pending=0
[exp8185] phase=before_benchmark_source_bootstrap completed=0 pending=10000
[exp8185] phase=after_benchmark_source_bootstrap completed=10000 pending=0
[exp8185] phase=before_benchmark_source_bootstrap completed=0 pending=10000
[exp8185] phase=after_benchmark_source_bootstrap completed=10000 pending=0
[exp8185] phase=before_benchmark_source_bootstrap completed=0 pending=10000
[exp8185] phase=after_benchmark_source_bootstrap completed=10000 pending=0
[exp8210] phase=before_preconditions completed=0 pending=0
[exp8205] phase=before_subprocess_python_environment completed=0 pending=1
[exp8205] phase=after_subprocess_python_environment completed=1 pending=0
[exp8210] phase=terminal_operand_or_owned_failure completed=7 pending=0
.[exp8209] phase=score completed=16 pending=112
[exp8209] phase=score completed=32 pending=96
[exp8209] phase=score completed=48 pending=80
[exp8209] phase=score completed=64 pending=64
[exp8209] phase=score completed=80 pending=48
[exp8209] phase=score completed=96 pending=32
[exp8209] phase=score completed=112 pending=16
[exp8209] phase=score completed=128 pending=0
[exp8209] phase=score completed=16 pending=112
[exp8209] phase=score completed=32 pending=96
[exp8209] phase=score completed=48 pending=80
[exp8209] phase=score completed=64 pending=64
[exp8209] phase=score completed=80 pending=48
[exp8209] phase=score completed=96 pending=32
[exp8209] phase=score completed=112 pending=16
[exp8209] phase=score completed=128 pending=0
[exp8185] phase=before_benchmark_source_bootstrap completed=0 pending=10000
[exp8185] phase=after_benchmark_source_bootstrap completed=10000 pending=0
[exp8185] phase=before_benchmark_source_bootstrap completed=0 pending=10000
[exp8185] phase=after_benchmark_source_bootstrap completed=10000 pending=0
[exp8185] phase=before_benchmark_source_bootstrap completed=0 pending=10000
[exp8185] phase=after_benchmark_source_bootstrap completed=10000 pending=0
[exp8185] phase=before_benchmark_source_bootstrap completed=0 pending=10000
[exp8185] phase=after_benchmark_source_bootstrap completed=10000 pending=0
.
=============================== warnings summary ===============================
python/carnot/extraction/coace_extractor.py:122
  /home/ianblenke/github.com/ianblenke/carnot/python/carnot/extraction/coace_extractor.py:122: DeprecationWarning: ast.Num is deprecated and will be removed in Python 3.14; use ast.Constant instead
    if hasattr(ast, "Num"):

-- Docs: https://docs.pytest.org/en/stable/how-to/capture-warnings.html
6 passed, 1 warning in 68.03s (0:01:08)
