[exp8240] phase=start completed=0 pending=0
[exp8240] phase=before_preconditions completed=0 pending=0
[exp8240] phase=after_preconditions completed=98 pending=0
[exp8240] phase=before_natural_benchmark completed=0 pending=20
[exp8221] phase=fixture_slots completed=32 pending=224
[exp8221] phase=fixture_slots completed=64 pending=192
[exp8221] phase=fixture_slots completed=96 pending=160
[exp8221] phase=fixture_slots completed=128 pending=128
[exp8221] phase=fixture_slots completed=160 pending=96
[exp8221] phase=fixture_slots completed=192 pending=64
[exp8221] phase=fixture_slots completed=224 pending=32
[exp8221] phase=fixture_slots completed=256 pending=0
[exp8225] phase=arm_complete arm=frozen completed=1 pending=4
[exp8221] phase=fixture_slots completed=32 pending=224
[exp8221] phase=fixture_slots completed=64 pending=192
[exp8221] phase=fixture_slots completed=96 pending=160
[exp8221] phase=fixture_slots completed=128 pending=128
[exp8221] phase=fixture_slots completed=160 pending=96
[exp8221] phase=fixture_slots completed=192 pending=64
[exp8221] phase=fixture_slots completed=224 pending=32
[exp8221] phase=fixture_slots completed=256 pending=0
[exp8225] phase=arm_complete arm=global_only completed=2 pending=3
[exp8221] phase=fixture_slots completed=32 pending=224
[exp8221] phase=fixture_slots completed=64 pending=192
[exp8221] phase=fixture_slots completed=96 pending=160
[exp8221] phase=fixture_slots completed=128 pending=128
[exp8221] phase=fixture_slots completed=160 pending=96
[exp8221] phase=fixture_slots completed=192 pending=64
[exp8221] phase=fixture_slots completed=224 pending=32
[exp8221] phase=fixture_slots completed=256 pending=0
[exp8225] phase=arm_complete arm=global_plus_group completed=3 pending=2
[exp8221] phase=fixture_slots completed=32 pending=224
[exp8221] phase=fixture_slots completed=64 pending=192
[exp8221] phase=fixture_slots completed=96 pending=160
[exp8221] phase=fixture_slots completed=128 pending=128
[exp8221] phase=fixture_slots completed=160 pending=96
[exp8221] phase=fixture_slots completed=192 pending=64
[exp8221] phase=fixture_slots completed=224 pending=32
[exp8221] phase=fixture_slots completed=256 pending=0
[exp8225] phase=arm_complete arm=local_only completed=4 pending=1
[exp8221] phase=fixture_slots completed=32 pending=224
[exp8221] phase=fixture_slots completed=64 pending=192
[exp8221] phase=fixture_slots completed=96 pending=160
[exp8221] phase=fixture_slots completed=128 pending=128
[exp8221] phase=fixture_slots completed=160 pending=96
[exp8221] phase=fixture_slots completed=192 pending=64
[exp8221] phase=fixture_slots completed=224 pending=32
[exp8221] phase=fixture_slots completed=256 pending=0
[exp8225] phase=arm_complete arm=global_plus_random completed=5 pending=0
[exp8240] phase=after_natural_benchmark completed=1 pending=19
[exp8240] phase=before_natural_benchmark completed=1 pending=19
[exp8221] phase=fixture_slots completed=32 pending=224
[exp8221] phase=fixture_slots completed=64 pending=192
[exp8221] phase=fixture_slots completed=96 pending=160
[exp8221] phase=fixture_slots completed=128 pending=128
[exp8221] phase=fixture_slots completed=160 pending=96
[exp8221] phase=fixture_slots completed=192 pending=64
[exp8221] phase=fixture_slots completed=224 pending=32
[exp8221] phase=fixture_slots completed=256 pending=0
[exp8225] phase=arm_complete arm=frozen completed=1 pending=4
[exp8221] phase=fixture_slots completed=32 pending=224
[exp8221] phase=fixture_slots completed=64 pending=192
[exp8221] phase=fixture_slots completed=96 pending=160
[exp8221] phase=fixture_slots completed=128 pending=128
[exp8221] phase=fixture_slots completed=160 pending=96
[exp8221] phase=fixture_slots completed=192 pending=64
[exp8221] phase=fixture_slots completed=224 pending=32
[exp8221] phase=fixture_slots completed=256 pending=0
[exp8225] phase=arm_complete arm=global_only completed=2 pending=3
[exp8221] phase=fixture_slots completed=32 pending=224
[exp8221] phase=fixture_slots completed=64 pending=192
[exp8221] phase=fixture_slots completed=96 pending=160
[exp8221] phase=fixture_slots completed=128 pending=128
[exp8221] phase=fixture_slots completed=160 pending=96
[exp8221] phase=fixture_slots completed=192 pending=64
[exp8221] phase=fixture_slots completed=224 pending=32
[exp8221] phase=fixture_slots completed=256 pending=0
[exp8225] phase=arm_complete arm=global_plus_group completed=3 pending=2
[exp8221] phase=fixture_slots completed=32 pending=224
[exp8221] phase=fixture_slots completed=64 pending=192
[exp8221] phase=fixture_slots completed=96 pending=160
[exp8221] phase=fixture_slots completed=128 pending=128
[exp8221] phase=fixture_slots completed=160 pending=96
[exp8221] phase=fixture_slots completed=192 pending=64
[exp8221] phase=fixture_slots completed=224 pending=32
[exp8221] phase=fixture_slots completed=256 pending=0
[exp8225] phase=arm_complete arm=local_only completed=4 pending=1
[exp8221] phase=fixture_slots completed=32 pending=224
[exp8221] phase=fixture_slots completed=64 pending=192
[exp8221] phase=fixture_slots completed=96 pending=160
[exp8221] phase=fixture_slots completed=128 pending=128
[exp8221] phase=fixture_slots completed=160 pending=96
[exp8221] phase=fixture_slots completed=192 pending=64
[exp8221] phase=fixture_slots completed=224 pending=32
[exp8221] phase=fixture_slots completed=256 pending=0
[exp8225] phase=arm_complete arm=global_plus_random completed=5 pending=0
[exp8240] phase=after_natural_benchmark completed=2 pending=18
[exp8240] phase=before_natural_benchmark completed=2 pending=18
[exp8221] phase=fixture_slots completed=32 pending=224
[exp8221] phase=fixture_slots completed=64 pending=192
[exp8221] phase=fixture_slots completed=96 pending=160
[exp8221] phase=fixture_slots completed=128 pending=128
[exp8221] phase=fixture_slots completed=160 pending=96
[exp8221] phase=fixture_slots completed=192 pending=64
[exp8221] phase=fixture_slots completed=224 pending=32
[exp8221] phase=fixture_slots completed=256 pending=0
[exp8225] phase=arm_complete arm=frozen completed=1 pending=4
[exp8221] phase=fixture_slots completed=32 pending=224
[exp8221] phase=fixture_slots completed=64 pending=192
[exp8221] phase=fixture_slots completed=96 pending=160
[exp8221] phase=fixture_slots completed=128 pending=128
[exp8221] phase=fixture_slots completed=160 pending=96
[exp8221] phase=fixture_slots completed=192 pending=64
[exp8221] phase=fixture_slots completed=224 pending=32
[exp8221] phase=fixture_slots completed=256 pending=0
[exp8225] phase=arm_complete arm=global_only completed=2 pending=3
[exp8221] phase=fixture_slots completed=32 pending=224
[exp8221] phase=fixture_slots completed=64 pending=192
[exp8221] phase=fixture_slots completed=96 pending=160
[exp8221] phase=fixture_slots completed=128 pending=128
[exp8221] phase=fixture_slots completed=160 pending=96
[exp8221] phase=fixture_slots completed=192 pending=64
[exp8221] phase=fixture_slots completed=224 pending=32
[exp8221] phase=fixture_slots completed=256 pending=0
[exp8225] phase=arm_complete arm=global_plus_group completed=3 pending=2
[exp8221] phase=fixture_slots completed=32 pending=224
[exp8221] phase=fixture_slots completed=64 pending=192
[exp8221] phase=fixture_slots completed=96 pending=160
[exp8221] phase=fixture_slots completed=128 pending=128
[exp8221] phase=fixture_slots completed=160 pending=96
[exp8221] phase=fixture_slots completed=192 pending=64
[exp8221] phase=fixture_slots completed=224 pending=32
[exp8221] phase=fixture_slots completed=256 pending=0
[exp8225] phase=arm_complete arm=local_only completed=4 pending=1
[exp8221] phase=fixture_slots completed=32 pending=224
[exp8221] phase=fixture_slots completed=64 pending=192
[exp8221] phase=fixture_slots completed=96 pending=160
[exp8221] phase=fixture_slots completed=128 pending=128
[exp8221] phase=fixture_slots completed=160 pending=96
[exp8221] phase=fixture_slots completed=192 pending=64
[exp8221] phase=fixture_slots completed=224 pending=32
[exp8221] phase=fixture_slots completed=256 pending=0
[exp8225] phase=arm_complete arm=global_plus_random completed=5 pending=0
[exp8240] phase=after_natural_benchmark completed=3 pending=17
[exp8240] phase=before_natural_benchmark completed=3 pending=17
[exp8221] phase=fixture_slots completed=32 pending=224
[exp8221] phase=fixture_slots completed=64 pending=192
[exp8221] phase=fixture_slots completed=96 pending=160
[exp8221] phase=fixture_slots completed=128 pending=128
[exp8221] phase=fixture_slots completed=160 pending=96
[exp8221] phase=fixture_slots completed=192 pending=64
[exp8221] phase=fixture_slots completed=224 pending=32
[exp8221] phase=fixture_slots completed=256 pending=0
[exp8225] phase=arm_complete arm=frozen completed=1 pending=4
[exp8221] phase=fixture_slots completed=32 pending=224
[exp8221] phase=fixture_slots completed=64 pending=192
[exp8221] phase=fixture_slots completed=96 pending=160
[exp8221] phase=fixture_slots completed=128 pending=128
[exp8221] phase=fixture_slots completed=160 pending=96
[exp8221] phase=fixture_slots completed=192 pending=64
[exp8221] phase=fixture_slots completed=224 pending=32
[exp8221] phase=fixture_slots completed=256 pending=0
[exp8225] phase=arm_complete arm=global_only completed=2 pending=3
[exp8221] phase=fixture_slots completed=32 pending=224
[exp8221] phase=fixture_slots completed=64 pending=192
[exp8221] phase=fixture_slots completed=96 pending=160
[exp8221] phase=fixture_slots completed=128 pending=128
[exp8221] phase=fixture_slots completed=160 pending=96
[exp8221] phase=fixture_slots completed=192 pending=64
[exp8221] phase=fixture_slots completed=224 pending=32
[exp8221] phase=fixture_slots completed=256 pending=0
[exp8225] phase=arm_complete arm=global_plus_group completed=3 pending=2
[exp8221] phase=fixture_slots completed=32 pending=224
[exp8221] phase=fixture_slots completed=64 pending=192
[exp8221] phase=fixture_slots completed=96 pending=160
[exp8221] phase=fixture_slots completed=128 pending=128
[exp8221] phase=fixture_slots completed=160 pending=96
[exp8221] phase=fixture_slots completed=192 pending=64
[exp8221] phase=fixture_slots completed=224 pending=32
[exp8221] phase=fixture_slots completed=256 pending=0
[exp8225] phase=arm_complete arm=local_only completed=4 pending=1
[exp8221] phase=fixture_slots completed=32 pending=224
[exp8221] phase=fixture_slots completed=64 pending=192
[exp8221] phase=fixture_slots completed=96 pending=160
[exp8221] phase=fixture_slots completed=128 pending=128
[exp8221] phase=fixture_slots completed=160 pending=96
[exp8221] phase=fixture_slots completed=192 pending=64
[exp8221] phase=fixture_slots completed=224 pending=32
[exp8221] phase=fixture_slots completed=256 pending=0
[exp8225] phase=arm_complete arm=global_plus_random completed=5 pending=0
[exp8240] phase=after_natural_benchmark completed=4 pending=16
[exp8240] phase=before_natural_benchmark completed=4 pending=16
[exp8221] phase=fixture_slots completed=32 pending=224
[exp8221] phase=fixture_slots completed=64 pending=192
[exp8221] phase=fixture_slots completed=96 pending=160
[exp8221] phase=fixture_slots completed=128 pending=128
[exp8221] phase=fixture_slots completed=160 pending=96
[exp8221] phase=fixture_slots completed=192 pending=64
[exp8221] phase=fixture_slots completed=224 pending=32
[exp8221] phase=fixture_slots completed=256 pending=0
[exp8225] phase=arm_complete arm=frozen completed=1 pending=4
[exp8221] phase=fixture_slots completed=32 pending=224
[exp8221] phase=fixture_slots completed=64 pending=192
[exp8221] phase=fixture_slots completed=96 pending=160
[exp8221] phase=fixture_slots completed=128 pending=128
[exp8221] phase=fixture_slots completed=160 pending=96
[exp8221] phase=fixture_slots completed=192 pending=64
[exp8221] phase=fixture_slots completed=224 pending=32
[exp8221] phase=fixture_slots completed=256 pending=0
[exp8225] phase=arm_complete arm=global_only completed=2 pending=3
[exp8221] phase=fixture_slots completed=32 pending=224
[exp8221] phase=fixture_slots completed=64 pending=192
[exp8221] phase=fixture_slots completed=96 pending=160
[exp8221] phase=fixture_slots completed=128 pending=128
[exp8221] phase=fixture_slots completed=160 pending=96
[exp8221] phase=fixture_slots completed=192 pending=64
[exp8221] phase=fixture_slots completed=224 pending=32
[exp8221] phase=fixture_slots completed=256 pending=0
[exp8225] phase=arm_complete arm=global_plus_group completed=3 pending=2
[exp8221] phase=fixture_slots completed=32 pending=224
[exp8221] phase=fixture_slots completed=64 pending=192
[exp8221] phase=fixture_slots completed=96 pending=160
[exp8221] phase=fixture_slots completed=128 pending=128
[exp8221] phase=fixture_slots completed=160 pending=96
[exp8221] phase=fixture_slots completed=192 pending=64
[exp8221] phase=fixture_slots completed=224 pending=32
[exp8221] phase=fixture_slots completed=256 pending=0
[exp8225] phase=arm_complete arm=local_only completed=4 pending=1
[exp8221] phase=fixture_slots completed=32 pending=224
[exp8221] phase=fixture_slots completed=64 pending=192
[exp8221] phase=fixture_slots completed=96 pending=160
[exp8221] phase=fixture_slots completed=128 pending=128
[exp8221] phase=fixture_slots completed=160 pending=96
[exp8221] phase=fixture_slots completed=192 pending=64
[exp8221] phase=fixture_slots completed=224 pending=32
[exp8221] phase=fixture_slots completed=256 pending=0
[exp8225] phase=arm_complete arm=global_plus_random completed=5 pending=0
[exp8240] phase=after_natural_benchmark completed=5 pending=15
[exp8240] phase=before_natural_benchmark completed=5 pending=15
[exp8221] phase=fixture_slots completed=32 pending=224
[exp8221] phase=fixture_slots completed=64 pending=192
[exp8221] phase=fixture_slots completed=96 pending=160
[exp8221] phase=fixture_slots completed=128 pending=128
[exp8221] phase=fixture_slots completed=160 pending=96
[exp8221] phase=fixture_slots completed=192 pending=64
[exp8221] phase=fixture_slots completed=224 pending=32
[exp8221] phase=fixture_slots completed=256 pending=0
[exp8225] phase=arm_complete arm=frozen completed=1 pending=4
[exp8221] phase=fixture_slots completed=32 pending=224
[exp8221] phase=fixture_slots completed=64 pending=192
[exp8221] phase=fixture_slots completed=96 pending=160
[exp8221] phase=fixture_slots completed=128 pending=128
[exp8221] phase=fixture_slots completed=160 pending=96
[exp8221] phase=fixture_slots completed=192 pending=64
[exp8221] phase=fixture_slots completed=224 pending=32
[exp8221] phase=fixture_slots completed=256 pending=0
[exp8225] phase=arm_complete arm=global_only completed=2 pending=3
[exp8221] phase=fixture_slots completed=32 pending=224
[exp8221] phase=fixture_slots completed=64 pending=192
[exp8221] phase=fixture_slots completed=96 pending=160
[exp8221] phase=fixture_slots completed=128 pending=128
[exp8221] phase=fixture_slots completed=160 pending=96
[exp8221] phase=fixture_slots completed=192 pending=64
[exp8221] phase=fixture_slots completed=224 pending=32
[exp8221] phase=fixture_slots completed=256 pending=0
[exp8225] phase=arm_complete arm=global_plus_group completed=3 pending=2
[exp8221] phase=fixture_slots completed=32 pending=224
[exp8221] phase=fixture_slots completed=64 pending=192
[exp8221] phase=fixture_slots completed=96 pending=160
[exp8221] phase=fixture_slots completed=128 pending=128
[exp8221] phase=fixture_slots completed=160 pending=96
[exp8221] phase=fixture_slots completed=192 pending=64
[exp8221] phase=fixture_slots completed=224 pending=32
[exp8221] phase=fixture_slots completed=256 pending=0
[exp8225] phase=arm_complete arm=local_only completed=4 pending=1
[exp8221] phase=fixture_slots completed=32 pending=224
[exp8221] phase=fixture_slots completed=64 pending=192
[exp8221] phase=fixture_slots completed=96 pending=160
[exp8221] phase=fixture_slots completed=128 pending=128
[exp8221] phase=fixture_slots completed=160 pending=96
[exp8221] phase=fixture_slots completed=192 pending=64
[exp8221] phase=fixture_slots completed=224 pending=32
[exp8221] phase=fixture_slots completed=256 pending=0
[exp8225] phase=arm_complete arm=global_plus_random completed=5 pending=0
[exp8240] phase=after_natural_benchmark completed=6 pending=14
[exp8240] phase=before_natural_benchmark completed=6 pending=14
[exp8221] phase=fixture_slots completed=32 pending=224
[exp8221] phase=fixture_slots completed=64 pending=192
[exp8221] phase=fixture_slots completed=96 pending=160
[exp8221] phase=fixture_slots completed=128 pending=128
[exp8221] phase=fixture_slots completed=160 pending=96
[exp8221] phase=fixture_slots completed=192 pending=64
[exp8221] phase=fixture_slots completed=224 pending=32
[exp8221] phase=fixture_slots completed=256 pending=0
[exp8225] phase=arm_complete arm=frozen completed=1 pending=4
[exp8221] phase=fixture_slots completed=32 pending=224
[exp8221] phase=fixture_slots completed=64 pending=192
[exp8221] phase=fixture_slots completed=96 pending=160
[exp8221] phase=fixture_slots completed=128 pending=128
[exp8221] phase=fixture_slots completed=160 pending=96
[exp8221] phase=fixture_slots completed=192 pending=64
[exp8221] phase=fixture_slots completed=224 pending=32
[exp8221] phase=fixture_slots completed=256 pending=0
[exp8225] phase=arm_complete arm=global_only completed=2 pending=3
[exp8221] phase=fixture_slots completed=32 pending=224
[exp8221] phase=fixture_slots completed=64 pending=192
[exp8221] phase=fixture_slots completed=96 pending=160
[exp8221] phase=fixture_slots completed=128 pending=128
[exp8221] phase=fixture_slots completed=160 pending=96
[exp8221] phase=fixture_slots completed=192 pending=64
[exp8221] phase=fixture_slots completed=224 pending=32
[exp8221] phase=fixture_slots completed=256 pending=0
[exp8225] phase=arm_complete arm=global_plus_group completed=3 pending=2
[exp8221] phase=fixture_slots completed=32 pending=224
[exp8221] phase=fixture_slots completed=64 pending=192
[exp8221] phase=fixture_slots completed=96 pending=160
[exp8221] phase=fixture_slots completed=128 pending=128
[exp8221] phase=fixture_slots completed=160 pending=96
[exp8221] phase=fixture_slots completed=192 pending=64
[exp8221] phase=fixture_slots completed=224 pending=32
[exp8221] phase=fixture_slots completed=256 pending=0
[exp8225] phase=arm_complete arm=local_only completed=4 pending=1
[exp8221] phase=fixture_slots completed=32 pending=224
[exp8221] phase=fixture_slots completed=64 pending=192
[exp8221] phase=fixture_slots completed=96 pending=160
[exp8221] phase=fixture_slots completed=128 pending=128
[exp8221] phase=fixture_slots completed=160 pending=96
[exp8221] phase=fixture_slots completed=192 pending=64
[exp8221] phase=fixture_slots completed=224 pending=32
[exp8221] phase=fixture_slots completed=256 pending=0
[exp8225] phase=arm_complete arm=global_plus_random completed=5 pending=0
[exp8240] phase=after_natural_benchmark completed=7 pending=13
[exp8240] phase=before_natural_benchmark completed=7 pending=13
[exp8221] phase=fixture_slots completed=32 pending=224
[exp8221] phase=fixture_slots completed=64 pending=192
[exp8221] phase=fixture_slots completed=96 pending=160
[exp8221] phase=fixture_slots completed=128 pending=128
[exp8221] phase=fixture_slots completed=160 pending=96
[exp8221] phase=fixture_slots completed=192 pending=64
[exp8221] phase=fixture_slots completed=224 pending=32
[exp8221] phase=fixture_slots completed=256 pending=0
[exp8225] phase=arm_complete arm=frozen completed=1 pending=4
[exp8221] phase=fixture_slots completed=32 pending=224
[exp8221] phase=fixture_slots completed=64 pending=192
[exp8221] phase=fixture_slots completed=96 pending=160
[exp8221] phase=fixture_slots completed=128 pending=128
[exp8221] phase=fixture_slots completed=160 pending=96
[exp8221] phase=fixture_slots completed=192 pending=64
[exp8221] phase=fixture_slots completed=224 pending=32
[exp8221] phase=fixture_slots completed=256 pending=0
[exp8225] phase=arm_complete arm=global_only completed=2 pending=3
[exp8221] phase=fixture_slots completed=32 pending=224
[exp8221] phase=fixture_slots completed=64 pending=192
[exp8221] phase=fixture_slots completed=96 pending=160
[exp8221] phase=fixture_slots completed=128 pending=128
[exp8221] phase=fixture_slots completed=160 pending=96
[exp8221] phase=fixture_slots completed=192 pending=64
[exp8221] phase=fixture_slots completed=224 pending=32
[exp8221] phase=fixture_slots completed=256 pending=0
[exp8225] phase=arm_complete arm=global_plus_group completed=3 pending=2
[exp8221] phase=fixture_slots completed=32 pending=224
[exp8221] phase=fixture_slots completed=64 pending=192
[exp8221] phase=fixture_slots completed=96 pending=160
[exp8221] phase=fixture_slots completed=128 pending=128
[exp8221] phase=fixture_slots completed=160 pending=96
[exp8221] phase=fixture_slots completed=192 pending=64
[exp8221] phase=fixture_slots completed=224 pending=32
[exp8221] phase=fixture_slots completed=256 pending=0
[exp8225] phase=arm_complete arm=local_only completed=4 pending=1
[exp8221] phase=fixture_slots completed=32 pending=224
[exp8221] phase=fixture_slots completed=64 pending=192
[exp8221] phase=fixture_slots completed=96 pending=160
[exp8221] phase=fixture_slots completed=128 pending=128
[exp8221] phase=fixture_slots completed=160 pending=96
[exp8221] phase=fixture_slots completed=192 pending=64
[exp8221] phase=fixture_slots completed=224 pending=32
[exp8221] phase=fixture_slots completed=256 pending=0
[exp8225] phase=arm_complete arm=global_plus_random completed=5 pending=0
[exp8240] phase=after_natural_benchmark completed=8 pending=12
[exp8240] phase=before_natural_benchmark completed=8 pending=12
[exp8221] phase=fixture_slots completed=32 pending=224
[exp8221] phase=fixture_slots completed=64 pending=192
[exp8221] phase=fixture_slots completed=96 pending=160
[exp8221] phase=fixture_slots completed=128 pending=128
[exp8221] phase=fixture_slots completed=160 pending=96
[exp8221] phase=fixture_slots completed=192 pending=64
[exp8221] phase=fixture_slots completed=224 pending=32
[exp8221] phase=fixture_slots completed=256 pending=0
[exp8225] phase=arm_complete arm=frozen completed=1 pending=4
[exp8221] phase=fixture_slots completed=32 pending=224
[exp8221] phase=fixture_slots completed=64 pending=192
[exp8221] phase=fixture_slots completed=96 pending=160
[exp8221] phase=fixture_slots completed=128 pending=128
[exp8221] phase=fixture_slots completed=160 pending=96
[exp8221] phase=fixture_slots completed=192 pending=64
[exp8221] phase=fixture_slots completed=224 pending=32
[exp8221] phase=fixture_slots completed=256 pending=0
[exp8225] phase=arm_complete arm=global_only completed=2 pending=3
[exp8221] phase=fixture_slots completed=32 pending=224
[exp8221] phase=fixture_slots completed=64 pending=192
[exp8221] phase=fixture_slots completed=96 pending=160
[exp8221] phase=fixture_slots completed=128 pending=128
[exp8221] phase=fixture_slots completed=160 pending=96
[exp8221] phase=fixture_slots completed=192 pending=64
[exp8221] phase=fixture_slots completed=224 pending=32
[exp8221] phase=fixture_slots completed=256 pending=0
[exp8225] phase=arm_complete arm=global_plus_group completed=3 pending=2
[exp8221] phase=fixture_slots completed=32 pending=224
[exp8221] phase=fixture_slots completed=64 pending=192
[exp8221] phase=fixture_slots completed=96 pending=160
[exp8221] phase=fixture_slots completed=128 pending=128
[exp8221] phase=fixture_slots completed=160 pending=96
[exp8221] phase=fixture_slots completed=192 pending=64
[exp8221] phase=fixture_slots completed=224 pending=32
[exp8221] phase=fixture_slots completed=256 pending=0
[exp8225] phase=arm_complete arm=local_only completed=4 pending=1
[exp8221] phase=fixture_slots completed=32 pending=224
[exp8221] phase=fixture_slots completed=64 pending=192
[exp8221] phase=fixture_slots completed=96 pending=160
[exp8221] phase=fixture_slots completed=128 pending=128
[exp8221] phase=fixture_slots completed=160 pending=96
[exp8221] phase=fixture_slots completed=192 pending=64
[exp8221] phase=fixture_slots completed=224 pending=32
[exp8221] phase=fixture_slots completed=256 pending=0
[exp8225] phase=arm_complete arm=global_plus_random completed=5 pending=0
[exp8240] phase=after_natural_benchmark completed=9 pending=11
[exp8240] phase=before_natural_benchmark completed=9 pending=11
[exp8221] phase=fixture_slots completed=32 pending=224
[exp8221] phase=fixture_slots completed=64 pending=192
[exp8221] phase=fixture_slots completed=96 pending=160
[exp8221] phase=fixture_slots completed=128 pending=128
[exp8221] phase=fixture_slots completed=160 pending=96
[exp8221] phase=fixture_slots completed=192 pending=64
[exp8221] phase=fixture_slots completed=224 pending=32
[exp8221] phase=fixture_slots completed=256 pending=0
[exp8225] phase=arm_complete arm=frozen completed=1 pending=4
[exp8221] phase=fixture_slots completed=32 pending=224
[exp8221] phase=fixture_slots completed=64 pending=192
[exp8221] phase=fixture_slots completed=96 pending=160
[exp8221] phase=fixture_slots completed=128 pending=128
[exp8221] phase=fixture_slots completed=160 pending=96
[exp8221] phase=fixture_slots completed=192 pending=64
[exp8221] phase=fixture_slots completed=224 pending=32
[exp8221] phase=fixture_slots completed=256 pending=0
[exp8225] phase=arm_complete arm=global_only completed=2 pending=3
[exp8221] phase=fixture_slots completed=32 pending=224
[exp8221] phase=fixture_slots completed=64 pending=192
[exp8221] phase=fixture_slots completed=96 pending=160
[exp8221] phase=fixture_slots completed=128 pending=128
[exp8221] phase=fixture_slots completed=160 pending=96
[exp8221] phase=fixture_slots completed=192 pending=64
[exp8221] phase=fixture_slots completed=224 pending=32
[exp8221] phase=fixture_slots completed=256 pending=0
[exp8225] phase=arm_complete arm=global_plus_group completed=3 pending=2
[exp8221] phase=fixture_slots completed=32 pending=224
[exp8221] phase=fixture_slots completed=64 pending=192
[exp8221] phase=fixture_slots completed=96 pending=160
[exp8221] phase=fixture_slots completed=128 pending=128
[exp8221] phase=fixture_slots completed=160 pending=96
[exp8221] phase=fixture_slots completed=192 pending=64
[exp8221] phase=fixture_slots completed=224 pending=32
[exp8221] phase=fixture_slots completed=256 pending=0
[exp8225] phase=arm_complete arm=local_only completed=4 pending=1
[exp8221] phase=fixture_slots completed=32 pending=224
[exp8221] phase=fixture_slots completed=64 pending=192
[exp8221] phase=fixture_slots completed=96 pending=160
[exp8221] phase=fixture_slots completed=128 pending=128
[exp8221] phase=fixture_slots completed=160 pending=96
[exp8221] phase=fixture_slots completed=192 pending=64
[exp8221] phase=fixture_slots completed=224 pending=32
[exp8221] phase=fixture_slots completed=256 pending=0
[exp8225] phase=arm_complete arm=global_plus_random completed=5 pending=0
[exp8240] phase=after_natural_benchmark completed=10 pending=10
[exp8240] phase=before_natural_benchmark completed=10 pending=10
[exp8221] phase=fixture_slots completed=32 pending=224
[exp8221] phase=fixture_slots completed=64 pending=192
[exp8221] phase=fixture_slots completed=96 pending=160
[exp8221] phase=fixture_slots completed=128 pending=128
[exp8221] phase=fixture_slots completed=160 pending=96
[exp8221] phase=fixture_slots completed=192 pending=64
[exp8221] phase=fixture_slots completed=224 pending=32
[exp8221] phase=fixture_slots completed=256 pending=0
[exp8225] phase=arm_complete arm=frozen completed=1 pending=4
[exp8221] phase=fixture_slots completed=32 pending=224
[exp8221] phase=fixture_slots completed=64 pending=192
[exp8221] phase=fixture_slots completed=96 pending=160
[exp8221] phase=fixture_slots completed=128 pending=128
[exp8221] phase=fixture_slots completed=160 pending=96
[exp8221] phase=fixture_slots completed=192 pending=64
[exp8221] phase=fixture_slots completed=224 pending=32
[exp8221] phase=fixture_slots completed=256 pending=0
[exp8225] phase=arm_complete arm=global_only completed=2 pending=3
[exp8221] phase=fixture_slots completed=32 pending=224
[exp8221] phase=fixture_slots completed=64 pending=192
[exp8221] phase=fixture_slots completed=96 pending=160
[exp8221] phase=fixture_slots completed=128 pending=128
[exp8221] phase=fixture_slots completed=160 pending=96
[exp8221] phase=fixture_slots completed=192 pending=64
[exp8221] phase=fixture_slots completed=224 pending=32
[exp8221] phase=fixture_slots completed=256 pending=0
[exp8225] phase=arm_complete arm=global_plus_group completed=3 pending=2
[exp8221] phase=fixture_slots completed=32 pending=224
[exp8221] phase=fixture_slots completed=64 pending=192
[exp8221] phase=fixture_slots completed=96 pending=160
[exp8221] phase=fixture_slots completed=128 pending=128
[exp8221] phase=fixture_slots completed=160 pending=96
[exp8221] phase=fixture_slots completed=192 pending=64
[exp8221] phase=fixture_slots completed=224 pending=32
[exp8221] phase=fixture_slots completed=256 pending=0
[exp8225] phase=arm_complete arm=local_only completed=4 pending=1
[exp8221] phase=fixture_slots completed=32 pending=224
[exp8221] phase=fixture_slots completed=64 pending=192
[exp8221] phase=fixture_slots completed=96 pending=160
[exp8221] phase=fixture_slots completed=128 pending=128
[exp8221] phase=fixture_slots completed=160 pending=96
[exp8221] phase=fixture_slots completed=192 pending=64
[exp8221] phase=fixture_slots completed=224 pending=32
[exp8221] phase=fixture_slots completed=256 pending=0
[exp8225] phase=arm_complete arm=global_plus_random completed=5 pending=0
[exp8240] phase=after_natural_benchmark completed=11 pending=9
[exp8240] phase=before_natural_benchmark completed=11 pending=9
[exp8221] phase=fixture_slots completed=32 pending=224
[exp8221] phase=fixture_slots completed=64 pending=192
[exp8221] phase=fixture_slots completed=96 pending=160
[exp8221] phase=fixture_slots completed=128 pending=128
[exp8221] phase=fixture_slots completed=160 pending=96
[exp8221] phase=fixture_slots completed=192 pending=64
[exp8221] phase=fixture_slots completed=224 pending=32
[exp8221] phase=fixture_slots completed=256 pending=0
[exp8225] phase=arm_complete arm=frozen completed=1 pending=4
[exp8221] phase=fixture_slots completed=32 pending=224
[exp8221] phase=fixture_slots completed=64 pending=192
[exp8221] phase=fixture_slots completed=96 pending=160
[exp8221] phase=fixture_slots completed=128 pending=128
[exp8221] phase=fixture_slots completed=160 pending=96
[exp8221] phase=fixture_slots completed=192 pending=64
[exp8221] phase=fixture_slots completed=224 pending=32
[exp8221] phase=fixture_slots completed=256 pending=0
[exp8225] phase=arm_complete arm=global_only completed=2 pending=3
[exp8221] phase=fixture_slots completed=32 pending=224
[exp8221] phase=fixture_slots completed=64 pending=192
[exp8221] phase=fixture_slots completed=96 pending=160
[exp8221] phase=fixture_slots completed=128 pending=128
[exp8221] phase=fixture_slots completed=160 pending=96
[exp8221] phase=fixture_slots completed=192 pending=64
[exp8221] phase=fixture_slots completed=224 pending=32
[exp8221] phase=fixture_slots completed=256 pending=0
[exp8225] phase=arm_complete arm=global_plus_group completed=3 pending=2
[exp8221] phase=fixture_slots completed=32 pending=224
[exp8221] phase=fixture_slots completed=64 pending=192
[exp8221] phase=fixture_slots completed=96 pending=160
[exp8221] phase=fixture_slots completed=128 pending=128
[exp8221] phase=fixture_slots completed=160 pending=96
[exp8221] phase=fixture_slots completed=192 pending=64
[exp8221] phase=fixture_slots completed=224 pending=32
[exp8221] phase=fixture_slots completed=256 pending=0
[exp8225] phase=arm_complete arm=local_only completed=4 pending=1
[exp8221] phase=fixture_slots completed=32 pending=224
[exp8221] phase=fixture_slots completed=64 pending=192
[exp8221] phase=fixture_slots completed=96 pending=160
[exp8221] phase=fixture_slots completed=128 pending=128
[exp8221] phase=fixture_slots completed=160 pending=96
[exp8221] phase=fixture_slots completed=192 pending=64
[exp8221] phase=fixture_slots completed=224 pending=32
[exp8221] phase=fixture_slots completed=256 pending=0
[exp8225] phase=arm_complete arm=global_plus_random completed=5 pending=0
[exp8240] phase=after_natural_benchmark completed=12 pending=8
[exp8240] phase=before_natural_benchmark completed=12 pending=8
[exp8221] phase=fixture_slots completed=32 pending=224
[exp8221] phase=fixture_slots completed=64 pending=192
[exp8221] phase=fixture_slots completed=96 pending=160
[exp8221] phase=fixture_slots completed=128 pending=128
[exp8221] phase=fixture_slots completed=160 pending=96
[exp8221] phase=fixture_slots completed=192 pending=64
[exp8221] phase=fixture_slots completed=224 pending=32
[exp8221] phase=fixture_slots completed=256 pending=0
[exp8225] phase=arm_complete arm=frozen completed=1 pending=4
[exp8221] phase=fixture_slots completed=32 pending=224
[exp8221] phase=fixture_slots completed=64 pending=192
[exp8221] phase=fixture_slots completed=96 pending=160
[exp8221] phase=fixture_slots completed=128 pending=128
[exp8221] phase=fixture_slots completed=160 pending=96
[exp8221] phase=fixture_slots completed=192 pending=64
[exp8221] phase=fixture_slots completed=224 pending=32
[exp8221] phase=fixture_slots completed=256 pending=0
[exp8225] phase=arm_complete arm=global_only completed=2 pending=3
[exp8221] phase=fixture_slots completed=32 pending=224
[exp8221] phase=fixture_slots completed=64 pending=192
[exp8221] phase=fixture_slots completed=96 pending=160
[exp8221] phase=fixture_slots completed=128 pending=128
[exp8221] phase=fixture_slots completed=160 pending=96
[exp8221] phase=fixture_slots completed=192 pending=64
[exp8221] phase=fixture_slots completed=224 pending=32
[exp8221] phase=fixture_slots completed=256 pending=0
[exp8225] phase=arm_complete arm=global_plus_group completed=3 pending=2
[exp8221] phase=fixture_slots completed=32 pending=224
[exp8221] phase=fixture_slots completed=64 pending=192
[exp8221] phase=fixture_slots completed=96 pending=160
[exp8221] phase=fixture_slots completed=128 pending=128
[exp8221] phase=fixture_slots completed=160 pending=96
[exp8221] phase=fixture_slots completed=192 pending=64
[exp8221] phase=fixture_slots completed=224 pending=32
[exp8221] phase=fixture_slots completed=256 pending=0
[exp8225] phase=arm_complete arm=local_only completed=4 pending=1
[exp8221] phase=fixture_slots completed=32 pending=224
[exp8221] phase=fixture_slots completed=64 pending=192
[exp8221] phase=fixture_slots completed=96 pending=160
[exp8221] phase=fixture_slots completed=128 pending=128
[exp8221] phase=fixture_slots completed=160 pending=96
[exp8221] phase=fixture_slots completed=192 pending=64
[exp8221] phase=fixture_slots completed=224 pending=32
[exp8221] phase=fixture_slots completed=256 pending=0
[exp8225] phase=arm_complete arm=global_plus_random completed=5 pending=0
[exp8240] phase=after_natural_benchmark completed=13 pending=7
[exp8240] phase=before_natural_benchmark completed=13 pending=7
[exp8221] phase=fixture_slots completed=32 pending=224
[exp8221] phase=fixture_slots completed=64 pending=192
[exp8221] phase=fixture_slots completed=96 pending=160
[exp8221] phase=fixture_slots completed=128 pending=128
[exp8221] phase=fixture_slots completed=160 pending=96
[exp8221] phase=fixture_slots completed=192 pending=64
[exp8221] phase=fixture_slots completed=224 pending=32
[exp8221] phase=fixture_slots completed=256 pending=0
[exp8225] phase=arm_complete arm=frozen completed=1 pending=4
[exp8221] phase=fixture_slots completed=32 pending=224
[exp8221] phase=fixture_slots completed=64 pending=192
[exp8221] phase=fixture_slots completed=96 pending=160
[exp8221] phase=fixture_slots completed=128 pending=128
[exp8221] phase=fixture_slots completed=160 pending=96
[exp8221] phase=fixture_slots completed=192 pending=64
[exp8221] phase=fixture_slots completed=224 pending=32
[exp8221] phase=fixture_slots completed=256 pending=0
[exp8225] phase=arm_complete arm=global_only completed=2 pending=3
[exp8221] phase=fixture_slots completed=32 pending=224
[exp8221] phase=fixture_slots completed=64 pending=192
[exp8221] phase=fixture_slots completed=96 pending=160
[exp8221] phase=fixture_slots completed=128 pending=128
[exp8221] phase=fixture_slots completed=160 pending=96
[exp8221] phase=fixture_slots completed=192 pending=64
[exp8221] phase=fixture_slots completed=224 pending=32
[exp8221] phase=fixture_slots completed=256 pending=0
[exp8225] phase=arm_complete arm=global_plus_group completed=3 pending=2
[exp8221] phase=fixture_slots completed=32 pending=224
[exp8221] phase=fixture_slots completed=64 pending=192
[exp8221] phase=fixture_slots completed=96 pending=160
[exp8221] phase=fixture_slots completed=128 pending=128
[exp8221] phase=fixture_slots completed=160 pending=96
[exp8221] phase=fixture_slots completed=192 pending=64
[exp8221] phase=fixture_slots completed=224 pending=32
[exp8221] phase=fixture_slots completed=256 pending=0
[exp8225] phase=arm_complete arm=local_only completed=4 pending=1
[exp8221] phase=fixture_slots completed=32 pending=224
[exp8221] phase=fixture_slots completed=64 pending=192
[exp8221] phase=fixture_slots completed=96 pending=160
[exp8221] phase=fixture_slots completed=128 pending=128
[exp8221] phase=fixture_slots completed=160 pending=96
[exp8221] phase=fixture_slots completed=192 pending=64
[exp8221] phase=fixture_slots completed=224 pending=32
[exp8221] phase=fixture_slots completed=256 pending=0
[exp8225] phase=arm_complete arm=global_plus_random completed=5 pending=0
[exp8240] phase=after_natural_benchmark completed=14 pending=6
[exp8240] phase=before_natural_benchmark completed=14 pending=6
[exp8221] phase=fixture_slots completed=32 pending=224
[exp8221] phase=fixture_slots completed=64 pending=192
[exp8221] phase=fixture_slots completed=96 pending=160
[exp8221] phase=fixture_slots completed=128 pending=128
[exp8221] phase=fixture_slots completed=160 pending=96
[exp8221] phase=fixture_slots completed=192 pending=64
[exp8221] phase=fixture_slots completed=224 pending=32
[exp8221] phase=fixture_slots completed=256 pending=0
[exp8225] phase=arm_complete arm=frozen completed=1 pending=4
[exp8221] phase=fixture_slots completed=32 pending=224
[exp8221] phase=fixture_slots completed=64 pending=192
[exp8221] phase=fixture_slots completed=96 pending=160
[exp8221] phase=fixture_slots completed=128 pending=128
[exp8221] phase=fixture_slots completed=160 pending=96
[exp8221] phase=fixture_slots completed=192 pending=64
[exp8221] phase=fixture_slots completed=224 pending=32
[exp8221] phase=fixture_slots completed=256 pending=0
[exp8225] phase=arm_complete arm=global_only completed=2 pending=3
[exp8221] phase=fixture_slots completed=32 pending=224
[exp8221] phase=fixture_slots completed=64 pending=192
[exp8221] phase=fixture_slots completed=96 pending=160
[exp8221] phase=fixture_slots completed=128 pending=128
[exp8221] phase=fixture_slots completed=160 pending=96
[exp8221] phase=fixture_slots completed=192 pending=64
[exp8221] phase=fixture_slots completed=224 pending=32
[exp8221] phase=fixture_slots completed=256 pending=0
[exp8225] phase=arm_complete arm=global_plus_group completed=3 pending=2
[exp8221] phase=fixture_slots completed=32 pending=224
[exp8221] phase=fixture_slots completed=64 pending=192
[exp8221] phase=fixture_slots completed=96 pending=160
[exp8221] phase=fixture_slots completed=128 pending=128
[exp8221] phase=fixture_slots completed=160 pending=96
[exp8221] phase=fixture_slots completed=192 pending=64
[exp8221] phase=fixture_slots completed=224 pending=32
[exp8221] phase=fixture_slots completed=256 pending=0
[exp8225] phase=arm_complete arm=local_only completed=4 pending=1
[exp8221] phase=fixture_slots completed=32 pending=224
[exp8221] phase=fixture_slots completed=64 pending=192
[exp8221] phase=fixture_slots completed=96 pending=160
[exp8221] phase=fixture_slots completed=128 pending=128
[exp8221] phase=fixture_slots completed=160 pending=96
[exp8221] phase=fixture_slots completed=192 pending=64
[exp8221] phase=fixture_slots completed=224 pending=32
[exp8221] phase=fixture_slots completed=256 pending=0
[exp8225] phase=arm_complete arm=global_plus_random completed=5 pending=0
[exp8240] phase=after_natural_benchmark completed=15 pending=5
[exp8240] phase=before_natural_benchmark completed=15 pending=5
[exp8221] phase=fixture_slots completed=32 pending=224
[exp8221] phase=fixture_slots completed=64 pending=192
[exp8221] phase=fixture_slots completed=96 pending=160
[exp8221] phase=fixture_slots completed=128 pending=128
[exp8221] phase=fixture_slots completed=160 pending=96
[exp8221] phase=fixture_slots completed=192 pending=64
[exp8221] phase=fixture_slots completed=224 pending=32
[exp8221] phase=fixture_slots completed=256 pending=0
[exp8225] phase=arm_complete arm=frozen completed=1 pending=4
[exp8221] phase=fixture_slots completed=32 pending=224
[exp8221] phase=fixture_slots completed=64 pending=192
[exp8221] phase=fixture_slots completed=96 pending=160
[exp8221] phase=fixture_slots completed=128 pending=128
[exp8221] phase=fixture_slots completed=160 pending=96
[exp8221] phase=fixture_slots completed=192 pending=64
[exp8221] phase=fixture_slots completed=224 pending=32
[exp8221] phase=fixture_slots completed=256 pending=0
[exp8225] phase=arm_complete arm=global_only completed=2 pending=3
[exp8221] phase=fixture_slots completed=32 pending=224
[exp8221] phase=fixture_slots completed=64 pending=192
[exp8221] phase=fixture_slots completed=96 pending=160
[exp8221] phase=fixture_slots completed=128 pending=128
[exp8221] phase=fixture_slots completed=160 pending=96
[exp8221] phase=fixture_slots completed=192 pending=64
[exp8221] phase=fixture_slots completed=224 pending=32
[exp8221] phase=fixture_slots completed=256 pending=0
[exp8225] phase=arm_complete arm=global_plus_group completed=3 pending=2
[exp8221] phase=fixture_slots completed=32 pending=224
[exp8221] phase=fixture_slots completed=64 pending=192
[exp8221] phase=fixture_slots completed=96 pending=160
[exp8221] phase=fixture_slots completed=128 pending=128
[exp8221] phase=fixture_slots completed=160 pending=96
[exp8221] phase=fixture_slots completed=192 pending=64
[exp8221] phase=fixture_slots completed=224 pending=32
[exp8221] phase=fixture_slots completed=256 pending=0
[exp8225] phase=arm_complete arm=local_only completed=4 pending=1
[exp8221] phase=fixture_slots completed=32 pending=224
[exp8221] phase=fixture_slots completed=64 pending=192
[exp8221] phase=fixture_slots completed=96 pending=160
[exp8221] phase=fixture_slots completed=128 pending=128
[exp8221] phase=fixture_slots completed=160 pending=96
[exp8221] phase=fixture_slots completed=192 pending=64
[exp8221] phase=fixture_slots completed=224 pending=32
[exp8221] phase=fixture_slots completed=256 pending=0
[exp8225] phase=arm_complete arm=global_plus_random completed=5 pending=0
[exp8240] phase=after_natural_benchmark completed=16 pending=4
[exp8240] phase=before_natural_benchmark completed=16 pending=4
[exp8221] phase=fixture_slots completed=32 pending=224
[exp8221] phase=fixture_slots completed=64 pending=192
[exp8221] phase=fixture_slots completed=96 pending=160
[exp8221] phase=fixture_slots completed=128 pending=128
[exp8221] phase=fixture_slots completed=160 pending=96
[exp8221] phase=fixture_slots completed=192 pending=64
[exp8221] phase=fixture_slots completed=224 pending=32
[exp8221] phase=fixture_slots completed=256 pending=0
[exp8225] phase=arm_complete arm=frozen completed=1 pending=4
[exp8221] phase=fixture_slots completed=32 pending=224
[exp8221] phase=fixture_slots completed=64 pending=192
[exp8221] phase=fixture_slots completed=96 pending=160
[exp8221] phase=fixture_slots completed=128 pending=128
[exp8221] phase=fixture_slots completed=160 pending=96
[exp8221] phase=fixture_slots completed=192 pending=64
[exp8221] phase=fixture_slots completed=224 pending=32
[exp8221] phase=fixture_slots completed=256 pending=0
[exp8225] phase=arm_complete arm=global_only completed=2 pending=3
[exp8221] phase=fixture_slots completed=32 pending=224
[exp8221] phase=fixture_slots completed=64 pending=192
[exp8221] phase=fixture_slots completed=96 pending=160
[exp8221] phase=fixture_slots completed=128 pending=128
[exp8221] phase=fixture_slots completed=160 pending=96
[exp8221] phase=fixture_slots completed=192 pending=64
[exp8221] phase=fixture_slots completed=224 pending=32
[exp8221] phase=fixture_slots completed=256 pending=0
[exp8225] phase=arm_complete arm=global_plus_group completed=3 pending=2
[exp8221] phase=fixture_slots completed=32 pending=224
[exp8221] phase=fixture_slots completed=64 pending=192
[exp8221] phase=fixture_slots completed=96 pending=160
[exp8221] phase=fixture_slots completed=128 pending=128
[exp8221] phase=fixture_slots completed=160 pending=96
[exp8221] phase=fixture_slots completed=192 pending=64
[exp8221] phase=fixture_slots completed=224 pending=32
[exp8221] phase=fixture_slots completed=256 pending=0
[exp8225] phase=arm_complete arm=local_only completed=4 pending=1
[exp8221] phase=fixture_slots completed=32 pending=224
[exp8221] phase=fixture_slots completed=64 pending=192
[exp8221] phase=fixture_slots completed=96 pending=160
[exp8221] phase=fixture_slots completed=128 pending=128
[exp8221] phase=fixture_slots completed=160 pending=96
[exp8221] phase=fixture_slots completed=192 pending=64
[exp8221] phase=fixture_slots completed=224 pending=32
[exp8221] phase=fixture_slots completed=256 pending=0
[exp8225] phase=arm_complete arm=global_plus_random completed=5 pending=0
[exp8240] phase=after_natural_benchmark completed=17 pending=3
[exp8240] phase=before_natural_benchmark completed=17 pending=3
[exp8221] phase=fixture_slots completed=32 pending=224
[exp8221] phase=fixture_slots completed=64 pending=192
[exp8221] phase=fixture_slots completed=96 pending=160
[exp8221] phase=fixture_slots completed=128 pending=128
[exp8221] phase=fixture_slots completed=160 pending=96
[exp8221] phase=fixture_slots completed=192 pending=64
[exp8221] phase=fixture_slots completed=224 pending=32
[exp8221] phase=fixture_slots completed=256 pending=0
[exp8225] phase=arm_complete arm=frozen completed=1 pending=4
[exp8221] phase=fixture_slots completed=32 pending=224
[exp8221] phase=fixture_slots completed=64 pending=192
[exp8221] phase=fixture_slots completed=96 pending=160
[exp8221] phase=fixture_slots completed=128 pending=128
[exp8221] phase=fixture_slots completed=160 pending=96
[exp8221] phase=fixture_slots completed=192 pending=64
[exp8221] phase=fixture_slots completed=224 pending=32
[exp8221] phase=fixture_slots completed=256 pending=0
[exp8225] phase=arm_complete arm=global_only completed=2 pending=3
[exp8221] phase=fixture_slots completed=32 pending=224
[exp8221] phase=fixture_slots completed=64 pending=192
[exp8221] phase=fixture_slots completed=96 pending=160
[exp8221] phase=fixture_slots completed=128 pending=128
[exp8221] phase=fixture_slots completed=160 pending=96
[exp8221] phase=fixture_slots completed=192 pending=64
[exp8221] phase=fixture_slots completed=224 pending=32
[exp8221] phase=fixture_slots completed=256 pending=0
[exp8225] phase=arm_complete arm=global_plus_group completed=3 pending=2
[exp8221] phase=fixture_slots completed=32 pending=224
[exp8221] phase=fixture_slots completed=64 pending=192
[exp8221] phase=fixture_slots completed=96 pending=160
[exp8221] phase=fixture_slots completed=128 pending=128
[exp8221] phase=fixture_slots completed=160 pending=96
[exp8221] phase=fixture_slots completed=192 pending=64
[exp8221] phase=fixture_slots completed=224 pending=32
[exp8221] phase=fixture_slots completed=256 pending=0
[exp8225] phase=arm_complete arm=local_only completed=4 pending=1
[exp8221] phase=fixture_slots completed=32 pending=224
[exp8221] phase=fixture_slots completed=64 pending=192
[exp8221] phase=fixture_slots completed=96 pending=160
[exp8221] phase=fixture_slots completed=128 pending=128
[exp8221] phase=fixture_slots completed=160 pending=96
[exp8221] phase=fixture_slots completed=192 pending=64
[exp8221] phase=fixture_slots completed=224 pending=32
[exp8221] phase=fixture_slots completed=256 pending=0
[exp8225] phase=arm_complete arm=global_plus_random completed=5 pending=0
[exp8240] phase=after_natural_benchmark completed=18 pending=2
[exp8240] phase=before_natural_benchmark completed=18 pending=2
[exp8221] phase=fixture_slots completed=32 pending=224
[exp8221] phase=fixture_slots completed=64 pending=192
[exp8221] phase=fixture_slots completed=96 pending=160
[exp8221] phase=fixture_slots completed=128 pending=128
[exp8221] phase=fixture_slots completed=160 pending=96
[exp8221] phase=fixture_slots completed=192 pending=64
[exp8221] phase=fixture_slots completed=224 pending=32
[exp8221] phase=fixture_slots completed=256 pending=0
[exp8225] phase=arm_complete arm=frozen completed=1 pending=4
[exp8221] phase=fixture_slots completed=32 pending=224
[exp8221] phase=fixture_slots completed=64 pending=192
[exp8221] phase=fixture_slots completed=96 pending=160
[exp8221] phase=fixture_slots completed=128 pending=128
[exp8221] phase=fixture_slots completed=160 pending=96
[exp8221] phase=fixture_slots completed=192 pending=64
[exp8221] phase=fixture_slots completed=224 pending=32
[exp8221] phase=fixture_slots completed=256 pending=0
[exp8225] phase=arm_complete arm=global_only completed=2 pending=3
[exp8221] phase=fixture_slots completed=32 pending=224
[exp8221] phase=fixture_slots completed=64 pending=192
[exp8221] phase=fixture_slots completed=96 pending=160
[exp8221] phase=fixture_slots completed=128 pending=128
[exp8221] phase=fixture_slots completed=160 pending=96
[exp8221] phase=fixture_slots completed=192 pending=64
[exp8221] phase=fixture_slots completed=224 pending=32
[exp8221] phase=fixture_slots completed=256 pending=0
[exp8225] phase=arm_complete arm=global_plus_group completed=3 pending=2
[exp8221] phase=fixture_slots completed=32 pending=224
[exp8221] phase=fixture_slots completed=64 pending=192
[exp8221] phase=fixture_slots completed=96 pending=160
[exp8221] phase=fixture_slots completed=128 pending=128
[exp8221] phase=fixture_slots completed=160 pending=96
[exp8221] phase=fixture_slots completed=192 pending=64
[exp8221] phase=fixture_slots completed=224 pending=32
[exp8221] phase=fixture_slots completed=256 pending=0
[exp8225] phase=arm_complete arm=local_only completed=4 pending=1
[exp8221] phase=fixture_slots completed=32 pending=224
[exp8221] phase=fixture_slots completed=64 pending=192
[exp8221] phase=fixture_slots completed=96 pending=160
[exp8221] phase=fixture_slots completed=128 pending=128
[exp8221] phase=fixture_slots completed=160 pending=96
[exp8221] phase=fixture_slots completed=192 pending=64
[exp8221] phase=fixture_slots completed=224 pending=32
[exp8221] phase=fixture_slots completed=256 pending=0
[exp8225] phase=arm_complete arm=global_plus_random completed=5 pending=0
[exp8240] phase=after_natural_benchmark completed=19 pending=1
[exp8240] phase=before_natural_benchmark completed=19 pending=1
[exp8221] phase=fixture_slots completed=32 pending=224
[exp8221] phase=fixture_slots completed=64 pending=192
[exp8221] phase=fixture_slots completed=96 pending=160
[exp8221] phase=fixture_slots completed=128 pending=128
[exp8221] phase=fixture_slots completed=160 pending=96
[exp8221] phase=fixture_slots completed=192 pending=64
[exp8221] phase=fixture_slots completed=224 pending=32
[exp8221] phase=fixture_slots completed=256 pending=0
[exp8225] phase=arm_complete arm=frozen completed=1 pending=4
[exp8221] phase=fixture_slots completed=32 pending=224
[exp8221] phase=fixture_slots completed=64 pending=192
[exp8221] phase=fixture_slots completed=96 pending=160
[exp8221] phase=fixture_slots completed=128 pending=128
[exp8221] phase=fixture_slots completed=160 pending=96
[exp8221] phase=fixture_slots completed=192 pending=64
[exp8221] phase=fixture_slots completed=224 pending=32
[exp8221] phase=fixture_slots completed=256 pending=0
[exp8225] phase=arm_complete arm=global_only completed=2 pending=3
[exp8221] phase=fixture_slots completed=32 pending=224
[exp8221] phase=fixture_slots completed=64 pending=192
[exp8221] phase=fixture_slots completed=96 pending=160
[exp8221] phase=fixture_slots completed=128 pending=128
[exp8221] phase=fixture_slots completed=160 pending=96
[exp8221] phase=fixture_slots completed=192 pending=64
[exp8221] phase=fixture_slots completed=224 pending=32
[exp8221] phase=fixture_slots completed=256 pending=0
[exp8225] phase=arm_complete arm=global_plus_group completed=3 pending=2
[exp8221] phase=fixture_slots completed=32 pending=224
[exp8221] phase=fixture_slots completed=64 pending=192
[exp8221] phase=fixture_slots completed=96 pending=160
[exp8221] phase=fixture_slots completed=128 pending=128
[exp8221] phase=fixture_slots completed=160 pending=96
[exp8221] phase=fixture_slots completed=192 pending=64
[exp8221] phase=fixture_slots completed=224 pending=32
[exp8221] phase=fixture_slots completed=256 pending=0
[exp8225] phase=arm_complete arm=local_only completed=4 pending=1
[exp8221] phase=fixture_slots completed=32 pending=224
[exp8221] phase=fixture_slots completed=64 pending=192
[exp8221] phase=fixture_slots completed=96 pending=160
[exp8221] phase=fixture_slots completed=128 pending=128
[exp8221] phase=fixture_slots completed=160 pending=96
[exp8221] phase=fixture_slots completed=192 pending=64
[exp8221] phase=fixture_slots completed=224 pending=32
[exp8221] phase=fixture_slots completed=256 pending=0
[exp8225] phase=arm_complete arm=global_plus_random completed=5 pending=0
[exp8240] phase=after_natural_benchmark completed=20 pending=0
[exp8240] phase=final_states_and_retention_predictions_sealed completed=20 pending=0
[exp8240] phase=before_subprocess_uninterrupted completed=0 pending=0
[exp8205] phase=before_subprocess_uninterrupted completed=0 pending=1
[exp8205] phase=after_subprocess_uninterrupted completed=1 pending=0
[exp8240] phase=after_subprocess_uninterrupted completed=0 pending=0
[exp8240] phase=before_subprocess_crash90 completed=0 pending=0
[exp8205] phase=before_subprocess_crash90 completed=0 pending=1
[exp8205] phase=after_subprocess_crash90 completed=1 pending=0
[exp8240] phase=after_subprocess_crash90 completed=0 pending=0
[exp8240] phase=before_subprocess_resume90 completed=0 pending=0
[exp8205] phase=before_subprocess_resume90 completed=0 pending=1
[exp8205] phase=after_subprocess_resume90 completed=1 pending=0
[exp8240] phase=after_subprocess_resume90 completed=0 pending=0
[exp8240] phase=before_subprocess_crash170 completed=0 pending=0
[exp8205] phase=before_subprocess_crash170 completed=0 pending=1
[exp8205] phase=after_subprocess_crash170 completed=1 pending=0
[exp8240] phase=after_subprocess_crash170 completed=0 pending=0
[exp8240] phase=before_subprocess_resume170 completed=0 pending=0
[exp8205] phase=before_subprocess_resume170 completed=0 pending=1
[exp8205] phase=after_subprocess_resume170 completed=1 pending=0
[exp8240] phase=after_subprocess_resume170 completed=0 pending=0
[exp8240] phase=measurement_complete completed=20 pending=0
