COMMAND: /opt/oss-cad-suite/bin/nextpnr-himbaechel --device CCGM1A1 --json /home/ianblenke/github.com/ianblenke/carnot/build/gatemate/experiment_2956_gatemate_n16/ising_n16_gatemate.json --write /home/ianblenke/github.com/ianblenke/carnot/build/gatemate/experiment_2956_gatemate_n16/ising_n16_gatemate.pnr.json --freq 12.0 --vopt ccf=/home/ianblenke/github.com/ianblenke/carnot/hardware/gatemate/ising_n16_gatemate.ccf --vopt allow-unconstrained --vopt out=/home/ianblenke/github.com/ianblenke/carnot/build/gatemate/experiment_2956_gatemate_n16/ising_n16_gatemate.cfg
RETURNCODE: 255
STDOUT:

STDERR:
Info: Using uarch 'gatemate' for device 'CCGM1A1'
Info: Using timing mode 'WORST'.
Info: Using performance mode 'SPEED'.

Info: Parsing CCF file..
Info: Assign cell region based on attributes..
Info: Packing constants..
Info: Running cleanups..
Info: Packing IOs..
Warning: IO '$iopadmap$ising_n16_gatemate.step_count_9' is unconstrained in CCF and will be automatically placed.
Info:     Constraining '$iopadmap$ising_n16_gatemate.step_count_9' to pad 'IO_SA_A0'.
Warning: IO '$iopadmap$ising_n16_gatemate.step_count_8' is unconstrained in CCF and will be automatically placed.
Info:     Constraining '$iopadmap$ising_n16_gatemate.step_count_8' to pad 'IO_SA_B0'.
Warning: IO '$iopadmap$ising_n16_gatemate.step_count_7' is unconstrained in CCF and will be automatically placed.
Info:     Constraining '$iopadmap$ising_n16_gatemate.step_count_7' to pad 'IO_SA_A1'.
Warning: IO '$iopadmap$ising_n16_gatemate.step_count_6' is unconstrained in CCF and will be automatically placed.
Info:     Constraining '$iopadmap$ising_n16_gatemate.step_count_6' to pad 'IO_SA_B1'.
Warning: IO '$iopadmap$ising_n16_gatemate.step_count_5' is unconstrained in CCF and will be automatically placed.
Info:     Constraining '$iopadmap$ising_n16_gatemate.step_count_5' to pad 'IO_SA_A2'.
Warning: IO '$iopadmap$ising_n16_gatemate.step_count_4' is unconstrained in CCF and will be automatically placed.
Info:     Constraining '$iopadmap$ising_n16_gatemate.step_count_4' to pad 'IO_SA_B2'.
Warning: IO '$iopadmap$ising_n16_gatemate.step_count_3' is unconstrained in CCF and will be automatically placed.
Info:     Constraining '$iopadmap$ising_n16_gatemate.step_count_3' to pad 'IO_SA_A3'.
Warning: IO '$iopadmap$ising_n16_gatemate.step_count_2' is unconstrained in CCF and will be automatically placed.
Info:     Constraining '$iopadmap$ising_n16_gatemate.step_count_2' to pad 'IO_SA_B3'.
Warning: IO '$iopadmap$ising_n16_gatemate.step_count_15' is unconstrained in CCF and will be automatically placed.
Info:     Constraining '$iopadmap$ising_n16_gatemate.step_count_15' to pad 'IO_SA_A4'.
Warning: IO '$iopadmap$ising_n16_gatemate.step_count_14' is unconstrained in CCF and will be automatically placed.
Info:     Constraining '$iopadmap$ising_n16_gatemate.step_count_14' to pad 'IO_SA_B4'.
Warning: IO '$iopadmap$ising_n16_gatemate.step_count_13' is unconstrained in CCF and will be automatically placed.
Info:     Constraining '$iopadmap$ising_n16_gatemate.step_count_13' to pad 'IO_SA_A5'.
Warning: IO '$iopadmap$ising_n16_gatemate.step_count_12' is unconstrained in CCF and will be automatically placed.
Info:     Constraining '$iopadmap$ising_n16_gatemate.step_count_12' to pad 'IO_SA_B5'.
Warning: IO '$iopadmap$ising_n16_gatemate.step_count_11' is unconstrained in CCF and will be automatically placed.
Info:     Constraining '$iopadmap$ising_n16_gatemate.step_count_11' to pad 'IO_SA_A6'.
Warning: IO '$iopadmap$ising_n16_gatemate.step_count_10' is unconstrained in CCF and will be automatically placed.
Info:     Constraining '$iopadmap$ising_n16_gatemate.step_count_10' to pad 'IO_SA_B6'.
Warning: IO '$iopadmap$ising_n16_gatemate.step_count_1' is unconstrained in CCF and will be automatically placed.
Info:     Constraining '$iopadmap$ising_n16_gatemate.step_count_1' to pad 'IO_SA_A7'.
Warning: IO '$iopadmap$ising_n16_gatemate.step_count' is unconstrained in CCF and will be automatically placed.
Info:     Constraining '$iopadmap$ising_n16_gatemate.step_count' to pad 'IO_SA_B7'.
Warning: IO '$iopadmap$ising_n16_gatemate.start' is unconstrained in CCF and will be automatically placed.
Info:     Constraining '$iopadmap$ising_n16_gatemate.start' to pad 'IO_SA_A8'.
Warning: IO '$iopadmap$ising_n16_gatemate.spin_out_9' is unconstrained in CCF and will be automatically placed.
Info:     Constraining '$iopadmap$ising_n16_gatemate.spin_out_9' to pad 'IO_SA_B8'.
Warning: IO '$iopadmap$ising_n16_gatemate.spin_out_8' is unconstrained in CCF and will be automatically placed.
Info:     Constraining '$iopadmap$ising_n16_gatemate.spin_out_8' to pad 'IO_SB_A0'.
Warning: IO '$iopadmap$ising_n16_gatemate.spin_out_7' is unconstrained in CCF and will be automatically placed.
Info:     Constraining '$iopadmap$ising_n16_gatemate.spin_out_7' to pad 'IO_SB_B0'.
Warning: IO '$iopadmap$ising_n16_gatemate.spin_out_6' is unconstrained in CCF and will be automatically placed.
Info:     Constraining '$iopadmap$ising_n16_gatemate.spin_out_6' to pad 'IO_SB_A1'.
Warning: IO '$iopadmap$ising_n16_gatemate.spin_out_5' is unconstrained in CCF and will be automatically placed.
Info:     Constraining '$iopadmap$ising_n16_gatemate.spin_out_5' to pad 'IO_SB_B1'.
Warning: IO '$iopadmap$ising_n16_gatemate.spin_out_4' is unconstrained in CCF and will be automatically placed.
Info:     Constraining '$iopadmap$ising_n16_gatemate.spin_out_4' to pad 'IO_SB_A2'.
Warning: IO '$iopadmap$ising_n16_gatemate.spin_out_3' is unconstrained in CCF and will be automatically placed.
Info:     Constraining '$iopadmap$ising_n16_gatemate.spin_out_3' to pad 'IO_SB_B2'.
Warning: IO '$iopadmap$ising_n16_gatemate.spin_out_2' is unconstrained in CCF and will be automatically placed.
Info:     Constraining '$iopadmap$ising_n16_gatemate.spin_out_2' to pad 'IO_SB_A3'.
Warning: IO '$iopadmap$ising_n16_gatemate.spin_out_15' is unconstrained in CCF and will be automatically placed.
Info:     Constraining '$iopadmap$ising_n16_gatemate.spin_out_15' to pad 'IO_SB_B3'.
Warning: IO '$iopadmap$ising_n16_gatemate.spin_out_14' is unconstrained in CCF and will be automatically placed.
Info:     Constraining '$iopadmap$ising_n16_gatemate.spin_out_14' to pad 'IO_SB_A4'.
Warning: IO '$iopadmap$ising_n16_gatemate.spin_out_13' is unconstrained in CCF and will be automatically placed.
Info:     Constraining '$iopadmap$ising_n16_gatemate.spin_out_13' to pad 'IO_SB_B4'.
Warning: IO '$iopadmap$ising_n16_gatemate.spin_out_12' is unconstrained in CCF and will be automatically placed.
Info:     Constraining '$iopadmap$ising_n16_gatemate.spin_out_12' to pad 'IO_SB_A5'.
Warning: IO '$iopadmap$ising_n16_gatemate.spin_out_11' is unconstrained in CCF and will be automatically placed.
Info:     Constraining '$iopadmap$ising_n16_gatemate.spin_out_11' to pad 'IO_SB_B5'.
Warning: IO '$iopadmap$ising_n16_gatemate.spin_out_10' is unconstrained in CCF and will be automatically placed.
Info:     Constraining '$iopadmap$ising_n16_gatemate.spin_out_10' to pad 'IO_SB_A6'.
Warning: IO '$iopadmap$ising_n16_gatemate.spin_out_1' is unconstrained in CCF and will be automatically placed.
Info:     Constraining '$iopadmap$ising_n16_gatemate.spin_out_1' to pad 'IO_SB_B6'.
Warning: IO '$iopadmap$ising_n16_gatemate.spin_out' is unconstrained in CCF and will be automatically placed.
Info:     Constraining '$iopadmap$ising_n16_gatemate.spin_out' to pad 'IO_SB_A7'.
Warning: IO '$iopadmap$ising_n16_gatemate.rst' is unconstrained in CCF and will be automatically placed.
Info:     Constraining '$iopadmap$ising_n16_gatemate.rst' to pad 'IO_SB_B7'.
Warning: IO '$iopadmap$ising_n16_gatemate.row_index_3' is unconstrained in CCF and will be automatically placed.
Info:     Constraining '$iopadmap$ising_n16_gatemate.row_index_3' to pad 'IO_SB_A8'.
Warning: IO '$iopadmap$ising_n16_gatemate.row_index_2' is unconstrained in CCF and will be automatically placed.
Info:     Constraining '$iopadmap$ising_n16_gatemate.row_index_2' to pad 'IO_SB_B8'.
Warning: IO '$iopadmap$ising_n16_gatemate.row_index_1' is unconstrained in CCF and will be automatically placed.
Info:     Constraining '$iopadmap$ising_n16_gatemate.row_index_1' to pad 'IO_WA_A0'.
Warning: IO '$iopadmap$ising_n16_gatemate.row_index' is unconstrained in CCF and will be automatically placed.
Info:     Constraining '$iopadmap$ising_n16_gatemate.row_index' to pad 'IO_WA_B0'.
Warning: IO '$iopadmap$ising_n16_gatemate.pressure_start_q1_15_9' is unconstrained in CCF and will be automatically placed.
Info:     Constraining '$iopadmap$ising_n16_gatemate.pressure_start_q1_15_9' to pad 'IO_WA_A1'.
Warning: IO '$iopadmap$ising_n16_gatemate.pressure_start_q1_15_8' is unconstrained in CCF and will be automatically placed.
Info:     Constraining '$iopadmap$ising_n16_gatemate.pressure_start_q1_15_8' to pad 'IO_WA_B1'.
Warning: IO '$iopadmap$ising_n16_gatemate.pressure_start_q1_15_7' is unconstrained in CCF and will be automatically placed.
Info:     Constraining '$iopadmap$ising_n16_gatemate.pressure_start_q1_15_7' to pad 'IO_WA_A2'.
Warning: IO '$iopadmap$ising_n16_gatemate.pressure_start_q1_15_6' is unconstrained in CCF and will be automatically placed.
Info:     Constraining '$iopadmap$ising_n16_gatemate.pressure_start_q1_15_6' to pad 'IO_WA_B2'.
Warning: IO '$iopadmap$ising_n16_gatemate.pressure_start_q1_15_5' is unconstrained in CCF and will be automatically placed.
Info:     Constraining '$iopadmap$ising_n16_gatemate.pressure_start_q1_15_5' to pad 'IO_WA_A3'.
Warning: IO '$iopadmap$ising_n16_gatemate.pressure_start_q1_15_4' is unconstrained in CCF and will be automatically placed.
Info:     Constraining '$iopadmap$ising_n16_gatemate.pressure_start_q1_15_4' to pad 'IO_WA_B3'.
Warning: IO '$iopadmap$ising_n16_gatemate.pressure_start_q1_15_3' is unconstrained in CCF and will be automatically placed.
Info:     Constraining '$iopadmap$ising_n16_gatemate.pressure_start_q1_15_3' to pad 'IO_WA_A4'.
Warning: IO '$iopadmap$ising_n16_gatemate.pressure_start_q1_15_2' is unconstrained in CCF and will be automatically placed.
Info:     Constraining '$iopadmap$ising_n16_gatemate.pressure_start_q1_15_2' to pad 'IO_WA_B4'.
Warning: IO '$iopadmap$ising_n16_gatemate.pressure_start_q1_15_15' is unconstrained in CCF and will be automatically placed.
Info:     Constraining '$iopadmap$ising_n16_gatemate.pressure_start_q1_15_15' to pad 'IO_WA_A5'.
Warning: IO '$iopadmap$ising_n16_gatemate.pressure_start_q1_15_14' is unconstrained in CCF and will be automatically placed.
Info:     Constraining '$iopadmap$ising_n16_gatemate.pressure_start_q1_15_14' to pad 'IO_WA_B5'.
Warning: IO '$iopadmap$ising_n16_gatemate.pressure_start_q1_15_13' is unconstrained in CCF and will be automatically placed.
Info:     Constraining '$iopadmap$ising_n16_gatemate.pressure_start_q1_15_13' to pad 'IO_WA_A6'.
Warning: IO '$iopadmap$ising_n16_gatemate.pressure_start_q1_15_12' is unconstrained in CCF and will be automatically placed.
Info:     Constraining '$iopadmap$ising_n16_gatemate.pressure_start_q1_15_12' to pad 'IO_WA_B6'.
Warning: IO '$iopadmap$ising_n16_gatemate.pressure_start_q1_15_11' is unconstrained in CCF and will be automatically placed.
Info:     Constraining '$iopadmap$ising_n16_gatemate.pressure_start_q1_15_11' to pad 'IO_WA_A7'.
Warning: IO '$iopadmap$ising_n16_gatemate.pressure_start_q1_15_10' is unconstrained in CCF and will be automatically placed.
Info:     Constraining '$iopadmap$ising_n16_gatemate.pressure_start_q1_15_10' to pad 'IO_WA_B7'.
Warning: IO '$iopadmap$ising_n16_gatemate.pressure_start_q1_15_1' is unconstrained in CCF and will be automatically placed.
Info:     Constraining '$iopadmap$ising_n16_gatemate.pressure_start_q1_15_1' to pad 'IO_WA_A8'.
Warning: IO '$iopadmap$ising_n16_gatemate.pressure_start_q1_15' is unconstrained in CCF and will be automatically placed.
Info:     Constraining '$iopadmap$ising_n16_gatemate.pressure_start_q1_15' to pad 'IO_WA_B8'.
Warning: IO '$iopadmap$ising_n16_gatemate.pressure_delta_q1_15_9' is unconstrained in CCF and will be automatically placed.
Info:     Constraining '$iopadmap$ising_n16_gatemate.pressure_delta_q1_15_9' to pad 'IO_WB_A0'.
Warning: IO '$iopadmap$ising_n16_gatemate.pressure_delta_q1_15_8' is unconstrained in CCF and will be automatically placed.
Info:     Constraining '$iopadmap$ising_n16_gatemate.pressure_delta_q1_15_8' to pad 'IO_EA_A0'.
Warning: IO '$iopadmap$ising_n16_gatemate.pressure_delta_q1_15_7' is unconstrained in CCF and will be automatically placed.
Info:     Constraining '$iopadmap$ising_n16_gatemate.pressure_delta_q1_15_7' to pad 'IO_WB_B0'.
Warning: IO '$iopadmap$ising_n16_gatemate.pressure_delta_q1_15_6' is unconstrained in CCF and will be automatically placed.
Info:     Constraining '$iopadmap$ising_n16_gatemate.pressure_delta_q1_15_6' to pad 'IO_EA_B0'.
Warning: IO '$iopadmap$ising_n16_gatemate.pressure_delta_q1_15_5' is unconstrained in CCF and will be automatically placed.
Info:     Constraining '$iopadmap$ising_n16_gatemate.pressure_delta_q1_15_5' to pad 'IO_WB_A1'.
Warning: IO '$iopadmap$ising_n16_gatemate.pressure_delta_q1_15_4' is unconstrained in CCF and will be automatically placed.
Info:     Constraining '$iopadmap$ising_n16_gatemate.pressure_delta_q1_15_4' to pad 'IO_EA_A1'.
Warning: IO '$iopadmap$ising_n16_gatemate.pressure_delta_q1_15_3' is unconstrained in CCF and will be automatically placed.
Info:     Constraining '$iopadmap$ising_n16_gatemate.pressure_delta_q1_15_3' to pad 'IO_WB_B1'.
Warning: IO '$iopadmap$ising_n16_gatemate.pressure_delta_q1_15_2' is unconstrained in CCF and will be automatically placed.
Info:     Constraining '$iopadmap$ising_n16_gatemate.pressure_delta_q1_15_2' to pad 'IO_EA_B1'.
Warning: IO '$iopadmap$ising_n16_gatemate.pressure_delta_q1_15_15' is unconstrained in CCF and will be automatically placed.
Info:     Constraining '$iopadmap$ising_n16_gatemate.pressure_delta_q1_15_15' to pad 'IO_WB_A2'.
Warning: IO '$iopadmap$ising_n16_gatemate.pressure_delta_q1_15_14' is unconstrained in CCF and will be automatically placed.
Info:     Constraining '$iopadmap$ising_n16_gatemate.pressure_delta_q1_15_14' to pad 'IO_EA_A2'.
Warning: IO '$iopadmap$ising_n16_gatemate.pressure_delta_q1_15_13' is unconstrained in CCF and will be automatically placed.
Info:     Constraining '$iopadmap$ising_n16_gatemate.pressure_delta_q1_15_13' to pad 'IO_WB_B2'.
Warning: IO '$iopadmap$ising_n16_gatemate.pressure_delta_q1_15_12' is unconstrained in CCF and will be automatically placed.
Info:     Constraining '$iopadmap$ising_n16_gatemate.pressure_delta_q1_15_12' to pad 'IO_EA_B2'.
Warning: IO '$iopadmap$ising_n16_gatemate.pressure_delta_q1_15_11' is unconstrained in CCF and will be automatically placed.
Info:     Constraining '$iopadmap$ising_n16_gatemate.pressure_delta_q1_15_11' to pad 'IO_WB_A3'.
Warning: IO '$iopadmap$ising_n16_gatemate.pressure_delta_q1_15_10' is unconstrained in CCF and will be automatically placed.
Info:     Constraining '$iopadmap$ising_n16_gatemate.pressure_delta_q1_15_10' to pad 'IO_EA_A3'.
Warning: IO '$iopadmap$ising_n16_gatemate.pressure_delta_q1_15_1' is unconstrained in CCF and will be automatically placed.
Info:     Constraining '$iopadmap$ising_n16_gatemate.pressure_delta_q1_15_1' to pad 'IO_WB_B3'.
Warning: IO '$iopadmap$ising_n16_gatemate.pressure_delta_q1_15' is unconstrained in CCF and will be automatically placed.
Info:     Constraining '$iopadmap$ising_n16_gatemate.pressure_delta_q1_15' to pad 'IO_EA_B3'.
Warning: IO '$iopadmap$ising_n16_gatemate.max_steps_9' is unconstrained in CCF and will be automatically placed.
Info:     Constraining '$iopadmap$ising_n16_gatemate.max_steps_9' to pad 'IO_WB_A4'.
Warning: IO '$iopadmap$ising_n16_gatemate.max_steps_8' is unconstrained in CCF and will be automatically placed.
Info:     Constraining '$iopadmap$ising_n16_gatemate.max_steps_8' to pad 'IO_EA_A4'.
Warning: IO '$iopadmap$ising_n16_gatemate.max_steps_7' is unconstrained in CCF and will be automatically placed.
Info:     Constraining '$iopadmap$ising_n16_gatemate.max_steps_7' to pad 'IO_WB_B4'.
Warning: IO '$iopadmap$ising_n16_gatemate.max_steps_6' is unconstrained in CCF and will be automatically placed.
Info:     Constraining '$iopadmap$ising_n16_gatemate.max_steps_6' to pad 'IO_EA_B4'.
Warning: IO '$iopadmap$ising_n16_gatemate.max_steps_5' is unconstrained in CCF and will be automatically placed.
Info:     Constraining '$iopadmap$ising_n16_gatemate.max_steps_5' to pad 'IO_WB_A5'.
Warning: IO '$iopadmap$ising_n16_gatemate.max_steps_4' is unconstrained in CCF and will be automatically placed.
Info:     Constraining '$iopadmap$ising_n16_gatemate.max_steps_4' to pad 'IO_EA_A5'.
Warning: IO '$iopadmap$ising_n16_gatemate.max_steps_3' is unconstrained in CCF and will be automatically placed.
Info:     Constraining '$iopadmap$ising_n16_gatemate.max_steps_3' to pad 'IO_WB_B5'.
Warning: IO '$iopadmap$ising_n16_gatemate.max_steps_2' is unconstrained in CCF and will be automatically placed.
Info:     Constraining '$iopadmap$ising_n16_gatemate.max_steps_2' to pad 'IO_EA_B5'.
Warning: IO '$iopadmap$ising_n16_gatemate.max_steps_15' is unconstrained in CCF and will be automatically placed.
Info:     Constraining '$iopadmap$ising_n16_gatemate.max_steps_15' to pad 'IO_WB_A6'.
Warning: IO '$iopadmap$ising_n16_gatemate.max_steps_14' is unconstrained in CCF and will be automatically placed.
Info:     Constraining '$iopadmap$ising_n16_gatemate.max_steps_14' to pad 'IO_EA_A6'.
Warning: IO '$iopadmap$ising_n16_gatemate.max_steps_13' is unconstrained in CCF and will be automatically placed.
Info:     Constraining '$iopadmap$ising_n16_gatemate.max_steps_13' to pad 'IO_WB_B6'.
Warning: IO '$iopadmap$ising_n16_gatemate.max_steps_12' is unconstrained in CCF and will be automatically placed.
Info:     Constraining '$iopadmap$ising_n16_gatemate.max_steps_12' to pad 'IO_EA_B6'.
Warning: IO '$iopadmap$ising_n16_gatemate.max_steps_11' is unconstrained in CCF and will be automatically placed.
Info:     Constraining '$iopadmap$ising_n16_gatemate.max_steps_11' to pad 'IO_WB_A7'.
Warning: IO '$iopadmap$ising_n16_gatemate.max_steps_10' is unconstrained in CCF and will be automatically placed.
Info:     Constraining '$iopadmap$ising_n16_gatemate.max_steps_10' to pad 'IO_EA_A7'.
Warning: IO '$iopadmap$ising_n16_gatemate.max_steps_1' is unconstrained in CCF and will be automatically placed.
Info:     Constraining '$iopadmap$ising_n16_gatemate.max_steps_1' to pad 'IO_WB_B7'.
Warning: IO '$iopadmap$ising_n16_gatemate.max_steps' is unconstrained in CCF and will be automatically placed.
Info:     Constraining '$iopadmap$ising_n16_gatemate.max_steps' to pad 'IO_EA_B7'.
Warning: IO '$iopadmap$ising_n16_gatemate.load_init' is unconstrained in CCF and will be automatically placed.
Info:     Constraining '$iopadmap$ising_n16_gatemate.load_init' to pad 'IO_WB_A8'.
Warning: IO '$iopadmap$ising_n16_gatemate.load_coupling' is unconstrained in CCF and will be automatically placed.
Info:     Constraining '$iopadmap$ising_n16_gatemate.load_coupling' to pad 'IO_EA_A8'.
Warning: IO '$iopadmap$ising_n16_gatemate.init_spins_9' is unconstrained in CCF and will be automatically placed.
Info:     Constraining '$iopadmap$ising_n16_gatemate.init_spins_9' to pad 'IO_WB_B8'.
Warning: IO '$iopadmap$ising_n16_gatemate.init_spins_8' is unconstrained in CCF and will be automatically placed.
Info:     Constraining '$iopadmap$ising_n16_gatemate.init_spins_8' to pad 'IO_EA_B8'.
Warning: IO '$iopadmap$ising_n16_gatemate.init_spins_7' is unconstrained in CCF and will be automatically placed.
Info:     Constraining '$iopadmap$ising_n16_gatemate.init_spins_7' to pad 'IO_WC_A0'.
Warning: IO '$iopadmap$ising_n16_gatemate.init_spins_6' is unconstrained in CCF and will be automatically placed.
Info:     Constraining '$iopadmap$ising_n16_gatemate.init_spins_6' to pad 'IO_EB_A0'.
Warning: IO '$iopadmap$ising_n16_gatemate.init_spins_5' is unconstrained in CCF and will be automatically placed.
Info:     Constraining '$iopadmap$ising_n16_gatemate.init_spins_5' to pad 'IO_WC_B0'.
Warning: IO '$iopadmap$ising_n16_gatemate.init_spins_4' is unconstrained in CCF and will be automatically placed.
Info:     Constraining '$iopadmap$ising_n16_gatemate.init_spins_4' to pad 'IO_EB_B0'.
Warning: IO '$iopadmap$ising_n16_gatemate.init_spins_3' is unconstrained in CCF and will be automatically placed.
Info:     Constraining '$iopadmap$ising_n16_gatemate.init_spins_3' to pad 'IO_WC_A1'.
Warning: IO '$iopadmap$ising_n16_gatemate.init_spins_2' is unconstrained in CCF and will be automatically placed.
Info:     Constraining '$iopadmap$ising_n16_gatemate.init_spins_2' to pad 'IO_EB_A1'.
Warning: IO '$iopadmap$ising_n16_gatemate.init_spins_15' is unconstrained in CCF and will be automatically placed.
Info:     Constraining '$iopadmap$ising_n16_gatemate.init_spins_15' to pad 'IO_WC_B1'.
Warning: IO '$iopadmap$ising_n16_gatemate.init_spins_14' is unconstrained in CCF and will be automatically placed.
Info:     Constraining '$iopadmap$ising_n16_gatemate.init_spins_14' to pad 'IO_EB_B1'.
Warning: IO '$iopadmap$ising_n16_gatemate.init_spins_13' is unconstrained in CCF and will be automatically placed.
Info:     Constraining '$iopadmap$ising_n16_gatemate.init_spins_13' to pad 'IO_WC_A2'.
Warning: IO '$iopadmap$ising_n16_gatemate.init_spins_12' is unconstrained in CCF and will be automatically placed.
Info:     Constraining '$iopadmap$ising_n16_gatemate.init_spins_12' to pad 'IO_EB_A2'.
Warning: IO '$iopadmap$ising_n16_gatemate.init_spins_11' is unconstrained in CCF and will be automatically placed.
Info:     Constraining '$iopadmap$ising_n16_gatemate.init_spins_11' to pad 'IO_WC_B2'.
Warning: IO '$iopadmap$ising_n16_gatemate.init_spins_10' is unconstrained in CCF and will be automatically placed.
Info:     Constraining '$iopadmap$ising_n16_gatemate.init_spins_10' to pad 'IO_EB_B2'.
Warning: IO '$iopadmap$ising_n16_gatemate.init_spins_1' is unconstrained in CCF and will be automatically placed.
Info:     Constraining '$iopadmap$ising_n16_gatemate.init_spins_1' to pad 'IO_WC_A3'.
Warning: IO '$iopadmap$ising_n16_gatemate.init_spins' is unconstrained in CCF and will be automatically placed.
Info:     Constraining '$iopadmap$ising_n16_gatemate.init_spins' to pad 'IO_EB_A3'.
Warning: IO '$iopadmap$ising_n16_gatemate.eta_q1_15_9' is unconstrained in CCF and will be automatically placed.
Info:     Constraining '$iopadmap$ising_n16_gatemate.eta_q1_15_9' to pad 'IO_WC_B3'.
Warning: IO '$iopadmap$ising_n16_gatemate.eta_q1_15_8' is unconstrained in CCF and will be automatically placed.
Info:     Constraining '$iopadmap$ising_n16_gatemate.eta_q1_15_8' to pad 'IO_EB_B3'.
Warning: IO '$iopadmap$ising_n16_gatemate.eta_q1_15_7' is unconstrained in CCF and will be automatically placed.
Info:     Constraining '$iopadmap$ising_n16_gatemate.eta_q1_15_7' to pad 'IO_WC_A4'.
Warning: IO '$iopadmap$ising_n16_gatemate.eta_q1_15_6' is unconstrained in CCF and will be automatically placed.
Info:     Constraining '$iopadmap$ising_n16_gatemate.eta_q1_15_6' to pad 'IO_EB_A4'.
Warning: IO '$iopadmap$ising_n16_gatemate.eta_q1_15_5' is unconstrained in CCF and will be automatically placed.
Info:     Constraining '$iopadmap$ising_n16_gatemate.eta_q1_15_5' to pad 'IO_WC_B4'.
Warning: IO '$iopadmap$ising_n16_gatemate.eta_q1_15_4' is unconstrained in CCF and will be automatically placed.
Info:     Constraining '$iopadmap$ising_n16_gatemate.eta_q1_15_4' to pad 'IO_EB_B4'.
Warning: IO '$iopadmap$ising_n16_gatemate.eta_q1_15_3' is unconstrained in CCF and will be automatically placed.
Info:     Constraining '$iopadmap$ising_n16_gatemate.eta_q1_15_3' to pad 'IO_WC_A5'.
Warning: IO '$iopadmap$ising_n16_gatemate.eta_q1_15_2' is unconstrained in CCF and will be automatically placed.
Info:     Constraining '$iopadmap$ising_n16_gatemate.eta_q1_15_2' to pad 'IO_EB_A5'.
Warning: IO '$iopadmap$ising_n16_gatemate.eta_q1_15_15' is unconstrained in CCF and will be automatically placed.
Info:     Constraining '$iopadmap$ising_n16_gatemate.eta_q1_15_15' to pad 'IO_WC_B5'.
Warning: IO '$iopadmap$ising_n16_gatemate.eta_q1_15_14' is unconstrained in CCF and will be automatically placed.
Info:     Constraining '$iopadmap$ising_n16_gatemate.eta_q1_15_14' to pad 'IO_EB_B5'.
Warning: IO '$iopadmap$ising_n16_gatemate.eta_q1_15_13' is unconstrained in CCF and will be automatically placed.
Info:     Constraining '$iopadmap$ising_n16_gatemate.eta_q1_15_13' to pad 'IO_WC_A6'.
Warning: IO '$iopadmap$ising_n16_gatemate.eta_q1_15_12' is unconstrained in CCF and will be automatically placed.
Info:     Constraining '$iopadmap$ising_n16_gatemate.eta_q1_15_12' to pad 'IO_EB_A6'.
Warning: IO '$iopadmap$ising_n16_gatemate.eta_q1_15_11' is unconstrained in CCF and will be automatically placed.
Info:     Constraining '$iopadmap$ising_n16_gatemate.eta_q1_15_11' to pad 'IO_WC_B6'.
Warning: IO '$iopadmap$ising_n16_gatemate.eta_q1_15_10' is unconstrained in CCF and will be automatically placed.
Info:     Constraining '$iopadmap$ising_n16_gatemate.eta_q1_15_10' to pad 'IO_EB_B6'.
Warning: IO '$iopadmap$ising_n16_gatemate.eta_q1_15_1' is unconstrained in CCF and will be automatically placed.
Info:     Constraining '$iopadmap$ising_n16_gatemate.eta_q1_15_1' to pad 'IO_WC_A7'.
Warning: IO '$iopadmap$ising_n16_gatemate.eta_q1_15' is unconstrained in CCF and will be automatically placed.
Info:     Constraining '$iopadmap$ising_n16_gatemate.eta_q1_15' to pad 'IO_EB_A7'.
Warning: IO '$iopadmap$ising_n16_gatemate.done' is unconstrained in CCF and will be automatically placed.
Info:     Constraining '$iopadmap$ising_n16_gatemate.done' to pad 'IO_WC_B7'.
Warning: IO '$iopadmap$ising_n16_gatemate.coupling_data_7' is unconstrained in CCF and will be automatically placed.
Info:     Constraining '$iopadmap$ising_n16_gatemate.coupling_data_7' to pad 'IO_EB_B7'.
Warning: IO '$iopadmap$ising_n16_gatemate.coupling_data_6' is unconstrained in CCF and will be automatically placed.
Info:     Constraining '$iopadmap$ising_n16_gatemate.coupling_data_6' to pad 'IO_WC_A8'.
Warning: IO '$iopadmap$ising_n16_gatemate.coupling_data_5' is unconstrained in CCF and will be automatically placed.
Info:     Constraining '$iopadmap$ising_n16_gatemate.coupling_data_5' to pad 'IO_EB_A8'.
Warning: IO '$iopadmap$ising_n16_gatemate.coupling_data_4' is unconstrained in CCF and will be automatically placed.
Info:     Constraining '$iopadmap$ising_n16_gatemate.coupling_data_4' to pad 'IO_WC_B8'.
Warning: IO '$iopadmap$ising_n16_gatemate.coupling_data_3' is unconstrained in CCF and will be automatically placed.
Info:     Constraining '$iopadmap$ising_n16_gatemate.coupling_data_3' to pad 'IO_EB_B8'.
Warning: IO '$iopadmap$ising_n16_gatemate.coupling_data_2' is unconstrained in CCF and will be automatically placed.
Info:     Constraining '$iopadmap$ising_n16_gatemate.coupling_data_2' to pad 'IO_NA_A0'.
Warning: IO '$iopadmap$ising_n16_gatemate.coupling_data_1' is unconstrained in CCF and will be automatically placed.
Info:     Constraining '$iopadmap$ising_n16_gatemate.coupling_data_1' to pad 'IO_NA_B0'.
Warning: IO '$iopadmap$ising_n16_gatemate.coupling_data' is unconstrained in CCF and will be automatically placed.
Info:     Constraining '$iopadmap$ising_n16_gatemate.coupling_data' to pad 'IO_NA_A1'.
Warning: IO '$iopadmap$ising_n16_gatemate.coupling_addr_7' is unconstrained in CCF and will be automatically placed.
Info:     Constraining '$iopadmap$ising_n16_gatemate.coupling_addr_7' to pad 'IO_NA_B1'.
Warning: IO '$iopadmap$ising_n16_gatemate.coupling_addr_6' is unconstrained in CCF and will be automatically placed.
Info:     Constraining '$iopadmap$ising_n16_gatemate.coupling_addr_6' to pad 'IO_NA_A2'.
Warning: IO '$iopadmap$ising_n16_gatemate.coupling_addr_5' is unconstrained in CCF and will be automatically placed.
Info:     Constraining '$iopadmap$ising_n16_gatemate.coupling_addr_5' to pad 'IO_NA_B2'.
Warning: IO '$iopadmap$ising_n16_gatemate.coupling_addr_4' is unconstrained in CCF and will be automatically placed.
Info:     Constraining '$iopadmap$ising_n16_gatemate.coupling_addr_4' to pad 'IO_NA_A3'.
Warning: IO '$iopadmap$ising_n16_gatemate.coupling_addr_3' is unconstrained in CCF and will be automatically placed.
Info:     Constraining '$iopadmap$ising_n16_gatemate.coupling_addr_3' to pad 'IO_NA_B3'.
Warning: IO '$iopadmap$ising_n16_gatemate.coupling_addr_2' is unconstrained in CCF and will be automatically placed.
Info:     Constraining '$iopadmap$ising_n16_gatemate.coupling_addr_2' to pad 'IO_NA_A4'.
Warning: IO '$iopadmap$ising_n16_gatemate.coupling_addr_1' is unconstrained in CCF and will be automatically placed.
Info:     Constraining '$iopadmap$ising_n16_gatemate.coupling_addr_1' to pad 'IO_NA_B4'.
Warning: IO '$iopadmap$ising_n16_gatemate.coupling_addr' is unconstrained in CCF and will be automatically placed.
Info:     Constraining '$iopadmap$ising_n16_gatemate.coupling_addr' to pad 'IO_NA_A5'.
Warning: IO '$iopadmap$ising_n16_gatemate.clk' is unconstrained in CCF and will be automatically placed.
Info:     Constraining '$iopadmap$ising_n16_gatemate.clk' to pad 'IO_NA_B5'.
Warning: IO '$iopadmap$ising_n16_gatemate.busy' is unconstrained in CCF and will be automatically placed.
Info:     Constraining '$iopadmap$ising_n16_gatemate.busy' to pad 'IO_NA_A6'.
Info: Insert clocking cells..
Info: Packing PLLs..
Info: Sort BUFGs..
Info: Packing BUFGs..
Info: Packing IO SELs..
Info: Packing misc..
Info: Packing RAMs..
Info: Packing SERDES..
Info: Packing multipliers...
Info:     Configuring '$mul$/home/ianblenke/github.com/ianblenke/carnot/hardware/gatemate/ising_n16_gatemate.v:101$268' as a 26-bit * 18-bit = 40-bit multiplier.
Info:         Created 176 CPEs.
Info: Packing ADDFs..
Info: Packing CPEs..
Info: Removing unused constants..
Info:     Removed unused VCC cell.
Info:     Removed unused GND cell.
Info: Fix cell assigned regions..
Info: Checksum: 0xa562ba19

Info: Device utilisation:
Info: 	            USR_RSTN:       0/      1     0%
Info: 	            CPE_COMP:      49/  20480     0%
Info: 	         CPE_CPLINES:      67/  20480     0%
Info: 	               IOSEL:     139/    162    85%
Info: 	                GPIO:     139/    162    85%
Info: 	               CLKIN:       1/      1   100%
Info: 	              GLBOUT:       1/      1   100%
Info: 	                 PLL:       0/      4     0%
Info: 	            CFG_CTRL:       0/      1     0%
Info: 	              SERDES:       0/      1     0%
Info: 	              CPE_LT:    4418/  40960    10%
Info: 	              CPE_FF:    2217/  40960     5%
Info: 	           CPE_RAMIO:      39/  40960     0%
Info: 	            RAM_HALF:       0/     64     0%

ERROR: Cell type 'CC_LUT3' is unsupported (instantiated as '$abc$16269$auto$blifparse.cc:557:parse_blif$16270').
139 warnings, 1 error
