============================= test session starts ==============================
platform linux -- Python 3.12.13, pytest-9.0.3, pluggy-1.6.0
rootdir: /home/ianblenke/github.com/ianblenke/carnot
configfile: pyproject.toml
plugins: xdist-3.8.0, jaxtyping-0.3.10, cov-7.1.0, hydra-core-1.3.3, anyio-4.13.0, hypothesis-6.155.2
collected 76161 items / 5 skipped

tests/python/agentic/test_arc_agi3_lp85_solver.py ......                 [  0%]
tests/python/agentic/test_arc_gap4_execution_verifier.py ..........      [  0%]
tests/python/agentic/test_arc_latent_registers.py ..                     [  0%]
tests/python/agentic/test_arc_object_identity_perception.py ...          [  0%]
tests/python/agentic/test_arc_pinductor.py ..                            [  0%]
tests/python/agentic/test_gap4_graded_execution_gate.py ......           [  0%]
tests/python/agentic/test_gap4_program_induction_stack.py .............. [  0%]
......                                                                   [  0%]
tests/python/autoresearch/test_experiment_3530_selectable_headroom.py .. [  0%]
.......................                                                  [  0%]
tests/python/autoresearch/test_experiment_3531_energy_vs_sc_headroom.py . [  0%]
............................................                             [  0%]
tests/python/autoresearch/test_p01_difficulty_matched_corpus_3483.py ... [  0%]
................                                                         [  0%]
tests/python/autoresearch/test_p01_difficulty_matched_corpus_3496.py ... [  0%]
.........................                                                [  0%]
tests/python/carnot/fr11/test_conservative_default_deploy_nondegenerate_corpus_v3.py . [  0%]
..                                                                       [  0%]
tests/python/carnot/phase3/test_nrgpt_stub.py ..                         [  0%]
tests/python/carnot/training/test_ebft_trainer.py ........               [  0%]
tests/python/carnot/verify/test_nexus_constraint_memory.py ....          [  0%]
tests/python/carnot/verify/test_verifier_ensemble_diversity.py ......... [  0%]
.....................                                                    [  0%]
tests/python/cem/test_decomposition.py .                                 [  0%]
tests/python/eval/test_experiment_1629.py ....                           [  0%]
tests/python/eval/test_experiment_3835.py ...                            [  0%]
tests/python/eval/test_final_phase18_eval.py ..                          [  0%]
tests/python/eval/test_four_delta_bound.py ...                           [  0%]
tests/python/experiments/test_experiment_3822.py ....                    [  0%]
tests/python/fr11/test_adaptive_online_beta_robust_default_v1.py ....... [  0%]
......                                                                   [  0%]
tests/python/fr11/test_beta_min_lambda_min_predictive_law_v1.py ........ [  0%]
............................................                             [  0%]
tests/python/fr11/test_closed_loop_beta_law_deployment_v1.py ........... [  0%]
.............                                                            [  0%]
tests/python/fr11/test_grounding_collapse_clean_rerun_v2.py ............ [  0%]
..........................                                               [  0%]
tests/python/fr11/test_grounding_collapse_depth_stress_v3.py ........... [  0%]
........................................                                 [  0%]
tests/python/fr11/test_grounding_collapse_stress_test.py ............... [  0%]
..............                                                           [  0%]
tests/python/fr11/test_minimal_beta_grounding_v4.py .................... [  0%]
..................................                                       [  0%]
tests/python/fr11/test_tier3_jepa.py ...                                 [  0%]
tests/python/games/test_connect_four.py ..........                       [  0%]
tests/python/games/test_hex.py ......                                    [  0%]
tests/python/hardware/test_gatemate_axi.py .                             [  0%]
tests/python/hardware/test_gatemate_detect_3443.py ...........           [  0%]
tests/python/hardware/test_gatemate_detect_3454.py .............         [  0%]
tests/python/hardware/test_gatemate_detect_3466.py .............         [  0%]
tests/python/hardware/test_gatemate_detect_3478.py .............         [  0%]
tests/python/hardware/test_kv260_latency_benchmark_3350.py ....          [  0%]
tests/python/hardware/test_polarfire_reachability_audit_3422.py .......  [  0%]
tests/python/hardware/test_polarfire_reachability_audit_3433.py ........ [  0%]
.                                                                        [  0%]
tests/python/hardware/test_polarfire_reachability_audit_3444.py ........ [  0%]
.                                                                        [  0%]
tests/python/hardware/test_polarfire_reachability_audit_3467.py ........ [  0%]
.                                                                        [  0%]
tests/python/hardware/test_polarfire_reachability_audit_3479.py ........ [  0%]
.                                                                        [  0%]
tests/python/hardware/test_polarfire_reachability_audit_3558.py ........ [  0%]
....                                                                     [  0%]
tests/python/hardware/test_polarfire_reachability_audit_3569.py ........ [  0%]
....                                                                     [  0%]
tests/python/inference/test_consformer_sampler.py .                      [  0%]
tests/python/inference/test_diffusion_of_thought.py .......              [  0%]
tests/python/inference/test_diffusion_of_thought_v2.py ................. [  0%]
.....                                                                    [  0%]
tests/python/inference/test_gcot_samplers.py ....                        [  0%]
tests/python/inference/test_hiled_simulator_1869.py ..                   [  0%]
tests/python/inference/test_hw_dab.py ..                                 [  0%]
tests/python/inference/test_negative_constraints_1956.py ......          [  0%]
tests/python/inference/test_run_csp.py .....                             [  0%]
tests/python/models/gibbs/test_hardnet.py ..                             [  0%]
tests/python/models/gibbs/test_igd_sampler.py .                          [  0%]
tests/python/models/ising/test_kagnn.py ...                              [  0%]
tests/python/models/test_cikan_reg.py ....                               [  0%]
tests/python/models/test_cikan_verifier.py .....                         [  0%]
tests/python/models/test_compositional_energy.py .                       [  0%]
tests/python/models/test_ebrm_sampler.py .                               [  0%]
tests/python/models/test_ebt_bridge.py .                                 [  0%]
tests/python/models/test_ebt_gradient_refinement.py .                    [  0%]
tests/python/models/test_ebt_layer.py .                                  [  0%]
tests/python/models/test_ebt_reasoning_bridge.py .                       [  0%]
tests/python/models/test_hardnet_layer.py ...                            [  0%]
tests/python/models/test_hrm_verifier.py ..                              [  0%]
tests/python/models/test_kaem.py ..                                      [  0%]
tests/python/models/test_kona_ebrm.py .                                  [  0%]
tests/python/models/test_prem.py ....                                    [  0%]
tests/python/phase3/test_active_inference_pilot.py .......               [  0%]
tests/python/phase3/test_eqm_landscape.py ..                             [  0%]
tests/python/phase3/test_eqm_memory.py .                                 [  0%]
tests/python/phase3/test_exp3575_discriminating_value.py .....           [  0%]
tests/python/phase3/test_experiment_3529_sudoku_discriminating_tier.py . [  0%]
......................................                                   [  1%]
tests/python/phase3/test_experiment_3532.py ............................ [  1%]
.                                                                        [  1%]
tests/python/phase3/test_experiment_3543.py ...............              [  1%]
tests/python/phase3/test_graph_coloring_ising.py ....................... [  1%]
...............                                                          [  1%]
tests/python/phase3/test_headroom_hybrid_verifier_vs_sc_v3.py .......... [  1%]
...                                                                      [  1%]
tests/python/phase3/test_kona_trained_energy_hybrid.py ................. [  1%]
....                                                                     [  1%]
tests/python/phase3/test_lagrangian_optimizer.py ...                     [  1%]
tests/python/phase3/test_nrgpt_per_token.py .....                        [  1%]
tests/python/phase3/test_p01_energy_correctness_calibration.py ......... [  1%]
...............                                                          [  1%]
tests/python/phase3/test_p01_headroom_corpus.py ........................ [  1%]
..................                                                       [  1%]
tests/python/phase3/test_p01_step_aggregation.py ....................... [  1%]
......                                                                   [  1%]
tests/python/phase3/test_pem_composition.py ..                           [  1%]
tests/python/phase3/test_phase3_compositional_energy.py ..               [  1%]
tests/python/phase3/test_phase4_stronger_baseline.py ................    [  1%]
tests/python/phase3/test_sudoku_discrete_sa.py ......................... [  1%]
....                                                                     [  1%]
tests/python/phase5/test_adversarial_probe.py ........................   [  1%]
tests/python/phase5/test_insitu_prototype.py ........................... [  1%]
.....                                                                    [  1%]
tests/python/phase5/test_insitu_training_loop.py ....................... [  1%]
............                                                             [  1%]
tests/python/phase5/test_intermediate_scale_v3.py .....                  [  1%]
tests/python/pipeline/test_balance_ratio.py ...                          [  1%]
tests/python/pipeline/test_cas_constraint_update.py ................     [  1%]
tests/python/pipeline/test_casal_tier.py .                               [  1%]
tests/python/pipeline/test_clr_bridge.py .                               [  1%]
tests/python/pipeline/test_dynamic_eidoku.py ....                        [  1%]
tests/python/pipeline/test_experiment_1751_symbolic_kan_integration.py . [  1%]
.                                                                        [  1%]
tests/python/pipeline/test_experiment_2064_audit.py ....                 [  1%]
tests/python/pipeline/test_fail_fast.py ...                              [  1%]
tests/python/pipeline/test_formal_orchestrator.py ..                     [  1%]
tests/python/pipeline/test_interwhen_integration.py ........             [  1%]
tests/python/pipeline/test_interwhen_token_monitor.py .................. [  1%]
...............                                                          [  1%]
tests/python/pipeline/test_jepa_fast_path.py ..................          [  1%]
tests/python/pipeline/test_jepa_fast_path_eval.py ...                    [  1%]
tests/python/pipeline/test_kinetic_fst_sampler.py .                      [  1%]
tests/python/pipeline/test_mch_fst_filter.py ..                          [  1%]
tests/python/pipeline/test_nco_decoder.py .                              [  1%]
tests/python/pipeline/test_nexus_grounding.py ...                        [  1%]
tests/python/pipeline/test_odar_routing.py ...                           [  1%]
tests/python/pipeline/test_topological_verifier.py ..                    [  1%]
tests/python/pipeline/test_verify_repair_hardnet.py ...                  [  1%]
tests/python/pipeline/test_wahkon_rkhs.py .                              [  1%]
tests/python/reporting/test_archive_v316_v317_activate_v318_3447.py .... [  1%]
..........                                                               [  1%]
tests/python/reporting/test_archive_v319_activate_v320_3470.py ......... [  1%]
..........                                                               [  1%]
tests/python/reporting/test_archive_v320_activate_v321_3482.py ......... [  1%]
...........                                                              [  1%]
tests/python/reporting/test_capstone_v269_2842.py ...................... [  1%]
.......                                                                  [  1%]
tests/python/reporting/test_capstone_v270_2860.py ...................... [  1%]
...............................                                          [  1%]
tests/python/reporting/test_capstone_v318_3457.py ...................... [  1%]
.s                                                                       [  1%]
tests/python/reporting/test_capstone_v319_3469.py ...................... [  1%]
.........                                                                [  1%]
tests/python/reporting/test_capstone_v320_3481.py ....................   [  1%]
tests/python/reporting/test_capstone_v322_3503.py ....................   [  1%]
tests/python/reporting/test_capstone_v323_3514.py ...................... [  1%]
                                                                         [  1%]
tests/python/reporting/test_capstone_v325_3538.py ...................... [  1%]
......                                                                   [  2%]
tests/python/reporting/test_capstone_v327_3560.py ...                    [  2%]
tests/python/reporting/test_experiment_3423_gate_synthesis.py .......... [  2%]
...............                                                          [  2%]
tests/python/reporting/test_experiment_3456_gate_synthesis_v318.py ..... [  2%]
......................                                                   [  2%]
tests/python/reporting/test_experiment_3468_gate_synthesis_v319.py ..... [  2%]
...............................                                          [  2%]
tests/python/reporting/test_experiment_3480_gate_synthesis_v320.py ..... [  2%]
..................................                                       [  2%]
tests/python/reporting/test_milestone_retro_141.py ..                    [  2%]
tests/python/reporting/test_milestone_retro_142.py ..                    [  2%]
tests/python/reporting/test_milestone_retro_163.py ..                    [  2%]
tests/python/reporting/test_operational_retro_194.py .                   [  2%]
tests/python/reporting/test_paper_v6_capstone_2528.py ..............     [  2%]
tests/python/reporting/test_paper_v6_capstone_2541.py .................. [  2%]
                                                                         [  2%]
tests/python/samplers/test_clut_backend.py ...........                   [  2%]
tests/python/samplers/test_clut_random_variate.py ..........             [  2%]
tests/python/samplers/test_continuous_latent.py ................         [  2%]
tests/python/samplers/test_de_psgld.py .                                 [  2%]
tests/python/samplers/test_dikin_langevin.py .                           [  2%]
tests/python/samplers/test_dtm.py ...                                    [  2%]
tests/python/samplers/test_dtm_sampler.py ....                           [  2%]
tests/python/samplers/test_dtm_stub.py .........                         [  2%]
tests/python/samplers/test_flow_sampling.py .                            [  2%]
tests/python/samplers/test_interleaved_gibbs_diffusion.py ......         [  2%]
tests/python/samplers/test_kinetic_langevin.py ...                       [  2%]
tests/python/samplers/test_knuth_yao.py ..........                       [  2%]
tests/python/samplers/test_langevin_cbf.py ..                            [  2%]
tests/python/samplers/test_langevin_clock.py .                           [  2%]
tests/python/samplers/test_mode_jump_rust_backend.py ................... [  2%]
...........                                                              [  2%]
tests/python/samplers/test_neuroring_ising.py ..                         [  2%]
tests/python/samplers/test_one_axis_rust_backend.py .................... [  2%]
.......                                                                  [  2%]
tests/python/samplers/test_spectral_k_block.py ...........               [  2%]
tests/python/samplers/test_thermo_init.py .                              [  2%]
tests/python/samplers/test_thrml_carnot_parity_curie_weiss_v3.py ...     [  2%]
tests/python/samplers/test_thrml_parity_1850.py ...                      [  2%]
tests/python/samplers/test_tsu_dtm_parity.py ..                          [  2%]
tests/python/samplers/test_tsu_sampler.py ..                             [  2%]
tests/python/test_1746_tpr_collapse_diagnosis.py ...                     [  2%]
tests/python/test_ab_tool_transport_flag.py ...                          [  2%]
tests/python/test_abstention_http_rest_3801.py ........                  [  2%]
tests/python/test_abstention_http_rest_3810.py ..                        [  2%]
tests/python/test_actfocus.py ..                                         [  2%]
tests/python/test_adamflip.py ...                                        [  2%]
tests/python/test_adapter_replay_flag.py ......                          [  2%]
tests/python/test_adaptive.py .......................                    [  2%]
tests/python/test_adaptive_ising.py ......                               [  2%]
tests/python/test_adaptive_kan.py ...................................... [  2%]
.............                                                            [  2%]
tests/python/test_adaptive_sleep.py ..............                       [  2%]
tests/python/test_adaptive_thresholds.py ............................... [  2%]
.............                                                            [  2%]
tests/python/test_adaptrack_repairer.py ...............                  [  2%]
tests/python/test_admission_horizon_methods_8152.py .................... [  2%]
                                                                         [  2%]
tests/python/test_admission_opportunity_8063.py ............             [  2%]
tests/python/test_adversarial_benchmark_result.py ...................... [  2%]
.                                                                        [  2%]
tests/python/test_adversarial_gsm8k.py ................................. [  2%]
..............................                                           [  2%]
tests/python/test_adversarial_micro.py ............................      [  2%]
tests/python/test_adversarial_v2_result.py ........                      [  2%]
tests/python/test_adversarial_v3_result.py ...............               [  2%]
tests/python/test_adversarial_v4.py .......................              [  2%]
tests/python/test_adversarial_v5_result.py ..................            [  2%]
tests/python/test_adversarial_verify_absent_duration_2026_07_30.py ..... [  2%]
.......                                                                  [  2%]
tests/python/test_adversarial_verify_arc_no_llm_floor_2026_07_30.py .... [  2%]
....E                                                                    [  2%]
tests/python/test_adversarial_verify_arc_self_solve.py ..............    [  2%]
tests/python/test_adversarial_verify_baseline_identity_tautology.py .... [  2%]
.....                                                                    [  3%]
tests/python/test_adversarial_verify_blocked_verdict_duration_exemption.py . [  3%]
...............                                                          [  3%]
tests/python/test_adversarial_verify_carveout_hardening.py .....         [  3%]
tests/python/test_adversarial_verify_claim_provenance_6974.py .......... [  3%]
.....                                                                    [  3%]
tests/python/test_adversarial_verify_constraint_routing_stream_substrate.py . [  3%]
...                                                                      [  3%]
tests/python/test_adversarial_verify_control_treatment_null.py ........  [  3%]
tests/python/test_adversarial_verify_degenerate_controls.py ....         [  3%]
tests/python/test_adversarial_verify_degenerate_separation.py ...        [  3%]
tests/python/test_adversarial_verify_deterministic_smt_hint_validation_substrate.py . [  3%]
......                                                                   [  3%]
tests/python/test_adversarial_verify_exact_source_fixture_7158.py F.     [  3%]
tests/python/test_adversarial_verify_exp5895_no_llm_substrate.py ...     [  3%]
tests/python/test_adversarial_verify_flips_gate_word_boundary.py ....... [  3%]
....                                                                     [  3%]
tests/python/test_adversarial_verify_guards.py ......................... [  3%]
........................................................                 [  3%]
tests/python/test_adversarial_verify_hardening_4611.py .........         [  3%]
tests/python/test_adversarial_verify_hardening_4623.py ........          [  3%]
tests/python/test_adversarial_verify_hardening_4635.py ..........        [  3%]
tests/python/test_adversarial_verify_hardening_4647.py ...........       [  3%]
tests/python/test_adversarial_verify_hardening_4659.py .............     [  3%]
tests/python/test_adversarial_verify_hardening_4671.py ...........       [  3%]
tests/python/test_adversarial_verify_hardening_4683.py ..........        [  3%]
tests/python/test_adversarial_verify_hardening_4695.py ..........        [  3%]
tests/python/test_adversarial_verify_hardening_4707.py ...........       [  3%]
tests/python/test_adversarial_verify_lever_exercise_evidence.py ........ [  3%]
                                                                         [  3%]
tests/python/test_adversarial_verify_llm_embedding_extraction_substrate.py . [  3%]
........                                                                 [  3%]
tests/python/test_adversarial_verify_local_sota_gguf_small_n_substrate.py . [  3%]
.........                                                                [  3%]
tests/python/test_adversarial_verify_log_analysis_local_timing_substrate.py . [  3%]
........                                                                 [  3%]
tests/python/test_adversarial_verify_moat_claim_rigor.py .........       [  3%]
tests/python/test_adversarial_verify_moat_rigor_vocabulary_20260905.py . [  3%]
................                                                         [  3%]
tests/python/test_adversarial_verify_native_gguf_backend_bisect_substrate.py . [  3%]
......                                                                   [  3%]
tests/python/test_adversarial_verify_nested_wall_clock_tautology.py .... [  3%]
..                                                                       [  3%]
tests/python/test_adversarial_verify_no_llm_name_rule_6593.py .......... [  3%]
.......                                                                  [  3%]
tests/python/test_adversarial_verify_principle_wrapped_fields.py ....... [  3%]
...                                                                      [  3%]
tests/python/test_adversarial_verify_qa_layer_missed_inputs_2026_08_23.py . [  3%]
................................                                         [  3%]
tests/python/test_adversarial_verify_substrate_class_20260905.py ....... [  3%]
.....                                                                    [  3%]
tests/python/test_adversarial_verify_substrate_classification_5933.py .. [  3%]
...............                                                          [  3%]
tests/python/test_adversarial_verify_typed_field_values.py .........     [  3%]
tests/python/test_adversarial_verify_web_bibliographic_search_only_substrate.py . [  3%]
............                                                             [  3%]
tests/python/test_agent_model_coercion.py ........                       [  3%]
tests/python/test_agent_plan_usage.py ...........                        [  3%]
tests/python/test_agentic.py .....................                       [  3%]
tests/python/test_aggregation_metadata_corrigendum_2924.py ........      [  3%]
tests/python/test_alpha_t_trajectory.py ..                               [  3%]
tests/python/test_alps.py .                                              [  3%]
tests/python/test_analyze_arc_scored_path_budget_sweep.py .............. [  3%]
....                                                                     [  3%]
tests/python/test_analyze_scored_path_lever_ab.py ...................... [  3%]
............................                                             [  3%]
tests/python/test_and_compose_k5.py ......                               [  3%]
tests/python/test_anomaly_escalation_advisory_3809.py .................. [  3%]
....                                                                     [  3%]
tests/python/test_anomaly_escalation_classifier.py ..............        [  3%]
tests/python/test_arc3_gap3_stage2_ebm.py ......                         [  3%]
tests/python/test_arc3_gap3_stage2v2_ebm.py .....                        [  3%]
tests/python/test_arc3_gap4_rule_exec.py ..........                      [  3%]
tests/python/test_arc3_live_submit_claimed.py .....                      [  3%]
tests/python/test_arc3_live_submit_warmup_games.py ...                   [  3%]
tests/python/test_arc_action_provenance.py ......................        [  3%]
tests/python/test_arc_action_provenance_10016.py ..                      [  3%]
tests/python/test_arc_action_provenance_census.py ...............        [  3%]
tests/python/test_arc_actions_to_progress.py .....................       [  3%]
tests/python/test_arc_active_probe.py ...                                [  3%]
tests/python/test_arc_active_reward_machine_frontier.py .......          [  3%]
tests/python/test_arc_adapter_depth.py ssssss                            [  3%]
tests/python/test_arc_agi3_harness.py ........                           [  3%]
tests/python/test_arc_agi3_world_model.py .......                        [  3%]
tests/python/test_arc_artifact_debt_ratchet.py .

==================================== ERRORS ====================================
_ ERROR at teardown of test_no_artifact_on_disk_is_newly_flagged_by_closing_this_hole _
Memory leak: +1409MB

During handling of the above exception, another exception occurred:
Memory leak: +1409MB
=================================== FAILURES ===================================
____ test_req_verify_7158_exact_source_fixture_has_no_model_duration_floor _____

    def test_req_verify_7158_exact_source_fixture_has_no_model_duration_floor() -> None:
        """REQ-VERIFY-7158 classifies deterministic construction as tiny CPU work."""
    
        artifact = {
            "inference_substrate": "exact_source_fixture_construction",
            "inference_substrate_class": "cpu_exact_solver_or_simulator",
            "execution_venue": "host",
            "duration_s": 0.1,
            "verifier_is_oracle": False,
            "verdict_class": "positive",
            "honest_verdict": "complete_positive_counterfactual_fixture_ready_no_verifier_value_claim",
            "random_seed": 7_158_202_609_09,
            "reproducibility_checksum": "sha256:fixture",
            "rows": [{"fixture_id": "eef-example", "condition": "supported"}],
        }
        floor = av.duration_floor_for_artifact(artifact)
>       assert floor == {
            "substrate": "exact_source_fixture_construction",
            "min_duration_s": av.DETERMINISTIC_VERIFIER_MIN_DURATION_S,
            "reason": "deterministic_verifier",
        }
E       AssertionError: assert {'min_duratio...or_simulator'} == {'min_duratio...construction'}
E         
E         Omitting 1 identical items, use -vv to show
E         Differing items:
E         {'reason': 'substrate_class'} != {'reason': 'deterministic_verifier'}
E         {'substrate': 'cpu_exact_solver_or_simulator'} != {'substrate': 'exact_source_fixture_construction'}
E         Use -v to get more diff

tests/python/test_adversarial_verify_exact_source_fixture_7158.py:27: AssertionError
=============================== warnings summary ===============================
python/carnot/extraction/coace_extractor.py:122
  /home/ianblenke/github.com/ianblenke/carnot/python/carnot/extraction/coace_extractor.py:122: DeprecationWarning: ast.Num is deprecated and will be removed in Python 3.14; use ast.Constant instead
    if hasattr(ast, "Num"):

python/carnot/autoresearch/transpile.py:58
  /home/ianblenke/github.com/ianblenke/carnot/python/carnot/autoresearch/transpile.py:58: PytestCollectionWarning: cannot collect test class 'TestVector' because it has a __init__ constructor (from: tests/python/test_autoresearch_transpile.py)
    @dataclass

python/carnot/autoresearch/transpile.py:75
  /home/ianblenke/github.com/ianblenke/carnot/python/carnot/autoresearch/transpile.py:75: PytestCollectionWarning: cannot collect test class 'TestVectorSet' because it has a __init__ constructor (from: tests/python/test_autoresearch_transpile.py)
    @dataclass

tests/python/test_energy_premise_v3_3437.py:26
  /home/ianblenke/github.com/ianblenke/carnot/tests/python/test_energy_premise_v3_3437.py:26: PytestUnknownMarkWarning: Unknown pytest.mark.kona - is this a typo?  You can register custom marks to avoid this warning - for details, see https://docs.pytest.org/en/stable/how-to/mark.html
    pytestmark = pytest.mark.kona

.venv/lib/python3.12/site-packages/torch/jit/_script.py:365: 14 warnings
  /home/ianblenke/github.com/ianblenke/carnot/.venv/lib/python3.12/site-packages/torch/jit/_script.py:365: DeprecationWarning: `torch.jit.script_method` is deprecated. Please switch to `torch.compile` or `torch.export`.
    warnings.warn(

tests/python/test_respawn_queue.py:68
  /home/ianblenke/github.com/ianblenke/carnot/tests/python/test_respawn_queue.py:68: PytestUnknownMarkWarning: Unknown pytest.mark.no_cov - is this a typo?  You can register custom marks to avoid this warning - for details, see https://docs.pytest.org/en/stable/how-to/mark.html
    @pytest.mark.no_cov

tests/python/test_respawn_queue.py:97
  /home/ianblenke/github.com/ianblenke/carnot/tests/python/test_respawn_queue.py:97: PytestUnknownMarkWarning: Unknown pytest.mark.no_cov - is this a typo?  You can register custom marks to avoid this warning - for details, see https://docs.pytest.org/en/stable/how-to/mark.html
    @pytest.mark.no_cov

python/carnot/verify/python_types.py:305
  /home/ianblenke/github.com/ianblenke/carnot/python/carnot/verify/python_types.py:305: PytestCollectionWarning: cannot collect test class 'TestPassConstraint' because it has a __init__ constructor (from: tests/python/test_verify_python_types.py)
    class TestPassConstraint(BaseConstraint):

tests/python/models/gibbs/test_igd_sampler.py::test_igd_sampler_sweep
  /home/ianblenke/github.com/ianblenke/carnot/.venv/lib/python3.12/site-packages/jax/_src/ops/scatter.py:104: FutureWarning: scatter inputs have incompatible types: cannot safely cast value from dtype=int64 to dtype=int32 with jax_numpy_dtype_promotion=standard. In future JAX releases this will result in an error.
    warnings.warn(

tests/python/test_adaptive_kan.py: 10 warnings
  /home/ianblenke/github.com/ianblenke/carnot/python/carnot/models/adaptive_kan.py:661: DeprecationWarning: datetime.datetime.utcnow() is deprecated and scheduled for removal in a future version. Use timezone-aware objects to represent datetimes in UTC: datetime.datetime.now(datetime.UTC).
    "timestamp": datetime.datetime.utcnow().isoformat() + "Z",

-- Docs: https://docs.pytest.org/en/stable/how-to/capture-warnings.html
=========================== short test summary info ============================
FAILED tests/python/test_adversarial_verify_exact_source_fixture_7158.py::test_req_verify_7158_exact_source_fixture_has_no_model_duration_floor
ERROR tests/python/test_adversarial_verify_arc_no_llm_floor_2026_07_30.py::test_no_artifact_on_disk_is_newly_flagged_by_closing_this_hole
!!!!!!!!!!!!!!!!!!!!!!!!!!!!!! KeyboardInterrupt !!!!!!!!!!!!!!!!!!!!!!!!!!!!!!!
<frozen codecs>:322: KeyboardInterrupt
(to show a full traceback on KeyboardInterrupt use --full-trace)
= 1 failed, 2999 passed, 12 skipped, 32 warnings, 1 error in 1039.37s (0:17:19) =
