============================= test session starts ==============================
platform linux -- Python 3.12.13, pytest-9.0.3, pluggy-1.6.0 -- /home/ianblenke/github.com/ianblenke/carnot/.venv/bin/python
cachedir: .pytest_cache
hypothesis profile 'default'
rootdir: /home/ianblenke/github.com/ianblenke/carnot
configfile: pyproject.toml
plugins: xdist-3.8.0, jaxtyping-0.3.10, cov-7.1.0, hydra-core-1.3.3, anyio-4.13.0, hypothesis-6.155.2
collecting ... collected 12 items

tests/python/test_primary_publication_7928.py::test_nested_reports_and_terminal_revalidation PASSED [  8%]
tests/python/test_primary_publication_7928.py::test_legacy_shadow_is_required_negative PASSED [ 16%]
tests/python/test_primary_publication_7928.py::test_validation_rejects_unsafe_primary[mutation0-producer_identity] PASSED [ 25%]
tests/python/test_primary_publication_7928.py::test_validation_rejects_unsafe_primary[mutation1-producer_identity] PASSED [ 33%]
tests/python/test_primary_publication_7928.py::test_validation_rejects_unsafe_primary[mutation2-terminal_verdict] PASSED [ 41%]
tests/python/test_primary_publication_7928.py::test_validation_rejects_unsafe_primary[mutation3-terminal_verdict] PASSED [ 50%]
tests/python/test_primary_publication_7928.py::test_validation_rejects_unsafe_primary[mutation4-unsafe_readiness] PASSED [ 58%]
tests/python/test_primary_publication_7928.py::test_validation_rejects_unsafe_primary[mutation5-unsafe_readiness] PASSED [ 66%]
tests/python/test_primary_publication_7928.py::test_validation_rejects_unsafe_primary[mutation6-unsafe_readiness] PASSED [ 75%]
tests/python/test_primary_publication_7928.py::test_invalid_names_shapes_and_failed_validator PASSED [ 83%]
tests/python/test_primary_publication_7928.py::test_conflicts_stale_hashes_and_concurrent_replacement PASSED [ 91%]
tests/python/test_primary_publication_7928.py::test_real_readers_missing_malformed_disqualified_absent PASSED [100%]

============================== 12 passed in 2.30s ==============================
