============================= test session starts ==============================
platform linux -- Python 3.12.13, pytest-9.0.3, pluggy-1.6.0 -- /home/ianblenke/github.com/ianblenke/carnot/.venv/bin/python
cachedir: .pytest_cache
hypothesis profile 'default'
rootdir: /home/ianblenke/github.com/ianblenke/carnot
configfile: pyproject.toml
plugins: xdist-3.8.0, jaxtyping-0.3.10, cov-7.1.0, hydra-core-1.3.3, anyio-4.13.0, hypothesis-6.155.2
collecting ... collected 14 items

tests/python/test_arc_outcome_delta_8229.py::test_unchanged_empty_missing_and_changed PASSED [  7%]
tests/python/test_arc_outcome_delta_8229.py::test_environment_metrics_and_overlap PASSED [ 14%]
tests/python/test_arc_outcome_delta_8229.py::test_original_provenance_and_frontier_duplicates PASSED [ 21%]
tests/python/test_arc_outcome_delta_8229.py::test_real_cli_replay_and_failure_paths PASSED [ 28%]
tests/python/test_arc_outcome_delta_8229.py::test_owned_checks_coverage_and_replay PASSED [ 35%]
tests/python/test_arc_outcome_delta_8229.py::test_authority_operand_failures[json] PASSED [ 42%]
tests/python/test_arc_outcome_delta_8229.py::test_authority_operand_failures[list] PASSED [ 50%]
tests/python/test_arc_outcome_delta_8229.py::test_authority_operand_failures[oversized] PASSED [ 57%]
tests/python/test_arc_outcome_delta_8229.py::test_authority_operand_failures[sidecar] PASSED [ 64%]
tests/python/test_arc_outcome_delta_8229.py::test_authority_operand_failures[foreign] PASSED [ 71%]
tests/python/test_arc_outcome_delta_8229.py::test_authority_operand_failures[prior_hash] PASSED [ 78%]
tests/python/test_arc_outcome_delta_8229.py::test_authority_operand_failures[producer] PASSED [ 85%]
tests/python/test_arc_outcome_delta_8229.py::test_authority_operand_failures[registry] PASSED [ 92%]
tests/python/test_arc_outcome_delta_8229.py::test_named_preconditions_and_default_cli PASSED [100%]

=============================== warnings summary ===============================
python/carnot/extraction/coace_extractor.py:122
  /home/ianblenke/github.com/ianblenke/carnot/python/carnot/extraction/coace_extractor.py:122: DeprecationWarning: ast.Num is deprecated and will be removed in Python 3.14; use ast.Constant instead
    if hasattr(ast, "Num"):

-- Docs: https://docs.pytest.org/en/stable/how-to/capture-warnings.html
======================== 14 passed, 1 warning in 46.01s ========================
