
*** Running vivado
    with args -log carnot_ising_bd_ising_sampler_0_0.vds -m64 -product Vivado -mode batch -messageDb vivado.pb -notrace -source carnot_ising_bd_ising_sampler_0_0.tcl


****** Vivado v2025.2.1 (64-bit)
  **** SW Build 6403652 on Thu Mar 19 13:47:00 MDT 2026
  **** IP Build 6403511 on Thu Mar 19 12:41:45 MDT 2026
  **** SharedData Build 6403650 on Thu Mar 19 14:02:13 MDT 2026
  **** Start of session at: Wed Apr 22 19:02:46 2026
    ** Copyright 1986-2022 Xilinx, Inc. All Rights Reserved.
    ** Copyright 2022-2026 Advanced Micro Devices, Inc. All Rights Reserved.

source carnot_ising_bd_ising_sampler_0_0.tcl -notrace
create_project: Time (s): cpu = 00:00:17 ; elapsed = 00:00:05 . Memory (MB): peak = 1591.602 ; gain = 81.059 ; free physical = 15504 ; free virtual = 291958
INFO: [IP_Flow 19-234] Refreshing IP repositories
INFO: [IP_Flow 19-1704] No user IP repositories specified
INFO: [IP_Flow 19-2313] Loaded Vivado IP repository '/tools/Xilinx/2025.2.1/data/ip'.
Command: synth_design -top carnot_ising_bd_ising_sampler_0_0 -part xck26-sfvc784-2LV-c -incremental_mode off -mode out_of_context
Starting synth_design
Attempting to get a license for feature 'Synthesis' and/or device 'xck26'
INFO: [Common 17-349] Got license for feature 'Synthesis' and/or device 'xck26'
INFO: [Device 21-403] Loading part xck26-sfvc784-2LV-c
INFO: [Synth 8-7079] Multithreading enabled for synth_design using a maximum of 7 processes.
INFO: [Synth 8-7078] Launching helper process for spawning children vivado processes
INFO: [Synth 8-7075] Helper process launched with PID 424352
---------------------------------------------------------------------------------
Starting RTL Elaboration : Time (s): cpu = 00:00:09 ; elapsed = 00:00:09 . Memory (MB): peak = 2759.031 ; gain = 151.688 ; free physical = 8203 ; free virtual = 284677
---------------------------------------------------------------------------------
INFO: [Synth 8-6157] synthesizing module 'carnot_ising_bd_ising_sampler_0_0' [/home/ianblenke/github.com/ianblenke/carnot/output/carnot_ising_bd/project/carnot_ising.gen/sources_1/bd/carnot_ising_bd/ip/carnot_ising_bd_ising_sampler_0_0/synth/carnot_ising_bd_ising_sampler_0_0.v:53]
INFO: [Synth 8-6157] synthesizing module 'ising_sampler_128_sync' [/home/ianblenke/github.com/ianblenke/carnot/hardware/kv260/minimal_axi_responder.v:36]
	Parameter N_SPINS bound to: 32 - type: integer 
	Parameter MAX_DEGREE bound to: 8 - type: integer 
	Parameter Q88_BITS bound to: 16 - type: integer 
	Parameter Q88_FRAC bound to: 8 - type: integer 
	Parameter N_STEPS bound to: 1000 - type: integer 
	Parameter C_S_AXI_DATA_WIDTH bound to: 32 - type: integer 
	Parameter C_S_AXI_ADDR_WIDTH bound to: 17 - type: integer 
INFO: [Synth 8-6155] done synthesizing module 'ising_sampler_128_sync' (0#1) [/home/ianblenke/github.com/ianblenke/carnot/hardware/kv260/minimal_axi_responder.v:36]
INFO: [Synth 8-6155] done synthesizing module 'carnot_ising_bd_ising_sampler_0_0' (0#1) [/home/ianblenke/github.com/ianblenke/carnot/output/carnot_ising_bd/project/carnot_ising.gen/sources_1/bd/carnot_ising_bd/ip/carnot_ising_bd_ising_sampler_0_0/synth/carnot_ising_bd_ising_sampler_0_0.v:53]
INFO: [Synth 8-7129] Port S_AXI_AWADDR[16] in module ising_sampler_128_sync is either unconnected or has no load
INFO: [Synth 8-7129] Port S_AXI_AWADDR[15] in module ising_sampler_128_sync is either unconnected or has no load
INFO: [Synth 8-7129] Port S_AXI_AWADDR[14] in module ising_sampler_128_sync is either unconnected or has no load
INFO: [Synth 8-7129] Port S_AXI_AWADDR[13] in module ising_sampler_128_sync is either unconnected or has no load
INFO: [Synth 8-7129] Port S_AXI_AWADDR[12] in module ising_sampler_128_sync is either unconnected or has no load
INFO: [Synth 8-7129] Port S_AXI_AWADDR[11] in module ising_sampler_128_sync is either unconnected or has no load
INFO: [Synth 8-7129] Port S_AXI_AWADDR[10] in module ising_sampler_128_sync is either unconnected or has no load
INFO: [Synth 8-7129] Port S_AXI_AWADDR[9] in module ising_sampler_128_sync is either unconnected or has no load
INFO: [Synth 8-7129] Port S_AXI_AWADDR[8] in module ising_sampler_128_sync is either unconnected or has no load
INFO: [Synth 8-7129] Port S_AXI_AWADDR[7] in module ising_sampler_128_sync is either unconnected or has no load
INFO: [Synth 8-7129] Port S_AXI_AWADDR[6] in module ising_sampler_128_sync is either unconnected or has no load
INFO: [Synth 8-7129] Port S_AXI_AWADDR[5] in module ising_sampler_128_sync is either unconnected or has no load
INFO: [Synth 8-7129] Port S_AXI_AWADDR[4] in module ising_sampler_128_sync is either unconnected or has no load
INFO: [Synth 8-7129] Port S_AXI_AWADDR[3] in module ising_sampler_128_sync is either unconnected or has no load
INFO: [Synth 8-7129] Port S_AXI_AWADDR[2] in module ising_sampler_128_sync is either unconnected or has no load
INFO: [Synth 8-7129] Port S_AXI_AWADDR[1] in module ising_sampler_128_sync is either unconnected or has no load
INFO: [Synth 8-7129] Port S_AXI_AWADDR[0] in module ising_sampler_128_sync is either unconnected or has no load
INFO: [Synth 8-7129] Port S_AXI_AWPROT[2] in module ising_sampler_128_sync is either unconnected or has no load
INFO: [Synth 8-7129] Port S_AXI_AWPROT[1] in module ising_sampler_128_sync is either unconnected or has no load
INFO: [Synth 8-7129] Port S_AXI_AWPROT[0] in module ising_sampler_128_sync is either unconnected or has no load
INFO: [Synth 8-7129] Port S_AXI_WDATA[31] in module ising_sampler_128_sync is either unconnected or has no load
INFO: [Synth 8-7129] Port S_AXI_WDATA[30] in module ising_sampler_128_sync is either unconnected or has no load
INFO: [Synth 8-7129] Port S_AXI_WDATA[29] in module ising_sampler_128_sync is either unconnected or has no load
INFO: [Synth 8-7129] Port S_AXI_WDATA[28] in module ising_sampler_128_sync is either unconnected or has no load
INFO: [Synth 8-7129] Port S_AXI_WDATA[27] in module ising_sampler_128_sync is either unconnected or has no load
INFO: [Synth 8-7129] Port S_AXI_WDATA[26] in module ising_sampler_128_sync is either unconnected or has no load
INFO: [Synth 8-7129] Port S_AXI_WDATA[25] in module ising_sampler_128_sync is either unconnected or has no load
INFO: [Synth 8-7129] Port S_AXI_WDATA[24] in module ising_sampler_128_sync is either unconnected or has no load
INFO: [Synth 8-7129] Port S_AXI_WDATA[23] in module ising_sampler_128_sync is either unconnected or has no load
INFO: [Synth 8-7129] Port S_AXI_WDATA[22] in module ising_sampler_128_sync is either unconnected or has no load
INFO: [Synth 8-7129] Port S_AXI_WDATA[21] in module ising_sampler_128_sync is either unconnected or has no load
INFO: [Synth 8-7129] Port S_AXI_WDATA[20] in module ising_sampler_128_sync is either unconnected or has no load
INFO: [Synth 8-7129] Port S_AXI_WDATA[19] in module ising_sampler_128_sync is either unconnected or has no load
INFO: [Synth 8-7129] Port S_AXI_WDATA[18] in module ising_sampler_128_sync is either unconnected or has no load
INFO: [Synth 8-7129] Port S_AXI_WDATA[17] in module ising_sampler_128_sync is either unconnected or has no load
INFO: [Synth 8-7129] Port S_AXI_WDATA[16] in module ising_sampler_128_sync is either unconnected or has no load
INFO: [Synth 8-7129] Port S_AXI_WDATA[15] in module ising_sampler_128_sync is either unconnected or has no load
INFO: [Synth 8-7129] Port S_AXI_WDATA[14] in module ising_sampler_128_sync is either unconnected or has no load
INFO: [Synth 8-7129] Port S_AXI_WDATA[13] in module ising_sampler_128_sync is either unconnected or has no load
INFO: [Synth 8-7129] Port S_AXI_WDATA[12] in module ising_sampler_128_sync is either unconnected or has no load
INFO: [Synth 8-7129] Port S_AXI_WDATA[11] in module ising_sampler_128_sync is either unconnected or has no load
INFO: [Synth 8-7129] Port S_AXI_WDATA[10] in module ising_sampler_128_sync is either unconnected or has no load
INFO: [Synth 8-7129] Port S_AXI_WDATA[9] in module ising_sampler_128_sync is either unconnected or has no load
INFO: [Synth 8-7129] Port S_AXI_WDATA[8] in module ising_sampler_128_sync is either unconnected or has no load
INFO: [Synth 8-7129] Port S_AXI_WDATA[7] in module ising_sampler_128_sync is either unconnected or has no load
INFO: [Synth 8-7129] Port S_AXI_WDATA[6] in module ising_sampler_128_sync is either unconnected or has no load
INFO: [Synth 8-7129] Port S_AXI_WDATA[5] in module ising_sampler_128_sync is either unconnected or has no load
INFO: [Synth 8-7129] Port S_AXI_WDATA[4] in module ising_sampler_128_sync is either unconnected or has no load
INFO: [Synth 8-7129] Port S_AXI_WDATA[3] in module ising_sampler_128_sync is either unconnected or has no load
INFO: [Synth 8-7129] Port S_AXI_WDATA[2] in module ising_sampler_128_sync is either unconnected or has no load
INFO: [Synth 8-7129] Port S_AXI_WDATA[1] in module ising_sampler_128_sync is either unconnected or has no load
INFO: [Synth 8-7129] Port S_AXI_WDATA[0] in module ising_sampler_128_sync is either unconnected or has no load
INFO: [Synth 8-7129] Port S_AXI_WSTRB[3] in module ising_sampler_128_sync is either unconnected or has no load
INFO: [Synth 8-7129] Port S_AXI_WSTRB[2] in module ising_sampler_128_sync is either unconnected or has no load
INFO: [Synth 8-7129] Port S_AXI_WSTRB[1] in module ising_sampler_128_sync is either unconnected or has no load
INFO: [Synth 8-7129] Port S_AXI_WSTRB[0] in module ising_sampler_128_sync is either unconnected or has no load
INFO: [Synth 8-7129] Port S_AXI_ARPROT[2] in module ising_sampler_128_sync is either unconnected or has no load
INFO: [Synth 8-7129] Port S_AXI_ARPROT[1] in module ising_sampler_128_sync is either unconnected or has no load
INFO: [Synth 8-7129] Port S_AXI_ARPROT[0] in module ising_sampler_128_sync is either unconnected or has no load
---------------------------------------------------------------------------------
Finished RTL Elaboration : Time (s): cpu = 00:00:12 ; elapsed = 00:00:12 . Memory (MB): peak = 2848.000 ; gain = 240.656 ; free physical = 7682 ; free virtual = 284157
---------------------------------------------------------------------------------
---------------------------------------------------------------------------------
Start Handling Custom Attributes
---------------------------------------------------------------------------------
---------------------------------------------------------------------------------
Finished Handling Custom Attributes : Time (s): cpu = 00:00:12 ; elapsed = 00:00:12 . Memory (MB): peak = 2848.000 ; gain = 240.656 ; free physical = 7653 ; free virtual = 284129
---------------------------------------------------------------------------------
---------------------------------------------------------------------------------
Finished RTL Optimization Phase 1 : Time (s): cpu = 00:00:12 ; elapsed = 00:00:12 . Memory (MB): peak = 2848.000 ; gain = 240.656 ; free physical = 7653 ; free virtual = 284129
---------------------------------------------------------------------------------
Netlist sorting complete. Time (s): cpu = 00:00:00 ; elapsed = 00:00:00 . Memory (MB): peak = 2848.000 ; gain = 0.000 ; free physical = 7651 ; free virtual = 284127
INFO: [Project 1-570] Preparing netlist for logic optimization

Processing XDC Constraints
Initializing timing engine
Completed Processing XDC Constraints

Netlist sorting complete. Time (s): cpu = 00:00:00 ; elapsed = 00:00:00 . Memory (MB): peak = 2888.020 ; gain = 0.000 ; free physical = 634 ; free virtual = 275555
INFO: [Project 1-111] Unisim Transformation Summary:
No Unisim elements were transformed.

Constraint Validation Runtime : Time (s): cpu = 00:00:00.03 ; elapsed = 00:00:00.09 . Memory (MB): peak = 2888.055 ; gain = 0.000 ; free physical = 631 ; free virtual = 274967
INFO: [Designutils 20-5008] Incremental synthesis strategy off
---------------------------------------------------------------------------------
Finished Constraint Validation : Time (s): cpu = 00:00:26 ; elapsed = 00:00:30 . Memory (MB): peak = 2888.055 ; gain = 280.711 ; free physical = 25633 ; free virtual = 291726
---------------------------------------------------------------------------------
---------------------------------------------------------------------------------
Start Loading Part and Timing Information
---------------------------------------------------------------------------------
Loading part: xck26-sfvc784-2LV-c
INFO: [Synth 8-6742] Reading net delay rules and data
---------------------------------------------------------------------------------
Finished Loading Part and Timing Information : Time (s): cpu = 00:00:26 ; elapsed = 00:00:30 . Memory (MB): peak = 2896.023 ; gain = 288.680 ; free physical = 25633 ; free virtual = 291726
---------------------------------------------------------------------------------
---------------------------------------------------------------------------------
Start Applying 'set_property' XDC Constraints
---------------------------------------------------------------------------------
---------------------------------------------------------------------------------
Finished applying 'set_property' XDC Constraints : Time (s): cpu = 00:00:26 ; elapsed = 00:00:30 . Memory (MB): peak = 2896.023 ; gain = 288.680 ; free physical = 25632 ; free virtual = 291726
---------------------------------------------------------------------------------
---------------------------------------------------------------------------------
Finished RTL Optimization Phase 2 : Time (s): cpu = 00:00:26 ; elapsed = 00:00:31 . Memory (MB): peak = 2896.023 ; gain = 288.680 ; free physical = 25579 ; free virtual = 291675
---------------------------------------------------------------------------------
No constraint files found.
---------------------------------------------------------------------------------
Start RTL Component Statistics 
---------------------------------------------------------------------------------
Detailed RTL Component Info : 
+---Registers : 
	               32 Bit    Registers := 1     
	                1 Bit    Registers := 4     
+---Muxes : 
	   2 Input   32 Bit        Muxes := 2     
	   2 Input    1 Bit        Muxes := 4     
---------------------------------------------------------------------------------
Finished RTL Component Statistics 
---------------------------------------------------------------------------------
---------------------------------------------------------------------------------
Start Part Resource Summary
---------------------------------------------------------------------------------
Part Resources:
DSPs: 1248 (col length:96)
BRAMs: 288 (col length: RAMB18 96 RAMB36 48)
---------------------------------------------------------------------------------
Finished Part Resource Summary
---------------------------------------------------------------------------------
No constraint files found.
---------------------------------------------------------------------------------
Start Cross Boundary and Area Optimization
---------------------------------------------------------------------------------
INFO: [Synth 8-3917] design carnot_ising_bd_ising_sampler_0_0 has port S_AXI_BRESP[1] driven by constant 0
INFO: [Synth 8-3917] design carnot_ising_bd_ising_sampler_0_0 has port S_AXI_BRESP[0] driven by constant 0
INFO: [Synth 8-3917] design carnot_ising_bd_ising_sampler_0_0 has port S_AXI_RRESP[1] driven by constant 0
INFO: [Synth 8-3917] design carnot_ising_bd_ising_sampler_0_0 has port S_AXI_RRESP[0] driven by constant 0
INFO: [Synth 8-7129] Port S_AXI_AWADDR[16] in module carnot_ising_bd_ising_sampler_0_0 is either unconnected or has no load
INFO: [Synth 8-7129] Port S_AXI_AWADDR[15] in module carnot_ising_bd_ising_sampler_0_0 is either unconnected or has no load
INFO: [Synth 8-7129] Port S_AXI_AWADDR[14] in module carnot_ising_bd_ising_sampler_0_0 is either unconnected or has no load
INFO: [Synth 8-7129] Port S_AXI_AWADDR[13] in module carnot_ising_bd_ising_sampler_0_0 is either unconnected or has no load
INFO: [Synth 8-7129] Port S_AXI_AWADDR[12] in module carnot_ising_bd_ising_sampler_0_0 is either unconnected or has no load
INFO: [Synth 8-7129] Port S_AXI_AWADDR[11] in module carnot_ising_bd_ising_sampler_0_0 is either unconnected or has no load
INFO: [Synth 8-7129] Port S_AXI_AWADDR[10] in module carnot_ising_bd_ising_sampler_0_0 is either unconnected or has no load
INFO: [Synth 8-7129] Port S_AXI_AWADDR[9] in module carnot_ising_bd_ising_sampler_0_0 is either unconnected or has no load
INFO: [Synth 8-7129] Port S_AXI_AWADDR[8] in module carnot_ising_bd_ising_sampler_0_0 is either unconnected or has no load
INFO: [Synth 8-7129] Port S_AXI_AWADDR[7] in module carnot_ising_bd_ising_sampler_0_0 is either unconnected or has no load
INFO: [Synth 8-7129] Port S_AXI_AWADDR[6] in module carnot_ising_bd_ising_sampler_0_0 is either unconnected or has no load
INFO: [Synth 8-7129] Port S_AXI_AWADDR[5] in module carnot_ising_bd_ising_sampler_0_0 is either unconnected or has no load
INFO: [Synth 8-7129] Port S_AXI_AWADDR[4] in module carnot_ising_bd_ising_sampler_0_0 is either unconnected or has no load
INFO: [Synth 8-7129] Port S_AXI_AWADDR[3] in module carnot_ising_bd_ising_sampler_0_0 is either unconnected or has no load
INFO: [Synth 8-7129] Port S_AXI_AWADDR[2] in module carnot_ising_bd_ising_sampler_0_0 is either unconnected or has no load
INFO: [Synth 8-7129] Port S_AXI_AWADDR[1] in module carnot_ising_bd_ising_sampler_0_0 is either unconnected or has no load
INFO: [Synth 8-7129] Port S_AXI_AWADDR[0] in module carnot_ising_bd_ising_sampler_0_0 is either unconnected or has no load
INFO: [Synth 8-7129] Port S_AXI_AWPROT[2] in module carnot_ising_bd_ising_sampler_0_0 is either unconnected or has no load
INFO: [Synth 8-7129] Port S_AXI_AWPROT[1] in module carnot_ising_bd_ising_sampler_0_0 is either unconnected or has no load
INFO: [Synth 8-7129] Port S_AXI_AWPROT[0] in module carnot_ising_bd_ising_sampler_0_0 is either unconnected or has no load
INFO: [Synth 8-7129] Port S_AXI_WDATA[31] in module carnot_ising_bd_ising_sampler_0_0 is either unconnected or has no load
INFO: [Synth 8-7129] Port S_AXI_WDATA[30] in module carnot_ising_bd_ising_sampler_0_0 is either unconnected or has no load
INFO: [Synth 8-7129] Port S_AXI_WDATA[29] in module carnot_ising_bd_ising_sampler_0_0 is either unconnected or has no load
INFO: [Synth 8-7129] Port S_AXI_WDATA[28] in module carnot_ising_bd_ising_sampler_0_0 is either unconnected or has no load
INFO: [Synth 8-7129] Port S_AXI_WDATA[27] in module carnot_ising_bd_ising_sampler_0_0 is either unconnected or has no load
INFO: [Synth 8-7129] Port S_AXI_WDATA[26] in module carnot_ising_bd_ising_sampler_0_0 is either unconnected or has no load
INFO: [Synth 8-7129] Port S_AXI_WDATA[25] in module carnot_ising_bd_ising_sampler_0_0 is either unconnected or has no load
INFO: [Synth 8-7129] Port S_AXI_WDATA[24] in module carnot_ising_bd_ising_sampler_0_0 is either unconnected or has no load
INFO: [Synth 8-7129] Port S_AXI_WDATA[23] in module carnot_ising_bd_ising_sampler_0_0 is either unconnected or has no load
INFO: [Synth 8-7129] Port S_AXI_WDATA[22] in module carnot_ising_bd_ising_sampler_0_0 is either unconnected or has no load
INFO: [Synth 8-7129] Port S_AXI_WDATA[21] in module carnot_ising_bd_ising_sampler_0_0 is either unconnected or has no load
INFO: [Synth 8-7129] Port S_AXI_WDATA[20] in module carnot_ising_bd_ising_sampler_0_0 is either unconnected or has no load
INFO: [Synth 8-7129] Port S_AXI_WDATA[19] in module carnot_ising_bd_ising_sampler_0_0 is either unconnected or has no load
INFO: [Synth 8-7129] Port S_AXI_WDATA[18] in module carnot_ising_bd_ising_sampler_0_0 is either unconnected or has no load
INFO: [Synth 8-7129] Port S_AXI_WDATA[17] in module carnot_ising_bd_ising_sampler_0_0 is either unconnected or has no load
INFO: [Synth 8-7129] Port S_AXI_WDATA[16] in module carnot_ising_bd_ising_sampler_0_0 is either unconnected or has no load
INFO: [Synth 8-7129] Port S_AXI_WDATA[15] in module carnot_ising_bd_ising_sampler_0_0 is either unconnected or has no load
INFO: [Synth 8-7129] Port S_AXI_WDATA[14] in module carnot_ising_bd_ising_sampler_0_0 is either unconnected or has no load
INFO: [Synth 8-7129] Port S_AXI_WDATA[13] in module carnot_ising_bd_ising_sampler_0_0 is either unconnected or has no load
INFO: [Synth 8-7129] Port S_AXI_WDATA[12] in module carnot_ising_bd_ising_sampler_0_0 is either unconnected or has no load
INFO: [Synth 8-7129] Port S_AXI_WDATA[11] in module carnot_ising_bd_ising_sampler_0_0 is either unconnected or has no load
INFO: [Common 17-14] Message 'Synth 8-7129' appears 100 times and further instances of the messages will be disabled. Use the Tcl command set_msg_config to change the current settings.
---------------------------------------------------------------------------------
Finished Cross Boundary and Area Optimization : Time (s): cpu = 00:00:28 ; elapsed = 00:00:33 . Memory (MB): peak = 2904.031 ; gain = 296.688 ; free physical = 25438 ; free virtual = 291534
---------------------------------------------------------------------------------
No constraint files found.
---------------------------------------------------------------------------------
Start Timing Optimization
---------------------------------------------------------------------------------
---------------------------------------------------------------------------------
Finished Timing Optimization : Time (s): cpu = 00:00:28 ; elapsed = 00:00:33 . Memory (MB): peak = 2904.031 ; gain = 296.688 ; free physical = 25435 ; free virtual = 291531
---------------------------------------------------------------------------------
---------------------------------------------------------------------------------
Start Technology Mapping
---------------------------------------------------------------------------------
---------------------------------------------------------------------------------
Finished Technology Mapping : Time (s): cpu = 00:00:28 ; elapsed = 00:00:33 . Memory (MB): peak = 2920.047 ; gain = 312.703 ; free physical = 25419 ; free virtual = 291515
---------------------------------------------------------------------------------
---------------------------------------------------------------------------------
Start IO Insertion
---------------------------------------------------------------------------------
---------------------------------------------------------------------------------
Start Flattening Before IO Insertion
---------------------------------------------------------------------------------
---------------------------------------------------------------------------------
Finished Flattening Before IO Insertion
---------------------------------------------------------------------------------
---------------------------------------------------------------------------------
Start Final Netlist Cleanup
---------------------------------------------------------------------------------
---------------------------------------------------------------------------------
Finished Final Netlist Cleanup
---------------------------------------------------------------------------------
---------------------------------------------------------------------------------
Finished IO Insertion : Time (s): cpu = 00:00:35 ; elapsed = 00:00:40 . Memory (MB): peak = 3057.859 ; gain = 450.516 ; free physical = 24929 ; free virtual = 291047
---------------------------------------------------------------------------------
---------------------------------------------------------------------------------
Start Renaming Generated Instances
---------------------------------------------------------------------------------
---------------------------------------------------------------------------------
Finished Renaming Generated Instances : Time (s): cpu = 00:00:35 ; elapsed = 00:00:40 . Memory (MB): peak = 3057.859 ; gain = 450.516 ; free physical = 24929 ; free virtual = 291047
---------------------------------------------------------------------------------
---------------------------------------------------------------------------------
Start Rebuilding User Hierarchy
---------------------------------------------------------------------------------
---------------------------------------------------------------------------------
Finished Rebuilding User Hierarchy : Time (s): cpu = 00:00:35 ; elapsed = 00:00:40 . Memory (MB): peak = 3057.859 ; gain = 450.516 ; free physical = 24929 ; free virtual = 291047
---------------------------------------------------------------------------------
---------------------------------------------------------------------------------
Start Renaming Generated Ports
---------------------------------------------------------------------------------
---------------------------------------------------------------------------------
Finished Renaming Generated Ports : Time (s): cpu = 00:00:35 ; elapsed = 00:00:40 . Memory (MB): peak = 3057.859 ; gain = 450.516 ; free physical = 24929 ; free virtual = 291047
---------------------------------------------------------------------------------
---------------------------------------------------------------------------------
Start Handling Custom Attributes
---------------------------------------------------------------------------------
---------------------------------------------------------------------------------
Finished Handling Custom Attributes : Time (s): cpu = 00:00:35 ; elapsed = 00:00:40 . Memory (MB): peak = 3057.859 ; gain = 450.516 ; free physical = 24929 ; free virtual = 291047
---------------------------------------------------------------------------------
---------------------------------------------------------------------------------
Start Renaming Generated Nets
---------------------------------------------------------------------------------
---------------------------------------------------------------------------------
Finished Renaming Generated Nets : Time (s): cpu = 00:00:35 ; elapsed = 00:00:40 . Memory (MB): peak = 3057.859 ; gain = 450.516 ; free physical = 24929 ; free virtual = 291047
---------------------------------------------------------------------------------
---------------------------------------------------------------------------------
Start Writing Synthesis Report
---------------------------------------------------------------------------------

Report BlackBoxes: 
+-+--------------+----------+
| |BlackBox name |Instances |
+-+--------------+----------+
+-+--------------+----------+

Report Cell Usage: 
+------+-----+------+
|      |Cell |Count |
+------+-----+------+
|1     |LUT1 |     1|
|2     |LUT2 |     2|
|3     |LUT3 |    24|
|4     |LUT4 |     1|
|5     |LUT5 |     1|
|6     |FDRE |    11|
|7     |FDSE |    12|
+------+-----+------+
---------------------------------------------------------------------------------
Finished Writing Synthesis Report : Time (s): cpu = 00:00:35 ; elapsed = 00:00:40 . Memory (MB): peak = 3057.859 ; gain = 450.516 ; free physical = 24929 ; free virtual = 291048
---------------------------------------------------------------------------------
Synthesis finished with 0 errors, 0 critical warnings and 0 warnings.
Synthesis Optimization Runtime : Time (s): cpu = 00:00:32 ; elapsed = 00:00:35 . Memory (MB): peak = 3057.859 ; gain = 410.461 ; free physical = 24928 ; free virtual = 291046
Synthesis Optimization Complete : Time (s): cpu = 00:00:35 ; elapsed = 00:00:40 . Memory (MB): peak = 3057.867 ; gain = 450.516 ; free physical = 24928 ; free virtual = 291046
INFO: [Project 1-571] Translating synthesized netlist
Netlist sorting complete. Time (s): cpu = 00:00:00.01 ; elapsed = 00:00:00 . Memory (MB): peak = 3078.734 ; gain = 0.000 ; free physical = 24885 ; free virtual = 291003
INFO: [Project 1-570] Preparing netlist for logic optimization
INFO: [Opt 31-138] Pushed 0 inverter(s) to 0 load pin(s).
Netlist sorting complete. Time (s): cpu = 00:00:00 ; elapsed = 00:00:00 . Memory (MB): peak = 3204.387 ; gain = 0.000 ; free physical = 24781 ; free virtual = 290908
INFO: [Project 1-111] Unisim Transformation Summary:
No Unisim elements were transformed.

Synth Design complete | Checksum: b8470540
INFO: [Common 17-83] Releasing license: Synthesis
126 Infos, 0 Warnings, 0 Critical Warnings and 0 Errors encountered.
synth_design completed successfully
synth_design: Time (s): cpu = 00:00:52 ; elapsed = 00:00:54 . Memory (MB): peak = 3204.422 ; gain = 1590.508 ; free physical = 24757 ; free virtual = 290883
INFO: [Common 17-2834] synth_design peak Physical Memory [PSS] (MB): overall = 2079.738; main = 2079.738; forked = 216.808
INFO: [Common 17-2834] synth_design peak Virtual Memory [VSS] (MB): overall = 3908.242; main = 3204.391; forked = 1012.215
Write ShapeDB Complete: Time (s): cpu = 00:00:00 ; elapsed = 00:00:00 . Memory (MB): peak = 3228.398 ; gain = 0.000 ; free physical = 24754 ; free virtual = 290880
INFO: [Common 17-1381] The checkpoint '/home/ianblenke/github.com/ianblenke/carnot/output/carnot_ising_bd/project/carnot_ising.runs/carnot_ising_bd_ising_sampler_0_0_synth_1/carnot_ising_bd_ising_sampler_0_0.dcp' has been generated.
INFO: [Vivado 12-24828] Executing command : report_utilization -file carnot_ising_bd_ising_sampler_0_0_utilization_synth.rpt -pb carnot_ising_bd_ising_sampler_0_0_utilization_synth.pb
INFO: [Common 17-206] Exiting Vivado at Wed Apr 22 19:03:51 2026...
