[exp8184] phase=start completed=0 pending=0
[exp8184] phase=before_input_authentication completed=0 pending=0
[exp8184] phase=after_input_authentication completed=128 pending=0
[exp8184] phase=before_model_hash completed=0 pending=0
[exp8184] phase=after_model_hash completed=0 pending=0
[exp8184] phase=before_CPU_vocabulary_load completed=0 pending=0
llama_context: n_ctx_seq (512) > n_ctx_train (0) -- possible training context overflow
[exp8184] phase=after_CPU_vocabulary_load completed=0 pending=0
[exp8184] phase=after_CPU_grammar_preflight completed=155 pending=0
[exp8184] phase=before_live_capture completed=0 pending=0
[exp8184] phase=before_model_hash completed=0 pending=155
[exp8184] phase=after_model_hash completed=0 pending=155
[exp7303-validation] before_subprocess gpu_capacity elapsed_s=0.000 unit=1/1
[exp7303-validation:gpu_capacity] 0, GPU-b52387a2-c625-de87-8d34-e6f64e684bab, 266, 23912
[exp7303-validation:gpu_capacity] 1, GPU-7971baff-9583-eaa6-2292-393f930a28f9, 266, 23912
[exp7303-validation] after_subprocess gpu_capacity elapsed_s=0.028 exit=0 unit=1/1
[exp8184] phase=before_model_load completed=0 pending=155
[exp7920] before_model_load
[exp7920] after_model_load
[exp8184] phase=owned_runtime_heartbeat completed=0 pending=155
[exp8184] phase=after_model_load completed=0 pending=155
[exp7303-validation] before_subprocess gpu_memory elapsed_s=0.000 unit=1/1
[exp7303-validation:gpu_memory] 16991
[exp7303-validation] after_subprocess gpu_memory elapsed_s=0.020 exit=0 unit=1/1
[exp8184] phase=before_generation completed=0 pending=155
[exp8184] phase=owned_runtime_heartbeat completed=0 pending=155
[exp8184] phase=after_generation completed=1 pending=154
[exp8184] phase=before_generation completed=1 pending=154
[exp8184] phase=after_generation completed=2 pending=153
[exp8184] phase=before_generation completed=2 pending=153
[exp8184] phase=after_generation completed=3 pending=152
[exp8184] phase=before_generation completed=3 pending=152
[exp8184] phase=after_generation completed=4 pending=151
[exp8184] phase=before_generation completed=4 pending=151
[exp8184] phase=after_generation completed=5 pending=150
[exp8184] phase=before_generation completed=5 pending=150
[exp8184] phase=after_generation completed=6 pending=149
[exp8184] phase=before_generation completed=6 pending=149
[exp8184] phase=owned_runtime_heartbeat completed=6 pending=149
[exp8184] phase=after_generation completed=7 pending=148
[exp8184] phase=before_generation completed=7 pending=148
[exp8184] phase=after_generation completed=8 pending=147
[exp8184] phase=source_checkpoint completed=8 pending=120
[exp8184] phase=before_generation completed=8 pending=147
[exp8184] phase=after_generation completed=9 pending=146
[exp8184] phase=before_generation completed=9 pending=146
[exp8184] phase=after_generation completed=10 pending=145
[exp8184] phase=before_generation completed=10 pending=145
[exp8184] phase=after_generation completed=11 pending=144
[exp8184] phase=before_generation completed=11 pending=144
[exp8184] phase=owned_runtime_heartbeat completed=11 pending=144
[exp8184] phase=after_generation completed=12 pending=143
[exp8184] phase=before_generation completed=12 pending=143
[exp8184] phase=after_generation completed=13 pending=142
[exp8184] phase=before_generation completed=13 pending=142
[exp8184] phase=after_generation completed=14 pending=141
[exp8184] phase=before_generation completed=14 pending=141
[exp8184] phase=after_generation completed=15 pending=140
[exp8184] phase=before_generation completed=15 pending=140
[exp8184] phase=after_generation completed=16 pending=139
[exp8184] phase=before_generation completed=16 pending=139
[exp8184] phase=after_generation completed=17 pending=138
[exp8184] phase=source_checkpoint completed=16 pending=112
[exp8184] phase=before_generation completed=17 pending=138
[exp8184] phase=after_generation completed=18 pending=137
[exp8184] phase=before_generation completed=18 pending=137
[exp8184] phase=owned_runtime_heartbeat completed=18 pending=137
[exp8184] phase=after_generation completed=19 pending=136
[exp8184] phase=before_generation completed=19 pending=136
[exp8184] phase=after_generation completed=20 pending=135
[exp8184] phase=before_generation completed=20 pending=135
[exp8184] phase=after_generation completed=21 pending=134
[exp8184] phase=before_generation completed=21 pending=134
[exp8184] phase=after_generation completed=22 pending=133
[exp8184] phase=before_generation completed=22 pending=133
[exp8184] phase=after_generation completed=23 pending=132
[exp8184] phase=before_generation completed=23 pending=132
[exp8184] phase=owned_runtime_heartbeat completed=23 pending=132
[exp8184] phase=after_generation completed=24 pending=131
[exp8184] phase=before_generation completed=24 pending=131
[exp8184] phase=after_generation completed=25 pending=130
[exp8184] phase=before_generation completed=25 pending=130
[exp8184] phase=after_generation completed=26 pending=129
[exp8184] phase=source_checkpoint completed=24 pending=104
[exp8184] phase=before_generation completed=26 pending=129
[exp8184] phase=after_generation completed=27 pending=128
[exp8184] phase=before_generation completed=27 pending=128
[exp8184] phase=after_generation completed=28 pending=127
[exp8184] phase=before_generation completed=28 pending=127
[exp8184] phase=owned_runtime_heartbeat completed=28 pending=127
[exp8184] phase=after_generation completed=29 pending=126
[exp8184] phase=before_generation completed=29 pending=126
[exp8184] phase=after_generation completed=30 pending=125
[exp8184] phase=before_generation completed=30 pending=125
[exp8184] phase=after_generation completed=31 pending=124
[exp8184] phase=before_generation completed=31 pending=124
[exp8184] phase=after_generation completed=32 pending=123
[exp8184] phase=before_generation completed=32 pending=123
[exp8184] phase=owned_runtime_heartbeat completed=32 pending=123
[exp8184] phase=after_generation completed=33 pending=122
[exp8184] phase=before_generation completed=33 pending=122
[exp8184] phase=after_generation completed=34 pending=121
[exp8184] phase=before_generation completed=34 pending=121
[exp8184] phase=after_generation completed=35 pending=120
[exp8184] phase=before_generation completed=35 pending=120
[exp8184] phase=after_generation completed=36 pending=119
[exp8184] phase=source_checkpoint completed=32 pending=96
[exp8184] phase=before_generation completed=36 pending=119
[exp8184] phase=after_generation completed=37 pending=118
[exp8184] phase=before_generation completed=37 pending=118
[exp8184] phase=after_generation completed=38 pending=117
[exp8184] phase=before_generation completed=38 pending=117
[exp8184] phase=owned_runtime_heartbeat completed=38 pending=117
[exp8184] phase=after_generation completed=39 pending=116
[exp8184] phase=before_generation completed=39 pending=116
[exp8184] phase=after_generation completed=40 pending=115
[exp8184] phase=before_generation completed=40 pending=115
[exp8184] phase=after_generation completed=41 pending=114
[exp8184] phase=before_generation completed=41 pending=114
[exp8184] phase=after_generation completed=42 pending=113
[exp8184] phase=before_generation completed=42 pending=113
[exp8184] phase=after_generation completed=43 pending=112
[exp8184] phase=before_generation completed=43 pending=112
[exp8184] phase=after_generation completed=44 pending=111
[exp8184] phase=before_generation completed=44 pending=111
[exp8184] phase=owned_runtime_heartbeat completed=44 pending=111
[exp8184] phase=after_generation completed=45 pending=110
[exp8184] phase=before_generation completed=45 pending=110
[exp8184] phase=after_generation completed=46 pending=109
[exp8184] phase=source_checkpoint completed=40 pending=88
[exp8184] phase=before_generation completed=46 pending=109
[exp8184] phase=after_generation completed=47 pending=108
[exp8184] phase=before_generation completed=47 pending=108
[exp8184] phase=after_generation completed=48 pending=107
[exp8184] phase=before_generation completed=48 pending=107
[exp8184] phase=after_generation completed=49 pending=106
[exp8184] phase=before_generation completed=49 pending=106
[exp8184] phase=owned_runtime_heartbeat completed=49 pending=106
[exp8184] phase=after_generation completed=50 pending=105
[exp8184] phase=before_generation completed=50 pending=105
[exp8184] phase=after_generation completed=51 pending=104
[exp8184] phase=before_generation completed=51 pending=104
[exp8184] phase=after_generation completed=52 pending=103
[exp8184] phase=before_generation completed=52 pending=103
[exp8184] phase=after_generation completed=53 pending=102
[exp8184] phase=before_generation completed=53 pending=102
[exp8184] phase=owned_runtime_heartbeat completed=53 pending=102
[exp8184] phase=after_generation completed=54 pending=101
[exp8184] phase=source_checkpoint completed=48 pending=80
[exp8184] phase=before_generation completed=54 pending=101
[exp8184] phase=after_generation completed=55 pending=100
[exp8184] phase=before_generation completed=55 pending=100
[exp8184] phase=after_generation completed=56 pending=99
[exp8184] phase=before_generation completed=56 pending=99
[exp8184] phase=after_generation completed=57 pending=98
[exp8184] phase=before_generation completed=57 pending=98
[exp8184] phase=after_generation completed=58 pending=97
[exp8184] phase=before_generation completed=58 pending=97
[exp8184] phase=after_generation completed=59 pending=96
[exp8184] phase=before_generation completed=59 pending=96
[exp8184] phase=owned_runtime_heartbeat completed=59 pending=96
[exp8184] phase=after_generation completed=60 pending=95
[exp8184] phase=before_generation completed=60 pending=95
[exp8184] phase=after_generation completed=61 pending=94
[exp8184] phase=before_generation completed=61 pending=94
[exp8184] phase=after_generation completed=62 pending=93
[exp8184] phase=before_generation completed=62 pending=93
[exp8184] phase=after_generation completed=63 pending=92
[exp8184] phase=before_generation completed=63 pending=92
[exp8184] phase=after_generation completed=64 pending=91
[exp8184] phase=before_generation completed=64 pending=91
[exp8184] phase=owned_runtime_heartbeat completed=64 pending=91
[exp8184] phase=after_generation completed=65 pending=90
[exp8184] phase=source_checkpoint completed=56 pending=72
[exp8184] phase=before_generation completed=65 pending=90
[exp8184] phase=after_generation completed=66 pending=89
[exp8184] phase=before_generation completed=66 pending=89
[exp8184] phase=after_generation completed=67 pending=88
[exp8184] phase=before_generation completed=67 pending=88
[exp8184] phase=after_generation completed=68 pending=87
[exp8184] phase=before_generation completed=68 pending=87
[exp8184] phase=after_generation completed=69 pending=86
[exp8184] phase=before_generation completed=69 pending=86
[exp8184] phase=owned_runtime_heartbeat completed=69 pending=86
[exp8184] phase=after_generation completed=70 pending=85
[exp8184] phase=before_generation completed=70 pending=85
[exp8184] phase=after_generation completed=71 pending=84
[exp8184] phase=before_generation completed=71 pending=84
[exp8184] phase=after_generation completed=72 pending=83
[exp8184] phase=before_generation completed=72 pending=83
[exp8184] phase=after_generation completed=73 pending=82
[exp8184] phase=before_generation completed=73 pending=82
[exp8184] phase=after_generation completed=74 pending=81
[exp8184] phase=before_generation completed=74 pending=81
[exp8184] phase=after_generation completed=75 pending=80
[exp8184] phase=before_generation completed=75 pending=80
[exp8184] phase=owned_runtime_heartbeat completed=75 pending=80
[exp8184] phase=after_generation completed=76 pending=79
[exp8184] phase=before_generation completed=76 pending=79
[exp8184] phase=after_generation completed=77 pending=78
[exp8184] phase=source_checkpoint completed=64 pending=64
[exp8184] phase=before_generation completed=77 pending=78
[exp8184] phase=after_generation completed=78 pending=77
[exp8184] phase=before_generation completed=78 pending=77
[exp8184] phase=after_generation completed=79 pending=76
[exp8184] phase=before_generation completed=79 pending=76
[exp8184] phase=after_generation completed=80 pending=75
[exp8184] phase=before_generation completed=80 pending=75
[exp8184] phase=after_generation completed=81 pending=74
[exp8184] phase=before_generation completed=81 pending=74
[exp8184] phase=owned_runtime_heartbeat completed=81 pending=74
[exp8184] phase=after_generation completed=82 pending=73
[exp8184] phase=before_generation completed=82 pending=73
[exp8184] phase=after_generation completed=83 pending=72
[exp8184] phase=before_generation completed=83 pending=72
[exp8184] phase=after_generation completed=84 pending=71
[exp8184] phase=before_generation completed=84 pending=71
[exp8184] phase=after_generation completed=85 pending=70
[exp8184] phase=before_generation completed=85 pending=70
[exp8184] phase=after_generation completed=86 pending=69
[exp8184] phase=before_generation completed=86 pending=69
[exp8184] phase=owned_runtime_heartbeat completed=86 pending=69
[exp8184] phase=after_generation completed=87 pending=68
[exp8184] phase=source_checkpoint completed=72 pending=56
[exp8184] phase=before_generation completed=87 pending=68
[exp8184] phase=after_generation completed=88 pending=67
[exp8184] phase=before_generation completed=88 pending=67
[exp8184] phase=after_generation completed=89 pending=66
[exp8184] phase=before_generation completed=89 pending=66
[exp8184] phase=after_generation completed=90 pending=65
[exp8184] phase=before_generation completed=90 pending=65
[exp8184] phase=after_generation completed=91 pending=64
[exp8184] phase=before_generation completed=91 pending=64
[exp8184] phase=after_generation completed=92 pending=63
[exp8184] phase=before_generation completed=92 pending=63
[exp8184] phase=owned_runtime_heartbeat completed=92 pending=63
[exp8184] phase=after_generation completed=93 pending=62
[exp8184] phase=before_generation completed=93 pending=62
[exp8184] phase=after_generation completed=94 pending=61
[exp8184] phase=before_generation completed=94 pending=61
[exp8184] phase=after_generation completed=95 pending=60
[exp8184] phase=before_generation completed=95 pending=60
[exp8184] phase=after_generation completed=96 pending=59
[exp8184] phase=source_checkpoint completed=80 pending=48
[exp8184] phase=before_generation completed=96 pending=59
[exp8184] phase=after_generation completed=97 pending=58
[exp8184] phase=before_generation completed=97 pending=58
[exp8184] phase=owned_runtime_heartbeat completed=97 pending=58
[exp8184] phase=after_generation completed=98 pending=57
[exp8184] phase=before_generation completed=98 pending=57
[exp8184] phase=after_generation completed=99 pending=56
[exp8184] phase=before_generation completed=99 pending=56
[exp8184] phase=after_generation completed=100 pending=55
[exp8184] phase=before_generation completed=100 pending=55
[exp8184] phase=after_generation completed=101 pending=54
[exp8184] phase=before_generation completed=101 pending=54
[exp8184] phase=after_generation completed=102 pending=53
[exp8184] phase=before_generation completed=102 pending=53
[exp8184] phase=after_generation completed=103 pending=52
[exp8184] phase=before_generation completed=103 pending=52
[exp8184] phase=owned_runtime_heartbeat completed=103 pending=52
[exp8184] phase=after_generation completed=104 pending=51
[exp8184] phase=before_generation completed=104 pending=51
[exp8184] phase=after_generation completed=105 pending=50
[exp8184] phase=source_checkpoint completed=88 pending=40
[exp8184] phase=before_generation completed=105 pending=50
[exp8184] phase=after_generation completed=106 pending=49
[exp8184] phase=before_generation completed=106 pending=49
[exp8184] phase=owned_runtime_heartbeat completed=106 pending=49
[exp8184] phase=after_generation completed=107 pending=48
[exp8184] phase=before_generation completed=107 pending=48
[exp8184] phase=after_generation completed=108 pending=47
[exp8184] phase=before_generation completed=108 pending=47
[exp8184] phase=after_generation completed=109 pending=46
[exp8184] phase=before_generation completed=109 pending=46
[exp8184] phase=after_generation completed=110 pending=45
[exp8184] phase=before_generation completed=110 pending=45
[exp8184] phase=after_generation completed=111 pending=44
[exp8184] phase=before_generation completed=111 pending=44
[exp8184] phase=owned_runtime_heartbeat completed=111 pending=44
[exp8184] phase=after_generation completed=112 pending=43
[exp8184] phase=before_generation completed=112 pending=43
[exp8184] phase=after_generation completed=113 pending=42
[exp8184] phase=before_generation completed=113 pending=42
[exp8184] phase=after_generation completed=114 pending=41
[exp8184] phase=before_generation completed=114 pending=41
[exp8184] phase=after_generation completed=115 pending=40
[exp8184] phase=before_generation completed=115 pending=40
[exp8184] phase=after_generation completed=116 pending=39
[exp8184] phase=source_checkpoint completed=96 pending=32
[exp8184] phase=before_generation completed=116 pending=39
[exp8184] phase=after_generation completed=117 pending=38
[exp8184] phase=before_generation completed=117 pending=38
[exp8184] phase=owned_runtime_heartbeat completed=117 pending=38
[exp8184] phase=after_generation completed=118 pending=37
[exp8184] phase=before_generation completed=118 pending=37
[exp8184] phase=after_generation completed=119 pending=36
[exp8184] phase=before_generation completed=119 pending=36
[exp8184] phase=after_generation completed=120 pending=35
[exp8184] phase=before_generation completed=120 pending=35
[exp8184] phase=after_generation completed=121 pending=34
[exp8184] phase=before_generation completed=121 pending=34
[exp8184] phase=after_generation completed=122 pending=33
[exp8184] phase=before_generation completed=122 pending=33
[exp8184] phase=owned_runtime_heartbeat completed=122 pending=33
[exp8184] phase=after_generation completed=123 pending=32
[exp8184] phase=before_generation completed=123 pending=32
[exp8184] phase=after_generation completed=124 pending=31
[exp8184] phase=before_generation completed=124 pending=31
[exp8184] phase=after_generation completed=125 pending=30
[exp8184] phase=source_checkpoint completed=104 pending=24
[exp8184] phase=before_generation completed=125 pending=30
[exp8184] phase=after_generation completed=126 pending=29
[exp8184] phase=before_generation completed=126 pending=29
[exp8184] phase=after_generation completed=127 pending=28
[exp8184] phase=before_generation completed=127 pending=28
[exp8184] phase=after_generation completed=128 pending=27
[exp8184] phase=before_generation completed=128 pending=27
[exp8184] phase=owned_runtime_heartbeat completed=128 pending=27
[exp8184] phase=after_generation completed=129 pending=26
[exp8184] phase=before_generation completed=129 pending=26
[exp8184] phase=after_generation completed=130 pending=25
[exp8184] phase=before_generation completed=130 pending=25
[exp8184] phase=after_generation completed=131 pending=24
[exp8184] phase=before_generation completed=131 pending=24
[exp8184] phase=after_generation completed=132 pending=23
[exp8184] phase=before_generation completed=132 pending=23
[exp8184] phase=after_generation completed=133 pending=22
[exp8184] phase=source_checkpoint completed=112 pending=16
[exp8184] phase=before_generation completed=133 pending=22
[exp8184] phase=owned_runtime_heartbeat completed=133 pending=22
[exp8184] phase=after_generation completed=134 pending=21
[exp8184] phase=before_generation completed=134 pending=21
[exp8184] phase=after_generation completed=135 pending=20
[exp8184] phase=before_generation completed=135 pending=20
[exp8184] phase=after_generation completed=136 pending=19
[exp8184] phase=before_generation completed=136 pending=19
[exp8184] phase=after_generation completed=137 pending=18
[exp8184] phase=before_generation completed=137 pending=18
[exp8184] phase=after_generation completed=138 pending=17
[exp8184] phase=before_generation completed=138 pending=17
[exp8184] phase=owned_runtime_heartbeat completed=138 pending=17
[exp8184] phase=after_generation completed=139 pending=16
[exp8184] phase=before_generation completed=139 pending=16
[exp8184] phase=after_generation completed=140 pending=15
[exp8184] phase=before_generation completed=140 pending=15
[exp8184] phase=after_generation completed=141 pending=14
[exp8184] phase=before_generation completed=141 pending=14
[exp8184] phase=after_generation completed=142 pending=13
[exp8184] phase=before_generation completed=142 pending=13
[exp8184] phase=after_generation completed=143 pending=12
[exp8184] phase=before_generation completed=143 pending=12
[exp8184] phase=owned_runtime_heartbeat completed=143 pending=12
[exp8184] phase=after_generation completed=144 pending=11
[exp8184] phase=before_generation completed=144 pending=11
[exp8184] phase=after_generation completed=145 pending=10
[exp8184] phase=source_checkpoint completed=120 pending=8
[exp8184] phase=before_generation completed=145 pending=10
[exp8184] phase=after_generation completed=146 pending=9
[exp8184] phase=before_generation completed=146 pending=9
[exp8184] phase=after_generation completed=147 pending=8
[exp8184] phase=before_generation completed=147 pending=8
[exp8184] phase=after_generation completed=148 pending=7
[exp8184] phase=before_generation completed=148 pending=7
[exp8184] phase=owned_runtime_heartbeat completed=148 pending=7
[exp8184] phase=after_generation completed=149 pending=6
[exp8184] phase=before_generation completed=149 pending=6
[exp8184] phase=after_generation completed=150 pending=5
[exp8184] phase=before_generation completed=150 pending=5
[exp8184] phase=after_generation completed=151 pending=4
[exp8184] phase=before_generation completed=151 pending=4
[exp8184] phase=after_generation completed=152 pending=3
[exp8184] phase=before_generation completed=152 pending=3
[exp8184] phase=after_generation completed=153 pending=2
[exp8184] phase=before_generation completed=153 pending=2
[exp8184] phase=owned_runtime_heartbeat completed=153 pending=2
[exp8184] phase=after_generation completed=154 pending=1
[exp8184] phase=before_generation completed=154 pending=1
[exp8184] phase=after_generation completed=155 pending=0
[exp8184] phase=source_checkpoint completed=128 pending=0
[exp8184] phase=before_model_unload completed=155 pending=0
[exp7303-validation] before_subprocess gpu_memory elapsed_s=0.000 unit=1/1
[exp7303-validation:gpu_memory] 266
[exp7303-validation] after_subprocess gpu_memory elapsed_s=0.015 exit=0 unit=1/1
[exp8184] phase=after_model_unload completed=155 pending=0
[exp8184] phase=after_live_capture completed=155 pending=0
[exp8184] phase=responses_and_features_sealed completed=128 pending=0
[exp8184] phase=all_predictions_sealed_before_evaluation completed=1024 pending=0
