Exp8178 start: V707 immutable contract custody; current model calls=0
[exp8178] phase=start completed=0 pending=0
[exp8178] phase=mutation_before completed=0 pending=13
[exp8178] phase=mutation_after completed=1 pending=12
[exp8178] phase=mutation_before completed=1 pending=12
[exp8178] phase=mutation_after completed=2 pending=11
[exp8178] phase=mutation_before completed=2 pending=11
[exp8178] phase=mutation_after completed=3 pending=10
[exp8178] phase=mutation_before completed=3 pending=10
[exp8178] phase=mutation_after completed=4 pending=9
[exp8178] phase=mutation_before completed=4 pending=9
[exp8178] phase=mutation_after completed=5 pending=8
[exp8178] phase=mutation_before completed=5 pending=8
[exp8178] phase=mutation_after completed=6 pending=7
[exp8178] phase=mutation_before completed=6 pending=7
[exp8178] phase=mutation_after completed=7 pending=6
[exp8178] phase=mutation_before completed=7 pending=6
[exp8178] phase=mutation_after completed=8 pending=5
[exp8178] phase=mutation_before completed=8 pending=5
[exp8178] phase=mutation_after completed=9 pending=4
[exp8178] phase=mutation_before completed=9 pending=4
[exp8178] phase=mutation_after completed=10 pending=3
[exp8178] phase=mutation_before completed=10 pending=3
[exp8178] phase=mutation_after completed=11 pending=2
[exp8178] phase=mutation_before completed=11 pending=2
[exp8178] phase=mutation_after completed=12 pending=1
[exp8178] phase=mutation_before completed=12 pending=1
[exp8178] phase=mutation_after completed=13 pending=0
[exp8178] phase=historical completed=0 pending=14
[exp8178] phase=historical completed=1 pending=13
[exp8178] phase=historical completed=2 pending=12
[exp8178] phase=historical completed=3 pending=11
[exp8178] phase=historical completed=4 pending=10
[exp8178] phase=historical completed=5 pending=9
[exp8178] phase=historical completed=6 pending=8
[exp8178] phase=historical completed=7 pending=7
[exp8178] phase=historical completed=8 pending=6
[exp8178] phase=historical completed=9 pending=5
[exp8178] phase=historical completed=10 pending=4
[exp8178] phase=historical completed=11 pending=3
[exp8178] phase=historical completed=12 pending=2
[exp8178] phase=historical completed=13 pending=1
[exp8178] phase=historical_hashes completed=0 pending=11071
[exp8178] phase=historical_hashes completed=64 pending=11007
[exp8178] phase=historical_hashes completed=128 pending=10943
[exp8178] phase=historical_hashes completed=192 pending=10879
[exp8178] phase=historical_hashes completed=256 pending=10815
[exp8178] phase=historical_hashes completed=320 pending=10751
[exp8178] phase=historical_hashes completed=384 pending=10687
[exp8178] phase=historical_hashes completed=448 pending=10623
[exp8178] phase=historical_hashes completed=512 pending=10559
[exp8178] phase=historical_hashes completed=576 pending=10495
[exp8178] phase=historical_hashes completed=640 pending=10431
[exp8178] phase=historical_hashes completed=704 pending=10367
[exp8178] phase=historical_hashes completed=768 pending=10303
[exp8178] phase=historical_hashes completed=832 pending=10239
[exp8178] phase=historical_hashes completed=896 pending=10175
[exp8178] phase=historical_hashes completed=960 pending=10111
[exp8178] phase=historical_hashes completed=1024 pending=10047
[exp8178] phase=historical_hashes completed=1088 pending=9983
[exp8178] phase=historical_hashes completed=1152 pending=9919
[exp8178] phase=historical_hashes completed=1216 pending=9855
[exp8178] phase=historical_hashes completed=1280 pending=9791
[exp8178] phase=historical_hashes completed=1344 pending=9727
[exp8178] phase=historical_hashes completed=1408 pending=9663
[exp8178] phase=historical_hashes completed=1472 pending=9599
[exp8178] phase=historical_hashes completed=1536 pending=9535
[exp8178] phase=historical_hashes completed=1600 pending=9471
[exp8178] phase=historical_hashes completed=1664 pending=9407
[exp8178] phase=historical_hashes completed=1728 pending=9343
[exp8178] phase=historical_hashes completed=1792 pending=9279
[exp8178] phase=historical_hashes completed=1856 pending=9215
[exp8178] phase=historical_hashes completed=1920 pending=9151
[exp8178] phase=historical_hashes completed=1984 pending=9087
[exp8178] phase=historical_hashes completed=2048 pending=9023
[exp8178] phase=historical_hashes completed=2112 pending=8959
[exp8178] phase=historical_hashes completed=2176 pending=8895
[exp8178] phase=historical_hashes completed=2240 pending=8831
[exp8178] phase=historical_hashes completed=2304 pending=8767
[exp8178] phase=historical_hashes completed=2368 pending=8703
[exp8178] phase=historical_hashes completed=2432 pending=8639
[exp8178] phase=historical_hashes completed=2496 pending=8575
[exp8178] phase=historical_hashes completed=2560 pending=8511
[exp8178] phase=historical_hashes completed=2624 pending=8447
[exp8178] phase=historical_hashes completed=2688 pending=8383
[exp8178] phase=historical_hashes completed=2752 pending=8319
[exp8178] phase=historical_hashes completed=2816 pending=8255
[exp8178] phase=historical_hashes completed=2880 pending=8191
[exp8178] phase=historical_hashes completed=2944 pending=8127
[exp8178] phase=historical_hashes completed=3008 pending=8063
[exp8178] phase=historical_hashes completed=3072 pending=7999
[exp8178] phase=historical_hashes completed=3136 pending=7935
[exp8178] phase=historical_hashes completed=3200 pending=7871
[exp8178] phase=historical_hashes completed=3264 pending=7807
[exp8178] phase=historical_hashes completed=3328 pending=7743
[exp8178] phase=historical_hashes completed=3392 pending=7679
[exp8178] phase=historical_hashes completed=3456 pending=7615
[exp8178] phase=historical_hashes completed=3520 pending=7551
[exp8178] phase=historical_hashes completed=3584 pending=7487
[exp8178] phase=historical_hashes completed=3648 pending=7423
[exp8178] phase=historical_hashes completed=3712 pending=7359
[exp8178] phase=historical_hashes completed=3776 pending=7295
[exp8178] phase=historical_hashes completed=3840 pending=7231
[exp8178] phase=historical_hashes completed=3904 pending=7167
[exp8178] phase=historical_hashes completed=3968 pending=7103
[exp8178] phase=historical_hashes completed=4032 pending=7039
[exp8178] phase=historical_hashes completed=4096 pending=6975
[exp8178] phase=historical_hashes completed=4160 pending=6911
[exp8178] phase=historical_hashes completed=4224 pending=6847
[exp8178] phase=historical_hashes completed=4288 pending=6783
[exp8178] phase=historical_hashes completed=4352 pending=6719
[exp8178] phase=historical_hashes completed=4416 pending=6655
[exp8178] phase=historical_hashes completed=4480 pending=6591
[exp8178] phase=historical_hashes completed=4544 pending=6527
[exp8178] phase=historical_hashes completed=4608 pending=6463
[exp8178] phase=historical_hashes completed=4672 pending=6399
[exp8178] phase=historical_hashes completed=4736 pending=6335
[exp8178] phase=historical_hashes completed=4800 pending=6271
[exp8178] phase=historical_hashes completed=4864 pending=6207
[exp8178] phase=historical_hashes completed=4928 pending=6143
[exp8178] phase=historical_hashes completed=4992 pending=6079
[exp8178] phase=historical_hashes completed=5056 pending=6015
[exp8178] phase=historical_hashes completed=5120 pending=5951
[exp8178] phase=historical_hashes completed=5184 pending=5887
[exp8178] phase=historical_hashes completed=5248 pending=5823
[exp8178] phase=historical_hashes completed=5312 pending=5759
[exp8178] phase=historical_hashes completed=5376 pending=5695
[exp8178] phase=historical_hashes completed=5440 pending=5631
[exp8178] phase=historical_hashes completed=5504 pending=5567
[exp8178] phase=historical_hashes completed=5568 pending=5503
[exp8178] phase=historical_hashes completed=5632 pending=5439
[exp8178] phase=historical_hashes completed=5696 pending=5375
[exp8178] phase=historical_hashes completed=5760 pending=5311
[exp8178] phase=historical_hashes completed=5824 pending=5247
[exp8178] phase=historical_hashes completed=5888 pending=5183
[exp8178] phase=historical_hashes completed=5952 pending=5119
[exp8178] phase=historical_hashes completed=6016 pending=5055
[exp8178] phase=historical_hashes completed=6080 pending=4991
[exp8178] phase=historical_hashes completed=6144 pending=4927
[exp8178] phase=historical_hashes completed=6208 pending=4863
[exp8178] phase=historical_hashes completed=6272 pending=4799
[exp8178] phase=historical_hashes completed=6336 pending=4735
[exp8178] phase=historical_hashes completed=6400 pending=4671
[exp8178] phase=historical_hashes completed=6464 pending=4607
[exp8178] phase=historical_hashes completed=6528 pending=4543
[exp8178] phase=historical_hashes completed=6592 pending=4479
[exp8178] phase=historical_hashes completed=6656 pending=4415
[exp8178] phase=historical_hashes completed=6720 pending=4351
[exp8178] phase=historical_hashes completed=6784 pending=4287
[exp8178] phase=historical_hashes completed=6848 pending=4223
[exp8178] phase=historical_hashes completed=6912 pending=4159
[exp8178] phase=historical_hashes completed=6976 pending=4095
[exp8178] phase=historical_hashes completed=7040 pending=4031
[exp8178] phase=historical_hashes completed=7104 pending=3967
[exp8178] phase=historical_hashes completed=7168 pending=3903
[exp8178] phase=historical_hashes completed=7232 pending=3839
[exp8178] phase=historical_hashes completed=7296 pending=3775
[exp8178] phase=historical_hashes completed=7360 pending=3711
[exp8178] phase=historical_hashes completed=7424 pending=3647
[exp8178] phase=historical_hashes completed=7488 pending=3583
[exp8178] phase=historical_hashes completed=7552 pending=3519
[exp8178] phase=historical_hashes completed=7616 pending=3455
[exp8178] phase=historical_hashes completed=7680 pending=3391
[exp8178] phase=historical_hashes completed=7744 pending=3327
[exp8178] phase=historical_hashes completed=7808 pending=3263
[exp8178] phase=historical_hashes completed=7872 pending=3199
[exp8178] phase=historical_hashes completed=7936 pending=3135
[exp8178] phase=historical_hashes completed=8000 pending=3071
[exp8178] phase=historical_hashes completed=8064 pending=3007
[exp8178] phase=historical_hashes completed=8128 pending=2943
[exp8178] phase=historical_hashes completed=8192 pending=2879
[exp8178] phase=historical_hashes completed=8256 pending=2815
[exp8178] phase=historical_hashes completed=8320 pending=2751
[exp8178] phase=historical_hashes completed=8384 pending=2687
[exp8178] phase=historical_hashes completed=8448 pending=2623
[exp8178] phase=historical_hashes completed=8512 pending=2559
[exp8178] phase=historical_hashes completed=8576 pending=2495
[exp8178] phase=historical_hashes completed=8640 pending=2431
[exp8178] phase=historical_hashes completed=8704 pending=2367
[exp8178] phase=historical_hashes completed=8768 pending=2303
[exp8178] phase=historical_hashes completed=8832 pending=2239
[exp8178] phase=historical_hashes completed=8896 pending=2175
[exp8178] phase=historical_hashes completed=8960 pending=2111
[exp8178] phase=historical_hashes completed=9024 pending=2047
[exp8178] phase=historical_hashes completed=9088 pending=1983
[exp8178] phase=historical_hashes completed=9152 pending=1919
[exp8178] phase=historical_hashes completed=9216 pending=1855
[exp8178] phase=historical_hashes completed=9280 pending=1791
[exp8178] phase=historical_hashes completed=9344 pending=1727
[exp8178] phase=historical_hashes completed=9408 pending=1663
[exp8178] phase=historical_hashes completed=9472 pending=1599
[exp8178] phase=historical_hashes completed=9536 pending=1535
[exp8178] phase=historical_hashes completed=9600 pending=1471
[exp8178] phase=historical_hashes completed=9664 pending=1407
[exp8178] phase=historical_hashes completed=9728 pending=1343
[exp8178] phase=historical_hashes completed=9792 pending=1279
[exp8178] phase=historical_hashes completed=9856 pending=1215
[exp8178] phase=historical_hashes completed=9920 pending=1151
[exp8178] phase=historical_hashes completed=9984 pending=1087
[exp8178] phase=historical_hashes completed=10048 pending=1023
[exp8178] phase=historical_hashes completed=10112 pending=959
[exp8178] phase=historical_hashes completed=10176 pending=895
[exp8178] phase=historical_hashes completed=10240 pending=831
[exp8178] phase=historical_hashes completed=10304 pending=767
[exp8178] phase=historical_hashes completed=10368 pending=703
[exp8178] phase=historical_hashes completed=10432 pending=639
[exp8178] phase=historical_hashes completed=10496 pending=575
[exp8178] phase=historical_hashes completed=10560 pending=511
[exp8178] phase=historical_hashes completed=10624 pending=447
[exp8178] phase=historical_hashes completed=10688 pending=383
[exp8178] phase=historical_hashes completed=10752 pending=319
[exp8178] phase=historical_hashes completed=10816 pending=255
[exp8178] phase=historical_hashes completed=10880 pending=191
[exp8178] phase=historical_hashes completed=10944 pending=127
[exp8178] phase=historical_hashes completed=11008 pending=63
[exp8178] phase=replay_passed completed=0 pending=0
