F                                                                        [100%]
=================================== FAILURES ===================================
_______ test_independent_history_reduction_and_missing_authority_replay ________

tmp_path = PosixPath('/tmp/pytest-carnot-ianblenke/20261003T004935-1634630-2fd9f956/test_independent_history_reduc0')

    def test_independent_history_reduction_and_missing_authority_replay(tmp_path):
        """SCENARIO-REPORT-8044-HISTORY: reduction checks original bytes beyond claim seals."""
        args = inputs(tmp_path)
        value = methods.execute(args, tmp_path / "work")
>       assert methods.evidence.replay_history(
               ^^^^^^^^^^^^^^^^^^^^^^^^^^^^^^^
            value["historical_disposition_rows"], value["checkpoint_references"]
        )
E       AttributeError: module 'carnot.reporting.v697_evidence' has no attribute 'replay_history'

tests/python/test_experiment_8044_v697_contract_methods.py:276: AttributeError
----------------------------- Captured stdout call -----------------------------
[exp8044] phase=preconditions elapsed_s=0.009 completed_units=0 pending=local resources, terminal sidecars and invocation authority
[exp8044] phase=inputs_frozen elapsed_s=5.044 completed_units=13 pending=twelve private mutations and exact validation manifest
[exp7953] phase=mutations completed_units=1/12 elapsed_s=0.233
[exp7953] phase=mutations completed_units=2/12 elapsed_s=0.472
[exp7953] phase=mutations completed_units=3/12 elapsed_s=0.760
[exp7953] phase=mutations completed_units=4/12 elapsed_s=1.002
[exp7953] phase=mutations completed_units=5/12 elapsed_s=1.291
[exp7953] phase=mutations completed_units=6/12 elapsed_s=1.528
[exp7953] phase=mutations completed_units=7/12 elapsed_s=1.770
[exp7953] phase=mutations completed_units=8/12 elapsed_s=2.011
[exp7953] phase=mutations completed_units=9/12 elapsed_s=2.253
[exp7953] phase=mutations completed_units=10/12 elapsed_s=2.535
[exp7953] phase=mutations completed_units=11/12 elapsed_s=2.782
[exp7953] phase=mutations completed_units=12/12 elapsed_s=3.075
[exp8044] phase=published elapsed_s=8.412 completed_units=13 pending=none
=========================== short test summary info ============================
FAILED tests/python/test_experiment_8044_v697_contract_methods.py::test_independent_history_reduction_and_missing_authority_replay
1 failed in 10.47s
