[exp7303-validation] before_subprocess hard_restart_crash elapsed_s=0.000 unit=1/1
[exp7303-validation:hard_restart_crash] [exp8152] phase=fixture_slots completed=32 pending=224
[exp7303-validation:hard_restart_crash] [exp8152] phase=fixture_slots completed=64 pending=192
[exp7303-validation:hard_restart_crash] [exp8180] phase=intentional_hard_exit completed=90 pending=21
[exp7303-validation] after_subprocess hard_restart_crash elapsed_s=2.666 exit=73 unit=1/1
[exp7303-validation] before_subprocess hard_restart_resume elapsed_s=0.000 unit=1/1
[exp7303-validation:hard_restart_resume] [exp8152] phase=fixture_slots completed=96 pending=160
[exp7303-validation:hard_restart_resume] [exp8152] phase=fixture_slots completed=128 pending=128
[exp7303-validation:hard_restart_resume] [exp8152] phase=fixture_slots completed=160 pending=96
[exp7303-validation:hard_restart_resume] [exp8152] phase=fixture_slots completed=192 pending=64
[exp7303-validation:hard_restart_resume] [exp8152] phase=fixture_slots completed=224 pending=32
[exp7303-validation:hard_restart_resume] [exp8152] phase=fixture_slots completed=256 pending=0
[exp7303-validation] after_subprocess hard_restart_resume elapsed_s=3.565 exit=0 unit=1/1
[exp8152] phase=fixture_slots completed=32 pending=224
[exp8152] phase=fixture_slots completed=64 pending=192
[exp8152] phase=fixture_slots completed=96 pending=160
[exp8152] phase=fixture_slots completed=128 pending=128
[exp8152] phase=fixture_slots completed=160 pending=96
[exp8152] phase=fixture_slots completed=192 pending=64
[exp8152] phase=fixture_slots completed=224 pending=32
[exp8152] phase=fixture_slots completed=256 pending=0
.[exp8193] phase=preconditions_start completed=0 pending=0
[exp8180] phase=preconditions_start completed=0 pending=0
[exp8111] phase=historical_completion_custody completed=0 pending=320
[exp8111] phase=historical_completion_custody completed=64 pending=256
[exp8111] phase=historical_completion_custody completed=128 pending=192
[exp8111] phase=historical_completion_custody completed=192 pending=128
[exp8111] phase=historical_completion_custody completed=256 pending=64
[exp8180] phase=before_diagnosis_benchmark completed=0 pending=40960
[exp8180] phase=after_diagnosis_benchmark completed=12640 pending=0
[exp8180] phase=before_fixture_benchmark_learnable completed=0 pending=20
[exp8152] phase=fixture_slots completed=32 pending=224
[exp8152] phase=fixture_slots completed=64 pending=192
[exp8152] phase=fixture_slots completed=96 pending=160
[exp8152] phase=fixture_slots completed=128 pending=128
[exp8152] phase=fixture_slots completed=160 pending=96
[exp8152] phase=fixture_slots completed=192 pending=64
[exp8152] phase=fixture_slots completed=224 pending=32
[exp8152] phase=fixture_slots completed=256 pending=0
[exp8180] phase=after_fixture_benchmark_learnable completed=1 pending=19
[exp8180] phase=before_fixture_benchmark_learnable completed=1 pending=19
[exp8152] phase=fixture_slots completed=32 pending=224
[exp8152] phase=fixture_slots completed=64 pending=192
[exp8152] phase=fixture_slots completed=96 pending=160
[exp8152] phase=fixture_slots completed=128 pending=128
[exp8152] phase=fixture_slots completed=160 pending=96
[exp8152] phase=fixture_slots completed=192 pending=64
[exp8152] phase=fixture_slots completed=224 pending=32
[exp8152] phase=fixture_slots completed=256 pending=0
[exp8180] phase=after_fixture_benchmark_learnable completed=2 pending=18
[exp8180] phase=before_fixture_benchmark_learnable completed=2 pending=18
[exp8152] phase=fixture_slots completed=32 pending=224
[exp8152] phase=fixture_slots completed=64 pending=192
[exp8152] phase=fixture_slots completed=96 pending=160
[exp8152] phase=fixture_slots completed=128 pending=128
[exp8152] phase=fixture_slots completed=160 pending=96
[exp8152] phase=fixture_slots completed=192 pending=64
[exp8152] phase=fixture_slots completed=224 pending=32
[exp8152] phase=fixture_slots completed=256 pending=0
[exp8180] phase=after_fixture_benchmark_learnable completed=3 pending=17
[exp8180] phase=before_fixture_benchmark_learnable completed=3 pending=17
[exp8152] phase=fixture_slots completed=32 pending=224
[exp8152] phase=fixture_slots completed=64 pending=192
[exp8152] phase=fixture_slots completed=96 pending=160
[exp8152] phase=fixture_slots completed=128 pending=128
[exp8152] phase=fixture_slots completed=160 pending=96
[exp8152] phase=fixture_slots completed=192 pending=64
[exp8152] phase=fixture_slots completed=224 pending=32
[exp8152] phase=fixture_slots completed=256 pending=0
[exp8180] phase=after_fixture_benchmark_learnable completed=4 pending=16
[exp8180] phase=before_fixture_benchmark_learnable completed=4 pending=16
[exp8152] phase=fixture_slots completed=32 pending=224
[exp8152] phase=fixture_slots completed=64 pending=192
[exp8152] phase=fixture_slots completed=96 pending=160
[exp8152] phase=fixture_slots completed=128 pending=128
[exp8152] phase=fixture_slots completed=160 pending=96
[exp8152] phase=fixture_slots completed=192 pending=64
[exp8152] phase=fixture_slots completed=224 pending=32
[exp8152] phase=fixture_slots completed=256 pending=0
[exp8180] phase=after_fixture_benchmark_learnable completed=5 pending=15
[exp8180] phase=before_fixture_benchmark_learnable completed=5 pending=15
[exp8152] phase=fixture_slots completed=32 pending=224
[exp8152] phase=fixture_slots completed=64 pending=192
[exp8152] phase=fixture_slots completed=96 pending=160
[exp8152] phase=fixture_slots completed=128 pending=128
[exp8152] phase=fixture_slots completed=160 pending=96
[exp8152] phase=fixture_slots completed=192 pending=64
[exp8152] phase=fixture_slots completed=224 pending=32
[exp8152] phase=fixture_slots completed=256 pending=0
[exp8180] phase=after_fixture_benchmark_learnable completed=6 pending=14
[exp8180] phase=before_fixture_benchmark_learnable completed=6 pending=14
[exp8152] phase=fixture_slots completed=32 pending=224
[exp8152] phase=fixture_slots completed=64 pending=192
[exp8152] phase=fixture_slots completed=96 pending=160
[exp8152] phase=fixture_slots completed=128 pending=128
[exp8152] phase=fixture_slots completed=160 pending=96
[exp8152] phase=fixture_slots completed=192 pending=64
[exp8152] phase=fixture_slots completed=224 pending=32
[exp8152] phase=fixture_slots completed=256 pending=0
[exp8180] phase=after_fixture_benchmark_learnable completed=7 pending=13
[exp8180] phase=before_fixture_benchmark_learnable completed=7 pending=13
[exp8152] phase=fixture_slots completed=32 pending=224
[exp8152] phase=fixture_slots completed=64 pending=192
[exp8152] phase=fixture_slots completed=96 pending=160
[exp8152] phase=fixture_slots completed=128 pending=128
[exp8152] phase=fixture_slots completed=160 pending=96
[exp8152] phase=fixture_slots completed=192 pending=64
[exp8152] phase=fixture_slots completed=224 pending=32
[exp8152] phase=fixture_slots completed=256 pending=0
[exp8180] phase=after_fixture_benchmark_learnable completed=8 pending=12
[exp8180] phase=before_fixture_benchmark_learnable completed=8 pending=12
[exp8152] phase=fixture_slots completed=32 pending=224
[exp8152] phase=fixture_slots completed=64 pending=192
[exp8152] phase=fixture_slots completed=96 pending=160
[exp8152] phase=fixture_slots completed=128 pending=128
[exp8152] phase=fixture_slots completed=160 pending=96
[exp8152] phase=fixture_slots completed=192 pending=64
[exp8152] phase=fixture_slots completed=224 pending=32
[exp8152] phase=fixture_slots completed=256 pending=0
[exp8180] phase=after_fixture_benchmark_learnable completed=9 pending=11
[exp8180] phase=before_fixture_benchmark_learnable completed=9 pending=11
[exp8152] phase=fixture_slots completed=32 pending=224
[exp8152] phase=fixture_slots completed=64 pending=192
[exp8152] phase=fixture_slots completed=96 pending=160
[exp8152] phase=fixture_slots completed=128 pending=128
[exp8152] phase=fixture_slots completed=160 pending=96
[exp8152] phase=fixture_slots completed=192 pending=64
[exp8152] phase=fixture_slots completed=224 pending=32
[exp8152] phase=fixture_slots completed=256 pending=0
[exp8180] phase=after_fixture_benchmark_learnable completed=10 pending=10
[exp8180] phase=before_fixture_benchmark_learnable completed=10 pending=10
[exp8152] phase=fixture_slots completed=32 pending=224
[exp8152] phase=fixture_slots completed=64 pending=192
[exp8152] phase=fixture_slots completed=96 pending=160
[exp8152] phase=fixture_slots completed=128 pending=128
[exp8152] phase=fixture_slots completed=160 pending=96
[exp8152] phase=fixture_slots completed=192 pending=64
[exp8152] phase=fixture_slots completed=224 pending=32
[exp8152] phase=fixture_slots completed=256 pending=0
[exp8180] phase=after_fixture_benchmark_learnable completed=11 pending=9
[exp8180] phase=before_fixture_benchmark_learnable completed=11 pending=9
[exp8152] phase=fixture_slots completed=32 pending=224
[exp8152] phase=fixture_slots completed=64 pending=192
[exp8152] phase=fixture_slots completed=96 pending=160
[exp8152] phase=fixture_slots completed=128 pending=128
[exp8152] phase=fixture_slots completed=160 pending=96
[exp8152] phase=fixture_slots completed=192 pending=64
[exp8152] phase=fixture_slots completed=224 pending=32
[exp8152] phase=fixture_slots completed=256 pending=0
[exp8180] phase=after_fixture_benchmark_learnable completed=12 pending=8
[exp8180] phase=before_fixture_benchmark_learnable completed=12 pending=8
[exp8152] phase=fixture_slots completed=32 pending=224
[exp8152] phase=fixture_slots completed=64 pending=192
[exp8152] phase=fixture_slots completed=96 pending=160
[exp8152] phase=fixture_slots completed=128 pending=128
[exp8152] phase=fixture_slots completed=160 pending=96
[exp8152] phase=fixture_slots completed=192 pending=64
[exp8152] phase=fixture_slots completed=224 pending=32
[exp8152] phase=fixture_slots completed=256 pending=0
[exp8180] phase=after_fixture_benchmark_learnable completed=13 pending=7
[exp8180] phase=before_fixture_benchmark_learnable completed=13 pending=7
[exp8152] phase=fixture_slots completed=32 pending=224
[exp8152] phase=fixture_slots completed=64 pending=192
[exp8152] phase=fixture_slots completed=96 pending=160
[exp8152] phase=fixture_slots completed=128 pending=128
[exp8152] phase=fixture_slots completed=160 pending=96
[exp8152] phase=fixture_slots completed=192 pending=64
[exp8152] phase=fixture_slots completed=224 pending=32
[exp8152] phase=fixture_slots completed=256 pending=0
[exp8180] phase=after_fixture_benchmark_learnable completed=14 pending=6
[exp8180] phase=before_fixture_benchmark_learnable completed=14 pending=6
[exp8152] phase=fixture_slots completed=32 pending=224
[exp8152] phase=fixture_slots completed=64 pending=192
[exp8152] phase=fixture_slots completed=96 pending=160
[exp8152] phase=fixture_slots completed=128 pending=128
[exp8152] phase=fixture_slots completed=160 pending=96
[exp8152] phase=fixture_slots completed=192 pending=64
[exp8152] phase=fixture_slots completed=224 pending=32
[exp8152] phase=fixture_slots completed=256 pending=0
[exp8180] phase=after_fixture_benchmark_learnable completed=15 pending=5
[exp8180] phase=before_fixture_benchmark_learnable completed=15 pending=5
[exp8152] phase=fixture_slots completed=32 pending=224
[exp8152] phase=fixture_slots completed=64 pending=192
[exp8152] phase=fixture_slots completed=96 pending=160
[exp8152] phase=fixture_slots completed=128 pending=128
[exp8152] phase=fixture_slots completed=160 pending=96
[exp8152] phase=fixture_slots completed=192 pending=64
[exp8152] phase=fixture_slots completed=224 pending=32
[exp8152] phase=fixture_slots completed=256 pending=0
[exp8180] phase=after_fixture_benchmark_learnable completed=16 pending=4
[exp8180] phase=before_fixture_benchmark_learnable completed=16 pending=4
[exp8152] phase=fixture_slots completed=32 pending=224
[exp8152] phase=fixture_slots completed=64 pending=192
[exp8152] phase=fixture_slots completed=96 pending=160
[exp8152] phase=fixture_slots completed=128 pending=128
[exp8152] phase=fixture_slots completed=160 pending=96
[exp8152] phase=fixture_slots completed=192 pending=64
[exp8152] phase=fixture_slots completed=224 pending=32
[exp8152] phase=fixture_slots completed=256 pending=0
[exp8180] phase=after_fixture_benchmark_learnable completed=17 pending=3
[exp8180] phase=before_fixture_benchmark_learnable completed=17 pending=3
[exp8152] phase=fixture_slots completed=32 pending=224
[exp8152] phase=fixture_slots completed=64 pending=192
[exp8152] phase=fixture_slots completed=96 pending=160
[exp8152] phase=fixture_slots completed=128 pending=128
[exp8152] phase=fixture_slots completed=160 pending=96
[exp8152] phase=fixture_slots completed=192 pending=64
[exp8152] phase=fixture_slots completed=224 pending=32
[exp8152] phase=fixture_slots completed=256 pending=0
[exp8180] phase=after_fixture_benchmark_learnable completed=18 pending=2
[exp8180] phase=before_fixture_benchmark_learnable completed=18 pending=2
[exp8152] phase=fixture_slots completed=32 pending=224
[exp8152] phase=fixture_slots completed=64 pending=192
[exp8152] phase=fixture_slots completed=96 pending=160
[exp8152] phase=fixture_slots completed=128 pending=128
[exp8152] phase=fixture_slots completed=160 pending=96
[exp8152] phase=fixture_slots completed=192 pending=64
[exp8152] phase=fixture_slots completed=224 pending=32
[exp8152] phase=fixture_slots completed=256 pending=0
[exp8180] phase=after_fixture_benchmark_learnable completed=19 pending=1
[exp8180] phase=before_fixture_benchmark_learnable completed=19 pending=1
[exp8152] phase=fixture_slots completed=32 pending=224
[exp8152] phase=fixture_slots completed=64 pending=192
[exp8152] phase=fixture_slots completed=96 pending=160
[exp8152] phase=fixture_slots completed=128 pending=128
[exp8152] phase=fixture_slots completed=160 pending=96
[exp8152] phase=fixture_slots completed=192 pending=64
[exp8152] phase=fixture_slots completed=224 pending=32
[exp8152] phase=fixture_slots completed=256 pending=0
[exp8180] phase=after_fixture_benchmark_learnable completed=20 pending=0
[exp8180] phase=before_fixture_benchmark_no_signal completed=0 pending=20
[exp8152] phase=fixture_slots completed=32 pending=224
[exp8152] phase=fixture_slots completed=64 pending=192
[exp8152] phase=fixture_slots completed=96 pending=160
[exp8152] phase=fixture_slots completed=128 pending=128
[exp8152] phase=fixture_slots completed=160 pending=96
[exp8152] phase=fixture_slots completed=192 pending=64
[exp8152] phase=fixture_slots completed=224 pending=32
[exp8152] phase=fixture_slots completed=256 pending=0
[exp8180] phase=after_fixture_benchmark_no_signal completed=1 pending=19
[exp8180] phase=before_fixture_benchmark_no_signal completed=1 pending=19
[exp8152] phase=fixture_slots completed=32 pending=224
[exp8152] phase=fixture_slots completed=64 pending=192
[exp8152] phase=fixture_slots completed=96 pending=160
[exp8152] phase=fixture_slots completed=128 pending=128
[exp8152] phase=fixture_slots completed=160 pending=96
[exp8152] phase=fixture_slots completed=192 pending=64
[exp8152] phase=fixture_slots completed=224 pending=32
[exp8152] phase=fixture_slots completed=256 pending=0
[exp8180] phase=after_fixture_benchmark_no_signal completed=2 pending=18
[exp8180] phase=before_fixture_benchmark_no_signal completed=2 pending=18
[exp8152] phase=fixture_slots completed=32 pending=224
[exp8152] phase=fixture_slots completed=64 pending=192
[exp8152] phase=fixture_slots completed=96 pending=160
[exp8152] phase=fixture_slots completed=128 pending=128
[exp8152] phase=fixture_slots completed=160 pending=96
[exp8152] phase=fixture_slots completed=192 pending=64
[exp8152] phase=fixture_slots completed=224 pending=32
[exp8152] phase=fixture_slots completed=256 pending=0
[exp8180] phase=after_fixture_benchmark_no_signal completed=3 pending=17
[exp8180] phase=before_fixture_benchmark_no_signal completed=3 pending=17
[exp8152] phase=fixture_slots completed=32 pending=224
[exp8152] phase=fixture_slots completed=64 pending=192
[exp8152] phase=fixture_slots completed=96 pending=160
[exp8152] phase=fixture_slots completed=128 pending=128
[exp8152] phase=fixture_slots completed=160 pending=96
[exp8152] phase=fixture_slots completed=192 pending=64
[exp8152] phase=fixture_slots completed=224 pending=32
[exp8152] phase=fixture_slots completed=256 pending=0
[exp8180] phase=after_fixture_benchmark_no_signal completed=4 pending=16
[exp8180] phase=before_fixture_benchmark_no_signal completed=4 pending=16
[exp8152] phase=fixture_slots completed=32 pending=224
[exp8152] phase=fixture_slots completed=64 pending=192
[exp8152] phase=fixture_slots completed=96 pending=160
[exp8152] phase=fixture_slots completed=128 pending=128
[exp8152] phase=fixture_slots completed=160 pending=96
[exp8152] phase=fixture_slots completed=192 pending=64
[exp8152] phase=fixture_slots completed=224 pending=32
[exp8152] phase=fixture_slots completed=256 pending=0
[exp8180] phase=after_fixture_benchmark_no_signal completed=5 pending=15
[exp8180] phase=before_fixture_benchmark_no_signal completed=5 pending=15
[exp8152] phase=fixture_slots completed=32 pending=224
[exp8152] phase=fixture_slots completed=64 pending=192
[exp8152] phase=fixture_slots completed=96 pending=160
[exp8152] phase=fixture_slots completed=128 pending=128
[exp8152] phase=fixture_slots completed=160 pending=96
[exp8152] phase=fixture_slots completed=192 pending=64
[exp8152] phase=fixture_slots completed=224 pending=32
[exp8152] phase=fixture_slots completed=256 pending=0
[exp8180] phase=after_fixture_benchmark_no_signal completed=6 pending=14
[exp8180] phase=before_fixture_benchmark_no_signal completed=6 pending=14
[exp8152] phase=fixture_slots completed=32 pending=224
[exp8152] phase=fixture_slots completed=64 pending=192
[exp8152] phase=fixture_slots completed=96 pending=160
[exp8152] phase=fixture_slots completed=128 pending=128
[exp8152] phase=fixture_slots completed=160 pending=96
[exp8152] phase=fixture_slots completed=192 pending=64
[exp8152] phase=fixture_slots completed=224 pending=32
[exp8152] phase=fixture_slots completed=256 pending=0
[exp8180] phase=after_fixture_benchmark_no_signal completed=7 pending=13
[exp8180] phase=before_fixture_benchmark_no_signal completed=7 pending=13
[exp8152] phase=fixture_slots completed=32 pending=224
[exp8152] phase=fixture_slots completed=64 pending=192
[exp8152] phase=fixture_slots completed=96 pending=160
[exp8152] phase=fixture_slots completed=128 pending=128
[exp8152] phase=fixture_slots completed=160 pending=96
[exp8152] phase=fixture_slots completed=192 pending=64
[exp8152] phase=fixture_slots completed=224 pending=32
[exp8152] phase=fixture_slots completed=256 pending=0
[exp8180] phase=after_fixture_benchmark_no_signal completed=8 pending=12
[exp8180] phase=before_fixture_benchmark_no_signal completed=8 pending=12
[exp8152] phase=fixture_slots completed=32 pending=224
[exp8152] phase=fixture_slots completed=64 pending=192
[exp8152] phase=fixture_slots completed=96 pending=160
[exp8152] phase=fixture_slots completed=128 pending=128
[exp8152] phase=fixture_slots completed=160 pending=96
[exp8152] phase=fixture_slots completed=192 pending=64
[exp8152] phase=fixture_slots completed=224 pending=32
[exp8152] phase=fixture_slots completed=256 pending=0
[exp8180] phase=after_fixture_benchmark_no_signal completed=9 pending=11
[exp8180] phase=before_fixture_benchmark_no_signal completed=9 pending=11
[exp8152] phase=fixture_slots completed=32 pending=224
[exp8152] phase=fixture_slots completed=64 pending=192
[exp8152] phase=fixture_slots completed=96 pending=160
[exp8152] phase=fixture_slots completed=128 pending=128
[exp8152] phase=fixture_slots completed=160 pending=96
[exp8152] phase=fixture_slots completed=192 pending=64
[exp8152] phase=fixture_slots completed=224 pending=32
[exp8152] phase=fixture_slots completed=256 pending=0
[exp8180] phase=after_fixture_benchmark_no_signal completed=10 pending=10
[exp8180] phase=before_fixture_benchmark_no_signal completed=10 pending=10
[exp8152] phase=fixture_slots completed=32 pending=224
[exp8152] phase=fixture_slots completed=64 pending=192
[exp8152] phase=fixture_slots completed=96 pending=160
[exp8152] phase=fixture_slots completed=128 pending=128
[exp8152] phase=fixture_slots completed=160 pending=96
[exp8152] phase=fixture_slots completed=192 pending=64
[exp8152] phase=fixture_slots completed=224 pending=32
[exp8152] phase=fixture_slots completed=256 pending=0
[exp8180] phase=after_fixture_benchmark_no_signal completed=11 pending=9
[exp8180] phase=before_fixture_benchmark_no_signal completed=11 pending=9
[exp8152] phase=fixture_slots completed=32 pending=224
[exp8152] phase=fixture_slots completed=64 pending=192
[exp8152] phase=fixture_slots completed=96 pending=160
[exp8152] phase=fixture_slots completed=128 pending=128
[exp8152] phase=fixture_slots completed=160 pending=96
[exp8152] phase=fixture_slots completed=192 pending=64
[exp8152] phase=fixture_slots completed=224 pending=32
[exp8152] phase=fixture_slots completed=256 pending=0
[exp8180] phase=after_fixture_benchmark_no_signal completed=12 pending=8
[exp8180] phase=before_fixture_benchmark_no_signal completed=12 pending=8
[exp8152] phase=fixture_slots completed=32 pending=224
[exp8152] phase=fixture_slots completed=64 pending=192
[exp8152] phase=fixture_slots completed=96 pending=160
[exp8152] phase=fixture_slots completed=128 pending=128
[exp8152] phase=fixture_slots completed=160 pending=96
[exp8152] phase=fixture_slots completed=192 pending=64
[exp8152] phase=fixture_slots completed=224 pending=32
[exp8152] phase=fixture_slots completed=256 pending=0
[exp8180] phase=after_fixture_benchmark_no_signal completed=13 pending=7
[exp8180] phase=before_fixture_benchmark_no_signal completed=13 pending=7
[exp8152] phase=fixture_slots completed=32 pending=224
[exp8152] phase=fixture_slots completed=64 pending=192
[exp8152] phase=fixture_slots completed=96 pending=160
[exp8152] phase=fixture_slots completed=128 pending=128
[exp8152] phase=fixture_slots completed=160 pending=96
[exp8152] phase=fixture_slots completed=192 pending=64
[exp8152] phase=fixture_slots completed=224 pending=32
[exp8152] phase=fixture_slots completed=256 pending=0
[exp8180] phase=after_fixture_benchmark_no_signal completed=14 pending=6
[exp8180] phase=before_fixture_benchmark_no_signal completed=14 pending=6
[exp8152] phase=fixture_slots completed=32 pending=224
[exp8152] phase=fixture_slots completed=64 pending=192
[exp8152] phase=fixture_slots completed=96 pending=160
[exp8152] phase=fixture_slots completed=128 pending=128
[exp8152] phase=fixture_slots completed=160 pending=96
[exp8152] phase=fixture_slots completed=192 pending=64
[exp8152] phase=fixture_slots completed=224 pending=32
[exp8152] phase=fixture_slots completed=256 pending=0
[exp8180] phase=after_fixture_benchmark_no_signal completed=15 pending=5
[exp8180] phase=before_fixture_benchmark_no_signal completed=15 pending=5
[exp8152] phase=fixture_slots completed=32 pending=224
[exp8152] phase=fixture_slots completed=64 pending=192
[exp8152] phase=fixture_slots completed=96 pending=160
[exp8152] phase=fixture_slots completed=128 pending=128
[exp8152] phase=fixture_slots completed=160 pending=96
[exp8152] phase=fixture_slots completed=192 pending=64
[exp8152] phase=fixture_slots completed=224 pending=32
[exp8152] phase=fixture_slots completed=256 pending=0
[exp8180] phase=after_fixture_benchmark_no_signal completed=16 pending=4
[exp8180] phase=before_fixture_benchmark_no_signal completed=16 pending=4
[exp8152] phase=fixture_slots completed=32 pending=224
[exp8152] phase=fixture_slots completed=64 pending=192
[exp8152] phase=fixture_slots completed=96 pending=160
[exp8152] phase=fixture_slots completed=128 pending=128
[exp8152] phase=fixture_slots completed=160 pending=96
[exp8152] phase=fixture_slots completed=192 pending=64
[exp8152] phase=fixture_slots completed=224 pending=32
[exp8152] phase=fixture_slots completed=256 pending=0
[exp8180] phase=after_fixture_benchmark_no_signal completed=17 pending=3
[exp8180] phase=before_fixture_benchmark_no_signal completed=17 pending=3
[exp8152] phase=fixture_slots completed=32 pending=224
[exp8152] phase=fixture_slots completed=64 pending=192
[exp8152] phase=fixture_slots completed=96 pending=160
[exp8152] phase=fixture_slots completed=128 pending=128
[exp8152] phase=fixture_slots completed=160 pending=96
[exp8152] phase=fixture_slots completed=192 pending=64
[exp8152] phase=fixture_slots completed=224 pending=32
[exp8152] phase=fixture_slots completed=256 pending=0
[exp8180] phase=after_fixture_benchmark_no_signal completed=18 pending=2
[exp8180] phase=before_fixture_benchmark_no_signal completed=18 pending=2
[exp8152] phase=fixture_slots completed=32 pending=224
[exp8152] phase=fixture_slots completed=64 pending=192
[exp8152] phase=fixture_slots completed=96 pending=160
[exp8152] phase=fixture_slots completed=128 pending=128
[exp8152] phase=fixture_slots completed=160 pending=96
[exp8152] phase=fixture_slots completed=192 pending=64
[exp8152] phase=fixture_slots completed=224 pending=32
[exp8152] phase=fixture_slots completed=256 pending=0
[exp8180] phase=after_fixture_benchmark_no_signal completed=19 pending=1
[exp8180] phase=before_fixture_benchmark_no_signal completed=19 pending=1
[exp8152] phase=fixture_slots completed=32 pending=224
[exp8152] phase=fixture_slots completed=64 pending=192
[exp8152] phase=fixture_slots completed=96 pending=160
[exp8152] phase=fixture_slots completed=128 pending=128
[exp8152] phase=fixture_slots completed=160 pending=96
[exp8152] phase=fixture_slots completed=192 pending=64
[exp8152] phase=fixture_slots completed=224 pending=32
[exp8152] phase=fixture_slots completed=256 pending=0
[exp8180] phase=after_fixture_benchmark_no_signal completed=20 pending=0
[exp8152] phase=fixture_slots completed=32 pending=224
[exp8152] phase=fixture_slots completed=64 pending=192
[exp8152] phase=fixture_slots completed=96 pending=160
[exp8152] phase=fixture_slots completed=128 pending=128
[exp8152] phase=fixture_slots completed=160 pending=96
[exp8152] phase=fixture_slots completed=192 pending=64
[exp8152] phase=fixture_slots completed=224 pending=32
[exp8152] phase=fixture_slots completed=256 pending=0
[exp8180] phase=before_subprocess_hard_restart_crash completed=0 pending=2
[exp7303-validation] before_subprocess hard_restart_crash elapsed_s=0.000 unit=1/1
[exp7303-validation:hard_restart_crash] [exp8152] phase=fixture_slots completed=32 pending=224
[exp7303-validation:hard_restart_crash] [exp8152] phase=fixture_slots completed=64 pending=192
[exp7303-validation:hard_restart_crash] [exp8180] phase=intentional_hard_exit completed=90 pending=21
[exp7303-validation] after_subprocess hard_restart_crash elapsed_s=3.856 exit=73 unit=1/1
[exp8180] phase=after_subprocess_hard_restart_crash completed=1 pending=1
[exp8180] phase=before_subprocess_hard_restart_resume completed=1 pending=1
[exp7303-validation] before_subprocess hard_restart_resume elapsed_s=0.000 unit=1/1
[exp7303-validation:hard_restart_resume] [exp8152] phase=fixture_slots completed=96 pending=160
[exp7303-validation:hard_restart_resume] [exp8152] phase=fixture_slots completed=128 pending=128
[exp7303-validation:hard_restart_resume] [exp8152] phase=fixture_slots completed=160 pending=96
[exp7303-validation:hard_restart_resume] [exp8152] phase=fixture_slots completed=192 pending=64
[exp7303-validation:hard_restart_resume] [exp8152] phase=fixture_slots completed=224 pending=32
[exp7303-validation:hard_restart_resume] [exp8152] phase=fixture_slots completed=256 pending=0
[exp7303-validation] after_subprocess hard_restart_resume elapsed_s=6.260 exit=0 unit=1/1
[exp8180] phase=after_subprocess_hard_restart_resume completed=2 pending=0
[exp8180] phase=measurement_complete completed=40 pending=0
[exp8193] phase=measurement_complete completed=40 pending=0
[exp8193] phase=cold_replay_start completed=0 pending=0
[exp8152] phase=fixture_slots completed=32 pending=224
[exp8152] phase=fixture_slots completed=64 pending=192
[exp8152] phase=fixture_slots completed=96 pending=160
[exp8152] phase=fixture_slots completed=128 pending=128
[exp8152] phase=fixture_slots completed=160 pending=96
[exp8152] phase=fixture_slots completed=192 pending=64
[exp8152] phase=fixture_slots completed=224 pending=32
[exp8152] phase=fixture_slots completed=256 pending=0
[exp8180] phase=cold_replay_states completed=1 pending=39
[exp8152] phase=fixture_slots completed=32 pending=224
[exp8152] phase=fixture_slots completed=64 pending=192
[exp8152] phase=fixture_slots completed=96 pending=160
[exp8152] phase=fixture_slots completed=128 pending=128
[exp8152] phase=fixture_slots completed=160 pending=96
[exp8152] phase=fixture_slots completed=192 pending=64
[exp8152] phase=fixture_slots completed=224 pending=32
[exp8152] phase=fixture_slots completed=256 pending=0
[exp8180] phase=cold_replay_states completed=2 pending=38
[exp8152] phase=fixture_slots completed=32 pending=224
[exp8152] phase=fixture_slots completed=64 pending=192
[exp8152] phase=fixture_slots completed=96 pending=160
[exp8152] phase=fixture_slots completed=128 pending=128
[exp8152] phase=fixture_slots completed=160 pending=96
[exp8152] phase=fixture_slots completed=192 pending=64
[exp8152] phase=fixture_slots completed=224 pending=32
[exp8152] phase=fixture_slots completed=256 pending=0
[exp8180] phase=cold_replay_states completed=3 pending=37
[exp8152] phase=fixture_slots completed=32 pending=224
[exp8152] phase=fixture_slots completed=64 pending=192
[exp8152] phase=fixture_slots completed=96 pending=160
[exp8152] phase=fixture_slots completed=128 pending=128
[exp8152] phase=fixture_slots completed=160 pending=96
[exp8152] phase=fixture_slots completed=192 pending=64
[exp8152] phase=fixture_slots completed=224 pending=32
[exp8152] phase=fixture_slots completed=256 pending=0
[exp8180] phase=cold_replay_states completed=4 pending=36
[exp8152] phase=fixture_slots completed=32 pending=224
[exp8152] phase=fixture_slots completed=64 pending=192
[exp8152] phase=fixture_slots completed=96 pending=160
[exp8152] phase=fixture_slots completed=128 pending=128
[exp8152] phase=fixture_slots completed=160 pending=96
[exp8152] phase=fixture_slots completed=192 pending=64
[exp8152] phase=fixture_slots completed=224 pending=32
[exp8152] phase=fixture_slots completed=256 pending=0
[exp8180] phase=cold_replay_states completed=5 pending=35
[exp8152] phase=fixture_slots completed=32 pending=224
[exp8152] phase=fixture_slots completed=64 pending=192
[exp8152] phase=fixture_slots completed=96 pending=160
[exp8152] phase=fixture_slots completed=128 pending=128
[exp8152] phase=fixture_slots completed=160 pending=96
[exp8152] phase=fixture_slots completed=192 pending=64
[exp8152] phase=fixture_slots completed=224 pending=32
[exp8152] phase=fixture_slots completed=256 pending=0
[exp8180] phase=cold_replay_states completed=6 pending=34
[exp8152] phase=fixture_slots completed=32 pending=224
[exp8152] phase=fixture_slots completed=64 pending=192
[exp8152] phase=fixture_slots completed=96 pending=160
[exp8152] phase=fixture_slots completed=128 pending=128
[exp8152] phase=fixture_slots completed=160 pending=96
[exp8152] phase=fixture_slots completed=192 pending=64
[exp8152] phase=fixture_slots completed=224 pending=32
[exp8152] phase=fixture_slots completed=256 pending=0
[exp8180] phase=cold_replay_states completed=7 pending=33
[exp8152] phase=fixture_slots completed=32 pending=224
[exp8152] phase=fixture_slots completed=64 pending=192
[exp8152] phase=fixture_slots completed=96 pending=160
[exp8152] phase=fixture_slots completed=128 pending=128
[exp8152] phase=fixture_slots completed=160 pending=96
[exp8152] phase=fixture_slots completed=192 pending=64
[exp8152] phase=fixture_slots completed=224 pending=32
[exp8152] phase=fixture_slots completed=256 pending=0
[exp8180] phase=cold_replay_states completed=8 pending=32
[exp8152] phase=fixture_slots completed=32 pending=224
[exp8152] phase=fixture_slots completed=64 pending=192
[exp8152] phase=fixture_slots completed=96 pending=160
[exp8152] phase=fixture_slots completed=128 pending=128
[exp8152] phase=fixture_slots completed=160 pending=96
[exp8152] phase=fixture_slots completed=192 pending=64
[exp8152] phase=fixture_slots completed=224 pending=32
[exp8152] phase=fixture_slots completed=256 pending=0
[exp8180] phase=cold_replay_states completed=9 pending=31
[exp8152] phase=fixture_slots completed=32 pending=224
[exp8152] phase=fixture_slots completed=64 pending=192
[exp8152] phase=fixture_slots completed=96 pending=160
[exp8152] phase=fixture_slots completed=128 pending=128
[exp8152] phase=fixture_slots completed=160 pending=96
[exp8152] phase=fixture_slots completed=192 pending=64
[exp8152] phase=fixture_slots completed=224 pending=32
[exp8152] phase=fixture_slots completed=256 pending=0
[exp8180] phase=cold_replay_states completed=10 pending=30
[exp8152] phase=fixture_slots completed=32 pending=224
[exp8152] phase=fixture_slots completed=64 pending=192
[exp8152] phase=fixture_slots completed=96 pending=160
[exp8152] phase=fixture_slots completed=128 pending=128
[exp8152] phase=fixture_slots completed=160 pending=96
[exp8152] phase=fixture_slots completed=192 pending=64
[exp8152] phase=fixture_slots completed=224 pending=32
[exp8152] phase=fixture_slots completed=256 pending=0
[exp8180] phase=cold_replay_states completed=11 pending=29
[exp8152] phase=fixture_slots completed=32 pending=224
[exp8152] phase=fixture_slots completed=64 pending=192
[exp8152] phase=fixture_slots completed=96 pending=160
[exp8152] phase=fixture_slots completed=128 pending=128
[exp8152] phase=fixture_slots completed=160 pending=96
[exp8152] phase=fixture_slots completed=192 pending=64
[exp8152] phase=fixture_slots completed=224 pending=32
[exp8152] phase=fixture_slots completed=256 pending=0
[exp8180] phase=cold_replay_states completed=12 pending=28
[exp8152] phase=fixture_slots completed=32 pending=224
[exp8152] phase=fixture_slots completed=64 pending=192
[exp8152] phase=fixture_slots completed=96 pending=160
[exp8152] phase=fixture_slots completed=128 pending=128
[exp8152] phase=fixture_slots completed=160 pending=96
[exp8152] phase=fixture_slots completed=192 pending=64
[exp8152] phase=fixture_slots completed=224 pending=32
[exp8152] phase=fixture_slots completed=256 pending=0
[exp8180] phase=cold_replay_states completed=13 pending=27
[exp8152] phase=fixture_slots completed=32 pending=224
[exp8152] phase=fixture_slots completed=64 pending=192
[exp8152] phase=fixture_slots completed=96 pending=160
[exp8152] phase=fixture_slots completed=128 pending=128
[exp8152] phase=fixture_slots completed=160 pending=96
[exp8152] phase=fixture_slots completed=192 pending=64
[exp8152] phase=fixture_slots completed=224 pending=32
[exp8152] phase=fixture_slots completed=256 pending=0
[exp8180] phase=cold_replay_states completed=14 pending=26
[exp8152] phase=fixture_slots completed=32 pending=224
[exp8152] phase=fixture_slots completed=64 pending=192
[exp8152] phase=fixture_slots completed=96 pending=160
[exp8152] phase=fixture_slots completed=128 pending=128
[exp8152] phase=fixture_slots completed=160 pending=96
[exp8152] phase=fixture_slots completed=192 pending=64
[exp8152] phase=fixture_slots completed=224 pending=32
[exp8152] phase=fixture_slots completed=256 pending=0
[exp8180] phase=cold_replay_states completed=15 pending=25
[exp8152] phase=fixture_slots completed=32 pending=224
[exp8152] phase=fixture_slots completed=64 pending=192
[exp8152] phase=fixture_slots completed=96 pending=160
[exp8152] phase=fixture_slots completed=128 pending=128
[exp8152] phase=fixture_slots completed=160 pending=96
[exp8152] phase=fixture_slots completed=192 pending=64
[exp8152] phase=fixture_slots completed=224 pending=32
[exp8152] phase=fixture_slots completed=256 pending=0
[exp8180] phase=cold_replay_states completed=16 pending=24
[exp8152] phase=fixture_slots completed=32 pending=224
[exp8152] phase=fixture_slots completed=64 pending=192
[exp8152] phase=fixture_slots completed=96 pending=160
[exp8152] phase=fixture_slots completed=128 pending=128
[exp8152] phase=fixture_slots completed=160 pending=96
[exp8152] phase=fixture_slots completed=192 pending=64
[exp8152] phase=fixture_slots completed=224 pending=32
[exp8152] phase=fixture_slots completed=256 pending=0
[exp8180] phase=cold_replay_states completed=17 pending=23
[exp8152] phase=fixture_slots completed=32 pending=224
[exp8152] phase=fixture_slots completed=64 pending=192
[exp8152] phase=fixture_slots completed=96 pending=160
[exp8152] phase=fixture_slots completed=128 pending=128
[exp8152] phase=fixture_slots completed=160 pending=96
[exp8152] phase=fixture_slots completed=192 pending=64
[exp8152] phase=fixture_slots completed=224 pending=32
[exp8152] phase=fixture_slots completed=256 pending=0
[exp8180] phase=cold_replay_states completed=18 pending=22
[exp8152] phase=fixture_slots completed=32 pending=224
[exp8152] phase=fixture_slots completed=64 pending=192
[exp8152] phase=fixture_slots completed=96 pending=160
[exp8152] phase=fixture_slots completed=128 pending=128
[exp8152] phase=fixture_slots completed=160 pending=96
[exp8152] phase=fixture_slots completed=192 pending=64
[exp8152] phase=fixture_slots completed=224 pending=32
[exp8152] phase=fixture_slots completed=256 pending=0
[exp8180] phase=cold_replay_states completed=19 pending=21
[exp8152] phase=fixture_slots completed=32 pending=224
[exp8152] phase=fixture_slots completed=64 pending=192
[exp8152] phase=fixture_slots completed=96 pending=160
[exp8152] phase=fixture_slots completed=128 pending=128
[exp8152] phase=fixture_slots completed=160 pending=96
[exp8152] phase=fixture_slots completed=192 pending=64
[exp8152] phase=fixture_slots completed=224 pending=32
[exp8152] phase=fixture_slots completed=256 pending=0
[exp8180] phase=cold_replay_states completed=20 pending=20
[exp8152] phase=fixture_slots completed=32 pending=224
[exp8152] phase=fixture_slots completed=64 pending=192
[exp8152] phase=fixture_slots completed=96 pending=160
[exp8152] phase=fixture_slots completed=128 pending=128
[exp8152] phase=fixture_slots completed=160 pending=96
[exp8152] phase=fixture_slots completed=192 pending=64
[exp8152] phase=fixture_slots completed=224 pending=32
[exp8152] phase=fixture_slots completed=256 pending=0
[exp8180] phase=cold_replay_states completed=21 pending=19
[exp8152] phase=fixture_slots completed=32 pending=224
[exp8152] phase=fixture_slots completed=64 pending=192
[exp8152] phase=fixture_slots completed=96 pending=160
[exp8152] phase=fixture_slots completed=128 pending=128
[exp8152] phase=fixture_slots completed=160 pending=96
[exp8152] phase=fixture_slots completed=192 pending=64
[exp8152] phase=fixture_slots completed=224 pending=32
[exp8152] phase=fixture_slots completed=256 pending=0
[exp8180] phase=cold_replay_states completed=22 pending=18
[exp8152] phase=fixture_slots completed=32 pending=224
[exp8152] phase=fixture_slots completed=64 pending=192
[exp8152] phase=fixture_slots completed=96 pending=160
[exp8152] phase=fixture_slots completed=128 pending=128
[exp8152] phase=fixture_slots completed=160 pending=96
[exp8152] phase=fixture_slots completed=192 pending=64
[exp8152] phase=fixture_slots completed=224 pending=32
[exp8152] phase=fixture_slots completed=256 pending=0
[exp8180] phase=cold_replay_states completed=23 pending=17
[exp8152] phase=fixture_slots completed=32 pending=224
[exp8152] phase=fixture_slots completed=64 pending=192
[exp8152] phase=fixture_slots completed=96 pending=160
[exp8152] phase=fixture_slots completed=128 pending=128
[exp8152] phase=fixture_slots completed=160 pending=96
[exp8152] phase=fixture_slots completed=192 pending=64
[exp8152] phase=fixture_slots completed=224 pending=32
[exp8152] phase=fixture_slots completed=256 pending=0
[exp8180] phase=cold_replay_states completed=24 pending=16
[exp8152] phase=fixture_slots completed=32 pending=224
[exp8152] phase=fixture_slots completed=64 pending=192
[exp8152] phase=fixture_slots completed=96 pending=160
[exp8152] phase=fixture_slots completed=128 pending=128
[exp8152] phase=fixture_slots completed=160 pending=96
[exp8152] phase=fixture_slots completed=192 pending=64
[exp8152] phase=fixture_slots completed=224 pending=32
[exp8152] phase=fixture_slots completed=256 pending=0
[exp8180] phase=cold_replay_states completed=25 pending=15
[exp8152] phase=fixture_slots completed=32 pending=224
[exp8152] phase=fixture_slots completed=64 pending=192
[exp8152] phase=fixture_slots completed=96 pending=160
[exp8152] phase=fixture_slots completed=128 pending=128
[exp8152] phase=fixture_slots completed=160 pending=96
[exp8152] phase=fixture_slots completed=192 pending=64
[exp8152] phase=fixture_slots completed=224 pending=32
[exp8152] phase=fixture_slots completed=256 pending=0
[exp8180] phase=cold_replay_states completed=26 pending=14
[exp8152] phase=fixture_slots completed=32 pending=224
[exp8152] phase=fixture_slots completed=64 pending=192
[exp8152] phase=fixture_slots completed=96 pending=160
[exp8152] phase=fixture_slots completed=128 pending=128
[exp8152] phase=fixture_slots completed=160 pending=96
[exp8152] phase=fixture_slots completed=192 pending=64
[exp8152] phase=fixture_slots completed=224 pending=32
[exp8152] phase=fixture_slots completed=256 pending=0
[exp8180] phase=cold_replay_states completed=27 pending=13
[exp8152] phase=fixture_slots completed=32 pending=224
[exp8152] phase=fixture_slots completed=64 pending=192
[exp8152] phase=fixture_slots completed=96 pending=160
[exp8152] phase=fixture_slots completed=128 pending=128
[exp8152] phase=fixture_slots completed=160 pending=96
[exp8152] phase=fixture_slots completed=192 pending=64
[exp8152] phase=fixture_slots completed=224 pending=32
[exp8152] phase=fixture_slots completed=256 pending=0
[exp8180] phase=cold_replay_states completed=28 pending=12
[exp8152] phase=fixture_slots completed=32 pending=224
[exp8152] phase=fixture_slots completed=64 pending=192
[exp8152] phase=fixture_slots completed=96 pending=160
[exp8152] phase=fixture_slots completed=128 pending=128
[exp8152] phase=fixture_slots completed=160 pending=96
[exp8152] phase=fixture_slots completed=192 pending=64
[exp8152] phase=fixture_slots completed=224 pending=32
[exp8152] phase=fixture_slots completed=256 pending=0
[exp8180] phase=cold_replay_states completed=29 pending=11
[exp8152] phase=fixture_slots completed=32 pending=224
[exp8152] phase=fixture_slots completed=64 pending=192
[exp8152] phase=fixture_slots completed=96 pending=160
[exp8152] phase=fixture_slots completed=128 pending=128
[exp8152] phase=fixture_slots completed=160 pending=96
[exp8152] phase=fixture_slots completed=192 pending=64
[exp8152] phase=fixture_slots completed=224 pending=32
[exp8152] phase=fixture_slots completed=256 pending=0
[exp8180] phase=cold_replay_states completed=30 pending=10
[exp8152] phase=fixture_slots completed=32 pending=224
[exp8152] phase=fixture_slots completed=64 pending=192
[exp8152] phase=fixture_slots completed=96 pending=160
[exp8152] phase=fixture_slots completed=128 pending=128
[exp8152] phase=fixture_slots completed=160 pending=96
[exp8152] phase=fixture_slots completed=192 pending=64
[exp8152] phase=fixture_slots completed=224 pending=32
[exp8152] phase=fixture_slots completed=256 pending=0
[exp8180] phase=cold_replay_states completed=31 pending=9
[exp8152] phase=fixture_slots completed=32 pending=224
[exp8152] phase=fixture_slots completed=64 pending=192
[exp8152] phase=fixture_slots completed=96 pending=160
[exp8152] phase=fixture_slots completed=128 pending=128
[exp8152] phase=fixture_slots completed=160 pending=96
[exp8152] phase=fixture_slots completed=192 pending=64
[exp8152] phase=fixture_slots completed=224 pending=32
[exp8152] phase=fixture_slots completed=256 pending=0
[exp8180] phase=cold_replay_states completed=32 pending=8
[exp8152] phase=fixture_slots completed=32 pending=224
[exp8152] phase=fixture_slots completed=64 pending=192
[exp8152] phase=fixture_slots completed=96 pending=160
[exp8152] phase=fixture_slots completed=128 pending=128
[exp8152] phase=fixture_slots completed=160 pending=96
[exp8152] phase=fixture_slots completed=192 pending=64
[exp8152] phase=fixture_slots completed=224 pending=32
[exp8152] phase=fixture_slots completed=256 pending=0
[exp8180] phase=cold_replay_states completed=33 pending=7
[exp8152] phase=fixture_slots completed=32 pending=224
[exp8152] phase=fixture_slots completed=64 pending=192
[exp8152] phase=fixture_slots completed=96 pending=160
[exp8152] phase=fixture_slots completed=128 pending=128
[exp8152] phase=fixture_slots completed=160 pending=96
[exp8152] phase=fixture_slots completed=192 pending=64
[exp8152] phase=fixture_slots completed=224 pending=32
[exp8152] phase=fixture_slots completed=256 pending=0
[exp8180] phase=cold_replay_states completed=34 pending=6
[exp8152] phase=fixture_slots completed=32 pending=224
[exp8152] phase=fixture_slots completed=64 pending=192
[exp8152] phase=fixture_slots completed=96 pending=160
[exp8152] phase=fixture_slots completed=128 pending=128
[exp8152] phase=fixture_slots completed=160 pending=96
[exp8152] phase=fixture_slots completed=192 pending=64
[exp8152] phase=fixture_slots completed=224 pending=32
[exp8152] phase=fixture_slots completed=256 pending=0
[exp8180] phase=cold_replay_states completed=35 pending=5
[exp8152] phase=fixture_slots completed=32 pending=224
[exp8152] phase=fixture_slots completed=64 pending=192
[exp8152] phase=fixture_slots completed=96 pending=160
[exp8152] phase=fixture_slots completed=128 pending=128
[exp8152] phase=fixture_slots completed=160 pending=96
[exp8152] phase=fixture_slots completed=192 pending=64
[exp8152] phase=fixture_slots completed=224 pending=32
[exp8152] phase=fixture_slots completed=256 pending=0
[exp8180] phase=cold_replay_states completed=36 pending=4
[exp8152] phase=fixture_slots completed=32 pending=224
[exp8152] phase=fixture_slots completed=64 pending=192
[exp8152] phase=fixture_slots completed=96 pending=160
[exp8152] phase=fixture_slots completed=128 pending=128
[exp8152] phase=fixture_slots completed=160 pending=96
[exp8152] phase=fixture_slots completed=192 pending=64
[exp8152] phase=fixture_slots completed=224 pending=32
[exp8152] phase=fixture_slots completed=256 pending=0
[exp8180] phase=cold_replay_states completed=37 pending=3
[exp8152] phase=fixture_slots completed=32 pending=224
[exp8152] phase=fixture_slots completed=64 pending=192
[exp8152] phase=fixture_slots completed=96 pending=160
[exp8152] phase=fixture_slots completed=128 pending=128
[exp8152] phase=fixture_slots completed=160 pending=96
[exp8152] phase=fixture_slots completed=192 pending=64
[exp8152] phase=fixture_slots completed=224 pending=32
[exp8152] phase=fixture_slots completed=256 pending=0
[exp8180] phase=cold_replay_states completed=38 pending=2
[exp8152] phase=fixture_slots completed=32 pending=224
[exp8152] phase=fixture_slots completed=64 pending=192
[exp8152] phase=fixture_slots completed=96 pending=160
[exp8152] phase=fixture_slots completed=128 pending=128
[exp8152] phase=fixture_slots completed=160 pending=96
[exp8152] phase=fixture_slots completed=192 pending=64
[exp8152] phase=fixture_slots completed=224 pending=32
[exp8152] phase=fixture_slots completed=256 pending=0
[exp8180] phase=cold_replay_states completed=39 pending=1
[exp8152] phase=fixture_slots completed=32 pending=224
[exp8152] phase=fixture_slots completed=64 pending=192
[exp8152] phase=fixture_slots completed=96 pending=160
[exp8152] phase=fixture_slots completed=128 pending=128
[exp8152] phase=fixture_slots completed=160 pending=96
[exp8152] phase=fixture_slots completed=192 pending=64
[exp8152] phase=fixture_slots completed=224 pending=32
[exp8152] phase=fixture_slots completed=256 pending=0
[exp8180] phase=cold_replay_states completed=40 pending=0
[exp8193] phase=cold_replay_complete completed=40 pending=0
[exp8193] phase=cold_replay_start completed=0 pending=0
[exp8193] phase=cold_replay_start completed=0 pending=0
[exp8193] phase=cold_replay_start completed=0 pending=0
[exp8193] phase=cold_replay_start completed=0 pending=0
.E[exp8193] phase=preconditions_start completed=0 pending=0
[exp8180] phase=preconditions_start completed=0 pending=0
[exp8180] phase=external_operand_blocked completed=6 pending=0
[exp8180] phase=measurement_complete completed=0 pending=0
[exp8193] phase=measurement_complete completed=0 pending=0
[exp8193] phase=preconditions_start completed=0 pending=0
[exp8180] phase=preconditions_start completed=0 pending=0
[exp8180] phase=external_operand_blocked completed=9 pending=0
[exp8180] phase=measurement_complete completed=0 pending=0
[exp8193] phase=measurement_complete completed=0 pending=0
.[exp8193] phase=cold_replay_start completed=0 pending=0
[exp8193] phase=cold_replay_start completed=0 pending=0
[exp8193] phase=cold_replay_start completed=0 pending=0
..[test8193] before_subprocess ['--fixture-output', '/tmp/pytest-carnot-ianblenke/20261006T092122-3756112-56a69677/test_private_cli_and_manifest0/experiment_8193_v708_learning_qualification.json']
F.[exp8152] phase=fixture_slots completed=32 pending=224
[exp8152] phase=fixture_slots completed=64 pending=192
[exp8152] phase=fixture_slots completed=96 pending=160
[exp8152] phase=fixture_slots completed=128 pending=128
[exp8152] phase=fixture_slots completed=160 pending=96
[exp8152] phase=fixture_slots completed=192 pending=64
[exp8152] phase=fixture_slots completed=224 pending=32
[exp8152] phase=fixture_slots completed=256 pending=0
[exp8152] phase=fixture_slots completed=32 pending=224
[exp8152] phase=fixture_slots completed=64 pending=192
[exp8152] phase=fixture_slots completed=96 pending=160
[exp8152] phase=fixture_slots completed=128 pending=128
[exp8152] phase=fixture_slots completed=160 pending=96
[exp8152] phase=fixture_slots completed=192 pending=64
[exp8152] phase=fixture_slots completed=224 pending=32
[exp8152] phase=fixture_slots completed=256 pending=0
[exp8152] phase=fixture_slots completed=32 pending=224
[exp8152] phase=fixture_slots completed=64 pending=192
[exp8152] phase=fixture_slots completed=96 pending=160
[exp8152] phase=fixture_slots completed=128 pending=128
[exp8152] phase=fixture_slots completed=160 pending=96
[exp8152] phase=fixture_slots completed=192 pending=64
[exp8152] phase=fixture_slots completed=224 pending=32
[exp8152] phase=fixture_slots completed=256 pending=0
.[exp8152] phase=fixture_slots completed=32 pending=224
[exp8152] phase=fixture_slots completed=64 pending=192
[exp8152] phase=fixture_slots completed=96 pending=160
[exp8152] phase=fixture_slots completed=128 pending=128
[exp8152] phase=fixture_slots completed=160 pending=96
[exp8152] phase=fixture_slots completed=192 pending=64
[exp8152] phase=fixture_slots completed=224 pending=32
[exp8152] phase=fixture_slots completed=256 pending=0
[exp8152] phase=fixture_slots completed=32 pending=224
[exp8152] phase=fixture_slots completed=64 pending=192
[exp8152] phase=fixture_slots completed=96 pending=160
[exp8152] phase=fixture_slots completed=128 pending=128
[exp8152] phase=fixture_slots completed=160 pending=96
[exp8152] phase=fixture_slots completed=192 pending=64
[exp8152] phase=fixture_slots completed=224 pending=32
[exp8152] phase=fixture_slots completed=256 pending=0
.
==================================== ERRORS ====================================
___________ ERROR at teardown of test_qualification_and_cold_replay ____________
Memory leak: +608MB

During handling of the above exception, another exception occurred:
Memory leak: +608MB
=================================== FAILURES ===================================
________________________ test_private_cli_and_manifest _________________________

tmp_path = PosixPath('/tmp/pytest-carnot-ianblenke/20261006T092122-3756112-56a69677/test_private_cli_and_manifest0')

    def test_private_cli_and_manifest(tmp_path):
        """SCENARIO-REPORT-8193-CLI: direct E2E success/block/tamper/replay."""
        from carnot.reporting import learning_qualification_execution_8193 as runner
    
        specs = runner.manifest(tmp_path, tmp_path / "candidate.json")
        static = [s for s in specs["commands"] if s["name"].startswith(("ruff", "strict_mypy"))]
        assert all(not any("::" in arg for arg in s["argv"]) for s in static)
        assert any(s["name"] == "E2E016_success" for s in specs["commands"])
        env = dict(os.environ, PYTHONUNBUFFERED="1", JAX_PLATFORMS="cpu")
        env.pop("PYTHONPATH", None)
        if env.get("COVERAGE_RCFILE"):
            env["COVERAGE_PROCESS_START"] = env["COVERAGE_RCFILE"]
        cli = [str(e.ROOT / ".venv/bin/python"), "-u", str(e.ROOT / e.CLI)]
    
        def child(args, expected):
            print("[test8193] before_subprocess", args, flush=True)
            result = subprocess.run(
                cli + args, cwd=tmp_path, env=env, capture_output=True, text=True, timeout=240
            )
            print("[test8193] after_subprocess", result.returncode, flush=True)
            assert result.returncode == expected, result.stdout + result.stderr
    
        path = tmp_path / (e.NAME + ".json")
>       child(["--fixture-output", str(path)], 0)

tests/python/test_learning_qualification_8193.py:183: 
_ _ _ _ _ _ _ _ _ _ _ _ _ _ _ _ _ _ _ _ _ _ _ _ _ _ _ _ _ _ _ _ _ _ _ _ _ _ _ _ 
tests/python/test_learning_qualification_8193.py:176: in child
    result = subprocess.run(
../../../.local/share/uv/python/cpython-3.12.13-linux-x86_64-gnu/lib/python3.12/subprocess.py:550: in run
    stdout, stderr = process.communicate(input, timeout=timeout)
                     ^^^^^^^^^^^^^^^^^^^^^^^^^^^^^^^^^^^^^^^^^^^
../../../.local/share/uv/python/cpython-3.12.13-linux-x86_64-gnu/lib/python3.12/subprocess.py:1209: in communicate
    stdout, stderr = self._communicate(input, endtime, timeout)
                     ^^^^^^^^^^^^^^^^^^^^^^^^^^^^^^^^^^^^^^^^^^
../../../.local/share/uv/python/cpython-3.12.13-linux-x86_64-gnu/lib/python3.12/subprocess.py:2116: in _communicate
    self._check_timeout(endtime, orig_timeout, stdout, stderr)
_ _ _ _ _ _ _ _ _ _ _ _ _ _ _ _ _ _ _ _ _ _ _ _ _ _ _ _ _ _ _ _ _ _ _ _ _ _ _ _ 

self = <Popen: returncode: -9 args: ['/home/ianblenke/github.com/ianblenke/carnot/....>
endtime = 940229.386851312, orig_timeout = 240
stdout_seq = [b'[exp8193] phase=start completed=0 pending=0\n', b'[exp8193] phase=preconditions_start completed=0 pending=0\n', b'[...custody completed=64 pending=256\n', b'[exp8111] phase=historical_completion_custody completed=128 pending=192\n', ...]
stderr_seq = [], skip_check_and_raise = False

    def _check_timeout(self, endtime, orig_timeout, stdout_seq, stderr_seq,
                       skip_check_and_raise=False):
        """Convenience for checking if a timeout has expired."""
        if endtime is None:
            return
        if skip_check_and_raise or _time() > endtime:
>           raise TimeoutExpired(
                    self.args, orig_timeout,
                    output=b''.join(stdout_seq) if stdout_seq else None,
                    stderr=b''.join(stderr_seq) if stderr_seq else None)
E           subprocess.TimeoutExpired: Command '['/home/ianblenke/github.com/ianblenke/carnot/.venv/bin/python', '-u', '/home/ianblenke/github.com/ianblenke/carnot/scripts/experiments/experiment_8193_v708_learning_qualification.py', '--fixture-output', '/tmp/pytest-carnot-ianblenke/20261006T092122-3756112-56a69677/test_private_cli_and_manifest0/experiment_8193_v708_learning_qualification.json']' timed out after 240 seconds

../../../.local/share/uv/python/cpython-3.12.13-linux-x86_64-gnu/lib/python3.12/subprocess.py:1253: TimeoutExpired
=========================== short test summary info ============================
FAILED tests/python/test_learning_qualification_8193.py::test_private_cli_and_manifest
ERROR tests/python/test_learning_qualification_8193.py::test_qualification_and_cold_replay
1 failed, 8 passed, 1 error in 839.05s (0:13:59)
