[exp7930] phase=start event=flushed completed=0 elapsed_s=0.001
[exp7930] phase=replay event=passed completed=16308 elapsed_s=0.287
[exp7930] phase=public_custody event=recompute exclusions completed=0 elapsed_s=0.354
[exp7930] phase=public_custody event=recompute exclusions completed=32 elapsed_s=2.595
[exp7930] phase=public_custody event=recompute exclusions completed=64 elapsed_s=5.586
[exp7930] phase=public_custody event=recompute exclusions completed=96 elapsed_s=7.877
[exp7930] phase=public_custody event=recompute exclusions completed=128 elapsed_s=10.389
[exp7930] phase=public_custody event=recompute exclusions completed=160 elapsed_s=12.686
[exp7930] phase=public_custody event=recompute exclusions completed=192 elapsed_s=14.655
[exp7930] phase=public_custody event=recompute exclusions completed=224 elapsed_s=16.859
[exp7930] phase=public_custody event=recompute exclusions completed=256 elapsed_s=19.379
[exp7930] phase=public_custody event=recompute exclusions completed=288 elapsed_s=21.629
[exp7930] phase=public_custody event=recompute exclusions completed=320 elapsed_s=24.395
[exp7930] phase=public_custody event=recompute exclusions completed=352 elapsed_s=26.477
[exp7930] phase=public_custody event=recompute exclusions completed=384 elapsed_s=27.947
[exp7930] phase=public_custody event=recompute exclusions completed=416 elapsed_s=30.035
[exp7930] phase=public_custody event=recompute exclusions completed=448 elapsed_s=31.988
[exp7930] phase=public_custody event=recompute exclusions completed=480 elapsed_s=33.929
[exp7930] phase=public_custody event=recompute exclusions completed=512 elapsed_s=36.472
[exp7930] phase=public_custody event=recompute exclusions completed=544 elapsed_s=38.663
[exp7930] phase=public_custody event=recompute exclusions completed=576 elapsed_s=41.227
[exp7930] phase=public_custody event=recompute exclusions completed=608 elapsed_s=44.573
[exp7930] phase=replay event=before arm=response_set seed=67801 role=fit completed=0 elapsed_s=89.805
[exp7930] phase=replay event=after arm=response_set seed=67801 role=fit completed=239 elapsed_s=90.765
[exp7930] phase=replay event=before arm=response_set seed=67801 role=tune completed=0 elapsed_s=102.299
[exp7930] phase=replay event=after arm=response_set seed=67801 role=tune completed=62 elapsed_s=103.168
[exp7930] phase=replay event=before arm=response_set seed=67801 role=policy_design completed=0 elapsed_s=107.632
[exp7930] phase=replay event=after arm=response_set seed=67801 role=policy_design completed=29 elapsed_s=108.589
[exp7930] phase=replay event=before arm=response_set seed=67801 role=calibration_replay completed=0 elapsed_s=112.406
[exp7930] phase=replay event=after arm=response_set seed=67801 role=calibration_replay completed=29 elapsed_s=113.220
[exp7930] phase=replay event=before arm=response_set seed=67801 role=online_update completed=0 elapsed_s=127.210
[exp7930] phase=replay event=after arm=response_set seed=67801 role=online_update completed=91 elapsed_s=128.091
[exp7930] phase=replay event=before arm=response_set seed=67801 role=online_admission completed=0 elapsed_s=139.087
[exp7930] phase=replay event=after arm=response_set seed=67801 role=online_admission completed=61 elapsed_s=139.959
[exp7930] phase=replay event=before arm=response_set seed=67801 role=evaluation completed=0 elapsed_s=153.647
[exp7930] phase=replay event=after arm=response_set seed=67801 role=evaluation completed=62 elapsed_s=154.514
[exp7930] phase=replay event=before arm=response_set seed=67801 role=retention completed=0 elapsed_s=158.885
[exp7930] phase=replay event=after arm=response_set seed=67801 role=retention completed=31 elapsed_s=159.764
[exp7930] phase=replay event=before arm=response_set seed=67802 role=fit completed=0 elapsed_s=159.768
[exp7930] phase=replay event=after arm=response_set seed=67802 role=fit completed=239 elapsed_s=159.785
[exp7930] phase=replay event=before arm=response_set seed=67802 role=tune completed=0 elapsed_s=159.788
[exp7930] phase=replay event=after arm=response_set seed=67802 role=tune completed=62 elapsed_s=159.794
[exp7930] phase=replay event=before arm=response_set seed=67802 role=policy_design completed=0 elapsed_s=159.797
[exp7930] phase=replay event=after arm=response_set seed=67802 role=policy_design completed=29 elapsed_s=159.799
[exp7930] phase=replay event=before arm=response_set seed=67802 role=calibration_replay completed=0 elapsed_s=159.802
[exp7930] phase=replay event=after arm=response_set seed=67802 role=calibration_replay completed=29 elapsed_s=159.805
[exp7930] phase=replay event=before arm=response_set seed=67802 role=online_update completed=0 elapsed_s=159.807
[exp7930] phase=replay event=after arm=response_set seed=67802 role=online_update completed=91 elapsed_s=159.813
[exp7930] phase=replay event=before arm=response_set seed=67802 role=online_admission completed=0 elapsed_s=159.815
[exp7930] phase=replay event=after arm=response_set seed=67802 role=online_admission completed=61 elapsed_s=159.819
[exp7930] phase=replay event=before arm=response_set seed=67802 role=evaluation completed=0 elapsed_s=159.822
[exp7930] phase=replay event=after arm=response_set seed=67802 role=evaluation completed=62 elapsed_s=159.826
[exp7930] phase=replay event=before arm=response_set seed=67802 role=retention completed=0 elapsed_s=159.829
[exp7930] phase=replay event=after arm=response_set seed=67802 role=retention completed=31 elapsed_s=159.832
[exp7930] phase=replay event=before arm=response_set seed=67803 role=fit completed=0 elapsed_s=159.836
[exp7930] phase=replay event=after arm=response_set seed=67803 role=fit completed=239 elapsed_s=159.852
[exp7930] phase=replay event=before arm=response_set seed=67803 role=tune completed=0 elapsed_s=159.855
[exp7930] phase=replay event=after arm=response_set seed=67803 role=tune completed=62 elapsed_s=159.860
[exp7930] phase=replay event=before arm=response_set seed=67803 role=policy_design completed=0 elapsed_s=159.863
[exp7930] phase=replay event=after arm=response_set seed=67803 role=policy_design completed=29 elapsed_s=159.866
[exp7930] phase=replay event=before arm=response_set seed=67803 role=calibration_replay completed=0 elapsed_s=159.868
[exp7930] phase=replay event=after arm=response_set seed=67803 role=calibration_replay completed=29 elapsed_s=159.871
[exp7930] phase=replay event=before arm=response_set seed=67803 role=online_update completed=0 elapsed_s=159.874
[exp7930] phase=replay event=after arm=response_set seed=67803 role=online_update completed=91 elapsed_s=159.880
[exp7930] phase=replay event=before arm=response_set seed=67803 role=online_admission completed=0 elapsed_s=159.883
[exp7930] phase=replay event=after arm=response_set seed=67803 role=online_admission completed=61 elapsed_s=159.886
[exp7930] phase=replay event=before arm=response_set seed=67803 role=evaluation completed=0 elapsed_s=159.889
[exp7930] phase=replay event=after arm=response_set seed=67803 role=evaluation completed=62 elapsed_s=159.894
[exp7930] phase=replay event=before arm=response_set seed=67803 role=retention completed=0 elapsed_s=159.897
[exp7930] phase=replay event=after arm=response_set seed=67803 role=retention completed=31 elapsed_s=159.900
[exp7930] phase=replay event=before arm=local_set seed=67801 role=fit completed=0 elapsed_s=159.904
[exp7930] phase=replay event=after arm=local_set seed=67801 role=fit completed=239 elapsed_s=159.921
[exp7930] phase=replay event=before arm=local_set seed=67801 role=tune completed=0 elapsed_s=159.924
[exp7930] phase=replay event=after arm=local_set seed=67801 role=tune completed=62 elapsed_s=159.929
[exp7930] phase=replay event=before arm=local_set seed=67801 role=policy_design completed=0 elapsed_s=159.932
[exp7930] phase=replay event=after arm=local_set seed=67801 role=policy_design completed=29 elapsed_s=159.935
[exp7930] phase=replay event=before arm=local_set seed=67801 role=calibration_replay completed=0 elapsed_s=159.938
[exp7930] phase=replay event=after arm=local_set seed=67801 role=calibration_replay completed=29 elapsed_s=159.940
[exp7930] phase=replay event=before arm=local_set seed=67801 role=online_update completed=0 elapsed_s=159.943
[exp7930] phase=replay event=after arm=local_set seed=67801 role=online_update completed=91 elapsed_s=159.948
[exp7930] phase=replay event=before arm=local_set seed=67801 role=online_admission completed=0 elapsed_s=159.951
[exp7930] phase=replay event=after arm=local_set seed=67801 role=online_admission completed=61 elapsed_s=159.955
[exp7930] phase=replay event=before arm=local_set seed=67801 role=evaluation completed=0 elapsed_s=159.958
[exp7930] phase=replay event=after arm=local_set seed=67801 role=evaluation completed=62 elapsed_s=159.962
[exp7930] phase=replay event=before arm=local_set seed=67801 role=retention completed=0 elapsed_s=159.965
[exp7930] phase=replay event=after arm=local_set seed=67801 role=retention completed=31 elapsed_s=159.968
[exp7930] phase=replay event=before arm=local_set seed=67802 role=fit completed=0 elapsed_s=159.972
[exp7930] phase=replay event=after arm=local_set seed=67802 role=fit completed=239 elapsed_s=159.987
[exp7930] phase=replay event=before arm=local_set seed=67802 role=tune completed=0 elapsed_s=159.991
[exp7930] phase=replay event=after arm=local_set seed=67802 role=tune completed=62 elapsed_s=159.996
[exp7930] phase=replay event=before arm=local_set seed=67802 role=policy_design completed=0 elapsed_s=159.999
[exp7930] phase=replay event=after arm=local_set seed=67802 role=policy_design completed=29 elapsed_s=160.001
[exp7930] phase=replay event=before arm=local_set seed=67802 role=calibration_replay completed=0 elapsed_s=160.004
[exp7930] phase=replay event=after arm=local_set seed=67802 role=calibration_replay completed=29 elapsed_s=160.007
[exp7930] phase=replay event=before arm=local_set seed=67802 role=online_update completed=0 elapsed_s=160.010
[exp7930] phase=replay event=after arm=local_set seed=67802 role=online_update completed=91 elapsed_s=160.015
[exp7930] phase=replay event=before arm=local_set seed=67802 role=online_admission completed=0 elapsed_s=160.018
[exp7930] phase=replay event=after arm=local_set seed=67802 role=online_admission completed=61 elapsed_s=160.022
[exp7930] phase=replay event=before arm=local_set seed=67802 role=evaluation completed=0 elapsed_s=160.025
[exp7930] phase=replay event=after arm=local_set seed=67802 role=evaluation completed=62 elapsed_s=160.029
[exp7930] phase=replay event=before arm=local_set seed=67802 role=retention completed=0 elapsed_s=160.032
[exp7930] phase=replay event=after arm=local_set seed=67802 role=retention completed=31 elapsed_s=160.034
[exp7930] phase=replay event=before arm=local_set seed=67803 role=fit completed=0 elapsed_s=160.038
[exp7930] phase=replay event=after arm=local_set seed=67803 role=fit completed=239 elapsed_s=160.053
[exp7930] phase=replay event=before arm=local_set seed=67803 role=tune completed=0 elapsed_s=160.056
[exp7930] phase=replay event=after arm=local_set seed=67803 role=tune completed=62 elapsed_s=160.061
[exp7930] phase=replay event=before arm=local_set seed=67803 role=policy_design completed=0 elapsed_s=160.064
[exp7930] phase=replay event=after arm=local_set seed=67803 role=policy_design completed=29 elapsed_s=160.067
[exp7930] phase=replay event=before arm=local_set seed=67803 role=calibration_replay completed=0 elapsed_s=160.070
[exp7930] phase=replay event=after arm=local_set seed=67803 role=calibration_replay completed=29 elapsed_s=160.072
[exp7930] phase=replay event=before arm=local_set seed=67803 role=online_update completed=0 elapsed_s=160.075
[exp7930] phase=replay event=after arm=local_set seed=67803 role=online_update completed=91 elapsed_s=160.080
[exp7930] phase=replay event=before arm=local_set seed=67803 role=online_admission completed=0 elapsed_s=160.083
[exp7930] phase=replay event=after arm=local_set seed=67803 role=online_admission completed=61 elapsed_s=160.087
[exp7930] phase=replay event=before arm=local_set seed=67803 role=evaluation completed=0 elapsed_s=160.090
[exp7930] phase=replay event=after arm=local_set seed=67803 role=evaluation completed=62 elapsed_s=160.095
[exp7930] phase=replay event=before arm=local_set seed=67803 role=retention completed=0 elapsed_s=160.098
[exp7930] phase=replay event=after arm=local_set seed=67803 role=retention completed=31 elapsed_s=160.100
[exp7930] phase=replay event=before arm=augmented_set seed=67801 role=fit completed=0 elapsed_s=160.104
[exp7930] phase=replay event=after arm=augmented_set seed=67801 role=fit completed=239 elapsed_s=160.706
[exp7930] phase=replay event=before arm=augmented_set seed=67801 role=tune completed=0 elapsed_s=160.709
[exp7930] phase=replay event=after arm=augmented_set seed=67801 role=tune completed=62 elapsed_s=161.301
[exp7930] phase=replay event=before arm=augmented_set seed=67801 role=policy_design completed=0 elapsed_s=161.304
[exp7930] phase=replay event=after arm=augmented_set seed=67801 role=policy_design completed=29 elapsed_s=161.852
[exp7930] phase=replay event=before arm=augmented_set seed=67801 role=calibration_replay completed=0 elapsed_s=161.855
[exp7930] phase=replay event=after arm=augmented_set seed=67801 role=calibration_replay completed=29 elapsed_s=162.331
[exp7930] phase=replay event=before arm=augmented_set seed=67801 role=online_update completed=0 elapsed_s=162.334
[exp7930] phase=replay event=after arm=augmented_set seed=67801 role=online_update completed=91 elapsed_s=162.935
[exp7930] phase=replay event=before arm=augmented_set seed=67801 role=online_admission completed=0 elapsed_s=162.938
[exp7930] phase=replay event=after arm=augmented_set seed=67801 role=online_admission completed=61 elapsed_s=163.656
[exp7930] phase=replay event=before arm=augmented_set seed=67801 role=evaluation completed=0 elapsed_s=163.659
[exp7930] phase=replay event=after arm=augmented_set seed=67801 role=evaluation completed=62 elapsed_s=164.203
[exp7930] phase=replay event=before arm=augmented_set seed=67801 role=retention completed=0 elapsed_s=164.206
[exp7930] phase=replay event=after arm=augmented_set seed=67801 role=retention completed=31 elapsed_s=164.760
[exp7930] phase=replay event=before arm=augmented_set seed=67802 role=fit completed=0 elapsed_s=164.764
[exp7930] phase=replay event=after arm=augmented_set seed=67802 role=fit completed=239 elapsed_s=164.794
[exp7930] phase=replay event=before arm=augmented_set seed=67802 role=tune completed=0 elapsed_s=164.797
[exp7930] phase=replay event=after arm=augmented_set seed=67802 role=tune completed=62 elapsed_s=164.805
[exp7930] phase=replay event=before arm=augmented_set seed=67802 role=policy_design completed=0 elapsed_s=164.808
[exp7930] phase=replay event=after arm=augmented_set seed=67802 role=policy_design completed=29 elapsed_s=164.813
[exp7930] phase=replay event=before arm=augmented_set seed=67802 role=calibration_replay completed=0 elapsed_s=164.816
[exp7930] phase=replay event=after arm=augmented_set seed=67802 role=calibration_replay completed=29 elapsed_s=164.820
[exp7930] phase=replay event=before arm=augmented_set seed=67802 role=online_update completed=0 elapsed_s=164.823
[exp7930] phase=replay event=after arm=augmented_set seed=67802 role=online_update completed=91 elapsed_s=164.832
[exp7930] phase=replay event=before arm=augmented_set seed=67802 role=online_admission completed=0 elapsed_s=164.835
[exp7930] phase=replay event=after arm=augmented_set seed=67802 role=online_admission completed=61 elapsed_s=164.840
[exp7930] phase=replay event=before arm=augmented_set seed=67802 role=evaluation completed=0 elapsed_s=164.843
[exp7930] phase=replay event=after arm=augmented_set seed=67802 role=evaluation completed=62 elapsed_s=164.851
[exp7930] phase=replay event=before arm=augmented_set seed=67802 role=retention completed=0 elapsed_s=164.854
[exp7930] phase=replay event=after arm=augmented_set seed=67802 role=retention completed=31 elapsed_s=164.858
[exp7930] phase=replay event=before arm=augmented_set seed=67803 role=fit completed=0 elapsed_s=164.862
[exp7930] phase=replay event=after arm=augmented_set seed=67803 role=fit completed=239 elapsed_s=164.888
[exp7930] phase=replay event=before arm=augmented_set seed=67803 role=tune completed=0 elapsed_s=164.891
[exp7930] phase=replay event=after arm=augmented_set seed=67803 role=tune completed=62 elapsed_s=164.900
[exp7930] phase=replay event=before arm=augmented_set seed=67803 role=policy_design completed=0 elapsed_s=164.902
[exp7930] phase=replay event=after arm=augmented_set seed=67803 role=policy_design completed=29 elapsed_s=164.907
[exp7930] phase=replay event=before arm=augmented_set seed=67803 role=calibration_replay completed=0 elapsed_s=164.910
[exp7930] phase=replay event=after arm=augmented_set seed=67803 role=calibration_replay completed=29 elapsed_s=164.914
[exp7930] phase=replay event=before arm=augmented_set seed=67803 role=online_update completed=0 elapsed_s=164.917
[exp7930] phase=replay event=after arm=augmented_set seed=67803 role=online_update completed=91 elapsed_s=164.926
[exp7930] phase=replay event=before arm=augmented_set seed=67803 role=online_admission completed=0 elapsed_s=164.928
[exp7930] phase=replay event=after arm=augmented_set seed=67803 role=online_admission completed=61 elapsed_s=164.935
[exp7930] phase=replay event=before arm=augmented_set seed=67803 role=evaluation completed=0 elapsed_s=164.938
[exp7930] phase=replay event=after arm=augmented_set seed=67803 role=evaluation completed=62 elapsed_s=164.945
[exp7930] phase=replay event=before arm=augmented_set seed=67803 role=retention completed=0 elapsed_s=164.948
[exp7930] phase=replay event=after arm=augmented_set seed=67803 role=retention completed=31 elapsed_s=164.953
[exp7930] phase=replay event=before arm=constrained_set seed=67801 role=fit completed=0 elapsed_s=164.957
[exp7930] phase=replay event=after arm=constrained_set seed=67801 role=fit completed=239 elapsed_s=164.983
[exp7930] phase=replay event=before arm=constrained_set seed=67801 role=tune completed=0 elapsed_s=164.987
[exp7930] phase=replay event=after arm=constrained_set seed=67801 role=tune completed=62 elapsed_s=164.995
[exp7930] phase=replay event=before arm=constrained_set seed=67801 role=policy_design completed=0 elapsed_s=164.998
[exp7930] phase=replay event=after arm=constrained_set seed=67801 role=policy_design completed=29 elapsed_s=165.003
[exp7930] phase=replay event=before arm=constrained_set seed=67801 role=calibration_replay completed=0 elapsed_s=165.006
[exp7930] phase=replay event=after arm=constrained_set seed=67801 role=calibration_replay completed=29 elapsed_s=165.010
[exp7930] phase=replay event=before arm=constrained_set seed=67801 role=online_update completed=0 elapsed_s=165.013
[exp7930] phase=replay event=after arm=constrained_set seed=67801 role=online_update completed=91 elapsed_s=165.022
[exp7930] phase=replay event=before arm=constrained_set seed=67801 role=online_admission completed=0 elapsed_s=165.025
[exp7930] phase=replay event=after arm=constrained_set seed=67801 role=online_admission completed=61 elapsed_s=165.031
[exp7930] phase=replay event=before arm=constrained_set seed=67801 role=evaluation completed=0 elapsed_s=165.034
[exp7930] phase=replay event=after arm=constrained_set seed=67801 role=evaluation completed=62 elapsed_s=165.043
[exp7930] phase=replay event=before arm=constrained_set seed=67801 role=retention completed=0 elapsed_s=165.046
[exp7930] phase=replay event=after arm=constrained_set seed=67801 role=retention completed=31 elapsed_s=165.051
[exp7930] phase=replay event=before arm=constrained_set seed=67802 role=fit completed=0 elapsed_s=165.054
[exp7930] phase=replay event=after arm=constrained_set seed=67802 role=fit completed=239 elapsed_s=165.083
[exp7930] phase=replay event=before arm=constrained_set seed=67802 role=tune completed=0 elapsed_s=165.088
[exp7930] phase=replay event=after arm=constrained_set seed=67802 role=tune completed=62 elapsed_s=165.097
[exp7930] phase=replay event=before arm=constrained_set seed=67802 role=policy_design completed=0 elapsed_s=165.100
[exp7930] phase=replay event=after arm=constrained_set seed=67802 role=policy_design completed=29 elapsed_s=165.107
[exp7930] phase=replay event=before arm=constrained_set seed=67802 role=calibration_replay completed=0 elapsed_s=165.112
[exp7930] phase=replay event=after arm=constrained_set seed=67802 role=calibration_replay completed=29 elapsed_s=165.118
[exp7930] phase=replay event=before arm=constrained_set seed=67802 role=online_update completed=0 elapsed_s=165.121
[exp7930] phase=replay event=after arm=constrained_set seed=67802 role=online_update completed=91 elapsed_s=165.130
[exp7930] phase=replay event=before arm=constrained_set seed=67802 role=online_admission completed=0 elapsed_s=165.133
[exp7930] phase=replay event=after arm=constrained_set seed=67802 role=online_admission completed=61 elapsed_s=165.139
[exp7930] phase=replay event=before arm=constrained_set seed=67802 role=evaluation completed=0 elapsed_s=165.142
[exp7930] phase=replay event=after arm=constrained_set seed=67802 role=evaluation completed=62 elapsed_s=165.150
[exp7930] phase=replay event=before arm=constrained_set seed=67802 role=retention completed=0 elapsed_s=165.153
[exp7930] phase=replay event=after arm=constrained_set seed=67802 role=retention completed=31 elapsed_s=165.158
[exp7930] phase=replay event=before arm=constrained_set seed=67803 role=fit completed=0 elapsed_s=165.161
[exp7930] phase=replay event=after arm=constrained_set seed=67803 role=fit completed=239 elapsed_s=165.187
[exp7930] phase=replay event=before arm=constrained_set seed=67803 role=tune completed=0 elapsed_s=165.190
[exp7930] phase=replay event=after arm=constrained_set seed=67803 role=tune completed=62 elapsed_s=165.198
[exp7930] phase=replay event=before arm=constrained_set seed=67803 role=policy_design completed=0 elapsed_s=165.201
[exp7930] phase=replay event=after arm=constrained_set seed=67803 role=policy_design completed=29 elapsed_s=165.206
[exp7930] phase=replay event=before arm=constrained_set seed=67803 role=calibration_replay completed=0 elapsed_s=165.209
[exp7930] phase=replay event=after arm=constrained_set seed=67803 role=calibration_replay completed=29 elapsed_s=165.213
[exp7930] phase=replay event=before arm=constrained_set seed=67803 role=online_update completed=0 elapsed_s=165.216
[exp7930] phase=replay event=after arm=constrained_set seed=67803 role=online_update completed=91 elapsed_s=165.225
[exp7930] phase=replay event=before arm=constrained_set seed=67803 role=online_admission completed=0 elapsed_s=165.228
[exp7930] phase=replay event=after arm=constrained_set seed=67803 role=online_admission completed=61 elapsed_s=165.234
[exp7930] phase=replay event=before arm=constrained_set seed=67803 role=evaluation completed=0 elapsed_s=165.237
[exp7930] phase=replay event=after arm=constrained_set seed=67803 role=evaluation completed=62 elapsed_s=165.244
[exp7930] phase=replay event=before arm=constrained_set seed=67803 role=retention completed=0 elapsed_s=165.247
[exp7930] phase=replay event=after arm=constrained_set seed=67803 role=retention completed=31 elapsed_s=165.252
[exp7930] phase=replay event=before arm=augmented_mlp seed=67801 role=fit completed=0 elapsed_s=165.285
[exp7930] phase=replay event=after arm=augmented_mlp seed=67801 role=fit completed=239 elapsed_s=165.683
[exp7930] phase=replay event=before arm=augmented_mlp seed=67801 role=tune completed=0 elapsed_s=165.686
[exp7930] phase=replay event=after arm=augmented_mlp seed=67801 role=tune completed=62 elapsed_s=166.048
[exp7930] phase=replay event=before arm=augmented_mlp seed=67801 role=policy_design completed=0 elapsed_s=166.051
[exp7930] phase=replay event=after arm=augmented_mlp seed=67801 role=policy_design completed=29 elapsed_s=166.395
[exp7930] phase=replay event=before arm=augmented_mlp seed=67801 role=calibration_replay completed=0 elapsed_s=166.397
[exp7930] phase=replay event=after arm=augmented_mlp seed=67801 role=calibration_replay completed=29 elapsed_s=166.727
[exp7930] phase=replay event=before arm=augmented_mlp seed=67801 role=online_update completed=0 elapsed_s=166.730
[exp7930] phase=replay event=after arm=augmented_mlp seed=67801 role=online_update completed=91 elapsed_s=167.094
[exp7930] phase=replay event=before arm=augmented_mlp seed=67801 role=online_admission completed=0 elapsed_s=167.098
[exp7930] phase=replay event=after arm=augmented_mlp seed=67801 role=online_admission completed=61 elapsed_s=167.453
[exp7930] phase=replay event=before arm=augmented_mlp seed=67801 role=evaluation completed=0 elapsed_s=167.456
[exp7930] phase=replay event=after arm=augmented_mlp seed=67801 role=evaluation completed=62 elapsed_s=167.821
[exp7930] phase=replay event=before arm=augmented_mlp seed=67801 role=retention completed=0 elapsed_s=167.824
[exp7930] phase=replay event=after arm=augmented_mlp seed=67801 role=retention completed=31 elapsed_s=168.165
[exp7930] phase=replay event=before arm=augmented_mlp seed=67802 role=fit completed=0 elapsed_s=168.174
[exp7930] phase=replay event=after arm=augmented_mlp seed=67802 role=fit completed=239 elapsed_s=168.260
[exp7930] phase=replay event=before arm=augmented_mlp seed=67802 role=tune completed=0 elapsed_s=168.262
[exp7930] phase=replay event=after arm=augmented_mlp seed=67802 role=tune completed=62 elapsed_s=168.284
[exp7930] phase=replay event=before arm=augmented_mlp seed=67802 role=policy_design completed=0 elapsed_s=168.287
[exp7930] phase=replay event=after arm=augmented_mlp seed=67802 role=policy_design completed=29 elapsed_s=168.296
[exp7930] phase=replay event=before arm=augmented_mlp seed=67802 role=calibration_replay completed=0 elapsed_s=168.298
[exp7930] phase=replay event=after arm=augmented_mlp seed=67802 role=calibration_replay completed=29 elapsed_s=168.304
[exp7930] phase=replay event=before arm=augmented_mlp seed=67802 role=online_update completed=0 elapsed_s=168.307
[exp7930] phase=replay event=after arm=augmented_mlp seed=67802 role=online_update completed=91 elapsed_s=168.333
[exp7930] phase=replay event=before arm=augmented_mlp seed=67802 role=online_admission completed=0 elapsed_s=168.336
[exp7930] phase=replay event=after arm=augmented_mlp seed=67802 role=online_admission completed=61 elapsed_s=168.351
[exp7930] phase=replay event=before arm=augmented_mlp seed=67802 role=evaluation completed=0 elapsed_s=168.354
[exp7930] phase=replay event=after arm=augmented_mlp seed=67802 role=evaluation completed=62 elapsed_s=168.376
[exp7930] phase=replay event=before arm=augmented_mlp seed=67802 role=retention completed=0 elapsed_s=168.378
[exp7930] phase=replay event=after arm=augmented_mlp seed=67802 role=retention completed=31 elapsed_s=168.386
[exp7930] phase=replay event=before arm=augmented_mlp seed=67803 role=fit completed=0 elapsed_s=168.394
[exp7930] phase=replay event=after arm=augmented_mlp seed=67803 role=fit completed=239 elapsed_s=168.472
[exp7930] phase=replay event=before arm=augmented_mlp seed=67803 role=tune completed=0 elapsed_s=168.475
[exp7930] phase=replay event=after arm=augmented_mlp seed=67803 role=tune completed=62 elapsed_s=168.498
[exp7930] phase=replay event=before arm=augmented_mlp seed=67803 role=policy_design completed=0 elapsed_s=168.500
[exp7930] phase=replay event=after arm=augmented_mlp seed=67803 role=policy_design completed=29 elapsed_s=168.509
[exp7930] phase=replay event=before arm=augmented_mlp seed=67803 role=calibration_replay completed=0 elapsed_s=168.512
[exp7930] phase=replay event=after arm=augmented_mlp seed=67803 role=calibration_replay completed=29 elapsed_s=168.518
[exp7930] phase=replay event=before arm=augmented_mlp seed=67803 role=online_update completed=0 elapsed_s=168.520
[exp7930] phase=replay event=after arm=augmented_mlp seed=67803 role=online_update completed=91 elapsed_s=168.546
[exp7930] phase=replay event=before arm=augmented_mlp seed=67803 role=online_admission completed=0 elapsed_s=168.549
[exp7930] phase=replay event=after arm=augmented_mlp seed=67803 role=online_admission completed=61 elapsed_s=168.564
[exp7930] phase=replay event=before arm=augmented_mlp seed=67803 role=evaluation completed=0 elapsed_s=168.567
[exp7930] phase=replay event=after arm=augmented_mlp seed=67803 role=evaluation completed=62 elapsed_s=168.587
[exp7930] phase=replay event=before arm=augmented_mlp seed=67803 role=retention completed=0 elapsed_s=168.590
[exp7930] phase=replay event=after arm=augmented_mlp seed=67803 role=retention completed=31 elapsed_s=168.597
[exp7930] phase=replay event=before arm=constrained_mlp seed=67801 role=fit completed=0 elapsed_s=168.606
[exp7930] phase=replay event=after arm=constrained_mlp seed=67801 role=fit completed=239 elapsed_s=168.684
[exp7930] phase=replay event=before arm=constrained_mlp seed=67801 role=tune completed=0 elapsed_s=168.687
[exp7930] phase=replay event=after arm=constrained_mlp seed=67801 role=tune completed=62 elapsed_s=168.710
[exp7930] phase=replay event=before arm=constrained_mlp seed=67801 role=policy_design completed=0 elapsed_s=168.713
[exp7930] phase=replay event=after arm=constrained_mlp seed=67801 role=policy_design completed=29 elapsed_s=168.721
[exp7930] phase=replay event=before arm=constrained_mlp seed=67801 role=calibration_replay completed=0 elapsed_s=168.724
[exp7930] phase=replay event=after arm=constrained_mlp seed=67801 role=calibration_replay completed=29 elapsed_s=168.731
[exp7930] phase=replay event=before arm=constrained_mlp seed=67801 role=online_update completed=0 elapsed_s=168.733
[exp7930] phase=replay event=after arm=constrained_mlp seed=67801 role=online_update completed=91 elapsed_s=168.760
[exp7930] phase=replay event=before arm=constrained_mlp seed=67801 role=online_admission completed=0 elapsed_s=168.763
[exp7930] phase=replay event=after arm=constrained_mlp seed=67801 role=online_admission completed=61 elapsed_s=168.781
[exp7930] phase=replay event=before arm=constrained_mlp seed=67801 role=evaluation completed=0 elapsed_s=168.784
[exp7930] phase=replay event=after arm=constrained_mlp seed=67801 role=evaluation completed=62 elapsed_s=168.805
[exp7930] phase=replay event=before arm=constrained_mlp seed=67801 role=retention completed=0 elapsed_s=168.808
[exp7930] phase=replay event=after arm=constrained_mlp seed=67801 role=retention completed=31 elapsed_s=168.816
[exp7930] phase=replay event=before arm=constrained_mlp seed=67802 role=fit completed=0 elapsed_s=168.825
[exp7930] phase=replay event=after arm=constrained_mlp seed=67802 role=fit completed=239 elapsed_s=168.904
[exp7930] phase=replay event=before arm=constrained_mlp seed=67802 role=tune completed=0 elapsed_s=168.907
[exp7930] phase=replay event=after arm=constrained_mlp seed=67802 role=tune completed=62 elapsed_s=168.931
[exp7930] phase=replay event=before arm=constrained_mlp seed=67802 role=policy_design completed=0 elapsed_s=168.934
[exp7930] phase=replay event=after arm=constrained_mlp seed=67802 role=policy_design completed=29 elapsed_s=168.942
[exp7930] phase=replay event=before arm=constrained_mlp seed=67802 role=calibration_replay completed=0 elapsed_s=168.945
[exp7930] phase=replay event=after arm=constrained_mlp seed=67802 role=calibration_replay completed=29 elapsed_s=168.951
[exp7930] phase=replay event=before arm=constrained_mlp seed=67802 role=online_update completed=0 elapsed_s=168.954
[exp7930] phase=replay event=after arm=constrained_mlp seed=67802 role=online_update completed=91 elapsed_s=168.982
[exp7930] phase=replay event=before arm=constrained_mlp seed=67802 role=online_admission completed=0 elapsed_s=168.985
[exp7930] phase=replay event=after arm=constrained_mlp seed=67802 role=online_admission completed=61 elapsed_s=169.002
[exp7930] phase=replay event=before arm=constrained_mlp seed=67802 role=evaluation completed=0 elapsed_s=169.005
[exp7930] phase=replay event=after arm=constrained_mlp seed=67802 role=evaluation completed=62 elapsed_s=169.026
[exp7930] phase=replay event=before arm=constrained_mlp seed=67802 role=retention completed=0 elapsed_s=169.030
[exp7930] phase=replay event=after arm=constrained_mlp seed=67802 role=retention completed=31 elapsed_s=169.038
[exp7930] phase=replay event=before arm=constrained_mlp seed=67803 role=fit completed=0 elapsed_s=169.046
[exp7930] phase=replay event=after arm=constrained_mlp seed=67803 role=fit completed=239 elapsed_s=169.128
[exp7930] phase=replay event=before arm=constrained_mlp seed=67803 role=tune completed=0 elapsed_s=169.131
[exp7930] phase=replay event=after arm=constrained_mlp seed=67803 role=tune completed=62 elapsed_s=169.154
[exp7930] phase=replay event=before arm=constrained_mlp seed=67803 role=policy_design completed=0 elapsed_s=169.160
[exp7930] phase=replay event=after arm=constrained_mlp seed=67803 role=policy_design completed=29 elapsed_s=169.170
[exp7930] phase=replay event=before arm=constrained_mlp seed=67803 role=calibration_replay completed=0 elapsed_s=169.173
[exp7930] phase=replay event=after arm=constrained_mlp seed=67803 role=calibration_replay completed=29 elapsed_s=169.178
[exp7930] phase=replay event=before arm=constrained_mlp seed=67803 role=online_update completed=0 elapsed_s=169.181
[exp7930] phase=replay event=after arm=constrained_mlp seed=67803 role=online_update completed=91 elapsed_s=169.208
[exp7930] phase=replay event=before arm=constrained_mlp seed=67803 role=online_admission completed=0 elapsed_s=169.211
[exp7930] phase=replay event=after arm=constrained_mlp seed=67803 role=online_admission completed=61 elapsed_s=169.227
[exp7930] phase=replay event=before arm=constrained_mlp seed=67803 role=evaluation completed=0 elapsed_s=169.230
[exp7930] phase=replay event=after arm=constrained_mlp seed=67803 role=evaluation completed=62 elapsed_s=169.252
[exp7930] phase=replay event=before arm=constrained_mlp seed=67803 role=retention completed=0 elapsed_s=169.255
[exp7930] phase=replay event=after arm=constrained_mlp seed=67803 role=retention completed=31 elapsed_s=169.264
[exp7930] phase=replay event=before arm=local_logistic seed=67801 role=fit completed=0 elapsed_s=169.268
[exp7930] phase=replay event=after arm=local_logistic seed=67801 role=fit completed=239 elapsed_s=169.312
[exp7930] phase=replay event=before arm=local_logistic seed=67801 role=tune completed=0 elapsed_s=169.315
[exp7930] phase=replay event=after arm=local_logistic seed=67801 role=tune completed=62 elapsed_s=169.333
[exp7930] phase=replay event=before arm=local_logistic seed=67801 role=policy_design completed=0 elapsed_s=169.336
[exp7930] phase=replay event=after arm=local_logistic seed=67801 role=policy_design completed=29 elapsed_s=169.349
[exp7930] phase=replay event=before arm=local_logistic seed=67801 role=calibration_replay completed=0 elapsed_s=169.352
[exp7930] phase=replay event=after arm=local_logistic seed=67801 role=calibration_replay completed=29 elapsed_s=169.365
[exp7930] phase=replay event=before arm=local_logistic seed=67801 role=online_update completed=0 elapsed_s=169.368
[exp7930] phase=replay event=after arm=local_logistic seed=67801 role=online_update completed=91 elapsed_s=169.386
[exp7930] phase=replay event=before arm=local_logistic seed=67801 role=online_admission completed=0 elapsed_s=169.388
[exp7930] phase=replay event=after arm=local_logistic seed=67801 role=online_admission completed=61 elapsed_s=169.404
[exp7930] phase=replay event=before arm=local_logistic seed=67801 role=evaluation completed=0 elapsed_s=169.406
[exp7930] phase=replay event=after arm=local_logistic seed=67801 role=evaluation completed=62 elapsed_s=169.424
[exp7930] phase=replay event=before arm=local_logistic seed=67801 role=retention completed=0 elapsed_s=169.427
[exp7930] phase=replay event=after arm=local_logistic seed=67801 role=retention completed=31 elapsed_s=169.440
[exp7930] phase=replay event=before arm=local_logistic seed=67802 role=fit completed=0 elapsed_s=169.444
[exp7930] phase=replay event=after arm=local_logistic seed=67802 role=fit completed=239 elapsed_s=169.485
[exp7930] phase=replay event=before arm=local_logistic seed=67802 role=tune completed=0 elapsed_s=169.488
[exp7930] phase=replay event=after arm=local_logistic seed=67802 role=tune completed=62 elapsed_s=169.500
[exp7930] phase=replay event=before arm=local_logistic seed=67802 role=policy_design completed=0 elapsed_s=169.503
[exp7930] phase=replay event=after arm=local_logistic seed=67802 role=policy_design completed=29 elapsed_s=169.508
[exp7930] phase=replay event=before arm=local_logistic seed=67802 role=calibration_replay completed=0 elapsed_s=169.511
[exp7930] phase=replay event=after arm=local_logistic seed=67802 role=calibration_replay completed=29 elapsed_s=169.515
[exp7930] phase=replay event=before arm=local_logistic seed=67802 role=online_update completed=0 elapsed_s=169.518
[exp7930] phase=replay event=after arm=local_logistic seed=67802 role=online_update completed=91 elapsed_s=169.531
[exp7930] phase=replay event=before arm=local_logistic seed=67802 role=online_admission completed=0 elapsed_s=169.534
[exp7930] phase=replay event=after arm=local_logistic seed=67802 role=online_admission completed=61 elapsed_s=169.543
[exp7930] phase=replay event=before arm=local_logistic seed=67802 role=evaluation completed=0 elapsed_s=169.546
[exp7930] phase=replay event=after arm=local_logistic seed=67802 role=evaluation completed=62 elapsed_s=169.559
[exp7930] phase=replay event=before arm=local_logistic seed=67802 role=retention completed=0 elapsed_s=169.562
[exp7930] phase=replay event=after arm=local_logistic seed=67802 role=retention completed=31 elapsed_s=169.567
[exp7930] phase=replay event=before arm=local_logistic seed=67803 role=fit completed=0 elapsed_s=169.571
[exp7930] phase=replay event=after arm=local_logistic seed=67803 role=fit completed=239 elapsed_s=169.614
[exp7930] phase=replay event=before arm=local_logistic seed=67803 role=tune completed=0 elapsed_s=169.617
[exp7930] phase=replay event=after arm=local_logistic seed=67803 role=tune completed=62 elapsed_s=169.630
[exp7930] phase=replay event=before arm=local_logistic seed=67803 role=policy_design completed=0 elapsed_s=169.633
[exp7930] phase=replay event=after arm=local_logistic seed=67803 role=policy_design completed=29 elapsed_s=169.638
[exp7930] phase=replay event=before arm=local_logistic seed=67803 role=calibration_replay completed=0 elapsed_s=169.641
[exp7930] phase=replay event=after arm=local_logistic seed=67803 role=calibration_replay completed=29 elapsed_s=169.645
[exp7930] phase=replay event=before arm=local_logistic seed=67803 role=online_update completed=0 elapsed_s=169.648
[exp7930] phase=replay event=after arm=local_logistic seed=67803 role=online_update completed=91 elapsed_s=169.662
[exp7930] phase=replay event=before arm=local_logistic seed=67803 role=online_admission completed=0 elapsed_s=169.665
[exp7930] phase=replay event=after arm=local_logistic seed=67803 role=online_admission completed=61 elapsed_s=169.675
[exp7930] phase=replay event=before arm=local_logistic seed=67803 role=evaluation completed=0 elapsed_s=169.678
[exp7930] phase=replay event=after arm=local_logistic seed=67803 role=evaluation completed=62 elapsed_s=169.689
[exp7930] phase=replay event=before arm=local_logistic seed=67803 role=retention completed=0 elapsed_s=169.692
[exp7930] phase=replay event=after arm=local_logistic seed=67803 role=retention completed=31 elapsed_s=169.697
[exp7930] phase=replay event=before arm=source_erased_constrained_set seed=67801 role=fit completed=0 elapsed_s=170.176
[exp7930] phase=replay event=after arm=source_erased_constrained_set seed=67801 role=fit completed=239 elapsed_s=170.618
[exp7930] phase=replay event=before arm=source_erased_constrained_set seed=67801 role=tune completed=0 elapsed_s=170.748
[exp7930] phase=replay event=after arm=source_erased_constrained_set seed=67801 role=tune completed=62 elapsed_s=171.174
[exp7930] phase=replay event=before arm=source_erased_constrained_set seed=67801 role=policy_design completed=0 elapsed_s=171.243
[exp7930] phase=replay event=after arm=source_erased_constrained_set seed=67801 role=policy_design completed=29 elapsed_s=171.678
[exp7930] phase=replay event=before arm=source_erased_constrained_set seed=67801 role=calibration_replay completed=0 elapsed_s=171.741
[exp7930] phase=replay event=after arm=source_erased_constrained_set seed=67801 role=calibration_replay completed=29 elapsed_s=172.103
[exp7930] phase=replay event=before arm=source_erased_constrained_set seed=67801 role=online_update completed=0 elapsed_s=172.279
[exp7930] phase=replay event=after arm=source_erased_constrained_set seed=67801 role=online_update completed=91 elapsed_s=172.712
[exp7930] phase=replay event=before arm=source_erased_constrained_set seed=67801 role=online_admission completed=0 elapsed_s=172.848
[exp7930] phase=replay event=after arm=source_erased_constrained_set seed=67801 role=online_admission completed=61 elapsed_s=173.276
[exp7930] phase=replay event=before arm=source_erased_constrained_set seed=67801 role=evaluation completed=0 elapsed_s=173.393
[exp7930] phase=replay event=after arm=source_erased_constrained_set seed=67801 role=evaluation completed=62 elapsed_s=173.748
[exp7930] phase=replay event=before arm=source_erased_constrained_set seed=67801 role=retention completed=0 elapsed_s=173.822
[exp7930] phase=replay event=after arm=source_erased_constrained_set seed=67801 role=retention completed=31 elapsed_s=174.250
[exp7930] phase=replay event=before arm=source_erased_constrained_set seed=67802 role=fit completed=0 elapsed_s=174.254
[exp7930] phase=replay event=after arm=source_erased_constrained_set seed=67802 role=fit completed=239 elapsed_s=174.259
[exp7930] phase=replay event=before arm=source_erased_constrained_set seed=67802 role=tune completed=0 elapsed_s=174.262
[exp7930] phase=replay event=after arm=source_erased_constrained_set seed=67802 role=tune completed=62 elapsed_s=174.265
[exp7930] phase=replay event=before arm=source_erased_constrained_set seed=67802 role=policy_design completed=0 elapsed_s=174.268
[exp7930] phase=replay event=after arm=source_erased_constrained_set seed=67802 role=policy_design completed=29 elapsed_s=174.270
[exp7930] phase=replay event=before arm=source_erased_constrained_set seed=67802 role=calibration_replay completed=0 elapsed_s=174.273
[exp7930] phase=replay event=after arm=source_erased_constrained_set seed=67802 role=calibration_replay completed=29 elapsed_s=174.276
[exp7930] phase=replay event=before arm=source_erased_constrained_set seed=67802 role=online_update completed=0 elapsed_s=174.279
[exp7930] phase=replay event=after arm=source_erased_constrained_set seed=67802 role=online_update completed=91 elapsed_s=174.282
[exp7930] phase=replay event=before arm=source_erased_constrained_set seed=67802 role=online_admission completed=0 elapsed_s=174.285
[exp7930] phase=replay event=after arm=source_erased_constrained_set seed=67802 role=online_admission completed=61 elapsed_s=174.288
[exp7930] phase=replay event=before arm=source_erased_constrained_set seed=67802 role=evaluation completed=0 elapsed_s=174.291
[exp7930] phase=replay event=after arm=source_erased_constrained_set seed=67802 role=evaluation completed=62 elapsed_s=174.294
[exp7930] phase=replay event=before arm=source_erased_constrained_set seed=67802 role=retention completed=0 elapsed_s=174.296
[exp7930] phase=replay event=after arm=source_erased_constrained_set seed=67802 role=retention completed=31 elapsed_s=174.299
[exp7930] phase=replay event=before arm=source_erased_constrained_set seed=67803 role=fit completed=0 elapsed_s=174.303
[exp7930] phase=replay event=after arm=source_erased_constrained_set seed=67803 role=fit completed=239 elapsed_s=174.308
[exp7930] phase=replay event=before arm=source_erased_constrained_set seed=67803 role=tune completed=0 elapsed_s=174.311
[exp7930] phase=replay event=after arm=source_erased_constrained_set seed=67803 role=tune completed=62 elapsed_s=174.314
[exp7930] phase=replay event=before arm=source_erased_constrained_set seed=67803 role=policy_design completed=0 elapsed_s=174.317
[exp7930] phase=replay event=after arm=source_erased_constrained_set seed=67803 role=policy_design completed=29 elapsed_s=174.320
[exp7930] phase=replay event=before arm=source_erased_constrained_set seed=67803 role=calibration_replay completed=0 elapsed_s=174.322
[exp7930] phase=replay event=after arm=source_erased_constrained_set seed=67803 role=calibration_replay completed=29 elapsed_s=174.325
[exp7930] phase=replay event=before arm=source_erased_constrained_set seed=67803 role=online_update completed=0 elapsed_s=174.328
[exp7930] phase=replay event=after arm=source_erased_constrained_set seed=67803 role=online_update completed=91 elapsed_s=174.331
[exp7930] phase=replay event=before arm=source_erased_constrained_set seed=67803 role=online_admission completed=0 elapsed_s=174.334
[exp7930] phase=replay event=after arm=source_erased_constrained_set seed=67803 role=online_admission completed=61 elapsed_s=174.337
[exp7930] phase=replay event=before arm=source_erased_constrained_set seed=67803 role=evaluation completed=0 elapsed_s=174.340
[exp7930] phase=replay event=after arm=source_erased_constrained_set seed=67803 role=evaluation completed=62 elapsed_s=174.343
[exp7930] phase=replay event=before arm=source_erased_constrained_set seed=67803 role=retention completed=0 elapsed_s=174.345
[exp7930] phase=replay event=after arm=source_erased_constrained_set seed=67803 role=retention completed=31 elapsed_s=174.348
[exp7930] phase=replay event=before arm=complete_static_constrained_set seed=67801 role=fit completed=0 elapsed_s=218.539
[exp7930] phase=replay event=after arm=complete_static_constrained_set seed=67801 role=fit completed=239 elapsed_s=218.619
[exp7930] phase=replay event=before arm=complete_static_constrained_set seed=67801 role=tune completed=0 elapsed_s=230.631
[exp7930] phase=replay event=after arm=complete_static_constrained_set seed=67801 role=tune completed=62 elapsed_s=230.667
[exp7930] phase=replay event=before arm=complete_static_constrained_set seed=67801 role=policy_design completed=0 elapsed_s=235.171
[exp7930] phase=replay event=after arm=complete_static_constrained_set seed=67801 role=policy_design completed=29 elapsed_s=235.199
[exp7930] phase=replay event=before arm=complete_static_constrained_set seed=67801 role=calibration_replay completed=0 elapsed_s=239.074
[exp7930] phase=replay event=after arm=complete_static_constrained_set seed=67801 role=calibration_replay completed=29 elapsed_s=239.099
[exp7930] phase=replay event=before arm=complete_static_constrained_set seed=67801 role=online_update completed=0 elapsed_s=253.265
[exp7930] phase=replay event=after arm=complete_static_constrained_set seed=67801 role=online_update completed=91 elapsed_s=253.303
[exp7930] phase=replay event=before arm=complete_static_constrained_set seed=67801 role=online_admission completed=0 elapsed_s=264.349
[exp7930] phase=replay event=after arm=complete_static_constrained_set seed=67801 role=online_admission completed=61 elapsed_s=264.379
[exp7930] phase=replay event=before arm=complete_static_constrained_set seed=67801 role=evaluation completed=0 elapsed_s=278.172
[exp7930] phase=replay event=after arm=complete_static_constrained_set seed=67801 role=evaluation completed=62 elapsed_s=278.207
[exp7930] phase=replay event=before arm=complete_static_constrained_set seed=67801 role=retention completed=0 elapsed_s=282.536
[exp7930] phase=replay event=after arm=complete_static_constrained_set seed=67801 role=retention completed=31 elapsed_s=282.566
[exp7930] phase=replay event=before arm=complete_static_constrained_set seed=67802 role=fit completed=0 elapsed_s=282.570
[exp7930] phase=replay event=after arm=complete_static_constrained_set seed=67802 role=fit completed=239 elapsed_s=282.597
[exp7930] phase=replay event=before arm=complete_static_constrained_set seed=67802 role=tune completed=0 elapsed_s=282.600
[exp7930] phase=replay event=after arm=complete_static_constrained_set seed=67802 role=tune completed=62 elapsed_s=282.609
[exp7930] phase=replay event=before arm=complete_static_constrained_set seed=67802 role=policy_design completed=0 elapsed_s=282.611
[exp7930] phase=replay event=after arm=complete_static_constrained_set seed=67802 role=policy_design completed=29 elapsed_s=282.616
[exp7930] phase=replay event=before arm=complete_static_constrained_set seed=67802 role=calibration_replay completed=0 elapsed_s=282.619
[exp7930] phase=replay event=after arm=complete_static_constrained_set seed=67802 role=calibration_replay completed=29 elapsed_s=282.622
[exp7930] phase=replay event=before arm=complete_static_constrained_set seed=67802 role=online_update completed=0 elapsed_s=282.625
[exp7930] phase=replay event=after arm=complete_static_constrained_set seed=67802 role=online_update completed=91 elapsed_s=282.635
[exp7930] phase=replay event=before arm=complete_static_constrained_set seed=67802 role=online_admission completed=0 elapsed_s=282.637
[exp7930] phase=replay event=after arm=complete_static_constrained_set seed=67802 role=online_admission completed=61 elapsed_s=282.644
[exp7930] phase=replay event=before arm=complete_static_constrained_set seed=67802 role=evaluation completed=0 elapsed_s=282.647
[exp7930] phase=replay event=after arm=complete_static_constrained_set seed=67802 role=evaluation completed=62 elapsed_s=282.654
[exp7930] phase=replay event=before arm=complete_static_constrained_set seed=67802 role=retention completed=0 elapsed_s=282.657
[exp7930] phase=replay event=after arm=complete_static_constrained_set seed=67802 role=retention completed=31 elapsed_s=282.662
[exp7930] phase=replay event=before arm=complete_static_constrained_set seed=67803 role=fit completed=0 elapsed_s=282.666
[exp7930] phase=replay event=after arm=complete_static_constrained_set seed=67803 role=fit completed=239 elapsed_s=282.693
[exp7930] phase=replay event=before arm=complete_static_constrained_set seed=67803 role=tune completed=0 elapsed_s=282.696
[exp7930] phase=replay event=after arm=complete_static_constrained_set seed=67803 role=tune completed=62 elapsed_s=282.705
[exp7930] phase=replay event=before arm=complete_static_constrained_set seed=67803 role=policy_design completed=0 elapsed_s=282.708
[exp7930] phase=replay event=after arm=complete_static_constrained_set seed=67803 role=policy_design completed=29 elapsed_s=282.712
[exp7930] phase=replay event=before arm=complete_static_constrained_set seed=67803 role=calibration_replay completed=0 elapsed_s=282.715
[exp7930] phase=replay event=after arm=complete_static_constrained_set seed=67803 role=calibration_replay completed=29 elapsed_s=282.719
[exp7930] phase=replay event=before arm=complete_static_constrained_set seed=67803 role=online_update completed=0 elapsed_s=282.721
[exp7930] phase=replay event=after arm=complete_static_constrained_set seed=67803 role=online_update completed=91 elapsed_s=282.730
[exp7930] phase=replay event=before arm=complete_static_constrained_set seed=67803 role=online_admission completed=0 elapsed_s=282.733
[exp7930] phase=replay event=after arm=complete_static_constrained_set seed=67803 role=online_admission completed=61 elapsed_s=282.739
[exp7930] phase=replay event=before arm=complete_static_constrained_set seed=67803 role=evaluation completed=0 elapsed_s=282.742
[exp7930] phase=replay event=after arm=complete_static_constrained_set seed=67803 role=evaluation completed=62 elapsed_s=282.749
[exp7930] phase=replay event=before arm=complete_static_constrained_set seed=67803 role=retention completed=0 elapsed_s=282.752
[exp7930] phase=replay event=after arm=complete_static_constrained_set seed=67803 role=retention completed=31 elapsed_s=282.757
[exp7930] phase=replay event=public-byte reconstruction passed completed=16308 elapsed_s=282.757
