[exp7930] phase=start event=flushed completed=0 elapsed_s=0.001
[exp7930] phase=preconditions event=before exact primary and transitive hashes completed=0 elapsed_s=0.006
[exp7930] phase=preconditions event=source evidence blocked completed=0 elapsed_s=0.006
[exp7930] phase=external_block event=complete completed=1 elapsed_s=0.008
[exp7303-validation] before_subprocess adversarial elapsed_s=0.000 unit=1/2
[exp7303-validation:adversarial] {
[exp7303-validation:adversarial]   "reports": [
[exp7303-validation:adversarial]     {
[exp7303-validation:adversarial]       "artifact": "/tmp/carnot7930-ktj8zpzo/raw/experiment_7930_blocked/candidate.json",
[exp7303-validation:adversarial]       "loaded": true,
[exp7303-validation:adversarial]       "exp_id": 7930,
[exp7303-validation:adversarial]       "title": "",
[exp7303-validation:adversarial]       "honest_verdict": "complete_blocked_source_eligibility",
[exp7303-validation:adversarial]       "flag_count": 0,
[exp7303-validation:adversarial]       "max_severity": -1,
[exp7303-validation:adversarial]       "flags": [],
[exp7303-validation:adversarial]       "gate_version": "197e0a5eacacb09ce6607ae8bdfd507498082857f0d02ec2003a62c251b69a24"
[exp7303-validation:adversarial]     }
[exp7303-validation:adversarial]   ],
[exp7303-validation:adversarial]   "flagged_count": 0
[exp7303-validation:adversarial] }
[exp7303-validation] after_subprocess adversarial elapsed_s=0.557 exit=0 unit=1/2
[exp7303-validation] before_subprocess row_consistency elapsed_s=0.000 unit=2/2
[exp7303-validation:row_consistency] 
[exp7303-validation:row_consistency] verdict-row-consistency: checked 0, skipped 1 (no per-unit rows), unreadable 0.
[exp7303-validation:row_consistency]   NOTE: most artifacts carry no per-unit row container, so their headline claims are not falsifiable from the artifact alone. That is a reporting-shape gap in those experiments, not a clean bill of health from this tool.
[exp7303-validation] after_subprocess row_consistency elapsed_s=0.031 exit=0 unit=2/2
Traceback (most recent call last):
  File "/home/ianblenke/github.com/ianblenke/carnot/scripts/experiments/experiment_7930_v688_energy_fit.py", line 47, in <module>
    raise SystemExit(main())
                     ^^^^^^
  File "/home/ianblenke/github.com/ianblenke/carnot/scripts/experiments/experiment_7930_v688_energy_fit.py", line 40, in main
    result = run.produce(args.upstream, args.runtime, args.output)
             ^^^^^^^^^^^^^^^^^^^^^^^^^^^^^^^^^^^^^^^^^^^^^^^^^^^^^
  File "/home/ianblenke/github.com/ianblenke/carnot/python/carnot/verify/energy_fit_7930_run.py", line 556, in produce
    publish(value, output)
  File "/home/ianblenke/github.com/ianblenke/carnot/python/carnot/verify/energy_fit_7930_run.py", line 321, in publish
    receipt = core.publication.publish_primary(output, value, lambda p: terminal_checks(p, raw))
              ^^^^^^^^^^^^^^^^^^^^^^^^^^^^^^^^^^^^^^^^^^^^^^^^^^^^^^^^^^^^^^^^^^^^^^^^^^^^^^^^^^
  File "/home/ianblenke/github.com/ianblenke/carnot/python/carnot/reporting/primary_publication.py", line 60, in publish_primary
    raise ValueError("conflicting_primary")
ValueError: conflicting_primary
