[exp8373] phase=start_no_model_load_current_LLM_calls_0 completed=0 pending=0
[exp8373] phase=worker_before completed=0 pending=0
[exp8373] phase=custody completed=0 pending=435
[exp8373] phase=custody completed=50 pending=385
[exp8373] phase=custody completed=100 pending=335
[exp8373] phase=custody completed=150 pending=285
[exp8373] phase=custody completed=200 pending=235
[exp8373] phase=custody completed=250 pending=185
[exp8373] phase=custody completed=300 pending=135
[exp8373] phase=custody completed=350 pending=85
[exp8373] phase=custody completed=400 pending=35
[exp8360] phase=authority_before completed=0 pending=0
[exp8360] phase=authority_after completed=0 pending=0
[exp8346] phase=source_bound completed=13 pending=2
[exp8346] phase=heads_bound completed=35 pending=1
[exp8346] phase=predictions_bound completed=59 pending=0
[exp8360] phase=historical_before completed=0 pending=14
[exp8360] phase=historical_after completed=1 pending=13
[exp8360] phase=historical_before completed=1 pending=13
[exp8360] phase=historical_after completed=2 pending=12
[exp8360] phase=historical_before completed=2 pending=12
[exp8360] phase=historical_after completed=3 pending=11
[exp8360] phase=historical_before completed=3 pending=11
[exp8360] phase=historical_after completed=4 pending=10
[exp8360] phase=historical_before completed=4 pending=10
[exp8360] phase=historical_after completed=5 pending=9
[exp8360] phase=historical_before completed=5 pending=9
[exp8360] phase=historical_after completed=6 pending=8
[exp8360] phase=historical_before completed=6 pending=8
[exp8360] phase=historical_after completed=7 pending=7
[exp8360] phase=historical_before completed=7 pending=7
[exp8360] phase=historical_after completed=8 pending=6
[exp8360] phase=historical_before completed=8 pending=6
[exp8360] phase=historical_after completed=9 pending=5
[exp8360] phase=historical_before completed=9 pending=5
[exp8360] phase=historical_after completed=10 pending=4
[exp8360] phase=historical_before completed=10 pending=4
[exp8360] phase=historical_after completed=11 pending=3
[exp8360] phase=historical_before completed=11 pending=3
[exp8360] phase=historical_after completed=12 pending=2
[exp8360] phase=historical_before completed=12 pending=2
[exp8360] phase=historical_after completed=13 pending=1
[exp8360] phase=historical_before completed=13 pending=1
[exp8360] phase=historical_after completed=14 pending=0
[exp8360] phase=inputs_sealed completed=0 pending=0
[exp8373] phase=worker_after completed=1 pending=0
