[exp7303-validation] before_subprocess unit_consumers_e2e015_019 elapsed_s=0.000 unit=1/8
[exp7303-validation] subprocess_outstanding unit_consumers_e2e015_019 elapsed_s=30.001
[exp7303-validation] subprocess_outstanding unit_consumers_e2e015_019 elapsed_s=60.002
[exp7303-validation] subprocess_outstanding unit_consumers_e2e015_019 elapsed_s=90.002
[exp7303-validation] subprocess_outstanding unit_consumers_e2e015_019 elapsed_s=120.002
[exp7303-validation] subprocess_outstanding unit_consumers_e2e015_019 elapsed_s=150.003
[exp7303-validation:unit_consumers_e2e015_019] ....E..........................................                          [100%]
[exp7303-validation:unit_consumers_e2e015_019] ==================================== ERRORS ====================================
[exp7303-validation:unit_consumers_e2e015_019] _____________ ERROR at teardown of test_inputs_null_and_contracts ______________
[exp7303-validation:unit_consumers_e2e015_019] Memory leak: +723MB
[exp7303-validation:unit_consumers_e2e015_019] 
[exp7303-validation:unit_consumers_e2e015_019] During handling of the above exception, another exception occurred:
[exp7303-validation:unit_consumers_e2e015_019] Memory leak: +723MB
[exp7303-validation:unit_consumers_e2e015_019] ----------------------------- Captured stdout call -----------------------------
[exp7303-validation:unit_consumers_e2e015_019] [exp8038] phase=qualified_small_head_load_before elapsed_s=14.795 completed=0 pending=0
[exp7303-validation:unit_consumers_e2e015_019] [exp8038] phase=qualified_small_head_load_after elapsed_s=14.795 completed=0 pending=0
[exp7303-validation:unit_consumers_e2e015_019] 8051 test subprocess before ['/home/ianblenke/github.com/ianblenke/carnot/.venv/bin/python', '-m', 'coverage', 'run', '--rcfile=/tmp/carnot-8051-validation/coverage.ini', '/home/ianblenke/github.com/ianblenke/carnot/scripts/experiments/experiment_8051_v697_feedback_constrained_learning.py', '--root', '/tmp/carnot-8051-validation/pytest/test_inputs_null_and_contracts0/upstream', '--validation-worker']
[exp7303-validation:unit_consumers_e2e015_019] 8051 test subprocess after exit 0
[exp7303-validation:unit_consumers_e2e015_019] [exp8038] phase=qualified_small_head_load_before elapsed_s=107.463 completed=0 pending=0
[exp7303-validation:unit_consumers_e2e015_019] [exp8038] phase=qualified_small_head_load_after elapsed_s=107.463 completed=0 pending=0
[exp7303-validation:unit_consumers_e2e015_019] =========================== short test summary info ============================
[exp7303-validation:unit_consumers_e2e015_019] ERROR tests/python/test_feedback_constrained_8051.py::test_inputs_null_and_contracts
[exp7303-validation:unit_consumers_e2e015_019] 46 passed, 1 error in 164.30s (0:02:44)
[exp7303-validation] after_subprocess unit_consumers_e2e015_019 elapsed_s=169.164 exit=1 unit=1/8
[exp7303-validation] before_subprocess coverage_combine elapsed_s=0.000 unit=2/8
[exp7303-validation:coverage_combine] Combined 7 files
[exp7303-validation] after_subprocess coverage_combine elapsed_s=0.057 exit=0 unit=2/8
[exp7303-validation] before_subprocess coverage_report elapsed_s=0.000 unit=3/8
[exp7303-validation:coverage_report] Name                                                                        Stmts   Miss  Cover   Missing
[exp7303-validation:coverage_report] ---------------------------------------------------------------------------------------------------------
[exp7303-validation:coverage_report] python/carnot/experiment_8051_v697_feedback_constrained_learning.py           155     16    90%   103, 121, 123, 175, 212, 276, 318, 345, 375, 388, 401-406
[exp7303-validation:coverage_report] python/carnot/verify/feedback_constrained_8051.py                             227      0   100%
[exp7303-validation:coverage_report] scripts/experiments/experiment_8051_v697_feedback_constrained_learning.py       7      0   100%
[exp7303-validation:coverage_report] ---------------------------------------------------------------------------------------------------------
[exp7303-validation:coverage_report] TOTAL                                                                         389     16    96%
[exp7303-validation:coverage_report] Coverage failure: total of 96 is less than fail-under=100
[exp7303-validation] after_subprocess coverage_report elapsed_s=0.072 exit=2 unit=3/8
[exp7303-validation] before_subprocess coverage_json elapsed_s=0.000 unit=4/8
[exp7303-validation:coverage_json] Wrote JSON report to /tmp/carnot-8051-validation/coverage.json
[exp7303-validation] after_subprocess coverage_json elapsed_s=0.076 exit=0 unit=4/8
[exp7303-validation] before_subprocess ruff_check elapsed_s=0.000 unit=5/8
[exp7303-validation:ruff_check] All checks passed!
[exp7303-validation] after_subprocess ruff_check elapsed_s=0.014 exit=0 unit=5/8
[exp7303-validation] before_subprocess ruff_format elapsed_s=0.000 unit=6/8
[exp7303-validation:ruff_format] 4 files already formatted
[exp7303-validation] after_subprocess ruff_format elapsed_s=0.011 exit=0 unit=6/8
[exp7303-validation] before_subprocess strict_mypy elapsed_s=0.000 unit=7/8
[exp7303-validation:strict_mypy] pyproject.toml: note: unused section(s): module = ['carnot.autoresearch.*', 'carnot.benchmarks.*', 'carnot.embeddings.*', 'carnot.embeddings.fast_embedding', 'carnot.embeddings.jepa_energy', 'carnot.extraction.*', 'carnot.hardware.*', 'carnot.inference.*', 'carnot.pipeline.*', 'carnot.pipeline.agentic', 'carnot.pipeline.gemma_loader', 'carnot.pipeline.grammar_constrained_decoder', 'carnot.pipeline.verify_repair', 'carnot.probes.*', 'carnot.probes.drift_probe', 'carnot.samplers.parallel_ising', 'carnot.sampling._vendored_thrml.*', 'carnot.training.capo_loss', 'carnot.training.nce', 'carnot.training.score_matching', 'carnot.training.snl']
[exp7303-validation:strict_mypy] Success: no issues found in 3 source files
[exp7303-validation] after_subprocess strict_mypy elapsed_s=0.205 exit=0 unit=7/8
[exp7303-validation] before_subprocess spec_coverage elapsed_s=0.000 unit=8/8
[exp7303-validation:spec_coverage] OK: All tests reference specification requirements.
[exp7303-validation] after_subprocess spec_coverage elapsed_s=0.019 exit=0 unit=8/8
SUMMARY [('unit_consumers_e2e015_019', False), ('coverage_combine', True), ('coverage_report', False), ('coverage_json', True), ('ruff_check', True), ('ruff_format', True), ('strict_mypy', True), ('spec_coverage', True)]
