#-----------------------------------------------------------
# Vivado v2025.2.1 (64-bit)
# SW Build 6403652 on Thu Mar 19 13:47:00 MDT 2026
# IP Build 6403511 on Thu Mar 19 12:41:45 MDT 2026
# SharedData Build 6403650 on Thu Mar 19 14:02:13 MDT 2026
# Start of session at: Wed Apr 22 13:47:49 2026
# Process ID         : 4027944
# Current directory  : /home/ianblenke/github.com/ianblenke/carnot
# Command line       : vivado -mode batch -source hardware/kv260/build_bd.tcl -log output/carnot_ising_bd/vivado.log -journal output/carnot_ising_bd/vivado.jou
# Log file           : /home/ianblenke/github.com/ianblenke/carnot/output/carnot_ising_bd/vivado.log
# Journal file       : /home/ianblenke/github.com/ianblenke/carnot/output/carnot_ising_bd/vivado.jou
# Running On         : icbfl1
# Platform           : cachyos
# Operating System   : CachyOS
# Processor Detail   : AMD Ryzen AI 9 HX 370 w/ Radeon 890M
# CPU Frequency      : 3798.486 MHz
# CPU Physical cores : 12
# CPU Logical cores  : 24
# Host memory        : 134305 MB
# Swap memory        : 271743 MB
# Total Virtual      : 406049 MB
# Available Virtual  : 378054 MB
#-----------------------------------------------------------
source hardware/kv260/build_bd.tcl
# set part          "xck26-sfvc784-2LV-c"
# set project_name  "carnot_ising"
# set bd_name       "carnot_ising_bd"
# set top_rtl_module "ising_sampler_128_sync"
# set rtl_files [list \
#     "hardware/kv260/ising_sampler_v2.v" \
# ]
# set project_dir   "output/carnot_ising_bd/project"
# set bitstream_dst "output/carnot_ising_bd/carnot_ising_bd_wrapper.bit"
# set n_spins    [expr {[info exists env(CARNOT_N_SPINS)]    ? $env(CARNOT_N_SPINS)    : 64}]
# set max_degree [expr {[info exists env(CARNOT_MAX_DEGREE)] ? $env(CARNOT_MAX_DEGREE) : 16}]
# puts "=== RTL parameters: N_SPINS=$n_spins, MAX_DEGREE=$max_degree ==="
=== RTL parameters: N_SPINS=64, MAX_DEGREE=16 ===
# file mkdir [file dirname $project_dir]
# file mkdir [file dirname $bitstream_dst]
# puts "=== [1/7] Create Vivado project (part=$part) ==="
=== [1/7] Create Vivado project (part=xck26-sfvc784-2LV-c) ===
# create_project -force $project_name $project_dir -part $part
# puts "=== [2/7] Add RTL sources ==="
=== [2/7] Add RTL sources ===
# add_files -norecurse $rtl_files
# update_compile_order -fileset sources_1
# puts "=== [3/7] Create Block Design: $bd_name ==="
=== [3/7] Create Block Design: carnot_ising_bd ===
# create_bd_design carnot_ising_bd
Wrote  : </home/ianblenke/github.com/ianblenke/carnot/output/carnot_ising_bd/project/carnot_ising.srcs/sources_1/bd/carnot_ising_bd/carnot_ising_bd.bd> 
# current_bd_design $bd_name
# create_bd_cell -type ip -vlnv xilinx.com:ip:zynq_ultra_ps_e zynq_ultra_ps_e_0
